2025-07-07 16:53:12,395 - INFO - Carregando clientes de: C:\Users\Obras\sistema_gestao_testes\testes\Financeiro\Planilhas_Base\clientes.xlsx
2025-07-07 16:53:12,491 - INFO - Colunas disponíveis: ['Nome', 'Endereço', 'Data Inicial', 'Observações', 'Data Final']
2025-07-07 16:53:12,492 - INFO - Coluna de status: Data Final
2025-07-07 16:53:12,509 - INFO - Coluna de nome: Nome
2025-07-07 16:53:12,513 - INFO - Total de clientes ativos encontrados: 14
2025-07-07 16:53:12,515 - INFO - Lista de clientes atualizada com 15 clientes
2025-07-07 16:53:12,557 - INFO - Carregando clientes de: C:\Users\Obras\sistema_gestao_testes\testes\Financeiro\Planilhas_Base\clientes.xlsx
2025-07-07 16:53:12,570 - INFO - Colunas disponíveis: ['Nome', 'Endereço', 'Data Inicial', 'Observações', 'Data Final']
2025-07-07 16:53:12,571 - INFO - Coluna de status: Data Final
2025-07-07 16:53:12,575 - INFO - Coluna de nome: Nome
2025-07-07 16:53:12,576 - INFO - Total de clientes ativos encontrados: 14
2025-07-07 16:53:12,577 - INFO - Lista de clientes carregada com 15 itens
2025-07-07 16:53:13,900 - INFO - Data calculada automaticamente: 20/07/2025
2025-07-07 16:53:13,902 - INFO - Data calculada automaticamente: 20/07/2025
2025-07-07 16:53:18,178 - INFO - Modo manual ativado
2025-07-07 16:53:24,411 - INFO - Cliente selecionado: CLEVER LUIZ SALVADOR
2025-07-07 16:53:24,414 - INFO - Arquivo encontrado: C:\Users\Obras\sistema_gestao_testes\testes\Financeiro\Clientes\CLEVER LUIZ SALVADOR.xlsx
2025-07-07 16:53:24,424 - INFO - Arquivo encontrado: C:\Users\Obras\sistema_gestao_testes\testes\Financeiro\Clientes\CLEVER LUIZ SALVADOR.xlsx
2025-07-07 16:53:26,866 - INFO - 🔍 INICIANDO gerar_relatorio para: despesas
2025-07-07 16:53:26,867 - INFO - 🎯 PROCESSANDO: Relatório de despesas
2025-07-07 16:53:26,868 - INFO - 🎯 PROCESSANDO DESPESAS - ARQUITETURA LIMPA
2025-07-07 16:53:26,869 - INFO - Data final obtida: 2025-07-05 00:00:00 (tipo: <class 'datetime.datetime'>)
2025-07-07 16:53:26,870 - INFO - ✅ Arquivo encontrado em arquivo_cliente_selecionado: C:\Users\Obras\sistema_gestao_testes\testes\Financeiro\Clientes\CLEVER LUIZ SALVADOR.xlsx
2025-07-07 16:53:26,872 - INFO - ✅ Arquivo final nas configurações: C:\Users\Obras\sistema_gestao_testes\testes\Financeiro\Clientes\CLEVER LUIZ SALVADOR.xlsx
2025-07-07 16:53:26,873 - INFO - ✅ Configurações coletadas
2025-07-07 16:53:26,873 - INFO - ✅ Arquivo confirmado: CLEVER LUIZ SALVADOR.xlsx
2025-07-07 16:53:28,922 - INFO - Modo selecionado: Preview
2025-07-07 16:53:28,927 - INFO - 🎯 EXECUTANDO COM PREVIEW - DELEGAÇÃO PARA SERVIÇO
2025-07-07 16:53:28,938 - INFO - 🔧 Delegando processamento para RelatoriosDespesasService...
2025-07-07 16:53:29,317 - INFO - Data de referência para processamento: 2025-07-05 00:00:00
2025-07-07 16:53:29,317 - INFO - Tipo da data de referência: <class 'pandas._libs.tslibs.timestamps.Timestamp'>
2025-07-07 16:53:29,318 - INFO - Total de registros originais: 782
2025-07-07 16:53:29,320 - INFO - Processando dados - registros após filtrar excluídos: 782
2025-07-07 16:53:29,336 - INFO - Datas únicas disponíveis no arquivo: [datetime.date(2024, 9, 5), datetime.date(2024, 9, 20), datetime.date(2024, 10, 5), datetime.date(2024, 10, 20), datetime.date(2024, 11, 5), datetime.date(2024, 11, 20), datetime.date(2024, 12, 5), datetime.date(2024, 12, 20), datetime.date(2025, 1, 5), datetime.date(2025, 1, 20), datetime.date(2025, 2, 5), datetime.date(2025, 2, 20), datetime.date(2025, 3, 5), datetime.date(2025, 3, 20), datetime.date(2025, 4, 5), datetime.date(2025, 4, 20), datetime.date(2025, 5, 5), datetime.date(2025, 5, 20), datetime.date(2025, 6, 5), datetime.date(2025, 6, 20), datetime.date(2025, 7, 5)]
2025-07-07 16:53:29,339 - INFO - Data procurada: 2025-07-05
2025-07-07 16:53:29,350 - INFO - Resultados do processamento:
2025-07-07 16:53:29,351 - INFO -   - df_filtrado: 19 registros
2025-07-07 16:53:29,351 - INFO -   - df_diaria: 1 registros
2025-07-07 16:53:29,351 - INFO -   - df_tp_desp_1: 33 registros
2025-07-07 16:53:29,352 - INFO -   - df_tp_desp_2: 0 registros
2025-07-07 16:53:29,358 - ERROR - 💥 ERRO no executar_com_preview_limpo: 'RelatorioHandler' object has no attribute 'processar_lancamentos_futuros'
2025-07-07 16:56:26,080 - INFO - Solicitado retorno ao menu principal
2025-07-07 16:56:26,081 - INFO - Não há menu principal válido, fechando aplicação
2025-07-07 16:56:38,761 - INFO - Carregando clientes de: C:\Users\Obras\sistema_gestao_testes\testes\Financeiro\Planilhas_Base\clientes.xlsx
2025-07-07 16:56:38,812 - INFO - Colunas disponíveis: ['Nome', 'Endereço', 'Data Inicial', 'Observações', 'Data Final']
2025-07-07 16:56:38,813 - INFO - Coluna de status: Data Final
2025-07-07 16:56:38,816 - INFO - Coluna de nome: Nome
2025-07-07 16:56:38,817 - INFO - Total de clientes ativos encontrados: 14
2025-07-07 16:56:38,817 - INFO - Lista de clientes atualizada com 15 clientes
2025-07-07 16:56:38,851 - INFO - Carregando clientes de: C:\Users\Obras\sistema_gestao_testes\testes\Financeiro\Planilhas_Base\clientes.xlsx
2025-07-07 16:56:38,871 - INFO - Colunas disponíveis: ['Nome', 'Endereço', 'Data Inicial', 'Observações', 'Data Final']
2025-07-07 16:56:38,873 - INFO - Coluna de status: Data Final
2025-07-07 16:56:38,875 - INFO - Coluna de nome: Nome
2025-07-07 16:56:38,876 - INFO - Total de clientes ativos encontrados: 14
2025-07-07 16:56:38,877 - INFO - Lista de clientes carregada com 15 itens
2025-07-07 16:56:40,484 - INFO - Data calculada automaticamente: 20/07/2025
2025-07-07 16:56:40,486 - INFO - Data calculada automaticamente: 20/07/2025
2025-07-07 16:56:43,296 - INFO - Modo manual ativado
2025-07-07 16:56:49,649 - INFO - Cliente selecionado: CLEVER LUIZ SALVADOR
2025-07-07 16:56:49,650 - INFO - Arquivo encontrado: C:\Users\Obras\sistema_gestao_testes\testes\Financeiro\Clientes\CLEVER LUIZ SALVADOR.xlsx
2025-07-07 16:56:49,660 - INFO - Arquivo encontrado: C:\Users\Obras\sistema_gestao_testes\testes\Financeiro\Clientes\CLEVER LUIZ SALVADOR.xlsx
2025-07-07 16:56:51,496 - INFO - Solicitado retorno ao menu principal
2025-07-07 16:56:51,497 - INFO - Não há menu principal válido, fechando aplicação
2025-07-07 16:57:53,393 - INFO - Carregando clientes de: C:\Users\Obras\sistema_gestao_testes\testes\Financeiro\Planilhas_Base\clientes.xlsx
2025-07-07 16:57:53,442 - INFO - Colunas disponíveis: ['Nome', 'Endereço', 'Data Inicial', 'Observações', 'Data Final']
2025-07-07 16:57:53,443 - INFO - Coluna de status: Data Final
2025-07-07 16:57:53,446 - INFO - Coluna de nome: Nome
2025-07-07 16:57:53,447 - INFO - Total de clientes ativos encontrados: 14
2025-07-07 16:57:53,448 - INFO - Lista de clientes atualizada com 15 clientes
2025-07-07 16:57:53,487 - INFO - Carregando clientes de: C:\Users\Obras\sistema_gestao_testes\testes\Financeiro\Planilhas_Base\clientes.xlsx
2025-07-07 16:57:53,506 - INFO - Colunas disponíveis: ['Nome', 'Endereço', 'Data Inicial', 'Observações', 'Data Final']
2025-07-07 16:57:53,507 - INFO - Coluna de status: Data Final
2025-07-07 16:57:53,511 - INFO - Coluna de nome: Nome
2025-07-07 16:57:53,515 - INFO - Total de clientes ativos encontrados: 14
2025-07-07 16:57:53,517 - INFO - Lista de clientes carregada com 15 itens
2025-07-07 16:57:55,867 - INFO - Data calculada automaticamente: 20/07/2025
2025-07-07 16:57:55,869 - INFO - Data calculada automaticamente: 20/07/2025
2025-07-07 16:57:58,711 - INFO - Modo manual ativado
2025-07-07 16:58:03,761 - INFO - Cliente selecionado: ANA AUGUSTA PIRES COUTINHO
2025-07-07 16:58:03,763 - INFO - Arquivo encontrado: C:\Users\Obras\sistema_gestao_testes\testes\Financeiro\Clientes\ANA AUGUSTA PIRES COUTINHO.xlsx
2025-07-07 16:58:03,773 - INFO - Arquivo encontrado: C:\Users\Obras\sistema_gestao_testes\testes\Financeiro\Clientes\ANA AUGUSTA PIRES COUTINHO.xlsx
2025-07-07 16:58:05,983 - INFO - Solicitado retorno ao menu principal
2025-07-07 16:58:05,984 - INFO - Não há menu principal válido, fechando aplicação
2025-07-07 16:58:37,259 - INFO - Carregando clientes de: C:\Users\Obras\sistema_gestao_testes\testes\Financeiro\Planilhas_Base\clientes.xlsx
2025-07-07 16:58:37,302 - INFO - Colunas disponíveis: ['Nome', 'Endereço', 'Data Inicial', 'Observações', 'Data Final']
2025-07-07 16:58:37,303 - INFO - Coluna de status: Data Final
2025-07-07 16:58:37,306 - INFO - Coluna de nome: Nome
2025-07-07 16:58:37,307 - INFO - Total de clientes ativos encontrados: 14
2025-07-07 16:58:37,308 - INFO - Lista de clientes atualizada com 15 clientes
2025-07-07 16:58:37,340 - INFO - Carregando clientes de: C:\Users\Obras\sistema_gestao_testes\testes\Financeiro\Planilhas_Base\clientes.xlsx
2025-07-07 16:58:37,356 - INFO - Colunas disponíveis: ['Nome', 'Endereço', 'Data Inicial', 'Observações', 'Data Final']
2025-07-07 16:58:37,357 - INFO - Coluna de status: Data Final
2025-07-07 16:58:37,358 - INFO - Coluna de nome: Nome
2025-07-07 16:58:37,359 - INFO - Total de clientes ativos encontrados: 14
2025-07-07 16:58:37,359 - INFO - Lista de clientes carregada com 15 itens
2025-07-07 16:58:38,763 - INFO - Data calculada automaticamente: 20/07/2025
2025-07-07 16:58:38,764 - INFO - Data calculada automaticamente: 20/07/2025
2025-07-07 16:58:41,335 - INFO - Modo manual ativado
2025-07-07 16:58:47,752 - INFO - Cliente selecionado: CLEVER LUIZ SALVADOR
2025-07-07 16:58:47,754 - INFO - Arquivo encontrado: C:\Users\Obras\sistema_gestao_testes\testes\Financeiro\Clientes\CLEVER LUIZ SALVADOR.xlsx
2025-07-07 16:58:47,762 - INFO - Arquivo encontrado: C:\Users\Obras\sistema_gestao_testes\testes\Financeiro\Clientes\CLEVER LUIZ SALVADOR.xlsx
2025-07-07 16:58:56,614 - INFO - 🔍 INICIANDO gerar_relatorio para: despesas
2025-07-07 16:58:56,615 - INFO - 🎯 PROCESSANDO: Relatório de despesas
2025-07-07 16:58:56,616 - INFO - 🎯 PROCESSANDO DESPESAS - ARQUITETURA LIMPA
2025-07-07 16:58:56,617 - INFO - Data final obtida: 2025-07-05 00:00:00 (tipo: <class 'datetime.datetime'>)
2025-07-07 16:58:56,618 - INFO - ✅ Arquivo encontrado em arquivo_cliente_selecionado: C:\Users\Obras\sistema_gestao_testes\testes\Financeiro\Clientes\CLEVER LUIZ SALVADOR.xlsx
2025-07-07 16:58:56,619 - INFO - ✅ Arquivo final nas configurações: C:\Users\Obras\sistema_gestao_testes\testes\Financeiro\Clientes\CLEVER LUIZ SALVADOR.xlsx
2025-07-07 16:58:56,620 - INFO - ✅ Configurações coletadas
2025-07-07 16:58:56,621 - INFO - ✅ Arquivo confirmado: CLEVER LUIZ SALVADOR.xlsx
2025-07-07 16:58:58,862 - INFO - Modo selecionado: Preview
2025-07-07 16:58:58,863 - INFO - 🎯 EXECUTANDO COM PREVIEW - DELEGAÇÃO PARA SERVIÇO
2025-07-07 16:58:58,874 - INFO - 🔧 Delegando processamento para RelatoriosDespesasService...
2025-07-07 16:58:59,209 - INFO - Data de referência para processamento: 2025-07-05 00:00:00
2025-07-07 16:58:59,210 - INFO - Tipo da data de referência: <class 'pandas._libs.tslibs.timestamps.Timestamp'>
2025-07-07 16:58:59,211 - INFO - Total de registros originais: 782
2025-07-07 16:58:59,213 - INFO - Processando dados - registros após filtrar excluídos: 782
2025-07-07 16:58:59,224 - INFO - Datas únicas disponíveis no arquivo: [datetime.date(2024, 9, 5), datetime.date(2024, 9, 20), datetime.date(2024, 10, 5), datetime.date(2024, 10, 20), datetime.date(2024, 11, 5), datetime.date(2024, 11, 20), datetime.date(2024, 12, 5), datetime.date(2024, 12, 20), datetime.date(2025, 1, 5), datetime.date(2025, 1, 20), datetime.date(2025, 2, 5), datetime.date(2025, 2, 20), datetime.date(2025, 3, 5), datetime.date(2025, 3, 20), datetime.date(2025, 4, 5), datetime.date(2025, 4, 20), datetime.date(2025, 5, 5), datetime.date(2025, 5, 20), datetime.date(2025, 6, 5), datetime.date(2025, 6, 20), datetime.date(2025, 7, 5)]
2025-07-07 16:58:59,225 - INFO - Data procurada: 2025-07-05
2025-07-07 16:58:59,233 - INFO - Resultados do processamento:
2025-07-07 16:58:59,234 - INFO -   - df_filtrado: 19 registros
2025-07-07 16:58:59,235 - INFO -   - df_diaria: 1 registros
2025-07-07 16:58:59,235 - INFO -   - df_tp_desp_1: 33 registros
2025-07-07 16:58:59,235 - INFO -   - df_tp_desp_2: 0 registros
2025-07-07 16:58:59,953 - INFO - 
Obtendo número do relatório para data 2025-07-05 00:00:00
2025-07-07 16:58:59,954 - INFO - Número do relatório calculado: 21
2025-07-07 16:58:59,955 - INFO - Calculando acumulado para data 2025-07-05 00:00:00
2025-07-07 16:58:59,957 - INFO - Acumulado - registros após filtrar excluídos: 782
2025-07-07 16:58:59,966 - INFO - Valor acumulado calculado (apenas ativos): 2,199,915.92
2025-07-07 16:58:59,969 - INFO - ✅ Dados processados pelo serviço
2025-07-07 16:58:59,973 - INFO - 🔧 Abrindo preview com dados do serviço...
2025-07-07 16:58:59,974 - INFO - 🎯 MOSTRANDO PREVIEW COM DADOS DO SERVIÇO
2025-07-07 16:59:00,112 - INFO - ✅ Preview aberto com dados do serviço
2025-07-07 17:10:41,567 - INFO - Carregando clientes de: C:\Users\Obras\sistema_gestao_testes\testes\Financeiro\Planilhas_Base\clientes.xlsx
2025-07-07 17:10:41,796 - INFO - Colunas disponíveis: ['Nome', 'Endereço', 'Data Inicial', 'Observações', 'Data Final']
2025-07-07 17:10:41,797 - INFO - Coluna de status: Data Final
2025-07-07 17:10:41,843 - INFO - Coluna de nome: Nome
2025-07-07 17:10:41,846 - INFO - Total de clientes ativos encontrados: 14
2025-07-07 17:10:41,850 - INFO - Lista de clientes atualizada com 15 clientes
2025-07-07 17:10:42,276 - INFO - Carregando clientes de: C:\Users\Obras\sistema_gestao_testes\testes\Financeiro\Planilhas_Base\clientes.xlsx
2025-07-07 17:10:42,291 - INFO - Colunas disponíveis: ['Nome', 'Endereço', 'Data Inicial', 'Observações', 'Data Final']
2025-07-07 17:10:42,292 - INFO - Coluna de status: Data Final
2025-07-07 17:10:42,296 - INFO - Coluna de nome: Nome
2025-07-07 17:10:42,297 - INFO - Total de clientes ativos encontrados: 14
2025-07-07 17:10:42,298 - INFO - Lista de clientes carregada com 15 itens
2025-07-07 17:10:44,279 - INFO - Data calculada automaticamente: 20/07/2025
2025-07-07 17:10:44,280 - INFO - Data calculada automaticamente: 20/07/2025
2025-07-07 17:10:48,870 - INFO - Modo manual ativado
2025-07-07 17:10:54,479 - INFO - Cliente selecionado: ANA AUGUSTA PIRES COUTINHO
2025-07-07 17:10:54,481 - INFO - Arquivo encontrado: C:\Users\Obras\sistema_gestao_testes\testes\Financeiro\Clientes\ANA AUGUSTA PIRES COUTINHO.xlsx
2025-07-07 17:10:54,489 - INFO - Arquivo encontrado: C:\Users\Obras\sistema_gestao_testes\testes\Financeiro\Clientes\ANA AUGUSTA PIRES COUTINHO.xlsx
2025-07-07 17:10:55,894 - INFO - 🔍 INICIANDO gerar_relatorio para: despesas
2025-07-07 17:10:55,898 - INFO - 🎯 PROCESSANDO: Relatório de despesas
2025-07-07 17:10:55,900 - INFO - 🎯 PROCESSANDO DESPESAS - ARQUITETURA LIMPA
2025-07-07 17:10:55,901 - INFO - Data final obtida: 2025-07-05 00:00:00 (tipo: <class 'datetime.datetime'>)
2025-07-07 17:10:55,903 - INFO - ✅ Arquivo encontrado em arquivo_cliente_selecionado: C:\Users\Obras\sistema_gestao_testes\testes\Financeiro\Clientes\ANA AUGUSTA PIRES COUTINHO.xlsx
2025-07-07 17:10:55,908 - INFO - ✅ Arquivo final nas configurações: C:\Users\Obras\sistema_gestao_testes\testes\Financeiro\Clientes\ANA AUGUSTA PIRES COUTINHO.xlsx
2025-07-07 17:10:55,935 - INFO - ✅ Configurações coletadas
2025-07-07 17:10:55,938 - INFO - ✅ Arquivo confirmado: ANA AUGUSTA PIRES COUTINHO.xlsx
2025-07-07 17:10:58,119 - INFO - Modo selecionado: Preview
2025-07-07 17:10:58,123 - INFO - 🎯 EXECUTANDO COM PREVIEW - DELEGAÇÃO PARA SERVIÇO
2025-07-07 17:10:58,172 - INFO - 🔧 Delegando processamento para RelatoriosDespesasService...
2025-07-07 17:10:58,504 - INFO - Data de referência para processamento: 2025-07-05 00:00:00
2025-07-07 17:10:58,505 - INFO - Tipo da data de referência: <class 'pandas._libs.tslibs.timestamps.Timestamp'>
2025-07-07 17:10:58,506 - INFO - Total de registros originais: 251
2025-07-07 17:10:58,507 - INFO - Processando dados - registros após filtrar excluídos: 251
2025-07-07 17:10:58,523 - INFO - Datas únicas disponíveis no arquivo: [datetime.date(2025, 2, 20), datetime.date(2025, 3, 5), datetime.date(2025, 3, 20), datetime.date(2025, 4, 5), datetime.date(2025, 4, 20), datetime.date(2025, 5, 5), datetime.date(2025, 5, 20), datetime.date(2025, 6, 5), datetime.date(2025, 6, 20), datetime.date(2025, 7, 5)]
2025-07-07 17:10:58,524 - INFO - Data procurada: 2025-07-05
2025-07-07 17:10:58,536 - INFO - Resultados do processamento:
2025-07-07 17:10:58,536 - INFO -   - df_filtrado: 14 registros
2025-07-07 17:10:58,537 - INFO -   - df_diaria: 4 registros
2025-07-07 17:10:58,537 - INFO -   - df_tp_desp_1: 12 registros
2025-07-07 17:10:58,538 - INFO -   - df_tp_desp_2: 0 registros
2025-07-07 17:10:58,542 - ERROR - 💥 ERRO no executar_com_preview_limpo: 'RelatorioHandler' object has no attribute 'processar_lancamentos_futuros'
2025-07-07 17:11:08,286 - INFO - 🔍 INICIANDO gerar_relatorio para: despesas
2025-07-07 17:11:08,287 - INFO - 🎯 PROCESSANDO: Relatório de despesas
2025-07-07 17:11:08,288 - INFO - 🎯 PROCESSANDO DESPESAS - ARQUITETURA LIMPA
2025-07-07 17:11:08,289 - INFO - Data final obtida: 2025-07-05 00:00:00 (tipo: <class 'datetime.datetime'>)
2025-07-07 17:11:08,290 - INFO - ✅ Arquivo encontrado em arquivo_cliente_selecionado: C:\Users\Obras\sistema_gestao_testes\testes\Financeiro\Clientes\ANA AUGUSTA PIRES COUTINHO.xlsx
2025-07-07 17:11:08,291 - INFO - ✅ Arquivo final nas configurações: C:\Users\Obras\sistema_gestao_testes\testes\Financeiro\Clientes\ANA AUGUSTA PIRES COUTINHO.xlsx
2025-07-07 17:11:08,295 - INFO - ✅ Configurações coletadas
2025-07-07 17:11:08,297 - INFO - ✅ Arquivo confirmado: ANA AUGUSTA PIRES COUTINHO.xlsx
2025-07-07 17:11:10,067 - INFO - Modo selecionado: Preview
2025-07-07 17:11:10,070 - INFO - 🎯 EXECUTANDO COM PREVIEW - DELEGAÇÃO PARA SERVIÇO
2025-07-07 17:11:10,074 - INFO - 🔧 Delegando processamento para RelatoriosDespesasService...
2025-07-07 17:11:10,237 - INFO - Data de referência para processamento: 2025-07-05 00:00:00
2025-07-07 17:11:10,238 - INFO - Tipo da data de referência: <class 'pandas._libs.tslibs.timestamps.Timestamp'>
2025-07-07 17:11:10,239 - INFO - Total de registros originais: 251
2025-07-07 17:11:10,240 - INFO - Processando dados - registros após filtrar excluídos: 251
2025-07-07 17:11:10,248 - INFO - Datas únicas disponíveis no arquivo: [datetime.date(2025, 2, 20), datetime.date(2025, 3, 5), datetime.date(2025, 3, 20), datetime.date(2025, 4, 5), datetime.date(2025, 4, 20), datetime.date(2025, 5, 5), datetime.date(2025, 5, 20), datetime.date(2025, 6, 5), datetime.date(2025, 6, 20), datetime.date(2025, 7, 5)]
2025-07-07 17:11:10,249 - INFO - Data procurada: 2025-07-05
2025-07-07 17:11:10,257 - INFO - Resultados do processamento:
2025-07-07 17:11:10,258 - INFO -   - df_filtrado: 14 registros
2025-07-07 17:11:10,258 - INFO -   - df_diaria: 4 registros
2025-07-07 17:11:10,261 - INFO -   - df_tp_desp_1: 12 registros
2025-07-07 17:11:10,262 - INFO -   - df_tp_desp_2: 0 registros
2025-07-07 17:11:10,447 - INFO - 
Obtendo número do relatório para data 2025-07-05 00:00:00
2025-07-07 17:11:10,448 - INFO - Número do relatório calculado: 10
2025-07-07 17:11:10,449 - INFO - Calculando acumulado para data 2025-07-05 00:00:00
2025-07-07 17:11:10,451 - INFO - Acumulado - registros após filtrar excluídos: 251
2025-07-07 17:11:10,459 - INFO - Valor acumulado calculado (apenas ativos): 426,376.12
2025-07-07 17:11:10,461 - INFO - ✅ Dados processados pelo serviço
2025-07-07 17:11:10,465 - INFO - 🔧 Abrindo preview com dados do serviço...
2025-07-07 17:11:10,466 - INFO - 🎯 MOSTRANDO PREVIEW COM DADOS DO SERVIÇO - VERSÃO CORRIGIDA
2025-07-07 17:11:10,476 - INFO - ✅ Importado de src.relatorio_despesas_aprimorado
2025-07-07 17:11:10,625 - INFO - ✅ Preview aberto com VisualizadorRelatorio original
2025-07-07 17:18:19,412 - INFO - Carregando clientes de: C:\Users\Obras\sistema_gestao_testes\testes\Financeiro\Planilhas_Base\clientes.xlsx
2025-07-07 17:18:19,501 - INFO - Colunas disponíveis: ['Nome', 'Endereço', 'Data Inicial', 'Observações', 'Data Final']
2025-07-07 17:18:19,502 - INFO - Coluna de status: Data Final
2025-07-07 17:18:19,517 - INFO - Coluna de nome: Nome
2025-07-07 17:18:19,519 - INFO - Total de clientes ativos encontrados: 14
2025-07-07 17:18:19,520 - INFO - Lista de clientes atualizada com 15 clientes
2025-07-07 17:18:19,564 - INFO - Carregando clientes de: C:\Users\Obras\sistema_gestao_testes\testes\Financeiro\Planilhas_Base\clientes.xlsx
2025-07-07 17:18:19,580 - INFO - Colunas disponíveis: ['Nome', 'Endereço', 'Data Inicial', 'Observações', 'Data Final']
2025-07-07 17:18:19,581 - INFO - Coluna de status: Data Final
2025-07-07 17:18:19,585 - INFO - Coluna de nome: Nome
2025-07-07 17:18:19,586 - INFO - Total de clientes ativos encontrados: 14
2025-07-07 17:18:19,587 - INFO - Lista de clientes carregada com 15 itens
2025-07-07 17:18:21,418 - INFO - Data calculada automaticamente: 20/07/2025
2025-07-07 17:18:21,419 - INFO - Data calculada automaticamente: 20/07/2025
2025-07-07 17:18:24,546 - INFO - Modo manual ativado
2025-07-07 17:18:30,179 - INFO - Cliente selecionado: ANA AUGUSTA PIRES COUTINHO
2025-07-07 17:18:30,180 - INFO - Arquivo encontrado: C:\Users\Obras\sistema_gestao_testes\testes\Financeiro\Clientes\ANA AUGUSTA PIRES COUTINHO.xlsx
2025-07-07 17:18:30,190 - INFO - Arquivo encontrado: C:\Users\Obras\sistema_gestao_testes\testes\Financeiro\Clientes\ANA AUGUSTA PIRES COUTINHO.xlsx
2025-07-07 17:18:35,801 - INFO - 🔍 INICIANDO gerar_relatorio para: despesas
2025-07-07 17:18:35,802 - INFO - 🎯 PROCESSANDO: Relatório de despesas
2025-07-07 17:18:35,803 - INFO - 🎯 PROCESSANDO DESPESAS - ARQUITETURA LIMPA
2025-07-07 17:18:35,804 - INFO - Data final obtida: 2025-07-05 00:00:00 (tipo: <class 'datetime.datetime'>)
2025-07-07 17:18:35,805 - INFO - ✅ Arquivo encontrado em arquivo_cliente_selecionado: C:\Users\Obras\sistema_gestao_testes\testes\Financeiro\Clientes\ANA AUGUSTA PIRES COUTINHO.xlsx
2025-07-07 17:18:35,806 - INFO - ✅ Arquivo final nas configurações: C:\Users\Obras\sistema_gestao_testes\testes\Financeiro\Clientes\ANA AUGUSTA PIRES COUTINHO.xlsx
2025-07-07 17:18:35,807 - INFO - ✅ Configurações coletadas
2025-07-07 17:18:35,809 - INFO - ✅ Arquivo confirmado: ANA AUGUSTA PIRES COUTINHO.xlsx
2025-07-07 17:18:37,665 - INFO - Modo selecionado: Preview
2025-07-07 17:18:37,666 - INFO - 🎯 EXECUTANDO COM PREVIEW - DELEGAÇÃO PARA SERVIÇO
2025-07-07 17:18:37,680 - INFO - 🔧 Delegando processamento para RelatoriosDespesasService...
2025-07-07 17:18:37,865 - INFO - Data de referência para processamento: 2025-07-05 00:00:00
2025-07-07 17:18:37,865 - INFO - Tipo da data de referência: <class 'pandas._libs.tslibs.timestamps.Timestamp'>
2025-07-07 17:18:37,866 - INFO - Total de registros originais: 251
2025-07-07 17:18:37,867 - INFO - Processando dados - registros após filtrar excluídos: 251
2025-07-07 17:18:37,881 - INFO - Datas únicas disponíveis no arquivo: [datetime.date(2025, 2, 20), datetime.date(2025, 3, 5), datetime.date(2025, 3, 20), datetime.date(2025, 4, 5), datetime.date(2025, 4, 20), datetime.date(2025, 5, 5), datetime.date(2025, 5, 20), datetime.date(2025, 6, 5), datetime.date(2025, 6, 20), datetime.date(2025, 7, 5)]
2025-07-07 17:18:37,883 - INFO - Data procurada: 2025-07-05
2025-07-07 17:18:37,894 - INFO - Resultados do processamento:
2025-07-07 17:18:37,895 - INFO -   - df_filtrado: 14 registros
2025-07-07 17:18:37,897 - INFO -   - df_diaria: 4 registros
2025-07-07 17:18:37,897 - INFO -   - df_tp_desp_1: 12 registros
2025-07-07 17:18:37,898 - INFO -   - df_tp_desp_2: 0 registros
2025-07-07 17:18:38,088 - INFO - 
Obtendo número do relatório para data 2025-07-05 00:00:00
2025-07-07 17:18:38,089 - INFO - Número do relatório calculado: 10
2025-07-07 17:18:38,090 - INFO - Calculando acumulado para data 2025-07-05 00:00:00
2025-07-07 17:18:38,091 - INFO - Acumulado - registros após filtrar excluídos: 251
2025-07-07 17:18:38,100 - INFO - Valor acumulado calculado (apenas ativos): 426,376.12
2025-07-07 17:18:38,100 - INFO - ✅ Dados processados pelo serviço
2025-07-07 17:18:38,105 - INFO - 🔧 Abrindo preview com dados do serviço...
2025-07-07 17:18:38,107 - INFO - 🎯 MOSTRANDO PREVIEW COM DADOS DO SERVIÇO - VERSÃO CORRIGIDA
2025-07-07 17:18:38,115 - INFO - ✅ Importado de src.relatorio_despesas_aprimorado
2025-07-07 17:18:38,135 - INFO - 🔧 CRIANDO PREVIEW ALTERNATIVO
2025-07-07 17:18:38,391 - ERROR - 💥 ERRO no preview alternativo: 'SistemaRelatorios' object has no attribute '_gerar_conteudo_preview_alternativo'
2025-07-07 17:39:20,082 - INFO - Carregando clientes de: C:\Users\Obras\sistema_gestao_testes\testes\Financeiro\Planilhas_Base\clientes.xlsx
2025-07-07 17:39:20,198 - INFO - Colunas disponíveis: ['Nome', 'Endereço', 'Data Inicial', 'Observações', 'Data Final']
2025-07-07 17:39:20,199 - INFO - Coluna de status: Data Final
2025-07-07 17:39:20,238 - INFO - Coluna de nome: Nome
2025-07-07 17:39:20,239 - INFO - Total de clientes ativos encontrados: 14
2025-07-07 17:39:20,241 - INFO - Lista de clientes atualizada com 15 clientes
2025-07-07 17:39:20,300 - INFO - Carregando clientes de: C:\Users\Obras\sistema_gestao_testes\testes\Financeiro\Planilhas_Base\clientes.xlsx
2025-07-07 17:39:20,317 - INFO - Colunas disponíveis: ['Nome', 'Endereço', 'Data Inicial', 'Observações', 'Data Final']
2025-07-07 17:39:20,321 - INFO - Coluna de status: Data Final
2025-07-07 17:39:20,326 - INFO - Coluna de nome: Nome
2025-07-07 17:39:20,335 - INFO - Total de clientes ativos encontrados: 14
2025-07-07 17:39:20,337 - INFO - Lista de clientes carregada com 15 itens
2025-07-07 17:39:22,015 - INFO - Data calculada automaticamente: 20/07/2025
2025-07-07 17:39:22,016 - INFO - Data calculada automaticamente: 20/07/2025
2025-07-07 17:39:25,210 - INFO - Modo manual ativado
2025-07-07 17:39:29,476 - INFO - Cliente selecionado: ANA AUGUSTA PIRES COUTINHO
2025-07-07 17:39:29,478 - INFO - Arquivo encontrado: C:\Users\Obras\sistema_gestao_testes\testes\Financeiro\Clientes\ANA AUGUSTA PIRES COUTINHO.xlsx
2025-07-07 17:39:29,486 - INFO - Arquivo encontrado: C:\Users\Obras\sistema_gestao_testes\testes\Financeiro\Clientes\ANA AUGUSTA PIRES COUTINHO.xlsx
2025-07-07 17:39:34,067 - INFO - 🔍 INICIANDO gerar_relatorio para: despesas
2025-07-07 17:39:34,067 - INFO - 🎯 PROCESSANDO: Relatório de despesas
2025-07-07 17:39:34,068 - INFO - 🎯 PROCESSANDO DESPESAS - ARQUITETURA LIMPA
2025-07-07 17:39:34,069 - INFO - Data final obtida: 2025-07-05 00:00:00 (tipo: <class 'datetime.datetime'>)
2025-07-07 17:39:34,070 - INFO - ✅ Arquivo encontrado em arquivo_cliente_selecionado: C:\Users\Obras\sistema_gestao_testes\testes\Financeiro\Clientes\ANA AUGUSTA PIRES COUTINHO.xlsx
2025-07-07 17:39:34,071 - INFO - ✅ Arquivo final nas configurações: C:\Users\Obras\sistema_gestao_testes\testes\Financeiro\Clientes\ANA AUGUSTA PIRES COUTINHO.xlsx
2025-07-07 17:39:34,072 - INFO - ✅ Configurações coletadas
2025-07-07 17:39:34,074 - INFO - ✅ Arquivo confirmado: ANA AUGUSTA PIRES COUTINHO.xlsx
2025-07-07 17:39:40,148 - INFO - Modo selecionado: Preview
2025-07-07 17:39:40,150 - INFO - 🎯 EXECUTANDO COM PREVIEW - DELEGAÇÃO PARA SERVIÇO
2025-07-07 17:39:40,161 - INFO - 🔧 Delegando processamento para RelatoriosDespesasService...
2025-07-07 17:39:40,347 - INFO - Data de referência para processamento: 2025-07-05 00:00:00
2025-07-07 17:39:40,347 - INFO - Tipo da data de referência: <class 'pandas._libs.tslibs.timestamps.Timestamp'>
2025-07-07 17:39:40,348 - INFO - Total de registros originais: 251
2025-07-07 17:39:40,349 - INFO - Processando dados - registros após filtrar excluídos: 251
2025-07-07 17:39:40,364 - INFO - Datas únicas disponíveis no arquivo: [datetime.date(2025, 2, 20), datetime.date(2025, 3, 5), datetime.date(2025, 3, 20), datetime.date(2025, 4, 5), datetime.date(2025, 4, 20), datetime.date(2025, 5, 5), datetime.date(2025, 5, 20), datetime.date(2025, 6, 5), datetime.date(2025, 6, 20), datetime.date(2025, 7, 5)]
2025-07-07 17:39:40,365 - INFO - Data procurada: 2025-07-05
2025-07-07 17:39:40,375 - INFO - Resultados do processamento:
2025-07-07 17:39:40,376 - INFO -   - df_filtrado: 14 registros
2025-07-07 17:39:40,378 - INFO -   - df_diaria: 4 registros
2025-07-07 17:39:40,379 - INFO -   - df_tp_desp_1: 12 registros
2025-07-07 17:39:40,379 - INFO -   - df_tp_desp_2: 0 registros
2025-07-07 17:39:40,560 - INFO - 
Obtendo número do relatório para data 2025-07-05 00:00:00
2025-07-07 17:39:40,561 - INFO - Número do relatório calculado: 10
2025-07-07 17:39:40,561 - INFO - Calculando acumulado para data 2025-07-05 00:00:00
2025-07-07 17:39:40,563 - INFO - Acumulado - registros após filtrar excluídos: 251
2025-07-07 17:39:40,570 - INFO - Valor acumulado calculado (apenas ativos): 426,376.12
2025-07-07 17:39:40,571 - INFO - ✅ Dados processados pelo serviço
2025-07-07 17:39:40,576 - INFO - 🔧 Abrindo preview com dados do serviço...
2025-07-07 17:39:40,576 - INFO - 🎯 MOSTRANDO PREVIEW COM DADOS DO SERVIÇO - VERSÃO CORRIGIDA
2025-07-07 17:39:40,581 - INFO - ✅ Importado de src.relatorio_despesas_aprimorado
2025-07-07 17:39:40,603 - INFO - 🔧 CRIANDO PREVIEW ALTERNATIVO
2025-07-07 17:39:40,881 - ERROR - Erro ao gerar conteúdo: 'SistemaRelatorios' object has no attribute '_formatar_numero_preview'
2025-07-07 17:39:40,998 - INFO - ✅ Preview alternativo criado com sucesso
2025-07-07 17:39:41,000 - ERROR - ❌ Erro com VisualizadorRelatorio: name 'visualizador' is not defined
2025-07-07 17:39:41,000 - INFO - 🔄 Tentando preview alternativo...
2025-07-07 17:39:41,018 - INFO - 🔧 CRIANDO PREVIEW ALTERNATIVO
2025-07-07 17:39:41,118 - ERROR - Erro ao gerar conteúdo: 'SistemaRelatorios' object has no attribute '_formatar_numero_preview'
2025-07-07 17:39:41,189 - INFO - ✅ Preview alternativo criado com sucesso
2025-07-07 17:40:02,098 - INFO - Solicitado retorno ao menu principal
2025-07-07 17:40:02,099 - INFO - Não há menu principal válido, fechando aplicação
2025-07-07 17:40:42,340 - INFO - Carregando clientes de: C:\Users\Obras\sistema_gestao_testes\testes\Financeiro\Planilhas_Base\clientes.xlsx
2025-07-07 17:40:42,385 - INFO - Colunas disponíveis: ['Nome', 'Endereço', 'Data Inicial', 'Observações', 'Data Final']
2025-07-07 17:40:42,386 - INFO - Coluna de status: Data Final
2025-07-07 17:40:42,388 - INFO - Coluna de nome: Nome
2025-07-07 17:40:42,390 - INFO - Total de clientes ativos encontrados: 14
2025-07-07 17:40:42,391 - INFO - Lista de clientes atualizada com 15 clientes
2025-07-07 17:40:42,426 - INFO - Carregando clientes de: C:\Users\Obras\sistema_gestao_testes\testes\Financeiro\Planilhas_Base\clientes.xlsx
2025-07-07 17:40:42,441 - INFO - Colunas disponíveis: ['Nome', 'Endereço', 'Data Inicial', 'Observações', 'Data Final']
2025-07-07 17:40:42,442 - INFO - Coluna de status: Data Final
2025-07-07 17:40:42,445 - INFO - Coluna de nome: Nome
2025-07-07 17:40:42,446 - INFO - Total de clientes ativos encontrados: 14
2025-07-07 17:40:42,446 - INFO - Lista de clientes carregada com 15 itens
2025-07-07 17:40:49,374 - INFO - Data calculada automaticamente: 20/07/2025
2025-07-07 17:40:49,375 - INFO - Data calculada automaticamente: 20/07/2025
2025-07-07 17:40:52,122 - INFO - Modo manual ativado
2025-07-07 17:40:56,995 - INFO - Cliente selecionado: ANA AUGUSTA PIRES COUTINHO
2025-07-07 17:40:56,996 - INFO - Arquivo encontrado: C:\Users\Obras\sistema_gestao_testes\testes\Financeiro\Clientes\ANA AUGUSTA PIRES COUTINHO.xlsx
2025-07-07 17:40:57,005 - INFO - Arquivo encontrado: C:\Users\Obras\sistema_gestao_testes\testes\Financeiro\Clientes\ANA AUGUSTA PIRES COUTINHO.xlsx
2025-07-07 17:40:59,577 - INFO - 🔍 INICIANDO gerar_relatorio para: despesas
2025-07-07 17:40:59,578 - INFO - 🎯 PROCESSANDO: Relatório de despesas
2025-07-07 17:40:59,579 - INFO - 🎯 PROCESSANDO DESPESAS - ARQUITETURA LIMPA
2025-07-07 17:40:59,580 - INFO - Data final obtida: 2025-07-05 00:00:00 (tipo: <class 'datetime.datetime'>)
2025-07-07 17:40:59,580 - INFO - ✅ Arquivo encontrado em arquivo_cliente_selecionado: C:\Users\Obras\sistema_gestao_testes\testes\Financeiro\Clientes\ANA AUGUSTA PIRES COUTINHO.xlsx
2025-07-07 17:40:59,581 - INFO - ✅ Arquivo final nas configurações: C:\Users\Obras\sistema_gestao_testes\testes\Financeiro\Clientes\ANA AUGUSTA PIRES COUTINHO.xlsx
2025-07-07 17:40:59,582 - INFO - ✅ Configurações coletadas
2025-07-07 17:40:59,583 - INFO - ✅ Arquivo confirmado: ANA AUGUSTA PIRES COUTINHO.xlsx
2025-07-07 17:41:01,106 - INFO - Modo selecionado: Preview
2025-07-07 17:41:01,111 - INFO - 🎯 EXECUTANDO COM PREVIEW - DELEGAÇÃO PARA SERVIÇO
2025-07-07 17:41:01,121 - INFO - 🔧 Delegando processamento para RelatoriosDespesasService...
2025-07-07 17:41:01,282 - INFO - Data de referência para processamento: 2025-07-05 00:00:00
2025-07-07 17:41:01,283 - INFO - Tipo da data de referência: <class 'pandas._libs.tslibs.timestamps.Timestamp'>
2025-07-07 17:41:01,284 - INFO - Total de registros originais: 251
2025-07-07 17:41:01,285 - INFO - Processando dados - registros após filtrar excluídos: 251
2025-07-07 17:41:01,294 - INFO - Datas únicas disponíveis no arquivo: [datetime.date(2025, 2, 20), datetime.date(2025, 3, 5), datetime.date(2025, 3, 20), datetime.date(2025, 4, 5), datetime.date(2025, 4, 20), datetime.date(2025, 5, 5), datetime.date(2025, 5, 20), datetime.date(2025, 6, 5), datetime.date(2025, 6, 20), datetime.date(2025, 7, 5)]
2025-07-07 17:41:01,295 - INFO - Data procurada: 2025-07-05
2025-07-07 17:41:01,302 - INFO - Resultados do processamento:
2025-07-07 17:41:01,302 - INFO -   - df_filtrado: 14 registros
2025-07-07 17:41:01,303 - INFO -   - df_diaria: 4 registros
2025-07-07 17:41:01,304 - INFO -   - df_tp_desp_1: 12 registros
2025-07-07 17:41:01,304 - INFO -   - df_tp_desp_2: 0 registros
2025-07-07 17:41:01,477 - INFO - 
Obtendo número do relatório para data 2025-07-05 00:00:00
2025-07-07 17:41:01,478 - INFO - Número do relatório calculado: 10
2025-07-07 17:41:01,479 - INFO - Calculando acumulado para data 2025-07-05 00:00:00
2025-07-07 17:41:01,481 - INFO - Acumulado - registros após filtrar excluídos: 251
2025-07-07 17:41:01,487 - INFO - Valor acumulado calculado (apenas ativos): 426,376.12
2025-07-07 17:41:01,487 - INFO - ✅ Dados processados pelo serviço
2025-07-07 17:41:01,492 - INFO - 🔧 Abrindo preview com dados do serviço...
2025-07-07 17:41:01,495 - INFO - 🎯 MOSTRANDO PREVIEW COM DADOS DO SERVIÇO - VERSÃO CORRIGIDA
2025-07-07 17:41:01,500 - INFO - ✅ Importado de src.relatorio_despesas_aprimorado
2025-07-07 17:41:01,519 - INFO - 🔧 CRIANDO PREVIEW ALTERNATIVO
2025-07-07 17:41:01,704 - INFO - ✅ Preview alternativo criado com sucesso
2025-07-07 17:41:01,746 - ERROR - ❌ Erro com VisualizadorRelatorio: name 'visualizador' is not defined
2025-07-07 17:41:01,748 - INFO - 🔄 Tentando preview alternativo...
2025-07-07 17:41:01,760 - INFO - 🔧 CRIANDO PREVIEW ALTERNATIVO
2025-07-07 17:41:01,895 - INFO - ✅ Preview alternativo criado com sucesso
2025-07-07 17:41:38,089 - INFO - 🔧 Gerando PDF através do serviço...
2025-07-07 17:41:38,090 - INFO - === INICIANDO ADIÇÃO DO CABEÇALHO ===
2025-07-07 17:41:38,091 - INFO - Tentando carregar logo: c:\Users\Obras\Documents\GitHub\Sistema-Financeiro\src\logo1.png
2025-07-07 17:41:38,091 - INFO - Logo carregada com sucesso!
2025-07-07 17:41:38,091 - INFO - Criando cabeçalho COM logo
2025-07-07 17:41:38,094 - INFO - Informações do cliente adicionadas com sucesso
2025-07-07 17:41:38,095 - INFO - === CABEÇALHO CONCLUÍDO COM SUCESSO ===
2025-07-07 17:41:38,106 - INFO - Iniciando adição de detalhes ao relatório
2025-07-07 17:41:38,177 - INFO - Detalhes adicionados com sucesso
2025-07-07 17:42:20,521 - INFO - Solicitado retorno ao menu principal
2025-07-07 17:42:20,522 - INFO - Não há menu principal válido, fechando aplicação
2025-07-07 17:59:25,285 - INFO - Carregando clientes de: C:\Users\Obras\sistema_gestao_testes\testes\Financeiro\Planilhas_Base\clientes.xlsx
2025-07-07 17:59:25,371 - INFO - Colunas disponíveis: ['Nome', 'Endereço', 'Data Inicial', 'Observações', 'Data Final']
2025-07-07 17:59:25,372 - INFO - Coluna de status: Data Final
2025-07-07 17:59:25,390 - INFO - Coluna de nome: Nome
2025-07-07 17:59:25,392 - INFO - Total de clientes ativos encontrados: 14
2025-07-07 17:59:25,396 - INFO - Lista de clientes atualizada com 15 clientes
2025-07-07 17:59:25,435 - INFO - Carregando clientes de: C:\Users\Obras\sistema_gestao_testes\testes\Financeiro\Planilhas_Base\clientes.xlsx
2025-07-07 17:59:25,450 - INFO - Colunas disponíveis: ['Nome', 'Endereço', 'Data Inicial', 'Observações', 'Data Final']
2025-07-07 17:59:25,451 - INFO - Coluna de status: Data Final
2025-07-07 17:59:25,453 - INFO - Coluna de nome: Nome
2025-07-07 17:59:25,454 - INFO - Total de clientes ativos encontrados: 14
2025-07-07 17:59:25,455 - INFO - Lista de clientes carregada com 15 itens
2025-07-07 17:59:26,721 - INFO - Data calculada automaticamente: 20/07/2025
2025-07-07 17:59:26,723 - INFO - Data calculada automaticamente: 20/07/2025
2025-07-07 17:59:29,901 - INFO - Modo manual ativado
2025-07-07 17:59:37,671 - INFO - Cliente selecionado: ANA AUGUSTA PIRES COUTINHO
2025-07-07 17:59:37,671 - INFO - Arquivo encontrado: C:\Users\Obras\sistema_gestao_testes\testes\Financeiro\Clientes\ANA AUGUSTA PIRES COUTINHO.xlsx
2025-07-07 17:59:37,683 - INFO - Arquivo encontrado: C:\Users\Obras\sistema_gestao_testes\testes\Financeiro\Clientes\ANA AUGUSTA PIRES COUTINHO.xlsx
2025-07-07 17:59:41,301 - INFO - 🔍 INICIANDO gerar_relatorio para: despesas
2025-07-07 17:59:41,302 - INFO - 🎯 PROCESSANDO: Relatório de despesas
2025-07-07 17:59:41,303 - INFO - 🎯 PROCESSANDO DESPESAS - ARQUITETURA LIMPA
2025-07-07 17:59:41,303 - INFO - Data final obtida: 2025-06-20 00:00:00 (tipo: <class 'datetime.datetime'>)
2025-07-07 17:59:41,304 - INFO - ✅ Arquivo encontrado em arquivo_cliente_selecionado: C:\Users\Obras\sistema_gestao_testes\testes\Financeiro\Clientes\ANA AUGUSTA PIRES COUTINHO.xlsx
2025-07-07 17:59:41,306 - INFO - ✅ Arquivo final nas configurações: C:\Users\Obras\sistema_gestao_testes\testes\Financeiro\Clientes\ANA AUGUSTA PIRES COUTINHO.xlsx
2025-07-07 17:59:41,306 - INFO - ✅ Configurações coletadas
2025-07-07 17:59:41,307 - INFO - ✅ Arquivo confirmado: ANA AUGUSTA PIRES COUTINHO.xlsx
2025-07-07 17:59:43,021 - INFO - Modo selecionado: Preview
2025-07-07 17:59:43,022 - INFO - 🎯 EXECUTANDO COM PREVIEW - DELEGAÇÃO PARA SERVIÇO
2025-07-07 17:59:43,063 - INFO - 🔧 Delegando processamento para RelatoriosDespesasService...
2025-07-07 17:59:43,066 - ERROR - 💥 ERRO no executar_com_preview_limpo: name 'logger' is not defined
2025-07-07 17:59:55,228 - INFO - Solicitado retorno ao menu principal
2025-07-07 17:59:55,229 - INFO - Não há menu principal válido, fechando aplicação
2025-07-07 18:02:44,368 - INFO - Carregando clientes de: C:\Users\Obras\sistema_gestao_testes\testes\Financeiro\Planilhas_Base\clientes.xlsx
2025-07-07 18:02:44,426 - INFO - Colunas disponíveis: ['Nome', 'Endereço', 'Data Inicial', 'Observações', 'Data Final']
2025-07-07 18:02:44,427 - INFO - Coluna de status: Data Final
2025-07-07 18:02:44,438 - INFO - Coluna de nome: Nome
2025-07-07 18:02:44,439 - INFO - Total de clientes ativos encontrados: 14
2025-07-07 18:02:44,440 - INFO - Lista de clientes atualizada com 15 clientes
2025-07-07 18:02:44,479 - INFO - Carregando clientes de: C:\Users\Obras\sistema_gestao_testes\testes\Financeiro\Planilhas_Base\clientes.xlsx
2025-07-07 18:02:44,493 - INFO - Colunas disponíveis: ['Nome', 'Endereço', 'Data Inicial', 'Observações', 'Data Final']
2025-07-07 18:02:44,495 - INFO - Coluna de status: Data Final
2025-07-07 18:02:44,498 - INFO - Coluna de nome: Nome
2025-07-07 18:02:44,499 - INFO - Total de clientes ativos encontrados: 14
2025-07-07 18:02:44,499 - INFO - Lista de clientes carregada com 15 itens
2025-07-07 18:02:46,343 - INFO - Data calculada automaticamente: 20/07/2025
2025-07-07 18:02:46,345 - INFO - Data calculada automaticamente: 20/07/2025
2025-07-07 18:02:49,483 - INFO - Modo manual ativado
2025-07-07 18:02:56,148 - INFO - Cliente selecionado: ANA AUGUSTA PIRES COUTINHO
2025-07-07 18:02:56,149 - INFO - Arquivo encontrado: C:\Users\Obras\sistema_gestao_testes\testes\Financeiro\Clientes\ANA AUGUSTA PIRES COUTINHO.xlsx
2025-07-07 18:02:56,159 - INFO - Arquivo encontrado: C:\Users\Obras\sistema_gestao_testes\testes\Financeiro\Clientes\ANA AUGUSTA PIRES COUTINHO.xlsx
2025-07-07 18:02:59,802 - INFO - 🔍 INICIANDO gerar_relatorio para: despesas
2025-07-07 18:02:59,804 - INFO - 🎯 PROCESSANDO: Relatório de despesas
2025-07-07 18:02:59,804 - INFO - 🎯 PROCESSANDO DESPESAS - ARQUITETURA LIMPA
2025-07-07 18:02:59,805 - INFO - Data final obtida: 2025-06-20 00:00:00 (tipo: <class 'datetime.datetime'>)
2025-07-07 18:02:59,806 - INFO - ✅ Arquivo encontrado em arquivo_cliente_selecionado: C:\Users\Obras\sistema_gestao_testes\testes\Financeiro\Clientes\ANA AUGUSTA PIRES COUTINHO.xlsx
2025-07-07 18:02:59,807 - INFO - ✅ Arquivo final nas configurações: C:\Users\Obras\sistema_gestao_testes\testes\Financeiro\Clientes\ANA AUGUSTA PIRES COUTINHO.xlsx
2025-07-07 18:02:59,808 - INFO - ✅ Configurações coletadas
2025-07-07 18:02:59,809 - INFO - ✅ Arquivo confirmado: ANA AUGUSTA PIRES COUTINHO.xlsx
2025-07-07 18:03:01,667 - INFO - Modo selecionado: Preview
2025-07-07 18:03:01,668 - INFO - 🎯 EXECUTANDO COM PREVIEW - DELEGAÇÃO PARA SERVIÇO
2025-07-07 18:03:01,696 - INFO - 🔧 Delegando processamento para RelatoriosDespesasService...
2025-07-07 18:03:01,697 - INFO - 🔧 PROCESSANDO PARA PREVIEW - PRESERVANDO ORDENAÇÕES
2025-07-07 18:03:01,877 - INFO - ✅ Dados carregados: 251 registros
2025-07-07 18:03:01,892 - INFO - Data de referência para processamento: 2025-06-20 00:00:00
2025-07-07 18:03:01,893 - INFO - Tipo da data de referência: <class 'pandas._libs.tslibs.timestamps.Timestamp'>
2025-07-07 18:03:01,895 - INFO - Total de registros originais: 251
2025-07-07 18:03:01,896 - INFO - Processando dados - registros após filtrar excluídos: 251
2025-07-07 18:03:01,911 - INFO - Datas únicas disponíveis no arquivo: [datetime.date(2025, 2, 20), datetime.date(2025, 3, 5), datetime.date(2025, 3, 20), datetime.date(2025, 4, 5), datetime.date(2025, 4, 20), datetime.date(2025, 5, 5), datetime.date(2025, 5, 20), datetime.date(2025, 6, 5), datetime.date(2025, 6, 20), datetime.date(2025, 7, 5)]
2025-07-07 18:03:01,911 - INFO - Data procurada: 2025-06-20
2025-07-07 18:03:01,925 - INFO - Resultados do processamento:
2025-07-07 18:03:01,925 - INFO -   - df_filtrado: 29 registros
2025-07-07 18:03:01,926 - INFO -   - df_diaria: 4 registros
2025-07-07 18:03:01,927 - INFO -   - df_tp_desp_1: 3 registros
2025-07-07 18:03:01,927 - INFO -   - df_tp_desp_2: 0 registros
2025-07-07 18:03:01,929 - INFO - ✅ Dados processados com ordenações originais
2025-07-07 18:03:01,931 - WARNING - ⚠️ Erro ao aplicar ordenações: 'Data'
2025-07-07 18:03:01,931 - ERROR - 💥 ERRO no processar_para_preview: 'RelatorioHandler' object has no attribute 'processar_lancamentos_futuros'
Traceback (most recent call last):
  File "c:\Users\Obras\Documents\GitHub\Sistema-Financeiro\src\relatorio_despesas_service.py", line 69, in processar_para_preview
    df_futuro = self.handler.processar_lancamentos_futuros(
                ^^^^^^^^^^^^^^^^^^^^^^^^^^^^^^^^^^^^^^^^^^
AttributeError: 'RelatorioHandler' object has no attribute 'processar_lancamentos_futuros'. Did you mean: 'adicionar_lancamentos_futuros'?
2025-07-07 18:03:01,935 - ERROR - 💥 ERRO no executar_com_preview_limpo: 'RelatorioHandler' object has no attribute 'processar_lancamentos_futuros'
2025-07-07 18:05:04,148 - INFO - Solicitado retorno ao menu principal
2025-07-07 18:05:04,148 - INFO - Não há menu principal válido, fechando aplicação
2025-07-07 18:08:39,298 - INFO - Carregando clientes de: C:\Users\Obras\sistema_gestao_testes\testes\Financeiro\Planilhas_Base\clientes.xlsx
2025-07-07 18:08:39,353 - INFO - Colunas disponíveis: ['Nome', 'Endereço', 'Data Inicial', 'Observações', 'Data Final']
2025-07-07 18:08:39,355 - INFO - Coluna de status: Data Final
2025-07-07 18:08:39,364 - INFO - Coluna de nome: Nome
2025-07-07 18:08:39,365 - INFO - Total de clientes ativos encontrados: 14
2025-07-07 18:08:39,366 - INFO - Lista de clientes atualizada com 15 clientes
2025-07-07 18:08:39,404 - INFO - Carregando clientes de: C:\Users\Obras\sistema_gestao_testes\testes\Financeiro\Planilhas_Base\clientes.xlsx
2025-07-07 18:08:39,420 - INFO - Colunas disponíveis: ['Nome', 'Endereço', 'Data Inicial', 'Observações', 'Data Final']
2025-07-07 18:08:39,422 - INFO - Coluna de status: Data Final
2025-07-07 18:08:39,425 - INFO - Coluna de nome: Nome
2025-07-07 18:08:39,426 - INFO - Total de clientes ativos encontrados: 14
2025-07-07 18:08:39,427 - INFO - Lista de clientes carregada com 15 itens
2025-07-07 18:08:42,267 - INFO - Data calculada automaticamente: 20/07/2025
2025-07-07 18:08:42,268 - INFO - Data calculada automaticamente: 20/07/2025
2025-07-07 18:08:44,846 - INFO - Modo manual ativado
2025-07-07 18:08:50,385 - INFO - Cliente selecionado: ANA AUGUSTA PIRES COUTINHO
2025-07-07 18:08:50,386 - INFO - Arquivo encontrado: C:\Users\Obras\sistema_gestao_testes\testes\Financeiro\Clientes\ANA AUGUSTA PIRES COUTINHO.xlsx
2025-07-07 18:08:50,395 - INFO - Arquivo encontrado: C:\Users\Obras\sistema_gestao_testes\testes\Financeiro\Clientes\ANA AUGUSTA PIRES COUTINHO.xlsx
2025-07-07 18:08:52,230 - INFO - 🔍 INICIANDO gerar_relatorio para: despesas
2025-07-07 18:08:52,231 - INFO - 🎯 PROCESSANDO: Relatório de despesas
2025-07-07 18:08:52,232 - INFO - 🎯 PROCESSANDO DESPESAS - ARQUITETURA LIMPA
2025-07-07 18:08:52,233 - INFO - Data final obtida: 2025-06-20 00:00:00 (tipo: <class 'datetime.datetime'>)
2025-07-07 18:08:52,234 - INFO - ✅ Arquivo encontrado em arquivo_cliente_selecionado: C:\Users\Obras\sistema_gestao_testes\testes\Financeiro\Clientes\ANA AUGUSTA PIRES COUTINHO.xlsx
2025-07-07 18:08:52,235 - INFO - ✅ Arquivo final nas configurações: C:\Users\Obras\sistema_gestao_testes\testes\Financeiro\Clientes\ANA AUGUSTA PIRES COUTINHO.xlsx
2025-07-07 18:08:52,237 - INFO - ✅ Configurações coletadas
2025-07-07 18:08:52,239 - INFO - ✅ Arquivo confirmado: ANA AUGUSTA PIRES COUTINHO.xlsx
2025-07-07 18:08:54,059 - INFO - Modo selecionado: Preview
2025-07-07 18:08:54,062 - INFO - 🎯 EXECUTANDO COM PREVIEW - DELEGAÇÃO PARA SERVIÇO
2025-07-07 18:08:54,070 - INFO - 🔧 Delegando processamento para RelatoriosDespesasService...
2025-07-07 18:08:54,227 - INFO - Data de referência para processamento: 2025-06-20 00:00:00
2025-07-07 18:08:54,228 - INFO - Tipo da data de referência: <class 'pandas._libs.tslibs.timestamps.Timestamp'>
2025-07-07 18:08:54,229 - INFO - Total de registros originais: 251
2025-07-07 18:08:54,231 - INFO - Processando dados - registros após filtrar excluídos: 251
2025-07-07 18:08:54,244 - INFO - Datas únicas disponíveis no arquivo: [datetime.date(2025, 2, 20), datetime.date(2025, 3, 5), datetime.date(2025, 3, 20), datetime.date(2025, 4, 5), datetime.date(2025, 4, 20), datetime.date(2025, 5, 5), datetime.date(2025, 5, 20), datetime.date(2025, 6, 5), datetime.date(2025, 6, 20), datetime.date(2025, 7, 5)]
2025-07-07 18:08:54,244 - INFO - Data procurada: 2025-06-20
2025-07-07 18:08:54,255 - INFO - Resultados do processamento:
2025-07-07 18:08:54,255 - INFO -   - df_filtrado: 29 registros
2025-07-07 18:08:54,256 - INFO -   - df_diaria: 4 registros
2025-07-07 18:08:54,257 - INFO -   - df_tp_desp_1: 3 registros
2025-07-07 18:08:54,257 - INFO -   - df_tp_desp_2: 0 registros
2025-07-07 18:08:54,454 - INFO - 
Obtendo número do relatório para data 2025-06-20 00:00:00
2025-07-07 18:08:54,455 - INFO - Número do relatório calculado: 9
2025-07-07 18:08:54,456 - INFO - Calculando acumulado para data 2025-06-20 00:00:00
2025-07-07 18:08:54,457 - INFO - Acumulado - registros após filtrar excluídos: 251
2025-07-07 18:08:54,466 - INFO - Valor acumulado calculado (apenas ativos): 324,276.63
2025-07-07 18:08:54,468 - INFO - ✅ Dados processados pelo serviço
2025-07-07 18:08:54,472 - INFO - 🔧 Abrindo preview com dados do serviço...
2025-07-07 18:08:54,473 - INFO - 🎯 MOSTRANDO PREVIEW COM DADOS DO SERVIÇO - VERSÃO CORRIGIDA
2025-07-07 18:08:54,482 - INFO - ✅ Importado de src.relatorio_despesas_aprimorado
2025-07-07 18:08:54,500 - INFO - 🔧 CRIANDO PREVIEW COM PDF TEMPORÁRIO
2025-07-07 18:08:55,082 - INFO - ✅ Preview com PDF temporário criado
2025-07-07 18:08:55,083 - ERROR - ❌ Erro com VisualizadorRelatorio: name 'visualizador' is not defined
2025-07-07 18:08:55,083 - INFO - 🔄 Tentando preview alternativo...
2025-07-07 18:08:55,099 - INFO - 🔧 CRIANDO PREVIEW COM PDF TEMPORÁRIO
2025-07-07 18:08:55,216 - INFO - ✅ Preview com PDF temporário criado
2025-07-07 18:08:55,586 - INFO - 🔧 GERANDO PDF TEMPORÁRIO COM ORDENAÇÕES PRESERVADAS
2025-07-07 18:08:55,589 - INFO - 📄 Criando PDF temporário: PREVIEW_ANA_AUGUSTA_PIRES_COUTINHO_20250707_180855.pdf
2025-07-07 18:08:55,589 - INFO - === INICIANDO ADIÇÃO DO CABEÇALHO ===
2025-07-07 18:08:55,590 - INFO - Tentando carregar logo: c:\Users\Obras\Documents\GitHub\Sistema-Financeiro\src\logo1.png
2025-07-07 18:08:55,591 - INFO - Logo carregada com sucesso!
2025-07-07 18:08:55,592 - INFO - Criando cabeçalho COM logo
2025-07-07 18:08:55,594 - INFO - Informações do cliente adicionadas com sucesso
2025-07-07 18:08:55,595 - INFO - === CABEÇALHO CONCLUÍDO COM SUCESSO ===
2025-07-07 18:08:55,609 - INFO - Iniciando adição de detalhes ao relatório
2025-07-07 18:08:55,678 - INFO - Detalhes adicionados com sucesso
2025-07-07 18:08:55,791 - INFO - ✅ PDF temporário gerado: C:\Users\Obras\AppData\Local\Temp\PREVIEW_ANA_AUGUSTA_PIRES_COUTINHO_20250707_180855.pdf
2025-07-07 18:08:55,792 - INFO - ✅ PDF temporário válido: 51,037 bytes
2025-07-07 18:08:55,796 - INFO - ✅ PDF temporário: C:\Users\Obras\AppData\Local\Temp\PREVIEW_ANA_AUGUSTA_PIRES_COUTINHO_20250707_180855.pdf
2025-07-07 18:08:55,799 - INFO - 🔧 GERANDO PDF TEMPORÁRIO COM ORDENAÇÕES PRESERVADAS
2025-07-07 18:08:55,799 - INFO - 📄 Criando PDF temporário: PREVIEW_ANA_AUGUSTA_PIRES_COUTINHO_20250707_180855.pdf
2025-07-07 18:08:55,800 - INFO - === INICIANDO ADIÇÃO DO CABEÇALHO ===
2025-07-07 18:08:55,801 - INFO - Tentando carregar logo: c:\Users\Obras\Documents\GitHub\Sistema-Financeiro\src\logo1.png
2025-07-07 18:08:55,802 - INFO - Logo carregada com sucesso!
2025-07-07 18:08:55,804 - INFO - Criando cabeçalho COM logo
2025-07-07 18:08:55,807 - INFO - Informações do cliente adicionadas com sucesso
2025-07-07 18:08:55,808 - INFO - === CABEÇALHO CONCLUÍDO COM SUCESSO ===
2025-07-07 18:08:55,814 - INFO - Iniciando adição de detalhes ao relatório
2025-07-07 18:08:55,875 - INFO - Detalhes adicionados com sucesso
2025-07-07 18:08:55,980 - INFO - ✅ PDF temporário gerado: C:\Users\Obras\AppData\Local\Temp\PREVIEW_ANA_AUGUSTA_PIRES_COUTINHO_20250707_180855.pdf
2025-07-07 18:08:55,981 - INFO - ✅ PDF temporário válido: 51,037 bytes
2025-07-07 18:08:55,982 - INFO - ✅ PDF temporário: C:\Users\Obras\AppData\Local\Temp\PREVIEW_ANA_AUGUSTA_PIRES_COUTINHO_20250707_180855.pdf
2025-07-07 18:09:01,879 - INFO - 📖 Abrindo PDF temporário: C:\Users\Obras\AppData\Local\Temp\PREVIEW_ANA_AUGUSTA_PIRES_COUTINHO_20250707_180855.pdf
2025-07-07 18:17:30,710 - INFO - 🗑️ PDF temporário removido: C:\Users\Obras\AppData\Local\Temp\PREVIEW_ANA_AUGUSTA_PIRES_COUTINHO_20250707_180855.pdf
2025-07-07 18:17:38,560 - INFO - Solicitado retorno ao menu principal
2025-07-07 18:17:38,561 - INFO - Não há menu principal válido, fechando aplicação
2025-07-07 18:20:40,901 - INFO - Carregando clientes de: C:\Users\Obras\sistema_gestao_testes\testes\Financeiro\Planilhas_Base\clientes.xlsx
2025-07-07 18:20:40,974 - INFO - Colunas disponíveis: ['Nome', 'Endereço', 'Data Inicial', 'Observações', 'Data Final']
2025-07-07 18:20:40,975 - INFO - Coluna de status: Data Final
2025-07-07 18:20:40,990 - INFO - Coluna de nome: Nome
2025-07-07 18:20:40,991 - INFO - Total de clientes ativos encontrados: 14
2025-07-07 18:20:40,992 - INFO - Lista de clientes atualizada com 15 clientes
2025-07-07 18:20:41,034 - INFO - Carregando clientes de: C:\Users\Obras\sistema_gestao_testes\testes\Financeiro\Planilhas_Base\clientes.xlsx
2025-07-07 18:20:41,049 - INFO - Colunas disponíveis: ['Nome', 'Endereço', 'Data Inicial', 'Observações', 'Data Final']
2025-07-07 18:20:41,050 - INFO - Coluna de status: Data Final
2025-07-07 18:20:41,052 - INFO - Coluna de nome: Nome
2025-07-07 18:20:41,053 - INFO - Total de clientes ativos encontrados: 14
2025-07-07 18:20:41,054 - INFO - Lista de clientes carregada com 15 itens
2025-07-07 18:20:42,291 - INFO - Data calculada automaticamente: 20/07/2025
2025-07-07 18:20:42,293 - INFO - Data calculada automaticamente: 20/07/2025
2025-07-07 18:20:45,375 - INFO - Modo manual ativado
2025-07-07 18:20:54,897 - INFO - Cliente selecionado: ANA AUGUSTA PIRES COUTINHO
2025-07-07 18:20:54,897 - INFO - Arquivo encontrado: C:\Users\Obras\sistema_gestao_testes\testes\Financeiro\Clientes\ANA AUGUSTA PIRES COUTINHO.xlsx
2025-07-07 18:20:54,906 - INFO - Arquivo encontrado: C:\Users\Obras\sistema_gestao_testes\testes\Financeiro\Clientes\ANA AUGUSTA PIRES COUTINHO.xlsx
2025-07-07 18:20:57,182 - INFO - 🔍 INICIANDO gerar_relatorio para: despesas
2025-07-07 18:20:57,183 - INFO - 🎯 PROCESSANDO: Relatório de despesas
2025-07-07 18:20:57,184 - INFO - 🎯 PROCESSANDO DESPESAS - ARQUITETURA LIMPA
2025-07-07 18:20:57,185 - INFO - Data final obtida: 2025-06-20 00:00:00 (tipo: <class 'datetime.datetime'>)
2025-07-07 18:20:57,186 - INFO - ✅ Arquivo encontrado em arquivo_cliente_selecionado: C:\Users\Obras\sistema_gestao_testes\testes\Financeiro\Clientes\ANA AUGUSTA PIRES COUTINHO.xlsx
2025-07-07 18:20:57,187 - INFO - ✅ Arquivo final nas configurações: C:\Users\Obras\sistema_gestao_testes\testes\Financeiro\Clientes\ANA AUGUSTA PIRES COUTINHO.xlsx
2025-07-07 18:20:57,189 - INFO - ✅ Configurações coletadas
2025-07-07 18:20:57,190 - INFO - ✅ Arquivo confirmado: ANA AUGUSTA PIRES COUTINHO.xlsx
2025-07-07 18:20:58,919 - INFO - Modo selecionado: Preview
2025-07-07 18:20:58,920 - INFO - 🎯 EXECUTANDO COM PREVIEW - DELEGAÇÃO PARA SERVIÇO
2025-07-07 18:20:58,936 - INFO - 🔧 Delegando processamento para RelatoriosDespesasService...
2025-07-07 18:20:59,153 - INFO - df_filtrado final: 29 registros
2025-07-07 18:20:59,153 - INFO - Colunas finais do df_filtrado: ['DATA_REL', 'TP_DESP', 'CNPJ_CPF', 'NOME', 'REFERÊNCIA', 'NF', 'VR_UNIT', 'DIAS', 'VALOR', 'DT_VENCTO', 'CATEGORIA', 'DADOS_BANCARIOS', 'OBSERVAÇÃO', 'STATUS', 'ID_LANCAMENTO', 'HISTORICO_ALTERACAO', 'RELATÓRIO']
2025-07-07 18:20:59,154 - INFO - Tipos de despesa únicos: [2 3 5]
2025-07-07 18:20:59,340 - INFO - 
Obtendo número do relatório para data 2025-06-20 00:00:00
2025-07-07 18:20:59,341 - INFO - Número do relatório calculado: 9
2025-07-07 18:20:59,342 - INFO - Calculando acumulado para data 2025-06-20 00:00:00
2025-07-07 18:20:59,343 - INFO - Acumulado - registros após filtrar excluídos: 251
2025-07-07 18:20:59,351 - INFO - Valor acumulado calculado (apenas ativos): 324,276.63
2025-07-07 18:20:59,353 - INFO - ✅ Dados processados pelo serviço
2025-07-07 18:20:59,357 - INFO - 🔧 Abrindo preview com dados do serviço...
2025-07-07 18:20:59,358 - INFO - 🎯 MOSTRANDO PREVIEW COM DADOS DO SERVIÇO - VERSÃO CORRIGIDA
2025-07-07 18:20:59,366 - INFO - ✅ Importado de src.relatorio_despesas_aprimorado
2025-07-07 18:20:59,391 - INFO - 🔧 CRIANDO PREVIEW COM PDF TEMPORÁRIO
2025-07-07 18:21:00,005 - INFO - ✅ Preview com PDF temporário criado
2025-07-07 18:21:00,035 - ERROR - ❌ Erro com VisualizadorRelatorio: name 'visualizador' is not defined
2025-07-07 18:21:00,086 - INFO - 🔄 Tentando preview alternativo...
2025-07-07 18:21:00,118 - INFO - 🔧 CRIANDO PREVIEW COM PDF TEMPORÁRIO
2025-07-07 18:21:00,253 - INFO - ✅ Preview com PDF temporário criado
2025-07-07 18:21:00,614 - INFO - 🔧 GERANDO PDF TEMPORÁRIO COM ORDENAÇÕES PRESERVADAS
2025-07-07 18:21:00,618 - INFO - 📄 Criando PDF temporário: PREVIEW_ANA_AUGUSTA_PIRES_COUTINHO_20250707_182100.pdf
2025-07-07 18:21:00,621 - INFO - === INICIANDO ADIÇÃO DO CABEÇALHO ===
2025-07-07 18:21:00,628 - INFO - Tentando carregar logo: c:\Users\Obras\Documents\GitHub\Sistema-Financeiro\src\logo1.png
2025-07-07 18:21:00,631 - INFO - Logo carregada com sucesso!
2025-07-07 18:21:00,640 - INFO - Criando cabeçalho COM logo
2025-07-07 18:21:00,642 - INFO - Informações do cliente adicionadas com sucesso
2025-07-07 18:21:00,650 - INFO - === CABEÇALHO CONCLUÍDO COM SUCESSO ===
2025-07-07 18:21:00,668 - INFO - Iniciando adição de detalhes ao relatório
2025-07-07 18:21:00,789 - INFO - Detalhes adicionados com sucesso
2025-07-07 18:21:00,903 - INFO - ✅ PDF temporário gerado: C:\Users\Obras\AppData\Local\Temp\PREVIEW_ANA_AUGUSTA_PIRES_COUTINHO_20250707_182100.pdf
2025-07-07 18:21:00,904 - INFO - ✅ PDF temporário válido: 51,010 bytes
2025-07-07 18:21:00,909 - INFO - ✅ PDF temporário: C:\Users\Obras\AppData\Local\Temp\PREVIEW_ANA_AUGUSTA_PIRES_COUTINHO_20250707_182100.pdf
2025-07-07 18:21:00,915 - INFO - 🔧 GERANDO PDF TEMPORÁRIO COM ORDENAÇÕES PRESERVADAS
2025-07-07 18:21:00,916 - INFO - 📄 Criando PDF temporário: PREVIEW_ANA_AUGUSTA_PIRES_COUTINHO_20250707_182100.pdf
2025-07-07 18:21:00,917 - INFO - === INICIANDO ADIÇÃO DO CABEÇALHO ===
2025-07-07 18:21:00,918 - INFO - Tentando carregar logo: c:\Users\Obras\Documents\GitHub\Sistema-Financeiro\src\logo1.png
2025-07-07 18:21:00,919 - INFO - Logo carregada com sucesso!
2025-07-07 18:21:00,919 - INFO - Criando cabeçalho COM logo
2025-07-07 18:21:00,922 - INFO - Informações do cliente adicionadas com sucesso
2025-07-07 18:21:00,923 - INFO - === CABEÇALHO CONCLUÍDO COM SUCESSO ===
2025-07-07 18:21:00,936 - INFO - Iniciando adição de detalhes ao relatório
2025-07-07 18:21:01,038 - INFO - Detalhes adicionados com sucesso
2025-07-07 18:21:01,165 - INFO - ✅ PDF temporário gerado: C:\Users\Obras\AppData\Local\Temp\PREVIEW_ANA_AUGUSTA_PIRES_COUTINHO_20250707_182100.pdf
2025-07-07 18:21:01,166 - INFO - ✅ PDF temporário válido: 51,010 bytes
2025-07-07 18:21:01,167 - INFO - ✅ PDF temporário: C:\Users\Obras\AppData\Local\Temp\PREVIEW_ANA_AUGUSTA_PIRES_COUTINHO_20250707_182100.pdf
2025-07-07 18:21:13,208 - INFO - 📖 Abrindo PDF temporário: C:\Users\Obras\AppData\Local\Temp\PREVIEW_ANA_AUGUSTA_PIRES_COUTINHO_20250707_182100.pdf
2025-07-07 18:22:46,895 - INFO - 🗑️ PDF temporário removido: C:\Users\Obras\AppData\Local\Temp\PREVIEW_ANA_AUGUSTA_PIRES_COUTINHO_20250707_182100.pdf
2025-07-07 18:22:55,374 - INFO - Solicitado retorno ao menu principal
2025-07-07 18:22:55,375 - INFO - Não há menu principal válido, fechando aplicação
2025-07-07 18:32:27,190 - INFO - Carregando clientes de: C:\Users\Obras\sistema_gestao_testes\testes\Financeiro\Planilhas_Base\clientes.xlsx
2025-07-07 18:32:27,285 - INFO - Colunas disponíveis: ['Nome', 'Endereço', 'Data Inicial', 'Observações', 'Data Final']
2025-07-07 18:32:27,292 - INFO - Coluna de status: Data Final
2025-07-07 18:32:27,311 - INFO - Coluna de nome: Nome
2025-07-07 18:32:27,312 - INFO - Total de clientes ativos encontrados: 14
2025-07-07 18:32:27,314 - INFO - Lista de clientes atualizada com 15 clientes
2025-07-07 18:32:27,361 - INFO - Carregando clientes de: C:\Users\Obras\sistema_gestao_testes\testes\Financeiro\Planilhas_Base\clientes.xlsx
2025-07-07 18:32:27,385 - INFO - Colunas disponíveis: ['Nome', 'Endereço', 'Data Inicial', 'Observações', 'Data Final']
2025-07-07 18:32:27,392 - INFO - Coluna de status: Data Final
2025-07-07 18:32:27,394 - INFO - Coluna de nome: Nome
2025-07-07 18:32:27,396 - INFO - Total de clientes ativos encontrados: 14
2025-07-07 18:32:27,397 - INFO - Lista de clientes carregada com 15 itens
2025-07-07 18:32:28,932 - INFO - Data calculada automaticamente: 20/07/2025
2025-07-07 18:32:28,934 - INFO - Data calculada automaticamente: 20/07/2025
2025-07-07 18:32:32,183 - INFO - Modo manual ativado
2025-07-07 18:32:40,096 - INFO - Cliente selecionado: ANA AUGUSTA PIRES COUTINHO
2025-07-07 18:32:40,098 - INFO - Arquivo encontrado: C:\Users\Obras\sistema_gestao_testes\testes\Financeiro\Clientes\ANA AUGUSTA PIRES COUTINHO.xlsx
2025-07-07 18:32:40,108 - INFO - Arquivo encontrado: C:\Users\Obras\sistema_gestao_testes\testes\Financeiro\Clientes\ANA AUGUSTA PIRES COUTINHO.xlsx
2025-07-07 18:32:41,966 - INFO - 🔍 INICIANDO gerar_relatorio para: despesas
2025-07-07 18:32:41,967 - INFO - 🎯 PROCESSANDO: Relatório de despesas
2025-07-07 18:32:41,968 - INFO - 🎯 PROCESSANDO DESPESAS - ARQUITETURA LIMPA
2025-07-07 18:32:41,969 - INFO - Data final obtida: 2025-06-20 00:00:00 (tipo: <class 'datetime.datetime'>)
2025-07-07 18:32:41,970 - INFO - ✅ Arquivo encontrado em arquivo_cliente_selecionado: C:\Users\Obras\sistema_gestao_testes\testes\Financeiro\Clientes\ANA AUGUSTA PIRES COUTINHO.xlsx
2025-07-07 18:32:41,971 - INFO - ✅ Arquivo final nas configurações: C:\Users\Obras\sistema_gestao_testes\testes\Financeiro\Clientes\ANA AUGUSTA PIRES COUTINHO.xlsx
2025-07-07 18:32:41,972 - INFO - ✅ Configurações coletadas
2025-07-07 18:32:41,974 - INFO - ✅ Arquivo confirmado: ANA AUGUSTA PIRES COUTINHO.xlsx
2025-07-07 18:32:43,879 - INFO - Modo selecionado: Preview
2025-07-07 18:32:43,880 - INFO - 🎯 EXECUTANDO COM PREVIEW - DELEGAÇÃO PARA SERVIÇO
2025-07-07 18:32:43,894 - INFO - 🔧 Delegando processamento para RelatoriosDespesasService...
2025-07-07 18:32:44,123 - INFO - df_filtrado final: 29 registros
2025-07-07 18:32:44,124 - INFO - Colunas finais do df_filtrado: ['DATA_REL', 'TP_DESP', 'CNPJ_CPF', 'NOME', 'REFERÊNCIA', 'NF', 'VR_UNIT', 'DIAS', 'VALOR', 'DT_VENCTO', 'CATEGORIA', 'DADOS_BANCARIOS', 'OBSERVAÇÃO', 'STATUS', 'ID_LANCAMENTO', 'HISTORICO_ALTERACAO', 'RELATÓRIO']
2025-07-07 18:32:44,126 - INFO - Tipos de despesa únicos: [2 3 5]
2025-07-07 18:32:44,310 - INFO - 
Obtendo número do relatório para data 2025-06-20 00:00:00
2025-07-07 18:32:44,311 - INFO - Número do relatório calculado: 9
2025-07-07 18:32:44,311 - INFO - Calculando acumulado para data 2025-06-20 00:00:00
2025-07-07 18:32:44,313 - INFO - Acumulado - registros após filtrar excluídos: 251
2025-07-07 18:32:44,322 - INFO - Valor acumulado calculado (apenas ativos): 324,276.63
2025-07-07 18:32:44,325 - INFO - ✅ Dados processados pelo serviço
2025-07-07 18:32:44,329 - INFO - 🔧 Abrindo preview com dados do serviço...
2025-07-07 18:32:44,330 - INFO - 🎯 MOSTRANDO PREVIEW COM DADOS DO SERVIÇO - VERSÃO CORRIGIDA
2025-07-07 18:32:44,338 - INFO - ✅ Importado de src.relatorio_despesas_aprimorado
2025-07-07 18:32:44,383 - INFO - 🔧 CRIANDO PREVIEW COM PDF TEMPORÁRIO
2025-07-07 18:32:44,968 - INFO - ✅ Preview com PDF temporário criado
2025-07-07 18:32:44,974 - ERROR - ❌ Erro com VisualizadorRelatorio: name 'visualizador' is not defined
2025-07-07 18:32:44,976 - INFO - 🔄 Tentando preview alternativo...
2025-07-07 18:32:45,011 - INFO - 🔧 CRIANDO PREVIEW COM PDF TEMPORÁRIO
2025-07-07 18:32:45,158 - INFO - ✅ Preview com PDF temporário criado
2025-07-07 18:32:45,470 - INFO - 🔧 GERANDO PDF TEMPORÁRIO COM ORDENAÇÕES PRESERVADAS
2025-07-07 18:32:45,473 - INFO - 📄 Criando PDF temporário: PREVIEW_ANA_AUGUSTA_PIRES_COUTINHO_20250707_183245.pdf
2025-07-07 18:32:45,475 - INFO - === INICIANDO ADIÇÃO DO CABEÇALHO ===
2025-07-07 18:32:45,475 - INFO - Tentando carregar logo: c:\Users\Obras\Documents\GitHub\Sistema-Financeiro\src\logo1.png
2025-07-07 18:32:45,476 - INFO - Logo carregada com sucesso!
2025-07-07 18:32:45,477 - INFO - Criando cabeçalho COM logo
2025-07-07 18:32:45,479 - INFO - Informações do cliente adicionadas com sucesso
2025-07-07 18:32:45,480 - INFO - === CABEÇALHO CONCLUÍDO COM SUCESSO ===
2025-07-07 18:32:45,492 - INFO - Iniciando adição de detalhes ao relatório
2025-07-07 18:32:45,597 - INFO - Detalhes adicionados com sucesso
2025-07-07 18:32:45,706 - INFO - ✅ PDF temporário gerado: C:\Users\Obras\AppData\Local\Temp\PREVIEW_ANA_AUGUSTA_PIRES_COUTINHO_20250707_183245.pdf
2025-07-07 18:32:45,707 - INFO - ✅ PDF temporário válido: 50,993 bytes
2025-07-07 18:32:45,712 - INFO - ✅ PDF temporário: C:\Users\Obras\AppData\Local\Temp\PREVIEW_ANA_AUGUSTA_PIRES_COUTINHO_20250707_183245.pdf
2025-07-07 18:32:45,714 - INFO - 🔧 GERANDO PDF TEMPORÁRIO COM ORDENAÇÕES PRESERVADAS
2025-07-07 18:32:45,715 - INFO - 📄 Criando PDF temporário: PREVIEW_ANA_AUGUSTA_PIRES_COUTINHO_20250707_183245.pdf
2025-07-07 18:32:45,715 - INFO - === INICIANDO ADIÇÃO DO CABEÇALHO ===
2025-07-07 18:32:45,716 - INFO - Tentando carregar logo: c:\Users\Obras\Documents\GitHub\Sistema-Financeiro\src\logo1.png
2025-07-07 18:32:45,717 - INFO - Logo carregada com sucesso!
2025-07-07 18:32:45,718 - INFO - Criando cabeçalho COM logo
2025-07-07 18:32:45,720 - INFO - Informações do cliente adicionadas com sucesso
2025-07-07 18:32:45,723 - INFO - === CABEÇALHO CONCLUÍDO COM SUCESSO ===
2025-07-07 18:32:45,736 - INFO - Iniciando adição de detalhes ao relatório
2025-07-07 18:32:45,847 - INFO - Detalhes adicionados com sucesso
2025-07-07 18:32:45,952 - INFO - ✅ PDF temporário gerado: C:\Users\Obras\AppData\Local\Temp\PREVIEW_ANA_AUGUSTA_PIRES_COUTINHO_20250707_183245.pdf
2025-07-07 18:32:45,954 - INFO - ✅ PDF temporário válido: 50,993 bytes
2025-07-07 18:32:45,955 - INFO - ✅ PDF temporário: C:\Users\Obras\AppData\Local\Temp\PREVIEW_ANA_AUGUSTA_PIRES_COUTINHO_20250707_183245.pdf
2025-07-07 18:32:47,947 - INFO - 📖 Abrindo PDF temporário: C:\Users\Obras\AppData\Local\Temp\PREVIEW_ANA_AUGUSTA_PIRES_COUTINHO_20250707_183245.pdf
2025-07-07 18:33:54,110 - INFO - 🗑️ PDF temporário removido: C:\Users\Obras\AppData\Local\Temp\PREVIEW_ANA_AUGUSTA_PIRES_COUTINHO_20250707_183245.pdf
