2025-10-17 17:45:01,729 - INFO - Carregando clientes de: H:\.shortcut-targets-by-id\195uuohIL_ZKum7lhwu-OzJCH_CGAb97G\Relatórios\Financeiro\Planilhas_Base\clientes.xlsx
2025-10-17 17:45:01,792 - INFO - Colunas disponíveis: ['Nome', 'Endereço', 'Data Inicial', 'Observações', 'Data Final', 'Unnamed: 5']
2025-10-17 17:45:01,792 - INFO - Coluna de status: Data Final
2025-10-17 17:45:01,792 - INFO - Coluna de nome: Nome
2025-10-17 17:45:01,792 - INFO - Total de clientes ativos encontrados: 17
2025-10-17 17:45:01,792 - INFO - Lista de clientes atualizada com 18 clientes
2025-10-17 17:45:01,833 - INFO - 🎉 SISTEMA INTEGRADO INICIADO COM SUCESSO!
2025-10-17 17:45:01,834 - INFO - Carregando clientes de: H:\.shortcut-targets-by-id\195uuohIL_ZKum7lhwu-OzJCH_CGAb97G\Relatórios\Financeiro\Planilhas_Base\clientes.xlsx
2025-10-17 17:45:01,868 - INFO - Colunas disponíveis: ['Nome', 'Endereço', 'Data Inicial', 'Observações', 'Data Final', 'Unnamed: 5']
2025-10-17 17:45:01,869 - INFO - Coluna de status: Data Final
2025-10-17 17:45:01,870 - INFO - Coluna de nome: Nome
2025-10-17 17:45:01,870 - INFO - Total de clientes ativos encontrados: 17
2025-10-17 17:45:01,873 - INFO - Lista de clientes carregada com 18 itens
2025-10-17 17:45:06,664 - INFO - Data calculada automaticamente: 20/10/2025
2025-10-17 17:45:06,664 - INFO - Data calculada automaticamente: 20/10/2025
2025-10-17 17:45:12,182 - INFO - Cliente selecionado: ELLIAS MAGALHAES E ABREU LIMA
2025-10-17 17:45:12,198 - INFO - Arquivo encontrado: H:\.shortcut-targets-by-id\195uuohIL_ZKum7lhwu-OzJCH_CGAb97G\Relatórios\Financeiro\Clientes\ELLIAS MAGALHAES E ABREU LIMA.xlsx
2025-10-17 17:45:12,198 - INFO - Arquivo encontrado: H:\.shortcut-targets-by-id\195uuohIL_ZKum7lhwu-OzJCH_CGAb97G\Relatórios\Financeiro\Clientes\ELLIAS MAGALHAES E ABREU LIMA.xlsx
2025-10-17 17:45:16,260 - INFO - 🔍 INICIANDO gerar_relatorio para: despesas
2025-10-17 17:45:16,276 - INFO - 🎯 PROCESSANDO: Relatório de despesas
2025-10-17 17:45:16,276 - INFO - 🎯 PROCESSANDO DESPESAS - ARQUITETURA LIMPA
2025-10-17 17:45:16,276 - INFO - Data final obtida: 2025-10-20 00:00:00 (tipo: <class 'datetime.datetime'>)
2025-10-17 17:45:16,276 - INFO - ✅ Arquivo encontrado em arquivo_cliente_selecionado: H:\.shortcut-targets-by-id\195uuohIL_ZKum7lhwu-OzJCH_CGAb97G\Relatórios\Financeiro\Clientes\ELLIAS MAGALHAES E ABREU LIMA.xlsx
2025-10-17 17:45:16,276 - INFO - ✅ Arquivo final nas configurações: H:\.shortcut-targets-by-id\195uuohIL_ZKum7lhwu-OzJCH_CGAb97G\Relatórios\Financeiro\Clientes\ELLIAS MAGALHAES E ABREU LIMA.xlsx
2025-10-17 17:45:16,276 - INFO - ✅ Configurações coletadas
2025-10-17 17:45:16,283 - INFO - ✅ Arquivo confirmado: ELLIAS MAGALHAES E ABREU LIMA.xlsx
2025-10-17 17:45:18,052 - INFO - Modo selecionado: Preview
2025-10-17 17:45:18,052 - INFO - 🎯 EXECUTANDO COM PREVIEW DIRETO - PDF TEMPORÁRIO
2025-10-17 17:45:18,266 - INFO - df_filtrado final: 29 registros
2025-10-17 17:45:18,266 - INFO - Colunas finais do df_filtrado: ['DATA_REL', 'TP_DESP', 'CNPJ_CPF', 'NOME', 'REFERÊNCIA', 'NF', 'VR_UNIT', 'DIAS', 'VALOR', 'DT_VENCTO', 'CATEGORIA', 'DADOS_BANCARIOS', 'OBSERVAÇÃO', 'STATUS', 'ID_LANCAMENTO', 'HISTORICO_ALTERACAO', 'ETAPA_OBRA', 'INSUMO']
2025-10-17 17:45:18,266 - INFO - Tipos de despesa únicos: [2 3 5]
2025-10-17 17:45:18,406 - INFO - 
Obtendo número do relatório para data 2025-10-20 00:00:00
2025-10-17 17:45:18,406 - INFO - Número do relatório calculado: 5
2025-10-17 17:45:18,406 - INFO - Calculando acumulado para data 2025-10-20 00:00:00
2025-10-17 17:45:18,406 - INFO - Acumulado - registros após filtrar excluídos: 124
2025-10-17 17:45:18,421 - INFO - Valor acumulado calculado (apenas ativos): 515,825.06
2025-10-17 17:45:18,429 - INFO - 🔧 GERANDO PDF TEMPORÁRIO COM ORDENAÇÕES PRESERVADAS
2025-10-17 17:45:18,432 - INFO - 📄 Criando PDF temporário: PREVIEW_ELLIAS_MAGALHAES_E_ABREU_LIMA_20251017_174518.pdf
2025-10-17 17:45:18,432 - INFO - === INICIANDO ADIÇÃO DO CABEÇALHO ===
2025-10-17 17:45:18,434 - INFO - Tentando carregar logo: C:\Users\Obras\Documents\GitHub\Sistema-Financeiro\src\logo1.png
2025-10-17 17:45:18,434 - INFO - Logo carregada com sucesso!
2025-10-17 17:45:18,434 - INFO - Criando cabeçalho COM logo
2025-10-17 17:45:18,434 - INFO - Informações do cliente adicionadas com sucesso
2025-10-17 17:45:18,434 - INFO - === CABEÇALHO CONCLUÍDO COM SUCESSO ===
2025-10-17 17:45:18,447 - INFO - Iniciando adição de detalhes ao relatório
2025-10-17 17:45:18,547 - INFO - Detalhes adicionados com sucesso
2025-10-17 17:45:18,737 - INFO - ✅ PDF temporário gerado: C:\Users\Obras\AppData\Local\Temp\PREVIEW_ELLIAS_MAGALHAES_E_ABREU_LIMA_20251017_174518.pdf
2025-10-17 17:45:18,738 - INFO - ✅ PDF temporário válido: 51,800 bytes
2025-10-17 17:45:19,004 - INFO - ✅ Janela de decisão criada
2025-10-17 17:56:46,401 - INFO - 🗑️ PDF temporário agendado para remoção: PREVIEW_ELLIAS_MAGALHAES_E_ABREU_LIMA_20251017_174518.pdf
2025-10-17 17:56:47,846 - INFO - Solicitado retorno ao menu principal
2025-10-17 17:56:47,846 - INFO - Retornando ao menu principal existente
2025-10-17 17:56:47,961 - INFO - Retorno ao menu principal concluído
2025-10-17 17:56:50,995 - INFO - Saída confirmada, finalizando sistema
2025-10-17 17:56:51,082 - INFO - Ação concluída: Gerar relatório
