2025-04-07 17:48:24,093 - INFO - Iniciando RelatorioUI
2025-04-07 17:48:24,246 - INFO - Iniciando configuração da interface
2025-04-07 17:48:24,305 - INFO - Interface configurada com sucesso
2025-04-07 17:49:07,505 - INFO - Iniciando geração de relatório para arquivo: H:/.shortcut-targets-by-id/195uuohIL_ZKum7lhwu-OzJCH_CGAb97G/Relatórios/Financeiro/Clientes/EDUARDO MORENO MARQUES.1.xlsx
2025-04-07 17:49:08,069 - INFO - 
Obtendo número do relatório para data 2025-04-05 00:00:00
2025-04-07 17:49:08,070 - INFO - Número do relatório calculado: 17
2025-04-07 17:49:08,071 - INFO - Calculando acumulado para data 2025-04-05 00:00:00
2025-04-07 17:49:08,082 - INFO - Valor acumulado calculado: 786,399.93
2025-04-07 17:49:08,083 - INFO - Número do relatório: 17
2025-04-07 17:49:08,083 - INFO - Valor acumulado calculado: 786,399.93
2025-04-07 17:49:08,098 - INFO - Iniciando adição de detalhes ao relatório
2025-04-07 17:49:08,206 - INFO - Detalhes adicionados com sucesso
2025-04-07 17:49:08,206 - ERROR - Erro na geração do relatório: 'RelatorioHandler' object has no attribute 'carregar_taxas_administracao'
Traceback (most recent call last):
  File "c:\Users\Obras\Documents\GitHub\Sistema-Financeiro\src\relatorio_despesas_aprimorado.py", line 2012, in gerar_relatorio_pdf
    df_taxas = self.carregar_taxas_administracao(arquivo_excel)
               ^^^^^^^^^^^^^^^^^^^^^^^^^^^^^^^^^
AttributeError: 'RelatorioHandler' object has no attribute 'carregar_taxas_administracao'
2025-04-07 17:49:08,213 - ERROR - Erro ao gerar relatório: 'RelatorioHandler' object has no attribute 'carregar_taxas_administracao'
Traceback (most recent call last):
  File "c:\Users\Obras\Documents\GitHub\Sistema-Financeiro\src\relatorio_despesas_aprimorado.py", line 247, in gerar_relatorio
    self.handler.gerar_relatorio_pdf(dados_completos, caminho_output, self.arquivo_path)
  File "c:\Users\Obras\Documents\GitHub\Sistema-Financeiro\src\relatorio_despesas_aprimorado.py", line 2012, in gerar_relatorio_pdf
    df_taxas = self.carregar_taxas_administracao(arquivo_excel)
               ^^^^^^^^^^^^^^^^^^^^^^^^^^^^^^^^^
AttributeError: 'RelatorioHandler' object has no attribute 'carregar_taxas_administracao'
2025-04-07 17:50:45,446 - INFO - Iniciando RelatorioUI
2025-04-07 17:50:45,586 - INFO - Iniciando configuração da interface
2025-04-07 17:50:45,642 - INFO - Interface configurada com sucesso
2025-04-07 17:50:57,464 - INFO - Iniciando geração de relatório para arquivo: H:/.shortcut-targets-by-id/195uuohIL_ZKum7lhwu-OzJCH_CGAb97G/Relatórios/Financeiro/Clientes/EDUARDO MORENO MARQUES.1.xlsx
2025-04-07 17:50:57,936 - INFO - 
Obtendo número do relatório para data 2025-04-05 00:00:00
2025-04-07 17:50:57,938 - INFO - Número do relatório calculado: 17
2025-04-07 17:50:57,938 - INFO - Calculando acumulado para data 2025-04-05 00:00:00
2025-04-07 17:50:57,946 - INFO - Valor acumulado calculado: 786,399.93
2025-04-07 17:50:57,947 - INFO - Número do relatório: 17
2025-04-07 17:50:57,947 - INFO - Valor acumulado calculado: 786,399.93
2025-04-07 17:50:57,961 - INFO - Iniciando adição de detalhes ao relatório
2025-04-07 17:50:58,069 - INFO - Detalhes adicionados com sucesso
