2025-07-04 09:40:06,640 - INFO - Iniciando relatório de despesas - versão final
2025-07-04 09:40:09,308 - INFO - Iniciando RelatorioUI
2025-07-04 09:40:09,308 - INFO - Iniciando configuração da interface
2025-07-04 09:40:09,329 - INFO - Interface configurada com sucesso
2025-07-04 09:40:09,329 - INFO - Configurações aplicadas na interface integrada
2025-07-04 09:40:12,488 - INFO - Iniciando geração de relatório para arquivo: C:/Users/Obras/sistema_gestao_testes/testes/Financeiro/Clientes/RONALDO ROLIM DE OLIVEIRA.xlsx
2025-07-04 09:40:12,488 - INFO - Incluir excluídos: False
2025-07-04 09:40:13,750 - INFO - df_filtrado final: 28 registros
2025-07-04 09:40:13,750 - INFO - Colunas finais do df_filtrado: ['DATA_REL', 'TP_DESP', 'CNPJ_CPF', 'NOME', 'REFERÊNCIA', 'NF', 'VR_UNIT', 'DIAS', 'VALOR', 'DT_VENCTO', 'CATEGORIA', 'DADOS_BANCARIOS', 'OBSERVAÇÃO', 'STATUS', 'ID_LANCAMENTO', 'HISTORICO_ALTERACAO']
2025-07-04 09:40:13,762 - INFO - Tipos de despesa únicos: [2 3 4 5]
2025-07-04 09:40:13,763 - WARNING - Método processar_lancamentos_futuros não encontrado, pulando lançamentos futuros
2025-07-04 09:40:14,945 - INFO - 
Obtendo número do relatório para data 2025-07-05 00:00:00
2025-07-04 09:40:14,945 - INFO - Número do relatório calculado: 66
2025-07-04 09:40:14,945 - INFO - Calculando acumulado para data 2025-07-05 00:00:00
2025-07-04 09:40:14,945 - INFO - Acumulado - registros após filtrar excluídos: 3220
2025-07-04 09:40:14,983 - INFO - Valor acumulado calculado (apenas ativos): 6,869,954.90
2025-07-04 09:40:14,984 - INFO - Número do relatório: 66
2025-07-04 09:40:14,984 - INFO - Valor acumulado calculado: 6,869,954.90
2025-07-04 09:40:17,533 - INFO - === INICIANDO ADIÇÃO DO CABEÇALHO ===
2025-07-04 09:40:17,533 - INFO - Tentando carregar logo: C:\Users\Obras\Documents\GitHub\Sistema-Financeiro\src\logo1.png
2025-07-04 09:40:17,533 - INFO - Logo carregada com sucesso!
2025-07-04 09:40:17,533 - INFO - Criando cabeçalho COM logo
2025-07-04 09:40:17,533 - INFO - Informações do cliente adicionadas com sucesso
2025-07-04 09:40:17,533 - INFO - === CABEÇALHO CONCLUÍDO COM SUCESSO ===
2025-07-04 09:40:17,533 - INFO - Iniciando adição de detalhes ao relatório
2025-07-04 09:40:17,786 - INFO - Detalhes adicionados com sucesso
2025-07-04 09:40:51,223 - INFO - Iniciando relatório de despesas - versão final
2025-07-04 09:40:52,966 - INFO - Iniciando RelatorioUI
2025-07-04 09:40:52,966 - INFO - Iniciando configuração da interface
2025-07-04 09:40:52,995 - INFO - Interface configurada com sucesso
2025-07-04 09:40:53,000 - INFO - Configurações aplicadas na interface integrada
2025-07-04 09:40:56,568 - INFO - Iniciando geração de relatório para arquivo: C:/Users/Obras/sistema_gestao_testes/testes/Financeiro/Clientes/RONALDO ROLIM DE OLIVEIRA.xlsx
2025-07-04 09:40:56,568 - INFO - Incluir excluídos: False
2025-07-04 09:40:58,145 - INFO - df_filtrado final: 28 registros
2025-07-04 09:40:58,145 - INFO - Colunas finais do df_filtrado: ['DATA_REL', 'TP_DESP', 'CNPJ_CPF', 'NOME', 'REFERÊNCIA', 'NF', 'VR_UNIT', 'DIAS', 'VALOR', 'DT_VENCTO', 'CATEGORIA', 'DADOS_BANCARIOS', 'OBSERVAÇÃO', 'STATUS', 'ID_LANCAMENTO', 'HISTORICO_ALTERACAO']
2025-07-04 09:40:58,145 - INFO - Tipos de despesa únicos: [2 3 4 5]
2025-07-04 09:40:58,145 - WARNING - Método processar_lancamentos_futuros não encontrado, pulando lançamentos futuros
2025-07-04 09:40:59,411 - INFO - 
Obtendo número do relatório para data 2025-07-05 00:00:00
2025-07-04 09:40:59,411 - INFO - Número do relatório calculado: 66
2025-07-04 09:40:59,411 - INFO - Calculando acumulado para data 2025-07-05 00:00:00
2025-07-04 09:40:59,411 - INFO - Acumulado - registros após filtrar excluídos: 3220
2025-07-04 09:40:59,441 - INFO - Valor acumulado calculado (apenas ativos): 6,869,954.90
2025-07-04 09:40:59,442 - INFO - Número do relatório: 66
2025-07-04 09:40:59,442 - INFO - Valor acumulado calculado: 6,869,954.90
2025-07-04 09:41:24,782 - INFO - === INICIANDO ADIÇÃO DO CABEÇALHO ===
2025-07-04 09:41:24,784 - INFO - Tentando carregar logo: C:\Users\Obras\Documents\GitHub\Sistema-Financeiro\src\logo1.png
2025-07-04 09:41:24,785 - INFO - Logo carregada com sucesso!
2025-07-04 09:41:24,785 - INFO - Criando cabeçalho COM logo
2025-07-04 09:41:24,787 - INFO - Informações do cliente adicionadas com sucesso
2025-07-04 09:41:24,787 - INFO - === CABEÇALHO CONCLUÍDO COM SUCESSO ===
2025-07-04 09:41:24,796 - INFO - Iniciando adição de detalhes ao relatório
2025-07-04 09:41:24,934 - INFO - Detalhes adicionados com sucesso
2025-07-04 10:11:04,638 - INFO - Módulo fallback carregado: src.relatorio_despesas_aprimorado
2025-07-04 10:11:04,653 - INFO - Iniciando RelatorioUI
2025-07-04 10:11:04,669 - INFO - Iniciando configuração da interface
2025-07-04 10:11:04,774 - INFO - Interface configurada com sucesso
2025-07-04 10:11:43,652 - INFO - Executando ação: Gerar relatório
2025-07-04 10:11:43,653 - INFO - Tentando abrir sistema de relatórios
2025-07-04 10:11:43,654 - INFO - Usuário alterado para: sistema_principal
2025-07-04 10:11:43,655 - INFO - Abrindo sistema de relatórios
2025-07-04 10:11:43,656 - INFO - Tentativa 1: Carregando sistema integrado de relatórios
2025-07-04 10:11:43,909 - WARNING - Falha na estratégia 1: expected 'except' or 'finally' block (relatorios_interface.py, line 2994)
2025-07-04 10:11:43,910 - INFO - Tentativa 2: Carregando sistema de relatórios simples
2025-07-04 10:11:43,911 - INFO - Cache limpo (fallback): src.relatorio_despesas_aprimorado
2025-07-04 10:11:43,916 - INFO - Módulo fallback carregado: src.relatorio_despesas_aprimorado
2025-07-04 10:11:43,935 - INFO - Iniciando RelatorioUI
2025-07-04 10:11:43,966 - INFO - Iniciando configuração da interface
2025-07-04 10:11:44,023 - INFO - Interface configurada com sucesso
2025-07-04 10:12:17,716 - INFO - Saída confirmada, finalizando sistema
2025-07-04 10:12:17,761 - INFO - Ação concluída: Gerar relatório
2025-07-04 10:12:17,794 - INFO - Ação concluída: Gerar relatório
2025-07-04 10:28:20,801 - INFO - Iniciando relatório de despesas - versão final
2025-07-04 10:28:23,145 - INFO - Iniciando RelatorioUI
2025-07-04 10:28:23,145 - INFO - Iniciando configuração da interface
2025-07-04 10:28:23,173 - INFO - Interface configurada com sucesso
2025-07-04 10:28:23,173 - INFO - Configurações aplicadas na interface integrada
2025-07-04 10:28:27,569 - INFO - Iniciando geração de relatório para arquivo: C:/Users/Obras/sistema_gestao_testes/testes/Financeiro/Clientes/GILMAR ALMEIDA PORTUGAL.xlsx
2025-07-04 10:28:27,571 - INFO - Incluir excluídos: False
2025-07-04 10:28:28,192 - INFO - df_filtrado final: 36 registros
2025-07-04 10:28:28,193 - INFO - Colunas finais do df_filtrado: ['DATA_REL', 'TP_DESP', 'CNPJ_CPF', 'NOME', 'REFERÊNCIA', 'NF', 'VR_UNIT', 'DIAS', 'VALOR', 'DT_VENCTO', 'CATEGORIA', 'DADOS_BANCARIOS', 'OBSERVAÇÃO', 'STATUS', 'ID_LANCAMENTO', 'HISTORICO_ALTERACAO']
2025-07-04 10:28:28,194 - INFO - Tipos de despesa únicos: [2 3 5]
2025-07-04 10:28:28,195 - WARNING - Método processar_lancamentos_futuros não encontrado, pulando lançamentos futuros
2025-07-04 10:28:28,718 - INFO - 
Obtendo número do relatório para data 2025-07-05 00:00:00
2025-07-04 10:28:28,718 - INFO - Número do relatório calculado: 29
2025-07-04 10:28:28,719 - INFO - Calculando acumulado para data 2025-07-05 00:00:00
2025-07-04 10:28:28,721 - INFO - Acumulado - registros após filtrar excluídos: 1329
2025-07-04 10:28:28,732 - INFO - Valor acumulado calculado (apenas ativos): 3,871,156.75
2025-07-04 10:28:28,732 - INFO - Número do relatório: 29
2025-07-04 10:28:28,733 - INFO - Valor acumulado calculado: 3,871,156.75
2025-07-04 10:28:41,697 - INFO - Solicitado retorno ao menu principal
2025-07-04 10:28:41,698 - INFO - Retornando ao menu principal existente
2025-07-04 10:28:41,785 - INFO - Retorno ao menu principal concluído
2025-07-04 10:28:45,433 - INFO - Saída confirmada, finalizando sistema
2025-07-04 10:28:45,475 - INFO - Ação concluída: Gerar relatório
2025-07-04 10:50:39,197 - INFO - Iniciando relatório de despesas - versão final
2025-07-04 10:50:41,063 - INFO - Iniciando RelatorioUI
2025-07-04 10:50:41,064 - INFO - Iniciando configuração da interface
2025-07-04 10:50:41,091 - INFO - Interface configurada com sucesso
2025-07-04 10:50:41,095 - INFO - Configurações aplicadas na interface integrada
2025-07-04 10:51:57,497 - INFO - Solicitado retorno ao menu principal
2025-07-04 10:51:57,498 - INFO - Retornando ao menu principal existente
2025-07-04 10:51:57,574 - INFO - Retorno ao menu principal concluído
2025-07-04 10:52:01,623 - INFO - Saída confirmada, finalizando sistema
2025-07-04 10:52:01,692 - INFO - Ação concluída: Gerar relatório
2025-07-04 10:52:34,960 - INFO - Iniciando relatório de despesas - versão final
2025-07-04 10:52:37,559 - INFO - Iniciando RelatorioUI
2025-07-04 10:52:37,561 - INFO - Iniciando configuração da interface
2025-07-04 10:52:37,582 - INFO - Interface configurada com sucesso
2025-07-04 10:52:37,589 - INFO - Configurações aplicadas na interface integrada
2025-07-04 10:53:05,488 - INFO - Iniciando geração de relatório para arquivo: C:/Users/Obras/sistema_gestao_testes/testes/Financeiro/Clientes/EDUARDO MORENO MARQUES.xlsx
2025-07-04 10:53:05,490 - INFO - Incluir excluídos: False
2025-07-04 10:53:05,916 - INFO - df_filtrado final: 26 registros
2025-07-04 10:53:05,917 - INFO - Colunas finais do df_filtrado: ['DATA_REL', 'TP_DESP', 'CNPJ_CPF', 'NOME', 'REFERÊNCIA', 'NF', 'VR_UNIT', 'DIAS', 'VALOR', 'DT_VENCTO', 'CATEGORIA', 'DADOS_BANCARIOS', 'OBSERVAÇÃO', 'STATUS', 'ID_LANCAMENTO', 'HISTORICO_ALTERACAO']
2025-07-04 10:53:05,918 - INFO - Tipos de despesa únicos: [2 3 5]
2025-07-04 10:53:05,919 - WARNING - Método processar_lancamentos_futuros não encontrado, pulando lançamentos futuros
2025-07-04 10:53:06,239 - INFO - 
Obtendo número do relatório para data 2025-07-05 00:00:00
2025-07-04 10:53:06,240 - INFO - Número do relatório calculado: 23
2025-07-04 10:53:06,240 - INFO - Calculando acumulado para data 2025-07-05 00:00:00
2025-07-04 10:53:06,242 - INFO - Acumulado - registros após filtrar excluídos: 704
2025-07-04 10:53:06,252 - INFO - Valor acumulado calculado (apenas ativos): 1,177,709.61
2025-07-04 10:53:06,253 - INFO - Número do relatório: 23
2025-07-04 10:53:06,253 - INFO - Valor acumulado calculado: 1,177,709.61
2025-07-04 10:54:09,455 - INFO - Solicitado retorno ao menu principal
2025-07-04 10:54:09,456 - INFO - Retornando ao menu principal existente
2025-07-04 10:54:09,539 - INFO - Retorno ao menu principal concluído
2025-07-04 10:54:15,357 - INFO - Saída confirmada, finalizando sistema
2025-07-04 10:54:15,412 - INFO - Ação concluída: Gerar relatório
2025-07-04 10:56:30,098 - INFO - Iniciando relatório de despesas - versão final
2025-07-04 10:56:31,811 - INFO - Iniciando RelatorioUI
2025-07-04 10:56:31,812 - INFO - Iniciando configuração da interface
2025-07-04 10:56:31,837 - INFO - Interface configurada com sucesso
2025-07-04 10:56:31,841 - INFO - Configurações aplicadas na interface integrada
2025-07-04 10:56:58,157 - INFO - Iniciando geração de relatório para arquivo: C:/Users/Obras/sistema_gestao_testes/testes/Financeiro/Clientes/EDUARDO MORENO MARQUES.xlsx
2025-07-04 10:56:58,159 - INFO - Incluir excluídos: False
2025-07-04 10:56:58,562 - INFO - df_filtrado final: 26 registros
2025-07-04 10:56:58,563 - INFO - Colunas finais do df_filtrado: ['DATA_REL', 'TP_DESP', 'CNPJ_CPF', 'NOME', 'REFERÊNCIA', 'NF', 'VR_UNIT', 'DIAS', 'VALOR', 'DT_VENCTO', 'CATEGORIA', 'DADOS_BANCARIOS', 'OBSERVAÇÃO', 'STATUS', 'ID_LANCAMENTO', 'HISTORICO_ALTERACAO']
2025-07-04 10:56:58,564 - INFO - Tipos de despesa únicos: [2 3 5]
2025-07-04 10:56:58,565 - WARNING - Método processar_lancamentos_futuros não encontrado, pulando lançamentos futuros
2025-07-04 10:56:58,885 - INFO - 
Obtendo número do relatório para data 2025-07-05 00:00:00
2025-07-04 10:56:58,886 - INFO - Número do relatório calculado: 23
2025-07-04 10:56:58,886 - INFO - Calculando acumulado para data 2025-07-05 00:00:00
2025-07-04 10:56:58,888 - INFO - Acumulado - registros após filtrar excluídos: 704
2025-07-04 10:56:58,899 - INFO - Valor acumulado calculado (apenas ativos): 1,177,709.61
2025-07-04 10:56:58,900 - INFO - Número do relatório: 23
2025-07-04 10:56:58,900 - INFO - Valor acumulado calculado: 1,177,709.61
2025-07-04 10:57:02,651 - INFO - Cancelado preview - retornando ao menu principal
2025-07-04 10:57:07,925 - INFO - Solicitado retorno ao menu principal
2025-07-04 10:57:07,926 - INFO - Retornando ao menu principal existente
2025-07-04 10:57:08,016 - INFO - Retorno ao menu principal concluído
2025-07-04 10:57:11,276 - INFO - Saída confirmada, finalizando sistema
2025-07-04 10:57:11,321 - INFO - Ação concluída: Gerar relatório
2025-07-04 10:58:21,648 - INFO - Iniciando relatório de despesas - versão final
2025-07-04 10:58:23,902 - INFO - Iniciando RelatorioUI
2025-07-04 10:58:23,946 - INFO - Iniciando configuração da interface
2025-07-04 10:58:24,018 - INFO - Interface configurada com sucesso
2025-07-04 10:58:24,023 - INFO - Configurações aplicadas na interface integrada
2025-07-04 10:58:59,684 - INFO - Solicitado retorno ao menu principal
2025-07-04 10:58:59,685 - INFO - Não há menu principal válido, fechando aplicação
2025-07-04 11:01:18,465 - INFO - Iniciando relatório de despesas - versão final
2025-07-04 11:01:21,769 - INFO - Iniciando RelatorioUI
2025-07-04 11:01:21,771 - INFO - Iniciando configuração da interface
2025-07-04 11:01:21,806 - INFO - Interface configurada com sucesso
2025-07-04 11:01:21,814 - INFO - Configurações aplicadas na interface integrada
2025-07-04 11:01:36,418 - INFO - Iniciando geração de relatório para arquivo: C:/Users/Obras/sistema_gestao_testes/testes/Financeiro/Clientes/MARCIA UBERENICE NOGUEIRA.xlsx
2025-07-04 11:01:36,420 - INFO - Incluir excluídos: False
2025-07-04 11:01:36,516 - INFO - df_filtrado final: 7 registros
2025-07-04 11:01:36,517 - INFO - Colunas finais do df_filtrado: ['DATA_REL', 'TP_DESP', 'CNPJ_CPF', 'NOME', 'REFERÊNCIA', 'NF', 'VR_UNIT', 'DIAS', 'VALOR', 'DT_VENCTO', 'CATEGORIA', 'DADOS_BANCARIOS', 'OBSERVAÇÃO', 'STATUS', 'ID_LANCAMENTO', 'HISTORICO_ALTERACAO']
2025-07-04 11:01:36,518 - INFO - Tipos de despesa únicos: [2 5]
2025-07-04 11:01:36,519 - WARNING - Método processar_lancamentos_futuros não encontrado, pulando lançamentos futuros
2025-07-04 11:01:36,605 - INFO - 
Obtendo número do relatório para data 2025-07-05 00:00:00
2025-07-04 11:01:36,606 - INFO - Número do relatório calculado: 2
2025-07-04 11:01:36,606 - INFO - Calculando acumulado para data 2025-07-05 00:00:00
2025-07-04 11:01:36,608 - INFO - Acumulado - registros após filtrar excluídos: 32
2025-07-04 11:01:36,613 - INFO - Valor acumulado calculado (apenas ativos): 44,918.30
2025-07-04 11:01:36,613 - INFO - Número do relatório: 2
2025-07-04 11:01:36,613 - INFO - Valor acumulado calculado: 44,918.30
2025-07-04 11:01:58,933 - INFO - Cancelado preview - retornando ao menu principal
2025-07-04 11:05:03,875 - INFO - Data calculada automaticamente: 05/07/2025
2025-07-04 11:05:03,877 - INFO - Data calculada automaticamente: 05/07/2025
2025-07-04 11:14:42,650 - INFO - Solicitado retorno ao menu principal
2025-07-04 11:14:42,651 - INFO - Retornando ao menu principal existente
2025-07-04 11:14:42,744 - INFO - Retorno ao menu principal concluído
2025-07-04 11:14:46,511 - INFO - Saída confirmada, finalizando sistema
2025-07-04 11:14:46,572 - INFO - Ação concluída: Gerar relatório
2025-07-04 11:22:50,160 - INFO - Iniciando relatório de despesas - versão final
2025-07-04 11:22:52,300 - INFO - Iniciando RelatorioUI
2025-07-04 11:22:52,301 - INFO - Iniciando configuração da interface
2025-07-04 11:22:52,324 - INFO - Interface configurada com sucesso
2025-07-04 11:22:52,334 - INFO - Configurações aplicadas na interface integrada
2025-07-04 11:23:18,433 - INFO - Iniciando relatório de despesas - versão final
2025-07-04 11:23:20,342 - INFO - Iniciando RelatorioUI
2025-07-04 11:23:20,344 - INFO - Iniciando configuração da interface
2025-07-04 11:23:20,380 - INFO - Interface configurada com sucesso
2025-07-04 11:23:20,383 - INFO - Configurações aplicadas na interface integrada
2025-07-04 11:23:28,099 - INFO - Iniciando geração de relatório para arquivo: C:\Users\Obras\sistema_gestao_testes\testes\Financeiro\Clientes\CLEVER LUIZ SALVADOR.xlsx
2025-07-04 11:23:28,100 - INFO - Incluir excluídos: False
2025-07-04 11:23:28,489 - INFO - df_filtrado final: 19 registros
2025-07-04 11:23:28,490 - INFO - Colunas finais do df_filtrado: ['DATA_REL', 'TP_DESP', 'CNPJ_CPF', 'NOME', 'REFERÊNCIA', 'NF', 'VR_UNIT', 'DIAS', 'VALOR', 'DT_VENCTO', 'CATEGORIA', 'DADOS_BANCARIOS', 'OBSERVAÇÃO', 'STATUS', 'ID_LANCAMENTO', 'HISTORICO_ALTERACAO']
2025-07-04 11:23:28,492 - INFO - Tipos de despesa únicos: [2 3 7 5]
2025-07-04 11:23:28,492 - WARNING - Método processar_lancamentos_futuros não encontrado, pulando lançamentos futuros
2025-07-04 11:23:28,884 - INFO - 
Obtendo número do relatório para data 2025-07-05 00:00:00
2025-07-04 11:23:28,885 - INFO - Número do relatório calculado: 21
2025-07-04 11:23:28,885 - INFO - Calculando acumulado para data 2025-07-05 00:00:00
2025-07-04 11:23:28,887 - INFO - Acumulado - registros após filtrar excluídos: 782
2025-07-04 11:23:28,899 - INFO - Valor acumulado calculado (apenas ativos): 2,199,915.92
2025-07-04 11:23:28,899 - INFO - Número do relatório: 21
2025-07-04 11:23:28,900 - INFO - Valor acumulado calculado: 2,199,915.92
2025-07-04 11:23:32,830 - INFO - Cancelado preview - retornando ao menu principal
2025-07-04 14:29:51,842 - INFO - df_filtrado final: 0 registros
2025-07-04 14:29:52,227 - INFO - 
Obtendo número do relatório para data 2025-07-05 14:29:06.404998
2025-07-04 14:29:52,228 - INFO - Número do relatório calculado: 10
2025-07-04 14:29:52,228 - INFO - Calculando acumulado para data 2025-07-05 14:29:06.404998
2025-07-04 14:29:52,230 - INFO - Acumulado - registros após filtrar excluídos: 251
2025-07-04 14:29:52,239 - INFO - Valor acumulado calculado (apenas ativos): 532,801.25
2025-07-04 14:29:52,351 - INFO - Abrindo visualizador direto
2025-07-04 14:29:52,475 - INFO - Visualizador direto aberto com sucesso
2025-07-04 14:40:35,098 - INFO - Cancelado preview - retornando ao menu principal
2025-07-04 14:40:46,791 - INFO - Solicitado retorno ao menu principal
2025-07-04 14:40:46,795 - INFO - Retornando ao menu principal existente
2025-07-04 14:40:46,938 - INFO - Retorno ao menu principal concluído
2025-07-04 14:40:50,807 - INFO - Saída confirmada, finalizando sistema
2025-07-04 14:40:50,892 - INFO - Ação concluída: Gerar relatório
2025-07-04 14:56:36,620 - INFO - Módulo fallback carregado: src.relatorio_despesas_aprimorado
2025-07-04 14:56:36,686 - INFO - Iniciando RelatorioUI
2025-07-04 14:56:36,736 - INFO - Iniciando configuração da interface
2025-07-04 14:56:36,812 - INFO - Interface configurada com sucesso
2025-07-04 14:57:16,320 - INFO - Saída confirmada, finalizando sistema
2025-07-04 14:57:16,380 - INFO - Ação concluída: Gerar relatório
2025-07-04 14:57:42,128 - INFO - Módulo fallback carregado: src.relatorio_despesas_aprimorado
2025-07-04 14:57:42,141 - INFO - Iniciando RelatorioUI
2025-07-04 14:57:42,225 - INFO - Iniciando configuração da interface
2025-07-04 14:57:42,266 - INFO - Interface configurada com sucesso
2025-07-04 14:57:55,856 - INFO - Saída confirmada, finalizando sistema
2025-07-04 14:57:55,915 - INFO - Ação concluída: Gerar relatório
2025-07-04 15:01:46,613 - INFO - Módulo fallback carregado: src.relatorio_despesas_aprimorado
2025-07-04 15:01:46,633 - INFO - Iniciando RelatorioUI
2025-07-04 15:01:46,705 - INFO - Iniciando configuração da interface
2025-07-04 15:01:46,768 - INFO - Interface configurada com sucesso
2025-07-04 15:01:59,309 - INFO - Saída confirmada, finalizando sistema
2025-07-04 15:01:59,366 - INFO - Ação concluída: Gerar relatório
2025-07-04 15:11:54,795 - INFO - Módulo fallback carregado: src.relatorio_despesas_aprimorado
2025-07-04 15:11:54,821 - INFO - Iniciando RelatorioUI
2025-07-04 15:11:54,905 - INFO - Iniciando configuração da interface
2025-07-04 15:11:54,980 - INFO - Interface configurada com sucesso
2025-07-04 15:12:13,246 - INFO - Saída confirmada, finalizando sistema
2025-07-04 15:12:13,306 - INFO - Ação concluída: Gerar relatório
2025-07-04 15:26:03,819 - INFO - ✅ Handler importado de src.relatorio_despesas_aprimorado
2025-07-04 15:26:03,826 - INFO - 📈 20% - Processando data...
2025-07-04 15:26:03,826 - INFO - 🔧 Limpando data: 2025-07-05 00:00:00 (tipo: <class 'datetime.datetime'>)
2025-07-04 15:26:03,828 - INFO - ✅ Data limpa: 2025-07-05 00:00:00
2025-07-04 15:26:03,831 - INFO - 📈 40% - Carregando dados...
2025-07-04 15:26:04,176 - INFO - 📈 60% - Processando dados...
2025-07-04 15:26:04,177 - INFO - 🔧 Processando dados para data: 2025-07-05 00:00:00
2025-07-04 15:26:04,180 - INFO - Data de referência para processamento: 2025-07-05 00:00:00
2025-07-04 15:26:04,180 - INFO - Tipo da data de referência: <class 'pandas._libs.tslibs.timestamps.Timestamp'>
2025-07-04 15:26:04,181 - INFO - Total de registros originais: 782
2025-07-04 15:26:04,183 - INFO - Processando dados - registros após filtrar excluídos: 782
2025-07-04 15:26:04,203 - INFO - Datas únicas disponíveis no arquivo: [datetime.date(2024, 9, 5), datetime.date(2024, 9, 20), datetime.date(2024, 10, 5), datetime.date(2024, 10, 20), datetime.date(2024, 11, 5), datetime.date(2024, 11, 20), datetime.date(2024, 12, 5), datetime.date(2024, 12, 20), datetime.date(2025, 1, 5), datetime.date(2025, 1, 20), datetime.date(2025, 2, 5), datetime.date(2025, 2, 20), datetime.date(2025, 3, 5), datetime.date(2025, 3, 20), datetime.date(2025, 4, 5), datetime.date(2025, 4, 20), datetime.date(2025, 5, 5), datetime.date(2025, 5, 20), datetime.date(2025, 6, 5), datetime.date(2025, 6, 20), datetime.date(2025, 7, 5)]
2025-07-04 15:26:04,203 - INFO - Data procurada: 2025-07-05
2025-07-04 15:26:04,216 - INFO - Resultados do processamento:
2025-07-04 15:26:04,217 - INFO -   - df_filtrado: 19 registros
2025-07-04 15:26:04,218 - INFO -   - df_diaria: 1 registros
2025-07-04 15:26:04,219 - INFO -   - df_tp_desp_1: 33 registros
2025-07-04 15:26:04,219 - INFO -   - df_tp_desp_2: 0 registros
2025-07-04 15:26:04,220 - INFO - 📊 Resultados:
2025-07-04 15:26:04,220 - INFO -    - df_filtrado: 19 registros
2025-07-04 15:26:04,221 - INFO -    - df_diaria: 1 registros
2025-07-04 15:26:04,222 - INFO -    - df_tp_desp_1: 33 registros
2025-07-04 15:26:04,222 - INFO -    - df_tp_desp_2: 0 registros
2025-07-04 15:26:04,227 - INFO - 📈 80% - Obtendo dados do cliente...
2025-07-04 15:26:04,653 - INFO - 
Obtendo número do relatório para data 2025-07-05 00:00:00
2025-07-04 15:26:04,654 - INFO - Número do relatório calculado: 21
2025-07-04 15:26:04,654 - INFO - Calculando acumulado para data 2025-07-05 00:00:00
2025-07-04 15:26:04,656 - INFO - Acumulado - registros após filtrar excluídos: 782
2025-07-04 15:26:04,667 - INFO - Valor acumulado calculado (apenas ativos): 2,199,915.92
2025-07-04 15:26:04,668 - INFO - 📋 Cliente: CLEVER LUIZ SALVADOR
2025-07-04 15:26:04,669 - INFO - 📋 Relatório nº: 21
2025-07-04 15:26:04,669 - INFO - 📋 Acumulado: R$ 2,199,915.92
2025-07-04 15:26:04,675 - INFO - 📈 95% - Finalizando...
2025-07-04 15:26:04,676 - INFO - ✅ Dados completos montados
2025-07-04 15:26:04,680 - INFO - 📈 100% - Abrindo preview...
2025-07-04 15:26:04,681 - INFO - 🎯 ABRINDO PREVIEW LIMPO
2025-07-04 15:26:04,772 - INFO - ✅ Preview limpo aberto
2025-07-04 15:29:29,968 - INFO - ✅ Handler importado de src.relatorio_despesas_aprimorado
2025-07-04 15:29:29,974 - INFO - 📈 20% - Processando data...
2025-07-04 15:29:29,976 - INFO - 🔧 Limpando data: 2025-07-05 00:00:00 (tipo: <class 'datetime.datetime'>)
2025-07-04 15:29:29,977 - INFO - ✅ Data limpa: 2025-07-05 00:00:00
2025-07-04 15:29:29,982 - INFO - 📈 40% - Carregando dados...
2025-07-04 15:29:30,150 - INFO - 📈 60% - Processando dados...
2025-07-04 15:29:30,151 - INFO - 🔧 Processando dados para data: 2025-07-05 00:00:00
2025-07-04 15:29:30,154 - INFO - Data de referência para processamento: 2025-07-05 00:00:00
2025-07-04 15:29:30,154 - INFO - Tipo da data de referência: <class 'pandas._libs.tslibs.timestamps.Timestamp'>
2025-07-04 15:29:30,155 - INFO - Total de registros originais: 251
2025-07-04 15:29:30,157 - INFO - Processando dados - registros após filtrar excluídos: 251
2025-07-04 15:29:30,176 - INFO - Datas únicas disponíveis no arquivo: [datetime.date(2025, 2, 20), datetime.date(2025, 3, 5), datetime.date(2025, 3, 20), datetime.date(2025, 4, 5), datetime.date(2025, 4, 20), datetime.date(2025, 5, 5), datetime.date(2025, 5, 20), datetime.date(2025, 6, 5), datetime.date(2025, 6, 20), datetime.date(2025, 7, 5)]
2025-07-04 15:29:30,178 - INFO - Data procurada: 2025-07-05
2025-07-04 15:29:30,191 - INFO - Resultados do processamento:
2025-07-04 15:29:30,192 - INFO -   - df_filtrado: 14 registros
2025-07-04 15:29:30,192 - INFO -   - df_diaria: 4 registros
2025-07-04 15:29:30,195 - INFO -   - df_tp_desp_1: 12 registros
2025-07-04 15:29:30,195 - INFO -   - df_tp_desp_2: 0 registros
2025-07-04 15:29:30,197 - INFO - 📊 Resultados:
2025-07-04 15:29:30,210 - INFO -    - df_filtrado: 14 registros
2025-07-04 15:29:30,211 - INFO -    - df_diaria: 4 registros
2025-07-04 15:29:30,215 - INFO -    - df_tp_desp_1: 12 registros
2025-07-04 15:29:30,216 - INFO -    - df_tp_desp_2: 0 registros
2025-07-04 15:29:30,233 - INFO - 📈 80% - Obtendo dados do cliente...
2025-07-04 15:29:30,436 - INFO - 
Obtendo número do relatório para data 2025-07-05 00:00:00
2025-07-04 15:29:30,437 - INFO - Número do relatório calculado: 10
2025-07-04 15:29:30,437 - INFO - Calculando acumulado para data 2025-07-05 00:00:00
2025-07-04 15:29:30,439 - INFO - Acumulado - registros após filtrar excluídos: 251
2025-07-04 15:29:30,447 - INFO - Valor acumulado calculado (apenas ativos): 426,376.12
2025-07-04 15:29:30,447 - INFO - 📋 Cliente: ANA AUGUSTA PIRES COUTINHO
2025-07-04 15:29:30,448 - INFO - 📋 Relatório nº: 10
2025-07-04 15:29:30,449 - INFO - 📋 Acumulado: R$ 426,376.12
2025-07-04 15:29:30,454 - INFO - 📈 95% - Finalizando...
2025-07-04 15:29:30,459 - INFO - ✅ Dados completos montados
2025-07-04 15:29:30,462 - INFO - 📈 100% - Abrindo preview...
2025-07-04 15:29:30,463 - INFO - 🎯 ABRINDO PREVIEW LIMPO
2025-07-04 15:29:30,515 - INFO - ✅ Preview limpo aberto
2025-07-04 15:39:37,277 - INFO - Módulo fallback carregado: src.relatorio_despesas_aprimorado
2025-07-04 15:39:37,287 - INFO - Iniciando RelatorioUI
2025-07-04 15:39:37,392 - INFO - Iniciando configuração da interface
2025-07-04 15:39:37,506 - INFO - Interface configurada com sucesso
2025-07-04 15:43:13,257 - INFO - Saída confirmada, finalizando sistema
2025-07-04 15:43:13,311 - INFO - Ação concluída: Gerar relatório
2025-07-04 15:43:36,607 - INFO - ✅ Handler importado de src.relatorio_despesas_aprimorado
2025-07-04 15:43:36,612 - INFO - 📈 20% - Processando data...
2025-07-04 15:43:36,613 - INFO - 🔧 Limpando data: 2025-07-05 00:00:00 (tipo: <class 'datetime.datetime'>)
2025-07-04 15:43:36,615 - INFO - ✅ Data limpa: 2025-07-05 00:00:00
2025-07-04 15:43:36,619 - INFO - 📈 40% - Carregando dados...
2025-07-04 15:43:36,786 - INFO - 📈 60% - Processando dados...
2025-07-04 15:43:36,787 - INFO - 🔧 Processando dados para data: 2025-07-05 00:00:00
2025-07-04 15:43:36,790 - INFO - Data de referência para processamento: 2025-07-05 00:00:00
2025-07-04 15:43:36,790 - INFO - Tipo da data de referência: <class 'pandas._libs.tslibs.timestamps.Timestamp'>
2025-07-04 15:43:36,791 - INFO - Total de registros originais: 251
2025-07-04 15:43:36,792 - INFO - Processando dados - registros após filtrar excluídos: 251
2025-07-04 15:43:36,807 - INFO - Datas únicas disponíveis no arquivo: [datetime.date(2025, 2, 20), datetime.date(2025, 3, 5), datetime.date(2025, 3, 20), datetime.date(2025, 4, 5), datetime.date(2025, 4, 20), datetime.date(2025, 5, 5), datetime.date(2025, 5, 20), datetime.date(2025, 6, 5), datetime.date(2025, 6, 20), datetime.date(2025, 7, 5)]
2025-07-04 15:43:36,808 - INFO - Data procurada: 2025-07-05
2025-07-04 15:43:36,819 - INFO - Resultados do processamento:
2025-07-04 15:43:36,820 - INFO -   - df_filtrado: 14 registros
2025-07-04 15:43:36,820 - INFO -   - df_diaria: 4 registros
2025-07-04 15:43:36,821 - INFO -   - df_tp_desp_1: 12 registros
2025-07-04 15:43:36,821 - INFO -   - df_tp_desp_2: 0 registros
2025-07-04 15:43:36,821 - INFO - 📊 Resultados:
2025-07-04 15:43:36,822 - INFO -    - df_filtrado: 14 registros
2025-07-04 15:43:36,823 - INFO -    - df_diaria: 4 registros
2025-07-04 15:43:36,824 - INFO -    - df_tp_desp_1: 12 registros
2025-07-04 15:43:36,825 - INFO -    - df_tp_desp_2: 0 registros
2025-07-04 15:43:36,829 - INFO - 📈 80% - Obtendo dados do cliente...
2025-07-04 15:43:37,013 - INFO - 
Obtendo número do relatório para data 2025-07-05 00:00:00
2025-07-04 15:43:37,014 - INFO - Número do relatório calculado: 10
2025-07-04 15:43:37,014 - INFO - Calculando acumulado para data 2025-07-05 00:00:00
2025-07-04 15:43:37,017 - INFO - Acumulado - registros após filtrar excluídos: 251
2025-07-04 15:43:37,025 - INFO - Valor acumulado calculado (apenas ativos): 426,376.12
2025-07-04 15:43:37,025 - INFO - 📋 Cliente: ANA AUGUSTA PIRES COUTINHO
2025-07-04 15:43:37,026 - INFO - 📋 Relatório nº: 10
2025-07-04 15:43:37,027 - INFO - 📋 Acumulado: R$ 426,376.12
2025-07-04 15:43:37,034 - INFO - 📈 95% - Finalizando...
2025-07-04 15:43:37,036 - INFO - ✅ Dados completos montados
2025-07-04 15:43:37,039 - INFO - 📈 100% - Abrindo preview...
2025-07-04 15:43:37,040 - INFO - 🎯 ABRINDO PREVIEW LIMPO
2025-07-04 15:43:37,041 - INFO - ✅ VisualizadorRelatorio importado de src
2025-07-04 15:43:37,043 - INFO - 🔧 Preparando para criar visualizador
2025-07-04 15:43:37,044 - INFO - ✅ Visualizador criado com sucesso
2025-07-04 15:43:37,044 - INFO - 🔍 Verificando dados antes do preview...
2025-07-04 15:43:37,048 - INFO -    - df_filtrado: 14
2025-07-04 15:43:37,049 - INFO -    - df_diaria: 4
2025-07-04 15:43:37,052 - INFO -    - df_tp_desp_1: 12
2025-07-04 15:43:37,053 - INFO -    - Cliente: ANA AUGUSTA PIRES COUTINHO
2025-07-04 15:43:37,054 - INFO -    - Data: 2025-07-05 00:00:00
2025-07-04 15:43:37,055 - INFO - 🚀 Chamando mostrar_preview...
2025-07-04 15:43:37,183 - INFO - ✅ mostrar_preview executado
2025-07-04 15:43:37,189 - INFO - ✅ Preview window criado: .!toplevel.!toplevel2
2025-07-04 15:43:37,190 - INFO - 🔧 Ocultando interface principal
2025-07-04 15:43:37,206 - INFO - ✅ Interface principal ocultada
2025-07-04 15:43:37,222 - INFO - ✅ Protocolo de fechamento configurado
2025-07-04 15:43:37,224 - INFO - ✅ Preview focado
2025-07-04 15:43:37,224 - INFO - ✅ Preview limpo aberto com sucesso
2025-07-04 15:52:33,393 - INFO - ✅ Handler importado de src.relatorio_despesas_aprimorado
2025-07-04 15:52:33,399 - INFO - 📈 20% - Processando data...
2025-07-04 15:52:33,400 - INFO - 🔧 Limpando data: 2025-07-05 00:00:00 (tipo: <class 'datetime.datetime'>)
2025-07-04 15:52:33,402 - INFO - ✅ Data limpa: 2025-07-05 00:00:00
2025-07-04 15:52:33,406 - INFO - 📈 40% - Carregando dados...
2025-07-04 15:52:33,580 - INFO - 📈 60% - Processando dados...
2025-07-04 15:52:33,581 - INFO - 🔧 Processando dados para data: 2025-07-05 00:00:00
2025-07-04 15:52:33,583 - INFO - Data de referência para processamento: 2025-07-05 00:00:00
2025-07-04 15:52:33,584 - INFO - Tipo da data de referência: <class 'pandas._libs.tslibs.timestamps.Timestamp'>
2025-07-04 15:52:33,585 - INFO - Total de registros originais: 251
2025-07-04 15:52:33,586 - INFO - Processando dados - registros após filtrar excluídos: 251
2025-07-04 15:52:33,603 - INFO - Datas únicas disponíveis no arquivo: [datetime.date(2025, 2, 20), datetime.date(2025, 3, 5), datetime.date(2025, 3, 20), datetime.date(2025, 4, 5), datetime.date(2025, 4, 20), datetime.date(2025, 5, 5), datetime.date(2025, 5, 20), datetime.date(2025, 6, 5), datetime.date(2025, 6, 20), datetime.date(2025, 7, 5)]
2025-07-04 15:52:33,605 - INFO - Data procurada: 2025-07-05
2025-07-04 15:52:33,616 - INFO - Resultados do processamento:
2025-07-04 15:52:33,616 - INFO -   - df_filtrado: 14 registros
2025-07-04 15:52:33,617 - INFO -   - df_diaria: 4 registros
2025-07-04 15:52:33,617 - INFO -   - df_tp_desp_1: 12 registros
2025-07-04 15:52:33,618 - INFO -   - df_tp_desp_2: 0 registros
2025-07-04 15:52:33,618 - INFO - 📊 Resultados:
2025-07-04 15:52:33,619 - INFO -    - df_filtrado: 14 registros
2025-07-04 15:52:33,620 - INFO -    - df_diaria: 4 registros
2025-07-04 15:52:33,621 - INFO -    - df_tp_desp_1: 12 registros
2025-07-04 15:52:33,623 - INFO -    - df_tp_desp_2: 0 registros
2025-07-04 15:52:33,632 - INFO - 📈 80% - Obtendo dados do cliente...
2025-07-04 15:52:33,817 - INFO - 
Obtendo número do relatório para data 2025-07-05 00:00:00
2025-07-04 15:52:33,818 - INFO - Número do relatório calculado: 10
2025-07-04 15:52:33,818 - INFO - Calculando acumulado para data 2025-07-05 00:00:00
2025-07-04 15:52:33,820 - INFO - Acumulado - registros após filtrar excluídos: 251
2025-07-04 15:52:33,830 - INFO - Valor acumulado calculado (apenas ativos): 426,376.12
2025-07-04 15:52:33,830 - INFO - 📋 Cliente: ANA AUGUSTA PIRES COUTINHO
2025-07-04 15:52:33,831 - INFO - 📋 Relatório nº: 10
2025-07-04 15:52:33,832 - INFO - 📋 Acumulado: R$ 426,376.12
2025-07-04 15:52:33,835 - INFO - 📈 95% - Finalizando...
2025-07-04 15:52:33,836 - INFO - ✅ Dados completos montados
2025-07-04 15:52:33,841 - INFO - 📈 100% - Abrindo preview...
2025-07-04 15:52:33,842 - ERROR - 💥 ERRO no processamento async: 'SistemaRelatorios' object has no attribute 'abrir_preview_minimalista'
2025-07-04 15:53:55,218 - INFO - Solicitado retorno ao menu principal
2025-07-04 15:53:55,219 - INFO - Retornando ao menu principal existente
2025-07-04 15:53:55,325 - INFO - Retorno ao menu principal concluído
2025-07-04 15:53:59,033 - INFO - Saída confirmada, finalizando sistema
2025-07-04 15:53:59,114 - INFO - Ação concluída: Gerar relatório
2025-07-04 15:55:06,568 - INFO - ✅ Handler importado de src.relatorio_despesas_aprimorado
2025-07-04 15:55:06,573 - INFO - 📈 20% - Processando data...
2025-07-04 15:55:06,573 - INFO - 🔧 Limpando data: 2025-07-05 00:00:00 (tipo: <class 'datetime.datetime'>)
2025-07-04 15:55:06,575 - INFO - ✅ Data limpa: 2025-07-05 00:00:00
2025-07-04 15:55:06,578 - INFO - 📈 40% - Carregando dados...
2025-07-04 15:55:06,760 - INFO - 📈 60% - Processando dados...
2025-07-04 15:55:06,761 - INFO - 🔧 Processando dados para data: 2025-07-05 00:00:00
2025-07-04 15:55:06,763 - INFO - Data de referência para processamento: 2025-07-05 00:00:00
2025-07-04 15:55:06,763 - INFO - Tipo da data de referência: <class 'pandas._libs.tslibs.timestamps.Timestamp'>
2025-07-04 15:55:06,764 - INFO - Total de registros originais: 251
2025-07-04 15:55:06,765 - INFO - Processando dados - registros após filtrar excluídos: 251
2025-07-04 15:55:06,774 - INFO - Datas únicas disponíveis no arquivo: [datetime.date(2025, 2, 20), datetime.date(2025, 3, 5), datetime.date(2025, 3, 20), datetime.date(2025, 4, 5), datetime.date(2025, 4, 20), datetime.date(2025, 5, 5), datetime.date(2025, 5, 20), datetime.date(2025, 6, 5), datetime.date(2025, 6, 20), datetime.date(2025, 7, 5)]
2025-07-04 15:55:06,779 - INFO - Data procurada: 2025-07-05
2025-07-04 15:55:06,785 - INFO - Resultados do processamento:
2025-07-04 15:55:06,785 - INFO -   - df_filtrado: 14 registros
2025-07-04 15:55:06,786 - INFO -   - df_diaria: 4 registros
2025-07-04 15:55:06,787 - INFO -   - df_tp_desp_1: 12 registros
2025-07-04 15:55:06,796 - INFO -   - df_tp_desp_2: 0 registros
2025-07-04 15:55:06,797 - INFO - 📊 Resultados:
2025-07-04 15:55:06,798 - INFO -    - df_filtrado: 14 registros
2025-07-04 15:55:06,799 - INFO -    - df_diaria: 4 registros
2025-07-04 15:55:06,799 - INFO -    - df_tp_desp_1: 12 registros
2025-07-04 15:55:06,800 - INFO -    - df_tp_desp_2: 0 registros
2025-07-04 15:55:06,804 - INFO - 📈 80% - Obtendo dados do cliente...
2025-07-04 15:55:07,026 - INFO - 
Obtendo número do relatório para data 2025-07-05 00:00:00
2025-07-04 15:55:07,027 - INFO - Número do relatório calculado: 10
2025-07-04 15:55:07,029 - INFO - Calculando acumulado para data 2025-07-05 00:00:00
2025-07-04 15:55:07,032 - INFO - Acumulado - registros após filtrar excluídos: 251
2025-07-04 15:55:07,050 - INFO - Valor acumulado calculado (apenas ativos): 426,376.12
2025-07-04 15:55:07,051 - INFO - 📋 Cliente: ANA AUGUSTA PIRES COUTINHO
2025-07-04 15:55:07,053 - INFO - 📋 Relatório nº: 10
2025-07-04 15:55:07,056 - INFO - 📋 Acumulado: R$ 426,376.12
2025-07-04 15:55:07,062 - INFO - 📈 95% - Finalizando...
2025-07-04 15:55:07,063 - INFO - ✅ Dados completos montados
2025-07-04 15:55:07,066 - INFO - 📈 100% - Abrindo preview...
2025-07-04 15:55:07,067 - ERROR - 💥 ERRO no processamento async: name 'arquivo_path' is not defined
2025-07-04 16:11:08,489 - INFO - Solicitado retorno ao menu principal
2025-07-04 16:11:08,535 - INFO - Retornando ao menu principal existente
2025-07-04 16:11:08,704 - INFO - Retorno ao menu principal concluído
2025-07-04 16:11:14,085 - INFO - Saída confirmada, finalizando sistema
2025-07-04 16:11:14,170 - INFO - Ação concluída: Gerar relatório
2025-07-04 16:14:43,166 - INFO - ✅ Handler importado de src.relatorio_despesas_aprimorado
2025-07-04 16:14:43,172 - INFO - 📈 20% - Processando data...
2025-07-04 16:14:43,172 - INFO - 🔧 Limpando data: 2025-07-05 00:00:00 (tipo: <class 'datetime.datetime'>)
2025-07-04 16:14:43,174 - INFO - ✅ Data limpa: 2025-07-05 00:00:00
2025-07-04 16:14:43,177 - INFO - 📈 40% - Carregando dados...
2025-07-04 16:14:43,348 - INFO - 📈 60% - Processando dados...
2025-07-04 16:14:43,349 - INFO - 🔧 Processando dados para data: 2025-07-05 00:00:00
2025-07-04 16:14:43,351 - INFO - Data de referência para processamento: 2025-07-05 00:00:00
2025-07-04 16:14:43,351 - INFO - Tipo da data de referência: <class 'pandas._libs.tslibs.timestamps.Timestamp'>
2025-07-04 16:14:43,352 - INFO - Total de registros originais: 251
2025-07-04 16:14:43,353 - INFO - Processando dados - registros após filtrar excluídos: 251
2025-07-04 16:14:43,369 - INFO - Datas únicas disponíveis no arquivo: [datetime.date(2025, 2, 20), datetime.date(2025, 3, 5), datetime.date(2025, 3, 20), datetime.date(2025, 4, 5), datetime.date(2025, 4, 20), datetime.date(2025, 5, 5), datetime.date(2025, 5, 20), datetime.date(2025, 6, 5), datetime.date(2025, 6, 20), datetime.date(2025, 7, 5)]
2025-07-04 16:14:43,369 - INFO - Data procurada: 2025-07-05
2025-07-04 16:14:43,380 - INFO - Resultados do processamento:
2025-07-04 16:14:43,381 - INFO -   - df_filtrado: 14 registros
2025-07-04 16:14:43,381 - INFO -   - df_diaria: 4 registros
2025-07-04 16:14:43,382 - INFO -   - df_tp_desp_1: 12 registros
2025-07-04 16:14:43,382 - INFO -   - df_tp_desp_2: 0 registros
2025-07-04 16:14:43,383 - INFO - 📊 Resultados:
2025-07-04 16:14:43,383 - INFO -    - df_filtrado: 14 registros
2025-07-04 16:14:43,384 - INFO -    - df_diaria: 4 registros
2025-07-04 16:14:43,384 - INFO -    - df_tp_desp_1: 12 registros
2025-07-04 16:14:43,385 - INFO -    - df_tp_desp_2: 0 registros
2025-07-04 16:14:43,388 - INFO - 📈 80% - Obtendo dados do cliente...
2025-07-04 16:14:43,575 - INFO - 
Obtendo número do relatório para data 2025-07-05 00:00:00
2025-07-04 16:14:43,575 - INFO - Número do relatório calculado: 10
2025-07-04 16:14:43,576 - INFO - Calculando acumulado para data 2025-07-05 00:00:00
2025-07-04 16:14:43,578 - INFO - Acumulado - registros após filtrar excluídos: 251
2025-07-04 16:14:43,586 - INFO - Valor acumulado calculado (apenas ativos): 426,376.12
2025-07-04 16:14:43,586 - INFO - 📋 Cliente: ANA AUGUSTA PIRES COUTINHO
2025-07-04 16:14:43,587 - INFO - 📋 Relatório nº: 10
2025-07-04 16:14:43,588 - INFO - 📋 Acumulado: R$ 426,376.12
2025-07-04 16:14:43,593 - INFO - 📈 95% - Finalizando...
2025-07-04 16:14:43,595 - INFO - ✅ Dados completos montados
2025-07-04 16:14:43,599 - INFO - 📈 100% - Abrindo preview...
2025-07-04 16:14:43,600 - INFO - 🎯 ABRINDO PREVIEW LIMPO
2025-07-04 16:14:43,601 - INFO - ✅ VisualizadorRelatorio importado de src
2025-07-04 16:14:43,601 - INFO - 🔧 Preparando para criar visualizador
2025-07-04 16:14:43,602 - INFO - ✅ Visualizador criado com sucesso
2025-07-04 16:14:43,603 - INFO - 🔍 Verificando dados antes do preview...
2025-07-04 16:14:43,603 - INFO -    - df_filtrado: 14
2025-07-04 16:14:43,604 - INFO -    - df_diaria: 4
2025-07-04 16:14:43,605 - INFO -    - df_tp_desp_1: 12
2025-07-04 16:14:43,606 - INFO -    - Cliente: ANA AUGUSTA PIRES COUTINHO
2025-07-04 16:14:43,610 - INFO -    - Data: 2025-07-05 00:00:00
2025-07-04 16:14:43,612 - INFO - 🚀 Chamando mostrar_preview...
2025-07-04 16:14:43,769 - INFO - ✅ mostrar_preview executado
2025-07-04 16:14:43,770 - INFO - ✅ Preview window criado: .!toplevel.!toplevel2
2025-07-04 16:14:43,771 - INFO - 🔧 Ocultando interface principal
2025-07-04 16:14:43,790 - INFO - ✅ Interface principal ocultada
2025-07-04 16:14:43,798 - INFO - ✅ Protocolo de fechamento configurado
2025-07-04 16:14:43,800 - INFO - ✅ Preview focado
2025-07-04 16:14:43,801 - INFO - ✅ Preview limpo aberto com sucesso
2025-07-04 16:34:00,318 - INFO - ✅ Handler importado de src.relatorio_despesas_aprimorado
2025-07-04 16:34:00,324 - INFO - 📈 20% - Processando data...
2025-07-04 16:34:00,325 - INFO - 🔧 Limpando data: 2025-07-05 00:00:00 (tipo: <class 'datetime.datetime'>)
2025-07-04 16:34:00,326 - INFO - ✅ Data limpa: 2025-07-05 00:00:00
2025-07-04 16:34:00,331 - INFO - 📈 40% - Carregando dados...
2025-07-04 16:34:00,530 - INFO - 📈 60% - Processando dados...
2025-07-04 16:34:00,531 - INFO - 🔧 Processando dados para data: 2025-07-05 00:00:00
2025-07-04 16:34:00,534 - INFO - Data de referência para processamento: 2025-07-05 00:00:00
2025-07-04 16:34:00,535 - INFO - Tipo da data de referência: <class 'pandas._libs.tslibs.timestamps.Timestamp'>
2025-07-04 16:34:00,537 - INFO - Total de registros originais: 251
2025-07-04 16:34:00,539 - INFO - Processando dados - registros após filtrar excluídos: 251
2025-07-04 16:34:00,558 - INFO - Datas únicas disponíveis no arquivo: [datetime.date(2025, 2, 20), datetime.date(2025, 3, 5), datetime.date(2025, 3, 20), datetime.date(2025, 4, 5), datetime.date(2025, 4, 20), datetime.date(2025, 5, 5), datetime.date(2025, 5, 20), datetime.date(2025, 6, 5), datetime.date(2025, 6, 20), datetime.date(2025, 7, 5)]
2025-07-04 16:34:00,568 - INFO - Data procurada: 2025-07-05
2025-07-04 16:34:00,578 - INFO - Resultados do processamento:
2025-07-04 16:34:00,580 - INFO -   - df_filtrado: 14 registros
2025-07-04 16:34:00,581 - INFO -   - df_diaria: 4 registros
2025-07-04 16:34:00,581 - INFO -   - df_tp_desp_1: 12 registros
2025-07-04 16:34:00,582 - INFO -   - df_tp_desp_2: 0 registros
2025-07-04 16:34:00,582 - INFO - 📊 Resultados:
2025-07-04 16:34:00,583 - INFO -    - df_filtrado: 14 registros
2025-07-04 16:34:00,585 - INFO -    - df_diaria: 4 registros
2025-07-04 16:34:00,586 - INFO -    - df_tp_desp_1: 12 registros
2025-07-04 16:34:00,587 - INFO -    - df_tp_desp_2: 0 registros
2025-07-04 16:34:00,591 - INFO - 📈 80% - Obtendo dados do cliente...
2025-07-04 16:34:00,830 - INFO - 
Obtendo número do relatório para data 2025-07-05 00:00:00
2025-07-04 16:34:00,832 - INFO - Número do relatório calculado: 10
2025-07-04 16:34:00,832 - INFO - Calculando acumulado para data 2025-07-05 00:00:00
2025-07-04 16:34:00,834 - INFO - Acumulado - registros após filtrar excluídos: 251
2025-07-04 16:34:00,845 - INFO - Valor acumulado calculado (apenas ativos): 426,376.12
2025-07-04 16:34:00,846 - INFO - 📋 Cliente: ANA AUGUSTA PIRES COUTINHO
2025-07-04 16:34:00,847 - INFO - 📋 Relatório nº: 10
2025-07-04 16:34:00,848 - INFO - 📋 Acumulado: R$ 426,376.12
2025-07-04 16:34:00,855 - INFO - 📈 95% - Finalizando...
2025-07-04 16:34:00,857 - INFO - ✅ Dados completos montados
2025-07-04 16:34:00,861 - INFO - 📈 100% - Abrindo preview...
2025-07-04 16:34:00,865 - INFO - 🎯 ABRINDO PREVIEW LIMPO
2025-07-04 16:34:00,866 - INFO - ✅ VisualizadorRelatorio importado de src
2025-07-04 16:34:00,867 - INFO - 🔧 Preparando para criar visualizador
2025-07-04 16:34:00,868 - INFO - ✅ Visualizador criado com sucesso
2025-07-04 16:34:00,869 - INFO - 🔍 Verificando dados antes do preview...
2025-07-04 16:34:00,870 - INFO -    - df_filtrado: 14
2025-07-04 16:34:00,885 - INFO -    - df_diaria: 4
2025-07-04 16:34:00,888 - INFO -    - df_tp_desp_1: 12
2025-07-04 16:34:00,889 - INFO -    - Cliente: ANA AUGUSTA PIRES COUTINHO
2025-07-04 16:34:00,890 - INFO -    - Data: 2025-07-05 00:00:00
2025-07-04 16:34:00,891 - INFO - 🚀 Chamando mostrar_preview...
2025-07-04 16:34:01,038 - INFO - ✅ mostrar_preview executado
2025-07-04 16:34:01,042 - INFO - ✅ Preview window criado: .!toplevel.!toplevel2
2025-07-04 16:34:01,072 - INFO - 🔧 Ocultando interface principal
2025-07-04 16:34:01,101 - INFO - ✅ Interface principal ocultada
2025-07-04 16:34:01,116 - INFO - ✅ Protocolo de fechamento configurado
2025-07-04 16:34:01,123 - INFO - ✅ Preview focado
2025-07-04 16:34:01,124 - INFO - ✅ Preview limpo aberto com sucesso
2025-07-04 17:18:51,565 - INFO - Módulo fallback carregado: src.relatorio_despesas_aprimorado
2025-07-04 17:18:51,590 - INFO - Iniciando RelatorioUI
2025-07-04 17:18:51,663 - INFO - Iniciando configuração da interface
2025-07-04 17:18:51,731 - INFO - Interface configurada com sucesso
2025-07-04 17:37:25,978 - INFO - Saída confirmada, finalizando sistema
2025-07-04 17:37:26,152 - INFO - Ação concluída: Gerar relatório
2025-07-04 17:39:30,466 - INFO - 📁 Processando arquivo: ANA AUGUSTA PIRES COUTINHO.xlsx
2025-07-04 17:39:30,469 - INFO - 📅 Data: 2025-07-05 00:00:00
2025-07-04 17:39:30,657 - INFO - Data de referência para processamento: 2025-07-05 00:00:00
2025-07-04 17:39:30,657 - INFO - Tipo da data de referência: <class 'pandas._libs.tslibs.timestamps.Timestamp'>
2025-07-04 17:39:30,658 - INFO - Total de registros originais: 251
2025-07-04 17:39:30,659 - INFO - Processando dados - registros após filtrar excluídos: 251
2025-07-04 17:39:30,677 - INFO - Datas únicas disponíveis no arquivo: [datetime.date(2025, 2, 20), datetime.date(2025, 3, 5), datetime.date(2025, 3, 20), datetime.date(2025, 4, 5), datetime.date(2025, 4, 20), datetime.date(2025, 5, 5), datetime.date(2025, 5, 20), datetime.date(2025, 6, 5), datetime.date(2025, 6, 20), datetime.date(2025, 7, 5)]
2025-07-04 17:39:30,678 - INFO - Data procurada: 2025-07-05
2025-07-04 17:39:30,689 - INFO - Resultados do processamento:
2025-07-04 17:39:30,690 - INFO -   - df_filtrado: 14 registros
2025-07-04 17:39:30,690 - INFO -   - df_diaria: 4 registros
2025-07-04 17:39:30,691 - INFO -   - df_tp_desp_1: 12 registros
2025-07-04 17:39:30,692 - INFO -   - df_tp_desp_2: 0 registros
2025-07-04 17:39:30,885 - INFO - 
Obtendo número do relatório para data 2025-07-05 00:00:00
2025-07-04 17:39:30,887 - INFO - Número do relatório calculado: 10
2025-07-04 17:39:30,887 - INFO - Calculando acumulado para data 2025-07-05 00:00:00
2025-07-04 17:39:30,889 - INFO - Acumulado - registros após filtrar excluídos: 251
2025-07-04 17:39:30,905 - INFO - Valor acumulado calculado (apenas ativos): 426,376.12
2025-07-04 17:39:30,906 - INFO - ✅ Dados processados: ANA AUGUSTA PIRES COUTINHO
2025-07-04 17:39:30,910 - INFO - 🎯 ABRINDO PREVIEW SIMPLES
2025-07-04 17:39:30,979 - ERROR - 💥 ERRO no preview simples: 'SistemaRelatorios' object has no attribute 'gerar_preview_textual_simples'
Traceback (most recent call last):
  File "C:\Users\Obras\Documents\GitHub\Sistema-Financeiro\src\relatorios_interface.py", line 1931, in abrir_preview_simples
    preview_text = self.gerar_preview_textual_simples(dados_completos)
                   ^^^^^^^^^^^^^^^^^^^^^^^^^^^^^^^^^^
AttributeError: 'SistemaRelatorios' object has no attribute 'gerar_preview_textual_simples'
2025-07-04 17:44:45,234 - INFO - Solicitado retorno ao menu principal
2025-07-04 17:44:45,239 - INFO - Retornando ao menu principal existente
2025-07-04 17:44:45,321 - INFO - Retorno ao menu principal concluído
2025-07-04 17:44:48,510 - INFO - Saída confirmada, finalizando sistema
2025-07-04 17:44:48,572 - INFO - Ação concluída: Gerar relatório
2025-07-04 17:45:17,303 - INFO - 📁 Processando arquivo: ANA AUGUSTA PIRES COUTINHO.xlsx
2025-07-04 17:45:17,303 - INFO - 📅 Data: 2025-07-05 00:00:00
2025-07-04 17:45:17,451 - INFO - Data de referência para processamento: 2025-07-05 00:00:00
2025-07-04 17:45:17,451 - INFO - Tipo da data de referência: <class 'pandas._libs.tslibs.timestamps.Timestamp'>
2025-07-04 17:45:17,453 - INFO - Total de registros originais: 251
2025-07-04 17:45:17,454 - INFO - Processando dados - registros após filtrar excluídos: 251
2025-07-04 17:45:17,460 - INFO - Datas únicas disponíveis no arquivo: [datetime.date(2025, 2, 20), datetime.date(2025, 3, 5), datetime.date(2025, 3, 20), datetime.date(2025, 4, 5), datetime.date(2025, 4, 20), datetime.date(2025, 5, 5), datetime.date(2025, 5, 20), datetime.date(2025, 6, 5), datetime.date(2025, 6, 20), datetime.date(2025, 7, 5)]
2025-07-04 17:45:17,461 - INFO - Data procurada: 2025-07-05
2025-07-04 17:45:17,472 - INFO - Resultados do processamento:
2025-07-04 17:45:17,472 - INFO -   - df_filtrado: 14 registros
2025-07-04 17:45:17,473 - INFO -   - df_diaria: 4 registros
2025-07-04 17:45:17,473 - INFO -   - df_tp_desp_1: 12 registros
2025-07-04 17:45:17,473 - INFO -   - df_tp_desp_2: 0 registros
2025-07-04 17:45:17,697 - INFO - 
Obtendo número do relatório para data 2025-07-05 00:00:00
2025-07-04 17:45:17,698 - INFO - Número do relatório calculado: 10
2025-07-04 17:45:17,698 - INFO - Calculando acumulado para data 2025-07-05 00:00:00
2025-07-04 17:45:17,701 - INFO - Acumulado - registros após filtrar excluídos: 251
2025-07-04 17:45:17,710 - INFO - Valor acumulado calculado (apenas ativos): 426,376.12
2025-07-04 17:45:17,710 - INFO - ✅ Dados processados: ANA AUGUSTA PIRES COUTINHO
2025-07-04 17:45:17,716 - INFO - 🎯 ABRINDO PREVIEW SIMPLES
2025-07-04 17:45:17,773 - ERROR - Erro ao gerar preview textual: name 'pd' is not defined
2025-07-04 17:45:17,789 - INFO - ✅ Preview simples criado diretamente
2025-07-04 18:15:24,668 - INFO - ✅ Dados carregados: 251 registros
2025-07-04 18:15:24,672 - INFO - Data de referência para processamento: 2025-07-05 00:00:00
2025-07-04 18:15:24,672 - INFO - Tipo da data de referência: <class 'pandas._libs.tslibs.timestamps.Timestamp'>
2025-07-04 18:15:24,673 - INFO - Total de registros originais: 251
2025-07-04 18:15:24,674 - INFO - Processando dados - registros após filtrar excluídos: 251
2025-07-04 18:15:24,696 - INFO - Datas únicas disponíveis no arquivo: [datetime.date(2025, 2, 20), datetime.date(2025, 3, 5), datetime.date(2025, 3, 20), datetime.date(2025, 4, 5), datetime.date(2025, 4, 20), datetime.date(2025, 5, 5), datetime.date(2025, 5, 20), datetime.date(2025, 6, 5), datetime.date(2025, 6, 20), datetime.date(2025, 7, 5)]
2025-07-04 18:15:24,697 - INFO - Data procurada: 2025-07-05
2025-07-04 18:15:24,713 - INFO - Resultados do processamento:
2025-07-04 18:15:24,713 - INFO -   - df_filtrado: 14 registros
2025-07-04 18:15:24,719 - INFO -   - df_diaria: 4 registros
2025-07-04 18:15:24,720 - INFO -   - df_tp_desp_1: 12 registros
2025-07-04 18:15:24,720 - INFO -   - df_tp_desp_2: 0 registros
2025-07-04 18:15:24,916 - INFO - 
Obtendo número do relatório para data 2025-07-05 00:00:00
2025-07-04 18:15:24,917 - INFO - Número do relatório calculado: 10
2025-07-04 18:15:24,917 - INFO - Calculando acumulado para data 2025-07-05 00:00:00
2025-07-04 18:15:24,919 - INFO - Acumulado - registros após filtrar excluídos: 251
2025-07-04 18:15:24,931 - INFO - Valor acumulado calculado (apenas ativos): 426,376.12
2025-07-04 18:15:24,931 - INFO - ✅ Dados processados UMA VEZ: ANA AUGUSTA PIRES COUTINHO
2025-07-04 18:15:24,935 - INFO - 🎯 ABRINDO PREVIEW COM DADOS PRONTOS
2025-07-04 18:15:24,999 - ERROR - Erro ao gerar preview textual: 'NoneType' object has no attribute 'empty'
2025-07-04 18:15:25,019 - INFO - ✅ Preview com dados prontos criado
2025-07-04 18:41:23,121 - INFO - 📁 Processando arquivo: ANA AUGUSTA PIRES COUTINHO.xlsx
2025-07-04 18:41:23,121 - INFO - 📅 Data: 2025-07-05 00:00:00
2025-07-04 18:41:23,308 - INFO - Data de referência para processamento: 2025-07-05 00:00:00
2025-07-04 18:41:23,308 - INFO - Tipo da data de referência: <class 'pandas._libs.tslibs.timestamps.Timestamp'>
2025-07-04 18:41:23,311 - INFO - Total de registros originais: 251
2025-07-04 18:41:23,318 - INFO - Processando dados - registros após filtrar excluídos: 251
2025-07-04 18:41:23,338 - INFO - Datas únicas disponíveis no arquivo: [datetime.date(2025, 2, 20), datetime.date(2025, 3, 5), datetime.date(2025, 3, 20), datetime.date(2025, 4, 5), datetime.date(2025, 4, 20), datetime.date(2025, 5, 5), datetime.date(2025, 5, 20), datetime.date(2025, 6, 5), datetime.date(2025, 6, 20), datetime.date(2025, 7, 5)]
2025-07-04 18:41:23,338 - INFO - Data procurada: 2025-07-05
2025-07-04 18:41:23,350 - INFO - Resultados do processamento:
2025-07-04 18:41:23,350 - INFO -   - df_filtrado: 14 registros
2025-07-04 18:41:23,351 - INFO -   - df_diaria: 4 registros
2025-07-04 18:41:23,351 - INFO -   - df_tp_desp_1: 12 registros
2025-07-04 18:41:23,351 - INFO -   - df_tp_desp_2: 0 registros
2025-07-04 18:41:23,537 - INFO - 
Obtendo número do relatório para data 2025-07-05 00:00:00
2025-07-04 18:41:23,537 - INFO - Número do relatório calculado: 10
2025-07-04 18:41:23,537 - INFO - Calculando acumulado para data 2025-07-05 00:00:00
2025-07-04 18:41:23,537 - INFO - Acumulado - registros após filtrar excluídos: 251
2025-07-04 18:41:23,537 - INFO - Valor acumulado calculado (apenas ativos): 426,376.12
2025-07-04 18:41:23,537 - INFO - ✅ Dados processados: ANA AUGUSTA PIRES COUTINHO
2025-07-04 18:41:23,554 - INFO - 🎯 ABRINDO PREVIEW SIMPLES
2025-07-04 18:41:23,596 - ERROR - Erro ao gerar preview textual: 'SistemaRelatorios' object has no attribute 'formatar_numero'
2025-07-04 18:41:23,616 - INFO - ✅ Preview simples criado diretamente
2025-07-04 18:49:10,884 - INFO - 📁 Processando arquivo: ANA AUGUSTA PIRES COUTINHO.xlsx
2025-07-04 18:49:10,884 - INFO - 📅 Data: 2025-07-05 00:00:00
2025-07-04 18:49:11,070 - INFO - Data de referência para processamento: 2025-07-05 00:00:00
2025-07-04 18:49:11,071 - INFO - Tipo da data de referência: <class 'pandas._libs.tslibs.timestamps.Timestamp'>
2025-07-04 18:49:11,072 - INFO - Total de registros originais: 251
2025-07-04 18:49:11,073 - INFO - Processando dados - registros após filtrar excluídos: 251
2025-07-04 18:49:11,106 - INFO - Datas únicas disponíveis no arquivo: [datetime.date(2025, 2, 20), datetime.date(2025, 3, 5), datetime.date(2025, 3, 20), datetime.date(2025, 4, 5), datetime.date(2025, 4, 20), datetime.date(2025, 5, 5), datetime.date(2025, 5, 20), datetime.date(2025, 6, 5), datetime.date(2025, 6, 20), datetime.date(2025, 7, 5)]
2025-07-04 18:49:11,107 - INFO - Data procurada: 2025-07-05
2025-07-04 18:49:11,111 - INFO - Resultados do processamento:
2025-07-04 18:49:11,111 - INFO -   - df_filtrado: 14 registros
2025-07-04 18:49:11,111 - INFO -   - df_diaria: 4 registros
2025-07-04 18:49:11,111 - INFO -   - df_tp_desp_1: 12 registros
2025-07-04 18:49:11,118 - INFO -   - df_tp_desp_2: 0 registros
2025-07-04 18:49:11,298 - INFO - 
Obtendo número do relatório para data 2025-07-05 00:00:00
2025-07-04 18:49:11,298 - INFO - Número do relatório calculado: 10
2025-07-04 18:49:11,298 - INFO - Calculando acumulado para data 2025-07-05 00:00:00
2025-07-04 18:49:11,298 - INFO - Acumulado - registros após filtrar excluídos: 251
2025-07-04 18:49:11,316 - INFO - Valor acumulado calculado (apenas ativos): 426,376.12
2025-07-04 18:49:11,317 - INFO - ✅ Dados processados: ANA AUGUSTA PIRES COUTINHO
2025-07-04 18:49:11,321 - INFO - 🎯 ABRINDO PREVIEW SIMPLES
2025-07-04 18:49:11,372 - ERROR - Erro ao gerar preview textual: 'SistemaRelatorios' object has no attribute 'formatar_numero'
2025-07-04 18:49:11,394 - INFO - ✅ Preview simples criado diretamente
2025-07-04 18:51:22,026 - INFO - 📁 Processando arquivo: ANA AUGUSTA PIRES COUTINHO.xlsx
2025-07-04 18:51:22,026 - INFO - 📅 Data: 2025-07-05 00:00:00
2025-07-04 18:51:22,258 - INFO - Data de referência para processamento: 2025-07-05 00:00:00
2025-07-04 18:51:22,258 - INFO - Tipo da data de referência: <class 'pandas._libs.tslibs.timestamps.Timestamp'>
2025-07-04 18:51:22,258 - INFO - Total de registros originais: 251
2025-07-04 18:51:22,258 - INFO - Processando dados - registros após filtrar excluídos: 251
2025-07-04 18:51:22,276 - INFO - Datas únicas disponíveis no arquivo: [datetime.date(2025, 2, 20), datetime.date(2025, 3, 5), datetime.date(2025, 3, 20), datetime.date(2025, 4, 5), datetime.date(2025, 4, 20), datetime.date(2025, 5, 5), datetime.date(2025, 5, 20), datetime.date(2025, 6, 5), datetime.date(2025, 6, 20), datetime.date(2025, 7, 5)]
2025-07-04 18:51:22,276 - INFO - Data procurada: 2025-07-05
2025-07-04 18:51:22,286 - INFO - Resultados do processamento:
2025-07-04 18:51:22,286 - INFO -   - df_filtrado: 14 registros
2025-07-04 18:51:22,287 - INFO -   - df_diaria: 4 registros
2025-07-04 18:51:22,287 - INFO -   - df_tp_desp_1: 12 registros
2025-07-04 18:51:22,288 - INFO -   - df_tp_desp_2: 0 registros
2025-07-04 18:51:22,462 - INFO - 
Obtendo número do relatório para data 2025-07-05 00:00:00
2025-07-04 18:51:22,462 - INFO - Número do relatório calculado: 10
2025-07-04 18:51:22,462 - INFO - Calculando acumulado para data 2025-07-05 00:00:00
2025-07-04 18:51:22,478 - INFO - Acumulado - registros após filtrar excluídos: 251
2025-07-04 18:51:22,478 - INFO - Valor acumulado calculado (apenas ativos): 426,376.12
2025-07-04 18:51:22,478 - INFO - ✅ Dados processados: ANA AUGUSTA PIRES COUTINHO
2025-07-04 18:51:22,492 - INFO - 🎯 ABRINDO PREVIEW SIMPLES
2025-07-04 18:51:22,554 - INFO - ✅ Preview simples criado diretamente
2025-07-04 19:47:15,278 - INFO - ✅ Dados carregados: 251 registros
2025-07-04 19:47:15,281 - INFO - Data de referência para processamento: 2025-07-05 00:00:00
2025-07-04 19:47:15,281 - INFO - Tipo da data de referência: <class 'pandas._libs.tslibs.timestamps.Timestamp'>
2025-07-04 19:47:15,282 - INFO - Total de registros originais: 251
2025-07-04 19:47:15,284 - INFO - Processando dados - registros após filtrar excluídos: 251
2025-07-04 19:47:15,296 - INFO - Datas únicas disponíveis no arquivo: [datetime.date(2025, 2, 20), datetime.date(2025, 3, 5), datetime.date(2025, 3, 20), datetime.date(2025, 4, 5), datetime.date(2025, 4, 20), datetime.date(2025, 5, 5), datetime.date(2025, 5, 20), datetime.date(2025, 6, 5), datetime.date(2025, 6, 20), datetime.date(2025, 7, 5)]
2025-07-04 19:47:15,296 - INFO - Data procurada: 2025-07-05
2025-07-04 19:47:15,312 - INFO - Resultados do processamento:
2025-07-04 19:47:15,312 - INFO -   - df_filtrado: 14 registros
2025-07-04 19:47:15,312 - INFO -   - df_diaria: 4 registros
2025-07-04 19:47:15,312 - INFO -   - df_tp_desp_1: 12 registros
2025-07-04 19:47:15,312 - INFO -   - df_tp_desp_2: 0 registros
2025-07-04 19:47:15,493 - INFO - 
Obtendo número do relatório para data 2025-07-05 00:00:00
2025-07-04 19:47:15,493 - INFO - Número do relatório calculado: 10
2025-07-04 19:47:15,493 - INFO - Calculando acumulado para data 2025-07-05 00:00:00
2025-07-04 19:47:15,493 - INFO - Acumulado - registros após filtrar excluídos: 251
2025-07-04 19:47:15,509 - INFO - Valor acumulado calculado (apenas ativos): 426,376.12
2025-07-04 19:47:15,509 - INFO - ✅ Dados processados UMA VEZ: ANA AUGUSTA PIRES COUTINHO
2025-07-04 19:47:15,522 - INFO - 🎯 ABRINDO PREVIEW COM DADOS PRONTOS - VERSÃO FINAL
2025-07-04 19:47:15,523 - INFO - === DEBUG DOS DADOS RECEBIDOS ===
2025-07-04 19:47:15,525 - INFO -   df_filtrado: DataFrame com 14 registros
2025-07-04 19:47:15,525 - INFO -   df_diaria: DataFrame com 4 registros
2025-07-04 19:47:15,525 - INFO -   df_tp_desp_1: DataFrame com 12 registros
2025-07-04 19:47:15,525 - INFO -   df_tp_desp_2: DataFrame com 0 registros
2025-07-04 19:47:15,529 - WARNING -   df_futuro: None (PROBLEMA!)
2025-07-04 19:47:15,532 - INFO -   df_original: DataFrame com 251 registros
2025-07-04 19:47:15,534 - INFO -   incluir_futuros: <class 'bool'>
2025-07-04 19:47:15,534 - INFO -   incluir_excluidos: <class 'bool'>
2025-07-04 19:47:15,535 - INFO -   data_relatorio: <class 'datetime.datetime'>
2025-07-04 19:47:15,535 - INFO -   nome_cliente: <class 'str'>
2025-07-04 19:47:15,535 - INFO -   endereco_cliente: <class 'str'>
2025-07-04 19:47:15,537 - INFO -   numero_relatorio: <class 'int'>
2025-07-04 19:47:15,538 - INFO -   acumulado: <class 'float'>
2025-07-04 19:47:15,538 - INFO -   handler_instance: <class 'src.relatorio_despesas_aprimorado.RelatorioHandler'>
2025-07-04 19:47:15,539 - INFO -   arquivo_path: <class 'str'>
2025-07-04 19:47:15,539 - INFO - === FIM DEBUG ===
2025-07-04 19:47:15,619 - INFO - ✅ Preview com dados prontos criado - VERSÃO FINAL
2025-07-04 19:52:19,282 - INFO - ✅ Dados carregados: 251 registros
2025-07-04 19:52:19,286 - INFO - Data de referência para processamento: 2025-07-05 00:00:00
2025-07-04 19:52:19,287 - INFO - Tipo da data de referência: <class 'pandas._libs.tslibs.timestamps.Timestamp'>
2025-07-04 19:52:19,288 - INFO - Total de registros originais: 251
2025-07-04 19:52:19,289 - INFO - Processando dados - registros após filtrar excluídos: 251
2025-07-04 19:52:19,307 - INFO - Datas únicas disponíveis no arquivo: [datetime.date(2025, 2, 20), datetime.date(2025, 3, 5), datetime.date(2025, 3, 20), datetime.date(2025, 4, 5), datetime.date(2025, 4, 20), datetime.date(2025, 5, 5), datetime.date(2025, 5, 20), datetime.date(2025, 6, 5), datetime.date(2025, 6, 20), datetime.date(2025, 7, 5)]
2025-07-04 19:52:19,310 - INFO - Data procurada: 2025-07-05
2025-07-04 19:52:19,324 - INFO - Resultados do processamento:
2025-07-04 19:52:19,324 - INFO -   - df_filtrado: 14 registros
2025-07-04 19:52:19,326 - INFO -   - df_diaria: 4 registros
2025-07-04 19:52:19,327 - INFO -   - df_tp_desp_1: 12 registros
2025-07-04 19:52:19,327 - INFO -   - df_tp_desp_2: 0 registros
2025-07-04 19:52:19,504 - INFO - 
Obtendo número do relatório para data 2025-07-05 00:00:00
2025-07-04 19:52:19,504 - INFO - Número do relatório calculado: 10
2025-07-04 19:52:19,504 - INFO - Calculando acumulado para data 2025-07-05 00:00:00
2025-07-04 19:52:19,504 - INFO - Acumulado - registros após filtrar excluídos: 251
2025-07-04 19:52:19,504 - INFO - Valor acumulado calculado (apenas ativos): 426,376.12
2025-07-04 19:52:19,504 - INFO - ✅ Dados processados UMA VEZ: ANA AUGUSTA PIRES COUTINHO
2025-07-04 19:52:19,526 - INFO - 🎯 ABRINDO PREVIEW COM DADOS PRONTOS - VERSÃO ULTRA ROBUSTA
2025-07-04 19:52:19,531 - INFO - === DEBUG DOS DADOS RECEBIDOS ===
2025-07-04 19:52:19,532 - INFO -   df_filtrado: DataFrame com 14 registros
2025-07-04 19:52:19,533 - INFO -   df_diaria: DataFrame com 4 registros
2025-07-04 19:52:19,534 - INFO -   df_tp_desp_1: DataFrame com 12 registros
2025-07-04 19:52:19,535 - INFO -   df_tp_desp_2: DataFrame com 0 registros
2025-07-04 19:52:19,536 - WARNING -   df_futuro: None (PROBLEMA!)
2025-07-04 19:52:19,536 - INFO -   df_original: DataFrame com 251 registros
2025-07-04 19:52:19,540 - INFO -   incluir_futuros: <class 'bool'>
2025-07-04 19:52:19,540 - INFO -   incluir_excluidos: <class 'bool'>
2025-07-04 19:52:19,545 - INFO -   data_relatorio: <class 'datetime.datetime'>
2025-07-04 19:52:19,549 - INFO -   nome_cliente: <class 'str'>
2025-07-04 19:52:19,550 - INFO -   endereco_cliente: <class 'str'>
2025-07-04 19:52:19,551 - INFO -   numero_relatorio: <class 'int'>
2025-07-04 19:52:19,551 - INFO -   acumulado: <class 'float'>
2025-07-04 19:52:19,552 - INFO -   handler_instance: <class 'src.relatorio_despesas_aprimorado.RelatorioHandler'>
2025-07-04 19:52:19,553 - INFO -   arquivo_path: <class 'str'>
2025-07-04 19:52:19,554 - INFO - === FIM DEBUG ===
2025-07-04 19:52:19,554 - INFO - ✅ TESTE 1: self.root existe
2025-07-04 19:52:19,560 - INFO - ✅ TESTE 2: tkinter importado
2025-07-04 19:52:19,564 - INFO - 🔧 TESTE 3: Criando janela de preview...
2025-07-04 19:52:19,577 - INFO - ✅ TESTE 3a: Toplevel criado
2025-07-04 19:52:19,588 - INFO - ✅ TESTE 3b: Título definido
2025-07-04 19:52:19,590 - INFO - ✅ TESTE 3c: Geometria definida
2025-07-04 19:52:19,617 - INFO - ✅ TESTE 3d: Transient configurado
2025-07-04 19:52:19,630 - INFO - ✅ TESTE 3e: Grab_set configurado
2025-07-04 19:52:19,636 - INFO - 🔧 TESTE 4: Ocultando interface principal...
2025-07-04 19:52:19,643 - INFO - ✅ TESTE 4: Interface principal ocultada
2025-07-04 19:52:19,654 - INFO - 🔧 TESTE 5: Criando widgets básicos...
2025-07-04 19:52:19,656 - INFO - ✅ TESTE 5a: Frame principal criado
2025-07-04 19:52:19,660 - INFO - ✅ TESTE 5b: Título criado
2025-07-04 19:52:19,672 - INFO - ✅ TESTE 5c: Informações do cliente criadas
2025-07-04 19:52:19,675 - INFO - 🔧 TESTE 6: Criando área de texto...
2025-07-04 19:52:19,688 - INFO - ✅ TESTE 6: Área de texto criada
2025-07-04 19:52:19,690 - INFO - 🔧 TESTE 7: Gerando preview textual...
2025-07-04 19:52:19,702 - INFO - ✅ TESTE 7a: Preview textual gerado
2025-07-04 19:52:19,722 - INFO - ✅ TESTE 7b: Texto inserido no widget
2025-07-04 19:52:19,722 - INFO - 🔧 TESTE 8: Criando botões...
2025-07-04 19:52:19,737 - INFO - ✅ TESTE 8: Botões criados
2025-07-04 19:52:19,737 - INFO - 🔧 TESTE 9: Configurando fechamento...
2025-07-04 19:52:19,742 - INFO - ✅ TESTE 9: Protocolo de fechamento configurado
2025-07-04 19:52:19,745 - INFO - 🔧 TESTE 10: Focando janela...
2025-07-04 19:52:19,749 - INFO - ✅ TESTE 10: Janela focada
2025-07-04 19:52:19,750 - INFO - ✅ Preview com dados prontos criado - VERSÃO ULTRA ROBUSTA COMPLETA
2025-07-04 19:52:19,751 - INFO - ✅ TESTE FINAL: Janela de preview existe e está funcional
2025-07-04 19:58:36,039 - INFO - ✅ Dados carregados: 251 registros
2025-07-04 19:58:36,057 - INFO - Data de referência para processamento: 2025-07-05 00:00:00
2025-07-04 19:58:36,058 - INFO - Tipo da data de referência: <class 'pandas._libs.tslibs.timestamps.Timestamp'>
2025-07-04 19:58:36,060 - INFO - Total de registros originais: 251
2025-07-04 19:58:36,061 - INFO - Processando dados - registros após filtrar excluídos: 251
2025-07-04 19:58:36,077 - INFO - Datas únicas disponíveis no arquivo: [datetime.date(2025, 2, 20), datetime.date(2025, 3, 5), datetime.date(2025, 3, 20), datetime.date(2025, 4, 5), datetime.date(2025, 4, 20), datetime.date(2025, 5, 5), datetime.date(2025, 5, 20), datetime.date(2025, 6, 5), datetime.date(2025, 6, 20), datetime.date(2025, 7, 5)]
2025-07-04 19:58:36,080 - INFO - Data procurada: 2025-07-05
2025-07-04 19:58:36,092 - INFO - Resultados do processamento:
2025-07-04 19:58:36,092 - INFO -   - df_filtrado: 14 registros
2025-07-04 19:58:36,092 - INFO -   - df_diaria: 4 registros
2025-07-04 19:58:36,093 - INFO -   - df_tp_desp_1: 12 registros
2025-07-04 19:58:36,094 - INFO -   - df_tp_desp_2: 0 registros
2025-07-04 19:58:36,283 - INFO - 
Obtendo número do relatório para data 2025-07-05 00:00:00
2025-07-04 19:58:36,283 - INFO - Número do relatório calculado: 10
2025-07-04 19:58:36,283 - INFO - Calculando acumulado para data 2025-07-05 00:00:00
2025-07-04 19:58:36,283 - INFO - Acumulado - registros após filtrar excluídos: 251
2025-07-04 19:58:36,305 - INFO - Valor acumulado calculado (apenas ativos): 426,376.12
2025-07-04 19:58:36,307 - INFO - ✅ Dados processados UMA VEZ: ANA AUGUSTA PIRES COUTINHO
2025-07-04 19:58:36,735 - INFO - 🎯 ABRINDO PREVIEW THREAD-SAFE
2025-07-04 19:58:36,735 - INFO - ✅ Executando no thread principal do Tkinter
2025-07-04 19:58:36,772 - INFO - ✅ Preview thread-safe criado e funcional
2025-07-04 19:58:37,787 - INFO - ✅ Janela preview ainda existe após 1 segundo
2025-07-04 20:07:46,574 - INFO - ✅ Dados carregados: 251 registros
2025-07-04 20:07:46,579 - INFO - Data de referência para processamento: 2025-07-05 00:00:00
2025-07-04 20:07:46,579 - INFO - Tipo da data de referência: <class 'pandas._libs.tslibs.timestamps.Timestamp'>
2025-07-04 20:07:46,580 - INFO - Total de registros originais: 251
2025-07-04 20:07:46,583 - INFO - Processando dados - registros após filtrar excluídos: 251
2025-07-04 20:07:46,602 - INFO - Datas únicas disponíveis no arquivo: [datetime.date(2025, 2, 20), datetime.date(2025, 3, 5), datetime.date(2025, 3, 20), datetime.date(2025, 4, 5), datetime.date(2025, 4, 20), datetime.date(2025, 5, 5), datetime.date(2025, 5, 20), datetime.date(2025, 6, 5), datetime.date(2025, 6, 20), datetime.date(2025, 7, 5)]
2025-07-04 20:07:46,604 - INFO - Data procurada: 2025-07-05
2025-07-04 20:07:46,616 - INFO - Resultados do processamento:
2025-07-04 20:07:46,616 - INFO -   - df_filtrado: 14 registros
2025-07-04 20:07:46,617 - INFO -   - df_diaria: 4 registros
2025-07-04 20:07:46,618 - INFO -   - df_tp_desp_1: 12 registros
2025-07-04 20:07:46,619 - INFO -   - df_tp_desp_2: 0 registros
2025-07-04 20:07:46,810 - INFO - 
Obtendo número do relatório para data 2025-07-05 00:00:00
2025-07-04 20:07:46,810 - INFO - Número do relatório calculado: 10
2025-07-04 20:07:46,810 - INFO - Calculando acumulado para data 2025-07-05 00:00:00
2025-07-04 20:07:46,810 - INFO - Acumulado - registros após filtrar excluídos: 251
2025-07-04 20:07:46,810 - INFO - Valor acumulado calculado (apenas ativos): 426,376.12
2025-07-04 20:07:46,810 - INFO - ✅ Dados processados UMA VEZ: ANA AUGUSTA PIRES COUTINHO
2025-07-04 20:07:46,810 - INFO - ✅ Dados processados com sucesso
2025-07-04 20:07:46,831 - INFO - 🔧 Abrindo preview direto...
2025-07-04 20:07:46,834 - INFO - 🎯 ABRINDO PREVIEW ESTÁVEL
2025-07-04 20:07:46,858 - INFO - 🔧 Gerando texto do preview...
2025-07-04 20:07:46,864 - INFO - ✅ Texto inserido com sucesso
2025-07-04 20:07:46,876 - INFO - ✅ Preview estável criado com referências mantidas
2025-07-04 20:07:48,888 - INFO - ✅ Preview ainda ativo
2025-07-04 20:07:50,889 - INFO - ✅ Preview ainda ativo
2025-07-04 20:07:52,898 - INFO - ✅ Preview ainda ativo
2025-07-04 20:07:54,906 - INFO - ✅ Preview ainda ativo
2025-07-04 20:07:56,909 - INFO - ✅ Preview ainda ativo
2025-07-04 20:07:58,922 - INFO - ✅ Preview ainda ativo
2025-07-04 20:08:00,923 - INFO - ✅ Preview ainda ativo
2025-07-04 20:08:02,923 - INFO - ✅ Preview ainda ativo
2025-07-04 20:08:04,932 - INFO - ✅ Preview ainda ativo
2025-07-04 20:08:06,947 - INFO - ✅ Preview ainda ativo
2025-07-04 20:08:08,958 - INFO - ✅ Preview ainda ativo
2025-07-04 20:08:10,958 - INFO - ✅ Preview ainda ativo
2025-07-04 20:08:12,965 - INFO - ✅ Preview ainda ativo
2025-07-04 20:08:14,967 - INFO - ✅ Preview ainda ativo
2025-07-04 20:08:16,981 - INFO - ✅ Preview ainda ativo
2025-07-04 20:08:18,994 - INFO - ✅ Preview ainda ativo
2025-07-04 20:08:20,997 - INFO - ✅ Preview ainda ativo
2025-07-04 20:08:23,013 - INFO - ✅ Preview ainda ativo
2025-07-04 20:08:25,028 - INFO - ✅ Preview ainda ativo
2025-07-04 20:08:27,043 - INFO - ✅ Preview ainda ativo
2025-07-04 20:08:29,057 - INFO - ✅ Preview ainda ativo
2025-07-04 20:08:31,063 - INFO - ✅ Preview ainda ativo
2025-07-04 20:08:33,072 - INFO - ✅ Preview ainda ativo
2025-07-04 20:08:35,079 - INFO - ✅ Preview ainda ativo
2025-07-04 20:08:37,083 - INFO - ✅ Preview ainda ativo
2025-07-04 20:08:39,095 - INFO - ✅ Preview ainda ativo
2025-07-04 20:08:41,100 - INFO - ✅ Preview ainda ativo
2025-07-04 20:08:43,106 - INFO - ✅ Preview ainda ativo
2025-07-04 20:08:45,113 - INFO - ✅ Preview ainda ativo
2025-07-04 20:08:47,120 - INFO - ✅ Preview ainda ativo
2025-07-04 20:08:49,127 - INFO - ✅ Preview ainda ativo
2025-07-04 20:08:51,135 - INFO - ✅ Preview ainda ativo
2025-07-04 20:08:53,142 - INFO - ✅ Preview ainda ativo
2025-07-04 20:08:55,148 - INFO - ✅ Preview ainda ativo
2025-07-04 20:08:57,150 - INFO - ✅ Preview ainda ativo
2025-07-04 20:08:59,152 - INFO - ✅ Preview ainda ativo
2025-07-04 20:09:01,158 - INFO - ✅ Preview ainda ativo
2025-07-04 20:09:03,159 - INFO - ✅ Preview ainda ativo
2025-07-04 20:09:05,161 - INFO - ✅ Preview ainda ativo
2025-07-04 20:09:07,171 - INFO - ✅ Preview ainda ativo
2025-07-04 20:09:09,179 - INFO - ✅ Preview ainda ativo
2025-07-04 20:09:11,180 - INFO - ✅ Preview ainda ativo
2025-07-04 20:09:13,190 - INFO - ✅ Preview ainda ativo
2025-07-04 20:09:15,197 - INFO - ✅ Preview ainda ativo
2025-07-04 20:09:17,205 - INFO - ✅ Preview ainda ativo
2025-07-04 20:09:19,212 - INFO - ✅ Preview ainda ativo
2025-07-04 20:09:21,227 - INFO - ✅ Preview ainda ativo
2025-07-04 20:09:23,347 - INFO - ✅ Preview ainda ativo
2025-07-04 20:09:25,357 - INFO - ✅ Preview ainda ativo
2025-07-04 20:09:27,361 - INFO - ✅ Preview ainda ativo
2025-07-04 20:09:29,369 - INFO - ✅ Preview ainda ativo
2025-07-04 20:09:31,378 - INFO - ✅ Preview ainda ativo
2025-07-04 20:09:33,393 - INFO - ✅ Preview ainda ativo
2025-07-04 20:09:35,404 - INFO - ✅ Preview ainda ativo
2025-07-04 20:09:37,413 - INFO - ✅ Preview ainda ativo
2025-07-04 20:09:39,414 - INFO - ✅ Preview ainda ativo
2025-07-04 20:09:41,418 - INFO - ✅ Preview ainda ativo
2025-07-04 20:09:43,426 - INFO - ✅ Preview ainda ativo
2025-07-04 20:09:45,431 - INFO - ✅ Preview ainda ativo
2025-07-04 20:09:47,438 - INFO - ✅ Preview ainda ativo
2025-07-04 20:09:49,445 - INFO - ✅ Preview ainda ativo
2025-07-04 20:09:51,446 - INFO - ✅ Preview ainda ativo
2025-07-04 20:09:53,462 - INFO - ✅ Preview ainda ativo
2025-07-04 20:09:55,462 - INFO - ✅ Preview ainda ativo
2025-07-04 20:09:57,464 - INFO - ✅ Preview ainda ativo
2025-07-04 20:09:59,476 - INFO - ✅ Preview ainda ativo
2025-07-04 20:10:01,490 - INFO - ✅ Preview ainda ativo
2025-07-04 20:10:03,494 - INFO - ✅ Preview ainda ativo
2025-07-04 20:10:05,503 - INFO - ✅ Preview ainda ativo
2025-07-04 20:10:07,509 - INFO - ✅ Preview ainda ativo
2025-07-04 20:10:09,519 - INFO - ✅ Preview ainda ativo
2025-07-04 20:10:11,525 - INFO - ✅ Preview ainda ativo
2025-07-04 20:10:13,531 - INFO - ✅ Preview ainda ativo
2025-07-04 20:10:15,545 - INFO - ✅ Preview ainda ativo
2025-07-04 20:10:17,563 - INFO - ✅ Preview ainda ativo
2025-07-04 20:10:19,566 - INFO - ✅ Preview ainda ativo
2025-07-04 20:10:21,579 - INFO - ✅ Preview ainda ativo
2025-07-04 20:10:23,597 - INFO - ✅ Preview ainda ativo
2025-07-04 20:10:25,615 - INFO - ✅ Preview ainda ativo
2025-07-04 20:10:27,629 - INFO - ✅ Preview ainda ativo
2025-07-04 20:10:29,645 - INFO - ✅ Preview ainda ativo
2025-07-04 20:10:31,661 - INFO - ✅ Preview ainda ativo
2025-07-04 20:10:33,680 - INFO - ✅ Preview ainda ativo
2025-07-04 20:14:34,780 - INFO - ✅ Dados carregados: 251 registros
2025-07-04 20:14:34,782 - INFO - Data de referência para processamento: 2025-07-05 00:00:00
2025-07-04 20:14:34,782 - INFO - Tipo da data de referência: <class 'pandas._libs.tslibs.timestamps.Timestamp'>
2025-07-04 20:14:34,784 - INFO - Total de registros originais: 251
2025-07-04 20:14:34,785 - INFO - Processando dados - registros após filtrar excluídos: 251
2025-07-04 20:14:34,800 - INFO - Datas únicas disponíveis no arquivo: [datetime.date(2025, 2, 20), datetime.date(2025, 3, 5), datetime.date(2025, 3, 20), datetime.date(2025, 4, 5), datetime.date(2025, 4, 20), datetime.date(2025, 5, 5), datetime.date(2025, 5, 20), datetime.date(2025, 6, 5), datetime.date(2025, 6, 20), datetime.date(2025, 7, 5)]
2025-07-04 20:14:34,802 - INFO - Data procurada: 2025-07-05
2025-07-04 20:14:34,814 - INFO - Resultados do processamento:
2025-07-04 20:14:34,814 - INFO -   - df_filtrado: 14 registros
2025-07-04 20:14:34,815 - INFO -   - df_diaria: 4 registros
2025-07-04 20:14:34,815 - INFO -   - df_tp_desp_1: 12 registros
2025-07-04 20:14:34,816 - INFO -   - df_tp_desp_2: 0 registros
2025-07-04 20:14:35,038 - INFO - 
Obtendo número do relatório para data 2025-07-05 00:00:00
2025-07-04 20:14:35,053 - INFO - Número do relatório calculado: 10
2025-07-04 20:14:35,053 - INFO - Calculando acumulado para data 2025-07-05 00:00:00
2025-07-04 20:14:35,053 - INFO - Acumulado - registros após filtrar excluídos: 251
2025-07-04 20:14:35,053 - INFO - Valor acumulado calculado (apenas ativos): 426,376.12
2025-07-04 20:14:35,053 - INFO - ✅ Dados processados UMA VEZ: ANA AUGUSTA PIRES COUTINHO
2025-07-04 20:14:35,053 - INFO - ✅ Dados processados com sucesso
2025-07-04 20:14:35,076 - INFO - 🔧 Abrindo preview direto...
2025-07-04 20:14:35,078 - INFO - 🎯 ABRINDO PREVIEW ESTÁVEL - GARANTINDO VISIBILIDADE
2025-07-04 20:14:35,140 - INFO - ✅ Janela de preview criada e posicionada
2025-07-04 20:14:35,212 - INFO - 🔧 Gerando conteúdo do preview...
2025-07-04 20:14:35,231 - INFO - ✅ Conteúdo inserido com sucesso
2025-07-04 20:14:35,328 - INFO - ✅ Preview criado e DEVE ESTAR VISÍVEL na tela!
2025-07-04 20:14:36,343 - INFO - ✅ CONFIRMADO: Preview está visível na tela!
2025-07-04 20:15:15,190 - INFO - 🔄 Voltando para interface de relatórios...
2025-07-04 20:15:15,190 - INFO - ✅ Interface principal restaurada
2025-07-04 20:15:15,214 - INFO - ✅ Preview fechado
2025-07-04 20:16:23,891 - INFO - 🔍 INICIANDO gerar_relatorio para: despesas
2025-07-04 20:16:23,891 - INFO - 🎯 PROCESSANDO: Relatório de despesas
2025-07-04 20:16:23,891 - INFO - Data final obtida: 2025-07-05 00:00:00 (tipo: <class 'datetime.datetime'>)
2025-07-04 20:16:23,891 - INFO - ✅ Arquivo encontrado em arquivo_cliente_selecionado: C:\Users\Obras\sistema_gestao_testes\testes\Financeiro\Clientes\ANA AUGUSTA PIRES COUTINHO.xlsx
2025-07-04 20:16:23,906 - INFO - ✅ Arquivo final nas configurações: C:\Users\Obras\sistema_gestao_testes\testes\Financeiro\Clientes\ANA AUGUSTA PIRES COUTINHO.xlsx
2025-07-04 20:16:23,906 - INFO - ✅ Configurações coletadas: arquivo=True
2025-07-04 20:16:25,307 - INFO - 🚀 Executando com PREVIEW
2025-07-04 20:16:25,334 - INFO - 🎯 EXECUTANDO RELATÓRIO SEM THREADING
2025-07-04 20:16:25,340 - INFO - 🔧 Processando dados direto...
2025-07-04 20:16:25,376 - INFO - 📁 Processando arquivo UMA VEZ: ANA AUGUSTA PIRES COUTINHO.xlsx
2025-07-04 20:16:25,557 - INFO - ✅ Dados carregados: 251 registros
2025-07-04 20:16:25,557 - INFO - Data de referência para processamento: 2025-07-05 00:00:00
2025-07-04 20:16:25,557 - INFO - Tipo da data de referência: <class 'pandas._libs.tslibs.timestamps.Timestamp'>
2025-07-04 20:16:25,569 - INFO - Total de registros originais: 251
2025-07-04 20:16:25,572 - INFO - Processando dados - registros após filtrar excluídos: 251
2025-07-04 20:16:25,579 - INFO - Datas únicas disponíveis no arquivo: [datetime.date(2025, 2, 20), datetime.date(2025, 3, 5), datetime.date(2025, 3, 20), datetime.date(2025, 4, 5), datetime.date(2025, 4, 20), datetime.date(2025, 5, 5), datetime.date(2025, 5, 20), datetime.date(2025, 6, 5), datetime.date(2025, 6, 20), datetime.date(2025, 7, 5)]
2025-07-04 20:16:25,579 - INFO - Data procurada: 2025-07-05
2025-07-04 20:16:25,581 - INFO - Resultados do processamento:
2025-07-04 20:16:25,581 - INFO -   - df_filtrado: 14 registros
2025-07-04 20:16:25,581 - INFO -   - df_diaria: 4 registros
2025-07-04 20:16:25,581 - INFO -   - df_tp_desp_1: 12 registros
2025-07-04 20:16:25,581 - INFO -   - df_tp_desp_2: 0 registros
2025-07-04 20:16:25,802 - INFO - 
Obtendo número do relatório para data 2025-07-05 00:00:00
2025-07-04 20:16:25,802 - INFO - Número do relatório calculado: 10
2025-07-04 20:16:25,802 - INFO - Calculando acumulado para data 2025-07-05 00:00:00
2025-07-04 20:16:25,802 - INFO - Acumulado - registros após filtrar excluídos: 251
2025-07-04 20:16:25,802 - INFO - Valor acumulado calculado (apenas ativos): 426,376.12
2025-07-04 20:16:25,802 - INFO - ✅ Dados processados UMA VEZ: ANA AUGUSTA PIRES COUTINHO
2025-07-04 20:16:25,802 - INFO - ✅ Dados processados com sucesso
2025-07-04 20:16:25,817 - INFO - 🔧 Abrindo preview direto...
2025-07-04 20:16:25,818 - INFO - 🎯 ABRINDO PREVIEW ESTÁVEL - GARANTINDO VISIBILIDADE
2025-07-04 20:16:25,862 - INFO - ✅ Janela de preview criada e posicionada
2025-07-04 20:16:25,882 - INFO - 🔧 Gerando conteúdo do preview...
2025-07-04 20:16:25,888 - INFO - ✅ Conteúdo inserido com sucesso
2025-07-04 20:16:25,961 - INFO - ✅ Preview criado e DEVE ESTAR VISÍVEL na tela!
2025-07-04 20:16:26,975 - INFO - ✅ CONFIRMADO: Preview está visível na tela!
2025-07-04 20:19:13,161 - INFO - 🔄 Voltando para interface de relatórios...
2025-07-04 20:19:13,161 - INFO - ✅ Interface principal restaurada
2025-07-04 20:19:13,194 - INFO - ✅ Preview fechado
2025-07-04 20:19:14,604 - INFO - Solicitado retorno ao menu principal
2025-07-04 20:19:14,604 - INFO - Retornando ao menu principal existente
2025-07-04 20:19:14,709 - INFO - Retorno ao menu principal concluído
2025-07-04 20:19:20,656 - INFO - Saída confirmada, finalizando sistema
2025-07-04 20:19:20,720 - INFO - Ação concluída: Gerar relatório
