2025-07-31 11:55:21,920 - INFO - Carregando clientes de: C:\Users\Obras\sistema_gestao_testes\testes\Financeiro\Planilhas_Base\clientes.xlsx
2025-07-31 11:55:21,982 - INFO - Colunas disponíveis: ['Nome', 'Endereço', 'Data Inicial', 'Observações', 'Data Final']
2025-07-31 11:55:21,982 - INFO - Coluna de status: Data Final
2025-07-31 11:55:21,998 - INFO - Coluna de nome: Nome
2025-07-31 11:55:21,998 - INFO - Total de clientes ativos encontrados: 15
2025-07-31 11:55:21,998 - INFO - Lista de clientes atualizada com 16 clientes
2025-07-31 11:55:22,038 - INFO - 🎉 SISTEMA INTEGRADO INICIADO COM SUCESSO!
2025-07-31 11:55:22,038 - INFO - Carregando clientes de: C:\Users\Obras\sistema_gestao_testes\testes\Financeiro\Planilhas_Base\clientes.xlsx
2025-07-31 11:55:22,060 - INFO - Colunas disponíveis: ['Nome', 'Endereço', 'Data Inicial', 'Observações', 'Data Final']
2025-07-31 11:55:22,061 - INFO - Coluna de status: Data Final
2025-07-31 11:55:22,062 - INFO - Coluna de nome: Nome
2025-07-31 11:55:22,063 - INFO - Total de clientes ativos encontrados: 15
2025-07-31 11:55:22,064 - INFO - Lista de clientes carregada com 16 itens
2025-07-31 11:55:32,967 - INFO - 🔍 INICIANDO gerar_relatorio para: tipo_despesa
2025-07-31 11:55:32,967 - INFO - 📋 Processando outros relatórios: tipo_despesa
2025-07-31 11:58:00,950 - INFO - 🔍 INICIANDO gerar_relatorio para: categoria
2025-07-31 11:58:00,950 - INFO - 📋 Processando outros relatórios: categoria
2025-07-31 11:59:01,730 - INFO - 🔍 INICIANDO gerar_relatorio para: fornecedores
2025-07-31 11:59:01,730 - INFO - 📋 Processando outros relatórios: fornecedores
2025-07-31 11:59:42,183 - INFO - Solicitado retorno ao menu principal
2025-07-31 11:59:42,183 - INFO - Retornando ao menu principal existente
2025-07-31 11:59:42,242 - INFO - Retorno ao menu principal concluído
2025-07-31 11:59:46,200 - INFO - Saída confirmada, finalizando sistema
2025-07-31 11:59:46,476 - INFO - Forçando encerramento do programa...
