2025-10-25 09:02:56,029 - INFO - Carregando clientes de: C:\Users\Obras\sistema_gestao_testes\testes\Financeiro\Planilhas_Base\clientes.xlsx
2025-10-25 09:02:56,148 - INFO - Colunas disponíveis: ['Nome', 'Endereço', 'Data Inicial', 'Observações', 'Data Final', 'Tipo Taxa']
2025-10-25 09:02:56,177 - INFO - Coluna de status: Data Final
2025-10-25 09:02:56,198 - INFO - Coluna de nome: Nome
2025-10-25 09:02:56,271 - INFO - Total de clientes ativos encontrados: 14
2025-10-25 09:02:56,271 - INFO - Lista de clientes atualizada com 15 clientes
2025-10-25 09:02:56,358 - INFO - 🎉 SISTEMA INTEGRADO INICIADO COM SUCESSO!
2025-10-25 09:02:56,359 - INFO - Carregando clientes de: C:\Users\Obras\sistema_gestao_testes\testes\Financeiro\Planilhas_Base\clientes.xlsx
2025-10-25 09:02:56,379 - INFO - Colunas disponíveis: ['Nome', 'Endereço', 'Data Inicial', 'Observações', 'Data Final', 'Tipo Taxa']
2025-10-25 09:02:56,380 - INFO - Coluna de status: Data Final
2025-10-25 09:02:56,383 - INFO - Coluna de nome: Nome
2025-10-25 09:02:56,385 - INFO - Total de clientes ativos encontrados: 14
2025-10-25 09:02:56,388 - INFO - Lista de clientes carregada com 15 itens
2025-10-25 09:02:57,803 - INFO - Data calculada automaticamente: 05/11/2025
2025-10-25 09:02:57,803 - INFO - Data calculada automaticamente: 05/11/2025
2025-10-25 09:03:03,468 - INFO - Cliente selecionado: BRUNO SANTANA RINALDI
2025-10-25 09:03:03,468 - INFO - Arquivo encontrado: C:\Users\Obras\sistema_gestao_testes\testes\Financeiro\Clientes\BRUNO SANTANA RINALDI.xlsx
2025-10-25 09:03:03,483 - INFO - Arquivo encontrado: C:\Users\Obras\sistema_gestao_testes\testes\Financeiro\Clientes\BRUNO SANTANA RINALDI.xlsx
2025-10-25 09:03:30,255 - INFO - Notas salvas: 51 caracteres
2025-10-25 09:03:32,542 - INFO - 🔍 INICIANDO gerar_relatorio para: despesas
2025-10-25 09:03:32,542 - INFO - 🎯 PROCESSANDO: Relatório de despesas
2025-10-25 09:03:32,542 - INFO - 🎯 PROCESSANDO DESPESAS - ARQUITETURA LIMPA
2025-10-25 09:03:32,542 - INFO - Data final obtida: 2025-11-05 00:00:00 (tipo: <class 'datetime.datetime'>)
2025-10-25 09:03:32,542 - INFO - ✅ Arquivo encontrado em arquivo_cliente_selecionado: C:\Users\Obras\sistema_gestao_testes\testes\Financeiro\Clientes\BRUNO SANTANA RINALDI.xlsx
2025-10-25 09:03:32,542 - INFO - ✅ Arquivo final nas configurações: C:\Users\Obras\sistema_gestao_testes\testes\Financeiro\Clientes\BRUNO SANTANA RINALDI.xlsx
2025-10-25 09:03:32,542 - INFO - ✅ Configurações coletadas
2025-10-25 09:03:32,558 - INFO - ✅ Arquivo confirmado: BRUNO SANTANA RINALDI.xlsx
2025-10-25 09:03:34,204 - INFO - Modo selecionado: Preview
2025-10-25 09:03:34,205 - INFO - 🎯 EXECUTANDO COM PREVIEW DIRETO - PDF TEMPORÁRIO
2025-10-25 09:03:34,469 - INFO - df_filtrado final: 14 registros
2025-10-25 09:03:34,469 - INFO - Colunas finais do df_filtrado: ['DATA_REL', 'TP_DESP', 'CNPJ_CPF', 'NOME', 'REFERÊNCIA', 'NF', 'VR_UNIT', 'DIAS', 'VALOR', 'DT_VENCTO', 'CATEGORIA', 'DADOS_BANCARIOS', 'OBSERVAÇÃO', 'STATUS', 'ID_LANCAMENTO', 'HISTORICO_ALTERACAO', 'ETAPA_OBRA', 'INSUMO']
2025-10-25 09:03:34,469 - INFO - Tipos de despesa únicos: [2.0 3.0 4.0 7.0 5.0]
2025-10-25 09:03:34,722 - INFO - 
Obtendo número do relatório para data 2025-11-05 00:00:00
2025-10-25 09:03:34,724 - INFO - Número do relatório calculado: 16
2025-10-25 09:03:34,724 - INFO - Calculando acumulado para data 2025-11-05 00:00:00
2025-10-25 09:03:34,726 - INFO - Acumulado - registros após filtrar excluídos: 279
2025-10-25 09:03:34,749 - INFO - Valor acumulado calculado (apenas ativos): 1,050,156.84
2025-10-25 09:03:34,762 - INFO - 🔧 GERANDO PDF TEMPORÁRIO COM ORDENAÇÕES PRESERVADAS
2025-10-25 09:03:34,765 - INFO - 📄 Criando PDF temporário: PREVIEW_BRUNO_SANTANA_RINALDI_20251025_090334.pdf
2025-10-25 09:03:34,766 - INFO - === INICIANDO ADIÇÃO DO CABEÇALHO ===
2025-10-25 09:03:34,767 - INFO - Tentando carregar logo: C:\Users\Obras\Documents\GitHub\Sistema-Financeiro\src\logo1.png
2025-10-25 09:03:34,772 - INFO - Logo carregada com sucesso!
2025-10-25 09:03:34,774 - INFO - Criando cabeçalho COM logo
2025-10-25 09:03:34,779 - INFO - Informações do cliente adicionadas com sucesso
2025-10-25 09:03:34,789 - INFO - === CABEÇALHO CONCLUÍDO COM SUCESSO ===
2025-10-25 09:03:34,803 - INFO - Iniciando adição de detalhes ao relatório
2025-10-25 09:03:34,899 - INFO - Detalhes adicionados com sucesso
2025-10-25 09:03:34,900 - INFO - Adicionando notas ao relatório (51 caracteres)
2025-10-25 09:03:34,902 - INFO - Notas adicionadas com sucesso
2025-10-25 09:03:35,002 - INFO - ✅ PDF temporário gerado: C:\Users\Obras\AppData\Local\Temp\PREVIEW_BRUNO_SANTANA_RINALDI_20251025_090334.pdf
2025-10-25 09:03:35,002 - INFO - ✅ PDF temporário válido: 48,767 bytes
2025-10-25 09:03:35,276 - INFO - ✅ Janela de decisão criada
2025-10-25 09:04:00,321 - INFO - 🗑️ PDF temporário agendado para remoção: PREVIEW_BRUNO_SANTANA_RINALDI_20251025_090334.pdf
2025-10-25 09:04:01,585 - INFO - Solicitado retorno ao menu principal
2025-10-25 09:04:01,585 - INFO - Retornando ao menu principal existente
2025-10-25 09:04:01,704 - INFO - Retorno ao menu principal concluído
2025-10-25 09:04:05,471 - INFO - Saída confirmada, finalizando sistema
2025-10-25 09:04:05,546 - INFO - Ação concluída: Gerar relatório
2025-10-25 09:07:48,011 - INFO - Carregando clientes de: C:\Users\Obras\sistema_gestao_testes\testes\Financeiro\Planilhas_Base\clientes.xlsx
2025-10-25 09:07:48,067 - INFO - Colunas disponíveis: ['Nome', 'Endereço', 'Data Inicial', 'Observações', 'Data Final', 'Tipo Taxa']
2025-10-25 09:07:48,067 - INFO - Coluna de status: Data Final
2025-10-25 09:07:48,067 - INFO - Coluna de nome: Nome
2025-10-25 09:07:48,067 - INFO - Total de clientes ativos encontrados: 14
2025-10-25 09:07:48,067 - INFO - Lista de clientes atualizada com 15 clientes
2025-10-25 09:07:48,111 - INFO - 🎉 SISTEMA INTEGRADO INICIADO COM SUCESSO!
2025-10-25 09:07:48,111 - INFO - Carregando clientes de: C:\Users\Obras\sistema_gestao_testes\testes\Financeiro\Planilhas_Base\clientes.xlsx
2025-10-25 09:07:48,127 - INFO - Colunas disponíveis: ['Nome', 'Endereço', 'Data Inicial', 'Observações', 'Data Final', 'Tipo Taxa']
2025-10-25 09:07:48,127 - INFO - Coluna de status: Data Final
2025-10-25 09:07:48,135 - INFO - Coluna de nome: Nome
2025-10-25 09:07:48,135 - INFO - Total de clientes ativos encontrados: 14
2025-10-25 09:07:48,135 - INFO - Lista de clientes carregada com 15 itens
2025-10-25 09:07:49,609 - INFO - Data calculada automaticamente: 05/11/2025
2025-10-25 09:07:49,609 - INFO - Data calculada automaticamente: 05/11/2025
2025-10-25 09:08:14,555 - INFO - Cliente selecionado: SERGIO LUCIO PEREIRA
2025-10-25 09:08:14,555 - INFO - Arquivo encontrado: C:\Users\Obras\sistema_gestao_testes\testes\Financeiro\Clientes\SERGIO LUCIO PEREIRA.xlsx
2025-10-25 09:08:14,574 - INFO - Arquivo encontrado: C:\Users\Obras\sistema_gestao_testes\testes\Financeiro\Clientes\SERGIO LUCIO PEREIRA.xlsx
2025-10-25 09:08:24,026 - INFO - Modo manual ativado
2025-10-25 09:08:48,136 - INFO - Notas salvas: 38 caracteres
2025-10-25 09:08:50,953 - INFO - 🔍 INICIANDO gerar_relatorio para: despesas
2025-10-25 09:08:50,953 - INFO - 🎯 PROCESSANDO: Relatório de despesas
2025-10-25 09:08:50,953 - INFO - 🎯 PROCESSANDO DESPESAS - ARQUITETURA LIMPA
2025-10-25 09:08:50,953 - INFO - Data final obtida: 2025-10-20 00:00:00 (tipo: <class 'datetime.datetime'>)
2025-10-25 09:08:50,953 - INFO - ✅ Arquivo encontrado em arquivo_cliente_selecionado: C:\Users\Obras\sistema_gestao_testes\testes\Financeiro\Clientes\SERGIO LUCIO PEREIRA.xlsx
2025-10-25 09:08:50,953 - INFO - ✅ Arquivo final nas configurações: C:\Users\Obras\sistema_gestao_testes\testes\Financeiro\Clientes\SERGIO LUCIO PEREIRA.xlsx
2025-10-25 09:08:50,968 - INFO - ✅ Configurações coletadas
2025-10-25 09:08:50,969 - INFO - ✅ Arquivo confirmado: SERGIO LUCIO PEREIRA.xlsx
2025-10-25 09:08:53,073 - INFO - Modo selecionado: Preview
2025-10-25 09:08:53,089 - INFO - 🎯 EXECUTANDO COM PREVIEW DIRETO - PDF TEMPORÁRIO
2025-10-25 09:08:53,988 - INFO - df_filtrado final: 0 registros
2025-10-25 09:08:54,665 - INFO - 
Obtendo número do relatório para data 2025-10-20 00:00:00
2025-10-25 09:08:54,665 - INFO - Número do relatório calculado: 85
2025-10-25 09:08:54,665 - INFO - Calculando acumulado para data 2025-10-20 00:00:00
2025-10-25 09:08:54,682 - INFO - Acumulado - registros após filtrar excluídos: 2376
2025-10-25 09:08:54,702 - INFO - Valor acumulado calculado (apenas ativos): 3,605,591.52
2025-10-25 09:08:54,706 - INFO - 🔧 GERANDO PDF TEMPORÁRIO COM ORDENAÇÕES PRESERVADAS
2025-10-25 09:08:54,709 - INFO - 📄 Criando PDF temporário: PREVIEW_SERGIO_LUCIO_PEREIRA_20251025_090854.pdf
2025-10-25 09:08:54,710 - INFO - === INICIANDO ADIÇÃO DO CABEÇALHO ===
2025-10-25 09:08:54,710 - INFO - Tentando carregar logo: C:\Users\Obras\Documents\GitHub\Sistema-Financeiro\src\logo1.png
2025-10-25 09:08:54,710 - INFO - Logo carregada com sucesso!
2025-10-25 09:08:54,712 - INFO - Criando cabeçalho COM logo
2025-10-25 09:08:54,715 - INFO - Informações do cliente adicionadas com sucesso
2025-10-25 09:08:54,716 - INFO - === CABEÇALHO CONCLUÍDO COM SUCESSO ===
2025-10-25 09:08:54,722 - WARNING - df_filtrado vazio ou sem colunas necessárias para tipo 2
2025-10-25 09:08:54,723 - WARNING - df_filtrado vazio ou sem colunas necessárias para tipo 3
2025-10-25 09:08:54,723 - WARNING - df_filtrado vazio ou sem colunas necessárias para tipo 4
2025-10-25 09:08:54,723 - WARNING - df_filtrado vazio ou sem colunas necessárias para tipo 5
2025-10-25 09:08:54,724 - WARNING - df_filtrado vazio ou sem colunas necessárias para tipo 6
2025-10-25 09:08:54,724 - WARNING - df_filtrado vazio ou sem colunas necessárias para tipo 7
2025-10-25 09:08:54,724 - INFO - Iniciando adição de detalhes ao relatório
2025-10-25 09:08:54,724 - WARNING - df_filtrado está vazio!
2025-10-25 09:08:54,724 - WARNING - df_filtrado vazio ou sem TP_DESP, tentando recuperar...
2025-10-25 09:08:54,736 - INFO - df_filtrado recuperado com 0 registros
2025-10-25 09:08:54,737 - INFO - Detalhes adicionados com sucesso
2025-10-25 09:08:54,740 - INFO - Adicionando notas ao relatório (38 caracteres)
2025-10-25 09:08:54,742 - INFO - Notas adicionadas com sucesso
2025-10-25 09:08:54,819 - INFO - ✅ PDF temporário gerado: C:\Users\Obras\AppData\Local\Temp\PREVIEW_SERGIO_LUCIO_PEREIRA_20251025_090854.pdf
2025-10-25 09:08:54,820 - INFO - ✅ PDF temporário válido: 45,783 bytes
2025-10-25 09:08:55,026 - INFO - ✅ Janela de decisão criada
2025-10-25 09:10:04,723 - INFO - 🗑️ PDF temporário agendado para remoção: PREVIEW_SERGIO_LUCIO_PEREIRA_20251025_090854.pdf
2025-10-25 09:10:06,738 - INFO - 🗑️ Arquivo temporário removido: PREVIEW_SERGIO_LUCIO_PEREIRA_20251025_090854.pdf
2025-10-25 09:10:32,188 - INFO - 🔄 Finalizando sistema de relatórios e retornando ao menu
2025-10-25 09:10:36,002 - INFO - Saída confirmada, finalizando sistema
2025-10-25 09:10:36,040 - INFO - Ação concluída: Gerar relatório
2025-10-25 09:15:34,372 - INFO - Carregando clientes de: C:\Users\Obras\sistema_gestao_testes\testes\Financeiro\Planilhas_Base\clientes.xlsx
2025-10-25 09:15:34,410 - INFO - Colunas disponíveis: ['Nome', 'Endereço', 'Data Inicial', 'Observações', 'Data Final', 'Tipo Taxa']
2025-10-25 09:15:34,410 - INFO - Coluna de status: Data Final
2025-10-25 09:15:34,427 - INFO - Coluna de nome: Nome
2025-10-25 09:15:34,427 - INFO - Total de clientes ativos encontrados: 14
2025-10-25 09:15:34,427 - INFO - Lista de clientes atualizada com 15 clientes
2025-10-25 09:15:34,454 - INFO - 🎉 SISTEMA INTEGRADO INICIADO COM SUCESSO!
2025-10-25 09:15:34,463 - INFO - Carregando clientes de: C:\Users\Obras\sistema_gestao_testes\testes\Financeiro\Planilhas_Base\clientes.xlsx
2025-10-25 09:15:34,480 - INFO - Colunas disponíveis: ['Nome', 'Endereço', 'Data Inicial', 'Observações', 'Data Final', 'Tipo Taxa']
2025-10-25 09:15:34,481 - INFO - Coluna de status: Data Final
2025-10-25 09:15:34,483 - INFO - Coluna de nome: Nome
2025-10-25 09:15:34,484 - INFO - Total de clientes ativos encontrados: 14
2025-10-25 09:15:34,484 - INFO - Lista de clientes carregada com 15 itens
2025-10-25 09:15:35,543 - INFO - Data calculada automaticamente: 05/11/2025
2025-10-25 09:15:48,978 - INFO - Solicitado retorno ao menu principal
2025-10-25 09:15:48,978 - INFO - Retornando ao menu principal existente
2025-10-25 09:15:49,055 - INFO - Retorno ao menu principal concluído
2025-10-25 09:15:52,780 - INFO - Saída confirmada, finalizando sistema
2025-10-25 09:15:52,823 - INFO - Ação concluída: Gerar relatório
2025-10-25 09:18:26,052 - INFO - Carregando clientes de: C:\Users\Obras\sistema_gestao_testes\testes\Financeiro\Planilhas_Base\clientes.xlsx
2025-10-25 09:18:26,097 - INFO - Colunas disponíveis: ['Nome', 'Endereço', 'Data Inicial', 'Observações', 'Data Final', 'Tipo Taxa']
2025-10-25 09:18:26,109 - INFO - Coluna de status: Data Final
2025-10-25 09:18:26,109 - INFO - Coluna de nome: Nome
2025-10-25 09:18:26,109 - INFO - Total de clientes ativos encontrados: 14
2025-10-25 09:18:26,114 - INFO - Lista de clientes atualizada com 15 clientes
2025-10-25 09:18:26,142 - INFO - 🎉 SISTEMA INTEGRADO INICIADO COM SUCESSO!
2025-10-25 09:18:26,143 - INFO - Carregando clientes de: C:\Users\Obras\sistema_gestao_testes\testes\Financeiro\Planilhas_Base\clientes.xlsx
2025-10-25 09:18:26,157 - INFO - Colunas disponíveis: ['Nome', 'Endereço', 'Data Inicial', 'Observações', 'Data Final', 'Tipo Taxa']
2025-10-25 09:18:26,160 - INFO - Coluna de status: Data Final
2025-10-25 09:18:26,160 - INFO - Coluna de nome: Nome
2025-10-25 09:18:26,165 - INFO - Total de clientes ativos encontrados: 14
2025-10-25 09:18:26,165 - INFO - Lista de clientes carregada com 15 itens
2025-10-25 09:18:27,430 - INFO - Data calculada automaticamente: 05/11/2025
2025-10-25 09:18:27,430 - INFO - Data calculada automaticamente: 05/11/2025
2025-10-25 09:18:54,727 - INFO - Notas salvas: 8 caracteres
2025-10-25 09:19:25,700 - INFO - Cliente selecionado: BRUNO SANTANA RINALDI
2025-10-25 09:19:25,700 - INFO - Arquivo encontrado: C:\Users\Obras\sistema_gestao_testes\testes\Financeiro\Clientes\BRUNO SANTANA RINALDI.xlsx
2025-10-25 09:19:25,715 - INFO - Arquivo encontrado: C:\Users\Obras\sistema_gestao_testes\testes\Financeiro\Clientes\BRUNO SANTANA RINALDI.xlsx
2025-10-25 09:19:31,760 - INFO - 🔍 INICIANDO gerar_relatorio para: despesas
2025-10-25 09:19:31,760 - INFO - 🎯 PROCESSANDO: Relatório de despesas
2025-10-25 09:19:31,760 - INFO - 🎯 PROCESSANDO DESPESAS - ARQUITETURA LIMPA
2025-10-25 09:19:31,760 - INFO - Data final obtida: 2025-11-05 00:00:00 (tipo: <class 'datetime.datetime'>)
2025-10-25 09:19:31,760 - INFO - ✅ Arquivo encontrado em arquivo_cliente_selecionado: C:\Users\Obras\sistema_gestao_testes\testes\Financeiro\Clientes\BRUNO SANTANA RINALDI.xlsx
2025-10-25 09:19:31,760 - INFO - ✅ Arquivo final nas configurações: C:\Users\Obras\sistema_gestao_testes\testes\Financeiro\Clientes\BRUNO SANTANA RINALDI.xlsx
2025-10-25 09:19:31,760 - INFO - ✅ Configurações coletadas
2025-10-25 09:19:31,776 - INFO - ✅ Arquivo confirmado: BRUNO SANTANA RINALDI.xlsx
2025-10-25 09:19:33,784 - INFO - Modo selecionado: Preview
2025-10-25 09:19:33,793 - INFO - 🎯 EXECUTANDO COM PREVIEW DIRETO - PDF TEMPORÁRIO
2025-10-25 09:19:34,092 - INFO - df_filtrado final: 14 registros
2025-10-25 09:19:34,094 - INFO - Colunas finais do df_filtrado: ['DATA_REL', 'TP_DESP', 'CNPJ_CPF', 'NOME', 'REFERÊNCIA', 'NF', 'VR_UNIT', 'DIAS', 'VALOR', 'DT_VENCTO', 'CATEGORIA', 'DADOS_BANCARIOS', 'OBSERVAÇÃO', 'STATUS', 'ID_LANCAMENTO', 'HISTORICO_ALTERACAO', 'ETAPA_OBRA', 'INSUMO']
2025-10-25 09:19:34,094 - INFO - Tipos de despesa únicos: [2.0 3.0 4.0 7.0 5.0]
2025-10-25 09:19:34,331 - INFO - 
Obtendo número do relatório para data 2025-11-05 00:00:00
2025-10-25 09:19:34,331 - INFO - Número do relatório calculado: 16
2025-10-25 09:19:34,331 - INFO - Calculando acumulado para data 2025-11-05 00:00:00
2025-10-25 09:19:34,331 - INFO - Acumulado - registros após filtrar excluídos: 279
2025-10-25 09:19:34,350 - INFO - Valor acumulado calculado (apenas ativos): 1,050,156.84
2025-10-25 09:19:34,353 - INFO - 🔧 GERANDO PDF TEMPORÁRIO COM ORDENAÇÕES PRESERVADAS
2025-10-25 09:19:34,356 - INFO - 📄 Criando PDF temporário: PREVIEW_BRUNO_SANTANA_RINALDI_20251025_091934.pdf
2025-10-25 09:19:34,359 - INFO - === INICIANDO ADIÇÃO DO CABEÇALHO ===
2025-10-25 09:19:34,361 - INFO - Tentando carregar logo: C:\Users\Obras\Documents\GitHub\Sistema-Financeiro\src\logo1.png
2025-10-25 09:19:34,364 - INFO - Logo carregada com sucesso!
2025-10-25 09:19:34,364 - INFO - Criando cabeçalho COM logo
2025-10-25 09:19:34,368 - INFO - Informações do cliente adicionadas com sucesso
2025-10-25 09:19:34,368 - INFO - === CABEÇALHO CONCLUÍDO COM SUCESSO ===
2025-10-25 09:19:34,384 - INFO - Iniciando adição de detalhes ao relatório
2025-10-25 09:19:34,461 - INFO - Detalhes adicionados com sucesso
2025-10-25 09:19:34,461 - INFO - Adicionando notas ao relatório (8 caracteres)
2025-10-25 09:19:34,473 - INFO - Notas adicionadas com sucesso
2025-10-25 09:19:34,590 - INFO - ✅ PDF temporário gerado: C:\Users\Obras\AppData\Local\Temp\PREVIEW_BRUNO_SANTANA_RINALDI_20251025_091934.pdf
2025-10-25 09:19:34,591 - INFO - ✅ PDF temporário válido: 48,722 bytes
2025-10-25 09:19:34,895 - INFO - ✅ Janela de decisão criada
2025-10-25 09:20:59,488 - INFO - 🗑️ PDF temporário agendado para remoção: PREVIEW_BRUNO_SANTANA_RINALDI_20251025_091934.pdf
2025-10-25 09:21:00,858 - INFO - 🔍 INICIANDO gerar_relatorio para: despesas
2025-10-25 09:21:00,874 - INFO - 🎯 PROCESSANDO: Relatório de despesas
2025-10-25 09:21:00,874 - INFO - 🎯 PROCESSANDO DESPESAS - ARQUITETURA LIMPA
2025-10-25 09:21:00,874 - INFO - Data final obtida: 2025-11-05 00:00:00 (tipo: <class 'datetime.datetime'>)
2025-10-25 09:21:00,874 - INFO - ✅ Arquivo encontrado em arquivo_cliente_selecionado: C:\Users\Obras\sistema_gestao_testes\testes\Financeiro\Clientes\BRUNO SANTANA RINALDI.xlsx
2025-10-25 09:21:00,874 - INFO - ✅ Arquivo final nas configurações: C:\Users\Obras\sistema_gestao_testes\testes\Financeiro\Clientes\BRUNO SANTANA RINALDI.xlsx
2025-10-25 09:21:00,874 - INFO - ✅ Configurações coletadas
2025-10-25 09:21:00,874 - INFO - ✅ Arquivo confirmado: BRUNO SANTANA RINALDI.xlsx
2025-10-25 09:21:01,506 - INFO - 🗑️ Arquivo temporário removido: PREVIEW_BRUNO_SANTANA_RINALDI_20251025_091934.pdf
2025-10-25 09:21:04,048 - INFO - Modo selecionado: Preview
2025-10-25 09:21:04,048 - INFO - 🎯 EXECUTANDO COM PREVIEW DIRETO - PDF TEMPORÁRIO
2025-10-25 09:21:04,337 - INFO - df_filtrado final: 14 registros
2025-10-25 09:21:04,338 - INFO - Colunas finais do df_filtrado: ['DATA_REL', 'TP_DESP', 'CNPJ_CPF', 'NOME', 'REFERÊNCIA', 'NF', 'VR_UNIT', 'DIAS', 'VALOR', 'DT_VENCTO', 'CATEGORIA', 'DADOS_BANCARIOS', 'OBSERVAÇÃO', 'STATUS', 'ID_LANCAMENTO', 'HISTORICO_ALTERACAO', 'ETAPA_OBRA', 'INSUMO']
2025-10-25 09:21:04,341 - INFO - Tipos de despesa únicos: [2.0 3.0 4.0 7.0 5.0]
2025-10-25 09:21:04,588 - INFO - 
Obtendo número do relatório para data 2025-11-05 00:00:00
2025-10-25 09:21:04,588 - INFO - Número do relatório calculado: 16
2025-10-25 09:21:04,588 - INFO - Calculando acumulado para data 2025-11-05 00:00:00
2025-10-25 09:21:04,588 - INFO - Acumulado - registros após filtrar excluídos: 279
2025-10-25 09:21:04,612 - INFO - Valor acumulado calculado (apenas ativos): 1,050,156.84
2025-10-25 09:21:04,616 - INFO - 🔧 GERANDO PDF TEMPORÁRIO COM ORDENAÇÕES PRESERVADAS
2025-10-25 09:21:04,616 - INFO - 📄 Criando PDF temporário: PREVIEW_BRUNO_SANTANA_RINALDI_20251025_092104.pdf
2025-10-25 09:21:04,617 - INFO - === INICIANDO ADIÇÃO DO CABEÇALHO ===
2025-10-25 09:21:04,619 - INFO - Tentando carregar logo: C:\Users\Obras\Documents\GitHub\Sistema-Financeiro\src\logo1.png
2025-10-25 09:21:04,622 - INFO - Logo carregada com sucesso!
2025-10-25 09:21:04,624 - INFO - Criando cabeçalho COM logo
2025-10-25 09:21:04,625 - INFO - Informações do cliente adicionadas com sucesso
2025-10-25 09:21:04,632 - INFO - === CABEÇALHO CONCLUÍDO COM SUCESSO ===
2025-10-25 09:21:04,649 - INFO - Iniciando adição de detalhes ao relatório
2025-10-25 09:21:04,737 - INFO - Detalhes adicionados com sucesso
2025-10-25 09:21:04,737 - INFO - Adicionando notas ao relatório (8 caracteres)
2025-10-25 09:21:04,742 - INFO - Notas adicionadas com sucesso
2025-10-25 09:21:04,850 - INFO - ✅ PDF temporário gerado: C:\Users\Obras\AppData\Local\Temp\PREVIEW_BRUNO_SANTANA_RINALDI_20251025_092104.pdf
2025-10-25 09:21:04,851 - INFO - ✅ PDF temporário válido: 48,722 bytes
2025-10-25 09:21:04,927 - INFO - ✅ Janela de decisão criada
2025-10-25 09:21:40,832 - ERROR - Erro ao atualizar progresso: 'Toplevel' object has no attribute 'percent_label'
2025-10-25 09:21:40,832 - INFO - === INICIANDO ADIÇÃO DO CABEÇALHO ===
2025-10-25 09:21:40,832 - INFO - Tentando carregar logo: C:\Users\Obras\Documents\GitHub\Sistema-Financeiro\src\logo1.png
2025-10-25 09:21:40,832 - INFO - Logo carregada com sucesso!
2025-10-25 09:21:40,832 - INFO - Criando cabeçalho COM logo
2025-10-25 09:21:40,832 - INFO - Informações do cliente adicionadas com sucesso
2025-10-25 09:21:40,832 - INFO - === CABEÇALHO CONCLUÍDO COM SUCESSO ===
2025-10-25 09:21:40,855 - INFO - Iniciando adição de detalhes ao relatório
2025-10-25 09:21:40,908 - INFO - Detalhes adicionados com sucesso
2025-10-25 09:21:40,909 - INFO - Adicionando notas ao relatório (8 caracteres)
2025-10-25 09:21:40,909 - INFO - Notas adicionadas com sucesso
2025-10-25 09:21:41,004 - INFO - 🗑️ PDF temporário agendado para remoção: PREVIEW_BRUNO_SANTANA_RINALDI_20251025_092104.pdf
2025-10-25 09:21:43,010 - WARNING - Aviso: Não foi possível remover arquivo temporário: [WinError 32] O arquivo já está sendo usado por outro processo: 'C:\\Users\\Obras\\AppData\\Local\\Temp\\PREVIEW_BRUNO_SANTANA_RINALDI_20251025_092104.pdf'
2025-10-25 09:21:52,472 - INFO - Solicitado retorno ao menu principal
2025-10-25 09:21:52,472 - INFO - Retornando ao menu principal existente
2025-10-25 09:21:52,547 - INFO - Retorno ao menu principal concluído
2025-10-25 09:21:57,734 - INFO - Saída confirmada, finalizando sistema
2025-10-25 09:21:57,784 - INFO - Ação concluída: Gerar relatório
2025-10-25 09:51:17,791 - INFO - Carregando clientes de: C:\Users\Obras\sistema_gestao_testes\testes\Financeiro\Planilhas_Base\clientes.xlsx
2025-10-25 09:51:17,833 - INFO - Colunas disponíveis: ['Nome', 'Endereço', 'Data Inicial', 'Observações', 'Data Final', 'Tipo Taxa']
2025-10-25 09:51:17,833 - INFO - Coluna de status: Data Final
2025-10-25 09:51:17,833 - INFO - Coluna de nome: Nome
2025-10-25 09:51:17,833 - INFO - Total de clientes ativos encontrados: 14
2025-10-25 09:51:17,833 - INFO - Lista de clientes atualizada com 15 clientes
2025-10-25 09:51:17,877 - INFO - 🎉 SISTEMA INTEGRADO INICIADO COM SUCESSO!
2025-10-25 09:51:17,877 - INFO - Carregando clientes de: C:\Users\Obras\sistema_gestao_testes\testes\Financeiro\Planilhas_Base\clientes.xlsx
2025-10-25 09:51:17,886 - INFO - Colunas disponíveis: ['Nome', 'Endereço', 'Data Inicial', 'Observações', 'Data Final', 'Tipo Taxa']
2025-10-25 09:51:17,886 - INFO - Coluna de status: Data Final
2025-10-25 09:51:17,900 - INFO - Coluna de nome: Nome
2025-10-25 09:51:17,901 - INFO - Total de clientes ativos encontrados: 14
2025-10-25 09:51:17,903 - INFO - Lista de clientes carregada com 15 itens
2025-10-25 09:51:19,469 - INFO - Data calculada automaticamente: 05/11/2025
2025-10-25 09:51:19,469 - INFO - Data calculada automaticamente: 05/11/2025
2025-10-25 09:51:24,372 - INFO - Cliente selecionado: BRUNO SANTANA RINALDI
2025-10-25 09:51:24,387 - INFO - Arquivo encontrado: C:\Users\Obras\sistema_gestao_testes\testes\Financeiro\Clientes\BRUNO SANTANA RINALDI.xlsx
2025-10-25 09:51:24,387 - INFO - Arquivo encontrado: C:\Users\Obras\sistema_gestao_testes\testes\Financeiro\Clientes\BRUNO SANTANA RINALDI.xlsx
2025-10-25 09:51:37,532 - INFO - Notas salvas: 26 caracteres
2025-10-25 09:51:39,696 - INFO - 🔍 INICIANDO gerar_relatorio para: despesas
2025-10-25 09:51:39,696 - INFO - 🎯 PROCESSANDO: Relatório de despesas
2025-10-25 09:51:39,696 - INFO - 🎯 PROCESSANDO DESPESAS - ARQUITETURA LIMPA
2025-10-25 09:51:39,696 - INFO - Data final obtida: 2025-11-05 00:00:00 (tipo: <class 'datetime.datetime'>)
2025-10-25 09:51:39,696 - INFO - ✅ Arquivo encontrado em arquivo_cliente_selecionado: C:\Users\Obras\sistema_gestao_testes\testes\Financeiro\Clientes\BRUNO SANTANA RINALDI.xlsx
2025-10-25 09:51:39,696 - INFO - ✅ Arquivo final nas configurações: C:\Users\Obras\sistema_gestao_testes\testes\Financeiro\Clientes\BRUNO SANTANA RINALDI.xlsx
2025-10-25 09:51:39,696 - INFO - ✅ Configurações coletadas
2025-10-25 09:51:39,696 - INFO - ✅ Arquivo confirmado: BRUNO SANTANA RINALDI.xlsx
2025-10-25 09:51:41,782 - INFO - Modo selecionado: Preview
2025-10-25 09:51:41,782 - INFO - 🎯 EXECUTANDO COM PREVIEW DIRETO - PDF TEMPORÁRIO
2025-10-25 09:51:42,022 - INFO - df_filtrado final: 14 registros
2025-10-25 09:51:42,022 - INFO - Colunas finais do df_filtrado: ['DATA_REL', 'TP_DESP', 'CNPJ_CPF', 'NOME', 'REFERÊNCIA', 'NF', 'VR_UNIT', 'DIAS', 'VALOR', 'DT_VENCTO', 'CATEGORIA', 'DADOS_BANCARIOS', 'OBSERVAÇÃO', 'STATUS', 'ID_LANCAMENTO', 'HISTORICO_ALTERACAO', 'ETAPA_OBRA', 'INSUMO']
2025-10-25 09:51:42,022 - INFO - Tipos de despesa únicos: [2.0 3.0 4.0 7.0 5.0]
2025-10-25 09:51:42,243 - INFO - 
Obtendo número do relatório para data 2025-11-05 00:00:00
2025-10-25 09:51:42,259 - INFO - Número do relatório calculado: 16
2025-10-25 09:51:42,259 - INFO - Calculando acumulado para data 2025-11-05 00:00:00
2025-10-25 09:51:42,259 - INFO - Acumulado - registros após filtrar excluídos: 279
2025-10-25 09:51:42,274 - INFO - Valor acumulado calculado (apenas ativos): 1,050,156.84
2025-10-25 09:51:42,275 - INFO - 🔧 GERANDO PDF TEMPORÁRIO COM ORDENAÇÕES PRESERVADAS
2025-10-25 09:51:42,277 - INFO - 📄 Criando PDF temporário: PREVIEW_BRUNO_SANTANA_RINALDI_20251025_095142.pdf
2025-10-25 09:51:42,280 - INFO - === INICIANDO ADIÇÃO DO CABEÇALHO ===
2025-10-25 09:51:42,281 - INFO - Tentando carregar logo: C:\Users\Obras\Documents\GitHub\Sistema-Financeiro\src\logo1.png
2025-10-25 09:51:42,281 - INFO - Logo carregada com sucesso!
2025-10-25 09:51:42,281 - INFO - Criando cabeçalho COM logo
2025-10-25 09:51:42,281 - INFO - Informações do cliente adicionadas com sucesso
2025-10-25 09:51:42,281 - INFO - === CABEÇALHO CONCLUÍDO COM SUCESSO ===
2025-10-25 09:51:42,303 - INFO - Iniciando adição de detalhes ao relatório
2025-10-25 09:51:42,381 - INFO - Detalhes adicionados com sucesso
2025-10-25 09:51:42,382 - INFO - Adicionando notas ao relatório (26 caracteres)
2025-10-25 09:51:42,382 - INFO - Notas adicionadas com sucesso
2025-10-25 09:51:42,501 - INFO - ✅ PDF temporário gerado: C:\Users\Obras\AppData\Local\Temp\PREVIEW_BRUNO_SANTANA_RINALDI_20251025_095142.pdf
2025-10-25 09:51:42,503 - INFO - ✅ PDF temporário válido: 48,743 bytes
2025-10-25 09:51:42,786 - INFO - ✅ Janela de decisão criada
2025-10-25 09:51:55,940 - INFO - 🗑️ PDF temporário agendado para remoção: PREVIEW_BRUNO_SANTANA_RINALDI_20251025_095142.pdf
2025-10-25 09:51:58,032 - INFO - 🗑️ Arquivo temporário removido: PREVIEW_BRUNO_SANTANA_RINALDI_20251025_095142.pdf
2025-10-25 09:51:58,149 - INFO - Solicitado retorno ao menu principal
2025-10-25 09:51:58,149 - INFO - Retornando ao menu principal existente
2025-10-25 09:51:58,362 - INFO - Retorno ao menu principal concluído
2025-10-25 09:52:01,070 - INFO - Saída confirmada, finalizando sistema
2025-10-25 09:52:01,136 - INFO - Ação concluída: Gerar relatório
2025-10-25 09:52:24,345 - INFO - Carregando clientes de: C:\Users\Obras\sistema_gestao_testes\testes\Financeiro\Planilhas_Base\clientes.xlsx
2025-10-25 09:52:24,400 - INFO - Colunas disponíveis: ['Nome', 'Endereço', 'Data Inicial', 'Observações', 'Data Final', 'Tipo Taxa']
2025-10-25 09:52:24,400 - INFO - Coluna de status: Data Final
2025-10-25 09:52:24,400 - INFO - Coluna de nome: Nome
2025-10-25 09:52:24,400 - INFO - Total de clientes ativos encontrados: 14
2025-10-25 09:52:24,400 - INFO - Lista de clientes atualizada com 15 clientes
2025-10-25 09:52:24,440 - INFO - 🎉 SISTEMA INTEGRADO INICIADO COM SUCESSO!
2025-10-25 09:52:24,440 - INFO - Carregando clientes de: C:\Users\Obras\sistema_gestao_testes\testes\Financeiro\Planilhas_Base\clientes.xlsx
2025-10-25 09:52:24,456 - INFO - Colunas disponíveis: ['Nome', 'Endereço', 'Data Inicial', 'Observações', 'Data Final', 'Tipo Taxa']
2025-10-25 09:52:24,456 - INFO - Coluna de status: Data Final
2025-10-25 09:52:24,459 - INFO - Coluna de nome: Nome
2025-10-25 09:52:24,460 - INFO - Total de clientes ativos encontrados: 14
2025-10-25 09:52:24,460 - INFO - Lista de clientes carregada com 15 itens
2025-10-25 09:52:25,939 - INFO - Data calculada automaticamente: 05/11/2025
2025-10-25 09:52:25,939 - INFO - Data calculada automaticamente: 05/11/2025
2025-10-25 09:52:30,174 - INFO - Cliente selecionado: BRUNO SANTANA RINALDI
2025-10-25 09:52:30,174 - INFO - Arquivo encontrado: C:\Users\Obras\sistema_gestao_testes\testes\Financeiro\Clientes\BRUNO SANTANA RINALDI.xlsx
2025-10-25 09:52:30,189 - INFO - Arquivo encontrado: C:\Users\Obras\sistema_gestao_testes\testes\Financeiro\Clientes\BRUNO SANTANA RINALDI.xlsx
2025-10-25 09:52:46,580 - INFO - Notas salvas: 27 caracteres
2025-10-25 09:53:05,234 - INFO - 🔍 INICIANDO gerar_relatorio para: despesas
2025-10-25 09:53:05,234 - INFO - 🎯 PROCESSANDO: Relatório de despesas
2025-10-25 09:53:05,234 - INFO - 🎯 PROCESSANDO DESPESAS - ARQUITETURA LIMPA
2025-10-25 09:53:05,234 - INFO - Data final obtida: 2025-11-05 00:00:00 (tipo: <class 'datetime.datetime'>)
2025-10-25 09:53:05,234 - INFO - ✅ Arquivo encontrado em arquivo_cliente_selecionado: C:\Users\Obras\sistema_gestao_testes\testes\Financeiro\Clientes\BRUNO SANTANA RINALDI.xlsx
2025-10-25 09:53:05,234 - INFO - ✅ Arquivo final nas configurações: C:\Users\Obras\sistema_gestao_testes\testes\Financeiro\Clientes\BRUNO SANTANA RINALDI.xlsx
2025-10-25 09:53:05,234 - INFO - ✅ Configurações coletadas
2025-10-25 09:53:05,234 - INFO - ✅ Arquivo confirmado: BRUNO SANTANA RINALDI.xlsx
2025-10-25 09:53:07,365 - INFO - Modo selecionado: Preview
2025-10-25 09:53:07,367 - INFO - 🎯 EXECUTANDO COM PREVIEW DIRETO - PDF TEMPORÁRIO
2025-10-25 09:53:07,588 - INFO - df_filtrado final: 14 registros
2025-10-25 09:53:07,588 - INFO - Colunas finais do df_filtrado: ['DATA_REL', 'TP_DESP', 'CNPJ_CPF', 'NOME', 'REFERÊNCIA', 'NF', 'VR_UNIT', 'DIAS', 'VALOR', 'DT_VENCTO', 'CATEGORIA', 'DADOS_BANCARIOS', 'OBSERVAÇÃO', 'STATUS', 'ID_LANCAMENTO', 'HISTORICO_ALTERACAO', 'ETAPA_OBRA', 'INSUMO']
2025-10-25 09:53:07,588 - INFO - Tipos de despesa únicos: [2.0 3.0 4.0 7.0 5.0]
2025-10-25 09:53:07,808 - INFO - 
Obtendo número do relatório para data 2025-11-05 00:00:00
2025-10-25 09:53:07,808 - INFO - Número do relatório calculado: 16
2025-10-25 09:53:07,808 - INFO - Calculando acumulado para data 2025-11-05 00:00:00
2025-10-25 09:53:07,808 - INFO - Acumulado - registros após filtrar excluídos: 279
2025-10-25 09:53:07,830 - INFO - Valor acumulado calculado (apenas ativos): 1,050,156.84
2025-10-25 09:53:07,833 - INFO - 🔧 GERANDO PDF TEMPORÁRIO COM ORDENAÇÕES PRESERVADAS
2025-10-25 09:53:07,836 - INFO - 📄 Criando PDF temporário: PREVIEW_BRUNO_SANTANA_RINALDI_20251025_095307.pdf
2025-10-25 09:53:07,836 - INFO - === INICIANDO ADIÇÃO DO CABEÇALHO ===
2025-10-25 09:53:07,837 - INFO - Tentando carregar logo: C:\Users\Obras\Documents\GitHub\Sistema-Financeiro\src\logo1.png
2025-10-25 09:53:07,838 - INFO - Logo carregada com sucesso!
2025-10-25 09:53:07,838 - INFO - Criando cabeçalho COM logo
2025-10-25 09:53:07,840 - INFO - Informações do cliente adicionadas com sucesso
2025-10-25 09:53:07,841 - INFO - === CABEÇALHO CONCLUÍDO COM SUCESSO ===
2025-10-25 09:53:07,850 - INFO - Iniciando adição de detalhes ao relatório
2025-10-25 09:53:07,931 - INFO - Detalhes adicionados com sucesso
2025-10-25 09:53:07,933 - INFO - Adicionando notas ao relatório (27 caracteres)
2025-10-25 09:53:07,934 - INFO - Notas adicionadas com sucesso
2025-10-25 09:53:08,046 - INFO - ✅ PDF temporário gerado: C:\Users\Obras\AppData\Local\Temp\PREVIEW_BRUNO_SANTANA_RINALDI_20251025_095307.pdf
2025-10-25 09:53:08,046 - INFO - ✅ PDF temporário válido: 48,743 bytes
2025-10-25 09:53:08,351 - INFO - ✅ Janela de decisão criada
2025-10-25 09:53:27,890 - INFO - 🗑️ PDF temporário agendado para remoção: PREVIEW_BRUNO_SANTANA_RINALDI_20251025_095307.pdf
2025-10-25 09:53:29,389 - INFO - Solicitado retorno ao menu principal
2025-10-25 09:53:29,389 - INFO - Retornando ao menu principal existente
2025-10-25 09:53:29,474 - INFO - Retorno ao menu principal concluído
2025-10-25 09:53:33,449 - INFO - Saída confirmada, finalizando sistema
2025-10-25 09:53:33,502 - INFO - Ação concluída: Gerar relatório
2025-10-25 09:58:03,630 - INFO - Carregando clientes de: C:\Users\Obras\sistema_gestao_testes\testes\Financeiro\Planilhas_Base\clientes.xlsx
2025-10-25 09:58:03,716 - INFO - Colunas disponíveis: ['Nome', 'Endereço', 'Data Inicial', 'Observações', 'Data Final', 'Tipo Taxa']
2025-10-25 09:58:03,718 - INFO - Coluna de status: Data Final
2025-10-25 09:58:03,736 - INFO - Coluna de nome: Nome
2025-10-25 09:58:03,737 - INFO - Total de clientes ativos encontrados: 14
2025-10-25 09:58:03,739 - INFO - Lista de clientes atualizada com 15 clientes
2025-10-25 09:58:03,766 - INFO - 🎉 SISTEMA INTEGRADO INICIADO COM SUCESSO!
2025-10-25 09:58:03,779 - INFO - Carregando clientes de: C:\Users\Obras\sistema_gestao_testes\testes\Financeiro\Planilhas_Base\clientes.xlsx
2025-10-25 09:58:03,805 - INFO - Colunas disponíveis: ['Nome', 'Endereço', 'Data Inicial', 'Observações', 'Data Final', 'Tipo Taxa']
2025-10-25 09:58:03,807 - INFO - Coluna de status: Data Final
2025-10-25 09:58:03,811 - INFO - Coluna de nome: Nome
2025-10-25 09:58:03,817 - INFO - Total de clientes ativos encontrados: 14
2025-10-25 09:58:03,819 - INFO - Lista de clientes carregada com 15 itens
2025-10-25 09:58:05,395 - INFO - Data calculada automaticamente: 05/11/2025
2025-10-25 09:58:05,395 - INFO - Data calculada automaticamente: 05/11/2025
2025-10-25 09:58:10,499 - INFO - Cliente selecionado: BRUNO SANTANA RINALDI
2025-10-25 09:58:10,499 - INFO - Arquivo encontrado: C:\Users\Obras\sistema_gestao_testes\testes\Financeiro\Clientes\BRUNO SANTANA RINALDI.xlsx
2025-10-25 09:58:10,519 - INFO - Arquivo encontrado: C:\Users\Obras\sistema_gestao_testes\testes\Financeiro\Clientes\BRUNO SANTANA RINALDI.xlsx
2025-10-25 09:58:12,830 - INFO - 🔍 INICIANDO gerar_relatorio para: despesas
2025-10-25 09:58:12,830 - INFO - 🎯 PROCESSANDO: Relatório de despesas
2025-10-25 09:58:12,845 - INFO - 🎯 PROCESSANDO DESPESAS - ARQUITETURA LIMPA
2025-10-25 09:58:12,845 - INFO - Data final obtida: 2025-11-05 00:00:00 (tipo: <class 'datetime.datetime'>)
2025-10-25 09:58:12,845 - INFO - ✅ Arquivo encontrado em arquivo_cliente_selecionado: C:\Users\Obras\sistema_gestao_testes\testes\Financeiro\Clientes\BRUNO SANTANA RINALDI.xlsx
2025-10-25 09:58:12,845 - INFO - ✅ Arquivo final nas configurações: C:\Users\Obras\sistema_gestao_testes\testes\Financeiro\Clientes\BRUNO SANTANA RINALDI.xlsx
2025-10-25 09:58:12,845 - INFO - ✅ Configurações coletadas
2025-10-25 09:58:12,845 - INFO - ✅ Arquivo confirmado: BRUNO SANTANA RINALDI.xlsx
2025-10-25 09:58:16,328 - INFO - Modo selecionado: Preview
2025-10-25 09:58:16,328 - INFO - 🎯 EXECUTANDO COM PREVIEW DIRETO - PDF TEMPORÁRIO
2025-10-25 09:58:16,578 - INFO - df_filtrado final: 14 registros
2025-10-25 09:58:16,578 - INFO - Colunas finais do df_filtrado: ['DATA_REL', 'TP_DESP', 'CNPJ_CPF', 'NOME', 'REFERÊNCIA', 'NF', 'VR_UNIT', 'DIAS', 'VALOR', 'DT_VENCTO', 'CATEGORIA', 'DADOS_BANCARIOS', 'OBSERVAÇÃO', 'STATUS', 'ID_LANCAMENTO', 'HISTORICO_ALTERACAO', 'ETAPA_OBRA', 'INSUMO']
2025-10-25 09:58:16,578 - INFO - Tipos de despesa únicos: [2.0 3.0 4.0 7.0 5.0]
2025-10-25 09:58:16,835 - INFO - 
Obtendo número do relatório para data 2025-11-05 00:00:00
2025-10-25 09:58:16,836 - INFO - Número do relatório calculado: 16
2025-10-25 09:58:16,837 - INFO - Calculando acumulado para data 2025-11-05 00:00:00
2025-10-25 09:58:16,839 - INFO - Acumulado - registros após filtrar excluídos: 279
2025-10-25 09:58:16,854 - INFO - Valor acumulado calculado (apenas ativos): 1,050,156.84
2025-10-25 09:58:16,856 - INFO - 🔧 GERANDO PDF TEMPORÁRIO COM ORDENAÇÕES PRESERVADAS
2025-10-25 09:58:16,858 - INFO - 📄 Criando PDF temporário: PREVIEW_BRUNO_SANTANA_RINALDI_20251025_095816.pdf
2025-10-25 09:58:16,860 - INFO - === INICIANDO ADIÇÃO DO CABEÇALHO ===
2025-10-25 09:58:16,863 - INFO - Tentando carregar logo: C:\Users\Obras\Documents\GitHub\Sistema-Financeiro\src\logo1.png
2025-10-25 09:58:16,864 - INFO - Logo carregada com sucesso!
2025-10-25 09:58:16,867 - INFO - Criando cabeçalho COM logo
2025-10-25 09:58:16,869 - INFO - Informações do cliente adicionadas com sucesso
2025-10-25 09:58:16,870 - INFO - === CABEÇALHO CONCLUÍDO COM SUCESSO ===
2025-10-25 09:58:16,882 - INFO - Iniciando adição de detalhes ao relatório
2025-10-25 09:58:16,980 - INFO - Detalhes adicionados com sucesso
2025-10-25 09:58:17,092 - INFO - ✅ PDF temporário gerado: C:\Users\Obras\AppData\Local\Temp\PREVIEW_BRUNO_SANTANA_RINALDI_20251025_095816.pdf
2025-10-25 09:58:17,093 - INFO - ✅ PDF temporário válido: 48,197 bytes
2025-10-25 09:58:17,336 - INFO - ✅ Janela de decisão criada
2025-10-25 09:58:28,042 - INFO - 🗑️ PDF temporário agendado para remoção: PREVIEW_BRUNO_SANTANA_RINALDI_20251025_095816.pdf
2025-10-25 09:58:30,019 - INFO - Solicitado retorno ao menu principal
2025-10-25 09:58:30,019 - INFO - Retornando ao menu principal existente
2025-10-25 09:58:30,101 - INFO - Retorno ao menu principal concluído
2025-10-25 09:58:33,617 - INFO - Saída confirmada, finalizando sistema
2025-10-25 09:58:33,667 - INFO - Ação concluída: Gerar relatório
2025-10-25 10:05:09,096 - INFO - Carregando clientes de: C:\Users\Obras\sistema_gestao_testes\testes\Financeiro\Planilhas_Base\clientes.xlsx
2025-10-25 10:05:09,157 - INFO - Colunas disponíveis: ['Nome', 'Endereço', 'Data Inicial', 'Observações', 'Data Final', 'Tipo Taxa']
2025-10-25 10:05:09,157 - INFO - Coluna de status: Data Final
2025-10-25 10:05:09,157 - INFO - Coluna de nome: Nome
2025-10-25 10:05:09,157 - INFO - Total de clientes ativos encontrados: 14
2025-10-25 10:05:09,157 - INFO - Lista de clientes atualizada com 15 clientes
2025-10-25 10:05:09,197 - INFO - 🎉 SISTEMA INTEGRADO INICIADO COM SUCESSO!
2025-10-25 10:05:09,198 - INFO - Carregando clientes de: C:\Users\Obras\sistema_gestao_testes\testes\Financeiro\Planilhas_Base\clientes.xlsx
2025-10-25 10:05:09,213 - INFO - Colunas disponíveis: ['Nome', 'Endereço', 'Data Inicial', 'Observações', 'Data Final', 'Tipo Taxa']
2025-10-25 10:05:09,213 - INFO - Coluna de status: Data Final
2025-10-25 10:05:09,224 - INFO - Coluna de nome: Nome
2025-10-25 10:05:09,226 - INFO - Total de clientes ativos encontrados: 14
2025-10-25 10:05:09,227 - INFO - Lista de clientes carregada com 15 itens
2025-10-25 10:05:10,525 - INFO - Data calculada automaticamente: 05/11/2025
2025-10-25 10:05:10,525 - INFO - Data calculada automaticamente: 05/11/2025
2025-10-25 10:05:15,372 - INFO - Cliente selecionado: BRUNO SANTANA RINALDI
2025-10-25 10:05:15,372 - INFO - Arquivo encontrado: C:\Users\Obras\sistema_gestao_testes\testes\Financeiro\Clientes\BRUNO SANTANA RINALDI.xlsx
2025-10-25 10:05:15,387 - INFO - Arquivo encontrado: C:\Users\Obras\sistema_gestao_testes\testes\Financeiro\Clientes\BRUNO SANTANA RINALDI.xlsx
2025-10-25 10:05:17,378 - INFO - 🔍 INICIANDO gerar_relatorio para: despesas
2025-10-25 10:05:17,378 - INFO - 🎯 PROCESSANDO: Relatório de despesas
2025-10-25 10:05:17,378 - INFO - 🎯 PROCESSANDO DESPESAS - ARQUITETURA LIMPA
2025-10-25 10:05:17,378 - INFO - Data final obtida: 2025-11-05 00:00:00 (tipo: <class 'datetime.datetime'>)
2025-10-25 10:05:17,378 - INFO - ✅ Arquivo encontrado em arquivo_cliente_selecionado: C:\Users\Obras\sistema_gestao_testes\testes\Financeiro\Clientes\BRUNO SANTANA RINALDI.xlsx
2025-10-25 10:05:17,394 - INFO - ✅ Arquivo final nas configurações: C:\Users\Obras\sistema_gestao_testes\testes\Financeiro\Clientes\BRUNO SANTANA RINALDI.xlsx
2025-10-25 10:05:17,394 - INFO - ✅ Configurações coletadas
2025-10-25 10:05:17,394 - INFO - ✅ Arquivo confirmado: BRUNO SANTANA RINALDI.xlsx
2025-10-25 10:05:19,488 - INFO - Modo selecionado: Preview
2025-10-25 10:05:19,488 - INFO - 🎯 EXECUTANDO COM PREVIEW DIRETO - PDF TEMPORÁRIO
2025-10-25 10:05:19,713 - INFO - df_filtrado final: 14 registros
2025-10-25 10:05:19,713 - INFO - Colunas finais do df_filtrado: ['DATA_REL', 'TP_DESP', 'CNPJ_CPF', 'NOME', 'REFERÊNCIA', 'NF', 'VR_UNIT', 'DIAS', 'VALOR', 'DT_VENCTO', 'CATEGORIA', 'DADOS_BANCARIOS', 'OBSERVAÇÃO', 'STATUS', 'ID_LANCAMENTO', 'HISTORICO_ALTERACAO', 'ETAPA_OBRA', 'INSUMO']
2025-10-25 10:05:19,713 - INFO - Tipos de despesa únicos: [2.0 3.0 4.0 7.0 5.0]
2025-10-25 10:05:19,933 - INFO - 
Obtendo número do relatório para data 2025-11-05 00:00:00
2025-10-25 10:05:19,948 - INFO - Número do relatório calculado: 16
2025-10-25 10:05:19,948 - INFO - Calculando acumulado para data 2025-11-05 00:00:00
2025-10-25 10:05:19,948 - INFO - Acumulado - registros após filtrar excluídos: 279
2025-10-25 10:05:19,961 - INFO - Valor acumulado calculado (apenas ativos): 1,050,156.84
2025-10-25 10:05:19,963 - INFO - 🔧 GERANDO PDF TEMPORÁRIO COM ORDENAÇÕES PRESERVADAS
2025-10-25 10:05:19,965 - INFO - 📄 Criando PDF temporário: PREVIEW_BRUNO_SANTANA_RINALDI_20251025_100519.pdf
2025-10-25 10:05:19,968 - INFO - === INICIANDO ADIÇÃO DO CABEÇALHO ===
2025-10-25 10:05:19,970 - INFO - Tentando carregar logo: C:\Users\Obras\Documents\GitHub\Sistema-Financeiro\src\logo1.png
2025-10-25 10:05:19,972 - INFO - Logo carregada com sucesso!
2025-10-25 10:05:19,972 - INFO - Criando cabeçalho COM logo
2025-10-25 10:05:19,976 - INFO - Informações do cliente adicionadas com sucesso
2025-10-25 10:05:19,976 - INFO - === CABEÇALHO CONCLUÍDO COM SUCESSO ===
2025-10-25 10:05:19,990 - INFO - Iniciando adição de detalhes ao relatório
2025-10-25 10:05:20,075 - INFO - Detalhes adicionados com sucesso
2025-10-25 10:05:20,189 - INFO - ✅ PDF temporário gerado: C:\Users\Obras\AppData\Local\Temp\PREVIEW_BRUNO_SANTANA_RINALDI_20251025_100519.pdf
2025-10-25 10:05:20,189 - INFO - ✅ PDF temporário válido: 48,197 bytes
2025-10-25 10:05:20,414 - INFO - ✅ Janela de decisão criada
2025-10-25 10:05:42,218 - INFO - 🗑️ PDF temporário agendado para remoção: PREVIEW_BRUNO_SANTANA_RINALDI_20251025_100519.pdf
2025-10-25 10:05:44,228 - WARNING - Aviso: Não foi possível remover arquivo temporário: [WinError 32] O arquivo já está sendo usado por outro processo: 'C:\\Users\\Obras\\AppData\\Local\\Temp\\PREVIEW_BRUNO_SANTANA_RINALDI_20251025_100519.pdf'
2025-10-25 10:05:44,272 - INFO - Solicitado retorno ao menu principal
2025-10-25 10:05:44,272 - INFO - Retornando ao menu principal existente
2025-10-25 10:05:44,356 - INFO - Retorno ao menu principal concluído
2025-10-25 10:05:47,472 - INFO - Saída confirmada, finalizando sistema
2025-10-25 10:05:47,517 - INFO - Ação concluída: Gerar relatório
2025-10-25 10:06:33,899 - INFO - Carregando clientes de: C:\Users\Obras\sistema_gestao_testes\testes\Financeiro\Planilhas_Base\clientes.xlsx
2025-10-25 10:06:33,970 - INFO - Colunas disponíveis: ['Nome', 'Endereço', 'Data Inicial', 'Observações', 'Data Final', 'Tipo Taxa']
2025-10-25 10:06:33,971 - INFO - Coluna de status: Data Final
2025-10-25 10:06:33,979 - INFO - Coluna de nome: Nome
2025-10-25 10:06:33,980 - INFO - Total de clientes ativos encontrados: 14
2025-10-25 10:06:33,981 - INFO - Lista de clientes atualizada com 15 clientes
2025-10-25 10:06:34,007 - INFO - 🎉 SISTEMA INTEGRADO INICIADO COM SUCESSO!
2025-10-25 10:06:34,007 - INFO - Carregando clientes de: C:\Users\Obras\sistema_gestao_testes\testes\Financeiro\Planilhas_Base\clientes.xlsx
2025-10-25 10:06:34,027 - INFO - Colunas disponíveis: ['Nome', 'Endereço', 'Data Inicial', 'Observações', 'Data Final', 'Tipo Taxa']
2025-10-25 10:06:34,029 - INFO - Coluna de status: Data Final
2025-10-25 10:06:34,031 - INFO - Coluna de nome: Nome
2025-10-25 10:06:34,032 - INFO - Total de clientes ativos encontrados: 14
2025-10-25 10:06:34,033 - INFO - Lista de clientes carregada com 15 itens
2025-10-25 10:06:36,137 - INFO - Data calculada automaticamente: 05/11/2025
2025-10-25 10:06:36,137 - INFO - Data calculada automaticamente: 05/11/2025
2025-10-25 10:06:39,458 - INFO - Cliente selecionado: BRUNO SANTANA RINALDI
2025-10-25 10:06:39,458 - INFO - Arquivo encontrado: C:\Users\Obras\sistema_gestao_testes\testes\Financeiro\Clientes\BRUNO SANTANA RINALDI.xlsx
2025-10-25 10:06:39,458 - INFO - Arquivo encontrado: C:\Users\Obras\sistema_gestao_testes\testes\Financeiro\Clientes\BRUNO SANTANA RINALDI.xlsx
2025-10-25 10:06:42,867 - INFO - 🔍 INICIANDO gerar_relatorio para: despesas
2025-10-25 10:06:42,867 - INFO - 🎯 PROCESSANDO: Relatório de despesas
2025-10-25 10:06:42,867 - INFO - 🎯 PROCESSANDO DESPESAS - ARQUITETURA LIMPA
2025-10-25 10:06:42,867 - INFO - Data final obtida: 2025-11-05 00:00:00 (tipo: <class 'datetime.datetime'>)
2025-10-25 10:06:42,867 - INFO - ✅ Arquivo encontrado em arquivo_cliente_selecionado: C:\Users\Obras\sistema_gestao_testes\testes\Financeiro\Clientes\BRUNO SANTANA RINALDI.xlsx
2025-10-25 10:06:42,867 - INFO - ✅ Arquivo final nas configurações: C:\Users\Obras\sistema_gestao_testes\testes\Financeiro\Clientes\BRUNO SANTANA RINALDI.xlsx
2025-10-25 10:06:42,867 - INFO - ✅ Configurações coletadas
2025-10-25 10:06:42,867 - INFO - ✅ Arquivo confirmado: BRUNO SANTANA RINALDI.xlsx
2025-10-25 10:06:44,432 - INFO - Modo selecionado: Preview
2025-10-25 10:06:44,432 - INFO - 🎯 EXECUTANDO COM PREVIEW DIRETO - PDF TEMPORÁRIO
2025-10-25 10:06:44,655 - INFO - df_filtrado final: 14 registros
2025-10-25 10:06:44,655 - INFO - Colunas finais do df_filtrado: ['DATA_REL', 'TP_DESP', 'CNPJ_CPF', 'NOME', 'REFERÊNCIA', 'NF', 'VR_UNIT', 'DIAS', 'VALOR', 'DT_VENCTO', 'CATEGORIA', 'DADOS_BANCARIOS', 'OBSERVAÇÃO', 'STATUS', 'ID_LANCAMENTO', 'HISTORICO_ALTERACAO', 'ETAPA_OBRA', 'INSUMO']
2025-10-25 10:06:44,655 - INFO - Tipos de despesa únicos: [2.0 3.0 4.0 7.0 5.0]
2025-10-25 10:06:44,879 - INFO - 
Obtendo número do relatório para data 2025-11-05 00:00:00
2025-10-25 10:06:44,879 - INFO - Número do relatório calculado: 16
2025-10-25 10:06:44,879 - INFO - Calculando acumulado para data 2025-11-05 00:00:00
2025-10-25 10:06:44,879 - INFO - Acumulado - registros após filtrar excluídos: 279
2025-10-25 10:06:44,896 - INFO - Valor acumulado calculado (apenas ativos): 1,050,156.84
2025-10-25 10:06:44,899 - INFO - 🔧 GERANDO PDF TEMPORÁRIO COM ORDENAÇÕES PRESERVADAS
2025-10-25 10:06:44,901 - INFO - 📄 Criando PDF temporário: PREVIEW_BRUNO_SANTANA_RINALDI_20251025_100644.pdf
2025-10-25 10:06:44,902 - INFO - === INICIANDO ADIÇÃO DO CABEÇALHO ===
2025-10-25 10:06:44,904 - INFO - Tentando carregar logo: C:\Users\Obras\Documents\GitHub\Sistema-Financeiro\src\logo1.png
2025-10-25 10:06:44,905 - INFO - Logo carregada com sucesso!
2025-10-25 10:06:44,906 - INFO - Criando cabeçalho COM logo
2025-10-25 10:06:44,906 - INFO - Informações do cliente adicionadas com sucesso
2025-10-25 10:06:44,914 - INFO - === CABEÇALHO CONCLUÍDO COM SUCESSO ===
2025-10-25 10:06:44,926 - INFO - Iniciando adição de detalhes ao relatório
2025-10-25 10:06:45,000 - INFO - Detalhes adicionados com sucesso
2025-10-25 10:06:45,165 - INFO - ✅ PDF temporário gerado: C:\Users\Obras\AppData\Local\Temp\PREVIEW_BRUNO_SANTANA_RINALDI_20251025_100644.pdf
2025-10-25 10:06:45,165 - INFO - ✅ PDF temporário válido: 48,197 bytes
2025-10-25 10:06:45,442 - INFO - ✅ Janela de decisão criada
2025-10-25 10:07:02,582 - INFO - 🗑️ PDF temporário agendado para remoção: PREVIEW_BRUNO_SANTANA_RINALDI_20251025_100644.pdf
2025-10-25 10:07:04,574 - INFO - Solicitado retorno ao menu principal
2025-10-25 10:07:04,590 - INFO - Retornando ao menu principal existente
2025-10-25 10:07:04,676 - INFO - Retorno ao menu principal concluído
2025-10-25 10:07:08,521 - INFO - Saída confirmada, finalizando sistema
2025-10-25 10:07:08,560 - INFO - Ação concluída: Gerar relatório
2025-10-25 10:09:18,786 - INFO - Carregando clientes de: C:\Users\Obras\sistema_gestao_testes\testes\Financeiro\Planilhas_Base\clientes.xlsx
2025-10-25 10:09:18,837 - INFO - Colunas disponíveis: ['Nome', 'Endereço', 'Data Inicial', 'Observações', 'Data Final', 'Tipo Taxa']
2025-10-25 10:09:18,837 - INFO - Coluna de status: Data Final
2025-10-25 10:09:18,851 - INFO - Coluna de nome: Nome
2025-10-25 10:09:18,853 - INFO - Total de clientes ativos encontrados: 14
2025-10-25 10:09:18,853 - INFO - Lista de clientes atualizada com 15 clientes
2025-10-25 10:09:18,888 - INFO - 🎉 SISTEMA INTEGRADO INICIADO COM SUCESSO!
2025-10-25 10:09:18,889 - INFO - Carregando clientes de: C:\Users\Obras\sistema_gestao_testes\testes\Financeiro\Planilhas_Base\clientes.xlsx
2025-10-25 10:09:18,904 - INFO - Colunas disponíveis: ['Nome', 'Endereço', 'Data Inicial', 'Observações', 'Data Final', 'Tipo Taxa']
2025-10-25 10:09:18,906 - INFO - Coluna de status: Data Final
2025-10-25 10:09:18,908 - INFO - Coluna de nome: Nome
2025-10-25 10:09:18,909 - INFO - Total de clientes ativos encontrados: 14
2025-10-25 10:09:18,909 - INFO - Lista de clientes carregada com 15 itens
2025-10-25 10:09:20,096 - INFO - Data calculada automaticamente: 05/11/2025
2025-10-25 10:09:20,111 - INFO - Data calculada automaticamente: 05/11/2025
2025-10-25 10:09:23,437 - INFO - Cliente selecionado: BRUNO SANTANA RINALDI
2025-10-25 10:09:23,437 - INFO - Arquivo encontrado: C:\Users\Obras\sistema_gestao_testes\testes\Financeiro\Clientes\BRUNO SANTANA RINALDI.xlsx
2025-10-25 10:09:23,437 - INFO - Arquivo encontrado: C:\Users\Obras\sistema_gestao_testes\testes\Financeiro\Clientes\BRUNO SANTANA RINALDI.xlsx
2025-10-25 10:09:25,332 - INFO - 🔍 INICIANDO gerar_relatorio para: despesas
2025-10-25 10:09:25,348 - INFO - 🎯 PROCESSANDO: Relatório de despesas
2025-10-25 10:09:25,348 - INFO - 🎯 PROCESSANDO DESPESAS - ARQUITETURA LIMPA
2025-10-25 10:09:25,348 - INFO - Data final obtida: 2025-11-05 00:00:00 (tipo: <class 'datetime.datetime'>)
2025-10-25 10:09:25,348 - INFO - ✅ Arquivo encontrado em arquivo_cliente_selecionado: C:\Users\Obras\sistema_gestao_testes\testes\Financeiro\Clientes\BRUNO SANTANA RINALDI.xlsx
2025-10-25 10:09:25,348 - INFO - ✅ Arquivo final nas configurações: C:\Users\Obras\sistema_gestao_testes\testes\Financeiro\Clientes\BRUNO SANTANA RINALDI.xlsx
2025-10-25 10:09:25,348 - INFO - ✅ Configurações coletadas
2025-10-25 10:09:25,354 - INFO - ✅ Arquivo confirmado: BRUNO SANTANA RINALDI.xlsx
2025-10-25 10:09:27,243 - INFO - Modo selecionado: Preview
2025-10-25 10:09:27,243 - INFO - 🎯 EXECUTANDO COM PREVIEW DIRETO - PDF TEMPORÁRIO
2025-10-25 10:09:27,470 - INFO - df_filtrado final: 14 registros
2025-10-25 10:09:27,470 - INFO - Colunas finais do df_filtrado: ['DATA_REL', 'TP_DESP', 'CNPJ_CPF', 'NOME', 'REFERÊNCIA', 'NF', 'VR_UNIT', 'DIAS', 'VALOR', 'DT_VENCTO', 'CATEGORIA', 'DADOS_BANCARIOS', 'OBSERVAÇÃO', 'STATUS', 'ID_LANCAMENTO', 'HISTORICO_ALTERACAO', 'ETAPA_OBRA', 'INSUMO']
2025-10-25 10:09:27,470 - INFO - Tipos de despesa únicos: [2.0 3.0 4.0 7.0 5.0]
2025-10-25 10:09:27,696 - INFO - 
Obtendo número do relatório para data 2025-11-05 00:00:00
2025-10-25 10:09:27,696 - INFO - Número do relatório calculado: 16
2025-10-25 10:09:27,696 - INFO - Calculando acumulado para data 2025-11-05 00:00:00
2025-10-25 10:09:27,696 - INFO - Acumulado - registros após filtrar excluídos: 279
2025-10-25 10:09:27,722 - INFO - Valor acumulado calculado (apenas ativos): 1,050,156.84
2025-10-25 10:09:27,725 - INFO - 🔧 GERANDO PDF TEMPORÁRIO COM ORDENAÇÕES PRESERVADAS
2025-10-25 10:09:27,727 - INFO - 📄 Criando PDF temporário: PREVIEW_BRUNO_SANTANA_RINALDI_20251025_100927.pdf
2025-10-25 10:09:27,729 - INFO - === INICIANDO ADIÇÃO DO CABEÇALHO ===
2025-10-25 10:09:27,730 - INFO - Tentando carregar logo: C:\Users\Obras\Documents\GitHub\Sistema-Financeiro\src\logo1.png
2025-10-25 10:09:27,732 - INFO - Logo carregada com sucesso!
2025-10-25 10:09:27,733 - INFO - Criando cabeçalho COM logo
2025-10-25 10:09:27,736 - INFO - Informações do cliente adicionadas com sucesso
2025-10-25 10:09:27,737 - INFO - === CABEÇALHO CONCLUÍDO COM SUCESSO ===
2025-10-25 10:09:27,749 - INFO - Iniciando adição de detalhes ao relatório
2025-10-25 10:09:27,832 - INFO - Detalhes adicionados com sucesso
2025-10-25 10:09:27,936 - INFO - ✅ PDF temporário gerado: C:\Users\Obras\AppData\Local\Temp\PREVIEW_BRUNO_SANTANA_RINALDI_20251025_100927.pdf
2025-10-25 10:09:27,936 - INFO - ✅ PDF temporário válido: 48,197 bytes
2025-10-25 10:09:28,240 - INFO - ✅ Janela de decisão criada
2025-10-25 10:14:04,363 - INFO - 🗑️ PDF temporário agendado para remoção: PREVIEW_BRUNO_SANTANA_RINALDI_20251025_100927.pdf
2025-10-25 10:14:06,170 - INFO - Solicitado retorno ao menu principal
2025-10-25 10:14:06,170 - INFO - Retornando ao menu principal existente
2025-10-25 10:14:06,281 - INFO - Retorno ao menu principal concluído
2025-10-25 10:14:08,946 - INFO - Saída confirmada, finalizando sistema
2025-10-25 10:14:09,003 - INFO - Ação concluída: Gerar relatório
2025-10-25 10:15:37,986 - INFO - Carregando clientes de: C:\Users\Obras\sistema_gestao_testes\testes\Financeiro\Planilhas_Base\clientes.xlsx
2025-10-25 10:15:38,039 - INFO - Colunas disponíveis: ['Nome', 'Endereço', 'Data Inicial', 'Observações', 'Data Final', 'Tipo Taxa']
2025-10-25 10:15:38,047 - INFO - Coluna de status: Data Final
2025-10-25 10:15:38,049 - INFO - Coluna de nome: Nome
2025-10-25 10:15:38,049 - INFO - Total de clientes ativos encontrados: 14
2025-10-25 10:15:38,052 - INFO - Lista de clientes atualizada com 15 clientes
2025-10-25 10:15:38,079 - INFO - 🎉 SISTEMA INTEGRADO INICIADO COM SUCESSO!
2025-10-25 10:15:38,082 - INFO - Carregando clientes de: C:\Users\Obras\sistema_gestao_testes\testes\Financeiro\Planilhas_Base\clientes.xlsx
2025-10-25 10:15:38,102 - INFO - Colunas disponíveis: ['Nome', 'Endereço', 'Data Inicial', 'Observações', 'Data Final', 'Tipo Taxa']
2025-10-25 10:15:38,103 - INFO - Coluna de status: Data Final
2025-10-25 10:15:38,105 - INFO - Coluna de nome: Nome
2025-10-25 10:15:38,106 - INFO - Total de clientes ativos encontrados: 14
2025-10-25 10:15:38,107 - INFO - Lista de clientes carregada com 15 itens
2025-10-25 10:15:39,337 - INFO - Data calculada automaticamente: 05/11/2025
2025-10-25 10:15:39,337 - INFO - Data calculada automaticamente: 05/11/2025
2025-10-25 10:15:42,790 - INFO - Cliente selecionado: BRUNO SANTANA RINALDI
2025-10-25 10:15:42,790 - INFO - Arquivo encontrado: C:\Users\Obras\sistema_gestao_testes\testes\Financeiro\Clientes\BRUNO SANTANA RINALDI.xlsx
2025-10-25 10:15:42,790 - INFO - Arquivo encontrado: C:\Users\Obras\sistema_gestao_testes\testes\Financeiro\Clientes\BRUNO SANTANA RINALDI.xlsx
2025-10-25 10:15:45,189 - INFO - 🔍 INICIANDO gerar_relatorio para: despesas
2025-10-25 10:15:45,189 - INFO - 🎯 PROCESSANDO: Relatório de despesas
2025-10-25 10:15:45,189 - INFO - 🎯 PROCESSANDO DESPESAS - ARQUITETURA LIMPA
2025-10-25 10:15:45,189 - INFO - Data final obtida: 2025-11-05 00:00:00 (tipo: <class 'datetime.datetime'>)
2025-10-25 10:15:45,189 - INFO - ✅ Arquivo encontrado em arquivo_cliente_selecionado: C:\Users\Obras\sistema_gestao_testes\testes\Financeiro\Clientes\BRUNO SANTANA RINALDI.xlsx
2025-10-25 10:15:45,189 - INFO - ✅ Arquivo final nas configurações: C:\Users\Obras\sistema_gestao_testes\testes\Financeiro\Clientes\BRUNO SANTANA RINALDI.xlsx
2025-10-25 10:15:45,189 - INFO - ✅ Configurações coletadas
2025-10-25 10:15:45,204 - INFO - ✅ Arquivo confirmado: BRUNO SANTANA RINALDI.xlsx
2025-10-25 10:15:46,866 - INFO - Modo selecionado: Preview
2025-10-25 10:15:46,866 - INFO - 🎯 EXECUTANDO COM PREVIEW DIRETO - PDF TEMPORÁRIO
2025-10-25 10:15:47,094 - INFO - df_filtrado final: 14 registros
2025-10-25 10:15:47,095 - INFO - Colunas finais do df_filtrado: ['DATA_REL', 'TP_DESP', 'CNPJ_CPF', 'NOME', 'REFERÊNCIA', 'NF', 'VR_UNIT', 'DIAS', 'VALOR', 'DT_VENCTO', 'CATEGORIA', 'DADOS_BANCARIOS', 'OBSERVAÇÃO', 'STATUS', 'ID_LANCAMENTO', 'HISTORICO_ALTERACAO', 'ETAPA_OBRA', 'INSUMO']
2025-10-25 10:15:47,097 - INFO - Tipos de despesa únicos: [2.0 3.0 4.0 7.0 5.0]
2025-10-25 10:15:47,324 - INFO - 
Obtendo número do relatório para data 2025-11-05 00:00:00
2025-10-25 10:15:47,324 - INFO - Número do relatório calculado: 16
2025-10-25 10:15:47,324 - INFO - Calculando acumulado para data 2025-11-05 00:00:00
2025-10-25 10:15:47,324 - INFO - Acumulado - registros após filtrar excluídos: 279
2025-10-25 10:15:47,350 - INFO - Valor acumulado calculado (apenas ativos): 1,050,156.84
2025-10-25 10:15:47,352 - INFO - 🔧 GERANDO PDF TEMPORÁRIO COM ORDENAÇÕES PRESERVADAS
2025-10-25 10:15:47,354 - INFO - 📄 Criando PDF temporário: PREVIEW_BRUNO_SANTANA_RINALDI_20251025_101547.pdf
2025-10-25 10:15:47,355 - INFO - === INICIANDO ADIÇÃO DO CABEÇALHO ===
2025-10-25 10:15:47,355 - INFO - Tentando carregar logo: C:\Users\Obras\Documents\GitHub\Sistema-Financeiro\src\logo1.png
2025-10-25 10:15:47,357 - INFO - Logo carregada com sucesso!
2025-10-25 10:15:47,357 - INFO - Criando cabeçalho COM logo
2025-10-25 10:15:47,359 - INFO - Informações do cliente adicionadas com sucesso
2025-10-25 10:15:47,360 - INFO - === CABEÇALHO CONCLUÍDO COM SUCESSO ===
2025-10-25 10:15:47,372 - INFO - Iniciando adição de detalhes ao relatório
2025-10-25 10:15:47,446 - INFO - Detalhes adicionados com sucesso
2025-10-25 10:15:47,547 - INFO - ✅ PDF temporário gerado: C:\Users\Obras\AppData\Local\Temp\PREVIEW_BRUNO_SANTANA_RINALDI_20251025_101547.pdf
2025-10-25 10:15:47,547 - INFO - ✅ PDF temporário válido: 48,197 bytes
2025-10-25 10:15:47,836 - INFO - ✅ Janela de decisão criada
2025-10-25 10:16:27,898 - INFO - 🗑️ PDF temporário agendado para remoção: PREVIEW_BRUNO_SANTANA_RINALDI_20251025_101547.pdf
2025-10-25 10:16:29,245 - INFO - Solicitado retorno ao menu principal
2025-10-25 10:16:29,246 - INFO - Retornando ao menu principal existente
2025-10-25 10:16:29,325 - INFO - Retorno ao menu principal concluído
2025-10-25 10:16:33,029 - INFO - Saída confirmada, finalizando sistema
2025-10-25 10:16:33,073 - INFO - Ação concluída: Gerar relatório
2025-10-25 10:20:39,641 - INFO - Carregando clientes de: C:\Users\Obras\sistema_gestao_testes\testes\Financeiro\Planilhas_Base\clientes.xlsx
2025-10-25 10:20:39,729 - INFO - Colunas disponíveis: ['Nome', 'Endereço', 'Data Inicial', 'Observações', 'Data Final', 'Tipo Taxa']
2025-10-25 10:20:39,730 - INFO - Coluna de status: Data Final
2025-10-25 10:20:39,747 - INFO - Coluna de nome: Nome
2025-10-25 10:20:39,748 - INFO - Total de clientes ativos encontrados: 14
2025-10-25 10:20:39,750 - INFO - Lista de clientes atualizada com 15 clientes
2025-10-25 10:20:39,777 - INFO - 🎉 SISTEMA INTEGRADO INICIADO COM SUCESSO!
2025-10-25 10:20:39,777 - INFO - Carregando clientes de: C:\Users\Obras\sistema_gestao_testes\testes\Financeiro\Planilhas_Base\clientes.xlsx
2025-10-25 10:20:39,799 - INFO - Colunas disponíveis: ['Nome', 'Endereço', 'Data Inicial', 'Observações', 'Data Final', 'Tipo Taxa']
2025-10-25 10:20:39,801 - INFO - Coluna de status: Data Final
2025-10-25 10:20:39,801 - INFO - Coluna de nome: Nome
2025-10-25 10:20:39,801 - INFO - Total de clientes ativos encontrados: 14
2025-10-25 10:20:39,806 - INFO - Lista de clientes carregada com 15 itens
2025-10-25 10:20:41,301 - INFO - Data calculada automaticamente: 05/11/2025
2025-10-25 10:20:41,301 - INFO - Data calculada automaticamente: 05/11/2025
2025-10-25 10:20:44,675 - INFO - Cliente selecionado: BRUNO SANTANA RINALDI
2025-10-25 10:20:44,675 - INFO - Arquivo encontrado: C:\Users\Obras\sistema_gestao_testes\testes\Financeiro\Clientes\BRUNO SANTANA RINALDI.xlsx
2025-10-25 10:20:44,694 - INFO - Arquivo encontrado: C:\Users\Obras\sistema_gestao_testes\testes\Financeiro\Clientes\BRUNO SANTANA RINALDI.xlsx
2025-10-25 10:20:46,169 - INFO - 🔍 INICIANDO gerar_relatorio para: despesas
2025-10-25 10:20:46,169 - INFO - 🎯 PROCESSANDO: Relatório de despesas
2025-10-25 10:20:46,169 - INFO - 🎯 PROCESSANDO DESPESAS - ARQUITETURA LIMPA
2025-10-25 10:20:46,169 - INFO - Data final obtida: 2025-11-05 00:00:00 (tipo: <class 'datetime.datetime'>)
2025-10-25 10:20:46,169 - INFO - ✅ Arquivo encontrado em arquivo_cliente_selecionado: C:\Users\Obras\sistema_gestao_testes\testes\Financeiro\Clientes\BRUNO SANTANA RINALDI.xlsx
2025-10-25 10:20:46,169 - INFO - ✅ Arquivo final nas configurações: C:\Users\Obras\sistema_gestao_testes\testes\Financeiro\Clientes\BRUNO SANTANA RINALDI.xlsx
2025-10-25 10:20:46,169 - INFO - ✅ Configurações coletadas
2025-10-25 10:20:46,169 - INFO - ✅ Arquivo confirmado: BRUNO SANTANA RINALDI.xlsx
2025-10-25 10:20:47,724 - INFO - Modo selecionado: Preview
2025-10-25 10:20:47,724 - INFO - 🎯 EXECUTANDO COM PREVIEW DIRETO - PDF TEMPORÁRIO
2025-10-25 10:20:48,018 - INFO - df_filtrado final: 14 registros
2025-10-25 10:20:48,019 - INFO - Colunas finais do df_filtrado: ['DATA_REL', 'TP_DESP', 'CNPJ_CPF', 'NOME', 'REFERÊNCIA', 'NF', 'VR_UNIT', 'DIAS', 'VALOR', 'DT_VENCTO', 'CATEGORIA', 'DADOS_BANCARIOS', 'OBSERVAÇÃO', 'STATUS', 'ID_LANCAMENTO', 'HISTORICO_ALTERACAO', 'ETAPA_OBRA', 'INSUMO']
2025-10-25 10:20:48,020 - INFO - Tipos de despesa únicos: [2.0 3.0 4.0 7.0 5.0]
2025-10-25 10:20:48,256 - INFO - 
Obtendo número do relatório para data 2025-11-05 00:00:00
2025-10-25 10:20:48,256 - INFO - Número do relatório calculado: 16
2025-10-25 10:20:48,256 - INFO - Calculando acumulado para data 2025-11-05 00:00:00
2025-10-25 10:20:48,272 - INFO - Acumulado - registros após filtrar excluídos: 279
2025-10-25 10:20:48,287 - INFO - Valor acumulado calculado (apenas ativos): 1,050,156.84
2025-10-25 10:20:48,291 - INFO - 🔧 GERANDO PDF TEMPORÁRIO COM ORDENAÇÕES PRESERVADAS
2025-10-25 10:20:48,294 - INFO - 📄 Criando PDF temporário: PREVIEW_BRUNO_SANTANA_RINALDI_20251025_102048.pdf
2025-10-25 10:20:48,295 - INFO - === INICIANDO ADIÇÃO DO CABEÇALHO ===
2025-10-25 10:20:48,297 - INFO - Tentando carregar logo: C:\Users\Obras\Documents\GitHub\Sistema-Financeiro\src\logo1.png
2025-10-25 10:20:48,298 - INFO - Logo carregada com sucesso!
2025-10-25 10:20:48,299 - INFO - Criando cabeçalho COM logo
2025-10-25 10:20:48,300 - INFO - Informações do cliente adicionadas com sucesso
2025-10-25 10:20:48,300 - INFO - === CABEÇALHO CONCLUÍDO COM SUCESSO ===
2025-10-25 10:20:48,319 - INFO - Iniciando adição de detalhes ao relatório
2025-10-25 10:20:48,403 - INFO - Detalhes adicionados com sucesso
2025-10-25 10:20:48,513 - INFO - ✅ PDF temporário gerado: C:\Users\Obras\AppData\Local\Temp\PREVIEW_BRUNO_SANTANA_RINALDI_20251025_102048.pdf
2025-10-25 10:20:48,514 - INFO - ✅ PDF temporário válido: 48,197 bytes
2025-10-25 10:20:48,783 - INFO - ✅ Janela de decisão criada
2025-10-25 10:20:58,122 - INFO - 🗑️ PDF temporário agendado para remoção: PREVIEW_BRUNO_SANTANA_RINALDI_20251025_102048.pdf
2025-10-25 10:20:59,477 - INFO - Solicitado retorno ao menu principal
2025-10-25 10:20:59,477 - INFO - Retornando ao menu principal existente
2025-10-25 10:20:59,551 - INFO - Retorno ao menu principal concluído
2025-10-25 10:21:02,038 - INFO - Saída confirmada, finalizando sistema
2025-10-25 10:21:02,088 - INFO - Ação concluída: Gerar relatório
2025-10-25 10:30:52,905 - INFO - Carregando clientes de: C:\Users\Obras\sistema_gestao_testes\testes\Financeiro\Planilhas_Base\clientes.xlsx
2025-10-25 10:30:52,998 - INFO - Colunas disponíveis: ['Nome', 'Endereço', 'Data Inicial', 'Observações', 'Data Final', 'Tipo Taxa']
2025-10-25 10:30:52,999 - INFO - Coluna de status: Data Final
2025-10-25 10:30:53,015 - INFO - Coluna de nome: Nome
2025-10-25 10:30:53,017 - INFO - Total de clientes ativos encontrados: 14
2025-10-25 10:30:53,019 - INFO - Lista de clientes atualizada com 15 clientes
2025-10-25 10:30:53,047 - INFO - 🎉 SISTEMA INTEGRADO INICIADO COM SUCESSO!
2025-10-25 10:30:53,051 - INFO - Carregando clientes de: C:\Users\Obras\sistema_gestao_testes\testes\Financeiro\Planilhas_Base\clientes.xlsx
2025-10-25 10:30:53,060 - INFO - Colunas disponíveis: ['Nome', 'Endereço', 'Data Inicial', 'Observações', 'Data Final', 'Tipo Taxa']
2025-10-25 10:30:53,068 - INFO - Coluna de status: Data Final
2025-10-25 10:30:53,072 - INFO - Coluna de nome: Nome
2025-10-25 10:30:53,074 - INFO - Total de clientes ativos encontrados: 14
2025-10-25 10:30:53,075 - INFO - Lista de clientes carregada com 15 itens
2025-10-25 10:30:53,997 - INFO - Data calculada automaticamente: 05/11/2025
2025-10-25 10:30:53,997 - INFO - Data calculada automaticamente: 05/11/2025
2025-10-25 10:30:57,805 - INFO - Cliente selecionado: BRUNO SANTANA RINALDI
2025-10-25 10:30:57,821 - INFO - Arquivo encontrado: C:\Users\Obras\sistema_gestao_testes\testes\Financeiro\Clientes\BRUNO SANTANA RINALDI.xlsx
2025-10-25 10:30:57,821 - INFO - Arquivo encontrado: C:\Users\Obras\sistema_gestao_testes\testes\Financeiro\Clientes\BRUNO SANTANA RINALDI.xlsx
2025-10-25 10:31:00,341 - INFO - 🔍 INICIANDO gerar_relatorio para: despesas
2025-10-25 10:31:00,341 - INFO - 🎯 PROCESSANDO: Relatório de despesas
2025-10-25 10:31:00,341 - INFO - 🎯 PROCESSANDO DESPESAS - ARQUITETURA LIMPA
2025-10-25 10:31:00,356 - INFO - Data final obtida: 2025-11-05 00:00:00 (tipo: <class 'datetime.datetime'>)
2025-10-25 10:31:00,356 - INFO - ✅ Arquivo encontrado em arquivo_cliente_selecionado: C:\Users\Obras\sistema_gestao_testes\testes\Financeiro\Clientes\BRUNO SANTANA RINALDI.xlsx
2025-10-25 10:31:00,356 - INFO - ✅ Arquivo final nas configurações: C:\Users\Obras\sistema_gestao_testes\testes\Financeiro\Clientes\BRUNO SANTANA RINALDI.xlsx
2025-10-25 10:31:00,356 - INFO - ✅ Configurações coletadas
2025-10-25 10:31:00,356 - INFO - ✅ Arquivo confirmado: BRUNO SANTANA RINALDI.xlsx
2025-10-25 10:31:02,153 - INFO - Modo selecionado: Preview
2025-10-25 10:31:02,153 - INFO - 🎯 EXECUTANDO COM PREVIEW DIRETO - PDF TEMPORÁRIO
2025-10-25 10:31:02,409 - INFO - df_filtrado final: 14 registros
2025-10-25 10:31:02,409 - INFO - Colunas finais do df_filtrado: ['DATA_REL', 'TP_DESP', 'CNPJ_CPF', 'NOME', 'REFERÊNCIA', 'NF', 'VR_UNIT', 'DIAS', 'VALOR', 'DT_VENCTO', 'CATEGORIA', 'DADOS_BANCARIOS', 'OBSERVAÇÃO', 'STATUS', 'ID_LANCAMENTO', 'HISTORICO_ALTERACAO', 'ETAPA_OBRA', 'INSUMO']
2025-10-25 10:31:02,409 - INFO - Tipos de despesa únicos: [2.0 3.0 4.0 7.0 5.0]
2025-10-25 10:31:02,437 - INFO - Processados 6 lançamentos futuros
2025-10-25 10:31:02,662 - INFO - 
Obtendo número do relatório para data 2025-11-05 00:00:00
2025-10-25 10:31:02,662 - INFO - Número do relatório calculado: 16
2025-10-25 10:31:02,662 - INFO - Calculando acumulado para data 2025-11-05 00:00:00
2025-10-25 10:31:02,662 - INFO - Acumulado - registros após filtrar excluídos: 279
2025-10-25 10:31:02,681 - INFO - Valor acumulado calculado (apenas ativos): 1,050,156.84
2025-10-25 10:31:02,685 - INFO - 🔧 GERANDO PDF TEMPORÁRIO COM ORDENAÇÕES PRESERVADAS
2025-10-25 10:31:02,688 - INFO - 📄 Criando PDF temporário: PREVIEW_BRUNO_SANTANA_RINALDI_20251025_103102.pdf
2025-10-25 10:31:02,691 - INFO - === INICIANDO ADIÇÃO DO CABEÇALHO ===
2025-10-25 10:31:02,693 - INFO - Tentando carregar logo: C:\Users\Obras\Documents\GitHub\Sistema-Financeiro\src\logo1.png
2025-10-25 10:31:02,694 - INFO - Logo carregada com sucesso!
2025-10-25 10:31:02,694 - INFO - Criando cabeçalho COM logo
2025-10-25 10:31:02,697 - INFO - Informações do cliente adicionadas com sucesso
2025-10-25 10:31:02,698 - INFO - === CABEÇALHO CONCLUÍDO COM SUCESSO ===
2025-10-25 10:31:02,713 - INFO - Iniciando adição de detalhes ao relatório
2025-10-25 10:31:02,782 - INFO - Detalhes adicionados com sucesso
2025-10-25 10:31:02,969 - INFO - ✅ PDF temporário gerado: C:\Users\Obras\AppData\Local\Temp\PREVIEW_BRUNO_SANTANA_RINALDI_20251025_103102.pdf
2025-10-25 10:31:02,969 - INFO - ✅ PDF temporário válido: 51,019 bytes
2025-10-25 10:31:03,257 - INFO - ✅ Janela de decisão criada
2025-10-25 10:31:54,861 - ERROR - Erro ao atualizar progresso: 'Toplevel' object has no attribute 'percent_label'
2025-10-25 10:31:54,877 - INFO - === INICIANDO ADIÇÃO DO CABEÇALHO ===
2025-10-25 10:31:54,877 - INFO - Tentando carregar logo: C:\Users\Obras\Documents\GitHub\Sistema-Financeiro\src\logo1.png
2025-10-25 10:31:54,877 - INFO - Logo carregada com sucesso!
2025-10-25 10:31:54,877 - INFO - Criando cabeçalho COM logo
2025-10-25 10:31:54,877 - INFO - Informações do cliente adicionadas com sucesso
2025-10-25 10:31:54,877 - INFO - === CABEÇALHO CONCLUÍDO COM SUCESSO ===
2025-10-25 10:31:54,877 - INFO - Iniciando adição de detalhes ao relatório
2025-10-25 10:31:54,954 - INFO - Detalhes adicionados com sucesso
2025-10-25 10:31:55,101 - INFO - 🗑️ PDF temporário agendado para remoção: PREVIEW_BRUNO_SANTANA_RINALDI_20251025_103102.pdf
2025-10-25 10:31:57,124 - WARNING - Aviso: Não foi possível remover arquivo temporário: [WinError 32] O arquivo já está sendo usado por outro processo: 'C:\\Users\\Obras\\AppData\\Local\\Temp\\PREVIEW_BRUNO_SANTANA_RINALDI_20251025_103102.pdf'
2025-10-25 10:34:28,493 - INFO - Solicitado retorno ao menu principal
2025-10-25 10:34:28,493 - INFO - Retornando ao menu principal existente
2025-10-25 10:34:28,595 - INFO - Retorno ao menu principal concluído
2025-10-25 10:34:31,233 - INFO - Saída confirmada, finalizando sistema
2025-10-25 10:34:31,305 - INFO - Ação concluída: Gerar relatório
2025-10-25 10:37:57,539 - INFO - Carregando clientes de: C:\Users\Obras\sistema_gestao_testes\testes\Financeiro\Planilhas_Base\clientes.xlsx
2025-10-25 10:37:57,613 - INFO - Colunas disponíveis: ['Nome', 'Endereço', 'Data Inicial', 'Observações', 'Data Final', 'Tipo Taxa']
2025-10-25 10:37:57,629 - INFO - Coluna de status: Data Final
2025-10-25 10:37:57,641 - INFO - Coluna de nome: Nome
2025-10-25 10:37:57,642 - INFO - Total de clientes ativos encontrados: 14
2025-10-25 10:37:57,643 - INFO - Lista de clientes atualizada com 15 clientes
2025-10-25 10:37:57,667 - INFO - 🎉 SISTEMA INTEGRADO INICIADO COM SUCESSO!
2025-10-25 10:37:57,667 - INFO - Carregando clientes de: C:\Users\Obras\sistema_gestao_testes\testes\Financeiro\Planilhas_Base\clientes.xlsx
2025-10-25 10:37:57,688 - INFO - Colunas disponíveis: ['Nome', 'Endereço', 'Data Inicial', 'Observações', 'Data Final', 'Tipo Taxa']
2025-10-25 10:37:57,688 - INFO - Coluna de status: Data Final
2025-10-25 10:37:57,688 - INFO - Coluna de nome: Nome
2025-10-25 10:37:57,688 - INFO - Total de clientes ativos encontrados: 14
2025-10-25 10:37:57,695 - INFO - Lista de clientes carregada com 15 itens
2025-10-25 10:37:58,828 - INFO - Data calculada automaticamente: 05/11/2025
2025-10-25 10:37:58,828 - INFO - Data calculada automaticamente: 05/11/2025
2025-10-25 10:38:02,104 - INFO - Cliente selecionado: BRUNO SANTANA RINALDI
2025-10-25 10:38:02,104 - INFO - Arquivo encontrado: C:\Users\Obras\sistema_gestao_testes\testes\Financeiro\Clientes\BRUNO SANTANA RINALDI.xlsx
2025-10-25 10:38:02,119 - INFO - Arquivo encontrado: C:\Users\Obras\sistema_gestao_testes\testes\Financeiro\Clientes\BRUNO SANTANA RINALDI.xlsx
2025-10-25 10:38:05,653 - INFO - 🔍 INICIANDO gerar_relatorio para: despesas
2025-10-25 10:38:05,654 - INFO - 🎯 PROCESSANDO: Relatório de despesas
2025-10-25 10:38:05,655 - INFO - 🎯 PROCESSANDO DESPESAS - ARQUITETURA LIMPA
2025-10-25 10:38:05,656 - INFO - Data final obtida: 2025-11-05 00:00:00 (tipo: <class 'datetime.datetime'>)
2025-10-25 10:38:05,657 - INFO - ✅ Arquivo encontrado em arquivo_cliente_selecionado: C:\Users\Obras\sistema_gestao_testes\testes\Financeiro\Clientes\BRUNO SANTANA RINALDI.xlsx
2025-10-25 10:38:05,657 - INFO - ✅ Arquivo final nas configurações: C:\Users\Obras\sistema_gestao_testes\testes\Financeiro\Clientes\BRUNO SANTANA RINALDI.xlsx
2025-10-25 10:38:05,658 - INFO - ✅ Configurações coletadas
2025-10-25 10:38:05,658 - INFO - ✅ Arquivo confirmado: BRUNO SANTANA RINALDI.xlsx
2025-10-25 10:38:07,488 - INFO - Modo selecionado: Preview
2025-10-25 10:38:07,488 - INFO - 🎯 EXECUTANDO COM PREVIEW DIRETO - PDF TEMPORÁRIO
2025-10-25 10:38:07,764 - INFO - df_filtrado final: 14 registros
2025-10-25 10:38:07,765 - INFO - Colunas finais do df_filtrado: ['DATA_REL', 'TP_DESP', 'CNPJ_CPF', 'NOME', 'REFERÊNCIA', 'NF', 'VR_UNIT', 'DIAS', 'VALOR', 'DT_VENCTO', 'CATEGORIA', 'DADOS_BANCARIOS', 'OBSERVAÇÃO', 'STATUS', 'ID_LANCAMENTO', 'HISTORICO_ALTERACAO', 'ETAPA_OBRA', 'INSUMO']
2025-10-25 10:38:07,766 - INFO - Tipos de despesa únicos: [2.0 3.0 4.0 7.0 5.0]
2025-10-25 10:38:07,791 - INFO - Processados 6 lançamentos futuros
2025-10-25 10:38:08,043 - INFO - 
Obtendo número do relatório para data 2025-11-05 00:00:00
2025-10-25 10:38:08,043 - INFO - Número do relatório calculado: 16
2025-10-25 10:38:08,043 - INFO - Calculando acumulado para data 2025-11-05 00:00:00
2025-10-25 10:38:08,043 - INFO - Acumulado - registros após filtrar excluídos: 279
2025-10-25 10:38:08,061 - INFO - Valor acumulado calculado (apenas ativos): 1,050,156.84
2025-10-25 10:38:08,065 - INFO - 🔧 GERANDO PDF TEMPORÁRIO COM ORDENAÇÕES PRESERVADAS
2025-10-25 10:38:08,068 - INFO - 📄 Criando PDF temporário: PREVIEW_BRUNO_SANTANA_RINALDI_20251025_103808.pdf
2025-10-25 10:38:08,071 - INFO - === INICIANDO ADIÇÃO DO CABEÇALHO ===
2025-10-25 10:38:08,072 - INFO - Tentando carregar logo: C:\Users\Obras\Documents\GitHub\Sistema-Financeiro\src\logo1.png
2025-10-25 10:38:08,075 - INFO - Logo carregada com sucesso!
2025-10-25 10:38:08,085 - INFO - Criando cabeçalho COM logo
2025-10-25 10:38:08,089 - INFO - Informações do cliente adicionadas com sucesso
2025-10-25 10:38:08,090 - INFO - === CABEÇALHO CONCLUÍDO COM SUCESSO ===
2025-10-25 10:38:08,095 - INFO - Iniciando adição de detalhes ao relatório
2025-10-25 10:38:08,206 - INFO - Detalhes adicionados com sucesso
2025-10-25 10:38:08,443 - INFO - ✅ PDF temporário gerado: C:\Users\Obras\AppData\Local\Temp\PREVIEW_BRUNO_SANTANA_RINALDI_20251025_103808.pdf
2025-10-25 10:38:08,443 - INFO - ✅ PDF temporário válido: 51,019 bytes
2025-10-25 10:38:08,703 - INFO - ✅ Janela de decisão criada
2025-10-25 10:38:31,992 - INFO - 🗑️ PDF temporário agendado para remoção: PREVIEW_BRUNO_SANTANA_RINALDI_20251025_103808.pdf
2025-10-25 10:38:33,172 - INFO - Solicitado retorno ao menu principal
2025-10-25 10:38:33,172 - INFO - Retornando ao menu principal existente
2025-10-25 10:38:33,309 - INFO - Retorno ao menu principal concluído
2025-10-25 10:38:36,134 - INFO - Saída confirmada, finalizando sistema
2025-10-25 10:38:36,176 - INFO - Ação concluída: Gerar relatório
2025-10-25 10:39:59,230 - INFO - Carregando clientes de: C:\Users\Obras\sistema_gestao_testes\testes\Financeiro\Planilhas_Base\clientes.xlsx
2025-10-25 10:39:59,285 - INFO - Colunas disponíveis: ['Nome', 'Endereço', 'Data Inicial', 'Observações', 'Data Final', 'Tipo Taxa']
2025-10-25 10:39:59,286 - INFO - Coluna de status: Data Final
2025-10-25 10:39:59,288 - INFO - Coluna de nome: Nome
2025-10-25 10:39:59,289 - INFO - Total de clientes ativos encontrados: 14
2025-10-25 10:39:59,290 - INFO - Lista de clientes atualizada com 15 clientes
2025-10-25 10:39:59,319 - INFO - 🎉 SISTEMA INTEGRADO INICIADO COM SUCESSO!
2025-10-25 10:39:59,320 - INFO - Carregando clientes de: C:\Users\Obras\sistema_gestao_testes\testes\Financeiro\Planilhas_Base\clientes.xlsx
2025-10-25 10:39:59,336 - INFO - Colunas disponíveis: ['Nome', 'Endereço', 'Data Inicial', 'Observações', 'Data Final', 'Tipo Taxa']
2025-10-25 10:39:59,337 - INFO - Coluna de status: Data Final
2025-10-25 10:39:59,340 - INFO - Coluna de nome: Nome
2025-10-25 10:39:59,341 - INFO - Total de clientes ativos encontrados: 14
2025-10-25 10:39:59,342 - INFO - Lista de clientes carregada com 15 itens
2025-10-25 10:40:01,038 - INFO - Data calculada automaticamente: 05/11/2025
2025-10-25 10:40:01,038 - INFO - Data calculada automaticamente: 05/11/2025
2025-10-25 10:40:05,145 - INFO - Cliente selecionado: BRUNO SANTANA RINALDI
2025-10-25 10:40:05,145 - INFO - Arquivo encontrado: C:\Users\Obras\sistema_gestao_testes\testes\Financeiro\Clientes\BRUNO SANTANA RINALDI.xlsx
2025-10-25 10:40:05,145 - INFO - Arquivo encontrado: C:\Users\Obras\sistema_gestao_testes\testes\Financeiro\Clientes\BRUNO SANTANA RINALDI.xlsx
2025-10-25 10:40:22,285 - INFO - Notas salvas: 278 caracteres
2025-10-25 10:40:26,776 - INFO - 🔍 INICIANDO gerar_relatorio para: despesas
2025-10-25 10:40:26,776 - INFO - 🎯 PROCESSANDO: Relatório de despesas
2025-10-25 10:40:26,776 - INFO - 🎯 PROCESSANDO DESPESAS - ARQUITETURA LIMPA
2025-10-25 10:40:26,776 - INFO - Data final obtida: 2025-11-05 00:00:00 (tipo: <class 'datetime.datetime'>)
2025-10-25 10:40:26,776 - INFO - ✅ Arquivo encontrado em arquivo_cliente_selecionado: C:\Users\Obras\sistema_gestao_testes\testes\Financeiro\Clientes\BRUNO SANTANA RINALDI.xlsx
2025-10-25 10:40:26,791 - INFO - ✅ Arquivo final nas configurações: C:\Users\Obras\sistema_gestao_testes\testes\Financeiro\Clientes\BRUNO SANTANA RINALDI.xlsx
2025-10-25 10:40:26,791 - INFO - ✅ Configurações coletadas
2025-10-25 10:40:26,791 - INFO - ✅ Arquivo confirmado: BRUNO SANTANA RINALDI.xlsx
2025-10-25 10:40:28,789 - INFO - Modo selecionado: Preview
2025-10-25 10:40:28,789 - INFO - 🎯 EXECUTANDO COM PREVIEW DIRETO - PDF TEMPORÁRIO
2025-10-25 10:40:29,052 - INFO - df_filtrado final: 14 registros
2025-10-25 10:40:29,053 - INFO - Colunas finais do df_filtrado: ['DATA_REL', 'TP_DESP', 'CNPJ_CPF', 'NOME', 'REFERÊNCIA', 'NF', 'VR_UNIT', 'DIAS', 'VALOR', 'DT_VENCTO', 'CATEGORIA', 'DADOS_BANCARIOS', 'OBSERVAÇÃO', 'STATUS', 'ID_LANCAMENTO', 'HISTORICO_ALTERACAO', 'ETAPA_OBRA', 'INSUMO']
2025-10-25 10:40:29,054 - INFO - Tipos de despesa únicos: [2.0 3.0 4.0 7.0 5.0]
2025-10-25 10:40:29,074 - INFO - Processados 6 lançamentos futuros
2025-10-25 10:40:29,320 - INFO - 
Obtendo número do relatório para data 2025-11-05 00:00:00
2025-10-25 10:40:29,320 - INFO - Número do relatório calculado: 16
2025-10-25 10:40:29,320 - INFO - Calculando acumulado para data 2025-11-05 00:00:00
2025-10-25 10:40:29,320 - INFO - Acumulado - registros após filtrar excluídos: 279
2025-10-25 10:40:29,338 - INFO - Valor acumulado calculado (apenas ativos): 1,050,156.84
2025-10-25 10:40:29,342 - INFO - 🔧 GERANDO PDF TEMPORÁRIO COM ORDENAÇÕES PRESERVADAS
2025-10-25 10:40:29,345 - INFO - 📄 Criando PDF temporário: PREVIEW_BRUNO_SANTANA_RINALDI_20251025_104029.pdf
2025-10-25 10:40:29,348 - INFO - === INICIANDO ADIÇÃO DO CABEÇALHO ===
2025-10-25 10:40:29,349 - INFO - Tentando carregar logo: C:\Users\Obras\Documents\GitHub\Sistema-Financeiro\src\logo1.png
2025-10-25 10:40:29,350 - INFO - Logo carregada com sucesso!
2025-10-25 10:40:29,351 - INFO - Criando cabeçalho COM logo
2025-10-25 10:40:29,356 - INFO - Informações do cliente adicionadas com sucesso
2025-10-25 10:40:29,357 - INFO - === CABEÇALHO CONCLUÍDO COM SUCESSO ===
2025-10-25 10:40:29,371 - INFO - Iniciando adição de detalhes ao relatório
2025-10-25 10:40:29,455 - INFO - Detalhes adicionados com sucesso
2025-10-25 10:40:29,508 - INFO - Adicionando notas ao relatório (278 caracteres)
2025-10-25 10:40:29,509 - INFO - Notas adicionadas com sucesso
2025-10-25 10:40:29,634 - INFO - ✅ PDF temporário gerado: C:\Users\Obras\AppData\Local\Temp\PREVIEW_BRUNO_SANTANA_RINALDI_20251025_104029.pdf
2025-10-25 10:40:29,635 - INFO - ✅ PDF temporário válido: 51,853 bytes
2025-10-25 10:40:29,870 - INFO - ✅ Janela de decisão criada
2025-10-25 10:40:52,231 - ERROR - Erro ao atualizar progresso: 'Toplevel' object has no attribute 'percent_label'
2025-10-25 10:40:52,231 - INFO - === INICIANDO ADIÇÃO DO CABEÇALHO ===
2025-10-25 10:40:52,231 - INFO - Tentando carregar logo: C:\Users\Obras\Documents\GitHub\Sistema-Financeiro\src\logo1.png
2025-10-25 10:40:52,269 - INFO - Logo carregada com sucesso!
2025-10-25 10:40:52,271 - INFO - Criando cabeçalho COM logo
2025-10-25 10:40:52,274 - INFO - Informações do cliente adicionadas com sucesso
2025-10-25 10:40:52,277 - INFO - === CABEÇALHO CONCLUÍDO COM SUCESSO ===
2025-10-25 10:40:52,295 - INFO - Iniciando adição de detalhes ao relatório
2025-10-25 10:40:52,394 - INFO - Detalhes adicionados com sucesso
2025-10-25 10:40:52,438 - INFO - Adicionando notas ao relatório (278 caracteres)
2025-10-25 10:40:52,438 - INFO - Notas adicionadas com sucesso
2025-10-25 10:40:52,577 - INFO - 🗑️ PDF temporário agendado para remoção: PREVIEW_BRUNO_SANTANA_RINALDI_20251025_104029.pdf
2025-10-25 10:40:54,584 - WARNING - Aviso: Não foi possível remover arquivo temporário: [WinError 32] O arquivo já está sendo usado por outro processo: 'C:\\Users\\Obras\\AppData\\Local\\Temp\\PREVIEW_BRUNO_SANTANA_RINALDI_20251025_104029.pdf'
2025-10-25 10:41:09,387 - INFO - Solicitado retorno ao menu principal
2025-10-25 10:41:09,402 - INFO - Retornando ao menu principal existente
2025-10-25 10:41:09,503 - INFO - Retorno ao menu principal concluído
2025-10-25 10:41:13,363 - INFO - Saída confirmada, finalizando sistema
2025-10-25 10:41:13,421 - INFO - Ação concluída: Gerar relatório
2025-10-25 10:42:52,033 - INFO - Carregando clientes de: C:\Users\Obras\sistema_gestao_testes\testes\Financeiro\Planilhas_Base\clientes.xlsx
2025-10-25 10:42:52,154 - INFO - Colunas disponíveis: ['Nome', 'Endereço', 'Data Inicial', 'Observações', 'Data Final', 'Tipo Taxa']
2025-10-25 10:42:52,155 - INFO - Coluna de status: Data Final
2025-10-25 10:42:52,160 - INFO - Coluna de nome: Nome
2025-10-25 10:42:52,160 - INFO - Total de clientes ativos encontrados: 14
2025-10-25 10:42:52,173 - INFO - Lista de clientes atualizada com 15 clientes
2025-10-25 10:42:52,193 - INFO - 🎉 SISTEMA INTEGRADO INICIADO COM SUCESSO!
2025-10-25 10:42:52,193 - INFO - Carregando clientes de: C:\Users\Obras\sistema_gestao_testes\testes\Financeiro\Planilhas_Base\clientes.xlsx
2025-10-25 10:42:52,231 - INFO - Colunas disponíveis: ['Nome', 'Endereço', 'Data Inicial', 'Observações', 'Data Final', 'Tipo Taxa']
2025-10-25 10:42:52,232 - INFO - Coluna de status: Data Final
2025-10-25 10:42:52,234 - INFO - Coluna de nome: Nome
2025-10-25 10:42:52,236 - INFO - Total de clientes ativos encontrados: 14
2025-10-25 10:42:52,236 - INFO - Lista de clientes carregada com 15 itens
2025-10-25 10:42:53,546 - INFO - Data calculada automaticamente: 05/11/2025
2025-10-25 10:42:53,546 - INFO - Data calculada automaticamente: 05/11/2025
2025-10-25 10:42:59,304 - INFO - Cliente selecionado: BRUNO SANTANA RINALDI
2025-10-25 10:42:59,304 - INFO - Arquivo encontrado: C:\Users\Obras\sistema_gestao_testes\testes\Financeiro\Clientes\BRUNO SANTANA RINALDI.xlsx
2025-10-25 10:42:59,320 - INFO - Arquivo encontrado: C:\Users\Obras\sistema_gestao_testes\testes\Financeiro\Clientes\BRUNO SANTANA RINALDI.xlsx
2025-10-25 10:43:58,536 - INFO - Cliente selecionado: CLEVER LUIZ SALVADOR
2025-10-25 10:43:58,536 - INFO - Arquivo encontrado: C:\Users\Obras\sistema_gestao_testes\testes\Financeiro\Clientes\CLEVER LUIZ SALVADOR.xlsx
2025-10-25 10:43:58,536 - INFO - Arquivo encontrado: C:\Users\Obras\sistema_gestao_testes\testes\Financeiro\Clientes\CLEVER LUIZ SALVADOR.xlsx
2025-10-25 10:44:03,594 - INFO - Cliente selecionado: GILMAR ALMEIDA PORTUGAL
2025-10-25 10:44:03,594 - INFO - Arquivo encontrado: C:\Users\Obras\sistema_gestao_testes\testes\Financeiro\Clientes\GILMAR ALMEIDA PORTUGAL.xlsx
2025-10-25 10:44:03,594 - INFO - Arquivo encontrado: C:\Users\Obras\sistema_gestao_testes\testes\Financeiro\Clientes\GILMAR ALMEIDA PORTUGAL.xlsx
2025-10-25 10:44:39,855 - INFO - Solicitado retorno ao menu principal
2025-10-25 10:44:39,855 - INFO - Retornando ao menu principal existente
2025-10-25 10:44:39,963 - INFO - Retorno ao menu principal concluído
2025-10-25 10:44:43,213 - INFO - Saída confirmada, finalizando sistema
2025-10-25 10:44:43,269 - INFO - Ação concluída: Gerar relatório
2025-10-25 10:47:45,721 - INFO - Carregando clientes de: C:\Users\Obras\sistema_gestao_testes\testes\Financeiro\Planilhas_Base\clientes.xlsx
2025-10-25 10:47:45,783 - INFO - Colunas disponíveis: ['Nome', 'Endereço', 'Data Inicial', 'Observações', 'Data Final', 'Tipo Taxa']
2025-10-25 10:47:45,784 - INFO - Coluna de status: Data Final
2025-10-25 10:47:45,788 - INFO - Coluna de nome: Nome
2025-10-25 10:47:45,789 - INFO - Total de clientes ativos encontrados: 14
2025-10-25 10:47:45,790 - INFO - Lista de clientes atualizada com 15 clientes
2025-10-25 10:47:45,814 - INFO - 🎉 SISTEMA INTEGRADO INICIADO COM SUCESSO!
2025-10-25 10:47:45,814 - INFO - Carregando clientes de: C:\Users\Obras\sistema_gestao_testes\testes\Financeiro\Planilhas_Base\clientes.xlsx
2025-10-25 10:47:45,832 - INFO - Colunas disponíveis: ['Nome', 'Endereço', 'Data Inicial', 'Observações', 'Data Final', 'Tipo Taxa']
2025-10-25 10:47:45,839 - INFO - Coluna de status: Data Final
2025-10-25 10:47:45,841 - INFO - Coluna de nome: Nome
2025-10-25 10:47:45,841 - INFO - Total de clientes ativos encontrados: 14
2025-10-25 10:47:45,841 - INFO - Lista de clientes carregada com 15 itens
2025-10-25 10:47:46,752 - INFO - Data calculada automaticamente: 05/11/2025
2025-10-25 10:47:46,752 - INFO - Data calculada automaticamente: 05/11/2025
2025-10-25 10:47:50,372 - INFO - Cliente selecionado: BRUNO SANTANA RINALDI
2025-10-25 10:47:50,372 - INFO - Arquivo encontrado: C:\Users\Obras\sistema_gestao_testes\testes\Financeiro\Clientes\BRUNO SANTANA RINALDI.xlsx
2025-10-25 10:47:50,372 - INFO - Arquivo encontrado: C:\Users\Obras\sistema_gestao_testes\testes\Financeiro\Clientes\BRUNO SANTANA RINALDI.xlsx
2025-10-25 10:48:23,839 - INFO - Solicitado retorno ao menu principal
2025-10-25 10:48:23,839 - INFO - Retornando ao menu principal existente
2025-10-25 10:48:23,947 - INFO - Retorno ao menu principal concluído
2025-10-25 10:48:28,532 - INFO - Saída confirmada, finalizando sistema
2025-10-25 10:48:28,598 - INFO - Ação concluída: Gerar relatório
