2025-05-28 15:25:26,789 - INFO - Iniciando RelatorioUI
2025-05-28 15:25:27,713 - INFO - Iniciando configuração da interface
2025-05-28 15:29:03,989 - INFO - Iniciando RelatorioUI
2025-05-28 15:29:04,119 - INFO - Iniciando configuração da interface
2025-05-28 15:29:04,179 - INFO - Interface configurada com sucesso
2025-05-28 15:29:37,218 - INFO - Iniciando geração de relatório para arquivo: H:/.shortcut-targets-by-id/195uuohIL_ZKum7lhwu-OzJCH_CGAb97G/Relatórios/Financeiro/Clientes/BRUNO SANTANA RINALDI.xlsx
2025-05-28 15:29:37,897 - INFO - 
Obtendo número do relatório para data 2025-06-05 00:00:00
2025-05-28 15:29:37,898 - INFO - Número do relatório calculado: 6
2025-05-28 15:29:37,899 - INFO - Calculando acumulado para data 2025-06-05 00:00:00
2025-05-28 15:29:37,914 - INFO - Valor acumulado calculado (apenas ativos): 691,344.99
2025-05-28 15:29:37,915 - INFO - Número do relatório: 6
2025-05-28 15:29:37,915 - INFO - Valor acumulado calculado: 691,344.99
2025-05-28 15:29:37,929 - INFO - Iniciando adição de detalhes ao relatório
2025-05-28 15:29:38,101 - INFO - Detalhes adicionados com sucesso
2025-05-28 15:31:36,649 - INFO - Iniciando geração de relatório para arquivo: H:/.shortcut-targets-by-id/195uuohIL_ZKum7lhwu-OzJCH_CGAb97G/Relatórios/Financeiro/Clientes/BRUNO SANTANA RINALDI.xlsx
2025-05-28 15:31:37,141 - INFO - 
Obtendo número do relatório para data 2025-06-05 00:00:00
2025-05-28 15:31:37,143 - INFO - Número do relatório calculado: 6
2025-05-28 15:31:37,144 - INFO - Calculando acumulado para data 2025-06-05 00:00:00
2025-05-28 15:31:37,156 - INFO - Valor acumulado calculado (apenas ativos): 691,344.99
2025-05-28 15:31:37,156 - INFO - Número do relatório: 6
2025-05-28 15:31:37,157 - INFO - Valor acumulado calculado: 691,344.99
2025-05-28 15:31:37,169 - INFO - Iniciando adição de detalhes ao relatório
2025-05-28 15:31:37,261 - INFO - Detalhes adicionados com sucesso
2025-05-28 17:46:25,416 - INFO - Iniciando RelatorioUI
2025-05-28 17:46:25,604 - INFO - Iniciando configuração da interface
2025-05-28 17:46:25,666 - INFO - Interface configurada com sucesso
2025-05-28 17:46:46,216 - INFO - Iniciando geração de relatório para arquivo: H:/.shortcut-targets-by-id/195uuohIL_ZKum7lhwu-OzJCH_CGAb97G/Relatórios/Financeiro/Clientes/BRUNO SANTANA RINALDI.xlsx
2025-05-28 17:46:46,218 - INFO - Incluir excluídos: True
2025-05-28 17:46:46,218 - ERROR - Erro ao gerar relatório: RelatorioHandler.carregar_dados_excel() takes 2 positional arguments but 3 were given
Traceback (most recent call last):
  File "c:\Users\Obras\Documents\GitHub\Sistema-Financeiro\src\relatorio_despesas_aprimorado1.py", line 225, in gerar_relatorio
    df = self.handler.carregar_dados_excel(self.arquivo_path, incluir_excluidos)
         ^^^^^^^^^^^^^^^^^^^^^^^^^^^^^^^^^^^^^^^^^^^^^^^^^^^^^^^^^^^^^^^^^^^^^^^
TypeError: RelatorioHandler.carregar_dados_excel() takes 2 positional arguments but 3 were given
2025-05-28 18:02:12,573 - INFO - Iniciando RelatorioUI
2025-05-28 18:02:12,750 - INFO - Iniciando configuração da interface
2025-05-28 18:02:12,809 - INFO - Interface configurada com sucesso
2025-05-28 18:02:32,013 - INFO - Iniciando geração de relatório para arquivo: H:/.shortcut-targets-by-id/195uuohIL_ZKum7lhwu-OzJCH_CGAb97G/Relatórios/Financeiro/Clientes/BRUNO SANTANA RINALDI.xlsx
2025-05-28 18:02:32,015 - INFO - Incluir excluídos: True
2025-05-28 18:02:32,591 - INFO - 
Obtendo número do relatório para data 2025-06-05 00:00:00
2025-05-28 18:02:32,592 - INFO - Número do relatório calculado: 6
2025-05-28 18:02:32,592 - INFO - Calculando acumulado para data 2025-06-05 00:00:00
2025-05-28 18:02:32,593 - INFO - Acumulado - incluindo todos os registros: 167
2025-05-28 18:02:32,609 - INFO - Valor acumulado calculado (incluindo excluídos): 691,344.99
2025-05-28 18:02:32,611 - INFO - Número do relatório: 6
2025-05-28 18:02:32,612 - INFO - Valor acumulado calculado: 691,344.99
2025-05-28 18:02:32,620 - INFO - Iniciando adição de detalhes ao relatório
2025-05-28 18:02:32,720 - INFO - Detalhes adicionados com sucesso
