2025-07-03 15:53:12,992 - INFO - Iniciando relatório de despesas - versão final
2025-07-03 15:53:23,723 - INFO - Iniciando RelatorioUI
2025-07-03 15:53:23,738 - INFO - Iniciando configuração da interface
2025-07-03 15:53:23,792 - INFO - Interface configurada com sucesso
2025-07-03 15:53:23,807 - INFO - Configurações aplicadas na interface integrada
2025-07-03 15:53:29,459 - INFO - Iniciando geração de relatório para arquivo: C:/Users/Obras/sistema_gestao_testes/testes/Financeiro/Clientes/FRANCISCO JOSE TOLENTINO BRANDAO.xlsx
2025-07-03 15:53:29,459 - INFO - Incluir excluídos: False
2025-07-03 15:53:29,918 - INFO - 
Obtendo número do relatório para data 2025-07-05 00:00:00
2025-07-03 15:53:29,918 - INFO - Número do relatório calculado: 91
2025-07-03 15:53:29,918 - INFO - Calculando acumulado para data 2025-07-05 00:00:00
2025-07-03 15:53:29,918 - INFO - Acumulado - registros após filtrar excluídos: 190
2025-07-03 15:53:29,944 - INFO - Valor acumulado calculado (apenas ativos): 7,063,544.38
2025-07-03 15:53:29,944 - INFO - Número do relatório: 91
2025-07-03 15:53:29,944 - INFO - Valor acumulado calculado: 7,063,544.38
2025-07-03 15:53:34,358 - INFO - === INICIANDO ADIÇÃO DO CABEÇALHO ===
2025-07-03 15:53:34,358 - INFO - Tentando carregar logo: c:\Users\Obras\Documents\GitHub\Sistema-Financeiro\src\logo1.png
2025-07-03 15:53:34,358 - INFO - Logo carregada com sucesso!
2025-07-03 15:53:34,358 - INFO - Criando cabeçalho COM logo
2025-07-03 15:53:34,358 - INFO - Informações do cliente adicionadas com sucesso
2025-07-03 15:53:34,358 - INFO - === CABEÇALHO CONCLUÍDO COM SUCESSO ===
2025-07-03 15:53:34,365 - ERROR - Erro na geração do relatório: 'TP_DESP'
Traceback (most recent call last):
  File "c:\Users\Obras\Documents\GitHub\Sistema-Financeiro\src\relatorio_despesas_aprimorado.py", line 1915, in gerar_relatorio_pdf
    tabela_subtotais, tabela_totais = self.criar_resumo_despesas(dados_pdf)
                                      ^^^^^^^^^^^^^^^^^^^^^^^^^^^^^^^^^^^^^
  File "c:\Users\Obras\Documents\GitHub\Sistema-Financeiro\src\relatorio_despesas_aprimorado.py", line 1567, in criar_resumo_despesas
    df_tipo = dados['df_filtrado'][dados['df_filtrado']['TP_DESP'] == tipo]
                                   ~~~~~~~~~~~~~~~~~~~~^^^^^^^^^^^
  File "C:\Users\Obras\AppData\Local\Programs\Python\Python312\Lib\site-packages\pandas\core\frame.py", line 4102, in __getitem__
    indexer = self.columns.get_loc(key)
              ^^^^^^^^^^^^^^^^^^^^^^^^^
  File "C:\Users\Obras\AppData\Local\Programs\Python\Python312\Lib\site-packages\pandas\core\indexes\range.py", line 417, in get_loc
    raise KeyError(key)
KeyError: 'TP_DESP'
2025-07-03 15:53:56,680 - INFO - === INICIANDO ADIÇÃO DO CABEÇALHO ===
2025-07-03 15:53:56,680 - INFO - Tentando carregar logo: c:\Users\Obras\Documents\GitHub\Sistema-Financeiro\src\logo1.png
2025-07-03 15:53:56,680 - INFO - Logo carregada com sucesso!
2025-07-03 15:53:56,680 - INFO - Criando cabeçalho COM logo
2025-07-03 15:53:56,696 - INFO - Informações do cliente adicionadas com sucesso
2025-07-03 15:53:56,696 - INFO - === CABEÇALHO CONCLUÍDO COM SUCESSO ===
2025-07-03 15:53:56,696 - ERROR - Erro na geração do relatório: 'TP_DESP'
Traceback (most recent call last):
  File "c:\Users\Obras\Documents\GitHub\Sistema-Financeiro\src\relatorio_despesas_aprimorado.py", line 1915, in gerar_relatorio_pdf
    tabela_subtotais, tabela_totais = self.criar_resumo_despesas(dados_pdf)
                                      ^^^^^^^^^^^^^^^^^^^^^^^^^^^^^^^^^^^^^
  File "c:\Users\Obras\Documents\GitHub\Sistema-Financeiro\src\relatorio_despesas_aprimorado.py", line 1567, in criar_resumo_despesas
    df_tipo = dados['df_filtrado'][dados['df_filtrado']['TP_DESP'] == tipo]
                                   ~~~~~~~~~~~~~~~~~~~~^^^^^^^^^^^
  File "C:\Users\Obras\AppData\Local\Programs\Python\Python312\Lib\site-packages\pandas\core\frame.py", line 4102, in __getitem__
    indexer = self.columns.get_loc(key)
              ^^^^^^^^^^^^^^^^^^^^^^^^^
  File "C:\Users\Obras\AppData\Local\Programs\Python\Python312\Lib\site-packages\pandas\core\indexes\range.py", line 417, in get_loc
    raise KeyError(key)
KeyError: 'TP_DESP'
2025-07-03 16:18:49,742 - INFO - Iniciando relatório de despesas - versão final
2025-07-03 16:18:52,046 - INFO - Iniciando RelatorioUI
2025-07-03 16:18:52,069 - INFO - Iniciando configuração da interface
2025-07-03 16:18:52,134 - INFO - Interface configurada com sucesso
2025-07-03 16:18:52,146 - INFO - Configurações aplicadas na interface integrada
2025-07-03 16:18:57,561 - INFO - Iniciando geração de relatório para arquivo: C:/Users/Obras/sistema_gestao_testes/testes/Financeiro/Clientes/FRANCISCO JOSE TOLENTINO BRANDAO.xlsx
2025-07-03 16:18:57,562 - INFO - Incluir excluídos: False
2025-07-03 16:18:57,716 - INFO - df_filtrado final: 0 registros
2025-07-03 16:18:57,716 - ERROR - Erro ao gerar relatório: 'RelatorioHandler' object has no attribute 'processar_lancamentos_futuros'
Traceback (most recent call last):
  File "c:\Users\Obras\Documents\GitHub\Sistema-Financeiro\src\relatorio_despesas_aprimorado.py", line 262, in gerar_relatorio
    df_futuro = self.handler.processar_lancamentos_futuros(df, data_rel, incluir_excluidos)
                ^^^^^^^^^^^^^^^^^^^^^^^^^^^^^^^^^^^^^^^^^^
AttributeError: 'RelatorioHandler' object has no attribute 'processar_lancamentos_futuros'. Did you mean: 'adicionar_lancamentos_futuros'?
2025-07-03 16:21:10,755 - INFO - Iniciando relatório de despesas - versão final
2025-07-03 16:21:13,151 - INFO - Iniciando RelatorioUI
2025-07-03 16:21:13,154 - INFO - Iniciando configuração da interface
2025-07-03 16:21:13,195 - INFO - Interface configurada com sucesso
2025-07-03 16:21:13,211 - INFO - Configurações aplicadas na interface integrada
2025-07-03 16:21:18,007 - INFO - Iniciando geração de relatório para arquivo: C:/Users/Obras/sistema_gestao_testes/testes/Financeiro/Clientes/FRANCISCO JOSE TOLENTINO BRANDAO.xlsx
2025-07-03 16:21:18,009 - INFO - Incluir excluídos: False
2025-07-03 16:21:18,140 - INFO - df_filtrado final: 0 registros
2025-07-03 16:21:18,141 - ERROR - Erro ao gerar relatório: 'RelatorioHandler' object has no attribute 'processar_lancamentos_futuros'
Traceback (most recent call last):
  File "c:\Users\Obras\Documents\GitHub\Sistema-Financeiro\src\relatorio_despesas_aprimorado.py", line 262, in gerar_relatorio
    df_futuro = self.handler.processar_lancamentos_futuros(df, data_rel, incluir_excluidos)
                ^^^^^^^^^^^^^^^^^^^^^^^^^^^^^^^^^^^^^^^^^^
AttributeError: 'RelatorioHandler' object has no attribute 'processar_lancamentos_futuros'. Did you mean: 'adicionar_lancamentos_futuros'?
2025-07-03 16:23:58,957 - INFO - Iniciando relatório de despesas - versão final
2025-07-03 16:24:01,253 - INFO - Iniciando RelatorioUI
2025-07-03 16:24:01,271 - INFO - Iniciando configuração da interface
2025-07-03 16:24:01,337 - INFO - Interface configurada com sucesso
2025-07-03 16:24:01,341 - INFO - Configurações aplicadas na interface integrada
2025-07-03 16:24:05,486 - INFO - Iniciando geração de relatório para arquivo: C:/Users/Obras/sistema_gestao_testes/testes/Financeiro/Clientes/FRANCISCO JOSE TOLENTINO BRANDAO.xlsx
2025-07-03 16:24:05,487 - INFO - Incluir excluídos: False
2025-07-03 16:24:05,644 - INFO - df_filtrado final: 0 registros
2025-07-03 16:24:05,645 - ERROR - Erro ao gerar relatório: 'RelatorioHandler' object has no attribute 'processar_lancamentos_futuros'
Traceback (most recent call last):
  File "c:\Users\Obras\Documents\GitHub\Sistema-Financeiro\src\relatorio_despesas_aprimorado.py", line 262, in gerar_relatorio
    df_futuro = self.handler.processar_lancamentos_futuros(df, data_rel, incluir_excluidos)
                ^^^^^^^^^^^^^^^^^^^^^^^^^^^^^^^^^^^^^^^^^^
AttributeError: 'RelatorioHandler' object has no attribute 'processar_lancamentos_futuros'. Did you mean: 'adicionar_lancamentos_futuros'?
2025-07-03 16:37:47,804 - INFO - Iniciando relatório de despesas - versão final
2025-07-03 16:37:49,944 - INFO - Iniciando RelatorioUI
2025-07-03 16:37:49,944 - INFO - Iniciando configuração da interface
2025-07-03 16:37:49,990 - INFO - Interface configurada com sucesso
2025-07-03 16:37:49,999 - INFO - Configurações aplicadas na interface integrada
2025-07-03 16:37:54,796 - INFO - Iniciando geração de relatório para arquivo: C:/Users/Obras/sistema_gestao_testes/testes/Financeiro/Clientes/FRANCISCO JOSE TOLENTINO BRANDAO.xlsx
2025-07-03 16:37:54,798 - INFO - Incluir excluídos: False
2025-07-03 16:37:54,969 - INFO - df_filtrado final: 0 registros
2025-07-03 16:37:54,969 - WARNING - Método processar_lancamentos_futuros não encontrado, pulando lançamentos futuros
2025-07-03 16:37:55,097 - INFO - 
Obtendo número do relatório para data 2025-07-05 00:00:00
2025-07-03 16:37:55,099 - INFO - Número do relatório calculado: 91
2025-07-03 16:37:55,099 - INFO - Calculando acumulado para data 2025-07-05 00:00:00
2025-07-03 16:37:55,101 - INFO - Acumulado - registros após filtrar excluídos: 190
2025-07-03 16:37:55,115 - INFO - Valor acumulado calculado (apenas ativos): 7,063,544.38
2025-07-03 16:37:55,115 - INFO - Número do relatório: 91
2025-07-03 16:37:55,116 - INFO - Valor acumulado calculado: 7,063,544.38
2025-07-03 16:37:58,096 - INFO - === INICIANDO ADIÇÃO DO CABEÇALHO ===
2025-07-03 16:37:58,097 - INFO - Tentando carregar logo: c:\Users\Obras\Documents\GitHub\Sistema-Financeiro\src\logo1.png
2025-07-03 16:37:58,097 - INFO - Logo carregada com sucesso!
2025-07-03 16:37:58,098 - INFO - Criando cabeçalho COM logo
2025-07-03 16:37:58,101 - INFO - Informações do cliente adicionadas com sucesso
2025-07-03 16:37:58,101 - INFO - === CABEÇALHO CONCLUÍDO COM SUCESSO ===
2025-07-03 16:37:58,104 - WARNING - df_filtrado vazio ou sem colunas necessárias para tipo 2
2025-07-03 16:37:58,107 - WARNING - df_filtrado vazio ou sem colunas necessárias para tipo 3
2025-07-03 16:37:58,114 - WARNING - df_filtrado vazio ou sem colunas necessárias para tipo 4
2025-07-03 16:37:58,115 - WARNING - df_filtrado vazio ou sem colunas necessárias para tipo 5
2025-07-03 16:37:58,115 - WARNING - df_filtrado vazio ou sem colunas necessárias para tipo 6
2025-07-03 16:37:58,116 - WARNING - df_filtrado vazio ou sem colunas necessárias para tipo 7
2025-07-03 16:37:58,152 - INFO - Iniciando adição de detalhes ao relatório
2025-07-03 16:37:58,318 - ERROR - Erro na geração do relatório: 'TP_DESP'
Traceback (most recent call last):
  File "c:\Users\Obras\Documents\GitHub\Sistema-Financeiro\src\relatorio_despesas_aprimorado.py", line 2126, in gerar_relatorio_pdf
    self.adicionar_detalhes(elementos, dados)
  File "c:\Users\Obras\Documents\GitHub\Sistema-Financeiro\src\relatorio_despesas_aprimorado.py", line 2034, in adicionar_detalhes
    df_tipo = dados['df_filtrado'][dados['df_filtrado']['TP_DESP'] == tipo]
                                   ~~~~~~~~~~~~~~~~~~~~^^^^^^^^^^^
  File "C:\Users\Obras\AppData\Local\Programs\Python\Python312\Lib\site-packages\pandas\core\frame.py", line 4102, in __getitem__
    indexer = self.columns.get_loc(key)
              ^^^^^^^^^^^^^^^^^^^^^^^^^
  File "C:\Users\Obras\AppData\Local\Programs\Python\Python312\Lib\site-packages\pandas\core\indexes\range.py", line 417, in get_loc
    raise KeyError(key)
KeyError: 'TP_DESP'
2025-07-03 16:43:30,516 - INFO - Sistema de logging inicializado
2025-07-03 16:43:30,518 - INFO - Usuário alterado para: sistema_relatorios
2025-07-03 16:43:30,519 - INFO - Sistema de relatórios inicializando usando logger configurado
2025-07-03 16:43:30,520 - INFO - Configurações de janela importadas com sucesso
2025-07-03 16:43:30,521 - INFO - === Sistema de Relatórios Inicializando ===
2025-07-03 16:43:30,848 - INFO - Carregando clientes de: C:\Users\Obras\sistema_gestao_testes\testes\Financeiro\Planilhas_Base\clientes.xlsx
2025-07-03 16:43:30,894 - INFO - Colunas disponíveis: ['Nome', 'Endereço', 'Data Inicial', 'Observações', 'Data Final']
2025-07-03 16:43:30,895 - INFO - Coluna de status: Data Final
2025-07-03 16:43:30,897 - INFO - Coluna de nome: Nome
2025-07-03 16:43:30,898 - INFO - Total de clientes ativos encontrados: 14
2025-07-03 16:43:30,899 - INFO - Lista de clientes atualizada com 15 clientes
2025-07-03 16:43:30,932 - INFO - Carregando clientes de: C:\Users\Obras\sistema_gestao_testes\testes\Financeiro\Planilhas_Base\clientes.xlsx
2025-07-03 16:43:30,946 - INFO - Colunas disponíveis: ['Nome', 'Endereço', 'Data Inicial', 'Observações', 'Data Final']
2025-07-03 16:43:30,947 - INFO - Coluna de status: Data Final
2025-07-03 16:43:30,949 - INFO - Coluna de nome: Nome
2025-07-03 16:43:30,951 - INFO - Total de clientes ativos encontrados: 14
2025-07-03 16:43:30,951 - INFO - Lista de clientes carregada com 15 itens
2025-07-03 16:43:33,612 - INFO - Data calculada automaticamente: 05/07/2025
2025-07-03 16:43:33,613 - INFO - Data calculada automaticamente: 05/07/2025
2025-07-03 16:43:39,241 - INFO - Arquivo selecionado: C:/Users/Obras/sistema_gestao_testes/testes/Financeiro/Clientes/FRANCISCO JOSE TOLENTINO BRANDAO.xlsx
2025-07-03 16:43:41,510 - INFO - Iniciando relatório de despesas - versão final
2025-07-03 16:43:43,586 - INFO - Iniciando RelatorioUI
2025-07-03 16:43:43,594 - INFO - Iniciando configuração da interface
2025-07-03 16:43:43,658 - INFO - Interface configurada com sucesso
2025-07-03 16:43:43,663 - INFO - Configurações aplicadas na interface integrada
2025-07-03 16:43:47,672 - INFO - Iniciando geração de relatório para arquivo: C:/Users/Obras/sistema_gestao_testes/testes/Financeiro/Clientes/FRANCISCO JOSE TOLENTINO BRANDAO.xlsx
2025-07-03 16:43:47,673 - INFO - Incluir excluídos: False
2025-07-03 16:43:47,800 - INFO - df_filtrado final: 0 registros
2025-07-03 16:43:47,801 - WARNING - Método processar_lancamentos_futuros não encontrado, pulando lançamentos futuros
2025-07-03 16:43:47,930 - INFO - 
Obtendo número do relatório para data 2025-07-05 00:00:00
2025-07-03 16:43:47,931 - INFO - Número do relatório calculado: 91
2025-07-03 16:43:47,931 - INFO - Calculando acumulado para data 2025-07-05 00:00:00
2025-07-03 16:43:47,933 - INFO - Acumulado - registros após filtrar excluídos: 190
2025-07-03 16:43:47,944 - INFO - Valor acumulado calculado (apenas ativos): 7,063,544.38
2025-07-03 16:43:47,945 - INFO - Número do relatório: 91
2025-07-03 16:43:47,945 - INFO - Valor acumulado calculado: 7,063,544.38
2025-07-03 16:43:51,971 - INFO - === INICIANDO ADIÇÃO DO CABEÇALHO ===
2025-07-03 16:43:51,972 - INFO - Tentando carregar logo: c:\Users\Obras\Documents\GitHub\Sistema-Financeiro\src\logo1.png
2025-07-03 16:43:51,973 - INFO - Logo carregada com sucesso!
2025-07-03 16:43:51,973 - INFO - Criando cabeçalho COM logo
2025-07-03 16:43:51,975 - INFO - Informações do cliente adicionadas com sucesso
2025-07-03 16:43:51,976 - INFO - === CABEÇALHO CONCLUÍDO COM SUCESSO ===
2025-07-03 16:43:51,978 - WARNING - df_filtrado vazio ou sem colunas necessárias para tipo 2
2025-07-03 16:43:51,978 - WARNING - df_filtrado vazio ou sem colunas necessárias para tipo 3
2025-07-03 16:43:51,978 - WARNING - df_filtrado vazio ou sem colunas necessárias para tipo 4
2025-07-03 16:43:51,979 - WARNING - df_filtrado vazio ou sem colunas necessárias para tipo 5
2025-07-03 16:43:51,980 - WARNING - df_filtrado vazio ou sem colunas necessárias para tipo 6
2025-07-03 16:43:51,980 - WARNING - df_filtrado vazio ou sem colunas necessárias para tipo 7
2025-07-03 16:43:51,981 - INFO - Iniciando adição de detalhes ao relatório
2025-07-03 16:43:52,067 - ERROR - Erro na geração do relatório: 'TP_DESP'
Traceback (most recent call last):
  File "c:\Users\Obras\Documents\GitHub\Sistema-Financeiro\src\relatorio_despesas_aprimorado.py", line 2126, in gerar_relatorio_pdf
    self.adicionar_detalhes(elementos, dados)
  File "c:\Users\Obras\Documents\GitHub\Sistema-Financeiro\src\relatorio_despesas_aprimorado.py", line 2034, in adicionar_detalhes
    df_tipo = dados['df_filtrado'][dados['df_filtrado']['TP_DESP'] == tipo]
                                   ~~~~~~~~~~~~~~~~~~~~^^^^^^^^^^^
  File "C:\Users\Obras\AppData\Local\Programs\Python\Python312\Lib\site-packages\pandas\core\frame.py", line 4102, in __getitem__
    indexer = self.columns.get_loc(key)
              ^^^^^^^^^^^^^^^^^^^^^^^^^
  File "C:\Users\Obras\AppData\Local\Programs\Python\Python312\Lib\site-packages\pandas\core\indexes\range.py", line 417, in get_loc
    raise KeyError(key)
KeyError: 'TP_DESP'
2025-07-03 16:49:26,077 - INFO - Sistema de logging inicializado
2025-07-03 16:49:26,079 - INFO - Usuário alterado para: sistema_relatorios
2025-07-03 16:49:26,080 - INFO - Sistema de relatórios inicializando usando logger configurado
2025-07-03 16:49:26,080 - INFO - Configurações de janela importadas com sucesso
2025-07-03 16:49:26,081 - INFO - === Sistema de Relatórios Inicializando ===
2025-07-03 16:49:26,395 - INFO - Carregando clientes de: C:\Users\Obras\sistema_gestao_testes\testes\Financeiro\Planilhas_Base\clientes.xlsx
2025-07-03 16:49:26,441 - INFO - Colunas disponíveis: ['Nome', 'Endereço', 'Data Inicial', 'Observações', 'Data Final']
2025-07-03 16:49:26,442 - INFO - Coluna de status: Data Final
2025-07-03 16:49:26,444 - INFO - Coluna de nome: Nome
2025-07-03 16:49:26,445 - INFO - Total de clientes ativos encontrados: 14
2025-07-03 16:49:26,446 - INFO - Lista de clientes atualizada com 15 clientes
2025-07-03 16:49:26,480 - INFO - Carregando clientes de: C:\Users\Obras\sistema_gestao_testes\testes\Financeiro\Planilhas_Base\clientes.xlsx
2025-07-03 16:49:26,497 - INFO - Colunas disponíveis: ['Nome', 'Endereço', 'Data Inicial', 'Observações', 'Data Final']
2025-07-03 16:49:26,498 - INFO - Coluna de status: Data Final
2025-07-03 16:49:26,500 - INFO - Coluna de nome: Nome
2025-07-03 16:49:26,503 - INFO - Total de clientes ativos encontrados: 14
2025-07-03 16:49:26,506 - INFO - Lista de clientes carregada com 15 itens
2025-07-03 16:49:27,952 - INFO - Data calculada automaticamente: 05/07/2025
2025-07-03 16:49:27,953 - INFO - Data calculada automaticamente: 05/07/2025
2025-07-03 16:49:34,040 - INFO - Arquivo selecionado: C:/Users/Obras/sistema_gestao_testes/testes/Financeiro/Clientes/FRANCISCO JOSE TOLENTINO BRANDAO.xlsx
2025-07-03 16:49:36,065 - INFO - Iniciando relatório de despesas - versão final
2025-07-03 16:49:38,425 - INFO - Iniciando RelatorioUI
2025-07-03 16:49:38,430 - INFO - Iniciando configuração da interface
2025-07-03 16:49:38,470 - INFO - Interface configurada com sucesso
2025-07-03 16:49:38,479 - INFO - Configurações aplicadas na interface integrada
2025-07-03 16:49:41,811 - INFO - Iniciando geração de relatório para arquivo: C:/Users/Obras/sistema_gestao_testes/testes/Financeiro/Clientes/FRANCISCO JOSE TOLENTINO BRANDAO.xlsx
2025-07-03 16:49:41,813 - INFO - Incluir excluídos: False
2025-07-03 16:49:41,956 - INFO - df_filtrado final: 0 registros
2025-07-03 16:49:41,956 - WARNING - Método processar_lancamentos_futuros não encontrado, pulando lançamentos futuros
2025-07-03 16:49:42,096 - INFO - 
Obtendo número do relatório para data 2025-07-05 00:00:00
2025-07-03 16:49:42,098 - INFO - Número do relatório calculado: 91
2025-07-03 16:49:42,098 - INFO - Calculando acumulado para data 2025-07-05 00:00:00
2025-07-03 16:49:42,099 - INFO - Acumulado - registros após filtrar excluídos: 190
2025-07-03 16:49:42,110 - INFO - Valor acumulado calculado (apenas ativos): 7,063,544.38
2025-07-03 16:49:42,111 - INFO - Número do relatório: 91
2025-07-03 16:49:42,111 - INFO - Valor acumulado calculado: 7,063,544.38
2025-07-03 16:49:44,495 - INFO - === INICIANDO ADIÇÃO DO CABEÇALHO ===
2025-07-03 16:49:44,496 - INFO - Tentando carregar logo: c:\Users\Obras\Documents\GitHub\Sistema-Financeiro\src\logo1.png
2025-07-03 16:49:44,496 - INFO - Logo carregada com sucesso!
2025-07-03 16:49:44,497 - INFO - Criando cabeçalho COM logo
2025-07-03 16:49:44,499 - INFO - Informações do cliente adicionadas com sucesso
2025-07-03 16:49:44,499 - INFO - === CABEÇALHO CONCLUÍDO COM SUCESSO ===
2025-07-03 16:49:44,502 - WARNING - df_filtrado vazio ou sem colunas necessárias para tipo 2
2025-07-03 16:49:44,502 - WARNING - df_filtrado vazio ou sem colunas necessárias para tipo 3
2025-07-03 16:49:44,503 - WARNING - df_filtrado vazio ou sem colunas necessárias para tipo 4
2025-07-03 16:49:44,504 - WARNING - df_filtrado vazio ou sem colunas necessárias para tipo 5
2025-07-03 16:49:44,505 - WARNING - df_filtrado vazio ou sem colunas necessárias para tipo 6
2025-07-03 16:49:44,505 - WARNING - df_filtrado vazio ou sem colunas necessárias para tipo 7
2025-07-03 16:49:44,506 - INFO - Iniciando adição de detalhes ao relatório
2025-07-03 16:49:44,509 - WARNING - df_filtrado está vazio!
2025-07-03 16:49:44,509 - WARNING - df_filtrado vazio ou sem TP_DESP, tentando recuperar...
2025-07-03 16:49:44,514 - INFO - df_filtrado recuperado com 0 registros
2025-07-03 16:49:44,589 - INFO - Detalhes adicionados com sucesso
2025-07-03 16:53:07,529 - INFO - Sistema de logging inicializado
2025-07-03 16:53:07,532 - INFO - Usuário alterado para: sistema_relatorios
2025-07-03 16:53:07,533 - INFO - Sistema de relatórios inicializando usando logger configurado
2025-07-03 16:53:07,534 - INFO - Configurações de janela importadas com sucesso
2025-07-03 16:53:07,535 - INFO - === Sistema de Relatórios Inicializando ===
2025-07-03 16:53:07,989 - INFO - Carregando clientes de: C:\Users\Obras\sistema_gestao_testes\testes\Financeiro\Planilhas_Base\clientes.xlsx
2025-07-03 16:53:08,041 - INFO - Colunas disponíveis: ['Nome', 'Endereço', 'Data Inicial', 'Observações', 'Data Final']
2025-07-03 16:53:08,041 - INFO - Coluna de status: Data Final
2025-07-03 16:53:08,044 - INFO - Coluna de nome: Nome
2025-07-03 16:53:08,045 - INFO - Total de clientes ativos encontrados: 14
2025-07-03 16:53:08,046 - INFO - Lista de clientes atualizada com 15 clientes
2025-07-03 16:53:08,079 - INFO - Carregando clientes de: C:\Users\Obras\sistema_gestao_testes\testes\Financeiro\Planilhas_Base\clientes.xlsx
2025-07-03 16:53:08,097 - INFO - Colunas disponíveis: ['Nome', 'Endereço', 'Data Inicial', 'Observações', 'Data Final']
2025-07-03 16:53:08,098 - INFO - Coluna de status: Data Final
2025-07-03 16:53:08,102 - INFO - Coluna de nome: Nome
2025-07-03 16:53:08,104 - INFO - Total de clientes ativos encontrados: 14
2025-07-03 16:53:08,105 - INFO - Lista de clientes carregada com 15 itens
2025-07-03 16:53:09,261 - INFO - Data calculada automaticamente: 05/07/2025
2025-07-03 16:53:09,263 - INFO - Data calculada automaticamente: 05/07/2025
2025-07-03 16:53:15,582 - INFO - Arquivo selecionado: C:/Users/Obras/sistema_gestao_testes/testes/Financeiro/Clientes/FRANCISCO JOSE TOLENTINO BRANDAO.xlsx
2025-07-03 16:53:18,191 - INFO - Iniciando relatório de despesas - versão final
2025-07-03 16:53:20,280 - INFO - Iniciando RelatorioUI
2025-07-03 16:53:20,288 - INFO - Iniciando configuração da interface
2025-07-03 16:53:20,375 - INFO - Interface configurada com sucesso
2025-07-03 16:53:20,379 - INFO - Configurações aplicadas na interface integrada
2025-07-03 16:53:23,882 - INFO - Iniciando geração de relatório para arquivo: C:/Users/Obras/sistema_gestao_testes/testes/Financeiro/Clientes/FRANCISCO JOSE TOLENTINO BRANDAO.xlsx
2025-07-03 16:53:23,882 - INFO - Incluir excluídos: False
2025-07-03 16:53:24,005 - INFO - df_filtrado final: 0 registros
2025-07-03 16:53:24,006 - WARNING - Método processar_lancamentos_futuros não encontrado, pulando lançamentos futuros
2025-07-03 16:53:24,131 - INFO - 
Obtendo número do relatório para data 2025-07-05 00:00:00
2025-07-03 16:53:24,133 - INFO - Número do relatório calculado: 91
2025-07-03 16:53:24,133 - INFO - Calculando acumulado para data 2025-07-05 00:00:00
2025-07-03 16:53:24,135 - INFO - Acumulado - registros após filtrar excluídos: 190
2025-07-03 16:53:24,147 - INFO - Valor acumulado calculado (apenas ativos): 7,063,544.38
2025-07-03 16:53:24,147 - INFO - Número do relatório: 91
2025-07-03 16:53:24,148 - INFO - Valor acumulado calculado: 7,063,544.38
2025-07-03 16:53:26,124 - INFO - === INICIANDO ADIÇÃO DO CABEÇALHO ===
2025-07-03 16:53:26,125 - INFO - Tentando carregar logo: c:\Users\Obras\Documents\GitHub\Sistema-Financeiro\src\logo1.png
2025-07-03 16:53:26,126 - INFO - Logo carregada com sucesso!
2025-07-03 16:53:26,126 - INFO - Criando cabeçalho COM logo
2025-07-03 16:53:26,128 - INFO - Informações do cliente adicionadas com sucesso
2025-07-03 16:53:26,128 - INFO - === CABEÇALHO CONCLUÍDO COM SUCESSO ===
2025-07-03 16:53:26,131 - WARNING - df_filtrado vazio ou sem colunas necessárias para tipo 2
2025-07-03 16:53:26,131 - WARNING - df_filtrado vazio ou sem colunas necessárias para tipo 3
2025-07-03 16:53:26,133 - WARNING - df_filtrado vazio ou sem colunas necessárias para tipo 4
2025-07-03 16:53:26,133 - WARNING - df_filtrado vazio ou sem colunas necessárias para tipo 5
2025-07-03 16:53:26,134 - WARNING - df_filtrado vazio ou sem colunas necessárias para tipo 6
2025-07-03 16:53:26,134 - WARNING - df_filtrado vazio ou sem colunas necessárias para tipo 7
2025-07-03 16:53:26,136 - INFO - Iniciando adição de detalhes ao relatório
2025-07-03 16:53:26,139 - WARNING - df_filtrado está vazio!
2025-07-03 16:53:26,139 - WARNING - df_filtrado vazio ou sem TP_DESP, tentando recuperar...
2025-07-03 16:53:26,144 - INFO - df_filtrado recuperado com 0 registros
2025-07-03 16:53:26,227 - INFO - Detalhes adicionados com sucesso
2025-07-03 16:53:33,360 - INFO - === INICIANDO ADIÇÃO DO CABEÇALHO ===
2025-07-03 16:53:33,360 - INFO - Tentando carregar logo: c:\Users\Obras\Documents\GitHub\Sistema-Financeiro\src\logo1.png
2025-07-03 16:53:33,361 - INFO - Logo carregada com sucesso!
2025-07-03 16:53:33,361 - INFO - Criando cabeçalho COM logo
2025-07-03 16:53:33,363 - INFO - Informações do cliente adicionadas com sucesso
2025-07-03 16:53:33,364 - INFO - === CABEÇALHO CONCLUÍDO COM SUCESSO ===
2025-07-03 16:53:33,371 - WARNING - df_filtrado vazio ou sem colunas necessárias para tipo 2
2025-07-03 16:53:33,372 - WARNING - df_filtrado vazio ou sem colunas necessárias para tipo 3
2025-07-03 16:53:33,373 - WARNING - df_filtrado vazio ou sem colunas necessárias para tipo 4
2025-07-03 16:53:33,374 - WARNING - df_filtrado vazio ou sem colunas necessárias para tipo 5
2025-07-03 16:53:33,374 - WARNING - df_filtrado vazio ou sem colunas necessárias para tipo 6
2025-07-03 16:53:33,375 - WARNING - df_filtrado vazio ou sem colunas necessárias para tipo 7
2025-07-03 16:53:33,376 - INFO - Iniciando adição de detalhes ao relatório
2025-07-03 16:53:33,378 - WARNING - df_filtrado está vazio!
2025-07-03 16:53:33,379 - WARNING - df_filtrado vazio ou sem TP_DESP, tentando recuperar...
2025-07-03 16:53:33,384 - INFO - df_filtrado recuperado com 0 registros
2025-07-03 16:53:33,468 - INFO - Detalhes adicionados com sucesso
2025-07-03 17:04:30,531 - INFO - Sistema de logging inicializado
2025-07-03 17:04:30,533 - INFO - Usuário alterado para: sistema_relatorios
2025-07-03 17:04:30,534 - INFO - Sistema de relatórios inicializando usando logger configurado
2025-07-03 17:04:30,534 - INFO - Configurações de janela importadas com sucesso
2025-07-03 17:04:30,535 - INFO - === Sistema de Relatórios Inicializando ===
2025-07-03 17:04:31,034 - INFO - Carregando clientes de: C:\Users\Obras\sistema_gestao_testes\testes\Financeiro\Planilhas_Base\clientes.xlsx
2025-07-03 17:04:31,089 - INFO - Colunas disponíveis: ['Nome', 'Endereço', 'Data Inicial', 'Observações', 'Data Final']
2025-07-03 17:04:31,091 - INFO - Coluna de status: Data Final
2025-07-03 17:04:31,101 - INFO - Coluna de nome: Nome
2025-07-03 17:04:31,103 - INFO - Total de clientes ativos encontrados: 14
2025-07-03 17:04:31,105 - INFO - Lista de clientes atualizada com 15 clientes
2025-07-03 17:04:31,141 - INFO - Carregando clientes de: C:\Users\Obras\sistema_gestao_testes\testes\Financeiro\Planilhas_Base\clientes.xlsx
2025-07-03 17:04:31,157 - INFO - Colunas disponíveis: ['Nome', 'Endereço', 'Data Inicial', 'Observações', 'Data Final']
2025-07-03 17:04:31,160 - INFO - Coluna de status: Data Final
2025-07-03 17:04:31,163 - INFO - Coluna de nome: Nome
2025-07-03 17:04:31,164 - INFO - Total de clientes ativos encontrados: 14
2025-07-03 17:04:31,165 - INFO - Lista de clientes carregada com 15 itens
2025-07-03 17:04:32,879 - INFO - Data calculada automaticamente: 05/07/2025
2025-07-03 17:04:32,880 - INFO - Data calculada automaticamente: 05/07/2025
2025-07-03 17:04:33,829 - INFO - Data calculada automaticamente: 05/07/2025
2025-07-03 17:04:33,831 - INFO - Data calculada automaticamente: 05/07/2025
2025-07-03 17:04:49,927 - INFO - Arquivo selecionado: C:/Users/Obras/sistema_gestao_testes/testes/Financeiro/Clientes/EDUARDO MORENO MARQUES.xlsx
2025-07-03 17:04:51,288 - INFO - Iniciando relatório de despesas - versão final
2025-07-03 17:04:53,391 - INFO - Iniciando RelatorioUI
2025-07-03 17:04:53,396 - INFO - Iniciando configuração da interface
2025-07-03 17:04:53,439 - INFO - Interface configurada com sucesso
2025-07-03 17:04:53,465 - INFO - Configurações aplicadas na interface integrada
2025-07-03 17:04:57,713 - INFO - Iniciando geração de relatório para arquivo: C:/Users/Obras/sistema_gestao_testes/testes/Financeiro/Clientes/EDUARDO MORENO MARQUES.xlsx
2025-07-03 17:04:57,715 - INFO - Incluir excluídos: False
2025-07-03 17:04:58,137 - INFO - df_filtrado final: 26 registros
2025-07-03 17:04:58,138 - INFO - Colunas finais do df_filtrado: ['DATA_REL', 'TP_DESP', 'CNPJ_CPF', 'NOME', 'REFERÊNCIA', 'NF', 'VR_UNIT', 'DIAS', 'VALOR', 'DT_VENCTO', 'CATEGORIA', 'DADOS_BANCARIOS', 'OBSERVAÇÃO', 'STATUS', 'ID_LANCAMENTO', 'HISTORICO_ALTERACAO']
2025-07-03 17:04:58,139 - INFO - Tipos de despesa únicos: [2 3 5]
2025-07-03 17:04:58,140 - WARNING - Método processar_lancamentos_futuros não encontrado, pulando lançamentos futuros
2025-07-03 17:04:58,456 - INFO - 
Obtendo número do relatório para data 2025-07-05 00:00:00
2025-07-03 17:04:58,457 - INFO - Número do relatório calculado: 23
2025-07-03 17:04:58,458 - INFO - Calculando acumulado para data 2025-07-05 00:00:00
2025-07-03 17:04:58,459 - INFO - Acumulado - registros após filtrar excluídos: 704
2025-07-03 17:04:58,469 - INFO - Valor acumulado calculado (apenas ativos): 1,177,709.61
2025-07-03 17:04:58,469 - INFO - Número do relatório: 23
2025-07-03 17:04:58,470 - INFO - Valor acumulado calculado: 1,177,709.61
2025-07-03 17:05:03,117 - INFO - === INICIANDO ADIÇÃO DO CABEÇALHO ===
2025-07-03 17:05:03,118 - INFO - Tentando carregar logo: c:\Users\Obras\Documents\GitHub\Sistema-Financeiro\src\logo1.png
2025-07-03 17:05:03,118 - INFO - Logo carregada com sucesso!
2025-07-03 17:05:03,119 - INFO - Criando cabeçalho COM logo
2025-07-03 17:05:03,121 - INFO - Informações do cliente adicionadas com sucesso
2025-07-03 17:05:03,121 - INFO - === CABEÇALHO CONCLUÍDO COM SUCESSO ===
2025-07-03 17:05:03,132 - INFO - Iniciando adição de detalhes ao relatório
2025-07-03 17:05:03,264 - INFO - Detalhes adicionados com sucesso
2025-07-03 17:05:23,499 - INFO - === INICIANDO ADIÇÃO DO CABEÇALHO ===
2025-07-03 17:05:23,500 - INFO - Tentando carregar logo: c:\Users\Obras\Documents\GitHub\Sistema-Financeiro\src\logo1.png
2025-07-03 17:05:23,501 - INFO - Logo carregada com sucesso!
2025-07-03 17:05:23,501 - INFO - Criando cabeçalho COM logo
2025-07-03 17:05:23,503 - INFO - Informações do cliente adicionadas com sucesso
2025-07-03 17:05:23,503 - INFO - === CABEÇALHO CONCLUÍDO COM SUCESSO ===
2025-07-03 17:05:23,519 - INFO - Iniciando adição de detalhes ao relatório
2025-07-03 17:05:23,654 - INFO - Detalhes adicionados com sucesso
2025-07-03 17:10:34,217 - INFO - Usuário alterado para: sistema_relatorios
2025-07-03 17:10:34,218 - INFO - Sistema de relatórios inicializando usando logger configurado
2025-07-03 17:10:34,219 - INFO - Configurações de janela importadas com sucesso
2025-07-03 17:10:34,220 - INFO - === Sistema de Relatórios Inicializando ===
2025-07-03 17:10:34,221 - INFO - Módulo carregado com sucesso: src.relatorios_interface
2025-07-03 17:10:34,340 - INFO - Carregando clientes de: C:\Users\Obras\sistema_gestao_testes\testes\Financeiro\Planilhas_Base\clientes.xlsx
2025-07-03 17:10:34,452 - INFO - Colunas disponíveis: ['Nome', 'Endereço', 'Data Inicial', 'Observações', 'Data Final']
2025-07-03 17:10:34,456 - INFO - Coluna de status: Data Final
2025-07-03 17:10:34,468 - INFO - Coluna de nome: Nome
2025-07-03 17:10:34,469 - INFO - Total de clientes ativos encontrados: 14
2025-07-03 17:10:34,472 - INFO - Lista de clientes atualizada com 15 clientes
2025-07-03 17:10:34,511 - INFO - Carregando clientes de: C:\Users\Obras\sistema_gestao_testes\testes\Financeiro\Planilhas_Base\clientes.xlsx
2025-07-03 17:10:34,527 - INFO - Colunas disponíveis: ['Nome', 'Endereço', 'Data Inicial', 'Observações', 'Data Final']
2025-07-03 17:10:34,529 - INFO - Coluna de status: Data Final
2025-07-03 17:10:34,531 - INFO - Coluna de nome: Nome
2025-07-03 17:10:34,532 - INFO - Total de clientes ativos encontrados: 14
2025-07-03 17:10:34,533 - INFO - Lista de clientes carregada com 15 itens
2025-07-03 17:10:35,841 - INFO - Data calculada automaticamente: 05/07/2025
2025-07-03 17:10:35,843 - INFO - Data calculada automaticamente: 05/07/2025
2025-07-03 17:10:58,731 - INFO - Iniciando relatório de despesas - versão final
2025-07-03 17:11:05,906 - INFO - Arquivo selecionado: C:/Users/Obras/sistema_gestao_testes/testes/Financeiro/Clientes/ANA AUGUSTA PIRES COUTINHO.xlsx
2025-07-03 17:11:47,690 - INFO - Iniciando relatório de despesas - versão final
2025-07-03 17:11:49,466 - INFO - Iniciando RelatorioUI
2025-07-03 17:11:49,468 - INFO - Iniciando configuração da interface
2025-07-03 17:11:49,503 - INFO - Interface configurada com sucesso
2025-07-03 17:11:49,510 - INFO - Configurações aplicadas na interface integrada
2025-07-03 17:11:54,269 - INFO - Iniciando geração de relatório para arquivo: C:/Users/Obras/sistema_gestao_testes/testes/Financeiro/Clientes/ANA AUGUSTA PIRES COUTINHO.xlsx
2025-07-03 17:11:54,270 - INFO - Incluir excluídos: False
2025-07-03 17:11:54,488 - INFO - df_filtrado final: 14 registros
2025-07-03 17:11:54,488 - INFO - Colunas finais do df_filtrado: ['DATA_REL', 'TP_DESP', 'CNPJ_CPF', 'NOME', 'REFERÊNCIA', 'NF', 'VR_UNIT', 'DIAS', 'VALOR', 'DT_VENCTO', 'CATEGORIA', 'DADOS_BANCARIOS', 'OBSERVAÇÃO', 'STATUS', 'ID_LANCAMENTO', 'HISTORICO_ALTERACAO', 'RELATÓRIO']
2025-07-03 17:11:54,489 - INFO - Tipos de despesa únicos: [2 3 5]
2025-07-03 17:11:54,489 - WARNING - Método processar_lancamentos_futuros não encontrado, pulando lançamentos futuros
2025-07-03 17:11:54,651 - INFO - 
Obtendo número do relatório para data 2025-07-05 00:00:00
2025-07-03 17:11:54,653 - INFO - Número do relatório calculado: 10
2025-07-03 17:11:54,654 - INFO - Calculando acumulado para data 2025-07-05 00:00:00
2025-07-03 17:11:54,655 - INFO - Acumulado - registros após filtrar excluídos: 251
2025-07-03 17:11:54,663 - INFO - Valor acumulado calculado (apenas ativos): 426,376.12
2025-07-03 17:11:54,663 - INFO - Número do relatório: 10
2025-07-03 17:11:54,663 - INFO - Valor acumulado calculado: 426,376.12
2025-07-03 17:11:59,299 - INFO - === INICIANDO ADIÇÃO DO CABEÇALHO ===
2025-07-03 17:11:59,300 - INFO - Tentando carregar logo: C:\Users\Obras\Documents\GitHub\Sistema-Financeiro\src\logo1.png
2025-07-03 17:11:59,300 - INFO - Logo carregada com sucesso!
2025-07-03 17:11:59,300 - INFO - Criando cabeçalho COM logo
2025-07-03 17:11:59,303 - INFO - Informações do cliente adicionadas com sucesso
2025-07-03 17:11:59,304 - INFO - === CABEÇALHO CONCLUÍDO COM SUCESSO ===
2025-07-03 17:11:59,316 - INFO - Iniciando adição de detalhes ao relatório
2025-07-03 17:11:59,414 - INFO - Detalhes adicionados com sucesso
2025-07-03 17:34:25,043 - INFO - Usuário alterado para: sistema_relatorios
2025-07-03 17:34:25,046 - INFO - Sistema de relatórios inicializando usando logger configurado
2025-07-03 17:34:25,047 - INFO - Configurações de janela importadas com sucesso
2025-07-03 17:34:25,048 - INFO - === Sistema de Relatórios Inicializando ===
2025-07-03 17:34:25,050 - INFO - Módulo carregado com sucesso: src.relatorios_interface
2025-07-03 17:34:25,177 - INFO - Carregando clientes de: C:\Users\Obras\sistema_gestao_testes\testes\Financeiro\Planilhas_Base\clientes.xlsx
2025-07-03 17:34:25,370 - INFO - Colunas disponíveis: ['Nome', 'Endereço', 'Data Inicial', 'Observações', 'Data Final']
2025-07-03 17:34:25,383 - INFO - Coluna de status: Data Final
2025-07-03 17:34:25,407 - INFO - Coluna de nome: Nome
2025-07-03 17:34:25,418 - INFO - Total de clientes ativos encontrados: 14
2025-07-03 17:34:25,426 - INFO - Lista de clientes atualizada com 15 clientes
2025-07-03 17:34:25,490 - INFO - Carregando clientes de: C:\Users\Obras\sistema_gestao_testes\testes\Financeiro\Planilhas_Base\clientes.xlsx
2025-07-03 17:34:25,537 - INFO - Colunas disponíveis: ['Nome', 'Endereço', 'Data Inicial', 'Observações', 'Data Final']
2025-07-03 17:34:25,584 - INFO - Coluna de status: Data Final
2025-07-03 17:34:25,631 - INFO - Coluna de nome: Nome
2025-07-03 17:34:25,635 - INFO - Total de clientes ativos encontrados: 14
2025-07-03 17:34:25,643 - INFO - Lista de clientes carregada com 15 itens
2025-07-03 17:34:26,914 - INFO - Data calculada automaticamente: 05/07/2025
2025-07-03 17:34:26,915 - INFO - Data calculada automaticamente: 05/07/2025
2025-07-03 17:34:36,201 - INFO - Arquivo selecionado: C:/Users/Obras/sistema_gestao_testes/testes/Financeiro/Clientes/CLEVER LUIZ SALVADOR.xlsx
2025-07-03 17:34:37,610 - INFO - Iniciando relatório de despesas - versão final
2025-07-03 17:34:39,532 - INFO - Iniciando RelatorioUI
2025-07-03 17:34:39,533 - INFO - Iniciando configuração da interface
2025-07-03 17:34:39,562 - INFO - Interface configurada com sucesso
2025-07-03 17:34:39,567 - INFO - Configurações aplicadas na interface integrada
2025-07-03 17:34:47,109 - INFO - Iniciando geração de relatório para arquivo: C:/Users/Obras/sistema_gestao_testes/testes/Financeiro/Clientes/CLEVER LUIZ SALVADOR.xlsx
2025-07-03 17:34:47,111 - INFO - Incluir excluídos: False
2025-07-03 17:34:47,572 - INFO - df_filtrado final: 19 registros
2025-07-03 17:34:47,572 - INFO - Colunas finais do df_filtrado: ['DATA_REL', 'TP_DESP', 'CNPJ_CPF', 'NOME', 'REFERÊNCIA', 'NF', 'VR_UNIT', 'DIAS', 'VALOR', 'DT_VENCTO', 'CATEGORIA', 'DADOS_BANCARIOS', 'OBSERVAÇÃO', 'STATUS', 'ID_LANCAMENTO', 'HISTORICO_ALTERACAO']
2025-07-03 17:34:47,573 - INFO - Tipos de despesa únicos: [2 3 7 5]
2025-07-03 17:34:47,574 - WARNING - Método processar_lancamentos_futuros não encontrado, pulando lançamentos futuros
2025-07-03 17:34:47,904 - INFO - 
Obtendo número do relatório para data 2025-07-05 00:00:00
2025-07-03 17:34:47,908 - INFO - Número do relatório calculado: 21
2025-07-03 17:34:47,911 - INFO - Calculando acumulado para data 2025-07-05 00:00:00
2025-07-03 17:34:47,915 - INFO - Acumulado - registros após filtrar excluídos: 782
2025-07-03 17:34:47,927 - INFO - Valor acumulado calculado (apenas ativos): 2,199,915.92
2025-07-03 17:34:47,927 - INFO - Número do relatório: 21
2025-07-03 17:34:47,928 - INFO - Valor acumulado calculado: 2,199,915.92
2025-07-03 17:34:51,090 - INFO - === INICIANDO ADIÇÃO DO CABEÇALHO ===
2025-07-03 17:34:51,091 - INFO - Tentando carregar logo: C:\Users\Obras\Documents\GitHub\Sistema-Financeiro\src\logo1.png
2025-07-03 17:34:51,092 - INFO - Logo carregada com sucesso!
2025-07-03 17:34:51,093 - INFO - Criando cabeçalho COM logo
2025-07-03 17:34:51,095 - INFO - Informações do cliente adicionadas com sucesso
2025-07-03 17:34:51,095 - INFO - === CABEÇALHO CONCLUÍDO COM SUCESSO ===
2025-07-03 17:34:51,108 - INFO - Iniciando adição de detalhes ao relatório
2025-07-03 17:34:51,273 - INFO - Detalhes adicionados com sucesso
2025-07-03 17:34:56,575 - INFO - === INICIANDO ADIÇÃO DO CABEÇALHO ===
2025-07-03 17:34:56,585 - INFO - Tentando carregar logo: C:\Users\Obras\Documents\GitHub\Sistema-Financeiro\src\logo1.png
2025-07-03 17:34:56,586 - INFO - Logo carregada com sucesso!
2025-07-03 17:34:56,591 - INFO - Criando cabeçalho COM logo
2025-07-03 17:34:56,596 - INFO - Informações do cliente adicionadas com sucesso
2025-07-03 17:34:56,597 - INFO - === CABEÇALHO CONCLUÍDO COM SUCESSO ===
2025-07-03 17:34:56,618 - INFO - Iniciando adição de detalhes ao relatório
2025-07-03 17:34:56,790 - INFO - Detalhes adicionados com sucesso
2025-07-03 18:49:42,187 - INFO - Usuário alterado para: sistema_relatorios
2025-07-03 18:49:42,189 - INFO - Sistema de relatórios inicializando usando logger configurado
2025-07-03 18:49:42,190 - INFO - Configurações de janela importadas com sucesso
2025-07-03 18:49:42,190 - INFO - === Sistema de Relatórios Inicializando ===
2025-07-03 18:49:42,191 - INFO - Módulo carregado com sucesso: src.relatorios_interface
2025-07-03 18:49:42,298 - INFO - Carregando clientes de: C:\Users\Obras\sistema_gestao_testes\testes\Financeiro\Planilhas_Base\clientes.xlsx
2025-07-03 18:49:42,459 - INFO - Colunas disponíveis: ['Nome', 'Endereço', 'Data Inicial', 'Observações', 'Data Final']
2025-07-03 18:49:42,473 - INFO - Coluna de status: Data Final
2025-07-03 18:49:42,504 - INFO - Coluna de nome: Nome
2025-07-03 18:49:42,509 - INFO - Total de clientes ativos encontrados: 14
2025-07-03 18:49:42,511 - INFO - Lista de clientes atualizada com 15 clientes
2025-07-03 18:49:42,557 - INFO - Carregando clientes de: C:\Users\Obras\sistema_gestao_testes\testes\Financeiro\Planilhas_Base\clientes.xlsx
2025-07-03 18:49:42,616 - INFO - Colunas disponíveis: ['Nome', 'Endereço', 'Data Inicial', 'Observações', 'Data Final']
2025-07-03 18:49:42,622 - INFO - Coluna de status: Data Final
2025-07-03 18:49:42,629 - INFO - Coluna de nome: Nome
2025-07-03 18:49:42,643 - INFO - Total de clientes ativos encontrados: 14
2025-07-03 18:49:42,649 - INFO - Lista de clientes carregada com 15 itens
2025-07-03 18:49:44,062 - INFO - Data calculada automaticamente: 05/07/2025
2025-07-03 18:49:44,064 - INFO - Data calculada automaticamente: 05/07/2025
2025-07-03 18:49:55,894 - INFO - Arquivo selecionado: C:/Users/Obras/sistema_gestao_testes/testes/Financeiro/Clientes/GILMAR ALMEIDA PORTUGAL.xlsx
2025-07-03 18:49:57,673 - INFO - Iniciando relatório de despesas - versão final
2025-07-03 18:49:59,540 - INFO - Iniciando RelatorioUI
2025-07-03 18:49:59,542 - INFO - Iniciando configuração da interface
2025-07-03 18:49:59,570 - INFO - Interface configurada com sucesso
2025-07-03 18:49:59,573 - INFO - Configurações aplicadas na interface integrada
2025-07-03 18:50:07,353 - INFO - Iniciando geração de relatório para arquivo: C:/Users/Obras/sistema_gestao_testes/testes/Financeiro/Clientes/GILMAR ALMEIDA PORTUGAL.xlsx
2025-07-03 18:50:07,355 - INFO - Incluir excluídos: False
2025-07-03 18:50:08,028 - INFO - df_filtrado final: 36 registros
2025-07-03 18:50:08,029 - INFO - Colunas finais do df_filtrado: ['DATA_REL', 'TP_DESP', 'CNPJ_CPF', 'NOME', 'REFERÊNCIA', 'NF', 'VR_UNIT', 'DIAS', 'VALOR', 'DT_VENCTO', 'CATEGORIA', 'DADOS_BANCARIOS', 'OBSERVAÇÃO', 'STATUS', 'ID_LANCAMENTO', 'HISTORICO_ALTERACAO']
2025-07-03 18:50:08,030 - INFO - Tipos de despesa únicos: [2 3 5]
2025-07-03 18:50:08,031 - WARNING - Método processar_lancamentos_futuros não encontrado, pulando lançamentos futuros
2025-07-03 18:50:08,559 - INFO - 
Obtendo número do relatório para data 2025-07-05 00:00:00
2025-07-03 18:50:08,560 - INFO - Número do relatório calculado: 29
2025-07-03 18:50:08,560 - INFO - Calculando acumulado para data 2025-07-05 00:00:00
2025-07-03 18:50:08,562 - INFO - Acumulado - registros após filtrar excluídos: 1329
2025-07-03 18:50:08,573 - INFO - Valor acumulado calculado (apenas ativos): 3,871,156.75
2025-07-03 18:50:08,574 - INFO - Número do relatório: 29
2025-07-03 18:50:08,574 - INFO - Valor acumulado calculado: 3,871,156.75
2025-07-03 18:50:11,438 - INFO - === INICIANDO ADIÇÃO DO CABEÇALHO ===
2025-07-03 18:50:11,438 - INFO - Tentando carregar logo: C:\Users\Obras\Documents\GitHub\Sistema-Financeiro\src\logo1.png
2025-07-03 18:50:11,439 - INFO - Logo carregada com sucesso!
2025-07-03 18:50:11,439 - INFO - Criando cabeçalho COM logo
2025-07-03 18:50:11,441 - INFO - Informações do cliente adicionadas com sucesso
2025-07-03 18:50:11,441 - INFO - === CABEÇALHO CONCLUÍDO COM SUCESSO ===
2025-07-03 18:50:11,450 - INFO - Iniciando adição de detalhes ao relatório
2025-07-03 18:50:11,632 - INFO - Detalhes adicionados com sucesso
2025-07-03 18:50:28,384 - INFO - === INICIANDO ADIÇÃO DO CABEÇALHO ===
2025-07-03 18:50:28,386 - INFO - Tentando carregar logo: C:\Users\Obras\Documents\GitHub\Sistema-Financeiro\src\logo1.png
2025-07-03 18:50:28,389 - INFO - Logo carregada com sucesso!
2025-07-03 18:50:28,390 - INFO - Criando cabeçalho COM logo
2025-07-03 18:50:28,393 - INFO - Informações do cliente adicionadas com sucesso
2025-07-03 18:50:28,395 - INFO - === CABEÇALHO CONCLUÍDO COM SUCESSO ===
2025-07-03 18:50:28,409 - INFO - Iniciando adição de detalhes ao relatório
2025-07-03 18:50:28,598 - INFO - Detalhes adicionados com sucesso
2025-07-03 18:50:56,107 - INFO - Saída confirmada, finalizando sistema
2025-07-03 18:50:56,168 - INFO - Ação concluída: Gerar relatório
2025-07-03 18:58:38,511 - INFO - Usuário alterado para: sistema_relatorios
2025-07-03 18:58:38,514 - INFO - Sistema de relatórios inicializando usando logger configurado
2025-07-03 18:58:38,516 - INFO - Configurações de janela importadas com sucesso
2025-07-03 18:58:38,518 - INFO - === Sistema de Relatórios Inicializando ===
2025-07-03 18:58:38,519 - INFO - Módulo carregado com sucesso: src.relatorios_interface
2025-07-03 18:58:38,658 - INFO - Carregando clientes de: C:\Users\Obras\sistema_gestao_testes\testes\Financeiro\Planilhas_Base\clientes.xlsx
2025-07-03 18:58:38,826 - INFO - Colunas disponíveis: ['Nome', 'Endereço', 'Data Inicial', 'Observações', 'Data Final']
2025-07-03 18:58:38,831 - INFO - Coluna de status: Data Final
2025-07-03 18:58:38,854 - INFO - Coluna de nome: Nome
2025-07-03 18:58:38,861 - INFO - Total de clientes ativos encontrados: 14
2025-07-03 18:58:38,898 - INFO - Lista de clientes atualizada com 15 clientes
2025-07-03 18:58:38,967 - INFO - Carregando clientes de: C:\Users\Obras\sistema_gestao_testes\testes\Financeiro\Planilhas_Base\clientes.xlsx
2025-07-03 18:58:39,015 - INFO - Colunas disponíveis: ['Nome', 'Endereço', 'Data Inicial', 'Observações', 'Data Final']
2025-07-03 18:58:39,043 - INFO - Coluna de status: Data Final
2025-07-03 18:58:39,056 - INFO - Coluna de nome: Nome
2025-07-03 18:58:39,084 - INFO - Total de clientes ativos encontrados: 14
2025-07-03 18:58:39,088 - INFO - Lista de clientes carregada com 15 itens
2025-07-03 18:58:46,200 - INFO - Data calculada automaticamente: 05/07/2025
2025-07-03 18:58:46,201 - INFO - Data calculada automaticamente: 05/07/2025
2025-07-03 18:58:55,631 - INFO - Arquivo selecionado: C:/Users/Obras/sistema_gestao_testes/testes/Financeiro/Clientes/JOSE PAULO DE SOUZA PEIXE.xlsx
2025-07-03 18:58:56,554 - INFO - Iniciando relatório de despesas - versão final
2025-07-03 18:58:59,198 - INFO - Iniciando RelatorioUI
2025-07-03 18:58:59,198 - INFO - Iniciando configuração da interface
2025-07-03 18:58:59,224 - INFO - Interface configurada com sucesso
2025-07-03 18:58:59,226 - INFO - Configurações aplicadas na interface integrada
2025-07-03 18:59:02,227 - INFO - Iniciando geração de relatório para arquivo: C:/Users/Obras/sistema_gestao_testes/testes/Financeiro/Clientes/JOSE PAULO DE SOUZA PEIXE.xlsx
2025-07-03 18:59:02,229 - INFO - Incluir excluídos: False
2025-07-03 18:59:02,774 - INFO - df_filtrado final: 24 registros
2025-07-03 18:59:02,774 - INFO - Colunas finais do df_filtrado: ['DATA_REL', 'TP_DESP', 'CNPJ_CPF', 'NOME', 'REFERÊNCIA', 'NF', 'VR_UNIT', 'DIAS', 'VALOR', 'DT_VENCTO', 'CATEGORIA', 'DADOS_BANCARIOS', 'OBSERVAÇÃO', 'STATUS', 'ID_LANCAMENTO', 'HISTORICO_ALTERACAO', 'RELATÓRIO']
2025-07-03 18:59:02,775 - INFO - Tipos de despesa únicos: [2 3 5]
2025-07-03 18:59:02,776 - WARNING - Método processar_lancamentos_futuros não encontrado, pulando lançamentos futuros
2025-07-03 18:59:03,170 - INFO - 
Obtendo número do relatório para data 2025-07-05 00:00:00
2025-07-03 18:59:03,171 - INFO - Número do relatório calculado: 23
2025-07-03 18:59:03,171 - INFO - Calculando acumulado para data 2025-07-05 00:00:00
2025-07-03 18:59:03,173 - INFO - Acumulado - registros após filtrar excluídos: 1002
2025-07-03 18:59:03,183 - INFO - Valor acumulado calculado (apenas ativos): 1,658,002.86
2025-07-03 18:59:03,184 - INFO - Número do relatório: 23
2025-07-03 18:59:03,185 - INFO - Valor acumulado calculado: 1,658,002.86
2025-07-03 18:59:05,703 - INFO - === INICIANDO ADIÇÃO DO CABEÇALHO ===
2025-07-03 18:59:05,704 - INFO - Tentando carregar logo: C:\Users\Obras\Documents\GitHub\Sistema-Financeiro\src\logo1.png
2025-07-03 18:59:05,704 - INFO - Logo carregada com sucesso!
2025-07-03 18:59:05,705 - INFO - Criando cabeçalho COM logo
2025-07-03 18:59:05,706 - INFO - Informações do cliente adicionadas com sucesso
2025-07-03 18:59:05,707 - INFO - === CABEÇALHO CONCLUÍDO COM SUCESSO ===
2025-07-03 18:59:05,719 - INFO - Iniciando adição de detalhes ao relatório
2025-07-03 18:59:05,896 - INFO - Detalhes adicionados com sucesso
2025-07-03 18:59:10,116 - INFO - === INICIANDO ADIÇÃO DO CABEÇALHO ===
2025-07-03 18:59:10,119 - INFO - Tentando carregar logo: C:\Users\Obras\Documents\GitHub\Sistema-Financeiro\src\logo1.png
2025-07-03 18:59:10,119 - INFO - Logo carregada com sucesso!
2025-07-03 18:59:10,120 - INFO - Criando cabeçalho COM logo
2025-07-03 18:59:10,123 - INFO - Informações do cliente adicionadas com sucesso
2025-07-03 18:59:10,124 - INFO - === CABEÇALHO CONCLUÍDO COM SUCESSO ===
2025-07-03 18:59:10,141 - INFO - Iniciando adição de detalhes ao relatório
2025-07-03 18:59:10,356 - INFO - Detalhes adicionados com sucesso
2025-07-03 19:02:01,974 - INFO - Usuário alterado para: sistema_relatorios
2025-07-03 19:02:02,006 - INFO - Sistema de relatórios inicializando usando logger configurado
2025-07-03 19:02:02,008 - INFO - Configurações de janela importadas com sucesso
2025-07-03 19:02:02,019 - INFO - === Sistema de Relatórios Inicializando ===
2025-07-03 19:02:02,022 - INFO - Módulo carregado com sucesso: src.relatorios_interface
2025-07-03 19:02:02,257 - INFO - Carregando clientes de: C:\Users\Obras\sistema_gestao_testes\testes\Financeiro\Planilhas_Base\clientes.xlsx
2025-07-03 19:02:02,367 - INFO - Colunas disponíveis: ['Nome', 'Endereço', 'Data Inicial', 'Observações', 'Data Final']
2025-07-03 19:02:02,376 - INFO - Coluna de status: Data Final
2025-07-03 19:02:02,399 - INFO - Coluna de nome: Nome
2025-07-03 19:02:02,443 - INFO - Total de clientes ativos encontrados: 14
2025-07-03 19:02:02,454 - INFO - Lista de clientes atualizada com 15 clientes
2025-07-03 19:02:02,509 - INFO - Carregando clientes de: C:\Users\Obras\sistema_gestao_testes\testes\Financeiro\Planilhas_Base\clientes.xlsx
2025-07-03 19:02:02,565 - INFO - Colunas disponíveis: ['Nome', 'Endereço', 'Data Inicial', 'Observações', 'Data Final']
2025-07-03 19:02:02,567 - INFO - Coluna de status: Data Final
2025-07-03 19:02:02,571 - INFO - Coluna de nome: Nome
2025-07-03 19:02:02,597 - INFO - Total de clientes ativos encontrados: 14
2025-07-03 19:02:02,607 - INFO - Lista de clientes carregada com 15 itens
2025-07-03 19:02:04,318 - INFO - Data calculada automaticamente: 05/07/2025
2025-07-03 19:02:04,319 - INFO - Data calculada automaticamente: 05/07/2025
2025-07-03 19:02:11,998 - INFO - Arquivo selecionado: C:/Users/Obras/sistema_gestao_testes/testes/Financeiro/Clientes/EDUARDO MORENO MARQUES.xlsx
2025-07-03 19:02:13,920 - INFO - Iniciando relatório de despesas - versão final
2025-07-03 19:02:19,607 - INFO - Iniciando RelatorioUI
2025-07-03 19:02:19,608 - INFO - Iniciando configuração da interface
2025-07-03 19:02:19,636 - INFO - Interface configurada com sucesso
2025-07-03 19:02:19,640 - INFO - Configurações aplicadas na interface integrada
2025-07-03 19:02:23,129 - INFO - Iniciando geração de relatório para arquivo: C:/Users/Obras/sistema_gestao_testes/testes/Financeiro/Clientes/EDUARDO MORENO MARQUES.xlsx
2025-07-03 19:02:23,131 - INFO - Incluir excluídos: False
2025-07-03 19:02:23,851 - INFO - df_filtrado final: 26 registros
2025-07-03 19:02:23,851 - INFO - Colunas finais do df_filtrado: ['DATA_REL', 'TP_DESP', 'CNPJ_CPF', 'NOME', 'REFERÊNCIA', 'NF', 'VR_UNIT', 'DIAS', 'VALOR', 'DT_VENCTO', 'CATEGORIA', 'DADOS_BANCARIOS', 'OBSERVAÇÃO', 'STATUS', 'ID_LANCAMENTO', 'HISTORICO_ALTERACAO']
2025-07-03 19:02:23,854 - INFO - Tipos de despesa únicos: [2 3 5]
2025-07-03 19:02:23,855 - WARNING - Método processar_lancamentos_futuros não encontrado, pulando lançamentos futuros
2025-07-03 19:02:24,257 - INFO - 
Obtendo número do relatório para data 2025-07-05 00:00:00
2025-07-03 19:02:24,266 - INFO - Número do relatório calculado: 23
2025-07-03 19:02:24,270 - INFO - Calculando acumulado para data 2025-07-05 00:00:00
2025-07-03 19:02:24,274 - INFO - Acumulado - registros após filtrar excluídos: 704
2025-07-03 19:02:24,403 - INFO - Valor acumulado calculado (apenas ativos): 1,177,709.61
2025-07-03 19:02:24,403 - INFO - Número do relatório: 23
2025-07-03 19:02:24,406 - INFO - Valor acumulado calculado: 1,177,709.61
2025-07-03 19:02:26,582 - INFO - === INICIANDO ADIÇÃO DO CABEÇALHO ===
2025-07-03 19:02:26,582 - INFO - Tentando carregar logo: C:\Users\Obras\Documents\GitHub\Sistema-Financeiro\src\logo1.png
2025-07-03 19:02:26,583 - INFO - Logo carregada com sucesso!
2025-07-03 19:02:26,583 - INFO - Criando cabeçalho COM logo
2025-07-03 19:02:26,586 - INFO - Informações do cliente adicionadas com sucesso
2025-07-03 19:02:26,586 - INFO - === CABEÇALHO CONCLUÍDO COM SUCESSO ===
2025-07-03 19:02:26,596 - INFO - Iniciando adição de detalhes ao relatório
2025-07-03 19:02:26,781 - INFO - Detalhes adicionados com sucesso
2025-07-03 19:02:49,036 - INFO - === INICIANDO ADIÇÃO DO CABEÇALHO ===
2025-07-03 19:02:49,037 - INFO - Tentando carregar logo: C:\Users\Obras\Documents\GitHub\Sistema-Financeiro\src\logo1.png
2025-07-03 19:02:49,038 - INFO - Logo carregada com sucesso!
2025-07-03 19:02:49,039 - INFO - Criando cabeçalho COM logo
2025-07-03 19:02:49,041 - INFO - Informações do cliente adicionadas com sucesso
2025-07-03 19:02:49,042 - INFO - === CABEÇALHO CONCLUÍDO COM SUCESSO ===
2025-07-03 19:02:49,056 - INFO - Iniciando adição de detalhes ao relatório
2025-07-03 19:02:49,242 - INFO - Detalhes adicionados com sucesso
2025-07-03 19:02:56,921 - INFO - Sistema de logging inicializado
2025-07-03 19:02:56,923 - INFO - Usuário alterado para: sistema_relatorios
2025-07-03 19:02:56,924 - INFO - Sistema de relatórios inicializando usando logger configurado
2025-07-03 19:02:56,925 - INFO - Configurações de janela importadas com sucesso
2025-07-03 19:02:56,930 - INFO - === Sistema de Relatórios Inicializando ===
2025-07-03 19:02:57,288 - INFO - Carregando clientes de: C:\Users\Obras\sistema_gestao_testes\testes\Financeiro\Planilhas_Base\clientes.xlsx
2025-07-03 19:02:57,339 - INFO - Colunas disponíveis: ['Nome', 'Endereço', 'Data Inicial', 'Observações', 'Data Final']
2025-07-03 19:02:57,340 - INFO - Coluna de status: Data Final
2025-07-03 19:02:57,342 - INFO - Coluna de nome: Nome
2025-07-03 19:02:57,345 - INFO - Total de clientes ativos encontrados: 14
2025-07-03 19:02:57,347 - INFO - Lista de clientes atualizada com 15 clientes
2025-07-03 19:02:57,383 - INFO - Carregando clientes de: C:\Users\Obras\sistema_gestao_testes\testes\Financeiro\Planilhas_Base\clientes.xlsx
2025-07-03 19:02:57,398 - INFO - Colunas disponíveis: ['Nome', 'Endereço', 'Data Inicial', 'Observações', 'Data Final']
2025-07-03 19:02:57,399 - INFO - Coluna de status: Data Final
2025-07-03 19:02:57,401 - INFO - Coluna de nome: Nome
2025-07-03 19:02:57,402 - INFO - Total de clientes ativos encontrados: 14
2025-07-03 19:02:57,403 - INFO - Lista de clientes carregada com 15 itens
