2025-09-29 09:46:17,917 - INFO - Carregando clientes de: C:\Users\Obras\sistema_gestao_testes\testes\Financeiro\Planilhas_Base\clientes.xlsx
2025-09-29 09:46:18,043 - INFO - Colunas disponíveis: ['Nome', 'Endereço', 'Data Inicial', 'Observações', 'Data Final']
2025-09-29 09:46:18,043 - INFO - Coluna de status: Data Final
2025-09-29 09:46:18,063 - INFO - Coluna de nome: Nome
2025-09-29 09:46:18,066 - INFO - Total de clientes ativos encontrados: 15
2025-09-29 09:46:18,068 - INFO - Lista de clientes atualizada com 16 clientes
2025-09-29 09:46:18,103 - INFO - 🎉 SISTEMA INTEGRADO INICIADO COM SUCESSO!
2025-09-29 09:46:18,103 - INFO - Carregando clientes de: C:\Users\Obras\sistema_gestao_testes\testes\Financeiro\Planilhas_Base\clientes.xlsx
2025-09-29 09:46:18,122 - INFO - Colunas disponíveis: ['Nome', 'Endereço', 'Data Inicial', 'Observações', 'Data Final']
2025-09-29 09:46:18,125 - INFO - Coluna de status: Data Final
2025-09-29 09:46:18,129 - INFO - Coluna de nome: Nome
2025-09-29 09:46:18,134 - INFO - Total de clientes ativos encontrados: 15
2025-09-29 09:46:18,135 - INFO - Lista de clientes carregada com 16 itens
2025-09-29 09:46:25,711 - INFO - 🔍 INICIANDO gerar_relatorio para: categoria
2025-09-29 09:46:25,711 - INFO - 📋 Processando outros relatórios: categoria
2025-09-29 09:46:26,010 - ERROR - 💥 ERRO outros relatórios: 'RelatorioCategoria' object has no attribute 'selecionar_mes'
2025-09-29 09:51:11,718 - INFO - Solicitado retorno ao menu principal
2025-09-29 09:51:11,734 - INFO - Retornando ao menu principal existente
2025-09-29 09:51:11,819 - INFO - Retorno ao menu principal concluído
2025-09-29 09:51:14,806 - INFO - Saída confirmada, finalizando sistema
2025-09-29 09:51:14,876 - INFO - Ação concluída: Gerar relatório
2025-09-29 10:06:33,250 - INFO - Carregando clientes de: C:\Users\Obras\sistema_gestao_testes\testes\Financeiro\Planilhas_Base\clientes.xlsx
2025-09-29 10:06:33,334 - INFO - Colunas disponíveis: ['Nome', 'Endereço', 'Data Inicial', 'Observações', 'Data Final']
2025-09-29 10:06:33,334 - INFO - Coluna de status: Data Final
2025-09-29 10:06:33,348 - INFO - Coluna de nome: Nome
2025-09-29 10:06:33,348 - INFO - Total de clientes ativos encontrados: 15
2025-09-29 10:06:33,364 - INFO - Lista de clientes atualizada com 16 clientes
2025-09-29 10:06:33,404 - INFO - 🎉 SISTEMA INTEGRADO INICIADO COM SUCESSO!
2025-09-29 10:06:33,405 - INFO - Carregando clientes de: C:\Users\Obras\sistema_gestao_testes\testes\Financeiro\Planilhas_Base\clientes.xlsx
2025-09-29 10:06:33,426 - INFO - Colunas disponíveis: ['Nome', 'Endereço', 'Data Inicial', 'Observações', 'Data Final']
2025-09-29 10:06:33,427 - INFO - Coluna de status: Data Final
2025-09-29 10:06:33,429 - INFO - Coluna de nome: Nome
2025-09-29 10:06:33,430 - INFO - Total de clientes ativos encontrados: 15
2025-09-29 10:06:33,430 - INFO - Lista de clientes carregada com 16 itens
2025-09-29 10:06:39,096 - INFO - 🔍 INICIANDO gerar_relatorio para: categoria
2025-09-29 10:06:39,096 - INFO - 📋 Processando outros relatórios: categoria
2025-09-29 10:10:19,387 - INFO - 🔍 INICIANDO gerar_relatorio para: categoria
2025-09-29 10:10:19,387 - INFO - 📋 Processando outros relatórios: categoria
2025-09-29 10:14:58,819 - INFO - Solicitado retorno ao menu principal
2025-09-29 10:14:58,819 - INFO - Retornando ao menu principal existente
2025-09-29 10:14:58,887 - INFO - Retorno ao menu principal concluído
2025-09-29 10:15:02,124 - INFO - Saída confirmada, finalizando sistema
2025-09-29 10:15:02,387 - INFO - Forçando encerramento do programa...
2025-09-29 10:16:08,564 - INFO - Carregando clientes de: C:\Users\Obras\sistema_gestao_testes\testes\Financeiro\Planilhas_Base\clientes.xlsx
2025-09-29 10:16:08,613 - INFO - Colunas disponíveis: ['Nome', 'Endereço', 'Data Inicial', 'Observações', 'Data Final']
2025-09-29 10:16:08,613 - INFO - Coluna de status: Data Final
2025-09-29 10:16:08,626 - INFO - Coluna de nome: Nome
2025-09-29 10:16:08,628 - INFO - Total de clientes ativos encontrados: 15
2025-09-29 10:16:08,629 - INFO - Lista de clientes atualizada com 16 clientes
2025-09-29 10:16:08,660 - INFO - 🎉 SISTEMA INTEGRADO INICIADO COM SUCESSO!
2025-09-29 10:16:08,662 - INFO - Carregando clientes de: C:\Users\Obras\sistema_gestao_testes\testes\Financeiro\Planilhas_Base\clientes.xlsx
2025-09-29 10:16:08,678 - INFO - Colunas disponíveis: ['Nome', 'Endereço', 'Data Inicial', 'Observações', 'Data Final']
2025-09-29 10:16:08,680 - INFO - Coluna de status: Data Final
2025-09-29 10:16:08,683 - INFO - Coluna de nome: Nome
2025-09-29 10:16:08,684 - INFO - Total de clientes ativos encontrados: 15
2025-09-29 10:16:08,685 - INFO - Lista de clientes carregada com 16 itens
2025-09-29 10:16:19,153 - INFO - 🔍 INICIANDO gerar_relatorio para: categoria
2025-09-29 10:16:19,153 - INFO - 📋 Processando outros relatórios: categoria
2025-09-29 10:21:46,517 - INFO - Solicitado retorno ao menu principal
2025-09-29 10:21:46,517 - INFO - Retornando ao menu principal existente
2025-09-29 10:21:46,600 - INFO - Retorno ao menu principal concluído
2025-09-29 10:21:49,607 - INFO - Saída confirmada, finalizando sistema
2025-09-29 10:21:49,855 - INFO - Forçando encerramento do programa...
2025-09-29 10:26:38,581 - INFO - Carregando clientes de: C:\Users\Obras\sistema_gestao_testes\testes\Financeiro\Planilhas_Base\clientes.xlsx
2025-09-29 10:26:38,625 - INFO - Colunas disponíveis: ['Nome', 'Endereço', 'Data Inicial', 'Observações', 'Data Final']
2025-09-29 10:26:38,625 - INFO - Coluna de status: Data Final
2025-09-29 10:26:38,625 - INFO - Coluna de nome: Nome
2025-09-29 10:26:38,625 - INFO - Total de clientes ativos encontrados: 15
2025-09-29 10:26:38,640 - INFO - Lista de clientes atualizada com 16 clientes
2025-09-29 10:26:38,672 - INFO - 🎉 SISTEMA INTEGRADO INICIADO COM SUCESSO!
2025-09-29 10:26:38,675 - INFO - Carregando clientes de: C:\Users\Obras\sistema_gestao_testes\testes\Financeiro\Planilhas_Base\clientes.xlsx
2025-09-29 10:26:38,692 - INFO - Colunas disponíveis: ['Nome', 'Endereço', 'Data Inicial', 'Observações', 'Data Final']
2025-09-29 10:26:38,696 - INFO - Coluna de status: Data Final
2025-09-29 10:26:38,698 - INFO - Coluna de nome: Nome
2025-09-29 10:26:38,699 - INFO - Total de clientes ativos encontrados: 15
2025-09-29 10:26:38,700 - INFO - Lista de clientes carregada com 16 itens
2025-09-29 10:26:45,291 - INFO - 🔍 INICIANDO gerar_relatorio para: categoria
2025-09-29 10:26:45,291 - INFO - 📋 Processando outros relatórios: categoria
2025-09-29 10:27:03,350 - INFO - Solicitado retorno ao menu principal
2025-09-29 10:27:03,350 - INFO - Retornando ao menu principal existente
2025-09-29 10:27:03,403 - INFO - Retorno ao menu principal concluído
2025-09-29 10:27:06,460 - INFO - Saída confirmada, finalizando sistema
2025-09-29 10:27:06,734 - INFO - Forçando encerramento do programa...
2025-09-29 10:29:43,137 - INFO - Carregando clientes de: C:\Users\Obras\sistema_gestao_testes\testes\Financeiro\Planilhas_Base\clientes.xlsx
2025-09-29 10:29:43,181 - INFO - Colunas disponíveis: ['Nome', 'Endereço', 'Data Inicial', 'Observações', 'Data Final']
2025-09-29 10:29:43,182 - INFO - Coluna de status: Data Final
2025-09-29 10:29:43,183 - INFO - Coluna de nome: Nome
2025-09-29 10:29:43,186 - INFO - Total de clientes ativos encontrados: 15
2025-09-29 10:29:43,188 - INFO - Lista de clientes atualizada com 16 clientes
2025-09-29 10:29:43,222 - INFO - 🎉 SISTEMA INTEGRADO INICIADO COM SUCESSO!
2025-09-29 10:29:43,223 - INFO - Carregando clientes de: C:\Users\Obras\sistema_gestao_testes\testes\Financeiro\Planilhas_Base\clientes.xlsx
2025-09-29 10:29:43,238 - INFO - Colunas disponíveis: ['Nome', 'Endereço', 'Data Inicial', 'Observações', 'Data Final']
2025-09-29 10:29:43,240 - INFO - Coluna de status: Data Final
2025-09-29 10:29:43,242 - INFO - Coluna de nome: Nome
2025-09-29 10:29:43,242 - INFO - Total de clientes ativos encontrados: 15
2025-09-29 10:29:43,243 - INFO - Lista de clientes carregada com 16 itens
2025-09-29 10:29:55,463 - INFO - 🔍 INICIANDO gerar_relatorio para: categoria
2025-09-29 10:29:55,463 - INFO - 📋 Processando outros relatórios: categoria
2025-09-29 10:30:46,316 - INFO - Solicitado retorno ao menu principal
2025-09-29 10:30:46,316 - INFO - Retornando ao menu principal existente
2025-09-29 10:30:46,380 - INFO - Retorno ao menu principal concluído
2025-09-29 10:30:49,423 - INFO - Saída confirmada, finalizando sistema
2025-09-29 10:30:49,667 - INFO - Forçando encerramento do programa...
2025-09-29 10:38:36,937 - INFO - Carregando clientes de: C:\Users\Obras\sistema_gestao_testes\testes\Financeiro\Planilhas_Base\clientes.xlsx
2025-09-29 10:38:36,991 - INFO - Colunas disponíveis: ['Nome', 'Endereço', 'Data Inicial', 'Observações', 'Data Final']
2025-09-29 10:38:36,991 - INFO - Coluna de status: Data Final
2025-09-29 10:38:36,991 - INFO - Coluna de nome: Nome
2025-09-29 10:38:36,991 - INFO - Total de clientes ativos encontrados: 15
2025-09-29 10:38:36,991 - INFO - Lista de clientes atualizada com 16 clientes
2025-09-29 10:38:37,025 - INFO - 🎉 SISTEMA INTEGRADO INICIADO COM SUCESSO!
2025-09-29 10:38:37,025 - INFO - Carregando clientes de: C:\Users\Obras\sistema_gestao_testes\testes\Financeiro\Planilhas_Base\clientes.xlsx
2025-09-29 10:38:37,042 - INFO - Colunas disponíveis: ['Nome', 'Endereço', 'Data Inicial', 'Observações', 'Data Final']
2025-09-29 10:38:37,042 - INFO - Coluna de status: Data Final
2025-09-29 10:38:37,042 - INFO - Coluna de nome: Nome
2025-09-29 10:38:37,050 - INFO - Total de clientes ativos encontrados: 15
2025-09-29 10:38:37,052 - INFO - Lista de clientes carregada com 16 itens
2025-09-29 10:38:45,937 - INFO - 🔍 INICIANDO gerar_relatorio para: categoria
2025-09-29 10:38:45,937 - INFO - 📋 Processando outros relatórios: categoria
2025-09-29 10:52:37,805 - INFO - Solicitado retorno ao menu principal
2025-09-29 10:52:37,805 - INFO - Retornando ao menu principal existente
2025-09-29 10:52:37,869 - INFO - Retorno ao menu principal concluído
2025-09-29 10:52:40,867 - INFO - Saída confirmada, finalizando sistema
2025-09-29 10:52:41,118 - INFO - Forçando encerramento do programa...
2025-09-29 11:03:57,382 - INFO - Carregando clientes de: C:\Users\Obras\sistema_gestao_testes\testes\Financeiro\Planilhas_Base\clientes.xlsx
2025-09-29 11:03:57,437 - INFO - Colunas disponíveis: ['Nome', 'Endereço', 'Data Inicial', 'Observações', 'Data Final']
2025-09-29 11:03:57,437 - INFO - Coluna de status: Data Final
2025-09-29 11:03:57,437 - INFO - Coluna de nome: Nome
2025-09-29 11:03:57,437 - INFO - Total de clientes ativos encontrados: 15
2025-09-29 11:03:57,437 - INFO - Lista de clientes atualizada com 16 clientes
2025-09-29 11:03:57,480 - INFO - 🎉 SISTEMA INTEGRADO INICIADO COM SUCESSO!
2025-09-29 11:03:57,481 - INFO - Carregando clientes de: C:\Users\Obras\sistema_gestao_testes\testes\Financeiro\Planilhas_Base\clientes.xlsx
2025-09-29 11:03:57,496 - INFO - Colunas disponíveis: ['Nome', 'Endereço', 'Data Inicial', 'Observações', 'Data Final']
2025-09-29 11:03:57,496 - INFO - Coluna de status: Data Final
2025-09-29 11:03:57,501 - INFO - Coluna de nome: Nome
2025-09-29 11:03:57,505 - INFO - Total de clientes ativos encontrados: 15
2025-09-29 11:03:57,507 - INFO - Lista de clientes carregada com 16 itens
2025-09-29 11:04:06,199 - INFO - 🔍 INICIANDO gerar_relatorio para: categoria
2025-09-29 11:04:06,214 - INFO - 📋 Processando outros relatórios: categoria
2025-09-29 14:28:00,630 - INFO - Solicitado retorno ao menu principal
2025-09-29 14:28:00,646 - INFO - Retornando ao menu principal existente
2025-09-29 14:28:00,729 - INFO - Retorno ao menu principal concluído
2025-09-29 14:28:03,977 - INFO - Saída confirmada, finalizando sistema
2025-09-29 14:28:04,256 - INFO - Forçando encerramento do programa...
