2025-10-27 08:44:45,811 - INFO - Carregando clientes de: C:\Users\Obras\sistema_gestao_testes\testes\Financeiro\Planilhas_Base\clientes.xlsx
2025-10-27 08:44:45,858 - INFO - Colunas disponíveis: ['Nome', 'Endereço', 'Data Inicial', 'Observações', 'Data Final', 'Tipo Taxa']
2025-10-27 08:44:45,858 - INFO - Coluna de status: Data Final
2025-10-27 08:44:45,858 - INFO - Coluna de nome: Nome
2025-10-27 08:44:45,858 - INFO - Total de clientes ativos encontrados: 14
2025-10-27 08:44:45,858 - INFO - Lista de clientes atualizada com 15 clientes
2025-10-27 08:44:45,889 - INFO - 🎉 SISTEMA INTEGRADO INICIADO COM SUCESSO!
2025-10-27 08:44:45,889 - INFO - Carregando clientes de: C:\Users\Obras\sistema_gestao_testes\testes\Financeiro\Planilhas_Base\clientes.xlsx
2025-10-27 08:44:45,905 - INFO - Colunas disponíveis: ['Nome', 'Endereço', 'Data Inicial', 'Observações', 'Data Final', 'Tipo Taxa']
2025-10-27 08:44:45,905 - INFO - Coluna de status: Data Final
2025-10-27 08:44:45,905 - INFO - Coluna de nome: Nome
2025-10-27 08:44:45,905 - INFO - Total de clientes ativos encontrados: 14
2025-10-27 08:44:45,905 - INFO - Lista de clientes carregada com 15 itens
2025-10-27 08:44:48,530 - INFO - Data calculada automaticamente: 05/11/2025
2025-10-27 08:44:48,530 - INFO - Data calculada automaticamente: 05/11/2025
2025-10-27 08:44:53,499 - INFO - Cliente selecionado: BRUNO SANTANA RINALDI
2025-10-27 08:44:53,499 - INFO - Arquivo encontrado: C:\Users\Obras\sistema_gestao_testes\testes\Financeiro\Clientes\BRUNO SANTANA RINALDI.xlsx
2025-10-27 08:44:53,514 - INFO - Arquivo encontrado: C:\Users\Obras\sistema_gestao_testes\testes\Financeiro\Clientes\BRUNO SANTANA RINALDI.xlsx
2025-10-27 08:46:45,126 - INFO - Notas salvas: 154 caracteres
2025-10-27 08:46:52,285 - INFO - 🔍 INICIANDO gerar_relatorio para: despesas
2025-10-27 08:46:52,286 - INFO - 🎯 PROCESSANDO: Relatório de despesas
2025-10-27 08:46:52,286 - INFO - 🎯 PROCESSANDO DESPESAS - ARQUITETURA LIMPA
2025-10-27 08:46:52,287 - INFO - Data final obtida: 2025-11-05 00:00:00 (tipo: <class 'datetime.datetime'>)
2025-10-27 08:46:52,288 - INFO - ✅ Arquivo encontrado em arquivo_cliente_selecionado: C:\Users\Obras\sistema_gestao_testes\testes\Financeiro\Clientes\BRUNO SANTANA RINALDI.xlsx
2025-10-27 08:46:52,288 - INFO - ✅ Arquivo final nas configurações: C:\Users\Obras\sistema_gestao_testes\testes\Financeiro\Clientes\BRUNO SANTANA RINALDI.xlsx
2025-10-27 08:46:52,288 - INFO - ✅ Configurações coletadas
2025-10-27 08:46:52,288 - INFO - ✅ Arquivo confirmado: BRUNO SANTANA RINALDI.xlsx
2025-10-27 08:46:54,450 - INFO - Modo selecionado: Preview
2025-10-27 08:46:54,451 - INFO - 🎯 EXECUTANDO COM PREVIEW DIRETO - PDF TEMPORÁRIO
2025-10-27 08:46:54,911 - INFO - df_filtrado final: 14 registros
2025-10-27 08:46:54,912 - INFO - Colunas finais do df_filtrado: ['DATA_REL', 'TP_DESP', 'CNPJ_CPF', 'NOME', 'REFERÊNCIA', 'NF', 'VR_UNIT', 'DIAS', 'VALOR', 'DT_VENCTO', 'CATEGORIA', 'DADOS_BANCARIOS', 'OBSERVAÇÃO', 'STATUS', 'ID_LANCAMENTO', 'HISTORICO_ALTERACAO', 'ETAPA_OBRA', 'INSUMO']
2025-10-27 08:46:54,912 - INFO - Tipos de despesa únicos: [2.0 3.0 4.0 7.0 5.0]
2025-10-27 08:46:54,932 - INFO - Processados 6 lançamentos futuros
2025-10-27 08:46:55,177 - INFO - 
Obtendo número do relatório para data 2025-11-05 00:00:00
2025-10-27 08:46:55,177 - INFO - Número do relatório calculado: 16
2025-10-27 08:46:55,178 - INFO - Calculando acumulado para data 2025-11-05 00:00:00
2025-10-27 08:46:55,180 - INFO - Acumulado - registros após filtrar excluídos: 279
2025-10-27 08:46:55,189 - INFO - Valor acumulado calculado (apenas ativos): 1,050,156.84
2025-10-27 08:46:55,190 - INFO - 🔧 GERANDO PDF TEMPORÁRIO COM ORDENAÇÕES PRESERVADAS
2025-10-27 08:46:55,190 - INFO - 📄 Criando PDF temporário: PREVIEW_BRUNO_SANTANA_RINALDI_20251027_084655.pdf
2025-10-27 08:46:55,190 - INFO - === INICIANDO ADIÇÃO DO CABEÇALHO ===
2025-10-27 08:46:55,190 - INFO - Tentando carregar logo: C:\Users\Obras\AppData\Local\Temp\_MEI48522\src\logo1.png
2025-10-27 08:46:55,191 - INFO - Logo carregada com sucesso!
2025-10-27 08:46:55,191 - INFO - Criando cabeçalho COM logo
2025-10-27 08:46:55,192 - INFO - Informações do cliente adicionadas com sucesso
2025-10-27 08:46:55,193 - INFO - === CABEÇALHO CONCLUÍDO COM SUCESSO ===
2025-10-27 08:46:55,202 - INFO - Iniciando adição de detalhes ao relatório
2025-10-27 08:46:55,255 - INFO - Detalhes adicionados com sucesso
2025-10-27 08:46:55,284 - INFO - Adicionando notas ao relatório (154 caracteres)
2025-10-27 08:46:55,284 - INFO - Notas adicionadas com sucesso
2025-10-27 08:46:55,409 - INFO - ✅ PDF temporário gerado: C:\Users\Obras\AppData\Local\Temp\PREVIEW_BRUNO_SANTANA_RINALDI_20251027_084655.pdf
2025-10-27 08:46:55,410 - INFO - ✅ PDF temporário válido: 51,768 bytes
2025-10-27 08:46:55,654 - INFO - ✅ Janela de decisão criada
2025-10-27 08:47:31,900 - INFO - 🗑️ PDF temporário agendado para remoção: PREVIEW_BRUNO_SANTANA_RINALDI_20251027_084655.pdf
2025-10-27 08:47:33,901 - INFO - 🗑️ Arquivo temporário removido: PREVIEW_BRUNO_SANTANA_RINALDI_20251027_084655.pdf
2025-10-27 08:47:35,652 - INFO - Solicitado retorno ao menu principal
2025-10-27 08:47:35,653 - INFO - Retornando ao menu principal existente
2025-10-27 08:47:35,729 - INFO - Retorno ao menu principal concluído
2025-10-27 08:47:37,148 - INFO - Abrindo sistema de entrada de dados
2025-10-27 08:47:38,183 - INFO - Configurações importadas com sucesso via src.config
2025-10-27 08:47:38,192 - INFO - Configurações importadas com sucesso
2025-10-27 08:47:38,192 - INFO - Configurações do sistema importadas com sucesso
2025-10-27 08:47:39,099 - INFO - Iniciando: Carregar configurações
2025-10-27 08:47:39,120 - INFO - Concluído: Carregar configurações
2025-10-27 08:47:39,121 - INFO - Iniciando: Carregar configurações
2025-10-27 08:47:39,121 - INFO - Concluído: Carregar configurações
2025-10-27 08:47:39,127 - INFO - Proteções contra perda de dados configuradas
2025-10-27 08:47:47,541 - INFO - Cliente selecionado com sucesso: CLEVER LUIZ SALVADOR
2025-10-27 08:48:29,754 - INFO - Saída confirmada, finalizando sistema
2025-10-27 08:48:29,790 - INFO - Ação concluída: Gerar relatório
