2025-10-15 09:07:02,433 - INFO - Carregando clientes de: C:\Users\Obras\sistema_gestao_testes\testes\Financeiro\Planilhas_Base\clientes.xlsx
2025-10-15 09:07:02,539 - INFO - Colunas disponíveis: ['Nome', 'Endereço', 'Data Inicial', 'Observações', 'Data Final']
2025-10-15 09:07:02,539 - INFO - Coluna de status: Data Final
2025-10-15 09:07:02,563 - INFO - Coluna de nome: Nome
2025-10-15 09:07:02,563 - INFO - Total de clientes ativos encontrados: 15
2025-10-15 09:07:02,566 - INFO - Lista de clientes atualizada com 16 clientes
2025-10-15 09:07:02,606 - INFO - 🎉 SISTEMA INTEGRADO INICIADO COM SUCESSO!
2025-10-15 09:07:02,607 - INFO - Carregando clientes de: C:\Users\Obras\sistema_gestao_testes\testes\Financeiro\Planilhas_Base\clientes.xlsx
2025-10-15 09:07:02,623 - INFO - Colunas disponíveis: ['Nome', 'Endereço', 'Data Inicial', 'Observações', 'Data Final']
2025-10-15 09:07:02,624 - INFO - Coluna de status: Data Final
2025-10-15 09:07:02,626 - INFO - Coluna de nome: Nome
2025-10-15 09:07:02,627 - INFO - Total de clientes ativos encontrados: 15
2025-10-15 09:07:02,628 - INFO - Lista de clientes carregada com 16 itens
2025-10-15 09:07:09,425 - INFO - 🔍 INICIANDO gerar_relatorio para: tipo_despesa
2025-10-15 09:07:09,425 - INFO - 📋 Processando outros relatórios: tipo_despesa
2025-10-15 09:07:48,678 - INFO - Solicitado retorno ao menu principal
2025-10-15 09:07:48,678 - INFO - Retornando ao menu principal existente
2025-10-15 09:07:48,731 - INFO - Retorno ao menu principal concluído
2025-10-15 09:07:50,037 - INFO - Abrindo sistema de entrada de dados
2025-10-15 09:07:53,814 - INFO - Configurações importadas com sucesso via src.config
2025-10-15 09:07:53,814 - INFO - Configurações importadas com sucesso
2025-10-15 09:07:53,814 - INFO - Configurações do sistema importadas com sucesso
2025-10-15 09:07:55,349 - INFO - Iniciando: Carregar configurações
2025-10-15 09:07:55,369 - INFO - Concluído: Carregar configurações
2025-10-15 09:07:55,373 - INFO - Iniciando: Carregar configurações
2025-10-15 09:07:55,375 - INFO - Concluído: Carregar configurações
2025-10-15 09:12:33,110 - INFO - Iniciando: Carregar configurações
2025-10-15 09:12:33,110 - INFO - Concluído: Carregar configurações
2025-10-15 09:15:19,459 - INFO - Iniciando adição de dados - Cliente: EDUARDO MORENO MARQUES
2025-10-15 09:15:20,878 - INFO - Dados adicionados com sucesso - Cliente: EDUARDO MORENO MARQUES, Total: 1
2025-10-15 09:15:31,687 - INFO - Iniciando: Carregar configurações
2025-10-15 09:15:31,687 - INFO - Concluído: Carregar configurações
2025-10-15 09:16:17,610 - INFO - Iniciando adição de dados - Cliente: EDUARDO MORENO MARQUES
2025-10-15 09:16:18,682 - INFO - Dados adicionados com sucesso - Cliente: EDUARDO MORENO MARQUES, Total: 2
2025-10-15 09:16:28,016 - INFO - Iniciando: Carregar configurações
2025-10-15 09:16:28,016 - INFO - Concluído: Carregar configurações
2025-10-15 09:17:11,505 - INFO - Iniciando adição de dados - Cliente: EDUARDO MORENO MARQUES
2025-10-15 09:17:12,404 - INFO - Dados adicionados com sucesso - Cliente: EDUARDO MORENO MARQUES, Total: 3
2025-10-15 09:17:22,831 - INFO - Iniciando: Carregar configurações
2025-10-15 09:17:22,831 - INFO - Concluído: Carregar configurações
2025-10-15 09:17:59,392 - INFO - Iniciando adição de dados - Cliente: EDUARDO MORENO MARQUES
2025-10-15 09:18:00,987 - INFO - Dados adicionados com sucesso - Cliente: EDUARDO MORENO MARQUES, Total: 4
2025-10-15 09:18:36,926 - INFO - Iniciando: Carregar configurações
2025-10-15 09:18:36,926 - INFO - Iniciando: Carregar configurações
2025-10-15 09:18:36,926 - INFO - Concluído: Carregar configurações
2025-10-15 09:18:36,926 - INFO - Concluído: Carregar configurações
2025-10-15 09:18:36,941 - INFO - Iniciando: Carregar configurações
2025-10-15 09:18:36,941 - INFO - Concluído: Carregar configurações
2025-10-15 09:18:36,941 - INFO - Iniciando: Carregar configurações
2025-10-15 09:18:36,941 - INFO - Concluído: Carregar configurações
2025-10-15 09:20:34,841 - INFO - Iniciando: Carregar configurações
2025-10-15 09:20:34,841 - INFO - Concluído: Carregar configurações
2025-10-15 09:21:15,227 - INFO - Iniciando adição de dados - Cliente: EDUARDO MORENO MARQUES
2025-10-15 09:21:16,278 - INFO - Dados adicionados com sucesso - Cliente: EDUARDO MORENO MARQUES, Total: 5
2025-10-15 09:21:23,989 - INFO - Iniciando: Carregar configurações
2025-10-15 09:21:23,989 - INFO - Concluído: Carregar configurações
2025-10-15 09:21:53,345 - INFO - Iniciando adição de dados - Cliente: EDUARDO MORENO MARQUES
2025-10-15 09:21:54,430 - INFO - Dados adicionados com sucesso - Cliente: EDUARDO MORENO MARQUES, Total: 6
2025-10-15 09:22:34,453 - INFO - Iniciando: Carregar configurações
2025-10-15 09:22:34,453 - INFO - Iniciando: Carregar configurações
2025-10-15 09:22:34,453 - INFO - Concluído: Carregar configurações
2025-10-15 09:22:34,453 - INFO - Concluído: Carregar configurações
2025-10-15 09:22:34,468 - INFO - Iniciando: Carregar configurações
2025-10-15 09:22:34,473 - INFO - Concluído: Carregar configurações
2025-10-15 09:22:34,476 - INFO - Iniciando: Carregar configurações
2025-10-15 09:22:34,476 - INFO - Concluído: Carregar configurações
2025-10-15 09:23:16,912 - INFO - Iniciando: Carregar configurações
2025-10-15 09:23:16,912 - INFO - Concluído: Carregar configurações
2025-10-15 09:23:49,948 - INFO - Iniciando adição de dados - Cliente: EDUARDO MORENO MARQUES
2025-10-15 09:23:51,262 - INFO - Dados adicionados com sucesso - Cliente: EDUARDO MORENO MARQUES, Total: 7
2025-10-15 09:24:12,000 - INFO - Iniciando: Carregar configurações
2025-10-15 09:24:12,000 - INFO - Concluído: Carregar configurações
2025-10-15 09:24:47,968 - INFO - Iniciando adição de dados - Cliente: EDUARDO MORENO MARQUES
2025-10-15 09:24:49,126 - INFO - Dados adicionados com sucesso - Cliente: EDUARDO MORENO MARQUES, Total: 8
2025-10-15 09:25:01,676 - INFO - Iniciando: Carregar configurações
2025-10-15 09:25:01,676 - INFO - Concluído: Carregar configurações
2025-10-15 09:25:42,979 - INFO - Iniciando adição de dados - Cliente: EDUARDO MORENO MARQUES
2025-10-15 09:25:44,259 - INFO - Dados adicionados com sucesso - Cliente: EDUARDO MORENO MARQUES, Total: 9
2025-10-15 09:25:53,829 - INFO - Iniciando: Carregar configurações
2025-10-15 09:25:53,829 - INFO - Concluído: Carregar configurações
2025-10-15 09:26:25,991 - INFO - Iniciando adição de dados - Cliente: EDUARDO MORENO MARQUES
2025-10-15 09:26:27,042 - INFO - Dados adicionados com sucesso - Cliente: EDUARDO MORENO MARQUES, Total: 10
2025-10-15 09:26:48,000 - INFO - Iniciando: Carregar configurações
2025-10-15 09:26:48,000 - INFO - Concluído: Carregar configurações
2025-10-15 09:27:49,745 - INFO - Iniciando adição de dados - Cliente: EDUARDO MORENO MARQUES
2025-10-15 09:27:51,099 - INFO - Dados adicionados com sucesso - Cliente: EDUARDO MORENO MARQUES, Total: 11
2025-10-15 09:27:58,936 - INFO - Iniciando: Carregar configurações
2025-10-15 09:27:58,951 - INFO - Concluído: Carregar configurações
2025-10-15 09:28:35,112 - INFO - Iniciando adição de dados - Cliente: EDUARDO MORENO MARQUES
2025-10-15 09:28:36,381 - INFO - Dados adicionados com sucesso - Cliente: EDUARDO MORENO MARQUES, Total: 12
2025-10-15 09:28:54,804 - INFO - Iniciando envio de dados - Cliente: EDUARDO MORENO MARQUES, Registros: 12
2025-10-15 09:28:54,804 - INFO - Obtendo dados do visualizador
2025-10-15 09:28:54,804 - INFO - Total de registros a processar: 12
2025-10-15 09:28:54,804 - INFO - Datas que serão afetadas pela inserção: ['05/09/2025']
2025-10-15 09:28:54,804 - INFO - Salvando em: C:\Users\Obras\sistema_gestao_testes\testes\Financeiro\Clientes\EDUARDO MORENO MARQUES.xlsx
2025-10-15 09:28:54,820 - INFO - Verificando integridade dos IDs antes da inserção
2025-10-15 09:28:55,623 - INFO - Cabeçalho 'ETAPA_OBRA' adicionado na coluna Q (17)
2025-10-15 09:28:55,623 - INFO - Cabeçalho 'INSUMO' adicionado na coluna R (18)
2025-10-15 09:28:55,640 - ERROR - 🔍 MÉTODO DE VERIFICAÇÃO FOI CHAMADO!
2025-10-15 09:28:55,644 - INFO - === INICIANDO VERIFICAÇÃO DE DUPLICIDADE ===
2025-10-15 09:28:55,645 - INFO - Dados novos: GKM COMERCIAL | SERRA COPA E REBOLO | R$ 274.70 | 08/09/2025
2025-10-15 09:28:55,710 - INFO - ✅ Nenhuma duplicata encontrada para: GKM COMERCIAL - SERRA COPA E REBOLO
2025-10-15 09:28:55,712 - ERROR - 🔍 MÉTODO DE VERIFICAÇÃO FOI CHAMADO!
2025-10-15 09:28:55,712 - INFO - === INICIANDO VERIFICAÇÃO DE DUPLICIDADE ===
2025-10-15 09:28:55,712 - INFO - Dados novos: LOCFER | MARTELETE, SERRA E RODIZIOS | R$ 451.00 | 10/09/2025
2025-10-15 09:28:55,757 - INFO - ✅ Nenhuma duplicata encontrada para: LOCFER - MARTELETE, SERRA E RODIZIOS
2025-10-15 09:28:55,757 - ERROR - 🔍 MÉTODO DE VERIFICAÇÃO FOI CHAMADO!
2025-10-15 09:28:55,757 - INFO - === INICIANDO VERIFICAÇÃO DE DUPLICIDADE ===
2025-10-15 09:28:55,757 - INFO - Dados novos: DALLMINAS COMERCIAL LTDA | DOWSIL | R$ 695.40 | 19/08/2025
2025-10-15 09:28:55,808 - INFO - ✅ Nenhuma duplicata encontrada para: DALLMINAS COMERCIAL LTDA - DOWSIL
2025-10-15 09:28:55,808 - ERROR - 🔍 MÉTODO DE VERIFICAÇÃO FOI CHAMADO!
2025-10-15 09:28:55,808 - INFO - === INICIANDO VERIFICAÇÃO DE DUPLICIDADE ===
2025-10-15 09:28:55,808 - INFO - Dados novos: GKM COMERCIAL | ZARCÃO | R$ 139.90 | 15/09/2025
2025-10-15 09:28:55,875 - INFO - ✅ Nenhuma duplicata encontrada para: GKM COMERCIAL - ZARCÃO
2025-10-15 09:28:55,875 - ERROR - 🔍 MÉTODO DE VERIFICAÇÃO FOI CHAMADO!
2025-10-15 09:28:55,875 - INFO - === INICIANDO VERIFICAÇÃO DE DUPLICIDADE ===
2025-10-15 09:28:55,875 - INFO - Dados novos: FMFERRAZ | TUBOS E CHAPAS | R$ 3500.00 | 19/08/2025
2025-10-15 09:28:55,925 - INFO - ✅ Nenhuma duplicata encontrada para: FMFERRAZ - TUBOS E CHAPAS
2025-10-15 09:28:55,925 - ERROR - 🔍 MÉTODO DE VERIFICAÇÃO FOI CHAMADO!
2025-10-15 09:28:55,925 - INFO - === INICIANDO VERIFICAÇÃO DE DUPLICIDADE ===
2025-10-15 09:28:55,925 - INFO - Dados novos: JB CIMENTO | CIMENTO | R$ 2750.00 | 19/09/2025
2025-10-15 09:28:55,975 - INFO - ✅ Nenhuma duplicata encontrada para: JB CIMENTO - CIMENTO
2025-10-15 09:28:55,975 - ERROR - 🔍 MÉTODO DE VERIFICAÇÃO FOI CHAMADO!
2025-10-15 09:28:55,975 - INFO - === INICIANDO VERIFICAÇÃO DE DUPLICIDADE ===
2025-10-15 09:28:55,975 - INFO - Dados novos: IMPERMATEX | DRYKOMANTA E VEDACIT | R$ 6545.00 | 19/09/2025
2025-10-15 09:28:56,026 - INFO - ✅ Nenhuma duplicata encontrada para: IMPERMATEX - DRYKOMANTA E VEDACIT
2025-10-15 09:28:56,026 - ERROR - 🔍 MÉTODO DE VERIFICAÇÃO FOI CHAMADO!
2025-10-15 09:28:56,026 - INFO - === INICIANDO VERIFICAÇÃO DE DUPLICIDADE ===
2025-10-15 09:28:56,026 - INFO - Dados novos: UNIVERSO ELÉTRICO LTDA | MATERIAIS ELÉTRICOS | R$ 514.60 | 10/09/2025
2025-10-15 09:28:56,072 - INFO - ✅ Nenhuma duplicata encontrada para: UNIVERSO ELÉTRICO LTDA - MATERIAIS ELÉTRICOS
2025-10-15 09:28:56,075 - ERROR - 🔍 MÉTODO DE VERIFICAÇÃO FOI CHAMADO!
2025-10-15 09:28:56,075 - INFO - === INICIANDO VERIFICAÇÃO DE DUPLICIDADE ===
2025-10-15 09:28:56,075 - INFO - Dados novos: LOCFER | BETONEIRA, MARTELO, MARTELETE E ESMERILHADEIRA | R$ 975.00 | 17/09/2025
2025-10-15 09:28:56,125 - INFO - ✅ Nenhuma duplicata encontrada para: LOCFER - BETONEIRA, MARTELO, MARTELETE E ESMERILHADEIRA
2025-10-15 09:28:56,125 - ERROR - 🔍 MÉTODO DE VERIFICAÇÃO FOI CHAMADO!
2025-10-15 09:28:56,125 - INFO - === INICIANDO VERIFICAÇÃO DE DUPLICIDADE ===
2025-10-15 09:28:56,125 - INFO - Dados novos: JB CIMENTO | CIMENTO | R$ 2750.00 | 19/09/2025
2025-10-15 09:28:56,175 - INFO - ✅ Nenhuma duplicata encontrada para: JB CIMENTO - CIMENTO
2025-10-15 09:28:56,175 - ERROR - 🔍 MÉTODO DE VERIFICAÇÃO FOI CHAMADO!
2025-10-15 09:28:56,175 - INFO - === INICIANDO VERIFICAÇÃO DE DUPLICIDADE ===
2025-10-15 09:28:56,175 - INFO - Dados novos: VR AREIA E BRITA | AREIA E BRITA - PED. 5594 / 5597 | R$ 2720.00 | 05/09/2025
2025-10-15 09:28:56,215 - INFO - ✅ Nenhuma duplicata encontrada para: VR AREIA E BRITA - AREIA E BRITA - PED. 5594 / 5597
2025-10-15 09:28:56,225 - ERROR - 🔍 MÉTODO DE VERIFICAÇÃO FOI CHAMADO!
2025-10-15 09:28:56,225 - INFO - === INICIANDO VERIFICAÇÃO DE DUPLICIDADE ===
2025-10-15 09:28:56,225 - INFO - Dados novos: LOCFER | SERRA, GUINCHO E PEDESTAL | R$ 765.00 | 05/09/2025
2025-10-15 09:28:56,275 - INFO - ✅ Nenhuma duplicata encontrada para: LOCFER - SERRA, GUINCHO E PEDESTAL
2025-10-15 09:28:56,275 - INFO - Lançamento inserido com ID 815 na linha 816
2025-10-15 09:28:56,286 - INFO - Lançamento inserido com ID 816 na linha 817
2025-10-15 09:28:56,291 - INFO - Lançamento inserido com ID 817 na linha 818
2025-10-15 09:28:56,297 - INFO - Lançamento inserido com ID 818 na linha 819
2025-10-15 09:28:56,303 - INFO - Lançamento inserido com ID 819 na linha 820
2025-10-15 09:28:56,308 - INFO - Lançamento inserido com ID 820 na linha 821
2025-10-15 09:28:56,315 - INFO - Lançamento inserido com ID 821 na linha 822
2025-10-15 09:28:56,321 - INFO - Lançamento inserido com ID 822 na linha 823
2025-10-15 09:28:56,328 - INFO - Lançamento inserido com ID 823 na linha 824
2025-10-15 09:28:56,332 - INFO - Lançamento inserido com ID 824 na linha 825
2025-10-15 09:28:56,338 - INFO - Lançamento inserido com ID 825 na linha 826
2025-10-15 09:28:56,345 - INFO - Lançamento inserido com ID 826 na linha 827
2025-10-15 09:28:56,817 - INFO - Iniciando verificação de recálculo para 1 datas
2025-10-15 09:28:57,321 - INFO - Verificando necessidade de recálculo para 2025-09-05
2025-10-15 09:28:57,847 - INFO - 2025-09-05: Sem taxas na data - recálculo desnecessário
2025-10-15 09:32:23,870 - INFO - Iniciando: Carregar configurações
2025-10-15 09:32:23,871 - INFO - Concluído: Carregar configurações
2025-10-15 09:32:36,575 - INFO - Iniciando: Carregar configurações
2025-10-15 09:32:36,575 - INFO - Concluído: Carregar configurações
2025-10-15 09:33:10,078 - INFO - Iniciando adição de dados - Cliente: EDUARDO MORENO MARQUES
2025-10-15 09:33:11,242 - INFO - Dados adicionados com sucesso - Cliente: EDUARDO MORENO MARQUES, Total: 1
2025-10-15 09:33:25,664 - INFO - Iniciando: Carregar configurações
2025-10-15 09:33:25,664 - INFO - Concluído: Carregar configurações
2025-10-15 09:33:43,771 - INFO - Iniciando adição de dados - Cliente: EDUARDO MORENO MARQUES
2025-10-15 09:33:44,959 - INFO - Dados adicionados com sucesso - Cliente: EDUARDO MORENO MARQUES, Total: 2
2025-10-15 09:37:12,060 - INFO - Iniciando: Carregar configurações
2025-10-15 09:37:12,060 - INFO - Concluído: Carregar configurações
2025-10-15 09:37:39,230 - INFO - Iniciando adição de dados - Cliente: EDUARDO MORENO MARQUES
2025-10-15 09:37:41,313 - INFO - Dados adicionados com sucesso - Cliente: EDUARDO MORENO MARQUES, Total: 3
2025-10-15 09:37:59,243 - INFO - Iniciando: Carregar configurações
2025-10-15 09:37:59,243 - INFO - Concluído: Carregar configurações
2025-10-15 09:38:33,794 - INFO - Iniciando adição de dados - Cliente: EDUARDO MORENO MARQUES
2025-10-15 09:38:34,889 - INFO - Dados adicionados com sucesso - Cliente: EDUARDO MORENO MARQUES, Total: 4
2025-10-15 09:38:51,819 - INFO - Iniciando: Carregar configurações
2025-10-15 09:38:51,819 - INFO - Concluído: Carregar configurações
2025-10-15 09:39:15,480 - INFO - Iniciando adição de dados - Cliente: EDUARDO MORENO MARQUES
2025-10-15 09:39:16,576 - INFO - Dados adicionados com sucesso - Cliente: EDUARDO MORENO MARQUES, Total: 5
2025-10-15 09:39:26,966 - INFO - Iniciando: Carregar configurações
2025-10-15 09:39:26,966 - INFO - Concluído: Carregar configurações
2025-10-15 09:40:08,446 - INFO - Iniciando adição de dados - Cliente: EDUARDO MORENO MARQUES
2025-10-15 09:40:09,498 - INFO - Dados adicionados com sucesso - Cliente: EDUARDO MORENO MARQUES, Total: 6
2025-10-15 09:40:31,203 - INFO - Iniciando: Carregar configurações
2025-10-15 09:40:31,203 - INFO - Iniciando: Carregar configurações
2025-10-15 09:40:31,203 - INFO - Concluído: Carregar configurações
2025-10-15 09:40:31,203 - INFO - Concluído: Carregar configurações
2025-10-15 09:40:31,203 - INFO - Iniciando: Carregar configurações
2025-10-15 09:40:31,203 - INFO - Concluído: Carregar configurações
2025-10-15 09:40:31,221 - INFO - Iniciando: Carregar configurações
2025-10-15 09:40:31,221 - INFO - Concluído: Carregar configurações
2025-10-15 09:41:34,197 - INFO - Iniciando: Carregar configurações
2025-10-15 09:41:34,197 - INFO - Concluído: Carregar configurações
2025-10-15 09:41:52,313 - INFO - Iniciando adição de dados - Cliente: EDUARDO MORENO MARQUES
2025-10-15 09:41:53,394 - INFO - Dados adicionados com sucesso - Cliente: EDUARDO MORENO MARQUES, Total: 7
2025-10-15 09:42:04,180 - INFO - Iniciando: Carregar configurações
2025-10-15 09:42:04,180 - INFO - Concluído: Carregar configurações
2025-10-15 09:42:19,372 - INFO - Iniciando adição de dados - Cliente: EDUARDO MORENO MARQUES
2025-10-15 09:42:20,323 - INFO - Dados adicionados com sucesso - Cliente: EDUARDO MORENO MARQUES, Total: 8
2025-10-15 09:42:31,358 - INFO - Iniciando: Carregar configurações
2025-10-15 09:42:31,358 - INFO - Concluído: Carregar configurações
2025-10-15 09:45:03,444 - INFO - Iniciando adição de dados - Cliente: EDUARDO MORENO MARQUES
2025-10-15 09:45:04,940 - INFO - Dados adicionados com sucesso - Cliente: EDUARDO MORENO MARQUES, Total: 9
2025-10-15 09:45:17,541 - INFO - Iniciando: Carregar configurações
2025-10-15 09:45:17,541 - INFO - Concluído: Carregar configurações
2025-10-15 09:45:35,271 - INFO - Iniciando adição de dados - Cliente: EDUARDO MORENO MARQUES
2025-10-15 09:45:36,343 - INFO - Dados adicionados com sucesso - Cliente: EDUARDO MORENO MARQUES, Total: 10
2025-10-15 09:45:58,052 - INFO - Iniciando envio de dados - Cliente: EDUARDO MORENO MARQUES, Registros: 10
2025-10-15 09:45:58,052 - INFO - Obtendo dados do visualizador
2025-10-15 09:45:58,052 - INFO - Total de registros a processar: 10
2025-10-15 09:45:58,052 - INFO - Datas que serão afetadas pela inserção: ['05/09/2025']
2025-10-15 09:45:58,052 - INFO - Salvando em: C:\Users\Obras\sistema_gestao_testes\testes\Financeiro\Clientes\EDUARDO MORENO MARQUES.xlsx
2025-10-15 09:45:58,052 - INFO - Verificando integridade dos IDs antes da inserção
2025-10-15 09:45:58,881 - ERROR - 🔍 MÉTODO DE VERIFICAÇÃO FOI CHAMADO!
2025-10-15 09:45:58,881 - INFO - === INICIANDO VERIFICAÇÃO DE DUPLICIDADE ===
2025-10-15 09:45:58,881 - INFO - Dados novos: FOLHA DP | REF. 08/2025 | R$ 910.80 | 05/09/2025
2025-10-15 09:45:58,974 - INFO - ✅ Nenhuma duplicata encontrada para: FOLHA DP - REF. 08/2025
2025-10-15 09:45:58,989 - ERROR - 🔍 MÉTODO DE VERIFICAÇÃO FOI CHAMADO!
2025-10-15 09:45:58,992 - INFO - === INICIANDO VERIFICAÇÃO DE DUPLICIDADE ===
2025-10-15 09:45:58,994 - INFO - Dados novos: MOTOBOY | REF. 08/2025 | R$ 146.00 | 05/09/2025
2025-10-15 09:45:59,070 - INFO - ✅ Nenhuma duplicata encontrada para: MOTOBOY - REF. 08/2025
2025-10-15 09:45:59,072 - ERROR - 🔍 MÉTODO DE VERIFICAÇÃO FOI CHAMADO!
2025-10-15 09:45:59,073 - INFO - === INICIANDO VERIFICAÇÃO DE DUPLICIDADE ===
2025-10-15 09:45:59,074 - INFO - Dados novos: MHS MENSALIDADE | REF. 08/2025 | R$ 744.00 | 05/09/2025
2025-10-15 09:45:59,116 - INFO - ✅ Nenhuma duplicata encontrada para: MHS MENSALIDADE - REF. 08/2025
2025-10-15 09:45:59,117 - ERROR - 🔍 MÉTODO DE VERIFICAÇÃO FOI CHAMADO!
2025-10-15 09:45:59,118 - INFO - === INICIANDO VERIFICAÇÃO DE DUPLICIDADE ===
2025-10-15 09:45:59,118 - INFO - Dados novos: FGTS | RESCISÓRIO ADAILSON SILVA | R$ 161.83 | 21/08/2025
2025-10-15 09:45:59,162 - INFO - ✅ Nenhuma duplicata encontrada para: FGTS - RESCISÓRIO ADAILSON SILVA
2025-10-15 09:45:59,162 - ERROR - 🔍 MÉTODO DE VERIFICAÇÃO FOI CHAMADO!
2025-10-15 09:45:59,162 - INFO - === INICIANDO VERIFICAÇÃO DE DUPLICIDADE ===
2025-10-15 09:45:59,162 - INFO - Dados novos: ADAILSON SILVA NOVAIS | RESCISÃO | R$ 1518.92 | 22/08/2025
2025-10-15 09:45:59,203 - INFO - ✅ Nenhuma duplicata encontrada para: ADAILSON SILVA NOVAIS - RESCISÃO
2025-10-15 09:45:59,203 - ERROR - 🔍 MÉTODO DE VERIFICAÇÃO FOI CHAMADO!
2025-10-15 09:45:59,203 - INFO - === INICIANDO VERIFICAÇÃO DE DUPLICIDADE ===
2025-10-15 09:45:59,203 - INFO - Dados novos: PEDRINHO CAÇAMBAS | LOCAÇÃO DE CAÇAMBAS | R$ 400.00 | 05/09/2025
2025-10-15 09:45:59,247 - INFO - ✅ Nenhuma duplicata encontrada para: PEDRINHO CAÇAMBAS - LOCAÇÃO DE CAÇAMBAS
2025-10-15 09:45:59,261 - ERROR - 🔍 MÉTODO DE VERIFICAÇÃO FOI CHAMADO!
2025-10-15 09:45:59,262 - INFO - === INICIANDO VERIFICAÇÃO DE DUPLICIDADE ===
2025-10-15 09:45:59,263 - INFO - Dados novos: DOMINGOS TEIXEIRA DOS SANTOS | DIÁRIA | R$ 3000.00 | 05/09/2025
2025-10-15 09:45:59,303 - INFO - ✅ Nenhuma duplicata encontrada para: DOMINGOS TEIXEIRA DOS SANTOS - DIÁRIA
2025-10-15 09:45:59,311 - ERROR - 🔍 MÉTODO DE VERIFICAÇÃO FOI CHAMADO!
2025-10-15 09:45:59,312 - INFO - === INICIANDO VERIFICAÇÃO DE DUPLICIDADE ===
2025-10-15 09:45:59,313 - INFO - Dados novos: IGOR OLIVEIRA GONÇALVES | DIÁRIA | R$ 2070.00 | 05/09/2025
2025-10-15 09:45:59,353 - INFO - ✅ Nenhuma duplicata encontrada para: IGOR OLIVEIRA GONÇALVES - DIÁRIA
2025-10-15 09:45:59,353 - ERROR - 🔍 MÉTODO DE VERIFICAÇÃO FOI CHAMADO!
2025-10-15 09:45:59,353 - INFO - === INICIANDO VERIFICAÇÃO DE DUPLICIDADE ===
2025-10-15 09:45:59,353 - INFO - Dados novos: ITOLO VIANA CHAVES | DIÁRIA | R$ 2250.00 | 05/09/2025
2025-10-15 09:45:59,403 - INFO - ✅ Nenhuma duplicata encontrada para: ITOLO VIANA CHAVES - DIÁRIA
2025-10-15 09:45:59,403 - ERROR - 🔍 MÉTODO DE VERIFICAÇÃO FOI CHAMADO!
2025-10-15 09:45:59,403 - INFO - === INICIANDO VERIFICAÇÃO DE DUPLICIDADE ===
2025-10-15 09:45:59,403 - INFO - Dados novos: RODOLFO DIAS DA SILVA | DIÁRIA | R$ 500.00 | 05/09/2025
2025-10-15 09:45:59,453 - INFO - ✅ Nenhuma duplicata encontrada para: RODOLFO DIAS DA SILVA - DIÁRIA
2025-10-15 09:45:59,453 - INFO - Lançamento inserido com ID 829 na linha 830
2025-10-15 09:45:59,464 - INFO - Lançamento inserido com ID 830 na linha 831
2025-10-15 09:45:59,464 - INFO - Lançamento inserido com ID 831 na linha 832
2025-10-15 09:45:59,475 - INFO - Lançamento inserido com ID 832 na linha 833
2025-10-15 09:45:59,481 - INFO - Lançamento inserido com ID 833 na linha 834
2025-10-15 09:45:59,487 - INFO - Lançamento inserido com ID 834 na linha 835
2025-10-15 09:45:59,492 - INFO - Lançamento inserido com ID 835 na linha 836
2025-10-15 09:45:59,497 - INFO - Lançamento inserido com ID 836 na linha 837
2025-10-15 09:45:59,504 - INFO - Lançamento inserido com ID 837 na linha 838
2025-10-15 09:45:59,505 - INFO - Lançamento inserido com ID 838 na linha 839
2025-10-15 09:45:59,956 - INFO - Iniciando verificação de recálculo para 1 datas
2025-10-15 09:46:00,469 - INFO - Verificando necessidade de recálculo para 2025-09-05
2025-10-15 09:46:00,876 - INFO - 2025-09-05: Sem taxas na data - recálculo desnecessário
2025-10-15 09:47:04,698 - INFO - Iniciando envio de dados - Cliente: EDUARDO MORENO MARQUES, Registros: 5
2025-10-15 09:47:04,698 - INFO - Obtendo dados do visualizador
2025-10-15 09:47:04,698 - INFO - Total de registros a processar: 5
2025-10-15 09:47:04,698 - INFO - Datas que serão afetadas pela inserção: ['05/09/2025']
2025-10-15 09:47:04,698 - INFO - Salvando em: C:\Users\Obras\sistema_gestao_testes\testes\Financeiro\Clientes\EDUARDO MORENO MARQUES.xlsx
2025-10-15 09:47:04,698 - INFO - Verificando integridade dos IDs antes da inserção
2025-10-15 09:47:05,531 - ERROR - 🔍 MÉTODO DE VERIFICAÇÃO FOI CHAMADO!
2025-10-15 09:47:05,531 - INFO - === INICIANDO VERIFICAÇÃO DE DUPLICIDADE ===
2025-10-15 09:47:05,531 - INFO - Dados novos: ALEIR FERREIRA DE AZEVEDO | SALÁRIO | R$ 2449.47 | 05/09/2025
2025-10-15 09:47:05,578 - INFO - ✅ Nenhuma duplicata encontrada para: ALEIR FERREIRA DE AZEVEDO - SALÁRIO
2025-10-15 09:47:05,578 - ERROR - 🔍 MÉTODO DE VERIFICAÇÃO FOI CHAMADO!
2025-10-15 09:47:05,594 - INFO - === INICIANDO VERIFICAÇÃO DE DUPLICIDADE ===
2025-10-15 09:47:05,595 - INFO - Dados novos: EDISON HENRIQUES DOS SANTOS | SALÁRIO | R$ 910.16 | 05/09/2025
2025-10-15 09:47:05,635 - INFO - ✅ Nenhuma duplicata encontrada para: EDISON HENRIQUES DOS SANTOS - SALÁRIO
2025-10-15 09:47:05,635 - ERROR - 🔍 MÉTODO DE VERIFICAÇÃO FOI CHAMADO!
2025-10-15 09:47:05,635 - INFO - === INICIANDO VERIFICAÇÃO DE DUPLICIDADE ===
2025-10-15 09:47:05,635 - INFO - Dados novos: ELVIS PEREIRA DA SILVA | SALÁRIO | R$ 1493.80 | 05/09/2025
2025-10-15 09:47:05,679 - INFO - ✅ Nenhuma duplicata encontrada para: ELVIS PEREIRA DA SILVA - SALÁRIO
2025-10-15 09:47:05,679 - ERROR - 🔍 MÉTODO DE VERIFICAÇÃO FOI CHAMADO!
2025-10-15 09:47:05,679 - INFO - === INICIANDO VERIFICAÇÃO DE DUPLICIDADE ===
2025-10-15 09:47:05,679 - INFO - Dados novos: WELINGTON GOMES PAIVA | SALÁRIO | R$ 1321.35 | 05/09/2025
2025-10-15 09:47:05,736 - INFO - ✅ Nenhuma duplicata encontrada para: WELINGTON GOMES PAIVA - SALÁRIO
2025-10-15 09:47:05,736 - ERROR - 🔍 MÉTODO DE VERIFICAÇÃO FOI CHAMADO!
2025-10-15 09:47:05,744 - INFO - === INICIANDO VERIFICAÇÃO DE DUPLICIDADE ===
2025-10-15 09:47:05,745 - INFO - Dados novos: DIOSAGNES DE SOUSA ARAUJO | SALÁRIO | R$ 966.27 | 05/09/2025
2025-10-15 09:47:05,784 - INFO - ✅ Nenhuma duplicata encontrada para: DIOSAGNES DE SOUSA ARAUJO - SALÁRIO
2025-10-15 09:47:05,784 - INFO - Lançamento inserido com ID 839 na linha 840
2025-10-15 09:47:05,797 - INFO - Lançamento inserido com ID 840 na linha 841
2025-10-15 09:47:05,797 - INFO - Lançamento inserido com ID 841 na linha 842
2025-10-15 09:47:05,809 - INFO - Lançamento inserido com ID 842 na linha 843
2025-10-15 09:47:05,816 - INFO - Lançamento inserido com ID 843 na linha 844
2025-10-15 09:47:06,240 - INFO - Iniciando verificação de recálculo para 1 datas
2025-10-15 09:47:06,751 - INFO - Verificando necessidade de recálculo para 2025-09-05
2025-10-15 09:47:07,174 - INFO - 2025-09-05: Sem taxas na data - recálculo desnecessário
2025-10-15 09:47:07,205 - INFO - Iniciando envio de dados - Cliente: EDUARDO MORENO MARQUES, Registros: 5
2025-10-15 09:47:07,207 - INFO - Obtendo dados do visualizador
2025-10-15 09:47:07,208 - INFO - Total de registros a processar: 5
2025-10-15 09:47:07,209 - INFO - Datas que serão afetadas pela inserção: ['05/09/2025']
2025-10-15 09:47:07,216 - INFO - Salvando em: C:\Users\Obras\sistema_gestao_testes\testes\Financeiro\Clientes\EDUARDO MORENO MARQUES.xlsx
2025-10-15 09:47:07,217 - INFO - Verificando integridade dos IDs antes da inserção
2025-10-15 09:47:08,030 - ERROR - 🔍 MÉTODO DE VERIFICAÇÃO FOI CHAMADO!
2025-10-15 09:47:08,030 - INFO - === INICIANDO VERIFICAÇÃO DE DUPLICIDADE ===
2025-10-15 09:47:08,030 - INFO - Dados novos: ALEIR FERREIRA DE AZEVEDO | SALÁRIO | R$ 2449.47 | 05/09/2025
2025-10-15 09:47:08,085 - ERROR - 🚨 DUPLICATA PROVÁVEL DETECTADA (Critério: Fornecedor+Valor+Data+Referência Similar)!
2025-10-15 09:47:08,089 - ERROR -    Nome: ALEIR FERREIRA DE AZEVEDO
2025-10-15 09:47:08,089 - ERROR -    Referência nova: 'SALÁRIO'
2025-10-15 09:47:08,089 - ERROR -    Referência existente: 'SALÁRIO'
2025-10-15 09:47:08,089 - ERROR -    Similaridade: 90.00%
2025-10-15 09:47:08,089 - ERROR -    Valor: R$ 2449.47
2025-10-15 09:47:08,094 - ERROR -    Vencimento: 05/09/2025
2025-10-15 09:47:08,095 - ERROR -    Linha existente: 840
2025-10-15 09:47:08,096 - WARNING - Duplicata detectada: ALEIR FERREIRA DE AZEVEDO - SALÁRIO - R$ 2449.47
2025-10-15 09:47:08,098 - ERROR - 🔍 MÉTODO DE VERIFICAÇÃO FOI CHAMADO!
2025-10-15 09:47:08,099 - INFO - === INICIANDO VERIFICAÇÃO DE DUPLICIDADE ===
2025-10-15 09:47:08,101 - INFO - Dados novos: EDISON HENRIQUES DOS SANTOS | SALÁRIO | R$ 910.16 | 05/09/2025
2025-10-15 09:47:08,146 - ERROR - 🚨 DUPLICATA PROVÁVEL DETECTADA (Critério: Fornecedor+Valor+Data+Referência Similar)!
2025-10-15 09:47:08,146 - ERROR -    Nome: EDISON HENRIQUES DOS SANTOS
2025-10-15 09:47:08,150 - ERROR -    Referência nova: 'SALÁRIO'
2025-10-15 09:47:08,150 - ERROR -    Referência existente: 'SALÁRIO'
2025-10-15 09:47:08,150 - ERROR -    Similaridade: 90.00%
2025-10-15 09:47:08,150 - ERROR -    Valor: R$ 910.16
2025-10-15 09:47:08,150 - ERROR -    Vencimento: 05/09/2025
2025-10-15 09:47:08,150 - ERROR -    Linha existente: 841
2025-10-15 09:47:08,150 - WARNING - Duplicata detectada: EDISON HENRIQUES DOS SANTOS - SALÁRIO - R$ 910.16
2025-10-15 09:47:08,155 - ERROR - 🔍 MÉTODO DE VERIFICAÇÃO FOI CHAMADO!
2025-10-15 09:47:08,156 - INFO - === INICIANDO VERIFICAÇÃO DE DUPLICIDADE ===
2025-10-15 09:47:08,157 - INFO - Dados novos: ELVIS PEREIRA DA SILVA | SALÁRIO | R$ 1493.80 | 05/09/2025
2025-10-15 09:47:08,200 - ERROR - 🚨 DUPLICATA PROVÁVEL DETECTADA (Critério: Fornecedor+Valor+Data+Referência Similar)!
2025-10-15 09:47:08,200 - ERROR -    Nome: ELVIS PEREIRA DA SILVA
2025-10-15 09:47:08,200 - ERROR -    Referência nova: 'SALÁRIO'
2025-10-15 09:47:08,200 - ERROR -    Referência existente: 'SALÁRIO'
2025-10-15 09:47:08,200 - ERROR -    Similaridade: 90.00%
2025-10-15 09:47:08,200 - ERROR -    Valor: R$ 1493.80
2025-10-15 09:47:08,200 - ERROR -    Vencimento: 05/09/2025
2025-10-15 09:47:08,200 - ERROR -    Linha existente: 842
2025-10-15 09:47:08,200 - WARNING - Duplicata detectada: ELVIS PEREIRA DA SILVA - SALÁRIO - R$ 1493.80
2025-10-15 09:47:08,209 - ERROR - 🔍 MÉTODO DE VERIFICAÇÃO FOI CHAMADO!
2025-10-15 09:47:08,211 - INFO - === INICIANDO VERIFICAÇÃO DE DUPLICIDADE ===
2025-10-15 09:47:08,214 - INFO - Dados novos: WELINGTON GOMES PAIVA | SALÁRIO | R$ 1321.35 | 05/09/2025
2025-10-15 09:47:08,253 - ERROR - 🚨 DUPLICATA PROVÁVEL DETECTADA (Critério: Fornecedor+Valor+Data+Referência Similar)!
2025-10-15 09:47:08,259 - ERROR -    Nome: WELINGTON GOMES PAIVA
2025-10-15 09:47:08,260 - ERROR -    Referência nova: 'SALÁRIO'
2025-10-15 09:47:08,262 - ERROR -    Referência existente: 'SALÁRIO'
2025-10-15 09:47:08,263 - ERROR -    Similaridade: 90.00%
2025-10-15 09:47:08,267 - ERROR -    Valor: R$ 1321.35
2025-10-15 09:47:08,268 - ERROR -    Vencimento: 05/09/2025
2025-10-15 09:47:08,269 - ERROR -    Linha existente: 843
2025-10-15 09:47:08,270 - WARNING - Duplicata detectada: WELINGTON GOMES PAIVA - SALÁRIO - R$ 1321.35
2025-10-15 09:47:08,270 - ERROR - 🔍 MÉTODO DE VERIFICAÇÃO FOI CHAMADO!
2025-10-15 09:47:08,270 - INFO - === INICIANDO VERIFICAÇÃO DE DUPLICIDADE ===
2025-10-15 09:47:08,270 - INFO - Dados novos: DIOSAGNES DE SOUSA ARAUJO | SALÁRIO | R$ 966.27 | 05/09/2025
2025-10-15 09:47:08,320 - ERROR - 🚨 DUPLICATA PROVÁVEL DETECTADA (Critério: Fornecedor+Valor+Data+Referência Similar)!
2025-10-15 09:47:08,320 - ERROR -    Nome: DIOSAGNES DE SOUSA ARAUJO
2025-10-15 09:47:08,320 - ERROR -    Referência nova: 'SALÁRIO'
2025-10-15 09:47:08,320 - ERROR -    Referência existente: 'SALÁRIO'
2025-10-15 09:47:08,320 - ERROR -    Similaridade: 90.00%
2025-10-15 09:47:08,320 - ERROR -    Valor: R$ 966.27
2025-10-15 09:47:08,320 - ERROR -    Vencimento: 05/09/2025
2025-10-15 09:47:08,320 - ERROR -    Linha existente: 844
2025-10-15 09:47:08,320 - WARNING - Duplicata detectada: DIOSAGNES DE SOUSA ARAUJO - SALÁRIO - R$ 966.27
2025-10-15 09:47:08,327 - WARNING - Detectados 5 possíveis lançamentos duplicados
2025-10-15 09:47:13,213 - INFO - Usuário optou por continuar. Processando 0 lançamentos únicos
2025-10-15 09:53:04,579 - INFO - Iniciando: Carregar configurações
2025-10-15 09:53:04,579 - INFO - Concluído: Carregar configurações
2025-10-15 09:53:32,083 - INFO - Iniciando adição de dados - Cliente: EDUARDO MORENO MARQUES
2025-10-15 09:53:32,083 - INFO - Iniciando: Carregar configurações
2025-10-15 09:53:32,083 - INFO - Concluído: Carregar configurações
2025-10-15 09:53:35,005 - INFO - Dados adicionados com sucesso - Cliente: EDUARDO MORENO MARQUES, Total: 2
2025-10-15 09:53:48,301 - INFO - Iniciando: Carregar configurações
2025-10-15 09:53:48,301 - INFO - Concluído: Carregar configurações
2025-10-15 09:54:06,050 - INFO - Iniciando adição de dados - Cliente: EDUARDO MORENO MARQUES
2025-10-15 09:54:06,050 - INFO - Iniciando: Carregar configurações
2025-10-15 09:54:06,050 - INFO - Concluído: Carregar configurações
2025-10-15 09:54:08,739 - INFO - Dados adicionados com sucesso - Cliente: EDUARDO MORENO MARQUES, Total: 4
2025-10-15 09:54:20,084 - INFO - Iniciando: Carregar configurações
2025-10-15 09:54:20,084 - INFO - Concluído: Carregar configurações
2025-10-15 09:54:36,334 - INFO - Iniciando adição de dados - Cliente: EDUARDO MORENO MARQUES
2025-10-15 09:54:36,334 - INFO - Iniciando: Carregar configurações
2025-10-15 09:54:36,334 - INFO - Concluído: Carregar configurações
2025-10-15 09:54:37,788 - INFO - Dados adicionados com sucesso - Cliente: EDUARDO MORENO MARQUES, Total: 6
2025-10-15 09:54:46,931 - INFO - Iniciando: Carregar configurações
2025-10-15 09:54:46,931 - INFO - Concluído: Carregar configurações
2025-10-15 09:55:17,851 - INFO - Iniciando adição de dados - Cliente: EDUARDO MORENO MARQUES
2025-10-15 09:55:17,851 - INFO - Iniciando: Carregar configurações
2025-10-15 09:55:17,851 - INFO - Concluído: Carregar configurações
2025-10-15 09:55:20,385 - INFO - Dados adicionados com sucesso - Cliente: EDUARDO MORENO MARQUES, Total: 8
2025-10-15 09:55:34,746 - INFO - Iniciando: Carregar configurações
2025-10-15 09:55:34,746 - INFO - Concluído: Carregar configurações
2025-10-15 09:55:51,980 - INFO - Iniciando adição de dados - Cliente: EDUARDO MORENO MARQUES
2025-10-15 09:55:51,980 - INFO - Iniciando: Carregar configurações
2025-10-15 09:55:51,980 - INFO - Concluído: Carregar configurações
2025-10-15 09:55:55,787 - INFO - Dados adicionados com sucesso - Cliente: EDUARDO MORENO MARQUES, Total: 10
2025-10-15 09:56:09,170 - INFO - Iniciando envio de dados - Cliente: EDUARDO MORENO MARQUES, Registros: 10
2025-10-15 09:56:09,186 - INFO - Obtendo dados do visualizador
2025-10-15 09:56:09,186 - INFO - Total de registros a processar: 10
2025-10-15 09:56:09,186 - INFO - Datas que serão afetadas pela inserção: ['05/09/2025']
2025-10-15 09:56:09,186 - INFO - Salvando em: C:\Users\Obras\sistema_gestao_testes\testes\Financeiro\Clientes\EDUARDO MORENO MARQUES.xlsx
2025-10-15 09:56:09,196 - INFO - Verificando integridade dos IDs antes da inserção
2025-10-15 09:56:10,087 - ERROR - 🔍 MÉTODO DE VERIFICAÇÃO FOI CHAMADO!
2025-10-15 09:56:10,087 - INFO - === INICIANDO VERIFICAÇÃO DE DUPLICIDADE ===
2025-10-15 09:56:10,087 - INFO - Dados novos: ALEIR FERREIRA DE AZEVEDO | TRANSPORTE | R$ 974.60 | 05/09/2025
2025-10-15 09:56:10,145 - INFO - ✅ Nenhuma duplicata encontrada para: ALEIR FERREIRA DE AZEVEDO - TRANSPORTE
2025-10-15 09:56:10,155 - ERROR - 🔍 MÉTODO DE VERIFICAÇÃO FOI CHAMADO!
2025-10-15 09:56:10,156 - INFO - === INICIANDO VERIFICAÇÃO DE DUPLICIDADE ===
2025-10-15 09:56:10,157 - INFO - Dados novos: ALEIR FERREIRA DE AZEVEDO | CAFÉ | R$ 132.00 | 05/09/2025
2025-10-15 09:56:10,195 - INFO - ✅ Nenhuma duplicata encontrada para: ALEIR FERREIRA DE AZEVEDO - CAFÉ
2025-10-15 09:56:10,195 - ERROR - 🔍 MÉTODO DE VERIFICAÇÃO FOI CHAMADO!
2025-10-15 09:56:10,204 - INFO - === INICIANDO VERIFICAÇÃO DE DUPLICIDADE ===
2025-10-15 09:56:10,205 - INFO - Dados novos: DIOSAGNES DE SOUSA ARAUJO | TRANSPORTE | R$ 748.00 | 05/09/2025
2025-10-15 09:56:10,245 - INFO - ✅ Nenhuma duplicata encontrada para: DIOSAGNES DE SOUSA ARAUJO - TRANSPORTE
2025-10-15 09:56:10,245 - ERROR - 🔍 MÉTODO DE VERIFICAÇÃO FOI CHAMADO!
2025-10-15 09:56:10,245 - INFO - === INICIANDO VERIFICAÇÃO DE DUPLICIDADE ===
2025-10-15 09:56:10,245 - INFO - Dados novos: DIOSAGNES DE SOUSA ARAUJO | CAFÉ | R$ 132.00 | 05/09/2025
2025-10-15 09:56:10,295 - INFO - ✅ Nenhuma duplicata encontrada para: DIOSAGNES DE SOUSA ARAUJO - CAFÉ
2025-10-15 09:56:10,296 - ERROR - 🔍 MÉTODO DE VERIFICAÇÃO FOI CHAMADO!
2025-10-15 09:56:10,296 - INFO - === INICIANDO VERIFICAÇÃO DE DUPLICIDADE ===
2025-10-15 09:56:10,296 - INFO - Dados novos: EDISON HENRIQUES DOS SANTOS | TRANSPORTE | R$ 786.60 | 05/09/2025
2025-10-15 09:56:10,340 - INFO - ✅ Nenhuma duplicata encontrada para: EDISON HENRIQUES DOS SANTOS - TRANSPORTE
2025-10-15 09:56:10,340 - ERROR - 🔍 MÉTODO DE VERIFICAÇÃO FOI CHAMADO!
2025-10-15 09:56:10,340 - INFO - === INICIANDO VERIFICAÇÃO DE DUPLICIDADE ===
2025-10-15 09:56:10,340 - INFO - Dados novos: EDISON HENRIQUES DOS SANTOS | CAFÉ | R$ 108.00 | 05/09/2025
2025-10-15 09:56:10,373 - INFO - ✅ Nenhuma duplicata encontrada para: EDISON HENRIQUES DOS SANTOS - CAFÉ
2025-10-15 09:56:10,389 - ERROR - 🔍 MÉTODO DE VERIFICAÇÃO FOI CHAMADO!
2025-10-15 09:56:10,389 - INFO - === INICIANDO VERIFICAÇÃO DE DUPLICIDADE ===
2025-10-15 09:56:10,389 - INFO - Dados novos: ELVIS PEREIRA DA SILVA | TRANSPORTE | R$ 1069.20 | 05/09/2025
2025-10-15 09:56:10,437 - INFO - ✅ Nenhuma duplicata encontrada para: ELVIS PEREIRA DA SILVA - TRANSPORTE
2025-10-15 09:56:10,440 - ERROR - 🔍 MÉTODO DE VERIFICAÇÃO FOI CHAMADO!
2025-10-15 09:56:10,489 - INFO - === INICIANDO VERIFICAÇÃO DE DUPLICIDADE ===
2025-10-15 09:56:10,490 - INFO - Dados novos: ELVIS PEREIRA DA SILVA | CAFÉ | R$ 132.00 | 05/09/2025
2025-10-15 09:56:10,561 - INFO - ✅ Nenhuma duplicata encontrada para: ELVIS PEREIRA DA SILVA - CAFÉ
2025-10-15 09:56:10,561 - ERROR - 🔍 MÉTODO DE VERIFICAÇÃO FOI CHAMADO!
2025-10-15 09:56:10,577 - INFO - === INICIANDO VERIFICAÇÃO DE DUPLICIDADE ===
2025-10-15 09:56:10,577 - INFO - Dados novos: WELINGTON GOMES PAIVA | TRANSPORTE | R$ 814.00 | 05/09/2025
2025-10-15 09:56:10,623 - INFO - ✅ Nenhuma duplicata encontrada para: WELINGTON GOMES PAIVA - TRANSPORTE
2025-10-15 09:56:10,623 - ERROR - 🔍 MÉTODO DE VERIFICAÇÃO FOI CHAMADO!
2025-10-15 09:56:10,623 - INFO - === INICIANDO VERIFICAÇÃO DE DUPLICIDADE ===
2025-10-15 09:56:10,623 - INFO - Dados novos: WELINGTON GOMES PAIVA | CAFÉ | R$ 120.00 | 05/09/2025
2025-10-15 09:56:10,672 - INFO - ✅ Nenhuma duplicata encontrada para: WELINGTON GOMES PAIVA - CAFÉ
2025-10-15 09:56:10,672 - INFO - Lançamento inserido com ID 844 na linha 845
2025-10-15 09:56:10,682 - INFO - Lançamento inserido com ID 845 na linha 846
2025-10-15 09:56:10,688 - INFO - Lançamento inserido com ID 846 na linha 847
2025-10-15 09:56:10,695 - INFO - Lançamento inserido com ID 847 na linha 848
2025-10-15 09:56:10,700 - INFO - Lançamento inserido com ID 848 na linha 849
2025-10-15 09:56:10,707 - INFO - Lançamento inserido com ID 849 na linha 850
2025-10-15 09:56:10,707 - INFO - Lançamento inserido com ID 850 na linha 851
2025-10-15 09:56:10,718 - INFO - Lançamento inserido com ID 851 na linha 852
2025-10-15 09:56:10,725 - INFO - Lançamento inserido com ID 852 na linha 853
2025-10-15 09:56:10,729 - INFO - Lançamento inserido com ID 853 na linha 854
2025-10-15 09:56:11,169 - INFO - Iniciando verificação de recálculo para 1 datas
2025-10-15 09:56:11,679 - INFO - Verificando necessidade de recálculo para 2025-09-05
2025-10-15 09:56:12,170 - INFO - 2025-09-05: Sem taxas na data - recálculo desnecessário
2025-10-15 09:56:31,583 - INFO - Iniciando: Carregar configurações
2025-10-15 09:56:31,583 - INFO - Concluído: Carregar configurações
2025-10-15 09:57:05,109 - INFO - Iniciando adição de dados - Cliente: EDUARDO MORENO MARQUES
2025-10-15 09:57:06,304 - INFO - Dados adicionados com sucesso - Cliente: EDUARDO MORENO MARQUES, Total: 1
2025-10-15 09:57:16,196 - INFO - Iniciando: Carregar configurações
2025-10-15 09:57:16,196 - INFO - Concluído: Carregar configurações
2025-10-15 09:57:43,492 - INFO - Iniciando adição de dados - Cliente: EDUARDO MORENO MARQUES
2025-10-15 09:57:44,766 - INFO - Dados adicionados com sucesso - Cliente: EDUARDO MORENO MARQUES, Total: 2
2025-10-15 09:57:59,362 - INFO - Iniciando: Carregar configurações
2025-10-15 09:57:59,378 - INFO - Concluído: Carregar configurações
2025-10-15 09:58:23,407 - INFO - Iniciando adição de dados - Cliente: EDUARDO MORENO MARQUES
2025-10-15 09:58:24,677 - INFO - Dados adicionados com sucesso - Cliente: EDUARDO MORENO MARQUES, Total: 3
2025-10-15 09:58:36,284 - INFO - Iniciando: Carregar configurações
2025-10-15 09:58:36,284 - INFO - Concluído: Carregar configurações
2025-10-15 09:59:20,263 - INFO - Iniciando adição de dados - Cliente: EDUARDO MORENO MARQUES
2025-10-15 09:59:21,399 - INFO - Dados adicionados com sucesso - Cliente: EDUARDO MORENO MARQUES, Total: 4
2025-10-15 09:59:45,852 - INFO - Iniciando: Carregar configurações
2025-10-15 09:59:45,852 - INFO - Iniciando: Carregar configurações
2025-10-15 09:59:45,852 - INFO - Concluído: Carregar configurações
2025-10-15 09:59:45,852 - INFO - Concluído: Carregar configurações
2025-10-15 09:59:45,852 - INFO - Iniciando: Carregar configurações
2025-10-15 09:59:45,852 - INFO - Concluído: Carregar configurações
2025-10-15 09:59:45,868 - INFO - Iniciando: Carregar configurações
2025-10-15 09:59:45,873 - INFO - Concluído: Carregar configurações
2025-10-15 10:00:45,889 - INFO - Iniciando: Carregar configurações
2025-10-15 10:00:45,889 - INFO - Concluído: Carregar configurações
2025-10-15 10:01:14,091 - INFO - Iniciando adição de dados - Cliente: EDUARDO MORENO MARQUES
2025-10-15 10:01:15,146 - INFO - Dados adicionados com sucesso - Cliente: EDUARDO MORENO MARQUES, Total: 5
2025-10-15 10:01:27,321 - INFO - Iniciando: Carregar configurações
2025-10-15 10:01:27,321 - INFO - Concluído: Carregar configurações
2025-10-15 10:02:05,934 - INFO - Iniciando adição de dados - Cliente: EDUARDO MORENO MARQUES
2025-10-15 10:02:07,996 - INFO - Dados adicionados com sucesso - Cliente: EDUARDO MORENO MARQUES, Total: 6
2025-10-15 10:02:24,892 - INFO - Iniciando envio de dados - Cliente: EDUARDO MORENO MARQUES, Registros: 6
2025-10-15 10:02:24,892 - INFO - Obtendo dados do visualizador
2025-10-15 10:02:24,892 - INFO - Total de registros a processar: 6
2025-10-15 10:02:24,892 - INFO - Datas que serão afetadas pela inserção: ['05/09/2025']
2025-10-15 10:02:24,892 - INFO - Salvando em: C:\Users\Obras\sistema_gestao_testes\testes\Financeiro\Clientes\EDUARDO MORENO MARQUES.xlsx
2025-10-15 10:02:24,892 - INFO - Verificando integridade dos IDs antes da inserção
2025-10-15 10:02:25,923 - ERROR - 🔍 MÉTODO DE VERIFICAÇÃO FOI CHAMADO!
2025-10-15 10:02:25,923 - INFO - === INICIANDO VERIFICAÇÃO DE DUPLICIDADE ===
2025-10-15 10:02:25,923 - INFO - Dados novos: IMPERCASA IMPERMEABILIZANTES | IMPERMEABILIZAÇÃO - PARC. 3/3 | R$ 7722.25 | 20/08/2025
2025-10-15 10:02:25,984 - INFO - ✅ Nenhuma duplicata encontrada para: IMPERCASA IMPERMEABILIZANTES - IMPERMEABILIZAÇÃO - PARC. 3/3
2025-10-15 10:02:25,985 - ERROR - 🔍 MÉTODO DE VERIFICAÇÃO FOI CHAMADO!
2025-10-15 10:02:25,985 - INFO - === INICIANDO VERIFICAÇÃO DE DUPLICIDADE ===
2025-10-15 10:02:25,985 - INFO - Dados novos: CONTINENTAL PISCINAS | SISTEMA PISCINA E DISPOSITIVOS - PARC. 2/5 E 3/5 | R$ 7000.00 | 13/08/2025
2025-10-15 10:02:26,036 - INFO - ✅ Nenhuma duplicata encontrada para: CONTINENTAL PISCINAS - SISTEMA PISCINA E DISPOSITIVOS - PARC. 2/5 E 3/5
2025-10-15 10:02:26,036 - ERROR - 🔍 MÉTODO DE VERIFICAÇÃO FOI CHAMADO!
2025-10-15 10:02:26,036 - INFO - === INICIANDO VERIFICAÇÃO DE DUPLICIDADE ===
2025-10-15 10:02:26,036 - INFO - Dados novos: MERCADO LIVRE | RALOS | R$ 782.90 | 01/09/2025
2025-10-15 10:02:26,102 - INFO - ✅ Nenhuma duplicata encontrada para: MERCADO LIVRE - RALOS
2025-10-15 10:02:26,102 - ERROR - 🔍 MÉTODO DE VERIFICAÇÃO FOI CHAMADO!
2025-10-15 10:02:26,102 - INFO - === INICIANDO VERIFICAÇÃO DE DUPLICIDADE ===
2025-10-15 10:02:26,102 - INFO - Dados novos: ANCORA SOLUCOES CONSTRUTIVAS LTDA | MASSA BASECOAT | R$ 85.00 | 29/08/2025
2025-10-15 10:02:26,168 - INFO - ✅ Nenhuma duplicata encontrada para: ANCORA SOLUCOES CONSTRUTIVAS LTDA - MASSA BASECOAT
2025-10-15 10:02:26,168 - ERROR - 🔍 MÉTODO DE VERIFICAÇÃO FOI CHAMADO!
2025-10-15 10:02:26,168 - INFO - === INICIANDO VERIFICAÇÃO DE DUPLICIDADE ===
2025-10-15 10:02:26,168 - INFO - Dados novos: RICARDO DA SILVA DE JESUS | FRETE BASECOAT | R$ 35.00 | 28/08/2025
2025-10-15 10:02:26,219 - INFO - ✅ Nenhuma duplicata encontrada para: RICARDO DA SILVA DE JESUS - FRETE BASECOAT
2025-10-15 10:02:26,219 - ERROR - 🔍 MÉTODO DE VERIFICAÇÃO FOI CHAMADO!
2025-10-15 10:02:26,219 - INFO - === INICIANDO VERIFICAÇÃO DE DUPLICIDADE ===
2025-10-15 10:02:26,219 - INFO - Dados novos: NOSSA LOJA | TINTAS | R$ 2733.60 | 25/08/2025
2025-10-15 10:02:26,300 - INFO - ✅ Nenhuma duplicata encontrada para: NOSSA LOJA - TINTAS
2025-10-15 10:02:26,302 - INFO - Lançamento inserido com ID 854 na linha 855
2025-10-15 10:02:26,318 - INFO - Lançamento inserido com ID 855 na linha 856
2025-10-15 10:02:26,325 - INFO - Lançamento inserido com ID 856 na linha 857
2025-10-15 10:02:26,338 - INFO - Lançamento inserido com ID 857 na linha 858
2025-10-15 10:02:26,343 - INFO - Lançamento inserido com ID 858 na linha 859
2025-10-15 10:02:26,352 - INFO - Lançamento inserido com ID 859 na linha 860
2025-10-15 10:02:26,828 - INFO - Iniciando verificação de recálculo para 1 datas
2025-10-15 10:02:27,344 - INFO - Verificando necessidade de recálculo para 2025-09-05
2025-10-15 10:02:27,748 - INFO - 2025-09-05: Sem taxas na data - recálculo desnecessário
2025-10-15 10:09:02,721 - INFO - Iniciando: Carregar configurações
2025-10-15 10:09:02,721 - INFO - Iniciando: Carregar configurações
2025-10-15 10:09:02,721 - INFO - Concluído: Carregar configurações
2025-10-15 10:09:02,721 - INFO - Concluído: Carregar configurações
2025-10-15 10:09:02,736 - INFO - Iniciando: Carregar configurações
2025-10-15 10:09:02,736 - INFO - Concluído: Carregar configurações
2025-10-15 10:09:02,743 - INFO - Iniciando: Carregar configurações
2025-10-15 10:09:02,747 - INFO - Concluído: Carregar configurações
2025-10-15 10:13:30,021 - INFO - Iniciando: Carregar configurações
2025-10-15 10:13:30,037 - INFO - Concluído: Carregar configurações
2025-10-15 10:17:17,350 - INFO - Iniciando adição de dados - Cliente: EDUARDO MORENO MARQUES
2025-10-15 10:17:18,919 - INFO - Dados adicionados com sucesso - Cliente: EDUARDO MORENO MARQUES, Total: 1
2025-10-15 10:17:29,666 - INFO - Iniciando: Carregar configurações
2025-10-15 10:17:29,681 - INFO - Concluído: Carregar configurações
2025-10-15 10:18:30,660 - INFO - Iniciando adição de dados - Cliente: EDUARDO MORENO MARQUES
2025-10-15 10:18:32,561 - INFO - Dados adicionados com sucesso - Cliente: EDUARDO MORENO MARQUES, Total: 2
2025-10-15 10:19:00,922 - INFO - Iniciando envio de dados - Cliente: EDUARDO MORENO MARQUES, Registros: 2
2025-10-15 10:19:00,922 - INFO - Obtendo dados do visualizador
2025-10-15 10:19:00,922 - INFO - Total de registros a processar: 2
2025-10-15 10:19:00,922 - INFO - Datas que serão afetadas pela inserção: ['20/09/2025']
2025-10-15 10:19:00,922 - INFO - Salvando em: C:\Users\Obras\sistema_gestao_testes\testes\Financeiro\Clientes\EDUARDO MORENO MARQUES.xlsx
2025-10-15 10:19:00,922 - INFO - Verificando integridade dos IDs antes da inserção
2025-10-15 10:19:01,696 - ERROR - 🔍 MÉTODO DE VERIFICAÇÃO FOI CHAMADO!
2025-10-15 10:19:01,696 - INFO - === INICIANDO VERIFICAÇÃO DE DUPLICIDADE ===
2025-10-15 10:19:01,696 - INFO - Dados novos: BH ANDAIMES LTDA | LOCAÇÃO DE ANDAIMES | R$ 1842.50 | 21/09/2025
2025-10-15 10:19:01,898 - INFO - ✅ Nenhuma duplicata encontrada para: BH ANDAIMES LTDA - LOCAÇÃO DE ANDAIMES
2025-10-15 10:19:01,900 - ERROR - 🔍 MÉTODO DE VERIFICAÇÃO FOI CHAMADO!
2025-10-15 10:19:01,901 - INFO - === INICIANDO VERIFICAÇÃO DE DUPLICIDADE ===
2025-10-15 10:19:01,901 - INFO - Dados novos: IDEAL CESTAS DE ALIMENTOS | CESTA BASICA | R$ 2819.70 | 29/09/2025
2025-10-15 10:19:01,947 - INFO - ✅ Nenhuma duplicata encontrada para: IDEAL CESTAS DE ALIMENTOS - CESTA BASICA
2025-10-15 10:19:01,947 - INFO - Lançamento inserido com ID 860 na linha 861
2025-10-15 10:19:01,959 - INFO - Lançamento inserido com ID 861 na linha 862
2025-10-15 10:19:02,402 - INFO - Iniciando verificação de recálculo para 1 datas
2025-10-15 10:19:02,908 - INFO - Verificando necessidade de recálculo para 2025-09-20
2025-10-15 10:19:03,352 - INFO - 2025-09-20: Sem taxas na data - recálculo desnecessário
2025-10-15 10:19:19,894 - INFO - Iniciando: Carregar configurações
2025-10-15 10:19:19,894 - INFO - Concluído: Carregar configurações
2025-10-15 10:22:49,100 - INFO - Iniciando: Carregar configurações
2025-10-15 10:22:49,100 - INFO - Concluído: Carregar configurações
2025-10-15 10:23:25,438 - INFO - Iniciando adição de dados - Cliente: EDUARDO MORENO MARQUES
2025-10-15 10:23:26,524 - INFO - Dados adicionados com sucesso - Cliente: EDUARDO MORENO MARQUES, Total: 1
2025-10-15 10:23:30,464 - INFO - Iniciando: Carregar configurações
2025-10-15 10:23:30,464 - INFO - Concluído: Carregar configurações
2025-10-15 10:24:12,725 - INFO - Iniciando adição de dados - Cliente: EDUARDO MORENO MARQUES
2025-10-15 10:24:13,837 - INFO - Dados adicionados com sucesso - Cliente: EDUARDO MORENO MARQUES, Total: 2
2025-10-15 10:24:25,762 - INFO - Iniciando: Carregar configurações
2025-10-15 10:24:25,762 - INFO - Concluído: Carregar configurações
2025-10-15 10:27:51,201 - INFO - Iniciando: Carregar configurações
2025-10-15 10:27:51,201 - INFO - Concluído: Carregar configurações
2025-10-15 10:28:01,475 - INFO - Iniciando adição de dados - Cliente: EDUARDO MORENO MARQUES
2025-10-15 10:28:03,006 - INFO - Dados adicionados com sucesso - Cliente: EDUARDO MORENO MARQUES, Total: 3
2025-10-15 10:28:17,544 - INFO - Iniciando: Carregar configurações
2025-10-15 10:28:17,544 - INFO - Concluído: Carregar configurações
2025-10-15 10:29:02,025 - INFO - Iniciando adição de dados - Cliente: EDUARDO MORENO MARQUES
2025-10-15 10:29:03,065 - INFO - Dados adicionados com sucesso - Cliente: EDUARDO MORENO MARQUES, Total: 4
2025-10-15 10:29:15,165 - INFO - Iniciando: Carregar configurações
2025-10-15 10:29:15,165 - INFO - Concluído: Carregar configurações
2025-10-15 10:29:48,720 - INFO - Iniciando: Carregar configurações
2025-10-15 10:29:48,720 - INFO - Concluído: Carregar configurações
2025-10-15 10:30:08,598 - INFO - Iniciando adição de dados - Cliente: EDUARDO MORENO MARQUES
2025-10-15 10:30:10,143 - INFO - Dados adicionados com sucesso - Cliente: EDUARDO MORENO MARQUES, Total: 5
2025-10-15 10:30:34,982 - INFO - Iniciando: Carregar configurações
2025-10-15 10:30:34,982 - INFO - Concluído: Carregar configurações
2025-10-15 10:31:05,240 - INFO - Iniciando adição de dados - Cliente: EDUARDO MORENO MARQUES
2025-10-15 10:31:05,907 - INFO - Dados adicionados com sucesso - Cliente: EDUARDO MORENO MARQUES, Total: 6
2025-10-15 10:31:18,423 - INFO - Iniciando: Carregar configurações
2025-10-15 10:31:18,423 - INFO - Concluído: Carregar configurações
2025-10-15 10:31:59,520 - INFO - Iniciando adição de dados - Cliente: EDUARDO MORENO MARQUES
2025-10-15 10:32:00,696 - INFO - Dados adicionados com sucesso - Cliente: EDUARDO MORENO MARQUES, Total: 7
2025-10-15 10:32:42,597 - INFO - Iniciando: Carregar configurações
2025-10-15 10:32:42,597 - INFO - Concluído: Carregar configurações
2025-10-15 10:43:15,569 - INFO - Iniciando adição de dados - Cliente: EDUARDO MORENO MARQUES
2025-10-15 10:43:17,014 - INFO - Dados adicionados com sucesso - Cliente: EDUARDO MORENO MARQUES, Total: 8
2025-10-15 10:43:27,437 - INFO - Iniciando: Carregar configurações
2025-10-15 10:43:27,437 - INFO - Concluído: Carregar configurações
2025-10-15 10:44:27,523 - INFO - Iniciando adição de dados - Cliente: EDUARDO MORENO MARQUES
2025-10-15 10:44:29,234 - INFO - Dados adicionados com sucesso - Cliente: EDUARDO MORENO MARQUES, Total: 9
2025-10-15 10:44:38,024 - INFO - Iniciando: Carregar configurações
2025-10-15 10:44:38,040 - INFO - Concluído: Carregar configurações
2025-10-15 10:45:35,393 - INFO - Iniciando adição de dados - Cliente: EDUARDO MORENO MARQUES
2025-10-15 10:45:36,952 - INFO - Dados adicionados com sucesso - Cliente: EDUARDO MORENO MARQUES, Total: 10
2025-10-15 10:46:59,109 - INFO - Iniciando: Carregar configurações
2025-10-15 10:46:59,109 - INFO - Concluído: Carregar configurações
2025-10-15 10:47:42,875 - INFO - Iniciando adição de dados - Cliente: EDUARDO MORENO MARQUES
2025-10-15 10:47:44,904 - INFO - Dados adicionados com sucesso - Cliente: EDUARDO MORENO MARQUES, Total: 11
2025-10-15 10:47:58,611 - INFO - Iniciando: Carregar configurações
2025-10-15 10:47:58,627 - INFO - Concluído: Carregar configurações
2025-10-15 10:52:10,054 - INFO - Iniciando adição de dados - Cliente: EDUARDO MORENO MARQUES
2025-10-15 10:52:11,409 - INFO - Dados adicionados com sucesso - Cliente: EDUARDO MORENO MARQUES, Total: 12
2025-10-15 10:52:34,258 - INFO - Iniciando: Carregar configurações
2025-10-15 10:52:34,258 - INFO - Concluído: Carregar configurações
2025-10-15 10:53:09,554 - INFO - Iniciando adição de dados - Cliente: EDUARDO MORENO MARQUES
2025-10-15 10:53:10,929 - INFO - Dados adicionados com sucesso - Cliente: EDUARDO MORENO MARQUES, Total: 13
2025-10-15 11:01:54,166 - INFO - Iniciando: Carregar configurações
2025-10-15 11:01:54,166 - INFO - Iniciando: Carregar configurações
2025-10-15 11:01:54,166 - INFO - Concluído: Carregar configurações
2025-10-15 11:01:54,166 - INFO - Concluído: Carregar configurações
2025-10-15 11:01:54,166 - INFO - Iniciando: Carregar configurações
2025-10-15 11:01:54,166 - INFO - Concluído: Carregar configurações
2025-10-15 11:01:54,166 - INFO - Iniciando: Carregar configurações
2025-10-15 11:01:54,166 - INFO - Concluído: Carregar configurações
2025-10-15 11:02:43,537 - INFO - Iniciando: Carregar configurações
2025-10-15 11:02:43,537 - INFO - Concluído: Carregar configurações
2025-10-15 11:03:23,347 - INFO - Iniciando adição de dados - Cliente: EDUARDO MORENO MARQUES
2025-10-15 11:03:25,402 - INFO - Dados adicionados com sucesso - Cliente: EDUARDO MORENO MARQUES, Total: 14
2025-10-15 11:03:41,545 - INFO - Iniciando: Carregar configurações
2025-10-15 11:03:41,545 - INFO - Concluído: Carregar configurações
2025-10-15 11:04:07,278 - INFO - Iniciando adição de dados - Cliente: EDUARDO MORENO MARQUES
2025-10-15 11:04:08,373 - INFO - Dados adicionados com sucesso - Cliente: EDUARDO MORENO MARQUES, Total: 15
2025-10-15 11:04:19,740 - INFO - Iniciando: Carregar configurações
2025-10-15 11:04:19,740 - INFO - Concluído: Carregar configurações
2025-10-15 11:04:45,161 - INFO - Iniciando adição de dados - Cliente: EDUARDO MORENO MARQUES
2025-10-15 11:04:46,537 - INFO - Dados adicionados com sucesso - Cliente: EDUARDO MORENO MARQUES, Total: 16
2025-10-15 11:05:00,960 - INFO - Iniciando: Carregar configurações
2025-10-15 11:05:00,960 - INFO - Concluído: Carregar configurações
2025-10-15 11:05:27,230 - INFO - Iniciando adição de dados - Cliente: EDUARDO MORENO MARQUES
2025-10-15 11:05:28,809 - INFO - Dados adicionados com sucesso - Cliente: EDUARDO MORENO MARQUES, Total: 17
2025-10-15 11:05:43,697 - INFO - Iniciando: Carregar configurações
2025-10-15 11:05:43,697 - INFO - Concluído: Carregar configurações
2025-10-15 11:06:17,640 - INFO - Iniciando adição de dados - Cliente: EDUARDO MORENO MARQUES
2025-10-15 11:06:18,856 - INFO - Dados adicionados com sucesso - Cliente: EDUARDO MORENO MARQUES, Total: 18
2025-10-15 11:06:30,690 - INFO - Iniciando: Carregar configurações
2025-10-15 11:06:30,690 - INFO - Concluído: Carregar configurações
2025-10-15 11:07:06,439 - INFO - Iniciando: Carregar configurações
2025-10-15 11:07:06,439 - INFO - Concluído: Carregar configurações
2025-10-15 11:07:24,739 - INFO - Iniciando adição de dados - Cliente: EDUARDO MORENO MARQUES
2025-10-15 11:07:25,930 - INFO - Dados adicionados com sucesso - Cliente: EDUARDO MORENO MARQUES, Total: 19
2025-10-15 11:07:40,354 - INFO - Iniciando: Carregar configurações
2025-10-15 11:07:40,369 - INFO - Concluído: Carregar configurações
2025-10-15 11:08:13,634 - INFO - Iniciando adição de dados - Cliente: EDUARDO MORENO MARQUES
2025-10-15 11:08:15,140 - INFO - Dados adicionados com sucesso - Cliente: EDUARDO MORENO MARQUES, Total: 20
2025-10-15 11:08:34,933 - INFO - Iniciando envio de dados - Cliente: EDUARDO MORENO MARQUES, Registros: 20
2025-10-15 11:08:34,933 - INFO - Obtendo dados do visualizador
2025-10-15 11:08:34,933 - INFO - Total de registros a processar: 20
2025-10-15 11:08:34,933 - INFO - Datas que serão afetadas pela inserção: ['20/09/2025']
2025-10-15 11:08:34,933 - INFO - Salvando em: C:\Users\Obras\sistema_gestao_testes\testes\Financeiro\Clientes\EDUARDO MORENO MARQUES.xlsx
2025-10-15 11:08:34,949 - INFO - Verificando integridade dos IDs antes da inserção
2025-10-15 11:08:35,729 - ERROR - 🔍 MÉTODO DE VERIFICAÇÃO FOI CHAMADO!
2025-10-15 11:08:35,729 - INFO - === INICIANDO VERIFICAÇÃO DE DUPLICIDADE ===
2025-10-15 11:08:35,729 - INFO - Dados novos: COMERCIAL CARMO SION LTDA | SELANTE | R$ 227.84 | 24/09/2025
2025-10-15 11:08:35,791 - INFO - ✅ Nenhuma duplicata encontrada para: COMERCIAL CARMO SION LTDA - SELANTE
2025-10-15 11:08:35,791 - ERROR - 🔍 MÉTODO DE VERIFICAÇÃO FOI CHAMADO!
2025-10-15 11:08:35,791 - INFO - === INICIANDO VERIFICAÇÃO DE DUPLICIDADE ===
2025-10-15 11:08:35,791 - INFO - Dados novos: COMERCIAL CARMO SION LTDA | SELANTE | R$ 385.68 | 26/09/2025
2025-10-15 11:08:35,847 - INFO - ✅ Nenhuma duplicata encontrada para: COMERCIAL CARMO SION LTDA - SELANTE
2025-10-15 11:08:35,856 - ERROR - 🔍 MÉTODO DE VERIFICAÇÃO FOI CHAMADO!
2025-10-15 11:08:35,858 - INFO - === INICIANDO VERIFICAÇÃO DE DUPLICIDADE ===
2025-10-15 11:08:35,858 - INFO - Dados novos: IMPERMATEX | REPARA TRINCA | R$ 275.00 | 24/09/2025
2025-10-15 11:08:35,906 - INFO - ✅ Nenhuma duplicata encontrada para: IMPERMATEX - REPARA TRINCA
2025-10-15 11:08:35,907 - ERROR - 🔍 MÉTODO DE VERIFICAÇÃO FOI CHAMADO!
2025-10-15 11:08:35,907 - INFO - === INICIANDO VERIFICAÇÃO DE DUPLICIDADE ===
2025-10-15 11:08:35,907 - INFO - Dados novos: LOCFER | SERRA, GUINCHO E PEDESTAL | R$ 765.00 | 27/09/2025
2025-10-15 11:08:35,957 - INFO - ✅ Nenhuma duplicata encontrada para: LOCFER - SERRA, GUINCHO E PEDESTAL
2025-10-15 11:08:35,957 - ERROR - 🔍 MÉTODO DE VERIFICAÇÃO FOI CHAMADO!
2025-10-15 11:08:35,957 - INFO - === INICIANDO VERIFICAÇÃO DE DUPLICIDADE ===
2025-10-15 11:08:35,957 - INFO - Dados novos: CONCRETARTE ESPAÇADORES | PAPELÃO ONDULADO | R$ 379.90 | 25/09/2025
2025-10-15 11:08:36,007 - INFO - ✅ Nenhuma duplicata encontrada para: CONCRETARTE ESPAÇADORES - PAPELÃO ONDULADO
2025-10-15 11:08:36,007 - ERROR - 🔍 MÉTODO DE VERIFICAÇÃO FOI CHAMADO!
2025-10-15 11:08:36,007 - INFO - === INICIANDO VERIFICAÇÃO DE DUPLICIDADE ===
2025-10-15 11:08:36,007 - INFO - Dados novos: ANCORA PAPELARIA | PLOTAGENS | R$ 35.50 | 25/09/2025
2025-10-15 11:08:36,058 - INFO - ✅ Nenhuma duplicata encontrada para: ANCORA PAPELARIA - PLOTAGENS
2025-10-15 11:08:36,058 - ERROR - 🔍 MÉTODO DE VERIFICAÇÃO FOI CHAMADO!
2025-10-15 11:08:36,058 - INFO - === INICIANDO VERIFICAÇÃO DE DUPLICIDADE ===
2025-10-15 11:08:36,058 - INFO - Dados novos: LOCFER | POLICORTE | R$ 160.00 | 03/10/2025
2025-10-15 11:08:36,107 - INFO - ✅ Nenhuma duplicata encontrada para: LOCFER - POLICORTE
2025-10-15 11:08:36,123 - ERROR - 🔍 MÉTODO DE VERIFICAÇÃO FOI CHAMADO!
2025-10-15 11:08:36,124 - INFO - === INICIANDO VERIFICAÇÃO DE DUPLICIDADE ===
2025-10-15 11:08:36,125 - INFO - Dados novos: CONCRETARTE ESPAÇADORES | AGUARRAS, ESPAÇADOR, DISCO, THINNER | R$ 800.80 | 03/10/2025
2025-10-15 11:08:36,160 - INFO - ✅ Nenhuma duplicata encontrada para: CONCRETARTE ESPAÇADORES - AGUARRAS, ESPAÇADOR, DISCO, THINNER
2025-10-15 11:08:36,160 - ERROR - 🔍 MÉTODO DE VERIFICAÇÃO FOI CHAMADO!
2025-10-15 11:08:36,160 - INFO - === INICIANDO VERIFICAÇÃO DE DUPLICIDADE ===
2025-10-15 11:08:36,160 - INFO - Dados novos: GKM COMERCIAL | TIJOLO, DISCO, ARAME | R$ 2952.40 | 29/09/2025
2025-10-15 11:08:36,214 - INFO - ✅ Nenhuma duplicata encontrada para: GKM COMERCIAL - TIJOLO, DISCO, ARAME
2025-10-15 11:08:36,214 - ERROR - 🔍 MÉTODO DE VERIFICAÇÃO FOI CHAMADO!
2025-10-15 11:08:36,214 - INFO - === INICIANDO VERIFICAÇÃO DE DUPLICIDADE ===
2025-10-15 11:08:36,214 - INFO - Dados novos: COMERCIAL CARMO SION LTDA | APLICADOR E SELANTE | R$ 459.08 | 03/10/2025
2025-10-15 11:08:36,257 - INFO - ✅ Nenhuma duplicata encontrada para: COMERCIAL CARMO SION LTDA - APLICADOR E SELANTE
2025-10-15 11:08:36,257 - ERROR - 🔍 MÉTODO DE VERIFICAÇÃO FOI CHAMADO!
2025-10-15 11:08:36,257 - INFO - === INICIANDO VERIFICAÇÃO DE DUPLICIDADE ===
2025-10-15 11:08:36,257 - INFO - Dados novos: VINICIUS SANTANA RINALDI | AREIA - PED. 5270 / 5276 | R$ 2700.00 | 19/09/2025
2025-10-15 11:08:36,307 - INFO - ✅ Nenhuma duplicata encontrada para: VINICIUS SANTANA RINALDI - AREIA - PED. 5270 / 5276
2025-10-15 11:08:36,307 - ERROR - 🔍 MÉTODO DE VERIFICAÇÃO FOI CHAMADO!
2025-10-15 11:08:36,307 - INFO - === INICIANDO VERIFICAÇÃO DE DUPLICIDADE ===
2025-10-15 11:08:36,307 - INFO - Dados novos: LAJES E LAJES PREMOLDADOS FAB COM LTDA | LAJES | R$ 2050.00 | 19/09/2025
2025-10-15 11:08:36,357 - INFO - ✅ Nenhuma duplicata encontrada para: LAJES E LAJES PREMOLDADOS FAB COM LTDA - LAJES
2025-10-15 11:08:36,357 - ERROR - 🔍 MÉTODO DE VERIFICAÇÃO FOI CHAMADO!
2025-10-15 11:08:36,357 - INFO - === INICIANDO VERIFICAÇÃO DE DUPLICIDADE ===
2025-10-15 11:08:36,357 - INFO - Dados novos: WELINGTON BARBOSA DE OLIVEIRA | INSTALAÇÃO CANTONEIRAS METALICAS | R$ 2000.00 | 19/09/2025
2025-10-15 11:08:36,406 - INFO - ✅ Nenhuma duplicata encontrada para: WELINGTON BARBOSA DE OLIVEIRA - INSTALAÇÃO CANTONEIRAS METALICAS
2025-10-15 11:08:36,406 - ERROR - 🔍 MÉTODO DE VERIFICAÇÃO FOI CHAMADO!
2025-10-15 11:08:36,406 - INFO - === INICIANDO VERIFICAÇÃO DE DUPLICIDADE ===
2025-10-15 11:08:36,406 - INFO - Dados novos: JHONY MAICON PEREIRA BARBOSA | FRETE BASECOAT | R$ 60.00 | 01/09/2025
2025-10-15 11:08:36,457 - INFO - ✅ Nenhuma duplicata encontrada para: JHONY MAICON PEREIRA BARBOSA - FRETE BASECOAT
2025-10-15 11:08:36,457 - ERROR - 🔍 MÉTODO DE VERIFICAÇÃO FOI CHAMADO!
2025-10-15 11:08:36,457 - INFO - === INICIANDO VERIFICAÇÃO DE DUPLICIDADE ===
2025-10-15 11:08:36,457 - INFO - Dados novos: MHS SEGURANÇA E MEDICINA DO TRABALHO | REALIZAÇÃO DE EXAMES | R$ 168.00 | 22/09/2025
2025-10-15 11:08:36,514 - INFO - ✅ Nenhuma duplicata encontrada para: MHS SEGURANÇA E MEDICINA DO TRABALHO - REALIZAÇÃO DE EXAMES
2025-10-15 11:08:36,514 - ERROR - 🔍 MÉTODO DE VERIFICAÇÃO FOI CHAMADO!
2025-10-15 11:08:36,514 - INFO - === INICIANDO VERIFICAÇÃO DE DUPLICIDADE ===
2025-10-15 11:08:36,514 - INFO - Dados novos: MHS EVENTO SST ESOCIAL | REF. 09/2025 | R$ 73.68 | 19/09/2025
2025-10-15 11:08:36,557 - INFO - ✅ Nenhuma duplicata encontrada para: MHS EVENTO SST ESOCIAL - REF. 09/2025
2025-10-15 11:08:36,557 - ERROR - 🔍 MÉTODO DE VERIFICAÇÃO FOI CHAMADO!
2025-10-15 11:08:36,557 - INFO - === INICIANDO VERIFICAÇÃO DE DUPLICIDADE ===
2025-10-15 11:08:36,557 - INFO - Dados novos: IRLANDO JORGE DOS SANTOS | DIÁRIAS REBOCO | R$ 6480.00 | 05/09/2025
2025-10-15 11:08:36,607 - INFO - ✅ Nenhuma duplicata encontrada para: IRLANDO JORGE DOS SANTOS - DIÁRIAS REBOCO
2025-10-15 11:08:36,607 - ERROR - 🔍 MÉTODO DE VERIFICAÇÃO FOI CHAMADO!
2025-10-15 11:08:36,607 - INFO - === INICIANDO VERIFICAÇÃO DE DUPLICIDADE ===
2025-10-15 11:08:36,607 - INFO - Dados novos: CHARLES MICHAEL DA CRUZ MISAEL | DIÁRIAS FUROS DO CONCHO DA PISCINA | R$ 480.00 | 04/09/2025
2025-10-15 11:08:36,657 - INFO - ✅ Nenhuma duplicata encontrada para: CHARLES MICHAEL DA CRUZ MISAEL - DIÁRIAS FUROS DO CONCHO DA PISCINA
2025-10-15 11:08:36,657 - ERROR - 🔍 MÉTODO DE VERIFICAÇÃO FOI CHAMADO!
2025-10-15 11:08:36,657 - INFO - === INICIANDO VERIFICAÇÃO DE DUPLICIDADE ===
2025-10-15 11:08:36,657 - INFO - Dados novos: PLANALTO TINTAS | RESINA | R$ 399.90 | 03/09/2025
2025-10-15 11:08:36,723 - INFO - ✅ Nenhuma duplicata encontrada para: PLANALTO TINTAS - RESINA
2025-10-15 11:08:36,723 - ERROR - 🔍 MÉTODO DE VERIFICAÇÃO FOI CHAMADO!
2025-10-15 11:08:36,723 - INFO - === INICIANDO VERIFICAÇÃO DE DUPLICIDADE ===
2025-10-15 11:08:36,723 - INFO - Dados novos: BH ANDAIMES LTDA | LOCAÇÃO DE ANDAIMES | R$ 1842.50 | 21/09/2025
2025-10-15 11:08:36,774 - ERROR - 🚨 DUPLICATA PROVÁVEL DETECTADA (Critério: Fornecedor+Valor+Data+Referência Similar)!
2025-10-15 11:08:36,774 - ERROR -    Nome: BH ANDAIMES LTDA
2025-10-15 11:08:36,774 - ERROR -    Referência nova: 'LOCAÇÃO DE ANDAIMES'
2025-10-15 11:08:36,774 - ERROR -    Referência existente: 'LOCAÇÃO DE ANDAIMES'
2025-10-15 11:08:36,774 - ERROR -    Similaridade: 90.00%
2025-10-15 11:08:36,774 - ERROR -    Valor: R$ 1842.50
2025-10-15 11:08:36,774 - ERROR -    Vencimento: 21/09/2025
2025-10-15 11:08:36,774 - ERROR -    Linha existente: 861
2025-10-15 11:08:36,781 - WARNING - Duplicata detectada: BH ANDAIMES LTDA - LOCAÇÃO DE ANDAIMES - R$ 1842.50
2025-10-15 11:08:36,781 - WARNING - Detectados 1 possíveis lançamentos duplicados
2025-10-15 11:08:42,403 - INFO - Usuário optou por continuar. Processando 19 lançamentos únicos
2025-10-15 11:08:42,403 - INFO - Lançamento inserido com ID 862 na linha 863
2025-10-15 11:08:42,420 - INFO - Lançamento inserido com ID 863 na linha 864
2025-10-15 11:08:42,430 - INFO - Lançamento inserido com ID 864 na linha 865
2025-10-15 11:08:42,437 - INFO - Lançamento inserido com ID 865 na linha 866
2025-10-15 11:08:42,444 - INFO - Lançamento inserido com ID 866 na linha 867
2025-10-15 11:08:42,449 - INFO - Lançamento inserido com ID 867 na linha 868
2025-10-15 11:08:42,455 - INFO - Lançamento inserido com ID 868 na linha 869
2025-10-15 11:08:42,463 - INFO - Lançamento inserido com ID 869 na linha 870
2025-10-15 11:08:42,468 - INFO - Lançamento inserido com ID 870 na linha 871
2025-10-15 11:08:42,474 - INFO - Lançamento inserido com ID 871 na linha 872
2025-10-15 11:08:42,480 - INFO - Lançamento inserido com ID 872 na linha 873
2025-10-15 11:08:42,485 - INFO - Lançamento inserido com ID 873 na linha 874
2025-10-15 11:08:42,490 - INFO - Lançamento inserido com ID 874 na linha 875
2025-10-15 11:08:42,498 - INFO - Lançamento inserido com ID 875 na linha 876
2025-10-15 11:08:42,499 - INFO - Lançamento inserido com ID 876 na linha 877
2025-10-15 11:08:42,511 - INFO - Lançamento inserido com ID 877 na linha 878
2025-10-15 11:08:42,513 - INFO - Lançamento inserido com ID 878 na linha 879
2025-10-15 11:08:42,520 - INFO - Lançamento inserido com ID 879 na linha 880
2025-10-15 11:08:42,528 - INFO - Lançamento inserido com ID 880 na linha 881
2025-10-15 11:08:42,968 - INFO - Iniciando verificação de recálculo para 1 datas
2025-10-15 11:08:43,481 - INFO - Verificando necessidade de recálculo para 2025-09-20
2025-10-15 11:08:44,043 - INFO - 2025-09-20: Sem taxas na data - recálculo desnecessário
2025-10-15 12:29:59,302 - INFO - Iniciando: Carregar configurações
2025-10-15 12:29:59,302 - INFO - Concluído: Carregar configurações
2025-10-15 12:30:23,433 - INFO - Iniciando adição de dados - Cliente: EDUARDO MORENO MARQUES
2025-10-15 12:30:24,898 - INFO - Dados adicionados com sucesso - Cliente: EDUARDO MORENO MARQUES, Total: 1
2025-10-15 12:30:36,080 - INFO - Iniciando: Carregar configurações
2025-10-15 12:30:36,080 - INFO - Concluído: Carregar configurações
2025-10-15 12:31:12,421 - INFO - Iniciando adição de dados - Cliente: EDUARDO MORENO MARQUES
2025-10-15 12:31:13,537 - INFO - Dados adicionados com sucesso - Cliente: EDUARDO MORENO MARQUES, Total: 2
2025-10-15 12:31:20,791 - INFO - Iniciando: Carregar configurações
2025-10-15 12:31:20,807 - INFO - Concluído: Carregar configurações
2025-10-15 12:31:39,276 - INFO - Iniciando adição de dados - Cliente: EDUARDO MORENO MARQUES
2025-10-15 12:31:40,439 - INFO - Dados adicionados com sucesso - Cliente: EDUARDO MORENO MARQUES, Total: 3
2025-10-15 12:41:14,275 - INFO - Iniciando envio de dados - Cliente: EDUARDO MORENO MARQUES, Registros: 3
2025-10-15 12:41:14,275 - INFO - Obtendo dados do visualizador
2025-10-15 12:41:14,275 - INFO - Total de registros a processar: 3
2025-10-15 12:41:14,275 - INFO - Datas que serão afetadas pela inserção: ['20/09/2025']
2025-10-15 12:41:14,275 - INFO - Salvando em: C:\Users\Obras\sistema_gestao_testes\testes\Financeiro\Clientes\EDUARDO MORENO MARQUES.xlsx
2025-10-15 12:41:14,275 - INFO - Verificando integridade dos IDs antes da inserção
2025-10-15 12:41:14,567 - INFO - Corrigindo 6 IDs inválidos/duplicados
2025-10-15 12:41:14,582 - INFO - ID 881 atribuído à linha 882
2025-10-15 12:41:14,582 - INFO - ID 882 atribuído à linha 883
2025-10-15 12:41:14,582 - INFO - ID 883 atribuído à linha 884
2025-10-15 12:41:14,582 - INFO - ID 884 atribuído à linha 885
2025-10-15 12:41:14,582 - INFO - ID 885 atribuído à linha 886
2025-10-15 12:41:14,582 - INFO - ID 886 atribuído à linha 887
2025-10-15 12:41:15,040 - INFO - Correções de ID salvas com sucesso
2025-10-15 12:41:15,613 - ERROR - 🔍 MÉTODO DE VERIFICAÇÃO FOI CHAMADO!
2025-10-15 12:41:15,613 - INFO - === INICIANDO VERIFICAÇÃO DE DUPLICIDADE ===
2025-10-15 12:41:15,613 - INFO - Dados novos: PASI SEGURO | SEGURO COLABORADORES | R$ 119.55 | 30/09/2025
2025-10-15 12:41:15,707 - INFO - ✅ Nenhuma duplicata encontrada para: PASI SEGURO - SEGURO COLABORADORES
2025-10-15 12:41:15,709 - ERROR - 🔍 MÉTODO DE VERIFICAÇÃO FOI CHAMADO!
2025-10-15 12:41:15,709 - INFO - === INICIANDO VERIFICAÇÃO DE DUPLICIDADE ===
2025-10-15 12:41:15,711 - INFO - Dados novos: INSS/IRRF | REF. 08/2025 | R$ 7414.45 | 19/09/2025
2025-10-15 12:41:15,795 - INFO - ✅ Nenhuma duplicata encontrada para: INSS/IRRF - REF. 08/2025
2025-10-15 12:41:15,797 - ERROR - 🔍 MÉTODO DE VERIFICAÇÃO FOI CHAMADO!
2025-10-15 12:41:15,797 - INFO - === INICIANDO VERIFICAÇÃO DE DUPLICIDADE ===
2025-10-15 12:41:15,798 - INFO - Dados novos: FGTS | REF. 08/2025 | R$ 1240.12 | 19/09/2025
2025-10-15 12:41:15,881 - INFO - ✅ Nenhuma duplicata encontrada para: FGTS - REF. 08/2025
2025-10-15 12:41:15,892 - INFO - Lançamento inserido com ID 887 na linha 888
2025-10-15 12:41:15,895 - INFO - Lançamento inserido com ID 888 na linha 889
2025-10-15 12:41:15,915 - INFO - Lançamento inserido com ID 889 na linha 890
2025-10-15 12:41:16,417 - INFO - Iniciando verificação de recálculo para 1 datas
2025-10-15 12:41:16,924 - INFO - Verificando necessidade de recálculo para 2025-09-20
2025-10-15 12:41:17,294 - INFO - 2025-09-20: Sem taxas na data - recálculo desnecessário
2025-10-15 15:31:29,232 - INFO - Abrindo sistema de entrada de dados
2025-10-15 15:31:29,738 - INFO - Iniciando: Carregar configurações
2025-10-15 15:31:29,738 - INFO - Concluído: Carregar configurações
2025-10-15 15:31:29,738 - INFO - Iniciando: Carregar configurações
2025-10-15 15:31:29,738 - INFO - Concluído: Carregar configurações
2025-10-15 15:50:40,435 - INFO - Iniciando: Carregar configurações
2025-10-15 15:50:40,435 - INFO - Concluído: Carregar configurações
2025-10-15 15:50:40,435 - INFO - Iniciando: Carregar configurações
2025-10-15 15:50:40,435 - INFO - Concluído: Carregar configurações
2025-10-15 15:50:40,435 - INFO - Iniciando: Carregar configurações
2025-10-15 15:50:40,435 - INFO - Concluído: Carregar configurações
2025-10-15 15:50:40,435 - INFO - Iniciando: Carregar configurações
2025-10-15 15:50:40,446 - INFO - Concluído: Carregar configurações
2025-10-15 15:51:11,988 - INFO - Iniciando: Carregar configurações
2025-10-15 15:51:11,988 - INFO - Concluído: Carregar configurações
2025-10-15 15:51:11,988 - INFO - Iniciando: Carregar configurações
2025-10-15 15:51:11,988 - INFO - Concluído: Carregar configurações
2025-10-15 15:51:11,988 - INFO - Iniciando: Carregar configurações
2025-10-15 15:51:11,988 - INFO - Concluído: Carregar configurações
2025-10-15 15:51:11,988 - INFO - Iniciando: Carregar configurações
2025-10-15 15:51:12,000 - INFO - Concluído: Carregar configurações
2025-10-15 15:51:32,086 - INFO - Iniciando: Carregar configurações
2025-10-15 15:51:32,086 - INFO - Concluído: Carregar configurações
2025-10-15 15:51:32,086 - INFO - Iniciando: Carregar configurações
2025-10-15 15:51:32,086 - INFO - Concluído: Carregar configurações
2025-10-15 15:51:32,102 - INFO - Iniciando: Carregar configurações
2025-10-15 15:51:32,102 - INFO - Concluído: Carregar configurações
2025-10-15 15:51:32,105 - INFO - Iniciando: Carregar configurações
2025-10-15 15:51:32,106 - INFO - Concluído: Carregar configurações
2025-10-15 15:51:48,790 - INFO - Iniciando: Carregar configurações
2025-10-15 15:51:48,790 - INFO - Concluído: Carregar configurações
2025-10-15 15:51:48,790 - INFO - Iniciando: Carregar configurações
2025-10-15 15:51:48,790 - INFO - Concluído: Carregar configurações
2025-10-15 15:51:48,790 - INFO - Iniciando: Carregar configurações
2025-10-15 15:51:48,790 - INFO - Concluído: Carregar configurações
2025-10-15 15:51:48,804 - INFO - Iniciando: Carregar configurações
2025-10-15 15:51:48,808 - INFO - Concluído: Carregar configurações
2025-10-15 15:57:10,525 - INFO - Abrindo sistema de entrada de dados
2025-10-15 15:57:11,188 - INFO - Iniciando: Carregar configurações
2025-10-15 15:57:11,188 - INFO - Concluído: Carregar configurações
2025-10-15 15:57:11,204 - INFO - Iniciando: Carregar configurações
2025-10-15 15:57:11,204 - INFO - Concluído: Carregar configurações
2025-10-15 16:15:33,492 - INFO - Saída confirmada, finalizando sistema
2025-10-15 16:15:33,790 - INFO - Forçando encerramento do programa...
