2025-04-11 10:57:43,808 - INFO - Iniciando RelatorioUI
2025-04-11 10:57:43,810 - INFO - Iniciando configuração da interface
2025-04-11 10:57:43,860 - INFO - Interface configurada com sucesso
2025-04-11 10:57:59,120 - INFO - Iniciando geração de relatório para arquivo: H:/.shortcut-targets-by-id/195uuohIL_ZKum7lhwu-OzJCH_CGAb97G/Relatórios/Financeiro/Clientes/RHAUFED RODRIGUES DOS SANTOS.xlsx
2025-04-11 10:57:59,876 - INFO - 
Obtendo número do relatório para data 2025-04-20 00:00:00
2025-04-11 10:57:59,876 - INFO - Número do relatório calculado: 22
2025-04-11 10:57:59,877 - INFO - Calculando acumulado para data 2025-04-20 00:00:00
2025-04-11 10:57:59,887 - INFO - Valor acumulado calculado: 1,122,848.87
2025-04-11 10:57:59,887 - INFO - Número do relatório: 22
2025-04-11 10:57:59,887 - INFO - Valor acumulado calculado: 1,122,848.87
2025-04-11 10:57:59,896 - INFO - Iniciando adição de detalhes ao relatório
2025-04-11 10:57:59,923 - INFO - Detalhes adicionados com sucesso
2025-04-11 11:31:04,391 - INFO - Iniciando RelatorioUI
2025-04-11 11:31:04,395 - INFO - Iniciando configuração da interface
2025-04-11 11:31:04,452 - INFO - Interface configurada com sucesso
2025-04-11 11:31:13,764 - INFO - Iniciando geração de relatório para arquivo: H:/.shortcut-targets-by-id/195uuohIL_ZKum7lhwu-OzJCH_CGAb97G/Relatórios/Financeiro/Clientes/JOSÉ PAULO DE SOUZA PEIXE.xlsx
2025-04-11 11:31:14,534 - INFO - 
Obtendo número do relatório para data 2025-04-05 00:00:00
2025-04-11 11:31:14,534 - INFO - Número do relatório calculado: 17
2025-04-11 11:31:14,534 - INFO - Calculando acumulado para data 2025-04-05 00:00:00
2025-04-11 11:31:14,545 - INFO - Valor acumulado calculado: 1,134,157.66
2025-04-11 11:31:14,545 - INFO - Número do relatório: 17
2025-04-11 11:31:14,545 - INFO - Valor acumulado calculado: 1,134,157.66
2025-04-11 11:31:14,552 - INFO - Iniciando adição de detalhes ao relatório
2025-04-11 11:31:14,598 - ERROR - Erro na geração do relatório: invalid literal for int() with base 10: ''
Traceback (most recent call last):
  File "c:\Users\Obras\Documents\GitHub\Sistema-Financeiro\src\relatorio_despesas_aprimorado.py", line 2006, in gerar_relatorio_pdf
    self.adicionar_detalhes(elementos, dados)
  File "c:\Users\Obras\Documents\GitHub\Sistema-Financeiro\src\relatorio_despesas_aprimorado.py", line 1528, in adicionar_detalhes
    df_consolidado = self.consolidar_despesas_colaboradores(dados['df_tp_desp_1'])
                     ^^^^^^^^^^^^^^^^^^^^^^^^^^^^^^^^^^^^^^^^^^^^^^^^^^^^^^^^^^^^^
  File "c:\Users\Obras\Documents\GitHub\Sistema-Financeiro\src\relatorio_despesas_aprimorado.py", line 1143, in consolidar_despesas_colaboradores
    dias_transporte = int(dias_transporte) if pd.notnull(dias_transporte) else 0
                      ^^^^^^^^^^^^^^^^^^^^
ValueError: invalid literal for int() with base 10: ''
2025-04-11 11:31:14,599 - ERROR - Erro ao gerar relatório: invalid literal for int() with base 10: ''
Traceback (most recent call last):
  File "c:\Users\Obras\Documents\GitHub\Sistema-Financeiro\src\relatorio_despesas_aprimorado.py", line 247, in gerar_relatorio
    self.handler.gerar_relatorio_pdf(dados_completos, caminho_output, self.arquivo_path)
  File "c:\Users\Obras\Documents\GitHub\Sistema-Financeiro\src\relatorio_despesas_aprimorado.py", line 2006, in gerar_relatorio_pdf
    self.adicionar_detalhes(elementos, dados)
  File "c:\Users\Obras\Documents\GitHub\Sistema-Financeiro\src\relatorio_despesas_aprimorado.py", line 1528, in adicionar_detalhes
    df_consolidado = self.consolidar_despesas_colaboradores(dados['df_tp_desp_1'])
                     ^^^^^^^^^^^^^^^^^^^^^^^^^^^^^^^^^^^^^^^^^^^^^^^^^^^^^^^^^^^^^
  File "c:\Users\Obras\Documents\GitHub\Sistema-Financeiro\src\relatorio_despesas_aprimorado.py", line 1143, in consolidar_despesas_colaboradores
    dias_transporte = int(dias_transporte) if pd.notnull(dias_transporte) else 0
                      ^^^^^^^^^^^^^^^^^^^^
ValueError: invalid literal for int() with base 10: ''
2025-04-11 11:33:11,778 - INFO - Iniciando RelatorioUI
2025-04-11 11:33:11,779 - INFO - Iniciando configuração da interface
2025-04-11 11:33:11,851 - INFO - Interface configurada com sucesso
2025-04-11 11:33:22,690 - INFO - Iniciando geração de relatório para arquivo: H:/.shortcut-targets-by-id/195uuohIL_ZKum7lhwu-OzJCH_CGAb97G/Relatórios/Financeiro/Clientes/JOSÉ PAULO DE SOUZA PEIXE.xlsx
2025-04-11 11:33:23,294 - INFO - 
Obtendo número do relatório para data 2025-04-05 00:00:00
2025-04-11 11:33:23,294 - INFO - Número do relatório calculado: 17
2025-04-11 11:33:23,294 - INFO - Calculando acumulado para data 2025-04-05 00:00:00
2025-04-11 11:33:23,303 - INFO - Valor acumulado calculado: 1,134,157.66
2025-04-11 11:33:23,304 - INFO - Número do relatório: 17
2025-04-11 11:33:23,304 - INFO - Valor acumulado calculado: 1,134,157.66
2025-04-11 11:33:23,311 - INFO - Iniciando adição de detalhes ao relatório
2025-04-11 11:33:23,354 - ERROR - Erro na geração do relatório: invalid literal for int() with base 10: ''
Traceback (most recent call last):
  File "c:\Users\Obras\Documents\GitHub\Sistema-Financeiro\src\relatorio_despesas_aprimorado.py", line 2006, in gerar_relatorio_pdf
    self.adicionar_detalhes(elementos, dados)
  File "c:\Users\Obras\Documents\GitHub\Sistema-Financeiro\src\relatorio_despesas_aprimorado.py", line 1528, in adicionar_detalhes
    df_consolidado = self.consolidar_despesas_colaboradores(dados['df_tp_desp_1'])
                     ^^^^^^^^^^^^^^^^^^^^^^^^^^^^^^^^^^^^^^^^^^^^^^^^^^^^^^^^^^^^^
  File "c:\Users\Obras\Documents\GitHub\Sistema-Financeiro\src\relatorio_despesas_aprimorado.py", line 1143, in consolidar_despesas_colaboradores
    dias_transporte = int(dias_transporte) if pd.notnull(dias_transporte) else 0
                      ^^^^^^^^^^^^^^^^^^^^
ValueError: invalid literal for int() with base 10: ''
2025-04-11 11:33:23,355 - ERROR - Erro ao gerar relatório: invalid literal for int() with base 10: ''
Traceback (most recent call last):
  File "c:\Users\Obras\Documents\GitHub\Sistema-Financeiro\src\relatorio_despesas_aprimorado.py", line 247, in gerar_relatorio
    self.handler.gerar_relatorio_pdf(dados_completos, caminho_output, self.arquivo_path)
  File "c:\Users\Obras\Documents\GitHub\Sistema-Financeiro\src\relatorio_despesas_aprimorado.py", line 2006, in gerar_relatorio_pdf
    self.adicionar_detalhes(elementos, dados)
  File "c:\Users\Obras\Documents\GitHub\Sistema-Financeiro\src\relatorio_despesas_aprimorado.py", line 1528, in adicionar_detalhes
    df_consolidado = self.consolidar_despesas_colaboradores(dados['df_tp_desp_1'])
                     ^^^^^^^^^^^^^^^^^^^^^^^^^^^^^^^^^^^^^^^^^^^^^^^^^^^^^^^^^^^^^
  File "c:\Users\Obras\Documents\GitHub\Sistema-Financeiro\src\relatorio_despesas_aprimorado.py", line 1143, in consolidar_despesas_colaboradores
    dias_transporte = int(dias_transporte) if pd.notnull(dias_transporte) else 0
                      ^^^^^^^^^^^^^^^^^^^^
ValueError: invalid literal for int() with base 10: ''
2025-04-11 11:33:45,714 - INFO - Iniciando geração de relatório para arquivo: H:/.shortcut-targets-by-id/195uuohIL_ZKum7lhwu-OzJCH_CGAb97G/Relatórios/Financeiro/Clientes/RHAUFED RODRIGUES DOS SANTOS.xlsx
2025-04-11 11:33:46,280 - INFO - 
Obtendo número do relatório para data 2025-04-05 00:00:00
2025-04-11 11:33:46,281 - INFO - Número do relatório calculado: 21
2025-04-11 11:33:46,281 - INFO - Calculando acumulado para data 2025-04-05 00:00:00
2025-04-11 11:33:46,289 - INFO - Valor acumulado calculado: 1,090,173.71
2025-04-11 11:33:46,290 - INFO - Número do relatório: 21
2025-04-11 11:33:46,290 - INFO - Valor acumulado calculado: 1,090,173.71
2025-04-11 11:33:46,296 - INFO - Iniciando adição de detalhes ao relatório
2025-04-11 11:33:46,373 - INFO - Detalhes adicionados com sucesso
2025-04-11 11:34:08,129 - INFO - Iniciando geração de relatório para arquivo: H:/.shortcut-targets-by-id/195uuohIL_ZKum7lhwu-OzJCH_CGAb97G/Relatórios/Financeiro/Clientes/JOSÉ PAULO DE SOUZA PEIXE.xlsx
2025-04-11 11:34:08,748 - INFO - 
Obtendo número do relatório para data 2025-04-05 00:00:00
2025-04-11 11:34:08,749 - INFO - Número do relatório calculado: 17
2025-04-11 11:34:08,749 - INFO - Calculando acumulado para data 2025-04-05 00:00:00
2025-04-11 11:34:08,759 - INFO - Valor acumulado calculado: 1,134,157.66
2025-04-11 11:34:08,759 - INFO - Número do relatório: 17
2025-04-11 11:34:08,759 - INFO - Valor acumulado calculado: 1,134,157.66
2025-04-11 11:34:08,767 - INFO - Iniciando adição de detalhes ao relatório
2025-04-11 11:34:08,811 - ERROR - Erro na geração do relatório: invalid literal for int() with base 10: ''
Traceback (most recent call last):
  File "c:\Users\Obras\Documents\GitHub\Sistema-Financeiro\src\relatorio_despesas_aprimorado.py", line 2006, in gerar_relatorio_pdf
    self.adicionar_detalhes(elementos, dados)
  File "c:\Users\Obras\Documents\GitHub\Sistema-Financeiro\src\relatorio_despesas_aprimorado.py", line 1528, in adicionar_detalhes
    df_consolidado = self.consolidar_despesas_colaboradores(dados['df_tp_desp_1'])
                     ^^^^^^^^^^^^^^^^^^^^^^^^^^^^^^^^^^^^^^^^^^^^^^^^^^^^^^^^^^^^^
  File "c:\Users\Obras\Documents\GitHub\Sistema-Financeiro\src\relatorio_despesas_aprimorado.py", line 1143, in consolidar_despesas_colaboradores
    dias_transporte = int(dias_transporte) if pd.notnull(dias_transporte) else 0
                      ^^^^^^^^^^^^^^^^^^^^
ValueError: invalid literal for int() with base 10: ''
2025-04-11 11:34:08,812 - ERROR - Erro ao gerar relatório: invalid literal for int() with base 10: ''
Traceback (most recent call last):
  File "c:\Users\Obras\Documents\GitHub\Sistema-Financeiro\src\relatorio_despesas_aprimorado.py", line 247, in gerar_relatorio
    self.handler.gerar_relatorio_pdf(dados_completos, caminho_output, self.arquivo_path)
  File "c:\Users\Obras\Documents\GitHub\Sistema-Financeiro\src\relatorio_despesas_aprimorado.py", line 2006, in gerar_relatorio_pdf
    self.adicionar_detalhes(elementos, dados)
  File "c:\Users\Obras\Documents\GitHub\Sistema-Financeiro\src\relatorio_despesas_aprimorado.py", line 1528, in adicionar_detalhes
    df_consolidado = self.consolidar_despesas_colaboradores(dados['df_tp_desp_1'])
                     ^^^^^^^^^^^^^^^^^^^^^^^^^^^^^^^^^^^^^^^^^^^^^^^^^^^^^^^^^^^^^
  File "c:\Users\Obras\Documents\GitHub\Sistema-Financeiro\src\relatorio_despesas_aprimorado.py", line 1143, in consolidar_despesas_colaboradores
    dias_transporte = int(dias_transporte) if pd.notnull(dias_transporte) else 0
                      ^^^^^^^^^^^^^^^^^^^^
ValueError: invalid literal for int() with base 10: ''
2025-04-11 11:56:15,620 - INFO - Iniciando RelatorioUI
2025-04-11 11:56:15,628 - INFO - Iniciando configuração da interface
2025-04-11 11:56:15,688 - INFO - Interface configurada com sucesso
2025-04-11 11:58:00,428 - INFO - Iniciando RelatorioUI
2025-04-11 11:58:00,596 - INFO - Iniciando configuração da interface
2025-04-11 11:58:00,664 - INFO - Interface configurada com sucesso
2025-04-11 11:58:24,570 - INFO - Iniciando geração de relatório para arquivo: H:/.shortcut-targets-by-id/195uuohIL_ZKum7lhwu-OzJCH_CGAb97G/Relatórios/Financeiro/Clientes/JOSÉ PAULO DE SOUZA PEIXE.xlsx
2025-04-11 11:58:25,205 - INFO - 
Obtendo número do relatório para data 2025-03-20 00:00:00
2025-04-11 11:58:25,207 - INFO - Número do relatório calculado: 16
2025-04-11 11:58:25,208 - INFO - Calculando acumulado para data 2025-03-20 00:00:00
2025-04-11 11:58:25,216 - INFO - Valor acumulado calculado: 1,102,667.98
2025-04-11 11:58:25,217 - INFO - Número do relatório: 16
2025-04-11 11:58:25,218 - INFO - Valor acumulado calculado: 1,102,667.98
2025-04-11 11:58:25,230 - INFO - Iniciando adição de detalhes ao relatório
2025-04-11 11:58:25,346 - INFO - Detalhes adicionados com sucesso
2025-04-11 11:58:43,531 - INFO - Iniciando geração de relatório para arquivo: H:/.shortcut-targets-by-id/195uuohIL_ZKum7lhwu-OzJCH_CGAb97G/Relatórios/Financeiro/Clientes/JOSÉ PAULO DE SOUZA PEIXE.xlsx
2025-04-11 11:58:44,087 - INFO - 
Obtendo número do relatório para data 2025-04-05 00:00:00
2025-04-11 11:58:44,088 - INFO - Número do relatório calculado: 17
2025-04-11 11:58:44,088 - INFO - Calculando acumulado para data 2025-04-05 00:00:00
2025-04-11 11:58:44,098 - INFO - Valor acumulado calculado: 1,134,157.66
2025-04-11 11:58:44,099 - INFO - Número do relatório: 17
2025-04-11 11:58:44,100 - INFO - Valor acumulado calculado: 1,134,157.66
2025-04-11 11:58:44,109 - INFO - Iniciando adição de detalhes ao relatório
2025-04-11 11:58:44,169 - ERROR - Erro na geração do relatório: invalid literal for int() with base 10: ''
Traceback (most recent call last):
  File "c:\Users\Obras\Documents\GitHub\Sistema-Financeiro\src\relatorio_despesas_aprimorado.py", line 2006, in gerar_relatorio_pdf
    self.adicionar_detalhes(elementos, dados)
  File "c:\Users\Obras\Documents\GitHub\Sistema-Financeiro\src\relatorio_despesas_aprimorado.py", line 1528, in adicionar_detalhes
    df_consolidado = self.consolidar_despesas_colaboradores(dados['df_tp_desp_1'])
                     ^^^^^^^^^^^^^^^^^^^^^^^^^^^^^^^^^^^^^^^^^^^^^^^^^^^^^^^^^^^^^
  File "c:\Users\Obras\Documents\GitHub\Sistema-Financeiro\src\relatorio_despesas_aprimorado.py", line 1143, in consolidar_despesas_colaboradores
    dias_transporte = int(dias_transporte) if pd.notnull(dias_transporte) else 0
                      ^^^^^^^^^^^^^^^^^^^^
ValueError: invalid literal for int() with base 10: ''
2025-04-11 11:58:44,174 - ERROR - Erro ao gerar relatório: invalid literal for int() with base 10: ''
Traceback (most recent call last):
  File "c:\Users\Obras\Documents\GitHub\Sistema-Financeiro\src\relatorio_despesas_aprimorado.py", line 247, in gerar_relatorio
    self.handler.gerar_relatorio_pdf(dados_completos, caminho_output, self.arquivo_path)
  File "c:\Users\Obras\Documents\GitHub\Sistema-Financeiro\src\relatorio_despesas_aprimorado.py", line 2006, in gerar_relatorio_pdf
    self.adicionar_detalhes(elementos, dados)
  File "c:\Users\Obras\Documents\GitHub\Sistema-Financeiro\src\relatorio_despesas_aprimorado.py", line 1528, in adicionar_detalhes
    df_consolidado = self.consolidar_despesas_colaboradores(dados['df_tp_desp_1'])
                     ^^^^^^^^^^^^^^^^^^^^^^^^^^^^^^^^^^^^^^^^^^^^^^^^^^^^^^^^^^^^^
  File "c:\Users\Obras\Documents\GitHub\Sistema-Financeiro\src\relatorio_despesas_aprimorado.py", line 1143, in consolidar_despesas_colaboradores
    dias_transporte = int(dias_transporte) if pd.notnull(dias_transporte) else 0
                      ^^^^^^^^^^^^^^^^^^^^
ValueError: invalid literal for int() with base 10: ''
2025-04-11 11:59:32,481 - INFO - Iniciando RelatorioUI
2025-04-11 11:59:32,625 - INFO - Iniciando configuração da interface
2025-04-11 11:59:32,694 - INFO - Interface configurada com sucesso
2025-04-11 11:59:41,770 - INFO - Iniciando geração de relatório para arquivo: H:/.shortcut-targets-by-id/195uuohIL_ZKum7lhwu-OzJCH_CGAb97G/Relatórios/Financeiro/Clientes/JOSÉ PAULO DE SOUZA PEIXE.xlsx
2025-04-11 11:59:42,375 - INFO - 
Obtendo número do relatório para data 2025-04-05 00:00:00
2025-04-11 11:59:42,376 - INFO - Número do relatório calculado: 17
2025-04-11 11:59:42,376 - INFO - Calculando acumulado para data 2025-04-05 00:00:00
2025-04-11 11:59:42,386 - INFO - Valor acumulado calculado: 1,134,157.66
2025-04-11 11:59:42,387 - INFO - Número do relatório: 17
2025-04-11 11:59:42,387 - INFO - Valor acumulado calculado: 1,134,157.66
2025-04-11 11:59:42,398 - INFO - Iniciando adição de detalhes ao relatório
2025-04-11 11:59:42,533 - INFO - Detalhes adicionados com sucesso
2025-04-11 12:03:55,113 - INFO - Iniciando RelatorioUI
2025-04-11 12:03:55,308 - INFO - Iniciando configuração da interface
2025-04-11 12:03:55,373 - INFO - Interface configurada com sucesso
2025-04-11 12:04:34,383 - INFO - Iniciando geração de relatório para arquivo: H:/.shortcut-targets-by-id/195uuohIL_ZKum7lhwu-OzJCH_CGAb97G/Relatórios/Financeiro/Clientes/JOSÉ PAULO DE SOUZA PEIXE.xlsx
2025-04-11 12:04:35,092 - INFO - 
Obtendo número do relatório para data 2024-08-05 00:00:00
2025-04-11 12:04:35,093 - INFO - Número do relatório calculado: 1
2025-04-11 12:04:35,093 - INFO - Calculando acumulado para data 2024-08-05 00:00:00
2025-04-11 12:04:35,099 - WARNING - Nenhum registro anterior encontrado
2025-04-11 12:04:35,101 - INFO - Número do relatório: 1
2025-04-11 12:04:35,103 - INFO - Valor acumulado calculado: 0.00
2025-04-11 12:04:35,120 - INFO - Iniciando adição de detalhes ao relatório
2025-04-11 12:04:35,227 - INFO - Detalhes adicionados com sucesso
2025-04-11 12:06:57,964 - INFO - Iniciando RelatorioUI
2025-04-11 12:06:58,142 - INFO - Iniciando configuração da interface
2025-04-11 12:06:58,208 - INFO - Interface configurada com sucesso
2025-04-11 12:07:11,917 - INFO - Iniciando geração de relatório para arquivo: H:/.shortcut-targets-by-id/195uuohIL_ZKum7lhwu-OzJCH_CGAb97G/Relatórios/Financeiro/Clientes/JOSÉ PAULO DE SOUZA PEIXE.xlsx
2025-04-11 12:07:12,534 - INFO - 
Obtendo número do relatório para data 2025-04-05 00:00:00
2025-04-11 12:07:12,535 - INFO - Número do relatório calculado: 17
2025-04-11 12:07:12,536 - INFO - Calculando acumulado para data 2025-04-05 00:00:00
2025-04-11 12:07:12,546 - INFO - Valor acumulado calculado: 1,133,650.66
2025-04-11 12:07:12,546 - INFO - Número do relatório: 17
2025-04-11 12:07:12,547 - INFO - Valor acumulado calculado: 1,133,650.66
2025-04-11 12:07:12,556 - INFO - Iniciando adição de detalhes ao relatório
2025-04-11 12:07:12,689 - INFO - Detalhes adicionados com sucesso
