2025-06-17 18:16:38,155 - INFO - Iniciando RelatorioUI
2025-06-17 18:16:39,124 - INFO - Iniciando configuração da interface
2025-06-17 18:16:39,204 - INFO - Interface configurada com sucesso
2025-06-17 18:17:13,103 - INFO - Iniciando geração de relatório para arquivo: H:/.shortcut-targets-by-id/195uuohIL_ZKum7lhwu-OzJCH_CGAb97G/Relatórios/Financeiro/Clientes/EDIGAR BATISTA FERREIRA.xlsx
2025-06-17 18:17:13,105 - INFO - Incluir excluídos: False
2025-06-17 18:17:14,105 - INFO - 
Obtendo número do relatório para data 2025-06-05 00:00:00
2025-06-17 18:17:14,107 - INFO - Número do relatório calculado: 47
2025-06-17 18:17:14,108 - INFO - Calculando acumulado para data 2025-06-05 00:00:00
2025-06-17 18:17:14,110 - INFO - Acumulado - registros após filtrar excluídos: 1340
2025-06-17 18:17:14,126 - INFO - Valor acumulado calculado (apenas ativos): 3,375,419.01
2025-06-17 18:17:14,142 - INFO - Número do relatório: 47
2025-06-17 18:17:14,142 - INFO - Valor acumulado calculado: 3,375,419.01
2025-06-17 18:17:14,156 - INFO - Iniciando adição de detalhes ao relatório
2025-06-17 18:17:14,257 - INFO - Detalhes adicionados com sucesso
2025-06-17 18:30:58,256 - INFO - Iniciando RelatorioUI
2025-06-17 18:30:58,428 - INFO - Iniciando configuração da interface
2025-06-17 18:30:58,490 - INFO - Interface configurada com sucesso
2025-06-17 18:31:15,821 - INFO - Iniciando geração de relatório para arquivo: H:/.shortcut-targets-by-id/195uuohIL_ZKum7lhwu-OzJCH_CGAb97G/Relatórios/Financeiro/Clientes/EDIGAR BATISTA FERREIRA.xlsx
2025-06-17 18:31:15,823 - INFO - Incluir excluídos: False
2025-06-17 18:31:16,690 - INFO - 
Obtendo número do relatório para data 2025-06-05 00:00:00
2025-06-17 18:31:16,691 - INFO - Número do relatório calculado: 47
2025-06-17 18:31:16,692 - INFO - Calculando acumulado para data 2025-06-05 00:00:00
2025-06-17 18:31:16,694 - INFO - Acumulado - registros após filtrar excluídos: 1340
2025-06-17 18:31:16,702 - INFO - Valor acumulado calculado (apenas ativos): 3,375,419.01
2025-06-17 18:31:16,703 - INFO - Número do relatório: 47
2025-06-17 18:31:16,703 - INFO - Valor acumulado calculado: 3,375,419.01
2025-06-17 18:31:16,704 - INFO - Iniciando adição do cabeçalho
2025-06-17 18:31:16,706 - INFO - Adicionando cabeçalho sem logo
2025-06-17 18:31:16,706 - INFO - Cabeçalho sem logo adicionado com sucesso
2025-06-17 18:31:16,708 - INFO - Informações do cliente adicionadas com sucesso
2025-06-17 18:31:16,708 - INFO - Cabeçalho completo adicionado com sucesso
2025-06-17 18:31:16,717 - INFO - Iniciando adição de detalhes ao relatório
2025-06-17 18:31:16,800 - INFO - Detalhes adicionados com sucesso
2025-06-17 18:43:14,619 - INFO - Iniciando RelatorioUI
2025-06-17 18:43:14,824 - INFO - Iniciando configuração da interface
2025-06-17 18:43:14,883 - INFO - Interface configurada com sucesso
2025-06-17 18:43:40,573 - INFO - Iniciando geração de relatório para arquivo: H:/.shortcut-targets-by-id/195uuohIL_ZKum7lhwu-OzJCH_CGAb97G/Relatórios/Financeiro/Clientes/EDIGAR BATISTA FERREIRA.xlsx
2025-06-17 18:43:40,574 - INFO - Incluir excluídos: False
2025-06-17 18:43:41,462 - INFO - 
Obtendo número do relatório para data 2025-06-05 00:00:00
2025-06-17 18:43:41,463 - INFO - Número do relatório calculado: 47
2025-06-17 18:43:41,463 - INFO - Calculando acumulado para data 2025-06-05 00:00:00
2025-06-17 18:43:41,465 - INFO - Acumulado - registros após filtrar excluídos: 1340
2025-06-17 18:43:41,475 - INFO - Valor acumulado calculado (apenas ativos): 3,375,419.01
2025-06-17 18:43:41,476 - INFO - Número do relatório: 47
2025-06-17 18:43:41,476 - INFO - Valor acumulado calculado: 3,375,419.01
2025-06-17 18:43:41,477 - INFO - === INICIANDO ADIÇÃO DO CABEÇALHO ===
2025-06-17 18:43:41,478 - INFO - Tentando carregar logo: logo1.png
2025-06-17 18:43:41,479 - INFO - Logo carregada com sucesso!
2025-06-17 18:43:41,479 - INFO - Criando cabeçalho COM logo
2025-06-17 18:43:41,482 - INFO - Informações do cliente adicionadas com sucesso
2025-06-17 18:43:41,482 - INFO - === CABEÇALHO CONCLUÍDO COM SUCESSO ===
2025-06-17 18:43:41,493 - INFO - Iniciando adição de detalhes ao relatório
2025-06-17 18:43:41,583 - INFO - Detalhes adicionados com sucesso
2025-06-17 18:50:39,585 - INFO - 
Obtendo número do relatório para data 2025-06-20
2025-06-17 18:50:39,600 - INFO - Número do relatório calculado: 48
2025-06-17 18:50:39,600 - INFO - Calculando acumulado para data 2025-06-20
2025-06-17 18:50:39,602 - INFO - Acumulado - registros após filtrar excluídos: 1340
2025-06-17 18:50:39,611 - INFO - Valor acumulado calculado (apenas ativos): 3,387,823.90
2025-06-17 18:50:39,611 - INFO - === INICIANDO ADIÇÃO DO CABEÇALHO ===
2025-06-17 18:50:39,611 - INFO - Tentando carregar logo: logo1.png
2025-06-17 18:50:39,612 - INFO - Logo carregada com sucesso!
2025-06-17 18:50:39,612 - INFO - Criando cabeçalho COM logo
2025-06-17 18:50:39,613 - INFO - Informações do cliente adicionadas com sucesso
2025-06-17 18:50:39,613 - INFO - === CABEÇALHO CONCLUÍDO COM SUCESSO ===
2025-06-17 18:50:39,618 - INFO - Iniciando adição de detalhes ao relatório
2025-06-17 18:50:39,665 - INFO - Detalhes adicionados com sucesso
2025-06-17 18:53:53,892 - INFO - Saída confirmada, finalizando sistema
2025-06-17 18:53:53,927 - INFO - Ação concluída: Gerar relatório
