2025-07-06 11:42:24,395 - INFO - ✅ Dados carregados: 1329 registros
2025-07-06 11:42:24,395 - INFO - Data de referência para processamento: 2025-07-05 00:00:00
2025-07-06 11:42:24,395 - INFO - Tipo da data de referência: <class 'pandas._libs.tslibs.timestamps.Timestamp'>
2025-07-06 11:42:24,395 - INFO - Total de registros originais: 1329
2025-07-06 11:42:24,402 - INFO - Processando dados - registros após filtrar excluídos: 1329
2025-07-06 11:42:24,425 - INFO - Datas únicas disponíveis no arquivo: [datetime.date(2024, 5, 5), datetime.date(2024, 5, 20), datetime.date(2024, 6, 5), datetime.date(2024, 6, 20), datetime.date(2024, 7, 5), datetime.date(2024, 7, 20), datetime.date(2024, 8, 5), datetime.date(2024, 8, 20), datetime.date(2024, 9, 5), datetime.date(2024, 9, 20), datetime.date(2024, 10, 5), datetime.date(2024, 10, 20), datetime.date(2024, 11, 5), datetime.date(2024, 11, 20), datetime.date(2024, 12, 5), datetime.date(2024, 12, 20), datetime.date(2025, 1, 5), datetime.date(2025, 1, 20), datetime.date(2025, 2, 5), datetime.date(2025, 2, 20), datetime.date(2025, 3, 5), datetime.date(2025, 3, 20), datetime.date(2025, 4, 5), datetime.date(2025, 4, 20), datetime.date(2025, 5, 5), datetime.date(2025, 5, 20), datetime.date(2025, 6, 5), datetime.date(2025, 6, 20), datetime.date(2025, 7, 5)]
2025-07-06 11:42:24,427 - INFO - Data procurada: 2025-07-05
2025-07-06 11:42:24,446 - INFO - Resultados do processamento:
2025-07-06 11:42:24,446 - INFO -   - df_filtrado: 36 registros
2025-07-06 11:42:24,446 - INFO -   - df_diaria: 9 registros
2025-07-06 11:42:24,446 - INFO -   - df_tp_desp_1: 33 registros
2025-07-06 11:42:24,446 - INFO -   - df_tp_desp_2: 0 registros
2025-07-06 11:42:25,052 - INFO - 
Obtendo número do relatório para data 2025-07-05 00:00:00
2025-07-06 11:42:25,052 - INFO - Número do relatório calculado: 29
2025-07-06 11:42:25,052 - INFO - Calculando acumulado para data 2025-07-05 00:00:00
2025-07-06 11:42:25,052 - INFO - Acumulado - registros após filtrar excluídos: 1329
2025-07-06 11:42:25,076 - INFO - Valor acumulado calculado (apenas ativos): 3,871,156.75
2025-07-06 11:42:25,076 - INFO - ✅ Dados processados UMA VEZ: GILMAR ALMEIDA PORTUGAL
2025-07-06 11:42:25,076 - INFO - ✅ Dados processados com sucesso
2025-07-06 11:42:25,076 - INFO - 🔧 Abrindo preview direto...
2025-07-06 11:42:25,076 - INFO - 🎯 ABRINDO PREVIEW ESTÁVEL - GARANTINDO VISIBILIDADE
2025-07-06 11:42:25,143 - INFO - ✅ Janela de preview criada e posicionada
2025-07-06 11:42:25,269 - INFO - 🔧 Gerando conteúdo do preview...
2025-07-06 11:42:25,284 - INFO - ✅ Conteúdo inserido com sucesso
2025-07-06 11:42:25,396 - INFO - ✅ Preview criado e DEVE ESTAR VISÍVEL na tela!
2025-07-06 11:42:26,401 - INFO - ✅ CONFIRMADO: Preview está visível na tela!
2025-07-06 11:43:33,555 - INFO - 🔄 Voltando para interface de relatórios...
2025-07-06 11:43:33,555 - INFO - ✅ Interface principal restaurada
2025-07-06 11:43:33,577 - INFO - ✅ Preview fechado
2025-07-06 11:43:39,405 - INFO - Cliente selecionado: EDUARDO MORENO MARQUES
2025-07-06 11:43:39,405 - INFO - Arquivo encontrado: C:\Users\Obras\sistema_gestao_testes\testes\Financeiro\Clientes\EDUARDO MORENO MARQUES.xlsx
2025-07-06 11:43:39,405 - INFO - Arquivo encontrado: C:\Users\Obras\sistema_gestao_testes\testes\Financeiro\Clientes\EDUARDO MORENO MARQUES.xlsx
2025-07-06 11:43:41,846 - INFO - 🔍 INICIANDO gerar_relatorio para: despesas
2025-07-06 11:43:41,846 - INFO - 🎯 PROCESSANDO: Relatório de despesas
2025-07-06 11:43:41,846 - INFO - Data final obtida: 2025-07-05 00:00:00 (tipo: <class 'datetime.datetime'>)
2025-07-06 11:43:41,846 - INFO - ✅ Arquivo encontrado em arquivo_cliente_selecionado: C:\Users\Obras\sistema_gestao_testes\testes\Financeiro\Clientes\EDUARDO MORENO MARQUES.xlsx
2025-07-06 11:43:41,846 - INFO - ✅ Arquivo final nas configurações: C:\Users\Obras\sistema_gestao_testes\testes\Financeiro\Clientes\EDUARDO MORENO MARQUES.xlsx
2025-07-06 11:43:41,846 - INFO - ✅ Configurações coletadas: arquivo=True
2025-07-06 11:43:44,998 - INFO - 🚀 Executando com PREVIEW
2025-07-06 11:43:44,998 - INFO - 🎯 EXECUTANDO RELATÓRIO SEM THREADING
2025-07-06 11:43:44,998 - INFO - 🔧 Processando dados direto...
2025-07-06 11:43:45,023 - INFO - 📁 Processando arquivo UMA VEZ: EDUARDO MORENO MARQUES.xlsx
2025-07-06 11:43:45,323 - INFO - ✅ Dados carregados: 704 registros
2025-07-06 11:43:45,339 - INFO - Data de referência para processamento: 2025-07-05 00:00:00
2025-07-06 11:43:45,340 - INFO - Tipo da data de referência: <class 'pandas._libs.tslibs.timestamps.Timestamp'>
2025-07-06 11:43:45,341 - INFO - Total de registros originais: 704
2025-07-06 11:43:45,343 - INFO - Processando dados - registros após filtrar excluídos: 704
2025-07-06 11:43:45,350 - INFO - Datas únicas disponíveis no arquivo: [datetime.date(2024, 8, 5), datetime.date(2024, 8, 20), datetime.date(2024, 9, 5), datetime.date(2024, 9, 20), datetime.date(2024, 10, 5), datetime.date(2024, 10, 20), datetime.date(2024, 11, 5), datetime.date(2024, 11, 20), datetime.date(2024, 12, 5), datetime.date(2024, 12, 20), datetime.date(2025, 1, 5), datetime.date(2025, 1, 20), datetime.date(2025, 2, 5), datetime.date(2025, 2, 20), datetime.date(2025, 3, 5), datetime.date(2025, 3, 20), datetime.date(2025, 4, 5), datetime.date(2025, 4, 20), datetime.date(2025, 5, 5), datetime.date(2025, 5, 20), datetime.date(2025, 6, 5), datetime.date(2025, 6, 20), datetime.date(2025, 7, 5)]
2025-07-06 11:43:45,352 - INFO - Data procurada: 2025-07-05
2025-07-06 11:43:45,354 - INFO - Resultados do processamento:
2025-07-06 11:43:45,354 - INFO -   - df_filtrado: 26 registros
2025-07-06 11:43:45,354 - INFO -   - df_diaria: 5 registros
2025-07-06 11:43:45,354 - INFO -   - df_tp_desp_1: 15 registros
2025-07-06 11:43:45,354 - INFO -   - df_tp_desp_2: 0 registros
2025-07-06 11:43:45,733 - INFO - 
Obtendo número do relatório para data 2025-07-05 00:00:00
2025-07-06 11:43:45,749 - INFO - Número do relatório calculado: 23
2025-07-06 11:43:45,749 - INFO - Calculando acumulado para data 2025-07-05 00:00:00
2025-07-06 11:43:45,749 - INFO - Acumulado - registros após filtrar excluídos: 704
2025-07-06 11:43:45,749 - INFO - Valor acumulado calculado (apenas ativos): 1,177,709.61
2025-07-06 11:43:45,749 - INFO - ✅ Dados processados UMA VEZ: EDUARDO MORENO MARQUES
2025-07-06 11:43:45,749 - INFO - ✅ Dados processados com sucesso
2025-07-06 11:43:45,766 - INFO - 🔧 Abrindo preview direto...
2025-07-06 11:43:45,768 - INFO - 🎯 ABRINDO PREVIEW ESTÁVEL - GARANTINDO VISIBILIDADE
2025-07-06 11:43:45,821 - INFO - ✅ Janela de preview criada e posicionada
2025-07-06 11:43:45,821 - INFO - 🔧 Gerando conteúdo do preview...
2025-07-06 11:43:45,834 - INFO - ✅ Conteúdo inserido com sucesso
2025-07-06 11:43:45,887 - INFO - ✅ Preview criado e DEVE ESTAR VISÍVEL na tela!
2025-07-06 11:43:46,885 - INFO - ✅ CONFIRMADO: Preview está visível na tela!
2025-07-06 11:44:13,221 - INFO - 🔄 Voltando para interface de relatórios...
2025-07-06 11:44:13,236 - INFO - ✅ Interface principal restaurada
2025-07-06 11:44:13,252 - INFO - ✅ Preview fechado
2025-07-06 11:44:30,101 - INFO - Solicitado retorno ao menu principal
2025-07-06 11:44:30,101 - INFO - Retornando ao menu principal existente
2025-07-06 11:44:30,242 - INFO - Retorno ao menu principal concluído
2025-07-06 11:44:35,786 - INFO - Saída confirmada, finalizando sistema
2025-07-06 11:44:35,831 - INFO - Ação concluída: Gerar relatório
2025-07-06 13:00:14,557 - INFO - ✅ Dados carregados: 1329 registros
2025-07-06 13:00:14,557 - INFO - Data de referência para processamento: 2025-07-05 00:00:00
2025-07-06 13:00:14,557 - INFO - Tipo da data de referência: <class 'pandas._libs.tslibs.timestamps.Timestamp'>
2025-07-06 13:00:14,557 - INFO - Total de registros originais: 1329
2025-07-06 13:00:14,572 - INFO - Processando dados - registros após filtrar excluídos: 1329
2025-07-06 13:00:14,588 - INFO - Datas únicas disponíveis no arquivo: [datetime.date(2024, 5, 5), datetime.date(2024, 5, 20), datetime.date(2024, 6, 5), datetime.date(2024, 6, 20), datetime.date(2024, 7, 5), datetime.date(2024, 7, 20), datetime.date(2024, 8, 5), datetime.date(2024, 8, 20), datetime.date(2024, 9, 5), datetime.date(2024, 9, 20), datetime.date(2024, 10, 5), datetime.date(2024, 10, 20), datetime.date(2024, 11, 5), datetime.date(2024, 11, 20), datetime.date(2024, 12, 5), datetime.date(2024, 12, 20), datetime.date(2025, 1, 5), datetime.date(2025, 1, 20), datetime.date(2025, 2, 5), datetime.date(2025, 2, 20), datetime.date(2025, 3, 5), datetime.date(2025, 3, 20), datetime.date(2025, 4, 5), datetime.date(2025, 4, 20), datetime.date(2025, 5, 5), datetime.date(2025, 5, 20), datetime.date(2025, 6, 5), datetime.date(2025, 6, 20), datetime.date(2025, 7, 5)]
2025-07-06 13:00:14,588 - INFO - Data procurada: 2025-07-05
2025-07-06 13:00:14,603 - INFO - Resultados do processamento:
2025-07-06 13:00:14,603 - INFO -   - df_filtrado: 36 registros
2025-07-06 13:00:14,603 - INFO -   - df_diaria: 9 registros
2025-07-06 13:00:14,603 - INFO -   - df_tp_desp_1: 33 registros
2025-07-06 13:00:14,603 - INFO -   - df_tp_desp_2: 0 registros
2025-07-06 13:00:14,603 - INFO - 📊 Dados processados:
2025-07-06 13:00:14,603 - INFO -    - df_filtrado: 36 registros
2025-07-06 13:00:14,603 - INFO -    - df_diaria: 9 registros
2025-07-06 13:00:14,603 - INFO -    - df_tp_desp_1: 33 registros
2025-07-06 13:00:14,603 - INFO -    - df_tp_desp_2: 0 registros
2025-07-06 13:00:14,603 - WARNING - Método processar_lancamentos_futuros não encontrado
2025-07-06 13:00:15,258 - INFO - 
Obtendo número do relatório para data 2025-07-05 00:00:00
2025-07-06 13:00:15,258 - INFO - Número do relatório calculado: 29
2025-07-06 13:00:15,258 - INFO - Calculando acumulado para data 2025-07-05 00:00:00
2025-07-06 13:00:15,258 - INFO - Acumulado - registros após filtrar excluídos: 1329
2025-07-06 13:00:15,273 - INFO - Valor acumulado calculado (apenas ativos): 3,871,156.75
2025-07-06 13:00:15,274 - INFO - 📋 Cliente: GILMAR ALMEIDA PORTUGAL
2025-07-06 13:00:15,275 - INFO - 📋 Relatório nº: 29
2025-07-06 13:00:15,276 - INFO - 📋 Acumulado: R$ 3,871,156.75
2025-07-06 13:00:15,277 - INFO - ✅ Dados processados com sucesso para: GILMAR ALMEIDA PORTUGAL
2025-07-06 13:00:15,277 - INFO - ✅ Dados processados com sucesso
2025-07-06 13:00:15,282 - INFO - 🔧 Abrindo preview direto...
2025-07-06 13:00:15,284 - INFO - 🎯 ABRINDO PREVIEW ESTÁVEL - GARANTINDO VISIBILIDADE
2025-07-06 13:00:15,345 - INFO - ✅ Janela de preview criada e posicionada
2025-07-06 13:00:15,417 - INFO - 🔧 Gerando conteúdo do preview...
2025-07-06 13:00:15,434 - INFO - ✅ Conteúdo inserido com sucesso
2025-07-06 13:00:15,582 - INFO - ✅ Preview criado e DEVE ESTAR VISÍVEL na tela!
2025-07-06 13:00:16,582 - INFO - ✅ CONFIRMADO: Preview está visível na tela!
2025-07-06 13:01:00,583 - INFO - 🔄 Voltando para interface de relatórios...
2025-07-06 13:01:00,583 - INFO - ✅ Interface principal restaurada
2025-07-06 13:01:00,602 - INFO - ✅ Preview fechado
2025-07-06 13:01:03,715 - INFO - Solicitado retorno ao menu principal
2025-07-06 13:01:03,715 - INFO - Não há menu principal válido, fechando aplicação
2025-07-06 13:17:30,404 - INFO - ✅ Dados carregados: 1329 registros
2025-07-06 13:17:30,407 - INFO - Data de referência para processamento: 2025-07-05 00:00:00
2025-07-06 13:17:30,408 - INFO - Tipo da data de referência: <class 'pandas._libs.tslibs.timestamps.Timestamp'>
2025-07-06 13:17:30,409 - INFO - Total de registros originais: 1329
2025-07-06 13:17:30,411 - INFO - Processando dados - registros após filtrar excluídos: 1329
2025-07-06 13:17:30,429 - INFO - Datas únicas disponíveis no arquivo: [datetime.date(2024, 5, 5), datetime.date(2024, 5, 20), datetime.date(2024, 6, 5), datetime.date(2024, 6, 20), datetime.date(2024, 7, 5), datetime.date(2024, 7, 20), datetime.date(2024, 8, 5), datetime.date(2024, 8, 20), datetime.date(2024, 9, 5), datetime.date(2024, 9, 20), datetime.date(2024, 10, 5), datetime.date(2024, 10, 20), datetime.date(2024, 11, 5), datetime.date(2024, 11, 20), datetime.date(2024, 12, 5), datetime.date(2024, 12, 20), datetime.date(2025, 1, 5), datetime.date(2025, 1, 20), datetime.date(2025, 2, 5), datetime.date(2025, 2, 20), datetime.date(2025, 3, 5), datetime.date(2025, 3, 20), datetime.date(2025, 4, 5), datetime.date(2025, 4, 20), datetime.date(2025, 5, 5), datetime.date(2025, 5, 20), datetime.date(2025, 6, 5), datetime.date(2025, 6, 20), datetime.date(2025, 7, 5)]
2025-07-06 13:17:30,433 - INFO - Data procurada: 2025-07-05
2025-07-06 13:17:30,448 - INFO - Resultados do processamento:
2025-07-06 13:17:30,449 - INFO -   - df_filtrado: 36 registros
2025-07-06 13:17:30,449 - INFO -   - df_diaria: 9 registros
2025-07-06 13:17:30,450 - INFO -   - df_tp_desp_1: 33 registros
2025-07-06 13:17:30,450 - INFO -   - df_tp_desp_2: 0 registros
2025-07-06 13:17:30,451 - INFO - 📊 Dados processados:
2025-07-06 13:17:30,452 - INFO -    - df_filtrado: 36 registros
2025-07-06 13:17:30,452 - INFO -    - df_diaria: 9 registros
2025-07-06 13:17:30,455 - INFO -    - df_tp_desp_1: 33 registros
2025-07-06 13:17:30,456 - INFO -    - df_tp_desp_2: 0 registros
2025-07-06 13:17:30,457 - WARNING - Método processar_lancamentos_futuros não encontrado
2025-07-06 13:17:31,090 - INFO - 
Obtendo número do relatório para data 2025-07-05 00:00:00
2025-07-06 13:17:31,091 - INFO - Número do relatório calculado: 29
2025-07-06 13:17:31,092 - INFO - Calculando acumulado para data 2025-07-05 00:00:00
2025-07-06 13:17:31,096 - INFO - Acumulado - registros após filtrar excluídos: 1329
2025-07-06 13:17:31,110 - INFO - Valor acumulado calculado (apenas ativos): 3,871,156.75
2025-07-06 13:17:31,112 - INFO - 📋 Cliente: GILMAR ALMEIDA PORTUGAL
2025-07-06 13:17:31,117 - INFO - 📋 Relatório nº: 29
2025-07-06 13:17:31,123 - INFO - 📋 Acumulado: R$ 3,871,156.75
2025-07-06 13:17:31,124 - INFO - ✅ Dados processados com sucesso para: GILMAR ALMEIDA PORTUGAL
2025-07-06 13:17:31,129 - INFO - 🎯 ABRINDO PREVIEW MELHORADO
2025-07-06 13:17:31,316 - INFO - ✅ Preview melhorado aberto com sucesso
2025-07-06 13:24:16,189 - INFO - ✅ Dados carregados: 782 registros
2025-07-06 13:24:16,192 - INFO - Data de referência para processamento: 2025-07-05 00:00:00
2025-07-06 13:24:16,192 - INFO - Tipo da data de referência: <class 'pandas._libs.tslibs.timestamps.Timestamp'>
2025-07-06 13:24:16,193 - INFO - Total de registros originais: 782
2025-07-06 13:24:16,194 - INFO - Processando dados - registros após filtrar excluídos: 782
2025-07-06 13:24:16,214 - INFO - Datas únicas disponíveis no arquivo: [datetime.date(2024, 9, 5), datetime.date(2024, 9, 20), datetime.date(2024, 10, 5), datetime.date(2024, 10, 20), datetime.date(2024, 11, 5), datetime.date(2024, 11, 20), datetime.date(2024, 12, 5), datetime.date(2024, 12, 20), datetime.date(2025, 1, 5), datetime.date(2025, 1, 20), datetime.date(2025, 2, 5), datetime.date(2025, 2, 20), datetime.date(2025, 3, 5), datetime.date(2025, 3, 20), datetime.date(2025, 4, 5), datetime.date(2025, 4, 20), datetime.date(2025, 5, 5), datetime.date(2025, 5, 20), datetime.date(2025, 6, 5), datetime.date(2025, 6, 20), datetime.date(2025, 7, 5)]
2025-07-06 13:24:16,220 - INFO - Data procurada: 2025-07-05
2025-07-06 13:24:16,237 - INFO - Resultados do processamento:
2025-07-06 13:24:16,238 - INFO -   - df_filtrado: 19 registros
2025-07-06 13:24:16,242 - INFO -   - df_diaria: 1 registros
2025-07-06 13:24:16,243 - INFO -   - df_tp_desp_1: 33 registros
2025-07-06 13:24:16,244 - INFO -   - df_tp_desp_2: 0 registros
2025-07-06 13:24:16,247 - INFO - 📊 Dados processados:
2025-07-06 13:24:16,252 - INFO -    - df_filtrado: 19 registros
2025-07-06 13:24:16,256 - INFO -    - df_diaria: 1 registros
2025-07-06 13:24:16,258 - INFO -    - df_tp_desp_1: 33 registros
2025-07-06 13:24:16,259 - INFO -    - df_tp_desp_2: 0 registros
2025-07-06 13:24:16,260 - WARNING - Método processar_lancamentos_futuros não encontrado
2025-07-06 13:24:16,679 - INFO - 
Obtendo número do relatório para data 2025-07-05 00:00:00
2025-07-06 13:24:16,680 - INFO - Número do relatório calculado: 21
2025-07-06 13:24:16,680 - INFO - Calculando acumulado para data 2025-07-05 00:00:00
2025-07-06 13:24:16,682 - INFO - Acumulado - registros após filtrar excluídos: 782
2025-07-06 13:24:16,692 - INFO - Valor acumulado calculado (apenas ativos): 2,199,915.92
2025-07-06 13:24:16,692 - INFO - 📋 Cliente: CLEVER LUIZ SALVADOR
2025-07-06 13:24:16,693 - INFO - 📋 Relatório nº: 21
2025-07-06 13:24:16,694 - INFO - 📋 Acumulado: R$ 2,199,915.92
2025-07-06 13:24:16,695 - INFO - ✅ Dados processados com sucesso para: CLEVER LUIZ SALVADOR
2025-07-06 13:24:16,696 - INFO - ✅ Dados processados com sucesso
2025-07-06 13:24:16,702 - INFO - 🔧 Abrindo preview direto...
2025-07-06 13:24:16,704 - INFO - 🎯 ABRINDO PREVIEW ESTÁVEL - GARANTINDO VISIBILIDADE
2025-07-06 13:24:16,768 - INFO - ✅ Janela de preview criada e posicionada
2025-07-06 13:24:16,840 - INFO - 🔧 Gerando conteúdo do preview...
2025-07-06 13:24:16,845 - INFO - ✅ Conteúdo inserido com sucesso
2025-07-06 13:24:16,944 - INFO - ✅ Preview criado e DEVE ESTAR VISÍVEL na tela!
2025-07-06 13:24:17,948 - INFO - ✅ CONFIRMADO: Preview está visível na tela!
2025-07-06 13:24:19,500 - INFO - 🔄 Voltando para interface de relatórios...
2025-07-06 13:24:19,504 - INFO - ✅ Interface principal restaurada
2025-07-06 13:24:19,516 - INFO - ✅ Preview fechado
2025-07-06 13:24:21,795 - INFO - Solicitado retorno ao menu principal
2025-07-06 13:24:21,796 - INFO - Não há menu principal válido, fechando aplicação
2025-07-06 13:27:28,213 - INFO - ✅ Dados carregados: 782 registros
2025-07-06 13:27:28,215 - INFO - Data de referência para processamento: 2025-07-05 00:00:00
2025-07-06 13:27:28,216 - INFO - Tipo da data de referência: <class 'pandas._libs.tslibs.timestamps.Timestamp'>
2025-07-06 13:27:28,217 - INFO - Total de registros originais: 782
2025-07-06 13:27:28,219 - INFO - Processando dados - registros após filtrar excluídos: 782
2025-07-06 13:27:28,236 - INFO - Datas únicas disponíveis no arquivo: [datetime.date(2024, 9, 5), datetime.date(2024, 9, 20), datetime.date(2024, 10, 5), datetime.date(2024, 10, 20), datetime.date(2024, 11, 5), datetime.date(2024, 11, 20), datetime.date(2024, 12, 5), datetime.date(2024, 12, 20), datetime.date(2025, 1, 5), datetime.date(2025, 1, 20), datetime.date(2025, 2, 5), datetime.date(2025, 2, 20), datetime.date(2025, 3, 5), datetime.date(2025, 3, 20), datetime.date(2025, 4, 5), datetime.date(2025, 4, 20), datetime.date(2025, 5, 5), datetime.date(2025, 5, 20), datetime.date(2025, 6, 5), datetime.date(2025, 6, 20), datetime.date(2025, 7, 5)]
2025-07-06 13:27:28,239 - INFO - Data procurada: 2025-07-05
2025-07-06 13:27:28,249 - INFO - Resultados do processamento:
2025-07-06 13:27:28,249 - INFO -   - df_filtrado: 19 registros
2025-07-06 13:27:28,251 - INFO -   - df_diaria: 1 registros
2025-07-06 13:27:28,252 - INFO -   - df_tp_desp_1: 33 registros
2025-07-06 13:27:28,252 - INFO -   - df_tp_desp_2: 0 registros
2025-07-06 13:27:28,253 - INFO - 📊 Dados processados:
2025-07-06 13:27:28,254 - INFO -    - df_filtrado: 19 registros
2025-07-06 13:27:28,255 - INFO -    - df_diaria: 1 registros
2025-07-06 13:27:28,255 - INFO -    - df_tp_desp_1: 33 registros
2025-07-06 13:27:28,256 - INFO -    - df_tp_desp_2: 0 registros
2025-07-06 13:27:28,257 - WARNING - Método processar_lancamentos_futuros não encontrado
2025-07-06 13:27:28,679 - INFO - 
Obtendo número do relatório para data 2025-07-05 00:00:00
2025-07-06 13:27:28,680 - INFO - Número do relatório calculado: 21
2025-07-06 13:27:28,680 - INFO - Calculando acumulado para data 2025-07-05 00:00:00
2025-07-06 13:27:28,683 - INFO - Acumulado - registros após filtrar excluídos: 782
2025-07-06 13:27:28,695 - INFO - Valor acumulado calculado (apenas ativos): 2,199,915.92
2025-07-06 13:27:28,695 - INFO - 📋 Cliente: CLEVER LUIZ SALVADOR
2025-07-06 13:27:28,697 - INFO - 📋 Relatório nº: 21
2025-07-06 13:27:28,699 - INFO - 📋 Acumulado: R$ 2,199,915.92
2025-07-06 13:27:28,701 - INFO - ✅ Dados processados com sucesso para: CLEVER LUIZ SALVADOR
2025-07-06 13:27:28,702 - INFO - ✅ Dados processados com sucesso
2025-07-06 13:27:28,706 - INFO - 🔧 Abrindo preview direto...
2025-07-06 13:27:28,707 - INFO - 🎯 ABRINDO PREVIEW ESTÁVEL - GARANTINDO VISIBILIDADE
2025-07-06 13:27:28,770 - INFO - ✅ Janela de preview criada e posicionada
2025-07-06 13:27:28,836 - INFO - 🔧 Gerando conteúdo do preview...
2025-07-06 13:27:28,841 - INFO - ✅ Conteúdo inserido com sucesso
2025-07-06 13:27:29,120 - INFO - ✅ Preview criado e DEVE ESTAR VISÍVEL na tela!
2025-07-06 13:27:30,122 - INFO - ✅ CONFIRMADO: Preview está visível na tela!
2025-07-06 13:27:56,217 - INFO - 🔄 Voltando para interface de relatórios...
2025-07-06 13:27:56,222 - INFO - ✅ Interface principal restaurada
2025-07-06 13:27:56,241 - INFO - ✅ Preview fechado
2025-07-06 13:40:30,680 - INFO - Solicitado retorno ao menu principal
2025-07-06 13:40:30,682 - INFO - Não há menu principal válido, fechando aplicação
2025-07-06 13:40:51,832 - INFO - ✅ Dados carregados: 704 registros
2025-07-06 13:40:51,833 - INFO - Data de referência para processamento: 2025-07-05 00:00:00
2025-07-06 13:40:51,834 - INFO - Tipo da data de referência: <class 'pandas._libs.tslibs.timestamps.Timestamp'>
2025-07-06 13:40:51,835 - INFO - Total de registros originais: 704
2025-07-06 13:40:51,837 - INFO - Processando dados - registros após filtrar excluídos: 704
2025-07-06 13:40:51,848 - INFO - Datas únicas disponíveis no arquivo: [datetime.date(2024, 8, 5), datetime.date(2024, 8, 20), datetime.date(2024, 9, 5), datetime.date(2024, 9, 20), datetime.date(2024, 10, 5), datetime.date(2024, 10, 20), datetime.date(2024, 11, 5), datetime.date(2024, 11, 20), datetime.date(2024, 12, 5), datetime.date(2024, 12, 20), datetime.date(2025, 1, 5), datetime.date(2025, 1, 20), datetime.date(2025, 2, 5), datetime.date(2025, 2, 20), datetime.date(2025, 3, 5), datetime.date(2025, 3, 20), datetime.date(2025, 4, 5), datetime.date(2025, 4, 20), datetime.date(2025, 5, 5), datetime.date(2025, 5, 20), datetime.date(2025, 6, 5), datetime.date(2025, 6, 20), datetime.date(2025, 7, 5)]
2025-07-06 13:40:51,849 - INFO - Data procurada: 2025-07-05
2025-07-06 13:40:51,864 - INFO - Resultados do processamento:
2025-07-06 13:40:51,864 - INFO -   - df_filtrado: 26 registros
2025-07-06 13:40:51,864 - INFO -   - df_diaria: 5 registros
2025-07-06 13:40:51,865 - INFO -   - df_tp_desp_1: 15 registros
2025-07-06 13:40:51,865 - INFO -   - df_tp_desp_2: 0 registros
2025-07-06 13:40:51,866 - INFO - 📊 Dados processados:
2025-07-06 13:40:51,866 - INFO -    - df_filtrado: 26 registros
2025-07-06 13:40:51,867 - INFO -    - df_diaria: 5 registros
2025-07-06 13:40:51,868 - INFO -    - df_tp_desp_1: 15 registros
2025-07-06 13:40:51,869 - INFO -    - df_tp_desp_2: 0 registros
2025-07-06 13:40:51,870 - WARNING - Método processar_lancamentos_futuros não encontrado
2025-07-06 13:40:52,258 - INFO - 
Obtendo número do relatório para data 2025-07-05 00:00:00
2025-07-06 13:40:52,259 - INFO - Número do relatório calculado: 23
2025-07-06 13:40:52,259 - INFO - Calculando acumulado para data 2025-07-05 00:00:00
2025-07-06 13:40:52,261 - INFO - Acumulado - registros após filtrar excluídos: 704
2025-07-06 13:40:52,268 - INFO - Valor acumulado calculado (apenas ativos): 1,177,709.61
2025-07-06 13:40:52,268 - INFO - 📋 Cliente: EDUARDO MORENO MARQUES
2025-07-06 13:40:52,269 - INFO - 📋 Relatório nº: 23
2025-07-06 13:40:52,271 - INFO - 📋 Acumulado: R$ 1,177,709.61
2025-07-06 13:40:52,272 - INFO - ✅ Dados processados com sucesso para: EDUARDO MORENO MARQUES
2025-07-06 13:40:52,273 - INFO - ✅ Dados processados com sucesso
2025-07-06 13:40:52,277 - INFO - 🔧 Abrindo preview direto...
2025-07-06 13:40:52,278 - INFO - 🎯 ABRINDO PREVIEW ESTÁVEL - GARANTINDO VISIBILIDADE
2025-07-06 13:40:52,338 - INFO - ✅ Janela de preview criada e posicionada
2025-07-06 13:40:52,399 - INFO - 🔧 Gerando conteúdo do preview...
2025-07-06 13:40:52,403 - INFO - ✅ Conteúdo inserido com sucesso
2025-07-06 13:40:52,428 - ERROR - 💥 ERRO CRÍTICO no preview: name 'testar_pdf' is not defined
Traceback (most recent call last):
  File "c:\Users\Obras\Documents\GitHub\Sistema-Financeiro\src\relatorios_interface.py", line 2401, in abrir_preview_estavel
    btn_pdf = ttk.Button(btn_frame, text="🚀 Testar PDF", command=testar_pdf)
                                                                  ^^^^^^^^^^
NameError: name 'testar_pdf' is not defined. Did you mean: 'gerar_pdf'?
2025-07-06 13:41:01,584 - INFO - Solicitado retorno ao menu principal
2025-07-06 13:41:01,585 - INFO - Não há menu principal válido, fechando aplicação
2025-07-06 13:42:36,127 - INFO - ✅ Dados carregados: 782 registros
2025-07-06 13:42:36,129 - INFO - Data de referência para processamento: 2025-07-05 00:00:00
2025-07-06 13:42:36,129 - INFO - Tipo da data de referência: <class 'pandas._libs.tslibs.timestamps.Timestamp'>
2025-07-06 13:42:36,131 - INFO - Total de registros originais: 782
2025-07-06 13:42:36,133 - INFO - Processando dados - registros após filtrar excluídos: 782
2025-07-06 13:42:36,142 - INFO - Datas únicas disponíveis no arquivo: [datetime.date(2024, 9, 5), datetime.date(2024, 9, 20), datetime.date(2024, 10, 5), datetime.date(2024, 10, 20), datetime.date(2024, 11, 5), datetime.date(2024, 11, 20), datetime.date(2024, 12, 5), datetime.date(2024, 12, 20), datetime.date(2025, 1, 5), datetime.date(2025, 1, 20), datetime.date(2025, 2, 5), datetime.date(2025, 2, 20), datetime.date(2025, 3, 5), datetime.date(2025, 3, 20), datetime.date(2025, 4, 5), datetime.date(2025, 4, 20), datetime.date(2025, 5, 5), datetime.date(2025, 5, 20), datetime.date(2025, 6, 5), datetime.date(2025, 6, 20), datetime.date(2025, 7, 5)]
2025-07-06 13:42:36,145 - INFO - Data procurada: 2025-07-05
2025-07-06 13:42:36,158 - INFO - Resultados do processamento:
2025-07-06 13:42:36,158 - INFO -   - df_filtrado: 19 registros
2025-07-06 13:42:36,159 - INFO -   - df_diaria: 1 registros
2025-07-06 13:42:36,159 - INFO -   - df_tp_desp_1: 33 registros
2025-07-06 13:42:36,159 - INFO -   - df_tp_desp_2: 0 registros
2025-07-06 13:42:36,160 - INFO - 📊 Dados processados:
2025-07-06 13:42:36,161 - INFO -    - df_filtrado: 19 registros
2025-07-06 13:42:36,162 - INFO -    - df_diaria: 1 registros
2025-07-06 13:42:36,163 - INFO -    - df_tp_desp_1: 33 registros
2025-07-06 13:42:36,165 - INFO -    - df_tp_desp_2: 0 registros
2025-07-06 13:42:36,168 - WARNING - Método processar_lancamentos_futuros não encontrado
2025-07-06 13:42:36,568 - INFO - 
Obtendo número do relatório para data 2025-07-05 00:00:00
2025-07-06 13:42:36,569 - INFO - Número do relatório calculado: 21
2025-07-06 13:42:36,569 - INFO - Calculando acumulado para data 2025-07-05 00:00:00
2025-07-06 13:42:36,571 - INFO - Acumulado - registros após filtrar excluídos: 782
2025-07-06 13:42:36,578 - INFO - Valor acumulado calculado (apenas ativos): 2,199,915.92
2025-07-06 13:42:36,579 - INFO - 📋 Cliente: CLEVER LUIZ SALVADOR
2025-07-06 13:42:36,580 - INFO - 📋 Relatório nº: 21
2025-07-06 13:42:36,581 - INFO - 📋 Acumulado: R$ 2,199,915.92
2025-07-06 13:42:36,582 - INFO - ✅ Dados processados com sucesso para: CLEVER LUIZ SALVADOR
2025-07-06 13:42:36,583 - INFO - ✅ Dados processados com sucesso
2025-07-06 13:42:36,588 - INFO - 🔧 Abrindo preview direto...
2025-07-06 13:42:36,590 - INFO - 🎯 ABRINDO PREVIEW ESTÁVEL - GARANTINDO VISIBILIDADE
2025-07-06 13:42:36,651 - INFO - ✅ Janela de preview criada e posicionada
2025-07-06 13:42:36,718 - INFO - 🔧 Gerando conteúdo do preview...
2025-07-06 13:42:36,723 - INFO - ✅ Conteúdo inserido com sucesso
2025-07-06 13:42:36,980 - INFO - ✅ Preview criado e DEVE ESTAR VISÍVEL na tela!
2025-07-06 13:42:37,987 - INFO - ✅ CONFIRMADO: Preview está visível na tela!
2025-07-06 13:42:49,244 - INFO - 🎯 GERANDO PDF A PARTIR DO PREVIEW
2025-07-06 13:42:49,246 - INFO - 📄 Gerando PDF: REL - CLEVER LUIZ SALVADOR - 05-07-2025.pdf
2025-07-06 13:42:49,247 - INFO - === INICIANDO ADIÇÃO DO CABEÇALHO ===
2025-07-06 13:42:49,247 - INFO - Tentando carregar logo: C:\Users\Obras\Documents\GitHub\Sistema-Financeiro\src\logo1.png
2025-07-06 13:42:49,248 - INFO - Logo carregada com sucesso!
2025-07-06 13:42:49,248 - INFO - Criando cabeçalho COM logo
2025-07-06 13:42:49,250 - INFO - Informações do cliente adicionadas com sucesso
2025-07-06 13:42:49,251 - INFO - === CABEÇALHO CONCLUÍDO COM SUCESSO ===
2025-07-06 13:42:49,264 - INFO - Iniciando adição de detalhes ao relatório
2025-07-06 13:42:49,413 - INFO - Detalhes adicionados com sucesso
2025-07-06 13:42:49,519 - INFO - ✅ PDF criado com sucesso: 50715 bytes
2025-07-06 13:42:55,372 - INFO - ✅ PDF gerado e salvo: C:\Users\Obras\sistema_gestao_testes\testes\Financeiro\Clientes\REL - CLEVER LUIZ SALVADOR - 05-07-2025.pdf
2025-07-06 13:43:16,366 - INFO - 🔄 Voltando para interface de relatórios...
2025-07-06 13:43:16,372 - INFO - ✅ Interface principal restaurada
2025-07-06 13:43:16,388 - INFO - ✅ Preview fechado
2025-07-06 13:43:19,742 - INFO - 🔍 INICIANDO gerar_relatorio para: despesas
2025-07-06 13:43:19,743 - INFO - 🎯 PROCESSANDO: Relatório de despesas
2025-07-06 13:43:19,744 - INFO - Data final obtida: 2025-07-05 00:00:00 (tipo: <class 'datetime.datetime'>)
2025-07-06 13:43:19,745 - INFO - ✅ Arquivo encontrado em arquivo_cliente_selecionado: C:\Users\Obras\sistema_gestao_testes\testes\Financeiro\Clientes\CLEVER LUIZ SALVADOR.xlsx
2025-07-06 13:43:19,746 - INFO - ✅ Arquivo final nas configurações: C:\Users\Obras\sistema_gestao_testes\testes\Financeiro\Clientes\CLEVER LUIZ SALVADOR.xlsx
2025-07-06 13:43:19,747 - INFO - ✅ Configurações coletadas: arquivo=True
2025-07-06 13:43:21,427 - INFO - 🚀 Executando com PREVIEW
2025-07-06 13:43:21,428 - INFO - 🎯 EXECUTANDO RELATÓRIO SEM THREADING
2025-07-06 13:43:21,434 - INFO - 🔧 Processando dados direto...
2025-07-06 13:43:21,439 - INFO - 📁 Processando arquivo: CLEVER LUIZ SALVADOR.xlsx
2025-07-06 13:43:21,782 - INFO - ✅ Dados carregados: 782 registros
2025-07-06 13:43:21,783 - INFO - Data de referência para processamento: 2025-07-05 00:00:00
2025-07-06 13:43:21,783 - INFO - Tipo da data de referência: <class 'pandas._libs.tslibs.timestamps.Timestamp'>
2025-07-06 13:43:21,785 - INFO - Total de registros originais: 782
2025-07-06 13:43:21,788 - INFO - Processando dados - registros após filtrar excluídos: 782
2025-07-06 13:43:21,795 - INFO - Datas únicas disponíveis no arquivo: [datetime.date(2024, 9, 5), datetime.date(2024, 9, 20), datetime.date(2024, 10, 5), datetime.date(2024, 10, 20), datetime.date(2024, 11, 5), datetime.date(2024, 11, 20), datetime.date(2024, 12, 5), datetime.date(2024, 12, 20), datetime.date(2025, 1, 5), datetime.date(2025, 1, 20), datetime.date(2025, 2, 5), datetime.date(2025, 2, 20), datetime.date(2025, 3, 5), datetime.date(2025, 3, 20), datetime.date(2025, 4, 5), datetime.date(2025, 4, 20), datetime.date(2025, 5, 5), datetime.date(2025, 5, 20), datetime.date(2025, 6, 5), datetime.date(2025, 6, 20), datetime.date(2025, 7, 5)]
2025-07-06 13:43:21,796 - INFO - Data procurada: 2025-07-05
2025-07-06 13:43:21,808 - INFO - Resultados do processamento:
2025-07-06 13:43:21,808 - INFO -   - df_filtrado: 19 registros
2025-07-06 13:43:21,808 - INFO -   - df_diaria: 1 registros
2025-07-06 13:43:21,809 - INFO -   - df_tp_desp_1: 33 registros
2025-07-06 13:43:21,809 - INFO -   - df_tp_desp_2: 0 registros
2025-07-06 13:43:21,810 - INFO - 📊 Dados processados:
2025-07-06 13:43:21,811 - INFO -    - df_filtrado: 19 registros
2025-07-06 13:43:21,811 - INFO -    - df_diaria: 1 registros
2025-07-06 13:43:21,815 - INFO -    - df_tp_desp_1: 33 registros
2025-07-06 13:43:21,816 - INFO -    - df_tp_desp_2: 0 registros
2025-07-06 13:43:21,817 - WARNING - Método processar_lancamentos_futuros não encontrado
2025-07-06 13:43:22,155 - INFO - 
Obtendo número do relatório para data 2025-07-05 00:00:00
2025-07-06 13:43:22,156 - INFO - Número do relatório calculado: 21
2025-07-06 13:43:22,156 - INFO - Calculando acumulado para data 2025-07-05 00:00:00
2025-07-06 13:43:22,158 - INFO - Acumulado - registros após filtrar excluídos: 782
2025-07-06 13:43:22,165 - INFO - Valor acumulado calculado (apenas ativos): 2,199,915.92
2025-07-06 13:43:22,166 - INFO - 📋 Cliente: CLEVER LUIZ SALVADOR
2025-07-06 13:43:22,167 - INFO - 📋 Relatório nº: 21
2025-07-06 13:43:22,167 - INFO - 📋 Acumulado: R$ 2,199,915.92
2025-07-06 13:43:22,169 - INFO - ✅ Dados processados com sucesso para: CLEVER LUIZ SALVADOR
2025-07-06 13:43:22,172 - INFO - ✅ Dados processados com sucesso
2025-07-06 13:43:22,176 - INFO - 🔧 Abrindo preview direto...
2025-07-06 13:43:22,177 - INFO - 🎯 ABRINDO PREVIEW ESTÁVEL - GARANTINDO VISIBILIDADE
2025-07-06 13:43:22,233 - INFO - ✅ Janela de preview criada e posicionada
2025-07-06 13:43:22,245 - INFO - 🔧 Gerando conteúdo do preview...
2025-07-06 13:43:22,250 - INFO - ✅ Conteúdo inserido com sucesso
2025-07-06 13:43:22,328 - INFO - ✅ Preview criado e DEVE ESTAR VISÍVEL na tela!
2025-07-06 13:43:23,336 - INFO - ✅ CONFIRMADO: Preview está visível na tela!
2025-07-06 13:43:28,038 - INFO - 🔄 Voltando para interface de relatórios...
2025-07-06 13:43:28,042 - INFO - ✅ Interface principal restaurada
2025-07-06 13:43:28,061 - INFO - ✅ Preview fechado
2025-07-06 13:43:29,222 - INFO - Solicitado retorno ao menu principal
2025-07-06 13:43:29,223 - INFO - Não há menu principal válido, fechando aplicação
2025-07-06 13:56:29,838 - INFO - ✅ Dados carregados: 782 registros
2025-07-06 13:56:29,854 - INFO - Data de referência para processamento: 2025-07-05 00:00:00
2025-07-06 13:56:29,854 - INFO - Tipo da data de referência: <class 'pandas._libs.tslibs.timestamps.Timestamp'>
2025-07-06 13:56:29,855 - INFO - Total de registros originais: 782
2025-07-06 13:56:29,857 - INFO - Processando dados - registros após filtrar excluídos: 782
2025-07-06 13:56:29,916 - INFO - Datas únicas disponíveis no arquivo: [datetime.date(2024, 9, 5), datetime.date(2024, 9, 20), datetime.date(2024, 10, 5), datetime.date(2024, 10, 20), datetime.date(2024, 11, 5), datetime.date(2024, 11, 20), datetime.date(2024, 12, 5), datetime.date(2024, 12, 20), datetime.date(2025, 1, 5), datetime.date(2025, 1, 20), datetime.date(2025, 2, 5), datetime.date(2025, 2, 20), datetime.date(2025, 3, 5), datetime.date(2025, 3, 20), datetime.date(2025, 4, 5), datetime.date(2025, 4, 20), datetime.date(2025, 5, 5), datetime.date(2025, 5, 20), datetime.date(2025, 6, 5), datetime.date(2025, 6, 20), datetime.date(2025, 7, 5)]
2025-07-06 13:56:29,917 - INFO - Data procurada: 2025-07-05
2025-07-06 13:56:29,935 - INFO - Resultados do processamento:
2025-07-06 13:56:29,936 - INFO -   - df_filtrado: 19 registros
2025-07-06 13:56:29,936 - INFO -   - df_diaria: 1 registros
2025-07-06 13:56:29,937 - INFO -   - df_tp_desp_1: 33 registros
2025-07-06 13:56:29,937 - INFO -   - df_tp_desp_2: 0 registros
2025-07-06 13:56:29,938 - INFO - 📊 Dados processados:
2025-07-06 13:56:29,939 - INFO -    - df_filtrado: 19 registros
2025-07-06 13:56:29,940 - INFO -    - df_diaria: 1 registros
2025-07-06 13:56:29,941 - INFO -    - df_tp_desp_1: 33 registros
2025-07-06 13:56:29,942 - INFO -    - df_tp_desp_2: 0 registros
2025-07-06 13:56:29,943 - WARNING - Método processar_lancamentos_futuros não encontrado
2025-07-06 13:56:30,450 - INFO - 
Obtendo número do relatório para data 2025-07-05 00:00:00
2025-07-06 13:56:30,451 - INFO - Número do relatório calculado: 21
2025-07-06 13:56:30,452 - INFO - Calculando acumulado para data 2025-07-05 00:00:00
2025-07-06 13:56:30,454 - INFO - Acumulado - registros após filtrar excluídos: 782
2025-07-06 13:56:30,472 - INFO - Valor acumulado calculado (apenas ativos): 2,199,915.92
2025-07-06 13:56:30,472 - INFO - 📋 Cliente: CLEVER LUIZ SALVADOR
2025-07-06 13:56:30,473 - INFO - 📋 Relatório nº: 21
2025-07-06 13:56:30,474 - INFO - 📋 Acumulado: R$ 2,199,915.92
2025-07-06 13:56:30,474 - INFO - ✅ Dados processados com sucesso para: CLEVER LUIZ SALVADOR
2025-07-06 13:56:30,475 - INFO - ✅ Dados processados com sucesso
2025-07-06 13:56:30,480 - INFO - 🔧 Abrindo preview direto...
2025-07-06 13:56:30,482 - INFO - 🎯 ABRINDO PREVIEW ESTÁVEL - GARANTINDO VISIBILIDADE
2025-07-06 13:56:30,546 - INFO - ✅ Janela de preview criada e posicionada
2025-07-06 13:56:30,625 - INFO - 🔧 Gerando conteúdo do preview...
2025-07-06 13:56:30,638 - INFO - ✅ Conteúdo inserido com sucesso
2025-07-06 13:56:31,188 - INFO - ✅ Preview criado e DEVE ESTAR VISÍVEL na tela!
2025-07-06 13:56:32,310 - INFO - ✅ CONFIRMADO: Preview está visível na tela!
2025-07-06 13:56:34,429 - INFO - 🔍 GERANDO PDF TEMPORÁRIO PARA PREVIEW
2025-07-06 13:56:34,434 - INFO - 📄 Criando PDF temporário: PREVIEW_REL_CLEVER LUIZ SALVADOR_135634.pdf
2025-07-06 13:56:34,434 - INFO - === INICIANDO ADIÇÃO DO CABEÇALHO ===
2025-07-06 13:56:34,436 - INFO - Tentando carregar logo: C:\Users\Obras\Documents\GitHub\Sistema-Financeiro\src\logo1.png
2025-07-06 13:56:34,436 - INFO - Logo carregada com sucesso!
2025-07-06 13:56:34,437 - INFO - Criando cabeçalho COM logo
2025-07-06 13:56:34,440 - INFO - Informações do cliente adicionadas com sucesso
2025-07-06 13:56:34,441 - INFO - === CABEÇALHO CONCLUÍDO COM SUCESSO ===
2025-07-06 13:56:34,461 - INFO - Iniciando adição de detalhes ao relatório
2025-07-06 13:56:34,616 - INFO - Detalhes adicionados com sucesso
2025-07-06 13:56:34,726 - INFO - ✅ PDF temporário criado: 50715 bytes
2025-07-06 13:57:01,817 - INFO - ✅ PDF temporário mantido: C:\Users\Obras\AppData\Local\Temp\PREVIEW_REL_CLEVER LUIZ SALVADOR_135634.pdf
2025-07-06 13:57:07,733 - INFO - 🔄 Voltando para interface de relatórios...
2025-07-06 13:57:07,738 - INFO - ✅ Interface principal restaurada
2025-07-06 13:57:07,762 - INFO - ✅ Preview fechado
2025-07-06 13:57:15,013 - INFO - Solicitado retorno ao menu principal
2025-07-06 13:57:15,015 - INFO - Não há menu principal válido, fechando aplicação
2025-07-06 14:04:18,714 - INFO - ✅ Dados carregados: 1329 registros
2025-07-06 14:04:18,718 - INFO - Data de referência para processamento: 2025-07-05 00:00:00
2025-07-06 14:04:18,718 - INFO - Tipo da data de referência: <class 'pandas._libs.tslibs.timestamps.Timestamp'>
2025-07-06 14:04:18,719 - INFO - Total de registros originais: 1329
2025-07-06 14:04:18,721 - INFO - Processando dados - registros após filtrar excluídos: 1329
2025-07-06 14:04:18,744 - INFO - Datas únicas disponíveis no arquivo: [datetime.date(2024, 5, 5), datetime.date(2024, 5, 20), datetime.date(2024, 6, 5), datetime.date(2024, 6, 20), datetime.date(2024, 7, 5), datetime.date(2024, 7, 20), datetime.date(2024, 8, 5), datetime.date(2024, 8, 20), datetime.date(2024, 9, 5), datetime.date(2024, 9, 20), datetime.date(2024, 10, 5), datetime.date(2024, 10, 20), datetime.date(2024, 11, 5), datetime.date(2024, 11, 20), datetime.date(2024, 12, 5), datetime.date(2024, 12, 20), datetime.date(2025, 1, 5), datetime.date(2025, 1, 20), datetime.date(2025, 2, 5), datetime.date(2025, 2, 20), datetime.date(2025, 3, 5), datetime.date(2025, 3, 20), datetime.date(2025, 4, 5), datetime.date(2025, 4, 20), datetime.date(2025, 5, 5), datetime.date(2025, 5, 20), datetime.date(2025, 6, 5), datetime.date(2025, 6, 20), datetime.date(2025, 7, 5)]
2025-07-06 14:04:18,745 - INFO - Data procurada: 2025-07-05
2025-07-06 14:04:18,759 - INFO - Resultados do processamento:
2025-07-06 14:04:18,760 - INFO -   - df_filtrado: 36 registros
2025-07-06 14:04:18,761 - INFO -   - df_diaria: 9 registros
2025-07-06 14:04:18,761 - INFO -   - df_tp_desp_1: 33 registros
2025-07-06 14:04:18,761 - INFO -   - df_tp_desp_2: 0 registros
2025-07-06 14:04:18,762 - INFO - 📊 Dados processados:
2025-07-06 14:04:18,762 - INFO -    - df_filtrado: 36 registros
2025-07-06 14:04:18,763 - INFO -    - df_diaria: 9 registros
2025-07-06 14:04:18,764 - INFO -    - df_tp_desp_1: 33 registros
2025-07-06 14:04:18,765 - INFO -    - df_tp_desp_2: 0 registros
2025-07-06 14:04:18,766 - WARNING - Método processar_lancamentos_futuros não encontrado
2025-07-06 14:04:19,373 - INFO - 
Obtendo número do relatório para data 2025-07-05 00:00:00
2025-07-06 14:04:19,375 - INFO - Número do relatório calculado: 29
2025-07-06 14:04:19,375 - INFO - Calculando acumulado para data 2025-07-05 00:00:00
2025-07-06 14:04:19,377 - INFO - Acumulado - registros após filtrar excluídos: 1329
2025-07-06 14:04:19,386 - INFO - Valor acumulado calculado (apenas ativos): 3,871,156.75
2025-07-06 14:04:19,388 - INFO - 📋 Cliente: GILMAR ALMEIDA PORTUGAL
2025-07-06 14:04:19,389 - INFO - 📋 Relatório nº: 29
2025-07-06 14:04:19,390 - INFO - 📋 Acumulado: R$ 3,871,156.75
2025-07-06 14:04:19,392 - INFO - ✅ Dados processados com sucesso para: GILMAR ALMEIDA PORTUGAL
2025-07-06 14:04:19,393 - INFO - ✅ Dados processados com sucesso
2025-07-06 14:04:19,397 - INFO - 🔧 Abrindo preview direto...
2025-07-06 14:04:19,398 - INFO - 🎯 ABRINDO PREVIEW ESTÁVEL - GARANTINDO VISIBILIDADE
2025-07-06 14:04:19,452 - INFO - ✅ Janela de preview criada e posicionada
2025-07-06 14:04:19,521 - INFO - 🔧 Gerando conteúdo do preview...
2025-07-06 14:04:19,528 - INFO - ✅ Conteúdo inserido com sucesso
2025-07-06 14:04:19,794 - INFO - ✅ Preview criado e DEVE ESTAR VISÍVEL na tela!
2025-07-06 14:04:20,805 - INFO - ✅ CONFIRMADO: Preview está visível na tela!
2025-07-06 14:04:22,847 - INFO - 🔍 GERANDO PDF TEMPORÁRIO PARA PREVIEW
2025-07-06 14:04:22,850 - INFO - 📄 Criando PDF temporário: PREVIEW_REL_GILMAR ALMEIDA PORTUGAL_140422.pdf
2025-07-06 14:04:22,851 - INFO - === INICIANDO ADIÇÃO DO CABEÇALHO ===
2025-07-06 14:04:22,852 - INFO - Tentando carregar logo: C:\Users\Obras\Documents\GitHub\Sistema-Financeiro\src\logo1.png
2025-07-06 14:04:22,853 - INFO - Logo carregada com sucesso!
2025-07-06 14:04:22,853 - INFO - Criando cabeçalho COM logo
2025-07-06 14:04:22,857 - INFO - Informações do cliente adicionadas com sucesso
2025-07-06 14:04:22,858 - INFO - === CABEÇALHO CONCLUÍDO COM SUCESSO ===
2025-07-06 14:04:22,867 - INFO - Iniciando adição de detalhes ao relatório
2025-07-06 14:04:23,006 - INFO - Detalhes adicionados com sucesso
2025-07-06 14:04:23,133 - INFO - ✅ PDF temporário criado: 54201 bytes
2025-07-06 14:06:28,382 - INFO - ✅ PDF temporário mantido: C:\Users\Obras\AppData\Local\Temp\PREVIEW_REL_GILMAR ALMEIDA PORTUGAL_140422.pdf
2025-07-06 14:06:47,198 - INFO - 🔄 Voltando para interface de relatórios...
2025-07-06 14:06:47,203 - INFO - ✅ Interface principal restaurada
2025-07-06 14:06:47,231 - INFO - ✅ Preview fechado
2025-07-06 14:07:45,904 - INFO - Solicitado retorno ao menu principal
2025-07-06 14:07:45,904 - INFO - Não há menu principal válido, fechando aplicação
