2025-09-26 19:15:00,916 - INFO - Carregando clientes de: C:\Users\Obras\sistema_gestao_testes\testes\Financeiro\Planilhas_Base\clientes.xlsx
2025-09-26 19:15:01,124 - INFO - Colunas disponíveis: ['Nome', 'Endereço', 'Data Inicial', 'Observações', 'Data Final']
2025-09-26 19:15:01,124 - INFO - Coluna de status: Data Final
2025-09-26 19:15:01,155 - INFO - Coluna de nome: Nome
2025-09-26 19:15:01,157 - INFO - Total de clientes ativos encontrados: 15
2025-09-26 19:15:01,159 - INFO - Lista de clientes atualizada com 16 clientes
2025-09-26 19:15:01,180 - INFO - 🎉 SISTEMA INTEGRADO INICIADO COM SUCESSO!
2025-09-26 19:15:01,192 - INFO - Carregando clientes de: C:\Users\Obras\sistema_gestao_testes\testes\Financeiro\Planilhas_Base\clientes.xlsx
2025-09-26 19:15:01,208 - INFO - Colunas disponíveis: ['Nome', 'Endereço', 'Data Inicial', 'Observações', 'Data Final']
2025-09-26 19:15:01,210 - INFO - Coluna de status: Data Final
2025-09-26 19:15:01,213 - INFO - Coluna de nome: Nome
2025-09-26 19:15:01,215 - INFO - Total de clientes ativos encontrados: 15
2025-09-26 19:15:01,216 - INFO - Lista de clientes carregada com 16 itens
2025-09-26 19:15:14,773 - INFO - 🔍 INICIANDO gerar_relatorio para: categoria
2025-09-26 19:15:14,773 - INFO - 📋 Processando outros relatórios: categoria
2025-09-26 19:16:05,841 - INFO - Solicitado retorno ao menu principal
2025-09-26 19:16:05,841 - INFO - Retornando ao menu principal existente
2025-09-26 19:16:05,910 - INFO - Retorno ao menu principal concluído
2025-09-26 19:16:09,262 - INFO - Saída confirmada, finalizando sistema
2025-09-26 19:16:09,521 - INFO - Forçando encerramento do programa...
2025-09-26 19:19:09,563 - INFO - Carregando clientes de: C:\Users\Obras\sistema_gestao_testes\testes\Financeiro\Planilhas_Base\clientes.xlsx
2025-09-26 19:19:09,625 - INFO - Colunas disponíveis: ['Nome', 'Endereço', 'Data Inicial', 'Observações', 'Data Final']
2025-09-26 19:19:09,625 - INFO - Coluna de status: Data Final
2025-09-26 19:19:09,647 - INFO - Coluna de nome: Nome
2025-09-26 19:19:09,648 - INFO - Total de clientes ativos encontrados: 15
2025-09-26 19:19:09,648 - INFO - Lista de clientes atualizada com 16 clientes
2025-09-26 19:19:09,678 - INFO - 🎉 SISTEMA INTEGRADO INICIADO COM SUCESSO!
2025-09-26 19:19:09,678 - INFO - Carregando clientes de: C:\Users\Obras\sistema_gestao_testes\testes\Financeiro\Planilhas_Base\clientes.xlsx
2025-09-26 19:19:09,701 - INFO - Colunas disponíveis: ['Nome', 'Endereço', 'Data Inicial', 'Observações', 'Data Final']
2025-09-26 19:19:09,701 - INFO - Coluna de status: Data Final
2025-09-26 19:19:09,706 - INFO - Coluna de nome: Nome
2025-09-26 19:19:09,708 - INFO - Total de clientes ativos encontrados: 15
2025-09-26 19:19:09,709 - INFO - Lista de clientes carregada com 16 itens
2025-09-26 19:19:17,042 - INFO - 🔍 INICIANDO gerar_relatorio para: categoria
2025-09-26 19:19:17,042 - INFO - 📋 Processando outros relatórios: categoria
2025-09-26 19:19:17,275 - ERROR - 💥 ERRO outros relatórios: 'RelatorioCategoria' object has no attribute 'selecionar_mes'
2025-09-26 19:20:41,939 - INFO - Solicitado retorno ao menu principal
2025-09-26 19:20:41,939 - INFO - Retornando ao menu principal existente
2025-09-26 19:20:42,002 - INFO - Retorno ao menu principal concluído
2025-09-26 19:20:47,151 - INFO - Saída confirmada, finalizando sistema
2025-09-26 19:20:47,217 - INFO - Ação concluída: Gerar relatório
