2025-07-24 16:43:29,108 - INFO - Carregando clientes de: C:\Users\Obras\sistema_gestao_testes\testes\Financeiro\Planilhas_Base\clientes.xlsx
2025-07-24 16:43:29,169 - INFO - Colunas disponíveis: ['Nome', 'Endereço', 'Data Inicial', 'Observações', 'Data Final']
2025-07-24 16:43:29,170 - INFO - Coluna de status: Data Final
2025-07-24 16:43:29,181 - INFO - Coluna de nome: Nome
2025-07-24 16:43:29,185 - INFO - Total de clientes ativos encontrados: 14
2025-07-24 16:43:29,188 - INFO - Lista de clientes atualizada com 15 clientes
2025-07-24 16:43:29,222 - INFO - 🎉 SISTEMA INTEGRADO INICIADO COM SUCESSO!
2025-07-24 16:43:29,223 - INFO - Carregando clientes de: C:\Users\Obras\sistema_gestao_testes\testes\Financeiro\Planilhas_Base\clientes.xlsx
2025-07-24 16:43:29,236 - INFO - Colunas disponíveis: ['Nome', 'Endereço', 'Data Inicial', 'Observações', 'Data Final']
2025-07-24 16:43:29,237 - INFO - Coluna de status: Data Final
2025-07-24 16:43:29,239 - INFO - Coluna de nome: Nome
2025-07-24 16:43:29,241 - INFO - Total de clientes ativos encontrados: 14
2025-07-24 16:43:29,242 - INFO - Lista de clientes carregada com 15 itens
2025-07-24 16:43:37,085 - INFO - 🔍 INICIANDO gerar_relatorio para: tipo_despesa
2025-07-24 16:43:37,087 - INFO - 📋 Processando outros relatórios: tipo_despesa
2025-07-24 16:58:31,139 - INFO - Solicitado retorno ao menu principal
2025-07-24 16:58:31,140 - INFO - Retornando ao menu principal existente
2025-07-24 16:58:31,242 - INFO - Retorno ao menu principal concluído
2025-07-24 16:58:32,627 - INFO - Abrindo sistema de entrada de dados
2025-07-24 16:58:33,555 - INFO - Configurações importadas com sucesso via src.config
2025-07-24 16:58:33,559 - INFO - Configurações importadas com sucesso
2025-07-24 16:58:33,560 - INFO - Configurações do sistema importadas com sucesso
