2026-02-18 16:56:11,597 - sistema - logger_config - INFO - Sistema de logging inicializado
2026-02-18 16:56:11,598 - sistema_relatorios - logger_config - INFO - Usuário alterado para: sistema_relatorios
2026-02-18 16:56:11,602 - sistema_relatorios - relatorios_interface - INFO - Sistema de relatórios inicializando usando logger configurado
2026-02-18 16:56:11,603 - sistema_relatorios - relatorios_interface - INFO - Configurações de janela importadas com sucesso
2026-02-18 16:56:11,603 - sistema_relatorios - relatorios_interface - INFO - === Sistema de Relatórios Inicializando ===
2026-02-18 16:57:25,510 - sistema_relatorios - gestao_medicoes - INFO - Logger importado com sucesso em gestao_medicoes.py
2026-02-18 16:57:25,792 - sistema_relatorios - gestao_medicoes - INFO - ✅ Janela Gestão de Medições inicializada com tripla proteção de visibilidade
2026-02-18 16:57:28,775 - sistema_relatorios - gerador_contrato - INFO - Carregando serviços de: C:\Users\Obras\sistema_gestao_testes\testes\Financeiro\Planilhas_Base\servicos_construcao.json
2026-02-18 16:57:28,888 - sistema_relatorios - gerador_contrato - INFO - Serviços carregados: 10 categorias
2026-02-18 16:57:28,892 - sistema_relatorios - gerador_contrato - INFO - Pasta de contratos verificada: C:\Users\Obras\sistema_gestao_testes\testes\Financeiro\Clientes\Contratos
2026-02-18 16:57:28,894 - sistema_relatorios - gerador_contrato - INFO - GeradorContrato inicializado com sucesso (usando python-docx)
2026-02-18 16:58:02,216 - sistema_relatorios - gestao_medicoes - INFO - ✅ Janela de Gestão de Medições fechada
2026-02-18 16:58:02,252 - sistema_relatorios - gestao_medicoes - INFO - ✅ Menu principal restaurado
2026-02-18 17:07:45,511 - sistema - logger_config - INFO - Sistema de logging inicializado
2026-02-18 17:07:45,513 - sistema_relatorios - logger_config - INFO - Usuário alterado para: sistema_relatorios
2026-02-18 17:07:45,515 - sistema_relatorios - relatorios_interface - INFO - Sistema de relatórios inicializando usando logger configurado
2026-02-18 17:07:45,515 - sistema_relatorios - relatorios_interface - INFO - Configurações de janela importadas com sucesso
2026-02-18 17:07:45,516 - sistema_relatorios - relatorios_interface - INFO - === Sistema de Relatórios Inicializando ===
2026-02-18 17:07:57,193 - sistema_relatorios - gestao_medicoes - INFO - Logger importado com sucesso em gestao_medicoes.py
2026-02-18 17:07:57,404 - sistema_relatorios - gestao_medicoes - INFO - ✅ Janela Gestão de Medições inicializada com tripla proteção de visibilidade
2026-02-18 17:07:58,847 - sistema_relatorios - gerador_contrato - INFO - Carregando serviços de: C:\Users\Obras\sistema_gestao_testes\testes\Financeiro\Planilhas_Base\servicos_construcao.json
2026-02-18 17:07:58,849 - sistema_relatorios - gerador_contrato - INFO - Serviços carregados: 10 categorias
2026-02-18 17:07:58,850 - sistema_relatorios - gerador_contrato - INFO - Pasta de contratos verificada: C:\Users\Obras\sistema_gestao_testes\testes\Financeiro\Clientes\Contratos
2026-02-18 17:07:58,851 - sistema_relatorios - gerador_contrato - INFO - GeradorContrato inicializado com sucesso (usando python-docx)
2026-02-18 17:08:49,663 - sistema_relatorios - gerador_contrato - INFO - Obtendo dados do cliente: ANA AUGUSTA PIRES COUTINHO
2026-02-18 17:08:49,688 - sistema_relatorios - gerador_contrato - INFO - Colunas disponíveis: ['Nome', 'Endereço', 'Data Inicial', 'Observações', 'Data Final', 'Tipo Taxa', 'CPF', 'CNO', 'Estado Civil', 'Cidade', 'Grupo', 'Logradouro', 'Numero', 'Complemento', 'Localidade', 'CEP', 'Estado', 'Metragem_Alvara', 'Banco', 'Agencia', 'Conta', 'Tipo_Conta', 'PIX']
2026-02-18 17:08:49,708 - sistema_relatorios - gerador_contrato - INFO - CPF bruto obtido: 365.182.206-00 (tipo: <class 'str'>)
2026-02-18 17:08:49,711 - sistema_relatorios - gerador_contrato - INFO - CPF como string: 365.182.206-00
2026-02-18 17:08:49,712 - sistema_relatorios - gerador_contrato - INFO - CPF apenas números: 36518220600
2026-02-18 17:08:49,713 - sistema_relatorios - gerador_contrato - INFO - ✅ CPF formatado: 365.182.206-00
2026-02-18 17:08:49,714 - sistema_relatorios - gerador_contrato - INFO - CNO já formatado: 90.022.61579/66
2026-02-18 17:08:49,715 - sistema_relatorios - gerador_contrato - INFO - ✅ Dados do cliente processados - CPF final: 365.182.206-00
2026-02-18 17:08:49,716 - sistema_relatorios - gerador_contrato - INFO - Dados do cliente obtidos com sucesso: ANA AUGUSTA PIRES COUTINHO
2026-02-18 17:08:49,718 - sistema_relatorios - gestao_medicoes - INFO - Dados do cliente carregados na aba de contrato: ANA AUGUSTA PIRES COUTINHO
2026-02-18 17:37:02,745 - sistema_relatorios - gestao_medicoes - INFO - ✅ Janela de Gestão de Medições fechada
2026-02-18 17:37:02,783 - sistema_relatorios - gestao_medicoes - INFO - ✅ Menu principal restaurado
2026-02-18 17:45:07,743 - sistema - logger_config - INFO - Sistema de logging inicializado
2026-02-18 17:45:07,745 - sistema_relatorios - logger_config - INFO - Usuário alterado para: sistema_relatorios
2026-02-18 17:45:07,746 - sistema_relatorios - relatorios_interface - INFO - Sistema de relatórios inicializando usando logger configurado
2026-02-18 17:45:07,746 - sistema_relatorios - relatorios_interface - INFO - Configurações de janela importadas com sucesso
2026-02-18 17:45:07,747 - sistema_relatorios - relatorios_interface - INFO - === Sistema de Relatórios Inicializando ===
2026-02-18 17:47:39,993 - sistema_relatorios - gestao_medicoes - INFO - Logger importado com sucesso em gestao_medicoes.py
2026-02-18 17:47:40,208 - sistema_relatorios - gestao_medicoes - INFO - ✅ Janela Gestão de Medições inicializada com tripla proteção de visibilidade
2026-02-18 17:47:41,805 - sistema_relatorios - gerador_contrato - INFO - Carregando serviços de: C:\Users\Obras\sistema_gestao_testes\testes\Financeiro\Planilhas_Base\servicos_construcao.json
2026-02-18 17:47:41,809 - sistema_relatorios - gerador_contrato - INFO - Serviços carregados: 10 categorias
2026-02-18 17:47:41,811 - sistema_relatorios - gerador_contrato - INFO - Pasta de contratos verificada: C:\Users\Obras\sistema_gestao_testes\testes\Financeiro\Clientes\Contratos
2026-02-18 17:47:41,812 - sistema_relatorios - gerador_contrato - INFO - GeradorContrato inicializado com sucesso (usando python-docx)
2026-02-18 17:47:46,278 - sistema_relatorios - gerador_contrato - INFO - Obtendo dados do cliente: CLEVER LUIZ SALVADOR
2026-02-18 17:47:46,302 - sistema_relatorios - gerador_contrato - INFO - Colunas disponíveis: ['Nome', 'Endereço', 'Data Inicial', 'Observações', 'Data Final', 'Tipo Taxa', 'CPF', 'CNO', 'Estado Civil', 'Cidade', 'Grupo', 'Logradouro', 'Numero', 'Complemento', 'Localidade', 'CEP', 'Estado', 'Metragem_Alvara', 'Banco', 'Agencia', 'Conta', 'Tipo_Conta', 'PIX']
2026-02-18 17:47:46,320 - sistema_relatorios - gerador_contrato - INFO - CPF bruto obtido: 57922870663 (tipo: <class 'str'>)
2026-02-18 17:47:46,321 - sistema_relatorios - gerador_contrato - INFO - CPF como string: 57922870663
2026-02-18 17:47:46,323 - sistema_relatorios - gerador_contrato - INFO - CPF apenas números: 57922870663
2026-02-18 17:47:46,324 - sistema_relatorios - gerador_contrato - INFO - ✅ CPF formatado: 579.228.706-63
2026-02-18 17:47:46,327 - sistema_relatorios - gerador_contrato - INFO - ✅ Dados do cliente processados - CPF final: 579.228.706-63
2026-02-18 17:47:46,328 - sistema_relatorios - gerador_contrato - INFO - Dados do cliente obtidos com sucesso: CLEVER LUIZ SALVADOR
2026-02-18 17:48:08,328 - sistema_relatorios - gestao_medicoes - INFO - Fornecedor selecionado na aba: ALFATEC INSTALACOES (14.051.624/0001-42)
2026-02-18 17:48:22,447 - sistema_relatorios - gerador_contrato - INFO - Obtendo dados do cliente: EDUARDO MORENO MARQUES
2026-02-18 17:48:22,474 - sistema_relatorios - gerador_contrato - INFO - Colunas disponíveis: ['Nome', 'Endereço', 'Data Inicial', 'Observações', 'Data Final', 'Tipo Taxa', 'CPF', 'CNO', 'Estado Civil', 'Cidade', 'Grupo', 'Logradouro', 'Numero', 'Complemento', 'Localidade', 'CEP', 'Estado', 'Metragem_Alvara', 'Banco', 'Agencia', 'Conta', 'Tipo_Conta', 'PIX']
2026-02-18 17:48:22,480 - sistema_relatorios - gerador_contrato - INFO - CPF bruto obtido: 06850709801 (tipo: <class 'str'>)
2026-02-18 17:48:22,480 - sistema_relatorios - gerador_contrato - INFO - CPF como string: 06850709801
2026-02-18 17:48:22,481 - sistema_relatorios - gerador_contrato - INFO - CPF apenas números: 06850709801
2026-02-18 17:48:22,482 - sistema_relatorios - gerador_contrato - INFO - ✅ CPF formatado: 068.507.098-01
2026-02-18 17:48:22,485 - sistema_relatorios - gerador_contrato - INFO - ✅ Dados do cliente processados - CPF final: 068.507.098-01
2026-02-18 17:48:22,488 - sistema_relatorios - gerador_contrato - INFO - Dados do cliente obtidos com sucesso: EDUARDO MORENO MARQUES
2026-02-18 17:48:45,938 - sistema_relatorios - gestao_medicoes - INFO - Fornecedor selecionado na aba: LUCIANO LISBOA DA SILVA (045.711.446-01)
2026-02-18 17:49:00,204 - sistema_relatorios - gerador_contrato - INFO - Obtendo dados do cliente: GILMAR ALMEIDA PORTUGAL
2026-02-18 17:49:00,224 - sistema_relatorios - gerador_contrato - INFO - Colunas disponíveis: ['Nome', 'Endereço', 'Data Inicial', 'Observações', 'Data Final', 'Tipo Taxa', 'CPF', 'CNO', 'Estado Civil', 'Cidade', 'Grupo', 'Logradouro', 'Numero', 'Complemento', 'Localidade', 'CEP', 'Estado', 'Metragem_Alvara', 'Banco', 'Agencia', 'Conta', 'Tipo_Conta', 'PIX']
2026-02-18 17:49:00,227 - sistema_relatorios - gerador_contrato - INFO - CPF bruto obtido: 21089086504 (tipo: <class 'int'>)
2026-02-18 17:49:00,228 - sistema_relatorios - gerador_contrato - INFO - CPF convertido de int: 21089086504 → 21089086504
2026-02-18 17:49:00,230 - sistema_relatorios - gerador_contrato - INFO - CPF apenas números: 21089086504
2026-02-18 17:49:00,232 - sistema_relatorios - gerador_contrato - INFO - ✅ CPF formatado: 210.890.865-04
2026-02-18 17:49:00,234 - sistema_relatorios - gerador_contrato - INFO - CNO já formatado: 90.018.91862/63
2026-02-18 17:49:00,234 - sistema_relatorios - gerador_contrato - INFO - ✅ Dados do cliente processados - CPF final: 210.890.865-04
2026-02-18 17:49:00,235 - sistema_relatorios - gerador_contrato - INFO - Dados do cliente obtidos com sucesso: GILMAR ALMEIDA PORTUGAL
2026-02-18 17:49:10,587 - sistema_relatorios - gestao_medicoes - INFO - Fornecedor selecionado na aba: LUCIANO LISBOA DA SILVA (045.711.446-01)
2026-02-18 17:49:12,852 - sistema_relatorios - gestao_medicoes - INFO - Fornecedor selecionado na aba: LUCIANO LISBOA DA SILVA (045.711.446-01)
2026-02-18 17:50:02,510 - sistema_relatorios - gestao_medicoes - WARNING - ⚠️ Data final cai em sábado: 21/03/2026
2026-02-18 17:50:02,514 - sistema_relatorios - gestao_medicoes - INFO - Prazo calculado: 21 dias úteis (excluindo data início)
2026-02-18 17:50:02,515 - sistema_relatorios - gestao_medicoes - INFO - Formulário de contrato limpo
2026-02-18 17:50:02,518 - sistema_relatorios - gerador_contrato - INFO - Obtendo dados do cliente: GILMAR ALMEIDA PORTUGAL
2026-02-18 17:50:02,543 - sistema_relatorios - gerador_contrato - INFO - Colunas disponíveis: ['Nome', 'Endereço', 'Data Inicial', 'Observações', 'Data Final', 'Tipo Taxa', 'CPF', 'CNO', 'Estado Civil', 'Cidade', 'Grupo', 'Logradouro', 'Numero', 'Complemento', 'Localidade', 'CEP', 'Estado', 'Metragem_Alvara', 'Banco', 'Agencia', 'Conta', 'Tipo_Conta', 'PIX']
2026-02-18 17:50:02,546 - sistema_relatorios - gerador_contrato - INFO - CPF bruto obtido: 21089086504 (tipo: <class 'int'>)
2026-02-18 17:50:02,546 - sistema_relatorios - gerador_contrato - INFO - CPF convertido de int: 21089086504 → 21089086504
2026-02-18 17:50:02,547 - sistema_relatorios - gerador_contrato - INFO - CPF apenas números: 21089086504
2026-02-18 17:50:02,548 - sistema_relatorios - gerador_contrato - INFO - ✅ CPF formatado: 210.890.865-04
2026-02-18 17:50:02,549 - sistema_relatorios - gerador_contrato - INFO - CNO já formatado: 90.018.91862/63
2026-02-18 17:50:02,549 - sistema_relatorios - gerador_contrato - INFO - ✅ Dados do cliente processados - CPF final: 210.890.865-04
2026-02-18 17:50:02,550 - sistema_relatorios - gerador_contrato - INFO - Dados do cliente obtidos com sucesso: GILMAR ALMEIDA PORTUGAL
2026-02-18 17:50:58,181 - sistema_relatorios - gestao_medicoes - INFO - 1 serviços selecionados
2026-02-18 17:51:13,029 - sistema_relatorios - gestao_medicoes - INFO - Data ajustada de sábado para segunda: 23/03/2026
2026-02-18 17:51:17,746 - sistema_relatorios - gestao_medicoes - INFO - Prazo calculado: 22 dias úteis (excluindo data início)
2026-02-18 17:51:17,747 - sistema_relatorios - gerador_contrato - INFO - Obtendo dados do cliente: GILMAR ALMEIDA PORTUGAL
2026-02-18 17:51:17,771 - sistema_relatorios - gerador_contrato - INFO - Colunas disponíveis: ['Nome', 'Endereço', 'Data Inicial', 'Observações', 'Data Final', 'Tipo Taxa', 'CPF', 'CNO', 'Estado Civil', 'Cidade', 'Grupo', 'Logradouro', 'Numero', 'Complemento', 'Localidade', 'CEP', 'Estado', 'Metragem_Alvara', 'Banco', 'Agencia', 'Conta', 'Tipo_Conta', 'PIX']
2026-02-18 17:51:17,775 - sistema_relatorios - gerador_contrato - INFO - CPF bruto obtido: 21089086504 (tipo: <class 'int'>)
2026-02-18 17:51:17,776 - sistema_relatorios - gerador_contrato - INFO - CPF convertido de int: 21089086504 → 21089086504
2026-02-18 17:51:17,777 - sistema_relatorios - gerador_contrato - INFO - CPF apenas números: 21089086504
2026-02-18 17:51:17,778 - sistema_relatorios - gerador_contrato - INFO - ✅ CPF formatado: 210.890.865-04
2026-02-18 17:51:17,780 - sistema_relatorios - gerador_contrato - INFO - CNO já formatado: 90.018.91862/63
2026-02-18 17:51:17,781 - sistema_relatorios - gerador_contrato - INFO - ✅ Dados do cliente processados - CPF final: 210.890.865-04
2026-02-18 17:51:17,783 - sistema_relatorios - gerador_contrato - INFO - Dados do cliente obtidos com sucesso: GILMAR ALMEIDA PORTUGAL
2026-02-18 17:51:17,784 - sistema_relatorios - gerador_contrato - INFO - Obtendo dados do fornecedor por nome: LUCIANO LISBOA DA SILVA
2026-02-18 17:51:18,292 - sistema_relatorios - gerador_contrato - INFO - Colunas disponíveis na planilha de fornecedores: ['CNPJ/CPF', 'tipo_pessoa', 'RAZÃO SOCIAL', 'NOME', 'TELEFONE:', 'EMAIL:', 'BANCO:', 'OP', 'AGENCIA:', 'CONTA:', 'Chave_PIX', 'CATEGORIA: ', 'ESPECIFICACAO', 'VÍNCULO', 'DADOS BANCÁRIOS', 'ENDEREÇO', 'STATUS']
2026-02-18 17:51:18,302 - sistema_relatorios - gerador_contrato - INFO - ✅ Fornecedor encontrado na planilha
2026-02-18 17:51:18,303 - sistema_relatorios - gerador_contrato - INFO - CPF/CNPJ: 4571144601 → 04571144601
2026-02-18 17:51:18,304 - sistema_relatorios - gerador_contrato - WARNING - Endereço não encontrado para fornecedor LUCIANO LISBOA DA SILVA
2026-02-18 17:51:18,305 - sistema_relatorios - gerador_contrato - INFO - ✅ Dados obtidos: Nome=LUCIANO LISBOA DA SILVA, CNPJ/CPF=04571144601, Endereço=não informado
2026-02-18 17:51:19,425 - sistema_relatorios - gerador_contrato - INFO - === INICIANDO GERAÇÃO DE CONTRATO ===
2026-02-18 17:51:19,425 - sistema_relatorios - gerador_contrato - INFO - 📋 Dados do contrato recebidos: ['data', 'cidade', 'cliente_nome', 'cliente_cno', 'cliente_cpf', 'cliente_estado_civil', 'cliente_endereco', 'fornecedor_nome', 'fornecedor_cnpj_cpf', 'fornecedor_endereco', 'endereco_obra', 'dias', 'valor', 'multa', 'dados_bancarios', 'data_condicionada', 'data_inicio', 'data_fim', 'descricao']
2026-02-18 17:51:19,427 - sistema_relatorios - gerador_contrato - INFO - Usando formato dict - Cliente: GILMAR ALMEIDA PORTUGAL
2026-02-18 17:51:19,428 - sistema_relatorios - gerador_contrato - INFO - Fornecedor CPF/CNPJ do dict: 04571144601
2026-02-18 17:51:19,429 - sistema_relatorios - gerador_contrato - INFO - Prazo informado: 22 dias
2026-02-18 17:51:19,430 - sistema_relatorios - gerador_contrato - INFO - Multa informada: R$ 4.000,00
2026-02-18 17:51:19,431 - sistema_relatorios - gerador_contrato - INFO - ✅ Dados cliente processados: GILMAR ALMEIDA PORTUGAL
2026-02-18 17:51:19,432 - sistema_relatorios - gerador_contrato - INFO - ✅ Dados fornecedor processados: LUCIANO LISBOA DA SILVA - 04571144601
2026-02-18 17:51:19,433 - sistema_relatorios - gerador_contrato - INFO - ✅ Usando prazo do formulário: 22 dias úteis
2026-02-18 17:51:19,580 - sistema_relatorios - gerador_contrato - INFO - ✅ Usando multa do formulário: R$ 4000.0
2026-02-18 17:51:19,582 - sistema_relatorios - gerador_contrato - INFO - ✅ Data do contrato: 18/02/2026 (18 de fevereiro de 2026)
2026-02-18 17:51:19,582 - sistema_relatorios - gerador_contrato - INFO - ✅ Data início dos serviços: 19/02/2026
2026-02-18 17:51:19,736 - sistema_relatorios - gerador_contrato - INFO - ✓ Contrato datado de 18/02/2026, serviços de 19/02/2026 a 23/03/2026
2026-02-18 17:51:19,789 - sistema_relatorios - gerador_contrato - INFO - ✅ Contrato gerado com sucesso: C:\Users\Obras\sistema_gestao_testes\testes\Financeiro\Clientes\Contratos\Contrato_GILMAR_ALMEIDA_PORTUGAL_20260218_175119.docx
2026-02-18 17:51:24,142 - sistema_relatorios - gestao_medicoes - INFO - Pasta de contratos aberta: C:\Users\Obras\sistema_gestao_testes\testes\Financeiro\Clientes\Contratos
2026-02-18 17:55:00,763 - sistema_relatorios - gestao_medicoes - INFO - ✅ Janela de Gestão de Medições fechada
2026-02-18 17:55:00,771 - sistema_relatorios - gestao_medicoes - INFO - ✅ Menu principal restaurado
2026-02-18 17:55:31,608 - sistema_relatorios - gestao_medicoes - INFO - ✅ Janela Gestão de Medições inicializada com tripla proteção de visibilidade
2026-02-18 17:55:32,415 - sistema_relatorios - gerador_contrato - INFO - Carregando serviços de: C:\Users\Obras\sistema_gestao_testes\testes\Financeiro\Planilhas_Base\servicos_construcao.json
2026-02-18 17:55:32,418 - sistema_relatorios - gerador_contrato - INFO - Serviços carregados: 10 categorias
2026-02-18 17:55:32,421 - sistema_relatorios - gerador_contrato - INFO - Pasta de contratos verificada: C:\Users\Obras\sistema_gestao_testes\testes\Financeiro\Clientes\Contratos
2026-02-18 17:55:32,422 - sistema_relatorios - gerador_contrato - INFO - GeradorContrato inicializado com sucesso (usando python-docx)
2026-02-18 17:55:36,272 - sistema_relatorios - gerador_contrato - INFO - Obtendo dados do cliente: GILMAR ALMEIDA PORTUGAL
2026-02-18 17:55:36,293 - sistema_relatorios - gerador_contrato - INFO - Colunas disponíveis: ['Nome', 'Endereço', 'Data Inicial', 'Observações', 'Data Final', 'Tipo Taxa', 'CPF', 'CNO', 'Estado Civil', 'Cidade', 'Grupo', 'Logradouro', 'Numero', 'Complemento', 'Localidade', 'CEP', 'Estado', 'Metragem_Alvara', 'Banco', 'Agencia', 'Conta', 'Tipo_Conta', 'PIX']
2026-02-18 17:55:36,297 - sistema_relatorios - gerador_contrato - INFO - CPF bruto obtido: 21089086504 (tipo: <class 'int'>)
2026-02-18 17:55:36,299 - sistema_relatorios - gerador_contrato - INFO - CPF convertido de int: 21089086504 → 21089086504
2026-02-18 17:55:36,301 - sistema_relatorios - gerador_contrato - INFO - CPF apenas números: 21089086504
2026-02-18 17:55:36,302 - sistema_relatorios - gerador_contrato - INFO - ✅ CPF formatado: 210.890.865-04
2026-02-18 17:55:36,303 - sistema_relatorios - gerador_contrato - INFO - CNO já formatado: 90.018.91862/63
2026-02-18 17:55:36,304 - sistema_relatorios - gerador_contrato - INFO - ✅ Dados do cliente processados - CPF final: 210.890.865-04
2026-02-18 17:55:36,306 - sistema_relatorios - gerador_contrato - INFO - Dados do cliente obtidos com sucesso: GILMAR ALMEIDA PORTUGAL
2026-02-18 17:55:59,687 - sistema_relatorios - gestao_medicoes - INFO - Fornecedor selecionado na aba: LUCIANO LISBOA DA SILVA (045.711.446-01)
2026-02-18 17:56:01,763 - sistema_relatorios - gestao_medicoes - INFO - Fornecedor selecionado na aba: LUCIANO LISBOA DA SILVA (045.711.446-01)
2026-02-18 17:56:41,987 - sistema_relatorios - gestao_medicoes - WARNING - ⚠️ Data final cai em sábado: 21/03/2026
2026-02-18 17:56:41,988 - sistema_relatorios - gestao_medicoes - INFO - Prazo calculado: 21 dias úteis (excluindo data início)
2026-02-18 17:56:41,989 - sistema_relatorios - gestao_medicoes - INFO - Formulário de contrato limpo
2026-02-18 17:56:41,992 - sistema_relatorios - gerador_contrato - INFO - Obtendo dados do cliente: GILMAR ALMEIDA PORTUGAL
2026-02-18 17:56:42,087 - sistema_relatorios - gerador_contrato - INFO - Colunas disponíveis: ['Nome', 'Endereço', 'Data Inicial', 'Observações', 'Data Final', 'Tipo Taxa', 'CPF', 'CNO', 'Estado Civil', 'Cidade', 'Grupo', 'Logradouro', 'Numero', 'Complemento', 'Localidade', 'CEP', 'Estado', 'Metragem_Alvara', 'Banco', 'Agencia', 'Conta', 'Tipo_Conta', 'PIX']
2026-02-18 17:56:42,090 - sistema_relatorios - gerador_contrato - INFO - CPF bruto obtido: 21089086504 (tipo: <class 'int'>)
2026-02-18 17:56:42,091 - sistema_relatorios - gerador_contrato - INFO - CPF convertido de int: 21089086504 → 21089086504
2026-02-18 17:56:42,093 - sistema_relatorios - gerador_contrato - INFO - CPF apenas números: 21089086504
2026-02-18 17:56:42,094 - sistema_relatorios - gerador_contrato - INFO - ✅ CPF formatado: 210.890.865-04
2026-02-18 17:56:42,096 - sistema_relatorios - gerador_contrato - INFO - CNO já formatado: 90.018.91862/63
2026-02-18 17:56:42,097 - sistema_relatorios - gerador_contrato - INFO - ✅ Dados do cliente processados - CPF final: 210.890.865-04
2026-02-18 17:56:42,097 - sistema_relatorios - gerador_contrato - INFO - Dados do cliente obtidos com sucesso: GILMAR ALMEIDA PORTUGAL
2026-02-18 17:57:43,970 - sistema_relatorios - gestao_medicoes - INFO - Data ajustada de sábado para segunda: 23/03/2026
2026-02-18 17:57:46,379 - sistema_relatorios - gestao_medicoes - INFO - Prazo calculado: 22 dias úteis (excluindo data início)
2026-02-18 17:57:46,380 - sistema_relatorios - gerador_contrato - INFO - Obtendo dados do cliente: GILMAR ALMEIDA PORTUGAL
2026-02-18 17:57:46,421 - sistema_relatorios - gerador_contrato - INFO - Colunas disponíveis: ['Nome', 'Endereço', 'Data Inicial', 'Observações', 'Data Final', 'Tipo Taxa', 'CPF', 'CNO', 'Estado Civil', 'Cidade', 'Grupo', 'Logradouro', 'Numero', 'Complemento', 'Localidade', 'CEP', 'Estado', 'Metragem_Alvara', 'Banco', 'Agencia', 'Conta', 'Tipo_Conta', 'PIX']
2026-02-18 17:57:46,428 - sistema_relatorios - gerador_contrato - INFO - CPF bruto obtido: 21089086504 (tipo: <class 'int'>)
2026-02-18 17:57:46,430 - sistema_relatorios - gerador_contrato - INFO - CPF convertido de int: 21089086504 → 21089086504
2026-02-18 17:57:46,433 - sistema_relatorios - gerador_contrato - INFO - CPF apenas números: 21089086504
2026-02-18 17:57:46,433 - sistema_relatorios - gerador_contrato - INFO - ✅ CPF formatado: 210.890.865-04
2026-02-18 17:57:46,442 - sistema_relatorios - gerador_contrato - INFO - CNO já formatado: 90.018.91862/63
2026-02-18 17:57:46,443 - sistema_relatorios - gerador_contrato - INFO - ✅ Dados do cliente processados - CPF final: 210.890.865-04
2026-02-18 17:57:46,443 - sistema_relatorios - gerador_contrato - INFO - Dados do cliente obtidos com sucesso: GILMAR ALMEIDA PORTUGAL
2026-02-18 17:57:46,445 - sistema_relatorios - gerador_contrato - INFO - Obtendo dados do fornecedor por nome: LUCIANO LISBOA DA SILVA
2026-02-18 17:57:47,073 - sistema_relatorios - gerador_contrato - INFO - Colunas disponíveis na planilha de fornecedores: ['CNPJ/CPF', 'tipo_pessoa', 'RAZÃO SOCIAL', 'NOME', 'TELEFONE:', 'EMAIL:', 'BANCO:', 'OP', 'AGENCIA:', 'CONTA:', 'Chave_PIX', 'CATEGORIA: ', 'ESPECIFICACAO', 'VÍNCULO', 'DADOS BANCÁRIOS', 'ENDEREÇO', 'STATUS']
2026-02-18 17:57:47,078 - sistema_relatorios - gerador_contrato - INFO - ✅ Fornecedor encontrado na planilha
2026-02-18 17:57:47,079 - sistema_relatorios - gerador_contrato - INFO - CPF/CNPJ: 4571144601 → 04571144601
2026-02-18 17:57:47,081 - sistema_relatorios - gerador_contrato - WARNING - Endereço não encontrado para fornecedor LUCIANO LISBOA DA SILVA
2026-02-18 17:57:47,082 - sistema_relatorios - gerador_contrato - INFO - ✅ Dados obtidos: Nome=LUCIANO LISBOA DA SILVA, CNPJ/CPF=04571144601, Endereço=não informado
2026-02-18 17:57:48,324 - sistema_relatorios - gerador_contrato - INFO - === INICIANDO GERAÇÃO DE CONTRATO ===
2026-02-18 17:57:48,325 - sistema_relatorios - gerador_contrato - INFO - 📋 Dados do contrato recebidos: ['data', 'cidade', 'cliente_nome', 'cliente_cno', 'cliente_cpf', 'cliente_estado_civil', 'cliente_endereco', 'fornecedor_nome', 'fornecedor_cnpj_cpf', 'fornecedor_endereco', 'endereco_obra', 'dias', 'valor', 'multa', 'dados_bancarios', 'data_condicionada', 'data_inicio', 'data_fim', 'descricao']
2026-02-18 17:57:48,326 - sistema_relatorios - gerador_contrato - INFO - Usando formato dict - Cliente: GILMAR ALMEIDA PORTUGAL
2026-02-18 17:57:48,327 - sistema_relatorios - gerador_contrato - INFO - Fornecedor CPF/CNPJ do dict: 04571144601
2026-02-18 17:57:48,327 - sistema_relatorios - gerador_contrato - INFO - Prazo informado: 22 dias
2026-02-18 17:57:48,328 - sistema_relatorios - gerador_contrato - INFO - Multa informada: 1500
2026-02-18 17:57:48,329 - sistema_relatorios - gerador_contrato - INFO - ✅ Dados cliente processados: GILMAR ALMEIDA PORTUGAL
2026-02-18 17:57:48,329 - sistema_relatorios - gerador_contrato - INFO - ✅ Dados fornecedor processados: LUCIANO LISBOA DA SILVA - 04571144601
2026-02-18 17:57:48,330 - sistema_relatorios - gerador_contrato - INFO - ✅ Usando prazo do formulário: 22 dias úteis
2026-02-18 17:57:48,331 - sistema_relatorios - gerador_contrato - INFO - ✅ Usando multa do formulário: R$ 1500.0
2026-02-18 17:57:48,333 - sistema_relatorios - gerador_contrato - INFO - ✅ Data do contrato: 18/02/2026 (18 de fevereiro de 2026)
2026-02-18 17:57:48,334 - sistema_relatorios - gerador_contrato - INFO - ✅ Data início dos serviços: 19/02/2026
2026-02-18 17:57:48,393 - sistema_relatorios - gerador_contrato - INFO - ✓ Contrato datado de 18/02/2026, serviços de 19/02/2026 a 23/03/2026
2026-02-18 17:57:48,445 - sistema_relatorios - gerador_contrato - INFO - ✅ Contrato gerado com sucesso: C:\Users\Obras\sistema_gestao_testes\testes\Financeiro\Clientes\Contratos\Contrato_GILMAR_ALMEIDA_PORTUGAL_20260218_175748.docx
2026-02-18 17:57:52,012 - sistema_relatorios - gestao_medicoes - INFO - Pasta de contratos aberta: C:\Users\Obras\sistema_gestao_testes\testes\Financeiro\Clientes\Contratos
2026-02-18 18:02:02,377 - sistema_relatorios - gestao_medicoes - INFO - Fornecedor selecionado na aba: ALFATEC INSTALACOES (14.051.624/0001-42)
2026-02-18 18:05:23,279 - sistema_relatorios - gestao_medicoes - WARNING - ⚠️ Data final cai em sábado: 21/03/2026
2026-02-18 18:05:23,280 - sistema_relatorios - gestao_medicoes - INFO - Prazo calculado: 21 dias úteis (excluindo data início)
2026-02-18 18:05:23,283 - sistema_relatorios - gestao_medicoes - INFO - Formulário de contrato limpo
2026-02-18 18:05:35,142 - sistema_relatorios - gestao_medicoes - WARNING - ⚠️ Data final cai em sábado: 21/03/2026
2026-02-18 18:05:35,143 - sistema_relatorios - gestao_medicoes - INFO - Prazo calculado: 21 dias úteis (excluindo data início)
2026-02-18 18:05:35,144 - sistema_relatorios - gestao_medicoes - INFO - Formulário de contrato limpo
2026-02-18 18:05:35,146 - sistema_relatorios - gestao_medicoes - INFO - Prazo calculado: 108 dias úteis (excluindo data início)
2026-02-18 18:05:35,149 - sistema_relatorios - gestao_medicoes - INFO - Contrato 23 carregado para reemissão
2026-02-18 18:05:35,151 - sistema_relatorios - gerador_contrato - INFO - Obtendo dados do cliente: GILMAR ALMEIDA PORTUGAL
2026-02-18 18:05:35,173 - sistema_relatorios - gerador_contrato - INFO - Colunas disponíveis: ['Nome', 'Endereço', 'Data Inicial', 'Observações', 'Data Final', 'Tipo Taxa', 'CPF', 'CNO', 'Estado Civil', 'Cidade', 'Grupo', 'Logradouro', 'Numero', 'Complemento', 'Localidade', 'CEP', 'Estado', 'Metragem_Alvara', 'Banco', 'Agencia', 'Conta', 'Tipo_Conta', 'PIX']
2026-02-18 18:05:35,177 - sistema_relatorios - gerador_contrato - INFO - CPF bruto obtido: 21089086504 (tipo: <class 'int'>)
2026-02-18 18:05:35,177 - sistema_relatorios - gerador_contrato - INFO - CPF convertido de int: 21089086504 → 21089086504
2026-02-18 18:05:35,178 - sistema_relatorios - gerador_contrato - INFO - CPF apenas números: 21089086504
2026-02-18 18:05:35,179 - sistema_relatorios - gerador_contrato - INFO - ✅ CPF formatado: 210.890.865-04
2026-02-18 18:05:35,180 - sistema_relatorios - gerador_contrato - INFO - CNO já formatado: 90.018.91862/63
2026-02-18 18:05:35,181 - sistema_relatorios - gerador_contrato - INFO - ✅ Dados do cliente processados - CPF final: 210.890.865-04
2026-02-18 18:05:35,182 - sistema_relatorios - gerador_contrato - INFO - Dados do cliente obtidos com sucesso: GILMAR ALMEIDA PORTUGAL
2026-02-18 18:06:03,855 - sistema_relatorios - gestao_medicoes - INFO - Data Fim calculada: 31/12/2025 (108 dias úteis, excluindo data início)
2026-02-18 18:06:05,168 - sistema_relatorios - gestao_medicoes - INFO - Data Fim calculada: 31/12/2025 (108 dias úteis, excluindo data início)
2026-02-18 18:06:08,979 - sistema_relatorios - gestao_medicoes - INFO - Data Início alterada: 2025-08-01
2026-02-18 18:06:08,983 - sistema_relatorios - gestao_medicoes - INFO - Prazo calculado: 108 dias úteis (excluindo data início)
2026-02-18 18:14:06,746 - sistema_relatorios - gestao_medicoes - INFO - ✅ Janela de Gestão de Medições fechada
2026-02-18 18:14:06,776 - sistema_relatorios - gestao_medicoes - INFO - ✅ Menu principal restaurado
2026-02-18 18:18:48,553 - sistema - logger_config - INFO - Sistema de logging inicializado
2026-02-18 18:18:48,554 - sistema_relatorios - logger_config - INFO - Usuário alterado para: sistema_relatorios
2026-02-18 18:18:48,554 - sistema_relatorios - relatorios_interface - INFO - Sistema de relatórios inicializando usando logger configurado
2026-02-18 18:18:48,555 - sistema_relatorios - relatorios_interface - INFO - Configurações de janela importadas com sucesso
2026-02-18 18:18:48,555 - sistema_relatorios - relatorios_interface - INFO - === Sistema de Relatórios Inicializando ===
2026-02-18 18:18:54,063 - sistema_relatorios - gestao_medicoes - INFO - Logger importado com sucesso em gestao_medicoes.py
2026-02-18 18:18:54,425 - sistema_relatorios - gestao_medicoes - INFO - ✅ Janela Gestão de Medições inicializada com tripla proteção de visibilidade
2026-02-18 18:18:56,804 - sistema_relatorios - gerador_contrato - INFO - Carregando serviços de: C:\Users\Obras\sistema_gestao_testes\testes\Financeiro\Planilhas_Base\servicos_construcao.json
2026-02-18 18:18:56,811 - sistema_relatorios - gerador_contrato - INFO - Serviços carregados: 10 categorias
2026-02-18 18:18:56,813 - sistema_relatorios - gerador_contrato - INFO - Pasta de contratos verificada: C:\Users\Obras\sistema_gestao_testes\testes\Financeiro\Clientes\Contratos
2026-02-18 18:18:56,815 - sistema_relatorios - gerador_contrato - INFO - GeradorContrato inicializado com sucesso (usando python-docx)
2026-02-18 18:18:59,168 - sistema_relatorios - gerador_contrato - INFO - Obtendo dados do cliente: GILMAR ALMEIDA PORTUGAL
2026-02-18 18:18:59,202 - sistema_relatorios - gerador_contrato - INFO - Colunas disponíveis: ['Nome', 'Endereço', 'Data Inicial', 'Observações', 'Data Final', 'Tipo Taxa', 'CPF', 'CNO', 'Estado Civil', 'Cidade', 'Grupo', 'Logradouro', 'Numero', 'Complemento', 'Localidade', 'CEP', 'Estado', 'Metragem_Alvara', 'Banco', 'Agencia', 'Conta', 'Tipo_Conta', 'PIX']
2026-02-18 18:18:59,253 - sistema_relatorios - gerador_contrato - INFO - CPF bruto obtido: 21089086504 (tipo: <class 'int'>)
2026-02-18 18:18:59,282 - sistema_relatorios - gerador_contrato - INFO - CPF convertido de int: 21089086504 → 21089086504
2026-02-18 18:18:59,295 - sistema_relatorios - gerador_contrato - INFO - CPF apenas números: 21089086504
2026-02-18 18:18:59,299 - sistema_relatorios - gerador_contrato - INFO - ✅ CPF formatado: 210.890.865-04
2026-02-18 18:18:59,303 - sistema_relatorios - gerador_contrato - INFO - CNO já formatado: 90.018.91862/63
2026-02-18 18:18:59,332 - sistema_relatorios - gerador_contrato - INFO - ✅ Dados do cliente processados - CPF final: 210.890.865-04
2026-02-18 18:18:59,351 - sistema_relatorios - gerador_contrato - INFO - Dados do cliente obtidos com sucesso: GILMAR ALMEIDA PORTUGAL
2026-02-18 18:19:19,248 - sistema_relatorios - gestao_medicoes - INFO - Fornecedor selecionado na aba: ALFATEC INSTALACOES (14.051.624/0001-42)
2026-02-18 18:19:34,188 - sistema_relatorios - gestao_medicoes - WARNING - ⚠️ Data final cai em sábado: 21/03/2026
2026-02-18 18:19:34,192 - sistema_relatorios - gestao_medicoes - INFO - Prazo calculado: 21 dias úteis (excluindo data início)
2026-02-18 18:19:34,193 - sistema_relatorios - gestao_medicoes - INFO - Formulário de contrato limpo
2026-02-18 18:19:34,194 - sistema_relatorios - gestao_medicoes - WARNING - ⚠️ Data final cai em domingo: 30/06/2024
2026-02-18 18:19:34,195 - sistema_relatorios - gestao_medicoes - INFO - Prazo calculado: 20 dias úteis (excluindo data início)
2026-02-18 18:19:34,201 - sistema_relatorios - gestao_medicoes - INFO - Contrato 10 carregado para reemissão
2026-02-18 18:19:34,203 - sistema_relatorios - gerador_contrato - INFO - Obtendo dados do cliente: GILMAR ALMEIDA PORTUGAL
2026-02-18 18:19:34,226 - sistema_relatorios - gerador_contrato - INFO - Colunas disponíveis: ['Nome', 'Endereço', 'Data Inicial', 'Observações', 'Data Final', 'Tipo Taxa', 'CPF', 'CNO', 'Estado Civil', 'Cidade', 'Grupo', 'Logradouro', 'Numero', 'Complemento', 'Localidade', 'CEP', 'Estado', 'Metragem_Alvara', 'Banco', 'Agencia', 'Conta', 'Tipo_Conta', 'PIX']
2026-02-18 18:19:34,230 - sistema_relatorios - gerador_contrato - INFO - CPF bruto obtido: 21089086504 (tipo: <class 'int'>)
2026-02-18 18:19:34,231 - sistema_relatorios - gerador_contrato - INFO - CPF convertido de int: 21089086504 → 21089086504
2026-02-18 18:19:34,232 - sistema_relatorios - gerador_contrato - INFO - CPF apenas números: 21089086504
2026-02-18 18:19:34,233 - sistema_relatorios - gerador_contrato - INFO - ✅ CPF formatado: 210.890.865-04
2026-02-18 18:19:34,234 - sistema_relatorios - gerador_contrato - INFO - CNO já formatado: 90.018.91862/63
2026-02-18 18:19:34,235 - sistema_relatorios - gerador_contrato - INFO - ✅ Dados do cliente processados - CPF final: 210.890.865-04
2026-02-18 18:19:34,235 - sistema_relatorios - gerador_contrato - INFO - Dados do cliente obtidos com sucesso: GILMAR ALMEIDA PORTUGAL
2026-02-18 18:37:48,841 - sistema_relatorios - gestao_medicoes - INFO - ✅ Janela de Gestão de Medições fechada
2026-02-18 18:37:48,876 - sistema_relatorios - gestao_medicoes - INFO - ✅ Menu principal restaurado
2026-02-18 18:38:26,899 - sistema - logger_config - INFO - Sistema de logging inicializado
2026-02-18 18:38:26,901 - sistema_relatorios - logger_config - INFO - Usuário alterado para: sistema_relatorios
2026-02-18 18:38:26,901 - sistema_relatorios - relatorios_interface - INFO - Sistema de relatórios inicializando usando logger configurado
2026-02-18 18:38:26,902 - sistema_relatorios - relatorios_interface - INFO - Configurações de janela importadas com sucesso
2026-02-18 18:38:26,903 - sistema_relatorios - relatorios_interface - INFO - === Sistema de Relatórios Inicializando ===
2026-02-18 18:38:35,155 - sistema_relatorios - gestao_medicoes - INFO - Logger importado com sucesso em gestao_medicoes.py
2026-02-18 18:38:35,380 - sistema_relatorios - gestao_medicoes - INFO - ✅ Janela Gestão de Medições inicializada com tripla proteção de visibilidade
2026-02-18 18:38:37,230 - sistema_relatorios - gerador_contrato - INFO - Carregando serviços de: C:\Users\Obras\sistema_gestao_testes\testes\Financeiro\Planilhas_Base\servicos_construcao.json
2026-02-18 18:38:37,233 - sistema_relatorios - gerador_contrato - INFO - Serviços carregados: 10 categorias
2026-02-18 18:38:37,235 - sistema_relatorios - gerador_contrato - INFO - Pasta de contratos verificada: C:\Users\Obras\sistema_gestao_testes\testes\Financeiro\Clientes\Contratos
2026-02-18 18:38:37,236 - sistema_relatorios - gerador_contrato - INFO - GeradorContrato inicializado com sucesso (usando python-docx)
2026-02-18 18:38:40,742 - sistema_relatorios - gerador_contrato - INFO - Obtendo dados do cliente: GILMAR ALMEIDA PORTUGAL
2026-02-18 18:38:40,763 - sistema_relatorios - gerador_contrato - INFO - Colunas disponíveis: ['Nome', 'Endereço', 'Data Inicial', 'Observações', 'Data Final', 'Tipo Taxa', 'CPF', 'CNO', 'Estado Civil', 'Cidade', 'Grupo', 'Logradouro', 'Numero', 'Complemento', 'Localidade', 'CEP', 'Estado', 'Metragem_Alvara', 'Banco', 'Agencia', 'Conta', 'Tipo_Conta', 'PIX']
2026-02-18 18:38:40,784 - sistema_relatorios - gerador_contrato - INFO - CPF bruto obtido: 21089086504 (tipo: <class 'int'>)
2026-02-18 18:38:40,785 - sistema_relatorios - gerador_contrato - INFO - CPF convertido de int: 21089086504 → 21089086504
2026-02-18 18:38:40,786 - sistema_relatorios - gerador_contrato - INFO - CPF apenas números: 21089086504
2026-02-18 18:38:40,787 - sistema_relatorios - gerador_contrato - INFO - ✅ CPF formatado: 210.890.865-04
2026-02-18 18:38:40,787 - sistema_relatorios - gerador_contrato - INFO - CNO já formatado: 90.018.91862/63
2026-02-18 18:38:40,788 - sistema_relatorios - gerador_contrato - INFO - ✅ Dados do cliente processados - CPF final: 210.890.865-04
2026-02-18 18:38:40,789 - sistema_relatorios - gerador_contrato - INFO - Dados do cliente obtidos com sucesso: GILMAR ALMEIDA PORTUGAL
2026-02-18 18:46:48,817 - sistema_relatorios - gestao_medicoes - INFO - ✅ Janela de Gestão de Medições fechada
2026-02-18 18:46:48,864 - sistema_relatorios - gestao_medicoes - INFO - ✅ Menu principal restaurado
2026-02-18 18:48:41,060 - sistema - logger_config - INFO - Sistema de logging inicializado
2026-02-18 18:48:41,063 - sistema_relatorios - logger_config - INFO - Usuário alterado para: sistema_relatorios
2026-02-18 18:48:41,064 - sistema_relatorios - relatorios_interface - INFO - Sistema de relatórios inicializando usando logger configurado
2026-02-18 18:48:41,064 - sistema_relatorios - relatorios_interface - INFO - Configurações de janela importadas com sucesso
2026-02-18 18:48:41,064 - sistema_relatorios - relatorios_interface - INFO - === Sistema de Relatórios Inicializando ===
2026-02-18 18:48:48,437 - sistema_relatorios - gestao_medicoes - INFO - Logger importado com sucesso em gestao_medicoes.py
2026-02-18 18:48:49,585 - sistema_relatorios - gestao_medicoes - INFO - ✅ Janela Gestão de Medições inicializada com tripla proteção de visibilidade
2026-02-18 18:48:52,405 - sistema_relatorios - gerador_contrato - INFO - Carregando serviços de: C:\Users\Obras\sistema_gestao_testes\testes\Financeiro\Planilhas_Base\servicos_construcao.json
2026-02-18 18:48:52,433 - sistema_relatorios - gerador_contrato - INFO - Serviços carregados: 10 categorias
2026-02-18 18:48:52,438 - sistema_relatorios - gerador_contrato - INFO - Pasta de contratos verificada: C:\Users\Obras\sistema_gestao_testes\testes\Financeiro\Clientes\Contratos
2026-02-18 18:48:52,441 - sistema_relatorios - gerador_contrato - INFO - GeradorContrato inicializado com sucesso (usando python-docx)
2026-02-18 18:48:55,536 - sistema_relatorios - gerador_contrato - INFO - Obtendo dados do cliente: GILMAR ALMEIDA PORTUGAL
2026-02-18 18:48:55,572 - sistema_relatorios - gerador_contrato - INFO - Colunas disponíveis: ['Nome', 'Endereço', 'Data Inicial', 'Observações', 'Data Final', 'Tipo Taxa', 'CPF', 'CNO', 'Estado Civil', 'Cidade', 'Grupo', 'Logradouro', 'Numero', 'Complemento', 'Localidade', 'CEP', 'Estado', 'Metragem_Alvara', 'Banco', 'Agencia', 'Conta', 'Tipo_Conta', 'PIX']
2026-02-18 18:48:55,629 - sistema_relatorios - gerador_contrato - INFO - CPF bruto obtido: 21089086504 (tipo: <class 'int'>)
2026-02-18 18:48:55,660 - sistema_relatorios - gerador_contrato - INFO - CPF convertido de int: 21089086504 → 21089086504
2026-02-18 18:48:55,661 - sistema_relatorios - gerador_contrato - INFO - CPF apenas números: 21089086504
2026-02-18 18:48:55,662 - sistema_relatorios - gerador_contrato - INFO - ✅ CPF formatado: 210.890.865-04
2026-02-18 18:48:55,664 - sistema_relatorios - gerador_contrato - INFO - CNO já formatado: 90.018.91862/63
2026-02-18 18:48:55,664 - sistema_relatorios - gerador_contrato - INFO - ✅ Dados do cliente processados - CPF final: 210.890.865-04
2026-02-18 18:48:55,665 - sistema_relatorios - gerador_contrato - INFO - Dados do cliente obtidos com sucesso: GILMAR ALMEIDA PORTUGAL
2026-02-18 19:02:41,936 - sistema_relatorios - gestao_medicoes - INFO - ✅ Janela de Gestão de Medições fechada
2026-02-18 19:02:41,961 - sistema_relatorios - gestao_medicoes - INFO - ✅ Menu principal restaurado
2026-02-18 19:04:03,311 - sistema - logger_config - INFO - Sistema de logging inicializado
2026-02-18 19:04:03,312 - sistema_relatorios - logger_config - INFO - Usuário alterado para: sistema_relatorios
2026-02-18 19:04:03,313 - sistema_relatorios - relatorios_interface - INFO - Sistema de relatórios inicializando usando logger configurado
2026-02-18 19:04:03,313 - sistema_relatorios - relatorios_interface - INFO - Configurações de janela importadas com sucesso
2026-02-18 19:04:03,313 - sistema_relatorios - relatorios_interface - INFO - === Sistema de Relatórios Inicializando ===
2026-02-18 19:04:10,474 - sistema_relatorios - gestao_medicoes - INFO - Logger importado com sucesso em gestao_medicoes.py
2026-02-18 19:04:10,706 - sistema_relatorios - gestao_medicoes - INFO - ✅ Janela Gestão de Medições inicializada com tripla proteção de visibilidade
2026-02-18 19:04:12,522 - sistema_relatorios - gerador_contrato - INFO - Carregando serviços de: C:\Users\Obras\sistema_gestao_testes\testes\Financeiro\Planilhas_Base\servicos_construcao.json
2026-02-18 19:04:12,525 - sistema_relatorios - gerador_contrato - INFO - Serviços carregados: 10 categorias
2026-02-18 19:04:12,527 - sistema_relatorios - gerador_contrato - INFO - Pasta de contratos verificada: C:\Users\Obras\sistema_gestao_testes\testes\Financeiro\Clientes\Contratos
2026-02-18 19:04:12,528 - sistema_relatorios - gerador_contrato - INFO - GeradorContrato inicializado com sucesso (usando python-docx)
2026-02-18 19:04:15,226 - sistema_relatorios - gerador_contrato - INFO - Obtendo dados do cliente: GILMAR ALMEIDA PORTUGAL
2026-02-18 19:04:15,249 - sistema_relatorios - gerador_contrato - INFO - Colunas disponíveis: ['Nome', 'Endereço', 'Data Inicial', 'Observações', 'Data Final', 'Tipo Taxa', 'CPF', 'CNO', 'Estado Civil', 'Cidade', 'Grupo', 'Logradouro', 'Numero', 'Complemento', 'Localidade', 'CEP', 'Estado', 'Metragem_Alvara', 'Banco', 'Agencia', 'Conta', 'Tipo_Conta', 'PIX']
2026-02-18 19:04:15,268 - sistema_relatorios - gerador_contrato - INFO - CPF bruto obtido: 21089086504 (tipo: <class 'int'>)
2026-02-18 19:04:15,269 - sistema_relatorios - gerador_contrato - INFO - CPF convertido de int: 21089086504 → 21089086504
2026-02-18 19:04:15,271 - sistema_relatorios - gerador_contrato - INFO - CPF apenas números: 21089086504
2026-02-18 19:04:15,272 - sistema_relatorios - gerador_contrato - INFO - ✅ CPF formatado: 210.890.865-04
2026-02-18 19:04:15,273 - sistema_relatorios - gerador_contrato - INFO - CNO já formatado: 90.018.91862/63
2026-02-18 19:04:15,273 - sistema_relatorios - gerador_contrato - INFO - ✅ Dados do cliente processados - CPF final: 210.890.865-04
2026-02-18 19:04:15,274 - sistema_relatorios - gerador_contrato - INFO - Dados do cliente obtidos com sucesso: GILMAR ALMEIDA PORTUGAL
2026-02-18 19:09:54,739 - sistema_relatorios - gestao_medicoes - INFO - ✅ Janela de Gestão de Medições fechada
2026-02-18 19:09:54,742 - sistema_relatorios - gestao_medicoes - INFO - ✅ Menu principal restaurado
2026-02-18 19:09:57,202 - sistema_relatorios - logger_config - INFO - Iniciando: Carregar configurações
2026-02-18 19:09:57,256 - sistema_relatorios - logger_config - INFO - Concluído: Carregar configurações
2026-02-18 19:09:57,437 - sistema_relatorios - logger_config - INFO - Iniciando: Carregar configurações
2026-02-18 19:09:57,438 - sistema_relatorios - logger_config - INFO - Concluído: Carregar configurações
2026-02-18 19:09:57,440 - sistema_relatorios - logger_config - INFO - Iniciando: Carregar configurações
2026-02-18 19:09:57,441 - sistema_relatorios - logger_config - INFO - Concluído: Carregar configurações
2026-02-18 19:10:26,649 - sistema_relatorios - gestao_medicoes - INFO - ✅ Janela Gestão de Medições inicializada com tripla proteção de visibilidade
2026-02-18 19:10:27,685 - sistema_relatorios - gerador_contrato - INFO - Carregando serviços de: C:\Users\Obras\sistema_gestao_testes\testes\Financeiro\Planilhas_Base\servicos_construcao.json
2026-02-18 19:10:27,688 - sistema_relatorios - gerador_contrato - INFO - Serviços carregados: 10 categorias
2026-02-18 19:10:27,689 - sistema_relatorios - gerador_contrato - INFO - Pasta de contratos verificada: C:\Users\Obras\sistema_gestao_testes\testes\Financeiro\Clientes\Contratos
2026-02-18 19:10:27,690 - sistema_relatorios - gerador_contrato - INFO - GeradorContrato inicializado com sucesso (usando python-docx)
2026-02-18 19:10:30,929 - sistema_relatorios - gerador_contrato - INFO - Obtendo dados do cliente: GILMAR ALMEIDA PORTUGAL
2026-02-18 19:10:30,950 - sistema_relatorios - gerador_contrato - INFO - Colunas disponíveis: ['Nome', 'Endereço', 'Data Inicial', 'Observações', 'Data Final', 'Tipo Taxa', 'CPF', 'CNO', 'Estado Civil', 'Cidade', 'Grupo', 'Logradouro', 'Numero', 'Complemento', 'Localidade', 'CEP', 'Estado', 'Metragem_Alvara', 'Banco', 'Agencia', 'Conta', 'Tipo_Conta', 'PIX']
2026-02-18 19:10:30,956 - sistema_relatorios - gerador_contrato - INFO - CPF bruto obtido: 21089086504 (tipo: <class 'int'>)
2026-02-18 19:10:30,956 - sistema_relatorios - gerador_contrato - INFO - CPF convertido de int: 21089086504 → 21089086504
2026-02-18 19:10:30,957 - sistema_relatorios - gerador_contrato - INFO - CPF apenas números: 21089086504
2026-02-18 19:10:30,958 - sistema_relatorios - gerador_contrato - INFO - ✅ CPF formatado: 210.890.865-04
2026-02-18 19:10:30,959 - sistema_relatorios - gerador_contrato - INFO - CNO já formatado: 90.018.91862/63
2026-02-18 19:10:30,960 - sistema_relatorios - gerador_contrato - INFO - ✅ Dados do cliente processados - CPF final: 210.890.865-04
2026-02-18 19:10:30,961 - sistema_relatorios - gerador_contrato - INFO - Dados do cliente obtidos com sucesso: GILMAR ALMEIDA PORTUGAL
2026-02-18 19:17:04,221 - sistema_relatorios - gestao_medicoes - INFO - ✅ Janela de Gestão de Medições fechada
2026-02-18 19:17:04,233 - sistema_relatorios - gestao_medicoes - INFO - ✅ Menu principal restaurado
2026-02-18 19:17:06,426 - sistema_relatorios - logger_config - INFO - Iniciando: Carregar configurações
2026-02-18 19:17:06,427 - sistema_relatorios - logger_config - INFO - Concluído: Carregar configurações
2026-02-18 19:17:06,599 - sistema_relatorios - logger_config - INFO - Iniciando: Carregar configurações
2026-02-18 19:17:06,600 - sistema_relatorios - logger_config - INFO - Concluído: Carregar configurações
2026-02-18 19:17:06,602 - sistema_relatorios - logger_config - INFO - Iniciando: Carregar configurações
2026-02-18 19:17:06,603 - sistema_relatorios - logger_config - INFO - Concluído: Carregar configurações
2026-02-18 19:17:16,400 - sistema_relatorios - logger_config - INFO - Iniciando: Carregar configurações
2026-02-18 19:17:16,401 - sistema_relatorios - logger_config - INFO - Concluído: Carregar configurações
