2025-04-20 12:47:10,201 - sistema_relatorios - ERROR - Erro ao carregar lista de clientes: 'SistemaRelatorios' object has no attribute 'cliente_combobox'
Traceback (most recent call last):
  File "c:\Users\Obras\Documents\GitHub\Sistema-Financeiro\src\relatorios_interface.py", line 634, in run
    self.cliente_combobox['values'] = clientes
    ^^^^^^^^^^^^^^^^^^^^^
AttributeError: 'SistemaRelatorios' object has no attribute 'cliente_combobox'
2025-04-20 12:47:39,882 - relatorio_despesas_aprimorado - INFO - Iniciando RelatorioUI
2025-04-20 12:47:39,891 - relatorio_despesas_aprimorado - INFO - Iniciando configuração da interface
2025-04-20 12:47:39,982 - relatorio_despesas_aprimorado - INFO - Interface configurada com sucesso
2025-04-20 12:48:26,987 - relatorio_despesas_aprimorado - INFO - Iniciando geração de relatório para arquivo: H:/.shortcut-targets-by-id/195uuohIL_ZKum7lhwu-OzJCH_CGAb97G/Relatórios/Financeiro/Clientes/BRUNO SANTANA RINALDI.xlsx
2025-04-20 12:48:27,434 - relatorio_despesas_aprimorado - INFO - 
Obtendo número do relatório para data 2025-04-20 00:00:00
2025-04-20 12:48:27,434 - relatorio_despesas_aprimorado - INFO - Número do relatório calculado: 3
2025-04-20 12:48:27,434 - relatorio_despesas_aprimorado - INFO - Calculando acumulado para data 2025-04-20 00:00:00
2025-04-20 12:48:27,444 - relatorio_despesas_aprimorado - INFO - Valor acumulado calculado: 463,759.00
2025-04-20 12:48:27,444 - relatorio_despesas_aprimorado - INFO - Número do relatório: 3
2025-04-20 12:48:27,444 - relatorio_despesas_aprimorado - INFO - Valor acumulado calculado: 463,759.00
2025-04-20 12:48:27,450 - relatorio_despesas_aprimorado - INFO - Iniciando adição de detalhes ao relatório
2025-04-20 12:48:27,534 - relatorio_despesas_aprimorado - INFO - Detalhes adicionados com sucesso
2025-04-20 12:52:27,770 - sistema_relatorios - ERROR - Erro ao carregar lista de clientes: 'SistemaRelatorios' object has no attribute 'cliente_combobox'
Traceback (most recent call last):
  File "c:\Users\Obras\Documents\GitHub\Sistema-Financeiro\src\relatorios_interface.py", line 634, in run
    self.cliente_combobox['values'] = clientes
    ^^^^^^^^^^^^^^^^^^^^^
AttributeError: 'SistemaRelatorios' object has no attribute 'cliente_combobox'
2025-04-20 12:52:49,568 - relatorio_despesas_aprimorado - INFO - Iniciando RelatorioUI
2025-04-20 12:52:49,577 - relatorio_despesas_aprimorado - INFO - Iniciando configuração da interface
2025-04-20 12:52:49,623 - relatorio_despesas_aprimorado - INFO - Interface configurada com sucesso
2025-04-20 12:52:59,212 - relatorio_despesas_aprimorado - INFO - Iniciando processamento em lote de 2 arquivos
2025-04-20 12:52:59,613 - relatorio_despesas_aprimorado - INFO - 
Obtendo número do relatório para data 2025-04-20 00:00:00
2025-04-20 12:52:59,614 - relatorio_despesas_aprimorado - INFO - Número do relatório calculado: 3
2025-04-20 12:52:59,614 - relatorio_despesas_aprimorado - INFO - Calculando acumulado para data 2025-04-20 00:00:00
2025-04-20 12:52:59,624 - relatorio_despesas_aprimorado - INFO - Valor acumulado calculado: 463,759.00
2025-04-20 12:52:59,624 - relatorio_despesas_aprimorado - INFO - Arquivo: BRUNO SANTANA RINALDI.xlsx
2025-04-20 12:52:59,624 - relatorio_despesas_aprimorado - INFO - Número do relatório: 3
2025-04-20 12:52:59,624 - relatorio_despesas_aprimorado - INFO - Valor acumulado calculado: 463,759.00
2025-04-20 12:52:59,630 - relatorio_despesas_aprimorado - INFO - Iniciando adição de detalhes ao relatório
2025-04-20 12:52:59,757 - relatorio_despesas_aprimorado - INFO - Detalhes adicionados com sucesso
2025-04-20 12:53:01,109 - relatorio_despesas_aprimorado - INFO - 
Obtendo número do relatório para data 2025-04-20 00:00:00
2025-04-20 12:53:01,110 - relatorio_despesas_aprimorado - INFO - Número do relatório calculado: 44
2025-04-20 12:53:01,110 - relatorio_despesas_aprimorado - INFO - Calculando acumulado para data 2025-04-20 00:00:00
2025-04-20 12:53:01,122 - relatorio_despesas_aprimorado - INFO - Valor acumulado calculado: 3,182,575.28
2025-04-20 12:53:01,122 - relatorio_despesas_aprimorado - INFO - Arquivo: EDIGAR BATISTA FERREIRA.xlsx
2025-04-20 12:53:01,123 - relatorio_despesas_aprimorado - INFO - Número do relatório: 44
2025-04-20 12:53:01,123 - relatorio_despesas_aprimorado - INFO - Valor acumulado calculado: 3,182,575.28
2025-04-20 12:53:01,129 - relatorio_despesas_aprimorado - INFO - Iniciando adição de detalhes ao relatório
2025-04-20 12:53:01,159 - relatorio_despesas_aprimorado - INFO - Detalhes adicionados com sucesso
2025-04-20 13:24:28,132 - sistema_relatorios - ERROR - Erro ao carregar lista de clientes: 'SistemaRelatorios' object has no attribute 'cliente_combobox'
Traceback (most recent call last):
  File "c:\Users\Obras\Documents\GitHub\Sistema-Financeiro\src\relatorios_interface.py", line 634, in run
    self.cliente_combobox['values'] = clientes
    ^^^^^^^^^^^^^^^^^^^^^
AttributeError: 'SistemaRelatorios' object has no attribute 'cliente_combobox'
2025-04-20 13:30:49,027 - sistema_relatorios - ERROR - Erro ao carregar lista de clientes: 'SistemaRelatorios' object has no attribute 'cliente_combobox'
Traceback (most recent call last):
  File "c:\Users\Obras\Documents\GitHub\Sistema-Financeiro\src\relatorios_interface.py", line 634, in run
    self.cliente_combobox['values'] = clientes
    ^^^^^^^^^^^^^^^^^^^^^
AttributeError: 'SistemaRelatorios' object has no attribute 'cliente_combobox'
2025-04-20 13:34:48,037 - sistema_relatorios - ERROR - Erro ao carregar lista de clientes: 'SistemaRelatorios' object has no attribute 'cliente_combobox'
Traceback (most recent call last):
  File "c:\Users\Obras\Documents\GitHub\Sistema-Financeiro\src\relatorios_interface.py", line 674, in run
    self.cliente_combobox['values'] = clientes
    ^^^^^^^^^^^^^^^^^^^^^
AttributeError: 'SistemaRelatorios' object has no attribute 'cliente_combobox'
2025-04-20 13:38:57,237 - sistema_relatorios - ERROR - Erro ao carregar lista de clientes: 'SistemaRelatorios' object has no attribute 'cliente_combobox'
Traceback (most recent call last):
  File "c:\Users\Obras\Documents\GitHub\Sistema-Financeiro\src\relatorios_interface.py", line 674, in run
    self.cliente_combobox['values'] = clientes
    ^^^^^^^^^^^^^^^^^^^^^
AttributeError: 'SistemaRelatorios' object has no attribute 'cliente_combobox'
2025-04-20 13:41:09,257 - sistema_relatorios - ERROR - Erro ao carregar lista de clientes: 'SistemaRelatorios' object has no attribute 'cliente_combobox'
Traceback (most recent call last):
  File "c:\Users\Obras\Documents\GitHub\Sistema-Financeiro\src\relatorios_interface.py", line 674, in run
    self.cliente_combobox['values'] = clientes
    ^^^^^^^^^^^^^^^^^^^^^
AttributeError: 'SistemaRelatorios' object has no attribute 'cliente_combobox'
2025-04-20 13:45:49,019 - sistema_relatorios - ERROR - Erro ao carregar lista de clientes: 'SistemaRelatorios' object has no attribute 'cliente_combobox'
Traceback (most recent call last):
  File "c:\Users\Obras\Documents\GitHub\Sistema-Financeiro\src\relatorios_interface.py", line 674, in run
    self.cliente_combobox['values'] = clientes
    ^^^^^^^^^^^^^^^^^^^^^
AttributeError: 'SistemaRelatorios' object has no attribute 'cliente_combobox'
2025-04-20 13:50:11,211 - sistema_relatorios - ERROR - Erro ao carregar lista de clientes: 'SistemaRelatorios' object has no attribute 'cliente_combobox'
Traceback (most recent call last):
  File "c:\Users\Obras\Documents\GitHub\Sistema-Financeiro\src\relatorios_interface.py", line 674, in run
    self.cliente_combobox['values'] = clientes
    ^^^^^^^^^^^^^^^^^^^^^
AttributeError: 'SistemaRelatorios' object has no attribute 'cliente_combobox'
2025-04-20 13:55:46,631 - sistema_relatorios - ERROR - Erro ao carregar lista de clientes: 'SistemaRelatorios' object has no attribute 'cliente_combobox'
Traceback (most recent call last):
  File "c:\Users\Obras\Documents\GitHub\Sistema-Financeiro\src\relatorios_interface.py", line 692, in run
    self.cliente_combobox['values'] = clientes
    ^^^^^^^^^^^^^^^^^^^^^
AttributeError: 'SistemaRelatorios' object has no attribute 'cliente_combobox'
2025-04-20 14:04:07,668 - sistema_relatorios - ERROR - Erro ao carregar lista de clientes: 'SistemaRelatorios' object has no attribute 'cliente_combobox'
Traceback (most recent call last):
  File "c:\Users\Obras\Documents\GitHub\Sistema-Financeiro\src\relatorios_interface.py", line 705, in run
    self.cliente_combobox['values'] = clientes
    ^^^^^^^^^^^^^^^^^^^^^
AttributeError: 'SistemaRelatorios' object has no attribute 'cliente_combobox'
2025-04-20 16:02:07,816 - sistema_relatorios - ERROR - Erro ao carregar lista de clientes: 'SistemaRelatorios' object has no attribute 'cliente_combobox'
Traceback (most recent call last):
  File "c:\Users\Obras\Documents\GitHub\Sistema-Financeiro\src\relatorios_interface.py", line 705, in run
    self.cliente_combobox['values'] = clientes
    ^^^^^^^^^^^^^^^^^^^^^
AttributeError: 'SistemaRelatorios' object has no attribute 'cliente_combobox'
2025-04-20 16:04:42,821 - sistema_relatorios - ERROR - Erro ao carregar lista de clientes: 'SistemaRelatorios' object has no attribute 'cliente_combobox'
Traceback (most recent call last):
  File "c:\Users\Obras\Documents\GitHub\Sistema-Financeiro\src\relatorios_interface.py", line 705, in run
    self.cliente_combobox['values'] = clientes
    ^^^^^^^^^^^^^^^^^^^^^
AttributeError: 'SistemaRelatorios' object has no attribute 'cliente_combobox'
2025-04-20 16:57:51,692 - relatorio_despesas_aprimorado - INFO - Iniciando RelatorioUI
2025-04-20 16:57:51,705 - relatorio_despesas_aprimorado - INFO - Iniciando configuração da interface
2025-04-20 16:57:51,759 - relatorio_despesas_aprimorado - INFO - Interface configurada com sucesso
2025-04-20 16:58:06,369 - relatorio_despesas_aprimorado - INFO - Iniciando processamento em lote de 2 arquivos
2025-04-20 16:58:06,730 - relatorio_despesas_aprimorado - INFO - 
Obtendo número do relatório para data 2025-04-20 00:00:00
2025-04-20 16:58:06,731 - relatorio_despesas_aprimorado - INFO - Número do relatório calculado: 3
2025-04-20 16:58:06,731 - relatorio_despesas_aprimorado - INFO - Calculando acumulado para data 2025-04-20 00:00:00
2025-04-20 16:58:06,743 - relatorio_despesas_aprimorado - INFO - Valor acumulado calculado: 463,759.00
2025-04-20 16:58:06,743 - relatorio_despesas_aprimorado - INFO - Arquivo: BRUNO SANTANA RINALDI.xlsx
2025-04-20 16:58:06,743 - relatorio_despesas_aprimorado - INFO - Número do relatório: 3
2025-04-20 16:58:06,743 - relatorio_despesas_aprimorado - INFO - Valor acumulado calculado: 463,759.00
2025-04-20 16:58:06,749 - relatorio_despesas_aprimorado - INFO - Iniciando adição de detalhes ao relatório
2025-04-20 16:58:06,844 - relatorio_despesas_aprimorado - INFO - Detalhes adicionados com sucesso
2025-04-20 16:58:08,209 - relatorio_despesas_aprimorado - INFO - 
Obtendo número do relatório para data 2025-04-20 00:00:00
2025-04-20 16:58:08,210 - relatorio_despesas_aprimorado - INFO - Número do relatório calculado: 44
2025-04-20 16:58:08,210 - relatorio_despesas_aprimorado - INFO - Calculando acumulado para data 2025-04-20 00:00:00
2025-04-20 16:58:08,224 - relatorio_despesas_aprimorado - INFO - Valor acumulado calculado: 3,182,575.28
2025-04-20 16:58:08,225 - relatorio_despesas_aprimorado - INFO - Arquivo: EDIGAR BATISTA FERREIRA.xlsx
2025-04-20 16:58:08,225 - relatorio_despesas_aprimorado - INFO - Número do relatório: 44
2025-04-20 16:58:08,225 - relatorio_despesas_aprimorado - INFO - Valor acumulado calculado: 3,182,575.28
2025-04-20 16:58:08,231 - relatorio_despesas_aprimorado - INFO - Iniciando adição de detalhes ao relatório
2025-04-20 16:58:08,265 - relatorio_despesas_aprimorado - INFO - Detalhes adicionados com sucesso
