2025-12-22 11:25:55,170 - sistema - logger_config - INFO - Sistema de logging inicializado
2025-12-22 11:25:55,171 - sistema_relatorios - logger_config - INFO - Usuário alterado para: sistema_relatorios
2025-12-22 11:25:55,172 - sistema_relatorios - relatorios_interface - INFO - Sistema de relatórios inicializando usando logger configurado
2025-12-22 11:25:55,173 - sistema_relatorios - relatorios_interface - INFO - Configurações de janela importadas com sucesso
2025-12-22 11:25:55,174 - sistema_relatorios - relatorios_interface - INFO - === Sistema de Relatórios Inicializando ===
2025-12-22 11:26:04,553 - sistema_relatorios - logger_config - INFO - Iniciando: Carregar configurações
2025-12-22 11:26:04,570 - sistema_relatorios - logger_config - INFO - Concluído: Carregar configurações
2025-12-22 11:26:04,752 - sistema_relatorios - logger_config - INFO - Iniciando: Carregar configurações
2025-12-22 11:26:04,753 - sistema_relatorios - logger_config - INFO - Concluído: Carregar configurações
2025-12-22 11:26:04,755 - sistema_relatorios - logger_config - INFO - Iniciando: Carregar configurações
2025-12-22 11:26:04,756 - sistema_relatorios - logger_config - INFO - Concluído: Carregar configurações
2025-12-22 11:58:29,988 - sistema - logger_config - INFO - Sistema de logging inicializado
2025-12-22 11:58:29,990 - sistema_relatorios - logger_config - INFO - Usuário alterado para: sistema_relatorios
2025-12-22 11:58:30,005 - sistema_relatorios - relatorios_interface - INFO - Sistema de relatórios inicializando usando logger configurado
2025-12-22 11:58:30,007 - sistema_relatorios - relatorios_interface - INFO - Configurações de janela importadas com sucesso
2025-12-22 11:58:30,017 - sistema_relatorios - relatorios_interface - INFO - === Sistema de Relatórios Inicializando ===
2025-12-22 11:58:37,679 - sistema_relatorios - logger_config - INFO - Iniciando: Carregar configurações
2025-12-22 11:58:37,681 - sistema_relatorios - logger_config - INFO - Concluído: Carregar configurações
2025-12-22 11:58:37,869 - sistema_relatorios - logger_config - INFO - Iniciando: Carregar configurações
2025-12-22 11:58:37,869 - sistema_relatorios - logger_config - INFO - Concluído: Carregar configurações
2025-12-22 11:58:37,871 - sistema_relatorios - logger_config - INFO - Iniciando: Carregar configurações
2025-12-22 11:58:37,872 - sistema_relatorios - logger_config - INFO - Concluído: Carregar configurações
2025-12-22 12:13:12,916 - sistema - logger_config - INFO - Sistema de logging inicializado
2025-12-22 12:13:12,917 - sistema_relatorios - logger_config - INFO - Usuário alterado para: sistema_relatorios
2025-12-22 12:13:12,918 - sistema_relatorios - relatorios_interface - INFO - Sistema de relatórios inicializando usando logger configurado
2025-12-22 12:13:12,919 - sistema_relatorios - relatorios_interface - INFO - Configurações de janela importadas com sucesso
2025-12-22 12:13:12,920 - sistema_relatorios - relatorios_interface - INFO - === Sistema de Relatórios Inicializando ===
2025-12-22 12:13:20,542 - sistema_relatorios - logger_config - INFO - Iniciando: Carregar configurações
2025-12-22 12:13:20,545 - sistema_relatorios - logger_config - INFO - Concluído: Carregar configurações
2025-12-22 12:13:20,775 - sistema_relatorios - logger_config - INFO - Iniciando: Carregar configurações
2025-12-22 12:13:20,776 - sistema_relatorios - logger_config - INFO - Concluído: Carregar configurações
2025-12-22 12:13:20,778 - sistema_relatorios - logger_config - INFO - Iniciando: Carregar configurações
2025-12-22 12:13:20,779 - sistema_relatorios - logger_config - INFO - Concluído: Carregar configurações
2025-12-22 12:22:11,654 - sistema - logger_config - INFO - Sistema de logging inicializado
2025-12-22 12:22:11,658 - sistema_relatorios - logger_config - INFO - Usuário alterado para: sistema_relatorios
2025-12-22 12:22:11,659 - sistema_relatorios - relatorios_interface - INFO - Sistema de relatórios inicializando usando logger configurado
2025-12-22 12:22:11,659 - sistema_relatorios - relatorios_interface - INFO - Configurações de janela importadas com sucesso
2025-12-22 12:22:11,661 - sistema_relatorios - relatorios_interface - INFO - === Sistema de Relatórios Inicializando ===
2025-12-22 12:22:20,663 - sistema_relatorios - logger_config - INFO - Iniciando: Carregar configurações
2025-12-22 12:22:20,666 - sistema_relatorios - logger_config - INFO - Concluído: Carregar configurações
2025-12-22 12:22:20,851 - sistema_relatorios - logger_config - INFO - Iniciando: Carregar configurações
2025-12-22 12:22:20,852 - sistema_relatorios - logger_config - INFO - Concluído: Carregar configurações
2025-12-22 12:22:20,855 - sistema_relatorios - logger_config - INFO - Iniciando: Carregar configurações
2025-12-22 12:22:20,856 - sistema_relatorios - logger_config - INFO - Concluído: Carregar configurações
2025-12-22 12:46:37,232 - sistema - logger_config - INFO - Sistema de logging inicializado
2025-12-22 12:46:37,233 - sistema_relatorios - logger_config - INFO - Usuário alterado para: sistema_relatorios
2025-12-22 12:46:37,235 - sistema_relatorios - relatorios_interface - INFO - Sistema de relatórios inicializando usando logger configurado
2025-12-22 12:46:37,241 - sistema_relatorios - relatorios_interface - INFO - Configurações de janela importadas com sucesso
2025-12-22 12:46:37,242 - sistema_relatorios - relatorios_interface - INFO - === Sistema de Relatórios Inicializando ===
2025-12-22 12:46:47,953 - sistema_relatorios - logger_config - INFO - Iniciando: Carregar configurações
2025-12-22 12:46:47,958 - sistema_relatorios - logger_config - INFO - Concluído: Carregar configurações
2025-12-22 12:46:48,200 - sistema_relatorios - logger_config - INFO - Iniciando: Carregar configurações
2025-12-22 12:46:48,201 - sistema_relatorios - logger_config - INFO - Concluído: Carregar configurações
2025-12-22 12:46:48,205 - sistema_relatorios - logger_config - INFO - Iniciando: Carregar configurações
2025-12-22 12:46:48,206 - sistema_relatorios - logger_config - INFO - Concluído: Carregar configurações
2025-12-22 12:50:40,514 - sistema - logger_config - INFO - Sistema de logging inicializado
2025-12-22 12:50:40,516 - sistema_relatorios - logger_config - INFO - Usuário alterado para: sistema_relatorios
2025-12-22 12:50:40,517 - sistema_relatorios - relatorios_interface - INFO - Sistema de relatórios inicializando usando logger configurado
2025-12-22 12:50:40,517 - sistema_relatorios - relatorios_interface - INFO - Configurações de janela importadas com sucesso
2025-12-22 12:50:40,518 - sistema_relatorios - relatorios_interface - INFO - === Sistema de Relatórios Inicializando ===
2025-12-22 12:50:50,647 - sistema_relatorios - logger_config - INFO - Iniciando: Carregar configurações
2025-12-22 12:50:50,652 - sistema_relatorios - logger_config - INFO - Concluído: Carregar configurações
2025-12-22 12:50:50,847 - sistema_relatorios - logger_config - INFO - Iniciando: Carregar configurações
2025-12-22 12:50:50,848 - sistema_relatorios - logger_config - INFO - Concluído: Carregar configurações
2025-12-22 12:50:50,850 - sistema_relatorios - logger_config - INFO - Iniciando: Carregar configurações
2025-12-22 12:50:50,851 - sistema_relatorios - logger_config - INFO - Concluído: Carregar configurações
2025-12-22 12:54:26,044 - sistema - logger_config - INFO - Sistema de logging inicializado
2025-12-22 12:54:26,046 - sistema_relatorios - logger_config - INFO - Usuário alterado para: sistema_relatorios
2025-12-22 12:54:26,047 - sistema_relatorios - relatorios_interface - INFO - Sistema de relatórios inicializando usando logger configurado
2025-12-22 12:54:26,049 - sistema_relatorios - relatorios_interface - INFO - Configurações de janela importadas com sucesso
2025-12-22 12:54:26,050 - sistema_relatorios - relatorios_interface - INFO - === Sistema de Relatórios Inicializando ===
2025-12-22 12:54:36,701 - sistema_relatorios - logger_config - INFO - Iniciando: Carregar configurações
2025-12-22 12:54:36,704 - sistema_relatorios - logger_config - INFO - Concluído: Carregar configurações
2025-12-22 12:54:36,913 - sistema_relatorios - logger_config - INFO - Iniciando: Carregar configurações
2025-12-22 12:54:36,914 - sistema_relatorios - logger_config - INFO - Concluído: Carregar configurações
2025-12-22 12:54:36,917 - sistema_relatorios - logger_config - INFO - Iniciando: Carregar configurações
2025-12-22 12:54:36,918 - sistema_relatorios - logger_config - INFO - Concluído: Carregar configurações
2025-12-22 13:00:50,603 - sistema - logger_config - INFO - Sistema de logging inicializado
2025-12-22 13:00:50,604 - sistema_relatorios - logger_config - INFO - Usuário alterado para: sistema_relatorios
2025-12-22 13:00:50,606 - sistema_relatorios - relatorios_interface - INFO - Sistema de relatórios inicializando usando logger configurado
2025-12-22 13:00:50,608 - sistema_relatorios - relatorios_interface - INFO - Configurações de janela importadas com sucesso
2025-12-22 13:00:50,610 - sistema_relatorios - relatorios_interface - INFO - === Sistema de Relatórios Inicializando ===
2025-12-22 13:01:13,548 - sistema_relatorios - logger_config - INFO - Iniciando: Carregar configurações
2025-12-22 13:01:13,967 - sistema_relatorios - logger_config - INFO - Concluído: Carregar configurações
2025-12-22 13:01:16,155 - sistema_relatorios - logger_config - INFO - Iniciando: Carregar configurações
2025-12-22 13:01:16,201 - sistema_relatorios - logger_config - INFO - Concluído: Carregar configurações
2025-12-22 13:01:16,317 - sistema_relatorios - logger_config - INFO - Iniciando: Carregar configurações
2025-12-22 13:01:16,754 - sistema_relatorios - logger_config - INFO - Concluído: Carregar configurações
2025-12-22 14:49:34,070 - sistema - logger_config - INFO - Sistema de logging inicializado
2025-12-22 14:49:34,072 - sistema_relatorios - logger_config - INFO - Usuário alterado para: sistema_relatorios
2025-12-22 14:49:34,073 - sistema_relatorios - relatorios_interface - INFO - Sistema de relatórios inicializando usando logger configurado
2025-12-22 14:49:34,077 - sistema_relatorios - relatorios_interface - INFO - Configurações de janela importadas com sucesso
2025-12-22 14:49:34,079 - sistema_relatorios - relatorios_interface - INFO - === Sistema de Relatórios Inicializando ===
2025-12-22 14:49:48,264 - sistema_relatorios - logger_config - INFO - Iniciando: Carregar configurações
2025-12-22 14:49:48,275 - sistema_relatorios - logger_config - INFO - Concluído: Carregar configurações
2025-12-22 14:49:48,681 - sistema_relatorios - logger_config - INFO - Iniciando: Carregar configurações
2025-12-22 14:49:48,682 - sistema_relatorios - logger_config - INFO - Concluído: Carregar configurações
2025-12-22 14:49:48,687 - sistema_relatorios - logger_config - INFO - Iniciando: Carregar configurações
2025-12-22 14:49:48,688 - sistema_relatorios - logger_config - INFO - Concluído: Carregar configurações
2025-12-22 14:51:19,176 - sistema - logger_config - INFO - Sistema de logging inicializado
2025-12-22 14:51:19,179 - sistema_relatorios - logger_config - INFO - Usuário alterado para: sistema_relatorios
2025-12-22 14:51:19,180 - sistema_relatorios - relatorios_interface - INFO - Sistema de relatórios inicializando usando logger configurado
2025-12-22 14:51:19,182 - sistema_relatorios - relatorios_interface - INFO - Configurações de janela importadas com sucesso
2025-12-22 14:51:19,183 - sistema_relatorios - relatorios_interface - INFO - === Sistema de Relatórios Inicializando ===
2025-12-22 14:51:28,556 - sistema_relatorios - logger_config - INFO - Iniciando: Carregar configurações
2025-12-22 14:51:28,560 - sistema_relatorios - logger_config - INFO - Concluído: Carregar configurações
2025-12-22 14:51:28,814 - sistema_relatorios - logger_config - INFO - Iniciando: Carregar configurações
2025-12-22 14:51:28,815 - sistema_relatorios - logger_config - INFO - Concluído: Carregar configurações
2025-12-22 14:51:28,817 - sistema_relatorios - logger_config - INFO - Iniciando: Carregar configurações
2025-12-22 14:51:28,818 - sistema_relatorios - logger_config - INFO - Concluído: Carregar configurações
2025-12-22 15:00:55,837 - sistema - logger_config - INFO - Sistema de logging inicializado
2025-12-22 17:04:04,455 - sistema - logger_config - INFO - Sistema de logging inicializado
2025-12-22 17:04:04,456 - sistema_relatorios - logger_config - INFO - Usuário alterado para: sistema_relatorios
2025-12-22 17:04:04,456 - sistema_relatorios - relatorios_interface - INFO - Sistema de relatórios inicializando usando logger configurado
2025-12-22 17:04:04,457 - sistema_relatorios - relatorios_interface - INFO - Configurações de janela importadas com sucesso
2025-12-22 17:04:04,457 - sistema_relatorios - relatorios_interface - INFO - === Sistema de Relatórios Inicializando ===
2025-12-22 17:04:12,471 - sistema_relatorios - logger_config - INFO - Iniciando: Carregar configurações
2025-12-22 17:04:12,491 - sistema_relatorios - logger_config - INFO - Concluído: Carregar configurações
2025-12-22 17:04:12,724 - sistema_relatorios - logger_config - INFO - Iniciando: Carregar configurações
2025-12-22 17:04:12,725 - sistema_relatorios - logger_config - INFO - Concluído: Carregar configurações
2025-12-22 17:04:12,728 - sistema_relatorios - logger_config - INFO - Iniciando: Carregar configurações
2025-12-22 17:04:12,729 - sistema_relatorios - logger_config - INFO - Concluído: Carregar configurações
2025-12-22 17:11:59,098 - sistema - logger_config - INFO - Sistema de logging inicializado
2025-12-22 17:11:59,100 - sistema_relatorios - logger_config - INFO - Usuário alterado para: sistema_relatorios
2025-12-22 17:11:59,101 - sistema_relatorios - relatorios_interface - INFO - Sistema de relatórios inicializando usando logger configurado
2025-12-22 17:11:59,102 - sistema_relatorios - relatorios_interface - INFO - Configurações de janela importadas com sucesso
2025-12-22 17:11:59,102 - sistema_relatorios - relatorios_interface - INFO - === Sistema de Relatórios Inicializando ===
2025-12-22 17:12:05,989 - sistema_relatorios - logger_config - INFO - Iniciando: Carregar configurações
2025-12-22 17:12:05,992 - sistema_relatorios - logger_config - INFO - Concluído: Carregar configurações
2025-12-22 17:12:06,157 - sistema_relatorios - logger_config - INFO - Iniciando: Carregar configurações
2025-12-22 17:12:06,157 - sistema_relatorios - logger_config - INFO - Concluído: Carregar configurações
2025-12-22 17:12:06,160 - sistema_relatorios - logger_config - INFO - Iniciando: Carregar configurações
2025-12-22 17:12:06,160 - sistema_relatorios - logger_config - INFO - Concluído: Carregar configurações
2025-12-22 17:18:20,036 - sistema - logger_config - INFO - Sistema de logging inicializado
2025-12-22 17:18:20,037 - sistema_relatorios - logger_config - INFO - Usuário alterado para: sistema_relatorios
2025-12-22 17:18:20,038 - sistema_relatorios - relatorios_interface - INFO - Sistema de relatórios inicializando usando logger configurado
2025-12-22 17:18:20,039 - sistema_relatorios - relatorios_interface - INFO - Configurações de janela importadas com sucesso
2025-12-22 17:18:20,041 - sistema_relatorios - relatorios_interface - INFO - === Sistema de Relatórios Inicializando ===
2025-12-22 17:18:27,939 - sistema_relatorios - logger_config - INFO - Iniciando: Carregar configurações
2025-12-22 17:18:27,943 - sistema_relatorios - logger_config - INFO - Concluído: Carregar configurações
2025-12-22 17:18:28,143 - sistema_relatorios - logger_config - INFO - Iniciando: Carregar configurações
2025-12-22 17:18:28,144 - sistema_relatorios - logger_config - INFO - Concluído: Carregar configurações
2025-12-22 17:18:28,146 - sistema_relatorios - logger_config - INFO - Iniciando: Carregar configurações
2025-12-22 17:18:28,147 - sistema_relatorios - logger_config - INFO - Concluído: Carregar configurações
2025-12-22 17:23:28,082 - sistema - logger_config - INFO - Sistema de logging inicializado
2025-12-22 17:23:28,084 - sistema_relatorios - logger_config - INFO - Usuário alterado para: sistema_relatorios
2025-12-22 17:23:28,085 - sistema_relatorios - relatorios_interface - INFO - Sistema de relatórios inicializando usando logger configurado
2025-12-22 17:23:28,085 - sistema_relatorios - relatorios_interface - INFO - Configurações de janela importadas com sucesso
2025-12-22 17:23:28,088 - sistema_relatorios - relatorios_interface - INFO - === Sistema de Relatórios Inicializando ===
2025-12-22 17:23:35,956 - sistema_relatorios - logger_config - INFO - Iniciando: Carregar configurações
2025-12-22 17:23:35,958 - sistema_relatorios - logger_config - INFO - Concluído: Carregar configurações
2025-12-22 17:23:36,132 - sistema_relatorios - logger_config - INFO - Iniciando: Carregar configurações
2025-12-22 17:23:36,133 - sistema_relatorios - logger_config - INFO - Concluído: Carregar configurações
2025-12-22 17:23:36,135 - sistema_relatorios - logger_config - INFO - Iniciando: Carregar configurações
2025-12-22 17:23:36,136 - sistema_relatorios - logger_config - INFO - Concluído: Carregar configurações
2025-12-22 17:35:00,571 - sistema - logger_config - INFO - Sistema de logging inicializado
2025-12-22 17:35:00,573 - sistema_relatorios - logger_config - INFO - Usuário alterado para: sistema_relatorios
2025-12-22 17:35:00,574 - sistema_relatorios - relatorios_interface - INFO - Sistema de relatórios inicializando usando logger configurado
2025-12-22 17:35:00,574 - sistema_relatorios - relatorios_interface - INFO - Configurações de janela importadas com sucesso
2025-12-22 17:35:00,575 - sistema_relatorios - relatorios_interface - INFO - === Sistema de Relatórios Inicializando ===
2025-12-22 17:35:08,154 - sistema_relatorios - logger_config - INFO - Iniciando: Carregar configurações
2025-12-22 17:35:08,157 - sistema_relatorios - logger_config - INFO - Concluído: Carregar configurações
2025-12-22 17:35:08,335 - sistema_relatorios - logger_config - INFO - Iniciando: Carregar configurações
2025-12-22 17:35:08,336 - sistema_relatorios - logger_config - INFO - Concluído: Carregar configurações
2025-12-22 17:35:08,338 - sistema_relatorios - logger_config - INFO - Iniciando: Carregar configurações
2025-12-22 17:35:08,339 - sistema_relatorios - logger_config - INFO - Concluído: Carregar configurações
2025-12-22 17:40:10,460 - sistema - logger_config - INFO - Sistema de logging inicializado
2025-12-22 17:40:10,461 - sistema_relatorios - logger_config - INFO - Usuário alterado para: sistema_relatorios
2025-12-22 17:40:10,462 - sistema_relatorios - relatorios_interface - INFO - Sistema de relatórios inicializando usando logger configurado
2025-12-22 17:40:10,462 - sistema_relatorios - relatorios_interface - INFO - Configurações de janela importadas com sucesso
2025-12-22 17:40:10,463 - sistema_relatorios - relatorios_interface - INFO - === Sistema de Relatórios Inicializando ===
2025-12-22 17:40:22,726 - sistema_relatorios - logger_config - INFO - Iniciando: Carregar configurações
2025-12-22 17:40:22,757 - sistema_relatorios - logger_config - INFO - Concluído: Carregar configurações
2025-12-22 17:40:22,933 - sistema_relatorios - logger_config - INFO - Iniciando: Carregar configurações
2025-12-22 17:40:22,933 - sistema_relatorios - logger_config - INFO - Concluído: Carregar configurações
2025-12-22 17:40:22,935 - sistema_relatorios - logger_config - INFO - Iniciando: Carregar configurações
2025-12-22 17:40:22,936 - sistema_relatorios - logger_config - INFO - Concluído: Carregar configurações
2025-12-22 17:58:52,110 - sistema - logger_config - INFO - Sistema de logging inicializado
