2025-07-17 16:35:19,358 - sistema - logger_config - INFO - Sistema de logging inicializado
2025-07-17 16:37:08,626 - sistema - logger_config - INFO - Sistema de logging inicializado
2025-07-17 17:17:16,785 - sistema - logger_config - INFO - Sistema de logging inicializado
2025-07-17 17:22:49,708 - sistema - logger_config - INFO - Sistema de logging inicializado
2025-07-17 17:55:39,776 - sistema - logger_config - INFO - Sistema de logging inicializado
2025-07-17 17:56:01,665 - sistema - logger_config - INFO - Iniciando: Carregar configurações
2025-07-17 17:56:01,724 - sistema - logger_config - INFO - Concluído: Carregar configurações
2025-07-17 17:56:48,465 - sistema - Sistema_Entrada_Dados - INFO - Iniciando adição de dados - Cliente: BRUNO SANTANA RINALDI
2025-07-17 17:56:50,834 - sistema - Sistema_Entrada_Dados - INFO - Dados adicionados com sucesso - Cliente: BRUNO SANTANA RINALDI, Total: 1
2025-07-17 17:57:03,625 - sistema - Sistema_Entrada_Dados - INFO - Iniciando envio de dados - Cliente: BRUNO SANTANA RINALDI, Registros: 1
2025-07-17 17:57:03,627 - sistema - Sistema_Entrada_Dados - INFO - Obtendo dados do visualizador
2025-07-17 17:57:03,627 - sistema - Sistema_Entrada_Dados - INFO - Total de registros a processar: 1
2025-07-17 17:57:03,628 - sistema - Sistema_Entrada_Dados - INFO - Salvando em: C:\Users\Obras\sistema_gestao_testes\testes\Financeiro\Clientes\BRUNO SANTANA RINALDI.xlsx
2025-07-17 17:57:16,505 - sistema - Sistema_Entrada_Dados - INFO - Dados salvos com sucesso - Cliente: BRUNO SANTANA RINALDI, Registros: 1
2025-07-17 18:08:55,090 - sistema - logger_config - INFO - Sistema de logging inicializado
2025-07-17 18:09:10,023 - sistema - logger_config - INFO - Iniciando: Carregar configurações
2025-07-17 18:09:10,024 - sistema - logger_config - INFO - Concluído: Carregar configurações
2025-07-17 18:09:59,000 - sistema - Sistema_Entrada_Dados - INFO - Iniciando adição de dados - Cliente: BRUNO SANTANA RINALDI
2025-07-17 18:10:00,759 - sistema - Sistema_Entrada_Dados - INFO - Dados adicionados com sucesso - Cliente: BRUNO SANTANA RINALDI, Total: 1
2025-07-17 18:10:14,287 - sistema - Sistema_Entrada_Dados - INFO - Iniciando envio de dados - Cliente: BRUNO SANTANA RINALDI, Registros: 1
2025-07-17 18:10:14,288 - sistema - Sistema_Entrada_Dados - INFO - Obtendo dados do visualizador
2025-07-17 18:10:14,288 - sistema - Sistema_Entrada_Dados - INFO - Total de registros a processar: 1
2025-07-17 18:10:14,289 - sistema - Sistema_Entrada_Dados - INFO - Salvando em: C:\Users\Obras\sistema_gestao_testes\testes\Financeiro\Clientes\BRUNO SANTANA RINALDI.xlsx
2025-07-17 18:10:14,578 - sistema - Sistema_Entrada_Dados - WARNING - Duplicata detectada: EMG ESQUADRIAS DE MINAS GERAIS - PERFIL DE ALUMINIO - 1668.15 - NF: 10570 - Vencto: 03/07/2025
2025-07-17 18:10:14,579 - sistema - Sistema_Entrada_Dados - WARNING - Detectados 1 possíveis lançamentos duplicados
2025-07-17 18:10:19,814 - sistema - Sistema_Entrada_Dados - INFO - Operação cancelada pelo usuário devido a duplicatas
2025-07-17 18:11:55,711 - sistema - logger_config - INFO - Sistema de logging inicializado
2025-07-17 18:57:01,707 - sistema - logger_config - INFO - Sistema de logging inicializado
2025-07-17 19:02:24,847 - sistema - logger_config - INFO - Sistema de logging inicializado
2025-07-17 19:17:11,556 - sistema - logger_config - INFO - Sistema de logging inicializado
2025-07-17 19:19:24,795 - sistema - logger_config - INFO - Iniciando: Carregar configurações
2025-07-17 19:19:24,799 - sistema - logger_config - INFO - Concluído: Carregar configurações
2025-07-17 19:20:24,657 - sistema - Sistema_Entrada_Dados - INFO - Iniciando adição de dados - Cliente: BRUNO SANTANA RINALDI
2025-07-17 19:20:26,609 - sistema - Sistema_Entrada_Dados - INFO - Dados adicionados com sucesso - Cliente: BRUNO SANTANA RINALDI, Total: 1
2025-07-17 19:20:33,906 - sistema - Sistema_Entrada_Dados - INFO - Iniciando envio de dados - Cliente: BRUNO SANTANA RINALDI, Registros: 1
2025-07-17 19:20:33,907 - sistema - Sistema_Entrada_Dados - INFO - Obtendo dados do visualizador
2025-07-17 19:20:33,908 - sistema - Sistema_Entrada_Dados - INFO - Total de registros a processar: 1
2025-07-17 19:20:33,908 - sistema - Sistema_Entrada_Dados - INFO - Salvando em: C:\Users\Obras\sistema_gestao_testes\testes\Financeiro\Clientes\BRUNO SANTANA RINALDI.xlsx
2025-07-17 19:20:49,203 - sistema - Sistema_Entrada_Dados - INFO - Dados salvos com sucesso - Cliente: BRUNO SANTANA RINALDI, Registros: 1
