2025-08-13 10:54:06,354 - sistema - logger_config - INFO - Sistema de logging inicializado
2025-08-13 10:54:07,775 - sistema - logger_config - INFO - Iniciando: Carregar configurações
2025-08-13 10:54:07,781 - sistema - configuracoes_sistema - INFO - Seção 'historico_correcoes' adicionada às configurações
2025-08-13 10:54:07,782 - sistema - logger_config - INFO - Concluído: Carregar configurações
2025-08-13 11:05:58,000 - sistema - Sistema_Entrada_Dados - INFO - Iniciando envio de dados - Cliente: BRUNO SANTANA RINALDI, Registros: 1
2025-08-13 11:05:58,008 - sistema - Sistema_Entrada_Dados - INFO - Obtendo dados do visualizador
2025-08-13 11:05:58,010 - sistema - Sistema_Entrada_Dados - INFO - Total de registros a processar: 1
2025-08-13 11:05:58,011 - sistema - Sistema_Entrada_Dados - INFO - Datas que serão afetadas pela inserção: ['27/02/2025']
2025-08-13 11:05:58,013 - sistema - Sistema_Entrada_Dados - INFO - Salvando em: C:\Users\Obras\sistema_gestao_testes\testes\Financeiro\Clientes\BRUNO SANTANA RINALDI.xlsx
2025-08-13 11:05:58,016 - sistema - Sistema_Entrada_Dados - INFO - Verificando integridade dos IDs antes da inserção
2025-08-13 11:05:59,174 - sistema - Sistema_Entrada_Dados - INFO - Lançamento inserido com ID 227 na linha 227
2025-08-13 11:05:59,549 - sistema - Sistema_Entrada_Dados - INFO - Iniciando verificação de recálculo para 1 datas
2025-08-13 11:06:00,062 - sistema - Sistema_Entrada_Dados - INFO - Verificando necessidade de recálculo para 2025-02-27
2025-08-13 11:06:01,242 - sistema - Sistema_Entrada_Dados - INFO - ℹ️ 2025-02-27: Sem taxas na data - recálculo desnecessário
2025-08-13 11:07:30,027 - sistema - logger_config - INFO - Iniciando: Carregar configurações
2025-08-13 11:07:30,028 - sistema - logger_config - INFO - Concluído: Carregar configurações
2025-08-13 11:08:17,417 - sistema - Sistema_Entrada_Dados - INFO - Iniciando adição de dados - Cliente: BRUNO SANTANA RINALDI
2025-08-13 11:08:19,257 - sistema - Sistema_Entrada_Dados - INFO - Dados adicionados com sucesso - Cliente: BRUNO SANTANA RINALDI, Total: 1
2025-08-13 12:19:28,381 - sistema - logger_config - INFO - Sistema de logging inicializado
2025-08-13 12:19:30,300 - sistema - logger_config - INFO - Iniciando: Carregar configurações
2025-08-13 12:19:30,303 - sistema - configuracoes_sistema - INFO - Seção 'historico_correcoes' adicionada às configurações
2025-08-13 12:19:30,304 - sistema - logger_config - INFO - Concluído: Carregar configurações
2025-08-13 12:27:54,610 - sistema - logger_config - INFO - Sistema de logging inicializado
2025-08-13 12:27:56,333 - sistema - logger_config - INFO - Iniciando: Carregar configurações
2025-08-13 12:27:56,337 - sistema - configuracoes_sistema - INFO - Seção 'historico_correcoes' adicionada às configurações
2025-08-13 12:27:56,338 - sistema - logger_config - INFO - Concluído: Carregar configurações
2025-08-13 12:29:51,348 - sistema - Sistema_Entrada_Dados - INFO - Iniciando envio de dados - Cliente: BRUNO SANTANA RINALDI, Registros: 1
2025-08-13 12:29:51,350 - sistema - Sistema_Entrada_Dados - INFO - Usando dados_para_incluir existentes
2025-08-13 12:29:51,352 - sistema - Sistema_Entrada_Dados - INFO - Total de registros a processar: 1
2025-08-13 12:29:51,355 - sistema - Sistema_Entrada_Dados - INFO - Datas que serão afetadas pela inserção: ['27/02/2025']
2025-08-13 12:29:51,364 - sistema - Sistema_Entrada_Dados - INFO - Salvando em: C:\Users\Obras\sistema_gestao_testes\testes\Financeiro\Clientes\BRUNO SANTANA RINALDI.xlsx
2025-08-13 12:29:51,368 - sistema - Sistema_Entrada_Dados - INFO - Verificando integridade dos IDs antes da inserção
2025-08-13 12:29:51,861 - sistema - Sistema_Entrada_Dados - WARNING - DUPLICATA #1 encontrada:
2025-08-13 12:29:51,862 - sistema - Sistema_Entrada_Dados - WARNING -   Nome: WEASY COMERCIO DE PRODUTOS PARA ANIMAIS LTDA
2025-08-13 12:29:51,863 - sistema - Sistema_Entrada_Dados - WARNING -   Referência: NFE 160698 - WEASY COMERCIO DE PR
2025-08-13 12:29:51,863 - sistema - Sistema_Entrada_Dados - WARNING -   Valor: R$ 619.90 (planilha: R$ 619.90)
2025-08-13 12:29:51,864 - sistema - Sistema_Entrada_Dados - WARNING -   Vencimento: 27/02/2025
2025-08-13 12:29:51,865 - sistema - Sistema_Entrada_Dados - WARNING -   NF: 160698
2025-08-13 12:29:51,865 - sistema - Sistema_Entrada_Dados - WARNING - Duplicata detectada: WEASY COMERCIO DE PRODUTOS PARA ANIMAIS LTDA - NFE 160698 - WEASY COMERCIO DE PR - R$ 619,90
2025-08-13 12:29:51,866 - sistema - Sistema_Entrada_Dados - WARNING - Detectados 1 possíveis lançamentos duplicados
2025-08-13 12:30:02,132 - sistema - Sistema_Entrada_Dados - INFO - Usuário optou por continuar. Processando 0 lançamentos únicos
2025-08-13 12:33:32,188 - sistema - Sistema_Entrada_Dados - INFO - Iniciando envio de dados - Cliente: BRUNO SANTANA RINALDI, Registros: 2
2025-08-13 12:33:32,188 - sistema - Sistema_Entrada_Dados - INFO - Usando dados_para_incluir existentes
2025-08-13 12:33:32,188 - sistema - Sistema_Entrada_Dados - INFO - Total de registros a processar: 2
2025-08-13 12:33:32,188 - sistema - Sistema_Entrada_Dados - INFO - Datas que serão afetadas pela inserção: ['11/06/2024', '27/02/2025']
2025-08-13 12:33:32,203 - sistema - Sistema_Entrada_Dados - INFO - Salvando em: C:\Users\Obras\sistema_gestao_testes\testes\Financeiro\Clientes\BRUNO SANTANA RINALDI.xlsx
2025-08-13 12:33:32,213 - sistema - Sistema_Entrada_Dados - INFO - Verificando integridade dos IDs antes da inserção
2025-08-13 12:33:32,589 - sistema - Sistema_Entrada_Dados - WARNING - DUPLICATA #1 encontrada:
2025-08-13 12:33:32,589 - sistema - Sistema_Entrada_Dados - WARNING -   Nome: WEASY COMERCIO DE PRODUTOS PARA ANIMAIS LTDA
2025-08-13 12:33:32,589 - sistema - Sistema_Entrada_Dados - WARNING -   Referência: NFE 160698 - WEASY COMERCIO DE PR
2025-08-13 12:33:32,589 - sistema - Sistema_Entrada_Dados - WARNING -   Valor: R$ 619.90 (planilha: R$ 619.90)
2025-08-13 12:33:32,589 - sistema - Sistema_Entrada_Dados - WARNING -   Vencimento: 27/02/2025
2025-08-13 12:33:32,589 - sistema - Sistema_Entrada_Dados - WARNING -   NF: 160698
2025-08-13 12:33:32,589 - sistema - Sistema_Entrada_Dados - WARNING - Duplicata detectada: WEASY COMERCIO DE PRODUTOS PARA ANIMAIS LTDA - NFE 160698 - WEASY COMERCIO DE PR - R$ 619,90
2025-08-13 12:33:32,608 - sistema - Sistema_Entrada_Dados - WARNING - Detectados 1 possíveis lançamentos duplicados
2025-08-13 12:33:39,175 - sistema - Sistema_Entrada_Dados - INFO - Usuário optou por continuar. Processando 1 lançamentos únicos
2025-08-13 12:33:39,175 - sistema - Sistema_Entrada_Dados - INFO - Lançamento inserido com ID 228 na linha 228
2025-08-13 12:33:39,587 - sistema - Sistema_Entrada_Dados - INFO - Iniciando verificação de recálculo para 2 datas
2025-08-13 12:33:40,093 - sistema - Sistema_Entrada_Dados - INFO - Verificando necessidade de recálculo para 2024-06-11
2025-08-13 12:33:40,317 - sistema - Sistema_Entrada_Dados - INFO - ℹ️ 2024-06-11: Sem taxas na data - recálculo desnecessário
2025-08-13 12:33:40,318 - sistema - Sistema_Entrada_Dados - INFO - Verificando necessidade de recálculo para 2025-02-27
2025-08-13 12:33:40,544 - sistema - Sistema_Entrada_Dados - INFO - ℹ️ 2025-02-27: Sem taxas na data - recálculo desnecessário
2025-08-13 12:46:57,260 - sistema - Sistema_Entrada_Dados - INFO - Iniciando envio de dados - Cliente: BRUNO SANTANA RINALDI, Registros: 1
2025-08-13 12:46:57,294 - sistema - Sistema_Entrada_Dados - INFO - Usando dados_para_incluir existentes
2025-08-13 12:46:57,315 - sistema - Sistema_Entrada_Dados - INFO - Total de registros a processar: 1
2025-08-13 12:46:57,318 - sistema - Sistema_Entrada_Dados - INFO - Datas que serão afetadas pela inserção: ['07/11/2024']
2025-08-13 12:46:57,324 - sistema - Sistema_Entrada_Dados - INFO - Salvando em: C:\Users\Obras\sistema_gestao_testes\testes\Financeiro\Clientes\BRUNO SANTANA RINALDI.xlsx
2025-08-13 12:46:57,341 - sistema - Sistema_Entrada_Dados - INFO - Verificando integridade dos IDs antes da inserção
2025-08-13 12:46:58,051 - sistema - Sistema_Entrada_Dados - INFO - Lançamento inserido com ID 229 na linha 229
2025-08-13 12:46:58,465 - sistema - Sistema_Entrada_Dados - INFO - Iniciando verificação de recálculo para 1 datas
2025-08-13 12:46:58,967 - sistema - Sistema_Entrada_Dados - INFO - Verificando necessidade de recálculo para 2024-11-07
2025-08-13 12:46:59,116 - sistema - Sistema_Entrada_Dados - INFO - ℹ️ 2024-11-07: Sem taxas na data - recálculo desnecessário
2025-08-13 14:16:56,302 - sistema - logger_config - INFO - Sistema de logging inicializado
2025-08-13 14:16:58,193 - sistema - logger_config - INFO - Iniciando: Carregar configurações
2025-08-13 14:16:58,201 - sistema - configuracoes_sistema - INFO - Seção 'historico_correcoes' adicionada às configurações
2025-08-13 14:16:58,202 - sistema - logger_config - INFO - Concluído: Carregar configurações
2025-08-13 14:19:07,843 - sistema - logger_config - INFO - Sistema de logging inicializado
2025-08-13 14:19:09,405 - sistema - logger_config - INFO - Iniciando: Carregar configurações
2025-08-13 14:19:09,409 - sistema - configuracoes_sistema - INFO - Seção 'historico_correcoes' adicionada às configurações
2025-08-13 14:19:09,410 - sistema - logger_config - INFO - Concluído: Carregar configurações
2025-08-13 14:48:28,707 - sistema - logger_config - INFO - Sistema de logging inicializado
2025-08-13 14:48:30,022 - sistema - logger_config - INFO - Iniciando: Carregar configurações
2025-08-13 14:48:30,040 - sistema - configuracoes_sistema - INFO - Seção 'historico_correcoes' adicionada às configurações
2025-08-13 14:48:30,047 - sistema - logger_config - INFO - Concluído: Carregar configurações
2025-08-13 15:02:12,741 - sistema - logger_config - INFO - Sistema de logging inicializado
2025-08-13 15:02:15,863 - sistema - logger_config - INFO - Iniciando: Carregar configurações
2025-08-13 15:02:15,872 - sistema - configuracoes_sistema - INFO - Seção 'historico_correcoes' adicionada às configurações
2025-08-13 15:02:15,872 - sistema - logger_config - INFO - Concluído: Carregar configurações
2025-08-13 15:03:13,773 - sistema - logger_config - INFO - Sistema de logging inicializado
2025-08-13 15:03:15,290 - sistema - logger_config - INFO - Iniciando: Carregar configurações
2025-08-13 15:03:15,305 - sistema - configuracoes_sistema - INFO - Seção 'historico_correcoes' adicionada às configurações
2025-08-13 15:03:15,306 - sistema - logger_config - INFO - Concluído: Carregar configurações
2025-08-13 15:21:02,263 - sistema - logger_config - INFO - Sistema de logging inicializado
2025-08-13 15:21:03,943 - sistema - logger_config - INFO - Iniciando: Carregar configurações
2025-08-13 15:21:03,953 - sistema - configuracoes_sistema - INFO - Seção 'historico_correcoes' adicionada às configurações
2025-08-13 15:21:03,955 - sistema - logger_config - INFO - Concluído: Carregar configurações
2025-08-13 15:24:58,088 - sistema - logger_config - INFO - Sistema de logging inicializado
2025-08-13 15:24:59,674 - sistema - logger_config - INFO - Iniciando: Carregar configurações
2025-08-13 15:24:59,690 - sistema - configuracoes_sistema - INFO - Seção 'historico_correcoes' adicionada às configurações
2025-08-13 15:24:59,691 - sistema - logger_config - INFO - Concluído: Carregar configurações
2025-08-13 15:29:23,366 - sistema - logger_config - INFO - Sistema de logging inicializado
2025-08-13 15:29:25,236 - sistema - logger_config - INFO - Iniciando: Carregar configurações
2025-08-13 15:29:25,243 - sistema - configuracoes_sistema - INFO - Seção 'historico_correcoes' adicionada às configurações
2025-08-13 15:29:25,246 - sistema - logger_config - INFO - Concluído: Carregar configurações
2025-08-13 15:31:36,277 - sistema - logger_config - INFO - Sistema de logging inicializado
2025-08-13 15:31:37,820 - sistema - logger_config - INFO - Iniciando: Carregar configurações
2025-08-13 15:31:37,835 - sistema - configuracoes_sistema - INFO - Seção 'historico_correcoes' adicionada às configurações
2025-08-13 15:31:37,837 - sistema - logger_config - INFO - Concluído: Carregar configurações
2025-08-13 15:57:44,542 - sistema - logger_config - INFO - Sistema de logging inicializado
2025-08-13 15:57:47,450 - sistema - logger_config - INFO - Iniciando: Carregar configurações
2025-08-13 15:57:47,458 - sistema - configuracoes_sistema - INFO - Seção 'historico_correcoes' adicionada às configurações
2025-08-13 15:57:47,460 - sistema - logger_config - INFO - Concluído: Carregar configurações
2025-08-13 16:50:25,433 - sistema - logger_config - INFO - Sistema de logging inicializado
2025-08-13 16:50:26,700 - sistema - logger_config - INFO - Iniciando: Carregar configurações
2025-08-13 16:50:26,705 - sistema - configuracoes_sistema - INFO - Seção 'historico_correcoes' adicionada às configurações
2025-08-13 16:50:26,706 - sistema - logger_config - INFO - Concluído: Carregar configurações
2025-08-13 17:05:42,194 - sistema - logger_config - INFO - Sistema de logging inicializado
2025-08-13 17:05:44,198 - sistema - logger_config - INFO - Iniciando: Carregar configurações
2025-08-13 17:05:44,201 - sistema - configuracoes_sistema - INFO - Seção 'historico_correcoes' adicionada às configurações
2025-08-13 17:05:44,202 - sistema - logger_config - INFO - Concluído: Carregar configurações
2025-08-13 17:16:49,261 - sistema - logger_config - INFO - Sistema de logging inicializado
2025-08-13 17:16:51,693 - sistema - logger_config - INFO - Iniciando: Carregar configurações
2025-08-13 17:16:51,711 - sistema - configuracoes_sistema - INFO - Seção 'historico_correcoes' adicionada às configurações
2025-08-13 17:16:51,713 - sistema - logger_config - INFO - Concluído: Carregar configurações
2025-08-13 17:32:09,820 - sistema - logger_config - INFO - Sistema de logging inicializado
2025-08-13 17:32:11,482 - sistema - logger_config - INFO - Iniciando: Carregar configurações
2025-08-13 17:32:11,492 - sistema - configuracoes_sistema - INFO - Seção 'historico_correcoes' adicionada às configurações
2025-08-13 17:32:11,492 - sistema - logger_config - INFO - Concluído: Carregar configurações
2025-08-13 17:38:22,278 - sistema - Sistema_Entrada_Dados - INFO - Iniciando envio de dados - Cliente: BRUNO SANTANA RINALDI, Registros: 1
2025-08-13 17:38:22,278 - sistema - Sistema_Entrada_Dados - INFO - Obtendo dados do visualizador
2025-08-13 17:38:22,278 - sistema - Sistema_Entrada_Dados - INFO - Total de registros a processar: 1
2025-08-13 17:38:22,278 - sistema - Sistema_Entrada_Dados - INFO - Datas que serão afetadas pela inserção: ['05/08/2025']
2025-08-13 17:38:22,278 - sistema - Sistema_Entrada_Dados - INFO - Salvando em: C:\Users\Obras\sistema_gestao_testes\testes\Financeiro\Clientes\BRUNO SANTANA RINALDI.xlsx
2025-08-13 17:38:22,278 - sistema - Sistema_Entrada_Dados - INFO - Verificando integridade dos IDs antes da inserção
2025-08-13 17:38:22,744 - sistema - Sistema_Entrada_Dados - INFO - Lançamento inserido com ID 230 na linha 230
2025-08-13 17:38:23,147 - sistema - Sistema_Entrada_Dados - INFO - Iniciando verificação de recálculo para 1 datas
2025-08-13 17:38:23,663 - sistema - Sistema_Entrada_Dados - INFO - Verificando necessidade de recálculo para 2025-08-05
2025-08-13 17:38:35,614 - sistema - Sistema_Entrada_Dados - INFO - ℹ️ 2025-08-05: Recálculo cancelado pelo usuário
2025-08-13 17:39:34,643 - sistema - logger_config - INFO - Sistema de logging inicializado
2025-08-13 17:39:35,845 - sistema - logger_config - INFO - Iniciando: Carregar configurações
2025-08-13 17:39:35,859 - sistema - configuracoes_sistema - INFO - Seção 'historico_correcoes' adicionada às configurações
2025-08-13 17:39:35,860 - sistema - logger_config - INFO - Concluído: Carregar configurações
2025-08-13 17:47:52,519 - sistema - logger_config - INFO - Sistema de logging inicializado
2025-08-13 17:47:53,737 - sistema - logger_config - INFO - Iniciando: Carregar configurações
2025-08-13 17:47:53,755 - sistema - configuracoes_sistema - INFO - Seção 'historico_correcoes' adicionada às configurações
2025-08-13 17:47:53,757 - sistema - logger_config - INFO - Concluído: Carregar configurações
2025-08-13 18:16:52,155 - sistema - logger_config - INFO - Sistema de logging inicializado
2025-08-13 18:16:53,432 - sistema - logger_config - INFO - Iniciando: Carregar configurações
2025-08-13 18:16:53,442 - sistema - configuracoes_sistema - INFO - Seção 'historico_correcoes' adicionada às configurações
2025-08-13 18:16:53,443 - sistema - logger_config - INFO - Concluído: Carregar configurações
