2025-11-20 11:52:45,447 - sistema - logger_config - INFO - Sistema de logging inicializado
2025-11-20 11:52:45,447 - sistema_relatorios - logger_config - INFO - Usuário alterado para: sistema_relatorios
2025-11-20 11:52:45,447 - sistema_relatorios - relatorios_interface - INFO - Sistema de relatórios inicializando usando logger configurado
2025-11-20 11:52:45,447 - sistema_relatorios - relatorios_interface - INFO - Configurações de janela importadas com sucesso
2025-11-20 11:52:45,447 - sistema_relatorios - relatorios_interface - INFO - === Sistema de Relatórios Inicializando ===
2025-11-20 12:41:12,672 - sistema - logger_config - INFO - Sistema de logging inicializado
2025-11-20 12:41:12,672 - sistema_relatorios - logger_config - INFO - Usuário alterado para: sistema_relatorios
2025-11-20 12:41:12,688 - sistema_relatorios - relatorios_interface - INFO - Sistema de relatórios inicializando usando logger configurado
2025-11-20 12:41:12,688 - sistema_relatorios - relatorios_interface - INFO - Configurações de janela importadas com sucesso
2025-11-20 12:41:12,688 - sistema_relatorios - relatorios_interface - INFO - === Sistema de Relatórios Inicializando ===
2025-11-20 12:41:21,417 - sistema_relatorios - gestao_medicoes - INFO - Logger importado com sucesso em gestao_medicoes.py
2025-11-20 12:41:22,836 - sistema_relatorios - gerador_contrato - INFO - Carregando serviços de: C:\Users\Obras\sistema_gestao_testes\testes\Financeiro\Planilhas_Base\servicos_construcao.json
2025-11-20 12:41:22,872 - sistema_relatorios - gerador_contrato - INFO - Serviços carregados: 10 categorias
2025-11-20 12:41:22,874 - sistema_relatorios - gerador_contrato - INFO - Pasta de contratos verificada: C:\Users\Obras\sistema_gestao_testes\testes\Financeiro\Clientes\Contratos
2025-11-20 12:41:22,875 - sistema_relatorios - gerador_contrato - INFO - GeradorContrato inicializado com sucesso
2025-11-20 12:41:37,082 - sistema_relatorios - gerador_contrato - INFO - Obtendo dados do cliente: GILMAR ALMEIDA PORTUGAL
2025-11-20 12:41:37,103 - sistema_relatorios - gerador_contrato - INFO - Colunas disponíveis: ['Nome', 'Endereço', 'Data Inicial', 'Observações', 'Data Final', 'Tipo Taxa', 'CPF', 'CNO', 'Estado Civil', 'Cidade']
2025-11-20 12:41:37,121 - sistema_relatorios - gerador_contrato - INFO - Dados do cliente 'GILMAR ALMEIDA PORTUGAL' carregados com sucesso
2025-11-20 12:41:37,121 - sistema_relatorios - gestao_medicoes - INFO - Dados do cliente carregados na aba de contrato: GILMAR ALMEIDA PORTUGAL
2025-11-20 12:41:37,121 - sistema_relatorios - gestao_medicoes - INFO - Carregando lista de fornecedores...
2025-11-20 12:41:38,404 - sistema_relatorios - gestao_medicoes - INFO - ✅ 830 fornecedores carregados
2025-11-20 12:41:41,285 - sistema_relatorios - gestao_medicoes - INFO - Buscando fornecedores com termo: e
2025-11-20 12:41:42,537 - sistema_relatorios - gestao_medicoes - INFO - ✅ 739 fornecedores encontrados
2025-11-20 12:41:42,537 - sistema_relatorios - gestao_medicoes - INFO - Buscando fornecedores com termo: er
2025-11-20 12:41:43,837 - sistema_relatorios - gestao_medicoes - INFO - ✅ 295 fornecedores encontrados
2025-11-20 12:41:43,837 - sistema_relatorios - gestao_medicoes - INFO - Buscando fornecedores com termo: eri
2025-11-20 12:41:45,138 - sistema_relatorios - gestao_medicoes - INFO - ✅ 28 fornecedores encontrados
2025-11-20 12:41:45,138 - sistema_relatorios - gestao_medicoes - INFO - Buscando fornecedores com termo: eril
2025-11-20 12:41:46,387 - sistema_relatorios - gestao_medicoes - INFO - ✅ 1 fornecedores encontrados
2025-11-20 12:41:46,403 - sistema_relatorios - gestao_medicoes - INFO - Buscando fornecedores com termo: eril
2025-11-20 12:41:47,822 - sistema_relatorios - gestao_medicoes - INFO - ✅ 1 fornecedores encontrados
2025-11-20 12:41:51,736 - sistema_relatorios - gestao_medicoes - INFO - Buscando fornecedores com termo: eril
2025-11-20 12:41:53,023 - sistema_relatorios - gestao_medicoes - INFO - ✅ 1 fornecedores encontrados
2025-11-20 12:41:56,356 - sistema_relatorios - gestao_medicoes - INFO - Carregando dados do fornecedor: ERILTON NEVES RODRIGUES
2025-11-20 12:41:58,361 - sistema_relatorios - gestao_medicoes - INFO - ✅ Dados do fornecedor 'ERILTON NEVES RODRIGUES' carregados
2025-11-20 12:57:11,091 - sistema - logger_config - INFO - Sistema de logging inicializado
2025-11-20 12:57:11,091 - sistema_relatorios - logger_config - INFO - Usuário alterado para: sistema_relatorios
2025-11-20 12:57:11,091 - sistema_relatorios - relatorios_interface - INFO - Sistema de relatórios inicializando usando logger configurado
2025-11-20 12:57:11,091 - sistema_relatorios - relatorios_interface - INFO - Configurações de janela importadas com sucesso
2025-11-20 12:57:11,091 - sistema_relatorios - relatorios_interface - INFO - === Sistema de Relatórios Inicializando ===
2025-11-20 12:57:17,434 - sistema_relatorios - gestao_medicoes - INFO - Logger importado com sucesso em gestao_medicoes.py
2025-11-20 12:57:18,676 - sistema_relatorios - gerador_contrato - INFO - Carregando serviços de: C:\Users\Obras\sistema_gestao_testes\testes\Financeiro\Planilhas_Base\servicos_construcao.json
2025-11-20 12:57:18,676 - sistema_relatorios - gerador_contrato - INFO - Serviços carregados: 10 categorias
2025-11-20 12:57:18,693 - sistema_relatorios - gerador_contrato - INFO - Pasta de contratos verificada: C:\Users\Obras\sistema_gestao_testes\testes\Financeiro\Clientes\Contratos
2025-11-20 12:57:18,693 - sistema_relatorios - gerador_contrato - INFO - GeradorContrato inicializado com sucesso
2025-11-20 12:57:29,293 - sistema_relatorios - gerador_contrato - INFO - Obtendo dados do cliente: GILMAR ALMEIDA PORTUGAL
2025-11-20 12:57:29,309 - sistema_relatorios - gerador_contrato - INFO - Colunas disponíveis: ['Nome', 'Endereço', 'Data Inicial', 'Observações', 'Data Final', 'Tipo Taxa', 'CPF', 'CNO', 'Estado Civil', 'Cidade']
2025-11-20 12:57:29,322 - sistema_relatorios - gerador_contrato - INFO - Dados do cliente 'GILMAR ALMEIDA PORTUGAL' carregados com sucesso
2025-11-20 12:57:29,325 - sistema_relatorios - gestao_medicoes - INFO - Dados do cliente carregados na aba de contrato: GILMAR ALMEIDA PORTUGAL
2025-11-20 12:57:29,328 - sistema_relatorios - gestao_medicoes - INFO - Carregando lista de fornecedores...
2025-11-20 12:57:30,608 - sistema_relatorios - gestao_medicoes - INFO - ✅ 830 fornecedores carregados
2025-11-20 12:57:33,883 - sistema_relatorios - gestao_medicoes - INFO - Buscando fornecedores com termo: e
2025-11-20 12:57:35,159 - sistema_relatorios - gestao_medicoes - INFO - ✅ 739 fornecedores encontrados
2025-11-20 12:57:35,514 - sistema_relatorios - gestao_medicoes - INFO - Buscando fornecedores com termo: er
2025-11-20 12:57:36,867 - sistema_relatorios - gestao_medicoes - INFO - ✅ 295 fornecedores encontrados
2025-11-20 12:57:36,894 - sistema_relatorios - gestao_medicoes - INFO - Buscando fornecedores com termo: eri
2025-11-20 12:57:38,143 - sistema_relatorios - gestao_medicoes - INFO - ✅ 28 fornecedores encontrados
2025-11-20 12:57:38,450 - sistema_relatorios - gestao_medicoes - INFO - Buscando fornecedores com termo: eril
2025-11-20 12:57:39,692 - sistema_relatorios - gestao_medicoes - INFO - ✅ 1 fornecedores encontrados
2025-11-20 12:57:40,576 - sistema_relatorios - gestao_medicoes - INFO - Buscando fornecedores com termo: eril
2025-11-20 12:57:41,842 - sistema_relatorios - gestao_medicoes - INFO - ✅ 1 fornecedores encontrados
2025-11-20 12:57:43,992 - sistema_relatorios - gestao_medicoes - INFO - Carregando dados do fornecedor: ERILTON NEVES RODRIGUES
2025-11-20 12:57:45,999 - sistema_relatorios - gestao_medicoes - INFO - ✅ Dados do fornecedor 'ERILTON NEVES RODRIGUES' carregados
2025-11-20 13:00:23,234 - sistema_relatorios - gestao_medicoes - INFO - 1 serviços selecionados
2025-11-20 13:00:40,031 - sistema_relatorios - gerador_contrato - INFO - Obtendo dados do cliente: GILMAR ALMEIDA PORTUGAL
2025-11-20 13:00:40,047 - sistema_relatorios - gerador_contrato - INFO - Colunas disponíveis: ['Nome', 'Endereço', 'Data Inicial', 'Observações', 'Data Final', 'Tipo Taxa', 'CPF', 'CNO', 'Estado Civil', 'Cidade']
2025-11-20 13:00:40,063 - sistema_relatorios - gerador_contrato - INFO - Dados do cliente 'GILMAR ALMEIDA PORTUGAL' carregados com sucesso
2025-11-20 13:00:40,474 - sistema_relatorios - gerador_contrato - WARNING - Fornecedor não encontrado: ERILTON NEVES RODRIGUES
2025-11-20 13:00:40,474 - sistema_relatorios - gestao_medicoes - ERROR - Erro ao gerar contrato: 'NoneType' object is not subscriptable
2025-11-20 13:10:57,918 - sistema - logger_config - INFO - Sistema de logging inicializado
2025-11-20 13:10:57,918 - sistema_relatorios - logger_config - INFO - Usuário alterado para: sistema_relatorios
2025-11-20 13:10:57,918 - sistema_relatorios - relatorios_interface - INFO - Sistema de relatórios inicializando usando logger configurado
2025-11-20 13:10:57,918 - sistema_relatorios - relatorios_interface - INFO - Configurações de janela importadas com sucesso
2025-11-20 13:10:57,918 - sistema_relatorios - relatorios_interface - INFO - === Sistema de Relatórios Inicializando ===
2025-11-20 13:12:01,167 - sistema - logger_config - INFO - Sistema de logging inicializado
2025-11-20 13:12:01,167 - sistema_relatorios - logger_config - INFO - Usuário alterado para: sistema_relatorios
2025-11-20 13:12:01,167 - sistema_relatorios - relatorios_interface - INFO - Sistema de relatórios inicializando usando logger configurado
2025-11-20 13:12:01,167 - sistema_relatorios - relatorios_interface - INFO - Configurações de janela importadas com sucesso
2025-11-20 13:12:01,167 - sistema_relatorios - relatorios_interface - INFO - === Sistema de Relatórios Inicializando ===
2025-11-20 13:15:10,124 - sistema - logger_config - INFO - Sistema de logging inicializado
2025-11-20 13:15:10,124 - sistema_relatorios - logger_config - INFO - Usuário alterado para: sistema_relatorios
2025-11-20 13:15:10,124 - sistema_relatorios - relatorios_interface - INFO - Sistema de relatórios inicializando usando logger configurado
2025-11-20 13:15:10,124 - sistema_relatorios - relatorios_interface - INFO - Configurações de janela importadas com sucesso
2025-11-20 13:15:10,124 - sistema_relatorios - relatorios_interface - INFO - === Sistema de Relatórios Inicializando ===
2025-11-20 13:15:17,314 - sistema_relatorios - gestao_medicoes - INFO - Logger importado com sucesso em gestao_medicoes.py
2025-11-20 13:15:18,742 - sistema_relatorios - gerador_contrato - INFO - Carregando serviços de: C:\Users\Obras\sistema_gestao_testes\testes\Financeiro\Planilhas_Base\servicos_construcao.json
2025-11-20 13:15:18,745 - sistema_relatorios - gerador_contrato - INFO - Serviços carregados: 10 categorias
2025-11-20 13:15:18,746 - sistema_relatorios - gerador_contrato - INFO - Pasta de contratos verificada: C:\Users\Obras\sistema_gestao_testes\testes\Financeiro\Clientes\Contratos
2025-11-20 13:15:18,746 - sistema_relatorios - gerador_contrato - INFO - GeradorContrato inicializado com sucesso
2025-11-20 13:15:27,645 - sistema_relatorios - gerador_contrato - INFO - Obtendo dados do cliente: GILMAR ALMEIDA PORTUGAL
2025-11-20 13:15:27,663 - sistema_relatorios - gerador_contrato - INFO - Colunas disponíveis: ['Nome', 'Endereço', 'Data Inicial', 'Observações', 'Data Final', 'Tipo Taxa', 'CPF', 'CNO', 'Estado Civil', 'Cidade']
2025-11-20 13:15:27,683 - sistema_relatorios - gerador_contrato - INFO - Dados do cliente 'GILMAR ALMEIDA PORTUGAL' carregados com sucesso
2025-11-20 13:15:27,689 - sistema_relatorios - gestao_medicoes - INFO - Dados do cliente carregados na aba de contrato: GILMAR ALMEIDA PORTUGAL
2025-11-20 13:15:27,689 - sistema_relatorios - gestao_medicoes - INFO - Carregando lista de fornecedores...
2025-11-20 13:15:28,963 - sistema_relatorios - gestao_medicoes - INFO - ✅ 830 fornecedores carregados
2025-11-20 13:15:31,846 - sistema_relatorios - gestao_medicoes - INFO - Buscando fornecedores com termo: e
2025-11-20 13:15:33,480 - sistema_relatorios - gestao_medicoes - INFO - ✅ 739 fornecedores encontrados
2025-11-20 13:15:33,480 - sistema_relatorios - gestao_medicoes - INFO - Buscando fornecedores com termo: er
2025-11-20 13:15:34,763 - sistema_relatorios - gestao_medicoes - INFO - ✅ 295 fornecedores encontrados
2025-11-20 13:15:34,779 - sistema_relatorios - gestao_medicoes - INFO - Buscando fornecedores com termo: eri
2025-11-20 13:15:36,125 - sistema_relatorios - gestao_medicoes - INFO - ✅ 28 fornecedores encontrados
2025-11-20 13:15:37,362 - sistema_relatorios - gestao_medicoes - INFO - Buscando fornecedores com termo: eril
2025-11-20 13:15:38,647 - sistema_relatorios - gestao_medicoes - INFO - ✅ 1 fornecedores encontrados
2025-11-20 13:15:39,646 - sistema_relatorios - gestao_medicoes - INFO - Buscando fornecedores com termo: eril
2025-11-20 13:15:40,889 - sistema_relatorios - gestao_medicoes - INFO - ✅ 1 fornecedores encontrados
2025-11-20 13:15:42,825 - sistema_relatorios - gestao_medicoes - INFO - Carregando dados do fornecedor: ERILTON NEVES RODRIGUES
2025-11-20 13:15:44,760 - sistema_relatorios - gestao_medicoes - INFO - ✅ Dados do fornecedor 'ERILTON NEVES RODRIGUES' carregados
2025-11-20 13:16:23,860 - sistema_relatorios - gestao_medicoes - INFO - 1 serviços selecionados
2025-11-20 13:16:28,512 - sistema_relatorios - gerador_contrato - INFO - Obtendo dados do cliente: GILMAR ALMEIDA PORTUGAL
2025-11-20 13:16:28,553 - sistema_relatorios - gerador_contrato - INFO - Colunas disponíveis: ['Nome', 'Endereço', 'Data Inicial', 'Observações', 'Data Final', 'Tipo Taxa', 'CPF', 'CNO', 'Estado Civil', 'Cidade']
2025-11-20 13:16:28,563 - sistema_relatorios - gerador_contrato - INFO - Dados do cliente 'GILMAR ALMEIDA PORTUGAL' carregados com sucesso
2025-11-20 13:16:28,563 - sistema_relatorios - gerador_contrato - INFO - Buscando fornecedor por nome: ERILTON NEVES RODRIGUES
2025-11-20 13:16:29,884 - sistema_relatorios - gerador_contrato - INFO - ✅ Dados do fornecedor 'ERILTON NEVES RODRIGUES' carregados
2025-11-20 13:16:29,884 - sistema_relatorios - logger_config - INFO - Iniciando: Gerar contrato
2025-11-20 13:16:29,884 - sistema_relatorios - gerador_contrato - INFO - Gerando contrato: C:\Users\Obras\sistema_gestao_testes\testes\Financeiro\Clientes\Contratos\contrato_GILMAR_ALMEIDA_PORTUGAL_2025-11-20_13-16-29.docx
2025-11-20 13:16:29,884 - sistema_relatorios - gerador_contrato - ERROR - Erro ao gerar contrato: [Errno 2] No such file or directory: '\\tmp\\gerar_contrato.js'
2025-11-20 13:16:29,904 - sistema_relatorios - logger_config - INFO - Concluído: Gerar contrato
2025-11-20 13:27:25,112 - sistema - logger_config - INFO - Sistema de logging inicializado
2025-11-20 13:27:25,112 - sistema_relatorios - logger_config - INFO - Usuário alterado para: sistema_relatorios
2025-11-20 13:27:25,112 - sistema_relatorios - relatorios_interface - INFO - Sistema de relatórios inicializando usando logger configurado
2025-11-20 13:27:25,112 - sistema_relatorios - relatorios_interface - INFO - Configurações de janela importadas com sucesso
2025-11-20 13:27:25,112 - sistema_relatorios - relatorios_interface - INFO - === Sistema de Relatórios Inicializando ===
2025-11-20 13:27:31,471 - sistema_relatorios - gestao_medicoes - INFO - Logger importado com sucesso em gestao_medicoes.py
2025-11-20 13:27:32,824 - sistema_relatorios - gerador_contrato - INFO - Carregando serviços de: C:\Users\Obras\sistema_gestao_testes\testes\Financeiro\Planilhas_Base\servicos_construcao.json
2025-11-20 13:27:32,824 - sistema_relatorios - gerador_contrato - INFO - Serviços carregados: 10 categorias
2025-11-20 13:27:32,824 - sistema_relatorios - gerador_contrato - INFO - Pasta de contratos verificada: C:\Users\Obras\sistema_gestao_testes\testes\Financeiro\Clientes\Contratos
2025-11-20 13:27:32,824 - sistema_relatorios - gerador_contrato - INFO - GeradorContrato inicializado com sucesso
2025-11-20 13:27:41,596 - sistema_relatorios - gerador_contrato - INFO - Obtendo dados do cliente: GILMAR ALMEIDA PORTUGAL
2025-11-20 13:27:41,613 - sistema_relatorios - gerador_contrato - INFO - Colunas disponíveis: ['Nome', 'Endereço', 'Data Inicial', 'Observações', 'Data Final', 'Tipo Taxa', 'CPF', 'CNO', 'Estado Civil', 'Cidade']
2025-11-20 13:27:41,625 - sistema_relatorios - gerador_contrato - INFO - Dados do cliente 'GILMAR ALMEIDA PORTUGAL' carregados com sucesso
2025-11-20 13:27:41,633 - sistema_relatorios - gestao_medicoes - INFO - Dados do cliente carregados na aba de contrato: GILMAR ALMEIDA PORTUGAL
2025-11-20 13:27:41,633 - sistema_relatorios - gestao_medicoes - INFO - Carregando lista de fornecedores...
2025-11-20 13:27:42,832 - sistema_relatorios - gestao_medicoes - INFO - ✅ 830 fornecedores carregados
2025-11-20 13:27:48,985 - sistema_relatorios - gestao_medicoes - INFO - Buscando fornecedores com termo: e
2025-11-20 13:27:50,434 - sistema_relatorios - gestao_medicoes - INFO - ✅ 739 fornecedores encontrados
2025-11-20 13:27:50,434 - sistema_relatorios - gestao_medicoes - INFO - Buscando fornecedores com termo: er
2025-11-20 13:27:51,617 - sistema_relatorios - gestao_medicoes - INFO - ✅ 295 fornecedores encontrados
2025-11-20 13:27:51,633 - sistema_relatorios - gestao_medicoes - INFO - Buscando fornecedores com termo: eri
2025-11-20 13:27:52,833 - sistema_relatorios - gestao_medicoes - INFO - ✅ 28 fornecedores encontrados
2025-11-20 13:27:52,833 - sistema_relatorios - gestao_medicoes - INFO - Buscando fornecedores com termo: eril
2025-11-20 13:27:54,095 - sistema_relatorios - gestao_medicoes - INFO - ✅ 1 fornecedores encontrados
2025-11-20 13:27:56,017 - sistema_relatorios - gestao_medicoes - INFO - Buscando fornecedores com termo: eril
2025-11-20 13:27:57,216 - sistema_relatorios - gestao_medicoes - INFO - ✅ 1 fornecedores encontrados
2025-11-20 13:27:58,603 - sistema_relatorios - gestao_medicoes - INFO - Carregando dados do fornecedor: ERILTON NEVES RODRIGUES
2025-11-20 13:28:00,535 - sistema_relatorios - gestao_medicoes - INFO - ✅ Dados do fornecedor 'ERILTON NEVES RODRIGUES' carregados
2025-11-20 13:28:31,404 - sistema_relatorios - gestao_medicoes - INFO - 1 serviços selecionados
2025-11-20 13:28:33,991 - sistema_relatorios - gerador_contrato - INFO - Obtendo dados do cliente: GILMAR ALMEIDA PORTUGAL
2025-11-20 13:28:34,006 - sistema_relatorios - gerador_contrato - INFO - Colunas disponíveis: ['Nome', 'Endereço', 'Data Inicial', 'Observações', 'Data Final', 'Tipo Taxa', 'CPF', 'CNO', 'Estado Civil', 'Cidade']
2025-11-20 13:28:34,018 - sistema_relatorios - gerador_contrato - INFO - Dados do cliente 'GILMAR ALMEIDA PORTUGAL' carregados com sucesso
2025-11-20 13:28:34,020 - sistema_relatorios - gerador_contrato - INFO - Buscando fornecedor por nome: ERILTON NEVES RODRIGUES
2025-11-20 13:28:35,202 - sistema_relatorios - gerador_contrato - INFO - ✅ Dados do fornecedor 'ERILTON NEVES RODRIGUES' carregados
2025-11-20 13:28:35,202 - sistema_relatorios - logger_config - INFO - Iniciando: Gerar contrato
2025-11-20 13:28:35,202 - sistema_relatorios - gerador_contrato - INFO - Gerando contrato: C:\Users\Obras\sistema_gestao_testes\testes\Financeiro\Clientes\Contratos\contrato_GILMAR_ALMEIDA_PORTUGAL_2025-11-20_13-28-35.docx
2025-11-20 13:28:35,240 - sistema_relatorios - gerador_contrato - ERROR - Erro ao gerar contrato: [WinError 2] O sistema não pode encontrar o arquivo especificado
2025-11-20 13:28:35,356 - sistema_relatorios - logger_config - INFO - Concluído: Gerar contrato
2025-11-20 14:49:03,311 - sistema - logger_config - INFO - Sistema de logging inicializado
2025-11-20 14:49:03,312 - sistema_relatorios - logger_config - INFO - Usuário alterado para: sistema_relatorios
2025-11-20 14:49:03,313 - sistema_relatorios - relatorios_interface - INFO - Sistema de relatórios inicializando usando logger configurado
2025-11-20 14:49:03,314 - sistema_relatorios - relatorios_interface - INFO - Configurações de janela importadas com sucesso
2025-11-20 14:49:03,314 - sistema_relatorios - relatorios_interface - INFO - === Sistema de Relatórios Inicializando ===
2025-11-20 14:49:19,158 - sistema_relatorios - gestao_medicoes - INFO - Logger importado com sucesso em gestao_medicoes.py
2025-11-20 14:49:20,635 - sistema_relatorios - gerador_contrato - INFO - Carregando serviços de: C:\Users\Obras\sistema_gestao_testes\testes\Financeiro\Planilhas_Base\servicos_construcao.json
2025-11-20 14:49:20,656 - sistema_relatorios - gerador_contrato - INFO - Serviços carregados: 10 categorias
2025-11-20 14:49:20,664 - sistema_relatorios - gerador_contrato - INFO - Pasta de contratos verificada: C:\Users\Obras\sistema_gestao_testes\testes\Financeiro\Clientes\Contratos
2025-11-20 14:49:20,665 - sistema_relatorios - gerador_contrato - INFO - GeradorContrato inicializado com sucesso
2025-11-20 14:49:29,242 - sistema_relatorios - gerador_contrato - INFO - Obtendo dados do cliente: GILMAR ALMEIDA PORTUGAL
2025-11-20 14:49:29,242 - sistema_relatorios - gerador_contrato - INFO - Colunas disponíveis: ['Nome', 'Endereço', 'Data Inicial', 'Observações', 'Data Final', 'Tipo Taxa', 'CPF', 'CNO', 'Estado Civil', 'Cidade']
2025-11-20 14:49:29,273 - sistema_relatorios - gerador_contrato - INFO - Dados do cliente 'GILMAR ALMEIDA PORTUGAL' carregados com sucesso
2025-11-20 14:49:29,276 - sistema_relatorios - gestao_medicoes - INFO - Dados do cliente carregados na aba de contrato: GILMAR ALMEIDA PORTUGAL
2025-11-20 14:49:29,277 - sistema_relatorios - gestao_medicoes - INFO - Carregando lista de fornecedores...
2025-11-20 14:49:30,718 - sistema_relatorios - gestao_medicoes - INFO - ✅ 830 fornecedores carregados
2025-11-20 14:49:33,996 - sistema_relatorios - gestao_medicoes - INFO - Buscando fornecedores com termo: e
2025-11-20 14:49:35,406 - sistema_relatorios - gestao_medicoes - INFO - ✅ 739 fornecedores encontrados
2025-11-20 14:49:35,406 - sistema_relatorios - gestao_medicoes - INFO - Buscando fornecedores com termo: er
2025-11-20 14:49:36,706 - sistema_relatorios - gestao_medicoes - INFO - ✅ 295 fornecedores encontrados
2025-11-20 14:49:37,973 - sistema_relatorios - gestao_medicoes - INFO - Buscando fornecedores com termo: eri
2025-11-20 14:49:39,240 - sistema_relatorios - gestao_medicoes - INFO - ✅ 28 fornecedores encontrados
2025-11-20 14:49:40,123 - sistema_relatorios - gestao_medicoes - INFO - Buscando fornecedores com termo: eril
2025-11-20 14:49:41,440 - sistema_relatorios - gestao_medicoes - INFO - ✅ 1 fornecedores encontrados
2025-11-20 14:49:42,373 - sistema_relatorios - gestao_medicoes - INFO - Buscando fornecedores com termo: eril
2025-11-20 14:49:44,069 - sistema_relatorios - gestao_medicoes - INFO - ✅ 1 fornecedores encontrados
2025-11-20 14:49:45,737 - sistema_relatorios - gestao_medicoes - INFO - Carregando dados do fornecedor: ERILTON NEVES RODRIGUES
2025-11-20 14:49:47,780 - sistema_relatorios - gestao_medicoes - INFO - ✅ Dados do fornecedor 'ERILTON NEVES RODRIGUES' carregados
2025-11-20 14:50:15,905 - sistema_relatorios - gestao_medicoes - INFO - 2 serviços selecionados
2025-11-20 14:50:19,851 - sistema_relatorios - gerador_contrato - INFO - Obtendo dados do cliente: GILMAR ALMEIDA PORTUGAL
2025-11-20 14:50:19,878 - sistema_relatorios - gerador_contrato - INFO - Colunas disponíveis: ['Nome', 'Endereço', 'Data Inicial', 'Observações', 'Data Final', 'Tipo Taxa', 'CPF', 'CNO', 'Estado Civil', 'Cidade']
2025-11-20 14:50:19,881 - sistema_relatorios - gerador_contrato - INFO - Dados do cliente 'GILMAR ALMEIDA PORTUGAL' carregados com sucesso
2025-11-20 14:50:19,882 - sistema_relatorios - gerador_contrato - INFO - Buscando fornecedor por nome: ERILTON NEVES RODRIGUES
2025-11-20 14:50:21,271 - sistema_relatorios - gerador_contrato - INFO - ✅ Dados do fornecedor 'ERILTON NEVES RODRIGUES' carregados
2025-11-20 14:50:21,271 - sistema_relatorios - logger_config - INFO - Iniciando: Gerar contrato
2025-11-20 14:50:21,271 - sistema_relatorios - gerador_contrato - INFO - Gerando contrato: C:\Users\Obras\sistema_gestao_testes\testes\Financeiro\Clientes\Contratos\contrato_GILMAR_ALMEIDA_PORTUGAL_2025-11-20_14-50-21.docx
2025-11-20 14:50:22,672 - sistema_relatorios - gerador_contrato - ERROR - Erro ao executar script Node.js: node:internal/modules/cjs/loader:1424
  throw err;
  ^

Error: Cannot find module 'docx'
Require stack:
- C:\Users\Obras\AppData\Local\Temp\gerar_contrato.js
    at Module._resolveFilename (node:internal/modules/cjs/loader:1421:15)
    at defaultResolveImpl (node:internal/modules/cjs/loader:1059:19)
    at resolveForCJSWithHooks (node:internal/modules/cjs/loader:1064:22)
    at Module._load (node:internal/modules/cjs/loader:1227:37)
    at TracingChannel.traceSync (node:diagnostics_channel:328:14)
    at wrapModuleLoad (node:internal/modules/cjs/loader:245:24)
    at Module.require (node:internal/modules/cjs/loader:1504:12)
    at require (node:internal/modules/helpers:152:16)
    at Object.<anonymous> (C:\Users\Obras\AppData\Local\Temp\gerar_contrato.js:3:94)
    at Module._compile (node:internal/modules/cjs/loader:1761:14) {
  code: 'MODULE_NOT_FOUND',
  requireStack: [ 'C:\\Users\\Obras\\AppData\\Local\\Temp\\gerar_contrato.js' ]
}

Node.js v24.11.1

2025-11-20 14:50:22,697 - sistema_relatorios - logger_config - INFO - Concluído: Gerar contrato
2025-11-20 15:12:02,521 - sistema - logger_config - INFO - Sistema de logging inicializado
2025-11-20 15:12:02,522 - sistema - gestao_medicoes - INFO - Logger importado com sucesso em gestao_medicoes.py
2025-11-20 15:12:04,089 - sistema - gerador_contrato - INFO - Carregando serviços de: C:\Users\Obras\sistema_gestao_testes\testes\Financeiro\Planilhas_Base\servicos_construcao.json
2025-11-20 15:12:04,107 - sistema - gerador_contrato - INFO - Serviços carregados: 10 categorias
2025-11-20 15:12:04,111 - sistema - gerador_contrato - INFO - Pasta de contratos verificada: C:\Users\Obras\sistema_gestao_testes\testes\Financeiro\Clientes\Contratos
2025-11-20 15:12:04,111 - sistema - gerador_contrato - INFO - GeradorContrato inicializado com sucesso
2025-11-20 15:12:12,454 - sistema - gerador_contrato - INFO - Obtendo dados do cliente: GILMAR ALMEIDA PORTUGAL
2025-11-20 15:12:12,470 - sistema - gerador_contrato - INFO - Colunas disponíveis: ['Nome', 'Endereço', 'Data Inicial', 'Observações', 'Data Final', 'Tipo Taxa', 'CPF', 'CNO', 'Estado Civil', 'Cidade']
2025-11-20 15:12:12,485 - sistema - gerador_contrato - INFO - Dados do cliente 'GILMAR ALMEIDA PORTUGAL' carregados com sucesso
2025-11-20 15:12:12,488 - sistema - gestao_medicoes - INFO - Dados do cliente carregados na aba de contrato: GILMAR ALMEIDA PORTUGAL
2025-11-20 15:12:12,489 - sistema - gestao_medicoes - INFO - Carregando lista de fornecedores...
2025-11-20 15:12:13,760 - sistema - gestao_medicoes - INFO - ✅ 830 fornecedores carregados
2025-11-20 15:12:24,747 - sistema - gestao_medicoes - INFO - Carregando lista de fornecedores...
2025-11-20 15:12:26,149 - sistema - gestao_medicoes - INFO - ✅ 830 fornecedores carregados
2025-11-20 15:12:26,411 - sistema - gestao_medicoes - INFO - Buscando fornecedores com termo: e
2025-11-20 15:12:27,731 - sistema - gestao_medicoes - INFO - ✅ 739 fornecedores encontrados
2025-11-20 15:12:27,734 - sistema - gestao_medicoes - INFO - Buscando fornecedores com termo: er
2025-11-20 15:12:29,022 - sistema - gestao_medicoes - INFO - ✅ 295 fornecedores encontrados
2025-11-20 15:12:29,739 - sistema - gestao_medicoes - INFO - Buscando fornecedores com termo: eri
2025-11-20 15:12:30,987 - sistema - gestao_medicoes - INFO - ✅ 28 fornecedores encontrados
2025-11-20 15:12:30,989 - sistema - gestao_medicoes - INFO - Buscando fornecedores com termo: eril
2025-11-20 15:12:32,258 - sistema - gestao_medicoes - INFO - ✅ 1 fornecedores encontrados
2025-11-20 15:12:33,667 - sistema - gestao_medicoes - INFO - Buscando fornecedores com termo: eril
2025-11-20 15:12:35,053 - sistema - gestao_medicoes - INFO - ✅ 1 fornecedores encontrados
2025-11-20 15:12:37,748 - sistema - gestao_medicoes - INFO - Carregando dados do fornecedor: ERILTON NEVES RODRIGUES
2025-11-20 15:12:39,779 - sistema - gestao_medicoes - INFO - ✅ Dados do fornecedor 'ERILTON NEVES RODRIGUES' carregados
2025-11-20 15:13:14,851 - sistema - gestao_medicoes - INFO - 1 serviços selecionados
2025-11-20 15:13:18,515 - sistema - gerador_contrato - INFO - Obtendo dados do cliente: GILMAR ALMEIDA PORTUGAL
2025-11-20 15:13:18,530 - sistema - gerador_contrato - INFO - Colunas disponíveis: ['Nome', 'Endereço', 'Data Inicial', 'Observações', 'Data Final', 'Tipo Taxa', 'CPF', 'CNO', 'Estado Civil', 'Cidade']
2025-11-20 15:13:18,533 - sistema - gerador_contrato - INFO - Dados do cliente 'GILMAR ALMEIDA PORTUGAL' carregados com sucesso
2025-11-20 15:13:18,534 - sistema - gerador_contrato - INFO - Buscando fornecedor por nome: ERILTON NEVES RODRIGUES
2025-11-20 15:13:19,689 - sistema - gerador_contrato - INFO - ✅ Dados do fornecedor 'ERILTON NEVES RODRIGUES' carregados
2025-11-20 15:13:19,689 - sistema - logger_config - INFO - Iniciando: Gerar contrato
2025-11-20 15:13:19,692 - sistema - gerador_contrato - INFO - Gerando contrato: C:\Users\Obras\sistema_gestao_testes\testes\Financeiro\Clientes\Contratos\contrato_GILMAR_ALMEIDA_PORTUGAL_2025-11-20_15-13-19.docx
2025-11-20 15:13:21,029 - sistema - gerador_contrato - ERROR - Erro ao executar script Node.js: node:internal/modules/cjs/loader:1424
  throw err;
  ^

Error: Cannot find module 'docx'
Require stack:
- C:\Users\Obras\AppData\Local\Temp\gerar_contrato.js
    at Module._resolveFilename (node:internal/modules/cjs/loader:1421:15)
    at defaultResolveImpl (node:internal/modules/cjs/loader:1059:19)
    at resolveForCJSWithHooks (node:internal/modules/cjs/loader:1064:22)
    at Module._load (node:internal/modules/cjs/loader:1227:37)
    at TracingChannel.traceSync (node:diagnostics_channel:328:14)
    at wrapModuleLoad (node:internal/modules/cjs/loader:245:24)
    at Module.require (node:internal/modules/cjs/loader:1504:12)
    at require (node:internal/modules/helpers:152:16)
    at Object.<anonymous> (C:\Users\Obras\AppData\Local\Temp\gerar_contrato.js:3:94)
    at Module._compile (node:internal/modules/cjs/loader:1761:14) {
  code: 'MODULE_NOT_FOUND',
  requireStack: [ 'C:\\Users\\Obras\\AppData\\Local\\Temp\\gerar_contrato.js' ]
}

Node.js v24.11.1

2025-11-20 15:13:21,031 - sistema - logger_config - INFO - Concluído: Gerar contrato
2025-11-20 15:21:08,374 - sistema - logger_config - INFO - Sistema de logging inicializado
2025-11-20 15:21:08,375 - sistema - gestao_medicoes - INFO - Logger importado com sucesso em gestao_medicoes.py
2025-11-20 15:21:09,933 - sistema - gerador_contrato - INFO - Carregando serviços de: C:\Users\Obras\sistema_gestao_testes\testes\Financeiro\Planilhas_Base\servicos_construcao.json
2025-11-20 15:21:09,953 - sistema - gerador_contrato - INFO - Serviços carregados: 10 categorias
2025-11-20 15:21:09,955 - sistema - gerador_contrato - INFO - Pasta de contratos verificada: C:\Users\Obras\sistema_gestao_testes\testes\Financeiro\Clientes\Contratos
2025-11-20 15:21:09,956 - sistema - gerador_contrato - INFO - GeradorContrato inicializado com sucesso
2025-11-20 15:21:18,587 - sistema - gerador_contrato - INFO - Obtendo dados do cliente: GILMAR ALMEIDA PORTUGAL
2025-11-20 15:21:18,602 - sistema - gerador_contrato - INFO - Colunas disponíveis: ['Nome', 'Endereço', 'Data Inicial', 'Observações', 'Data Final', 'Tipo Taxa', 'CPF', 'CNO', 'Estado Civil', 'Cidade']
2025-11-20 15:21:18,618 - sistema - gerador_contrato - INFO - Dados do cliente 'GILMAR ALMEIDA PORTUGAL' carregados com sucesso
2025-11-20 15:21:18,620 - sistema - gestao_medicoes - INFO - Dados do cliente carregados na aba de contrato: GILMAR ALMEIDA PORTUGAL
2025-11-20 15:21:18,621 - sistema - gestao_medicoes - INFO - Carregando lista de fornecedores...
2025-11-20 15:21:19,892 - sistema - gestao_medicoes - INFO - ✅ 830 fornecedores carregados
2025-11-20 15:21:24,138 - sistema - gestao_medicoes - INFO - Buscando fornecedores com termo: e
2025-11-20 15:21:25,387 - sistema - gestao_medicoes - INFO - ✅ 739 fornecedores encontrados
2025-11-20 15:21:27,161 - sistema - gestao_medicoes - INFO - Buscando fornecedores com termo: er
2025-11-20 15:21:28,424 - sistema - gestao_medicoes - INFO - ✅ 295 fornecedores encontrados
2025-11-20 15:21:29,145 - sistema - gestao_medicoes - INFO - Buscando fornecedores com termo: eri
2025-11-20 15:21:30,351 - sistema - gestao_medicoes - INFO - ✅ 28 fornecedores encontrados
2025-11-20 15:21:30,594 - sistema - gestao_medicoes - INFO - Buscando fornecedores com termo: eril
2025-11-20 15:21:31,768 - sistema - gestao_medicoes - INFO - ✅ 1 fornecedores encontrados
2025-11-20 15:21:33,177 - sistema - gestao_medicoes - INFO - Buscando fornecedores com termo: eril
2025-11-20 15:21:34,469 - sistema - gestao_medicoes - INFO - ✅ 1 fornecedores encontrados
2025-11-20 15:21:36,203 - sistema - gestao_medicoes - INFO - Carregando dados do fornecedor: ERILTON NEVES RODRIGUES
2025-11-20 15:21:38,355 - sistema - gestao_medicoes - INFO - ✅ Dados do fornecedor 'ERILTON NEVES RODRIGUES' carregados
2025-11-20 15:22:06,793 - sistema - gestao_medicoes - INFO - 1 serviços selecionados
2025-11-20 15:22:08,305 - sistema - gerador_contrato - INFO - Obtendo dados do cliente: GILMAR ALMEIDA PORTUGAL
2025-11-20 15:22:08,323 - sistema - gerador_contrato - INFO - Colunas disponíveis: ['Nome', 'Endereço', 'Data Inicial', 'Observações', 'Data Final', 'Tipo Taxa', 'CPF', 'CNO', 'Estado Civil', 'Cidade']
2025-11-20 15:22:08,326 - sistema - gerador_contrato - INFO - Dados do cliente 'GILMAR ALMEIDA PORTUGAL' carregados com sucesso
2025-11-20 15:22:08,327 - sistema - gerador_contrato - INFO - Buscando fornecedor por nome: ERILTON NEVES RODRIGUES
2025-11-20 15:22:09,442 - sistema - gerador_contrato - INFO - ✅ Dados do fornecedor 'ERILTON NEVES RODRIGUES' carregados
2025-11-20 15:22:09,443 - sistema - logger_config - INFO - Iniciando: Gerar contrato
2025-11-20 15:22:09,446 - sistema - gerador_contrato - INFO - Gerando contrato: C:\Users\Obras\sistema_gestao_testes\testes\Financeiro\Clientes\Contratos\contrato_GILMAR_ALMEIDA_PORTUGAL_2025-11-20_15-22-09.docx
2025-11-20 15:22:10,729 - sistema - gerador_contrato - ERROR - Erro ao executar script Node.js: node:internal/modules/cjs/loader:1424
  throw err;
  ^

Error: Cannot find module 'docx'
Require stack:
- C:\Users\Obras\AppData\Local\Temp\gerar_contrato.js
    at Module._resolveFilename (node:internal/modules/cjs/loader:1421:15)
    at defaultResolveImpl (node:internal/modules/cjs/loader:1059:19)
    at resolveForCJSWithHooks (node:internal/modules/cjs/loader:1064:22)
    at Module._load (node:internal/modules/cjs/loader:1227:37)
    at TracingChannel.traceSync (node:diagnostics_channel:328:14)
    at wrapModuleLoad (node:internal/modules/cjs/loader:245:24)
    at Module.require (node:internal/modules/cjs/loader:1504:12)
    at require (node:internal/modules/helpers:152:16)
    at Object.<anonymous> (C:\Users\Obras\AppData\Local\Temp\gerar_contrato.js:3:94)
    at Module._compile (node:internal/modules/cjs/loader:1761:14) {
  code: 'MODULE_NOT_FOUND',
  requireStack: [ 'C:\\Users\\Obras\\AppData\\Local\\Temp\\gerar_contrato.js' ]
}

Node.js v24.11.1

2025-11-20 15:22:10,732 - sistema - logger_config - INFO - Concluído: Gerar contrato
2025-11-20 15:40:47,426 - sistema - logger_config - INFO - Sistema de logging inicializado
2025-11-20 15:40:47,427 - sistema - gestao_medicoes - INFO - Logger importado com sucesso em gestao_medicoes.py
2025-11-20 15:40:48,831 - sistema - gerador_contrato - INFO - Carregando serviços de: C:\Users\Obras\sistema_gestao_testes\testes\Financeiro\Planilhas_Base\servicos_construcao.json
2025-11-20 15:40:48,848 - sistema - gerador_contrato - INFO - Serviços carregados: 10 categorias
2025-11-20 15:40:48,850 - sistema - gerador_contrato - INFO - Pasta de contratos verificada: C:\Users\Obras\sistema_gestao_testes\testes\Financeiro\Clientes\Contratos
2025-11-20 15:40:48,850 - sistema - gerador_contrato - INFO - GeradorContrato inicializado com sucesso
2025-11-20 15:40:56,997 - sistema - gerador_contrato - INFO - Obtendo dados do cliente: GILMAR ALMEIDA PORTUGAL
2025-11-20 15:40:57,015 - sistema - gerador_contrato - INFO - Colunas disponíveis: ['Nome', 'Endereço', 'Data Inicial', 'Observações', 'Data Final', 'Tipo Taxa', 'CPF', 'CNO', 'Estado Civil', 'Cidade']
2025-11-20 15:40:57,031 - sistema - gerador_contrato - INFO - Dados do cliente 'GILMAR ALMEIDA PORTUGAL' carregados com sucesso
2025-11-20 15:40:57,034 - sistema - gestao_medicoes - INFO - Dados do cliente carregados na aba de contrato: GILMAR ALMEIDA PORTUGAL
2025-11-20 15:40:57,035 - sistema - gestao_medicoes - INFO - Carregando lista de fornecedores...
2025-11-20 15:40:58,310 - sistema - gestao_medicoes - INFO - ✅ 830 fornecedores carregados
2025-11-20 15:41:01,993 - sistema - gestao_medicoes - INFO - Buscando fornecedores com termo: e
2025-11-20 15:41:03,227 - sistema - gestao_medicoes - INFO - ✅ 739 fornecedores encontrados
2025-11-20 15:41:03,729 - sistema - gestao_medicoes - INFO - Buscando fornecedores com termo: er
2025-11-20 15:41:05,019 - sistema - gestao_medicoes - INFO - ✅ 295 fornecedores encontrados
2025-11-20 15:41:05,169 - sistema - gestao_medicoes - INFO - Buscando fornecedores com termo: eri
2025-11-20 15:41:06,337 - sistema - gestao_medicoes - INFO - ✅ 28 fornecedores encontrados
2025-11-20 15:41:06,577 - sistema - gestao_medicoes - INFO - Buscando fornecedores com termo: eril
2025-11-20 15:41:07,753 - sistema - gestao_medicoes - INFO - ✅ 1 fornecedores encontrados
2025-11-20 15:41:08,073 - sistema - gestao_medicoes - INFO - Buscando fornecedores com termo: eril
2025-11-20 15:41:09,379 - sistema - gestao_medicoes - INFO - ✅ 1 fornecedores encontrados
2025-11-20 15:41:10,874 - sistema - gestao_medicoes - INFO - Carregando dados do fornecedor: ERILTON NEVES RODRIGUES
2025-11-20 15:41:12,869 - sistema - gestao_medicoes - INFO - ✅ Dados do fornecedor 'ERILTON NEVES RODRIGUES' carregados
2025-11-20 15:41:45,248 - sistema - gestao_medicoes - INFO - 1 serviços selecionados
2025-11-20 15:41:46,688 - sistema - gerador_contrato - INFO - Obtendo dados do cliente: GILMAR ALMEIDA PORTUGAL
2025-11-20 15:41:46,706 - sistema - gerador_contrato - INFO - Colunas disponíveis: ['Nome', 'Endereço', 'Data Inicial', 'Observações', 'Data Final', 'Tipo Taxa', 'CPF', 'CNO', 'Estado Civil', 'Cidade']
2025-11-20 15:41:46,708 - sistema - gerador_contrato - INFO - Dados do cliente 'GILMAR ALMEIDA PORTUGAL' carregados com sucesso
2025-11-20 15:41:46,709 - sistema - gerador_contrato - INFO - Buscando fornecedor por nome: ERILTON NEVES RODRIGUES
2025-11-20 15:41:47,824 - sistema - gerador_contrato - INFO - ✅ Dados do fornecedor 'ERILTON NEVES RODRIGUES' carregados
2025-11-20 15:41:47,825 - sistema - logger_config - INFO - Iniciando: Gerar contrato
2025-11-20 15:41:47,828 - sistema - gerador_contrato - INFO - Gerando contrato: C:\Users\Obras\sistema_gestao_testes\testes\Financeiro\Clientes\Contratos\contrato_GILMAR_ALMEIDA_PORTUGAL_2025-11-20_15-41-47.docx
2025-11-20 15:41:48,267 - sistema - gerador_contrato - ERROR - Erro ao executar script Node.js: node:internal/modules/cjs/loader:1424
  throw err;
  ^

Error: Cannot find module 'docx'
Require stack:
- C:\Users\Obras\AppData\Local\Temp\gerar_contrato.js
    at Module._resolveFilename (node:internal/modules/cjs/loader:1421:15)
    at defaultResolveImpl (node:internal/modules/cjs/loader:1059:19)
    at resolveForCJSWithHooks (node:internal/modules/cjs/loader:1064:22)
    at Module._load (node:internal/modules/cjs/loader:1227:37)
    at TracingChannel.traceSync (node:diagnostics_channel:328:14)
    at wrapModuleLoad (node:internal/modules/cjs/loader:245:24)
    at Module.require (node:internal/modules/cjs/loader:1504:12)
    at require (node:internal/modules/helpers:152:16)
    at Object.<anonymous> (C:\Users\Obras\AppData\Local\Temp\gerar_contrato.js:3:94)
    at Module._compile (node:internal/modules/cjs/loader:1761:14) {
  code: 'MODULE_NOT_FOUND',
  requireStack: [ 'C:\\Users\\Obras\\AppData\\Local\\Temp\\gerar_contrato.js' ]
}

Node.js v24.11.1

2025-11-20 15:41:48,270 - sistema - logger_config - INFO - Concluído: Gerar contrato
2025-11-20 15:47:52,509 - sistema - logger_config - INFO - Sistema de logging inicializado
2025-11-20 15:47:52,510 - sistema - gestao_medicoes - INFO - Logger importado com sucesso em gestao_medicoes.py
2025-11-20 15:47:53,849 - sistema - gerador_contrato - INFO - Carregando serviços de: C:\Users\Obras\sistema_gestao_testes\testes\Financeiro\Planilhas_Base\servicos_construcao.json
2025-11-20 15:47:53,850 - sistema - gerador_contrato - INFO - Serviços carregados: 10 categorias
2025-11-20 15:47:53,851 - sistema - gerador_contrato - INFO - Pasta de contratos verificada: C:\Users\Obras\sistema_gestao_testes\testes\Financeiro\Clientes\Contratos
2025-11-20 15:47:53,871 - sistema - gerador_contrato - INFO - Node.js encontrado em: C:\Program Files\nodejs\node.EXE
2025-11-20 15:47:53,871 - sistema - gerador_contrato - INFO - GeradorContrato inicializado com sucesso
2025-11-20 15:48:01,310 - sistema - gerador_contrato - INFO - Obtendo dados do cliente: GILMAR ALMEIDA PORTUGAL
2025-11-20 15:48:01,327 - sistema - gerador_contrato - INFO - Colunas disponíveis: ['Nome', 'Endereço', 'Data Inicial', 'Observações', 'Data Final', 'Tipo Taxa', 'CPF', 'CNO', 'Estado Civil', 'Cidade']
2025-11-20 15:48:01,332 - sistema - gerador_contrato - INFO - Dados do cliente 'GILMAR ALMEIDA PORTUGAL' carregados com sucesso
2025-11-20 15:48:01,334 - sistema - gestao_medicoes - INFO - Dados do cliente carregados na aba de contrato: GILMAR ALMEIDA PORTUGAL
2025-11-20 15:48:01,335 - sistema - gestao_medicoes - INFO - Carregando lista de fornecedores...
2025-11-20 15:48:02,585 - sistema - gestao_medicoes - INFO - ✅ 830 fornecedores carregados
2025-11-20 15:48:09,308 - sistema - gestao_medicoes - INFO - Buscando fornecedores com termo: e
2025-11-20 15:48:10,547 - sistema - gestao_medicoes - INFO - ✅ 739 fornecedores encontrados
2025-11-20 15:48:10,588 - sistema - gestao_medicoes - INFO - Buscando fornecedores com termo: er
2025-11-20 15:48:11,845 - sistema - gestao_medicoes - INFO - ✅ 295 fornecedores encontrados
2025-11-20 15:48:11,852 - sistema - gestao_medicoes - INFO - Buscando fornecedores com termo: eri
2025-11-20 15:48:13,096 - sistema - gestao_medicoes - INFO - ✅ 28 fornecedores encontrados
2025-11-20 15:48:13,098 - sistema - gestao_medicoes - INFO - Buscando fornecedores com termo: eril
2025-11-20 15:48:14,314 - sistema - gestao_medicoes - INFO - ✅ 1 fornecedores encontrados
2025-11-20 15:48:15,404 - sistema - gestao_medicoes - INFO - Buscando fornecedores com termo: eril
2025-11-20 15:48:16,700 - sistema - gestao_medicoes - INFO - ✅ 1 fornecedores encontrados
2025-11-20 15:48:18,158 - sistema - gestao_medicoes - INFO - Carregando dados do fornecedor: ERILTON NEVES RODRIGUES
2025-11-20 15:48:20,080 - sistema - gestao_medicoes - INFO - ✅ Dados do fornecedor 'ERILTON NEVES RODRIGUES' carregados
2025-11-20 15:48:50,076 - sistema - gestao_medicoes - INFO - 1 serviços selecionados
2025-11-20 15:48:53,492 - sistema - gerador_contrato - INFO - Obtendo dados do cliente: GILMAR ALMEIDA PORTUGAL
2025-11-20 15:48:53,509 - sistema - gerador_contrato - INFO - Colunas disponíveis: ['Nome', 'Endereço', 'Data Inicial', 'Observações', 'Data Final', 'Tipo Taxa', 'CPF', 'CNO', 'Estado Civil', 'Cidade']
2025-11-20 15:48:53,512 - sistema - gerador_contrato - INFO - Dados do cliente 'GILMAR ALMEIDA PORTUGAL' carregados com sucesso
2025-11-20 15:48:53,514 - sistema - gerador_contrato - INFO - Buscando fornecedor por nome: ERILTON NEVES RODRIGUES
2025-11-20 15:48:54,613 - sistema - gerador_contrato - INFO - ✅ Dados do fornecedor 'ERILTON NEVES RODRIGUES' carregados
2025-11-20 15:48:54,614 - sistema - logger_config - INFO - Iniciando: Gerar contrato
2025-11-20 15:48:54,616 - sistema - gerador_contrato - INFO - Gerando contrato: C:\Users\Obras\sistema_gestao_testes\testes\Financeiro\Clientes\Contratos\contrato_GILMAR_ALMEIDA_PORTUGAL_2025-11-20_15-48-54.docx
2025-11-20 15:48:54,619 - sistema - gerador_contrato - INFO - Executando Node.js: node
2025-11-20 15:48:54,906 - sistema - gerador_contrato - INFO - Contrato gerado com sucesso: C:\Users\Obras\sistema_gestao_testes\testes\Financeiro\Clientes\Contratos\contrato_GILMAR_ALMEIDA_PORTUGAL_2025-11-20_15-48-54.docx
2025-11-20 15:48:54,906 - sistema - logger_config - INFO - Concluído: Gerar contrato
2025-11-20 15:49:07,936 - sistema - gestao_medicoes - INFO - Pasta de contratos aberta: C:\Users\Obras\sistema_gestao_testes\testes\Financeiro\Clientes\Contratos
2025-11-20 16:08:53,790 - sistema - gerador_contrato - INFO - Obtendo dados do cliente: GILMAR ALMEIDA PORTUGAL
2025-11-20 16:08:53,868 - sistema - gerador_contrato - INFO - Colunas disponíveis: ['Nome', 'Endereço', 'Data Inicial', 'Observações', 'Data Final', 'Tipo Taxa', 'CPF', 'CNO', 'Estado Civil', 'Cidade']
2025-11-20 16:08:53,872 - sistema - gerador_contrato - INFO - Dados do cliente 'GILMAR ALMEIDA PORTUGAL' carregados com sucesso
2025-11-20 16:08:53,872 - sistema - gerador_contrato - INFO - Buscando fornecedor por nome: ERILTON NEVES RODRIGUES
2025-11-20 16:08:55,318 - sistema - gerador_contrato - INFO - ✅ Dados do fornecedor 'ERILTON NEVES RODRIGUES' carregados
2025-11-20 16:08:55,319 - sistema - logger_config - INFO - Iniciando: Gerar contrato
2025-11-20 16:08:55,320 - sistema - gerador_contrato - INFO - Gerando contrato: C:\Users\Obras\sistema_gestao_testes\testes\Financeiro\Clientes\Contratos\contrato_GILMAR_ALMEIDA_PORTUGAL_2025-11-20_16-08-55.docx
2025-11-20 16:08:55,322 - sistema - gerador_contrato - INFO - Executando Node.js: node
2025-11-20 16:08:55,773 - sistema - gerador_contrato - INFO - Contrato gerado com sucesso: C:\Users\Obras\sistema_gestao_testes\testes\Financeiro\Clientes\Contratos\contrato_GILMAR_ALMEIDA_PORTUGAL_2025-11-20_16-08-55.docx
2025-11-20 16:08:55,774 - sistema - logger_config - INFO - Concluído: Gerar contrato
2025-11-20 16:09:03,034 - sistema - gestao_medicoes - INFO - Pasta de contratos aberta: C:\Users\Obras\sistema_gestao_testes\testes\Financeiro\Clientes\Contratos
2025-11-20 16:20:46,114 - sistema - gestao_medicoes - INFO - Pasta de contratos aberta: C:\Users\Obras\sistema_gestao_testes\testes\Financeiro\Clientes\Contratos
2025-11-20 16:30:03,642 - sistema - logger_config - INFO - Sistema de logging inicializado
2025-11-20 16:30:03,643 - sistema - gestao_medicoes - INFO - Logger importado com sucesso em gestao_medicoes.py
2025-11-20 16:30:05,026 - sistema - gerador_contrato - INFO - Carregando serviços de: C:\Users\Obras\sistema_gestao_testes\testes\Financeiro\Planilhas_Base\servicos_construcao.json
2025-11-20 16:30:05,028 - sistema - gerador_contrato - INFO - Serviços carregados: 10 categorias
2025-11-20 16:30:05,029 - sistema - gerador_contrato - INFO - Pasta de contratos verificada: C:\Users\Obras\sistema_gestao_testes\testes\Financeiro\Clientes\Contratos
2025-11-20 16:30:05,047 - sistema - gerador_contrato - INFO - Node.js encontrado em: C:\Program Files\nodejs\node.EXE
2025-11-20 16:30:05,048 - sistema - gerador_contrato - INFO - GeradorContrato inicializado com sucesso
2025-11-20 16:35:20,952 - sistema - logger_config - INFO - Sistema de logging inicializado
2025-11-20 16:35:20,953 - sistema - gestao_medicoes - INFO - Logger importado com sucesso em gestao_medicoes.py
2025-11-20 16:35:22,110 - sistema - gerador_contrato - INFO - Carregando serviços de: C:\Users\Obras\sistema_gestao_testes\testes\Financeiro\Planilhas_Base\servicos_construcao.json
2025-11-20 16:35:22,112 - sistema - gerador_contrato - INFO - Serviços carregados: 10 categorias
2025-11-20 16:35:22,113 - sistema - gerador_contrato - INFO - Pasta de contratos verificada: C:\Users\Obras\sistema_gestao_testes\testes\Financeiro\Clientes\Contratos
2025-11-20 16:35:22,134 - sistema - gerador_contrato - INFO - Node.js encontrado em: C:\Program Files\nodejs\node.EXE
2025-11-20 16:35:22,135 - sistema - gerador_contrato - INFO - GeradorContrato inicializado com sucesso
2025-11-20 16:35:30,715 - sistema - gerador_contrato - INFO - Obtendo dados do cliente: GILMAR ALMEIDA PORTUGAL
2025-11-20 16:35:30,730 - sistema - gerador_contrato - INFO - Colunas disponíveis: ['Nome', 'Endereço', 'Data Inicial', 'Observações', 'Data Final', 'Tipo Taxa', 'CPF', 'CNO', 'Estado Civil', 'Cidade']
2025-11-20 16:35:30,748 - sistema - gerador_contrato - INFO - Dados do cliente 'GILMAR ALMEIDA PORTUGAL' carregados com sucesso
2025-11-20 16:35:30,750 - sistema - gestao_medicoes - INFO - Dados do cliente carregados na aba de contrato: GILMAR ALMEIDA PORTUGAL
2025-11-20 16:35:30,751 - sistema - gestao_medicoes - INFO - Carregando lista de fornecedores...
2025-11-20 16:35:31,945 - sistema - gestao_medicoes - INFO - ✅ 830 fornecedores carregados
2025-11-20 16:35:36,862 - sistema - gestao_medicoes - INFO - Buscando fornecedores com termo: e
2025-11-20 16:35:38,024 - sistema - gestao_medicoes - INFO - ✅ 739 fornecedores encontrados
2025-11-20 16:35:38,494 - sistema - gestao_medicoes - INFO - Buscando fornecedores com termo: er
2025-11-20 16:35:39,702 - sistema - gestao_medicoes - INFO - ✅ 295 fornecedores encontrados
2025-11-20 16:35:39,704 - sistema - gestao_medicoes - INFO - Buscando fornecedores com termo: eri
2025-11-20 16:35:40,832 - sistema - gestao_medicoes - INFO - ✅ 28 fornecedores encontrados
2025-11-20 16:35:41,374 - sistema - gestao_medicoes - INFO - Buscando fornecedores com termo: eril
2025-11-20 16:35:42,525 - sistema - gestao_medicoes - INFO - ✅ 1 fornecedores encontrados
2025-11-20 16:35:43,014 - sistema - gestao_medicoes - INFO - Buscando fornecedores com termo: eril
2025-11-20 16:35:44,247 - sistema - gestao_medicoes - INFO - ✅ 1 fornecedores encontrados
2025-11-20 16:38:32,540 - sistema - gestao_medicoes - INFO - Buscando fornecedores com termo: p
2025-11-20 16:38:33,758 - sistema - gestao_medicoes - INFO - ✅ 263 fornecedores encontrados
2025-11-20 16:38:33,760 - sistema - gestao_medicoes - INFO - Buscando fornecedores com termo: pa
2025-11-20 16:38:34,894 - sistema - gestao_medicoes - INFO - ✅ 73 fornecedores encontrados
2025-11-20 16:38:34,896 - sistema - gestao_medicoes - INFO - Buscando fornecedores com termo: pau
2025-11-20 16:38:36,181 - sistema - gestao_medicoes - INFO - ✅ 14 fornecedores encontrados
2025-11-20 16:38:37,988 - sistema - gestao_medicoes - INFO - Buscando fornecedores com termo: paul
2025-11-20 16:38:39,192 - sistema - gestao_medicoes - INFO - ✅ 14 fornecedores encontrados
2025-11-20 16:38:40,140 - sistema - gestao_medicoes - INFO - Buscando fornecedores com termo: paul
2025-11-20 16:38:41,330 - sistema - gestao_medicoes - INFO - ✅ 14 fornecedores encontrados
2025-11-20 16:38:59,532 - sistema - gestao_medicoes - INFO - Carregando lista de fornecedores...
2025-11-20 16:39:00,730 - sistema - gestao_medicoes - INFO - ✅ 830 fornecedores carregados
2025-11-20 16:39:00,731 - sistema - gestao_medicoes - INFO - Carregando lista de fornecedores...
2025-11-20 16:39:01,906 - sistema - gestao_medicoes - INFO - ✅ 830 fornecedores carregados
2025-11-20 16:39:21,972 - sistema - gestao_medicoes - INFO - Buscando fornecedores com termo: paul
2025-11-20 16:39:23,210 - sistema - gestao_medicoes - INFO - ✅ 14 fornecedores encontrados
2025-11-20 16:39:44,692 - sistema - gestao_medicoes - INFO - Buscando fornecedores com termo: a
2025-11-20 16:39:45,889 - sistema - gestao_medicoes - INFO - ✅ 809 fornecedores encontrados
2025-11-20 16:39:46,196 - sistema - gestao_medicoes - INFO - Buscando fornecedores com termo: al
2025-11-20 16:39:47,315 - sistema - gestao_medicoes - INFO - ✅ 194 fornecedores encontrados
2025-11-20 16:39:47,317 - sistema - gestao_medicoes - INFO - Buscando fornecedores com termo: ali
2025-11-20 16:39:48,484 - sistema - gestao_medicoes - INFO - ✅ 12 fornecedores encontrados
2025-11-20 16:39:50,460 - sistema - gestao_medicoes - INFO - Buscando fornecedores com termo: alis
2025-11-20 16:39:51,676 - sistema - gestao_medicoes - INFO - ✅ 2 fornecedores encontrados
2025-11-20 16:39:52,372 - sistema - gestao_medicoes - INFO - Buscando fornecedores com termo: alis
2025-11-20 16:39:53,585 - sistema - gestao_medicoes - INFO - ✅ 2 fornecedores encontrados
2025-11-20 16:39:58,837 - sistema - gestao_medicoes - INFO - Carregando dados do fornecedor: ALISON FRANCISCO LEITE
2025-11-20 16:39:59,965 - sistema - gestao_medicoes - WARNING - Fornecedor 'ALISON FRANCISCO LEITE' sem endereço cadastrado
2025-11-20 16:40:00,694 - sistema - gestao_medicoes - INFO - ✅ Dados do fornecedor 'ALISON FRANCISCO LEITE' carregados
2025-11-20 16:40:37,024 - sistema - gestao_medicoes - INFO - Prazo calculado: 79 dias úteis
2025-11-20 16:43:55,505 - sistema - gestao_medicoes - INFO - 1 serviços selecionados
2025-11-20 16:44:07,249 - sistema - gerador_contrato - INFO - Obtendo dados do cliente: GILMAR ALMEIDA PORTUGAL
2025-11-20 16:44:07,265 - sistema - gerador_contrato - INFO - Colunas disponíveis: ['Nome', 'Endereço', 'Data Inicial', 'Observações', 'Data Final', 'Tipo Taxa', 'CPF', 'CNO', 'Estado Civil', 'Cidade']
2025-11-20 16:44:07,268 - sistema - gerador_contrato - INFO - Dados do cliente 'GILMAR ALMEIDA PORTUGAL' carregados com sucesso
2025-11-20 16:44:07,268 - sistema - gerador_contrato - INFO - Buscando fornecedor por nome: ALISON FRANCISCO LEITE
2025-11-20 16:44:08,485 - sistema - gerador_contrato - INFO - ✅ Dados do fornecedor 'ALISON FRANCISCO LEITE' carregados
2025-11-20 16:44:08,485 - sistema - logger_config - INFO - Iniciando: Gerar contrato
2025-11-20 16:44:08,486 - sistema - gerador_contrato - WARNING - Campos vazios (serão preenchidos com valor padrão): fornecedor_endereco
2025-11-20 16:44:08,489 - sistema - gerador_contrato - INFO - Gerando contrato: C:\Users\Obras\sistema_gestao_testes\testes\Financeiro\Clientes\Contratos\contrato_GILMAR_ALMEIDA_PORTUGAL_2025-08-04.docx
2025-11-20 16:44:08,492 - sistema - gerador_contrato - INFO - Executando Node.js: node
2025-11-20 16:44:08,854 - sistema - gerador_contrato - INFO - Contrato gerado com sucesso: C:\Users\Obras\sistema_gestao_testes\testes\Financeiro\Clientes\Contratos\contrato_GILMAR_ALMEIDA_PORTUGAL_2025-08-04.docx
2025-11-20 16:44:08,854 - sistema - logger_config - INFO - Concluído: Gerar contrato
2025-11-20 16:44:12,605 - sistema - gestao_medicoes - INFO - Pasta de contratos aberta: C:\Users\Obras\sistema_gestao_testes\testes\Financeiro\Clientes\Contratos
2025-11-20 16:58:47,931 - sistema - logger_config - INFO - Sistema de logging inicializado
2025-11-20 16:58:47,932 - sistema - gestao_medicoes - INFO - Logger importado com sucesso em gestao_medicoes.py
2025-11-20 16:58:49,298 - sistema - gerador_contrato - INFO - Carregando serviços de: C:\Users\Obras\sistema_gestao_testes\testes\Financeiro\Planilhas_Base\servicos_construcao.json
2025-11-20 16:58:49,300 - sistema - gerador_contrato - INFO - Serviços carregados: 10 categorias
2025-11-20 16:58:49,301 - sistema - gerador_contrato - INFO - Pasta de contratos verificada: C:\Users\Obras\sistema_gestao_testes\testes\Financeiro\Clientes\Contratos
2025-11-20 16:58:49,321 - sistema - gerador_contrato - INFO - Node.js encontrado em: C:\Program Files\nodejs\node.EXE
2025-11-20 16:58:49,322 - sistema - gerador_contrato - INFO - GeradorContrato inicializado com sucesso
2025-11-20 16:58:58,251 - sistema - gerador_contrato - INFO - Obtendo dados do cliente: GILMAR ALMEIDA PORTUGAL
2025-11-20 16:58:58,271 - sistema - gerador_contrato - INFO - Colunas disponíveis: ['Nome', 'Endereço', 'Data Inicial', 'Observações', 'Data Final', 'Tipo Taxa', 'CPF', 'CNO', 'Estado Civil', 'Cidade']
2025-11-20 16:58:58,287 - sistema - gerador_contrato - INFO - Dados do cliente 'GILMAR ALMEIDA PORTUGAL' carregados com sucesso
2025-11-20 16:58:58,289 - sistema - gestao_medicoes - INFO - Dados do cliente carregados na aba de contrato: GILMAR ALMEIDA PORTUGAL
2025-11-20 16:58:58,289 - sistema - gestao_medicoes - INFO - Carregando lista de fornecedores...
2025-11-20 16:58:59,453 - sistema - gestao_medicoes - INFO - ✅ 830 fornecedores carregados
2025-11-20 16:59:04,736 - sistema - gestao_medicoes - INFO - Buscando fornecedores com termo: e
2025-11-20 16:59:05,873 - sistema - gestao_medicoes - INFO - ✅ 739 fornecedores encontrados
2025-11-20 16:59:05,875 - sistema - gestao_medicoes - INFO - Buscando fornecedores com termo: er
2025-11-20 16:59:07,044 - sistema - gestao_medicoes - INFO - ✅ 295 fornecedores encontrados
2025-11-20 16:59:07,751 - sistema - gestao_medicoes - INFO - Buscando fornecedores com termo: eri
2025-11-20 16:59:08,851 - sistema - gestao_medicoes - INFO - ✅ 28 fornecedores encontrados
2025-11-20 16:59:08,853 - sistema - gestao_medicoes - INFO - Buscando fornecedores com termo: eril
2025-11-20 16:59:09,984 - sistema - gestao_medicoes - INFO - ✅ 1 fornecedores encontrados
2025-11-20 16:59:10,336 - sistema - gestao_medicoes - INFO - Buscando fornecedores com termo: eril
2025-11-20 16:59:11,547 - sistema - gestao_medicoes - INFO - ✅ 1 fornecedores encontrados
2025-11-20 16:59:12,889 - sistema - gestao_medicoes - INFO - Carregando dados do fornecedor: ERILTON NEVES RODRIGUES
2025-11-20 16:59:14,743 - sistema - gestao_medicoes - INFO - ✅ Dados do fornecedor 'ERILTON NEVES RODRIGUES' carregados
2025-11-20 16:59:19,640 - sistema - gestao_medicoes - INFO - Data do Contrato/Início sincronizadas: 2025-08-04
2025-11-20 16:59:22,570 - sistema - gestao_medicoes - INFO - Data Fim calculada: 2025-08-11 (6 dias úteis)
2025-11-20 16:59:22,800 - sistema - gestao_medicoes - INFO - Data Fim calculada: 2025-10-31 (65 dias úteis)
2025-11-20 16:59:39,320 - sistema - gestao_medicoes - INFO - Data Fim calculada: 2025-10-31 (65 dias úteis)
2025-11-20 17:00:01,663 - sistema - gestao_medicoes - INFO - 1 serviços selecionados
2025-11-20 17:00:11,571 - sistema - gestao_medicoes - INFO - Prazo calculado: 65 dias úteis
2025-11-20 17:03:22,555 - sistema - gestao_medicoes - INFO - Prazo calculado: 65 dias úteis
2025-11-20 17:03:26,165 - sistema - gerador_contrato - INFO - Obtendo dados do cliente: GILMAR ALMEIDA PORTUGAL
2025-11-20 17:03:26,182 - sistema - gerador_contrato - INFO - Colunas disponíveis: ['Nome', 'Endereço', 'Data Inicial', 'Observações', 'Data Final', 'Tipo Taxa', 'CPF', 'CNO', 'Estado Civil', 'Cidade']
2025-11-20 17:03:26,184 - sistema - gerador_contrato - INFO - Dados do cliente 'GILMAR ALMEIDA PORTUGAL' carregados com sucesso
2025-11-20 17:03:26,184 - sistema - gerador_contrato - INFO - Buscando fornecedor por nome: ERILTON NEVES RODRIGUES
2025-11-20 17:03:27,246 - sistema - gerador_contrato - INFO - ✅ Dados do fornecedor 'ERILTON NEVES RODRIGUES' carregados
2025-11-20 17:03:27,247 - sistema - logger_config - INFO - Iniciando: Gerar contrato
2025-11-20 17:03:27,250 - sistema - gerador_contrato - INFO - Valor formatado: R$ 555.000,00 (quinhentos e cinquenta e cinco mil reais)
2025-11-20 17:03:27,250 - sistema - gerador_contrato - INFO - Multa formatada: R$ 4.000,00 (quatro mil reais)
2025-11-20 17:03:27,251 - sistema - gerador_contrato - INFO - Gerando contrato: C:\Users\Obras\sistema_gestao_testes\testes\Financeiro\Clientes\Contratos\contrato_GILMAR_ALMEIDA_PORTUGAL_2025-08-04.docx
2025-11-20 17:03:27,256 - sistema - gerador_contrato - INFO - Executando Node.js: node
2025-11-20 17:03:27,634 - sistema - gerador_contrato - INFO - Contrato gerado com sucesso: C:\Users\Obras\sistema_gestao_testes\testes\Financeiro\Clientes\Contratos\contrato_GILMAR_ALMEIDA_PORTUGAL_2025-08-04.docx
2025-11-20 17:03:27,635 - sistema - logger_config - INFO - Concluído: Gerar contrato
2025-11-20 17:03:31,024 - sistema - gestao_medicoes - INFO - Pasta de contratos aberta: C:\Users\Obras\sistema_gestao_testes\testes\Financeiro\Clientes\Contratos
