2025-11-15 11:10:54,451 - sistema - logger_config - INFO - Sistema de logging inicializado
2025-11-15 11:10:54,452 - sistema_relatorios - logger_config - INFO - Usuário alterado para: sistema_relatorios
2025-11-15 11:10:54,452 - sistema_relatorios - relatorios_interface - INFO - Sistema de relatórios inicializando usando logger configurado
2025-11-15 11:10:54,453 - sistema_relatorios - relatorios_interface - INFO - Configurações de janela importadas com sucesso
2025-11-15 11:10:54,453 - sistema_relatorios - relatorios_interface - INFO - === Sistema de Relatórios Inicializando ===
2025-11-15 11:11:09,053 - sistema_relatorios - relatorios_interface - INFO - Carregando clientes de: C:\Users\Obras\sistema_gestao_testes\testes\Financeiro\Planilhas_Base\clientes.xlsx
2025-11-15 11:11:09,136 - sistema_relatorios - relatorios_interface - INFO - Colunas disponíveis: ['Nome', 'Endereço', 'Data Inicial', 'Observações', 'Data Final', 'Tipo Taxa']
2025-11-15 11:11:09,136 - sistema_relatorios - relatorios_interface - INFO - Coluna de status: Data Final
2025-11-15 11:11:09,151 - sistema_relatorios - relatorios_interface - INFO - Coluna de nome: Nome
2025-11-15 11:11:09,151 - sistema_relatorios - relatorios_interface - INFO - Total de clientes ativos encontrados: 14
2025-11-15 11:11:09,168 - sistema_relatorios - relatorios_interface - INFO - Lista de clientes atualizada com 15 clientes
2025-11-15 11:11:11,052 - sistema_relatorios - relatorios_interface - INFO - Data calculada automaticamente: 20/11/2025
2025-11-15 11:11:11,052 - sistema_relatorios - relatorios_interface - INFO - Data calculada automaticamente: 20/11/2025
2025-11-15 11:11:11,836 - sistema_relatorios - relatorios_interface - INFO - Carregando clientes de: C:\Users\Obras\sistema_gestao_testes\testes\Financeiro\Planilhas_Base\clientes.xlsx
2025-11-15 11:11:11,857 - sistema_relatorios - relatorios_interface - INFO - Colunas disponíveis: ['Nome', 'Endereço', 'Data Inicial', 'Observações', 'Data Final', 'Tipo Taxa']
2025-11-15 11:11:11,858 - sistema_relatorios - relatorios_interface - INFO - Coluna de status: Data Final
2025-11-15 11:11:11,860 - sistema_relatorios - relatorios_interface - INFO - Coluna de nome: Nome
2025-11-15 11:11:11,861 - sistema_relatorios - relatorios_interface - INFO - Total de clientes ativos encontrados: 14
2025-11-15 11:11:14,860 - sistema_relatorios - relatorios_interface - INFO - Cliente selecionado: BRUNO SANTANA RINALDI
2025-11-15 11:11:14,860 - sistema_relatorios - relatorios_interface - INFO - Arquivo encontrado: C:\Users\Obras\sistema_gestao_testes\testes\Financeiro\Clientes\BRUNO SANTANA RINALDI.xlsx
2025-11-15 11:11:14,860 - sistema_relatorios - relatorios_interface - INFO - Arquivo encontrado: C:\Users\Obras\sistema_gestao_testes\testes\Financeiro\Clientes\BRUNO SANTANA RINALDI.xlsx
2025-11-15 11:14:24,006 - sistema_relatorios - relatorios_interface - INFO - Notas salvas: 37 caracteres
2025-11-15 11:14:30,050 - sistema_relatorios - relatorios_interface - INFO - 🔍 INICIANDO gerar_relatorio para: despesas
2025-11-15 11:14:30,050 - sistema_relatorios - relatorios_interface - INFO - 🎯 PROCESSANDO: Relatório de despesas
2025-11-15 11:14:30,050 - sistema_relatorios - relatorios_interface - INFO - 🎯 PROCESSANDO DESPESAS - ARQUITETURA LIMPA
2025-11-15 11:14:30,050 - sistema_relatorios - relatorios_interface - INFO - Data final obtida: 2025-11-20 00:00:00 (tipo: <class 'datetime.datetime'>)
2025-11-15 11:14:30,050 - sistema_relatorios - relatorios_interface - INFO - ✅ Arquivo encontrado em arquivo_cliente_selecionado: C:\Users\Obras\sistema_gestao_testes\testes\Financeiro\Clientes\BRUNO SANTANA RINALDI.xlsx
2025-11-15 11:14:30,050 - sistema_relatorios - relatorios_interface - INFO - ✅ Arquivo final nas configurações: C:\Users\Obras\sistema_gestao_testes\testes\Financeiro\Clientes\BRUNO SANTANA RINALDI.xlsx
2025-11-15 11:14:30,050 - sistema_relatorios - relatorios_interface - INFO - ✅ Configurações coletadas
2025-11-15 11:14:30,050 - sistema_relatorios - relatorios_interface - INFO - ✅ Arquivo confirmado: BRUNO SANTANA RINALDI.xlsx
2025-11-15 11:14:32,314 - sistema_relatorios - relatorios_interface - INFO - Modo selecionado: Preview
2025-11-15 11:14:32,314 - sistema_relatorios - relatorios_interface - INFO - 🎯 EXECUTANDO COM PREVIEW DIRETO - PDF TEMPORÁRIO
2025-11-15 11:14:34,263 - sistema_relatorios - relatorios_interface - INFO - ✅ Janela de decisão criada
2025-11-15 11:15:28,458 - sistema_relatorios - relatorios_interface - INFO - 🗑️ PDF temporário agendado para remoção: PREVIEW_BRUNO_SANTANA_RINALDI_20251115_111433.pdf
2025-11-15 11:15:30,031 - sistema_relatorios - relatorios_interface - INFO - Solicitado retorno ao menu principal
2025-11-15 11:15:30,031 - sistema_relatorios - relatorios_interface - INFO - Retornando ao menu principal existente
2025-11-15 11:15:30,113 - sistema_relatorios - relatorios_interface - INFO - Retorno ao menu principal concluído
2025-11-15 11:28:36,205 - sistema - logger_config - INFO - Sistema de logging inicializado
2025-11-15 11:28:36,205 - sistema_relatorios - logger_config - INFO - Usuário alterado para: sistema_relatorios
2025-11-15 11:28:36,205 - sistema_relatorios - relatorios_interface - INFO - Sistema de relatórios inicializando usando logger configurado
2025-11-15 11:28:36,205 - sistema_relatorios - relatorios_interface - INFO - Configurações de janela importadas com sucesso
2025-11-15 11:28:36,205 - sistema_relatorios - relatorios_interface - INFO - === Sistema de Relatórios Inicializando ===
2025-11-15 11:28:43,248 - sistema_relatorios - relatorios_interface - INFO - Carregando clientes de: C:\Users\Obras\sistema_gestao_testes\testes\Financeiro\Planilhas_Base\clientes.xlsx
2025-11-15 11:28:43,323 - sistema_relatorios - relatorios_interface - INFO - Colunas disponíveis: ['Nome', 'Endereço', 'Data Inicial', 'Observações', 'Data Final', 'Tipo Taxa']
2025-11-15 11:28:43,323 - sistema_relatorios - relatorios_interface - INFO - Coluna de status: Data Final
2025-11-15 11:28:43,345 - sistema_relatorios - relatorios_interface - INFO - Coluna de nome: Nome
2025-11-15 11:28:43,346 - sistema_relatorios - relatorios_interface - INFO - Total de clientes ativos encontrados: 14
2025-11-15 11:28:43,349 - sistema_relatorios - relatorios_interface - INFO - Lista de clientes atualizada com 15 clientes
2025-11-15 11:28:44,704 - sistema_relatorios - relatorios_interface - INFO - Data calculada automaticamente: 20/11/2025
2025-11-15 11:28:44,705 - sistema_relatorios - relatorios_interface - INFO - Data calculada automaticamente: 20/11/2025
2025-11-15 11:28:45,374 - sistema_relatorios - relatorios_interface - INFO - Carregando clientes de: C:\Users\Obras\sistema_gestao_testes\testes\Financeiro\Planilhas_Base\clientes.xlsx
2025-11-15 11:28:45,398 - sistema_relatorios - relatorios_interface - INFO - Colunas disponíveis: ['Nome', 'Endereço', 'Data Inicial', 'Observações', 'Data Final', 'Tipo Taxa']
2025-11-15 11:28:45,398 - sistema_relatorios - relatorios_interface - INFO - Coluna de status: Data Final
2025-11-15 11:28:45,398 - sistema_relatorios - relatorios_interface - INFO - Coluna de nome: Nome
2025-11-15 11:28:45,398 - sistema_relatorios - relatorios_interface - INFO - Total de clientes ativos encontrados: 14
2025-11-15 11:28:48,913 - sistema_relatorios - relatorios_interface - INFO - Cliente selecionado: BRUNO SANTANA RINALDI
2025-11-15 11:28:48,913 - sistema_relatorios - relatorios_interface - INFO - Arquivo encontrado: C:\Users\Obras\sistema_gestao_testes\testes\Financeiro\Clientes\BRUNO SANTANA RINALDI.xlsx
2025-11-15 11:28:48,929 - sistema_relatorios - relatorios_interface - INFO - Arquivo encontrado: C:\Users\Obras\sistema_gestao_testes\testes\Financeiro\Clientes\BRUNO SANTANA RINALDI.xlsx
2025-11-15 11:37:53,131 - sistema_relatorios - relatorios_interface - INFO - Notas salvas: 39 caracteres
2025-11-15 11:38:18,955 - sistema_relatorios - relatorios_interface - INFO - 🔍 INICIANDO gerar_relatorio para: despesas
2025-11-15 11:38:18,955 - sistema_relatorios - relatorios_interface - INFO - 🎯 PROCESSANDO: Relatório de despesas
2025-11-15 11:38:18,955 - sistema_relatorios - relatorios_interface - INFO - 🎯 PROCESSANDO DESPESAS - ARQUITETURA LIMPA
2025-11-15 11:38:18,955 - sistema_relatorios - relatorios_interface - INFO - Data final obtida: 2025-11-20 00:00:00 (tipo: <class 'datetime.datetime'>)
2025-11-15 11:38:18,955 - sistema_relatorios - relatorios_interface - INFO - ✅ Arquivo encontrado em arquivo_cliente_selecionado: C:\Users\Obras\sistema_gestao_testes\testes\Financeiro\Clientes\BRUNO SANTANA RINALDI.xlsx
2025-11-15 11:38:18,955 - sistema_relatorios - relatorios_interface - INFO - ✅ Arquivo final nas configurações: C:\Users\Obras\sistema_gestao_testes\testes\Financeiro\Clientes\BRUNO SANTANA RINALDI.xlsx
2025-11-15 11:38:18,971 - sistema_relatorios - relatorios_interface - INFO - ✅ Configurações coletadas
2025-11-15 11:38:18,971 - sistema_relatorios - relatorios_interface - INFO - ✅ Arquivo confirmado: BRUNO SANTANA RINALDI.xlsx
2025-11-15 11:38:20,899 - sistema_relatorios - relatorios_interface - INFO - Modo selecionado: Preview
2025-11-15 11:38:20,899 - sistema_relatorios - relatorios_interface - INFO - 🎯 EXECUTANDO COM PREVIEW DIRETO - PDF TEMPORÁRIO
2025-11-15 11:38:22,891 - sistema_relatorios - relatorios_interface - INFO - ✅ Janela de decisão criada
2025-11-15 11:38:52,300 - sistema_relatorios - relatorios_interface - INFO - 🗑️ PDF temporário agendado para remoção: PREVIEW_BRUNO_SANTANA_RINALDI_20251115_113821.pdf
2025-11-15 11:38:53,715 - sistema_relatorios - relatorios_interface - INFO - Solicitado retorno ao menu principal
2025-11-15 11:38:53,715 - sistema_relatorios - relatorios_interface - INFO - Retornando ao menu principal existente
2025-11-15 11:38:53,810 - sistema_relatorios - relatorios_interface - INFO - Retorno ao menu principal concluído
2025-11-15 11:43:14,456 - sistema - logger_config - INFO - Sistema de logging inicializado
2025-11-15 11:43:14,471 - sistema_relatorios - logger_config - INFO - Usuário alterado para: sistema_relatorios
2025-11-15 11:43:14,471 - sistema_relatorios - relatorios_interface - INFO - Sistema de relatórios inicializando usando logger configurado
2025-11-15 11:43:14,471 - sistema_relatorios - relatorios_interface - INFO - Configurações de janela importadas com sucesso
2025-11-15 11:43:14,471 - sistema_relatorios - relatorios_interface - INFO - === Sistema de Relatórios Inicializando ===
2025-11-15 11:43:21,179 - sistema_relatorios - relatorios_interface - INFO - Carregando clientes de: C:\Users\Obras\sistema_gestao_testes\testes\Financeiro\Planilhas_Base\clientes.xlsx
2025-11-15 11:43:21,249 - sistema_relatorios - relatorios_interface - INFO - Colunas disponíveis: ['Nome', 'Endereço', 'Data Inicial', 'Observações', 'Data Final', 'Tipo Taxa']
2025-11-15 11:43:21,249 - sistema_relatorios - relatorios_interface - INFO - Coluna de status: Data Final
2025-11-15 11:43:21,258 - sistema_relatorios - relatorios_interface - INFO - Coluna de nome: Nome
2025-11-15 11:43:21,259 - sistema_relatorios - relatorios_interface - INFO - Total de clientes ativos encontrados: 14
2025-11-15 11:43:21,260 - sistema_relatorios - relatorios_interface - INFO - Lista de clientes atualizada com 15 clientes
2025-11-15 11:43:22,296 - sistema_relatorios - relatorios_interface - INFO - Data calculada automaticamente: 20/11/2025
2025-11-15 11:43:22,296 - sistema_relatorios - relatorios_interface - INFO - Data calculada automaticamente: 20/11/2025
2025-11-15 11:43:22,980 - sistema_relatorios - relatorios_interface - INFO - Carregando clientes de: C:\Users\Obras\sistema_gestao_testes\testes\Financeiro\Planilhas_Base\clientes.xlsx
2025-11-15 11:43:23,005 - sistema_relatorios - relatorios_interface - INFO - Colunas disponíveis: ['Nome', 'Endereço', 'Data Inicial', 'Observações', 'Data Final', 'Tipo Taxa']
2025-11-15 11:43:23,005 - sistema_relatorios - relatorios_interface - INFO - Coluna de status: Data Final
2025-11-15 11:43:23,005 - sistema_relatorios - relatorios_interface - INFO - Coluna de nome: Nome
2025-11-15 11:43:23,005 - sistema_relatorios - relatorios_interface - INFO - Total de clientes ativos encontrados: 14
2025-11-15 11:43:25,395 - sistema_relatorios - relatorios_interface - INFO - Cliente selecionado: BRUNO SANTANA RINALDI
2025-11-15 11:43:25,395 - sistema_relatorios - relatorios_interface - INFO - Arquivo encontrado: C:\Users\Obras\sistema_gestao_testes\testes\Financeiro\Clientes\BRUNO SANTANA RINALDI.xlsx
2025-11-15 11:43:25,395 - sistema_relatorios - relatorios_interface - INFO - Arquivo encontrado: C:\Users\Obras\sistema_gestao_testes\testes\Financeiro\Clientes\BRUNO SANTANA RINALDI.xlsx
2025-11-15 11:43:41,885 - sistema_relatorios - relatorios_interface - INFO - Notas salvas: 23 caracteres
2025-11-15 11:43:44,107 - sistema_relatorios - relatorios_interface - INFO - 🔍 INICIANDO gerar_relatorio para: despesas
2025-11-15 11:43:44,107 - sistema_relatorios - relatorios_interface - INFO - 🎯 PROCESSANDO: Relatório de despesas
2025-11-15 11:43:44,107 - sistema_relatorios - relatorios_interface - INFO - 🎯 PROCESSANDO DESPESAS - ARQUITETURA LIMPA
2025-11-15 11:43:44,107 - sistema_relatorios - relatorios_interface - INFO - Data final obtida: 2025-11-20 00:00:00 (tipo: <class 'datetime.datetime'>)
2025-11-15 11:43:44,107 - sistema_relatorios - relatorios_interface - INFO - ✅ Arquivo encontrado em arquivo_cliente_selecionado: C:\Users\Obras\sistema_gestao_testes\testes\Financeiro\Clientes\BRUNO SANTANA RINALDI.xlsx
2025-11-15 11:43:44,107 - sistema_relatorios - relatorios_interface - INFO - ✅ Arquivo final nas configurações: C:\Users\Obras\sistema_gestao_testes\testes\Financeiro\Clientes\BRUNO SANTANA RINALDI.xlsx
2025-11-15 11:43:44,107 - sistema_relatorios - relatorios_interface - INFO - ✅ Configurações coletadas
2025-11-15 11:43:44,107 - sistema_relatorios - relatorios_interface - INFO - ✅ Arquivo confirmado: BRUNO SANTANA RINALDI.xlsx
2025-11-15 11:43:46,141 - sistema_relatorios - relatorios_interface - INFO - Modo selecionado: Preview
2025-11-15 11:43:46,141 - sistema_relatorios - relatorios_interface - INFO - 🎯 EXECUTANDO COM PREVIEW DIRETO - PDF TEMPORÁRIO
2025-11-15 11:43:48,521 - sistema_relatorios - relatorios_interface - INFO - ✅ Janela de decisão criada
2025-11-15 11:44:14,446 - sistema_relatorios - relatorios_interface - INFO - 🗑️ PDF temporário agendado para remoção: PREVIEW_BRUNO_SANTANA_RINALDI_20251115_114346.pdf
2025-11-15 11:44:16,470 - sistema_relatorios - relatorios_interface - INFO - 🗑️ Arquivo temporário removido: PREVIEW_BRUNO_SANTANA_RINALDI_20251115_114346.pdf
2025-11-15 11:44:19,077 - sistema_relatorios - relatorios_interface - INFO - Solicitado retorno ao menu principal
2025-11-15 11:44:19,077 - sistema_relatorios - relatorios_interface - INFO - Retornando ao menu principal existente
2025-11-15 11:44:19,256 - sistema_relatorios - relatorios_interface - INFO - Retorno ao menu principal concluído
2025-11-15 11:44:26,396 - sistema_relatorios - relatorios_interface - INFO - Carregando clientes de: C:\Users\Obras\sistema_gestao_testes\testes\Financeiro\Planilhas_Base\clientes.xlsx
2025-11-15 11:44:26,438 - sistema_relatorios - relatorios_interface - INFO - Colunas disponíveis: ['Nome', 'Endereço', 'Data Inicial', 'Observações', 'Data Final', 'Tipo Taxa']
2025-11-15 11:44:26,439 - sistema_relatorios - relatorios_interface - INFO - Coluna de status: Data Final
2025-11-15 11:44:26,446 - sistema_relatorios - relatorios_interface - INFO - Coluna de nome: Nome
2025-11-15 11:44:26,450 - sistema_relatorios - relatorios_interface - INFO - Total de clientes ativos encontrados: 14
2025-11-15 11:44:26,451 - sistema_relatorios - relatorios_interface - INFO - Lista de clientes atualizada com 15 clientes
2025-11-15 11:44:28,156 - sistema_relatorios - relatorios_interface - INFO - Data calculada automaticamente: 20/11/2025
2025-11-15 11:44:28,156 - sistema_relatorios - relatorios_interface - INFO - Data calculada automaticamente: 20/11/2025
2025-11-15 11:44:28,302 - sistema_relatorios - relatorios_interface - INFO - Carregando clientes de: C:\Users\Obras\sistema_gestao_testes\testes\Financeiro\Planilhas_Base\clientes.xlsx
2025-11-15 11:44:28,318 - sistema_relatorios - relatorios_interface - INFO - Colunas disponíveis: ['Nome', 'Endereço', 'Data Inicial', 'Observações', 'Data Final', 'Tipo Taxa']
2025-11-15 11:44:28,319 - sistema_relatorios - relatorios_interface - INFO - Coluna de status: Data Final
2025-11-15 11:44:28,321 - sistema_relatorios - relatorios_interface - INFO - Coluna de nome: Nome
2025-11-15 11:44:28,322 - sistema_relatorios - relatorios_interface - INFO - Total de clientes ativos encontrados: 14
2025-11-15 11:44:30,867 - sistema_relatorios - relatorios_interface - INFO - Cliente selecionado: BRUNO SANTANA RINALDI
2025-11-15 11:44:30,867 - sistema_relatorios - relatorios_interface - INFO - Arquivo encontrado: C:\Users\Obras\sistema_gestao_testes\testes\Financeiro\Clientes\BRUNO SANTANA RINALDI.xlsx
2025-11-15 11:44:30,867 - sistema_relatorios - relatorios_interface - INFO - Arquivo encontrado: C:\Users\Obras\sistema_gestao_testes\testes\Financeiro\Clientes\BRUNO SANTANA RINALDI.xlsx
2025-11-15 11:45:04,416 - sistema_relatorios - relatorios_interface - INFO - Notas salvas: 497 caracteres
2025-11-15 11:45:07,239 - sistema_relatorios - relatorios_interface - INFO - 🔍 INICIANDO gerar_relatorio para: despesas
2025-11-15 11:45:07,239 - sistema_relatorios - relatorios_interface - INFO - 🎯 PROCESSANDO: Relatório de despesas
2025-11-15 11:45:07,239 - sistema_relatorios - relatorios_interface - INFO - 🎯 PROCESSANDO DESPESAS - ARQUITETURA LIMPA
2025-11-15 11:45:07,239 - sistema_relatorios - relatorios_interface - INFO - Data final obtida: 2025-11-20 00:00:00 (tipo: <class 'datetime.datetime'>)
2025-11-15 11:45:07,239 - sistema_relatorios - relatorios_interface - INFO - ✅ Arquivo encontrado em arquivo_cliente_selecionado: C:\Users\Obras\sistema_gestao_testes\testes\Financeiro\Clientes\BRUNO SANTANA RINALDI.xlsx
2025-11-15 11:45:07,239 - sistema_relatorios - relatorios_interface - INFO - ✅ Arquivo final nas configurações: C:\Users\Obras\sistema_gestao_testes\testes\Financeiro\Clientes\BRUNO SANTANA RINALDI.xlsx
2025-11-15 11:45:07,239 - sistema_relatorios - relatorios_interface - INFO - ✅ Configurações coletadas
2025-11-15 11:45:07,239 - sistema_relatorios - relatorios_interface - INFO - ✅ Arquivo confirmado: BRUNO SANTANA RINALDI.xlsx
2025-11-15 11:45:09,081 - sistema_relatorios - relatorios_interface - INFO - Modo selecionado: Preview
2025-11-15 11:45:09,081 - sistema_relatorios - relatorios_interface - INFO - 🎯 EXECUTANDO COM PREVIEW DIRETO - PDF TEMPORÁRIO
2025-11-15 11:45:10,818 - sistema_relatorios - relatorios_interface - INFO - ✅ Janela de decisão criada
2025-11-15 11:47:20,041 - sistema_relatorios - relatorios_interface - ERROR - Erro ao atualizar progresso: 'Toplevel' object has no attribute 'percent_label'
2025-11-15 11:47:20,961 - sistema_relatorios - relatorios_interface - INFO - 🗑️ PDF temporário agendado para remoção: PREVIEW_BRUNO_SANTANA_RINALDI_20251115_114509.pdf
2025-11-15 11:47:22,966 - sistema_relatorios - relatorios_interface - WARNING - Aviso: Não foi possível remover arquivo temporário: [WinError 32] O arquivo já está sendo usado por outro processo: 'C:\\Users\\Obras\\AppData\\Local\\Temp\\PREVIEW_BRUNO_SANTANA_RINALDI_20251115_114509.pdf'
2025-11-15 11:47:57,179 - sistema_relatorios - relatorios_interface - INFO - Solicitado retorno ao menu principal
2025-11-15 11:47:57,179 - sistema_relatorios - relatorios_interface - INFO - Retornando ao menu principal existente
2025-11-15 11:47:57,269 - sistema_relatorios - relatorios_interface - INFO - Retorno ao menu principal concluído
2025-11-15 11:53:01,160 - sistema - logger_config - INFO - Sistema de logging inicializado
2025-11-15 11:53:01,160 - sistema_relatorios - logger_config - INFO - Usuário alterado para: sistema_relatorios
2025-11-15 11:53:01,160 - sistema_relatorios - relatorios_interface - INFO - Sistema de relatórios inicializando usando logger configurado
2025-11-15 11:53:01,160 - sistema_relatorios - relatorios_interface - INFO - Configurações de janela importadas com sucesso
2025-11-15 11:53:01,160 - sistema_relatorios - relatorios_interface - INFO - === Sistema de Relatórios Inicializando ===
2025-11-15 11:53:33,113 - sistema_relatorios - relatorios_interface - INFO - Carregando clientes de: C:\Users\Obras\sistema_gestao_testes\testes\Financeiro\Planilhas_Base\clientes.xlsx
2025-11-15 11:53:33,156 - sistema_relatorios - relatorios_interface - INFO - Colunas disponíveis: ['Nome', 'Endereço', 'Data Inicial', 'Observações', 'Data Final', 'Tipo Taxa']
2025-11-15 11:53:33,156 - sistema_relatorios - relatorios_interface - INFO - Coluna de status: Data Final
2025-11-15 11:53:33,156 - sistema_relatorios - relatorios_interface - INFO - Coluna de nome: Nome
2025-11-15 11:53:33,156 - sistema_relatorios - relatorios_interface - INFO - Total de clientes ativos encontrados: 14
2025-11-15 11:53:33,156 - sistema_relatorios - relatorios_interface - INFO - Lista de clientes atualizada com 15 clientes
2025-11-15 11:53:34,821 - sistema_relatorios - relatorios_interface - INFO - Data calculada automaticamente: 20/11/2025
2025-11-15 11:53:34,821 - sistema_relatorios - relatorios_interface - INFO - Data calculada automaticamente: 20/11/2025
2025-11-15 11:53:35,502 - sistema_relatorios - relatorios_interface - INFO - Carregando clientes de: C:\Users\Obras\sistema_gestao_testes\testes\Financeiro\Planilhas_Base\clientes.xlsx
2025-11-15 11:53:35,518 - sistema_relatorios - relatorios_interface - INFO - Colunas disponíveis: ['Nome', 'Endereço', 'Data Inicial', 'Observações', 'Data Final', 'Tipo Taxa']
2025-11-15 11:53:35,518 - sistema_relatorios - relatorios_interface - INFO - Coluna de status: Data Final
2025-11-15 11:53:35,534 - sistema_relatorios - relatorios_interface - INFO - Coluna de nome: Nome
2025-11-15 11:53:35,535 - sistema_relatorios - relatorios_interface - INFO - Total de clientes ativos encontrados: 14
2025-11-15 11:53:39,079 - sistema_relatorios - relatorios_interface - INFO - Cliente selecionado: BRUNO SANTANA RINALDI
2025-11-15 11:53:39,079 - sistema_relatorios - relatorios_interface - INFO - Arquivo encontrado: C:\Users\Obras\sistema_gestao_testes\testes\Financeiro\Clientes\BRUNO SANTANA RINALDI.xlsx
2025-11-15 11:53:39,079 - sistema_relatorios - relatorios_interface - INFO - Arquivo encontrado: C:\Users\Obras\sistema_gestao_testes\testes\Financeiro\Clientes\BRUNO SANTANA RINALDI.xlsx
2025-11-15 12:01:07,068 - sistema_relatorios - relatorios_interface - INFO - Solicitado retorno ao menu principal
2025-11-15 12:01:07,068 - sistema_relatorios - relatorios_interface - INFO - Retornando ao menu principal existente
2025-11-15 12:01:07,176 - sistema_relatorios - relatorios_interface - INFO - Retorno ao menu principal concluído
2025-11-15 12:13:27,111 - sistema - logger_config - INFO - Sistema de logging inicializado
2025-11-15 12:16:28,845 - sistema - logger_config - INFO - Sistema de logging inicializado
