2026-02-03 12:22:16,700 - sistema - logger_config - INFO - Sistema de logging inicializado
2026-02-03 12:22:16,702 - sistema_relatorios - logger_config - INFO - Usuário alterado para: sistema_relatorios
2026-02-03 12:22:16,702 - sistema_relatorios - relatorios_interface - INFO - Sistema de relatórios inicializando usando logger configurado
2026-02-03 12:22:16,703 - sistema_relatorios - relatorios_interface - INFO - Configurações de janela importadas com sucesso
2026-02-03 12:22:16,704 - sistema_relatorios - relatorios_interface - INFO - === Sistema de Relatórios Inicializando ===
2026-02-03 12:22:22,860 - sistema_relatorios - logger_config - INFO - Iniciando: Carregar configurações
2026-02-03 12:22:22,878 - sistema_relatorios - logger_config - INFO - Concluído: Carregar configurações
2026-02-03 12:22:23,046 - sistema_relatorios - logger_config - INFO - Iniciando: Carregar configurações
2026-02-03 12:22:23,047 - sistema_relatorios - logger_config - INFO - Concluído: Carregar configurações
2026-02-03 12:22:23,049 - sistema_relatorios - logger_config - INFO - Iniciando: Carregar configurações
2026-02-03 12:22:23,050 - sistema_relatorios - logger_config - INFO - Concluído: Carregar configurações
2026-02-03 14:35:41,924 - sistema - logger_config - INFO - Sistema de logging inicializado
2026-02-03 14:35:41,927 - sistema_relatorios - logger_config - INFO - Usuário alterado para: sistema_relatorios
2026-02-03 14:35:41,933 - sistema_relatorios - relatorios_interface - INFO - Sistema de relatórios inicializando usando logger configurado
2026-02-03 14:35:41,938 - sistema_relatorios - relatorios_interface - INFO - Configurações de janela importadas com sucesso
2026-02-03 14:35:41,939 - sistema_relatorios - relatorios_interface - INFO - === Sistema de Relatórios Inicializando ===
2026-02-03 14:35:54,000 - sistema_relatorios - logger_config - INFO - Iniciando: Carregar configurações
2026-02-03 14:35:54,005 - sistema_relatorios - logger_config - INFO - Concluído: Carregar configurações
2026-02-03 14:35:54,216 - sistema_relatorios - logger_config - INFO - Iniciando: Carregar configurações
2026-02-03 14:35:54,217 - sistema_relatorios - logger_config - INFO - Concluído: Carregar configurações
2026-02-03 14:35:54,219 - sistema_relatorios - logger_config - INFO - Iniciando: Carregar configurações
2026-02-03 14:35:54,223 - sistema_relatorios - logger_config - INFO - Concluído: Carregar configurações
2026-02-03 15:09:56,793 - sistema - logger_config - INFO - Sistema de logging inicializado
2026-02-03 15:09:56,797 - sistema_relatorios - logger_config - INFO - Usuário alterado para: sistema_relatorios
2026-02-03 15:09:56,797 - sistema_relatorios - relatorios_interface - INFO - Sistema de relatórios inicializando usando logger configurado
2026-02-03 15:09:56,799 - sistema_relatorios - relatorios_interface - INFO - Configurações de janela importadas com sucesso
2026-02-03 15:09:56,802 - sistema_relatorios - relatorios_interface - INFO - === Sistema de Relatórios Inicializando ===
2026-02-03 15:10:06,394 - sistema_relatorios - logger_config - INFO - Iniciando: Carregar configurações
2026-02-03 15:10:06,397 - sistema_relatorios - logger_config - INFO - Concluído: Carregar configurações
2026-02-03 15:10:06,569 - sistema_relatorios - logger_config - INFO - Iniciando: Carregar configurações
2026-02-03 15:10:06,571 - sistema_relatorios - logger_config - INFO - Concluído: Carregar configurações
2026-02-03 15:10:06,572 - sistema_relatorios - logger_config - INFO - Iniciando: Carregar configurações
2026-02-03 15:10:06,573 - sistema_relatorios - logger_config - INFO - Concluído: Carregar configurações
2026-02-03 18:17:56,460 - sistema - logger_config - INFO - Sistema de logging inicializado
2026-02-03 18:17:56,462 - sistema_relatorios - logger_config - INFO - Usuário alterado para: sistema_relatorios
2026-02-03 18:17:56,464 - sistema_relatorios - relatorios_interface - INFO - Sistema de relatórios inicializando usando logger configurado
2026-02-03 18:17:56,467 - sistema_relatorios - relatorios_interface - INFO - Configurações de janela importadas com sucesso
2026-02-03 18:17:56,469 - sistema_relatorios - relatorios_interface - INFO - === Sistema de Relatórios Inicializando ===
2026-02-03 18:18:07,265 - sistema_relatorios - logger_config - INFO - Iniciando: Carregar configurações
2026-02-03 18:18:07,269 - sistema_relatorios - logger_config - INFO - Concluído: Carregar configurações
2026-02-03 18:18:07,487 - sistema_relatorios - logger_config - INFO - Iniciando: Carregar configurações
2026-02-03 18:18:07,488 - sistema_relatorios - logger_config - INFO - Concluído: Carregar configurações
2026-02-03 18:18:07,491 - sistema_relatorios - logger_config - INFO - Iniciando: Carregar configurações
2026-02-03 18:18:07,492 - sistema_relatorios - logger_config - INFO - Concluído: Carregar configurações
