2025-12-13 14:14:40,934 - sistema - logger_config - INFO - Sistema de logging inicializado
2025-12-13 14:14:40,936 - sistema_relatorios - logger_config - INFO - Usuário alterado para: sistema_relatorios
2025-12-13 14:14:40,937 - sistema_relatorios - relatorios_interface - INFO - Sistema de relatórios inicializando usando logger configurado
2025-12-13 14:14:40,939 - sistema_relatorios - relatorios_interface - INFO - Configurações de janela importadas com sucesso
2025-12-13 14:14:40,943 - sistema_relatorios - relatorios_interface - INFO - === Sistema de Relatórios Inicializando ===
2025-12-13 14:15:28,204 - sistema_relatorios - relatorios_interface - INFO - Carregando clientes de: C:\Users\Obras\sistema_gestao_testes\testes\Financeiro\Planilhas_Base\Clientes.xlsx
2025-12-13 14:15:28,334 - sistema_relatorios - relatorios_interface - INFO - Colunas disponíveis: ['Nome', 'Endereço', 'Data Inicial', 'Observações', 'Data Final', 'Tipo Taxa', 'CPF', 'CNO', 'Estado Civil', 'Cidade', 'Grupo']
2025-12-13 14:15:28,335 - sistema_relatorios - relatorios_interface - INFO - Coluna de status: Data Final
2025-12-13 14:15:28,358 - sistema_relatorios - relatorios_interface - INFO - Coluna de nome: Nome
2025-12-13 14:15:28,360 - sistema_relatorios - relatorios_interface - INFO - Total de clientes ativos encontrados: 15
2025-12-13 14:15:28,361 - sistema_relatorios - relatorios_interface - INFO - Lista de clientes atualizada com 16 clientes
2025-12-13 14:15:29,874 - sistema_relatorios - relatorios_interface - INFO - Carregando clientes de: C:\Users\Obras\sistema_gestao_testes\testes\Financeiro\Planilhas_Base\Clientes.xlsx
2025-12-13 14:15:29,901 - sistema_relatorios - relatorios_interface - INFO - Colunas disponíveis: ['Nome', 'Endereço', 'Data Inicial', 'Observações', 'Data Final', 'Tipo Taxa', 'CPF', 'CNO', 'Estado Civil', 'Cidade', 'Grupo']
2025-12-13 14:15:29,902 - sistema_relatorios - relatorios_interface - INFO - Coluna de status: Data Final
2025-12-13 14:15:29,904 - sistema_relatorios - relatorios_interface - INFO - Coluna de nome: Nome
2025-12-13 14:15:29,905 - sistema_relatorios - relatorios_interface - INFO - Total de clientes ativos encontrados: 15
2025-12-13 14:15:32,222 - sistema_relatorios - relatorios_interface - INFO - 🔍 INICIANDO gerar_relatorio para: contratos
2025-12-13 14:15:32,223 - sistema_relatorios - relatorios_interface - INFO - 📋 Processando outros relatórios: contratos
2025-12-13 14:27:23,879 - sistema_relatorios - relatorios_interface - INFO - Solicitado retorno ao menu principal
2025-12-13 14:27:23,880 - sistema_relatorios - relatorios_interface - INFO - Retornando ao menu principal existente
2025-12-13 14:27:23,964 - sistema_relatorios - relatorios_interface - INFO - Retorno ao menu principal concluído
2025-12-13 14:32:37,724 - sistema - logger_config - INFO - Sistema de logging inicializado
2025-12-13 14:32:37,727 - sistema_relatorios - logger_config - INFO - Usuário alterado para: sistema_relatorios
2025-12-13 14:32:37,728 - sistema_relatorios - relatorios_interface - INFO - Sistema de relatórios inicializando usando logger configurado
2025-12-13 14:32:37,729 - sistema_relatorios - relatorios_interface - INFO - Configurações de janela importadas com sucesso
2025-12-13 14:32:37,730 - sistema_relatorios - relatorios_interface - INFO - === Sistema de Relatórios Inicializando ===
2025-12-13 14:32:42,754 - sistema_relatorios - relatorios_interface - INFO - Carregando clientes de: C:\Users\Obras\sistema_gestao_testes\testes\Financeiro\Planilhas_Base\Clientes.xlsx
2025-12-13 14:32:42,837 - sistema_relatorios - relatorios_interface - INFO - Colunas disponíveis: ['Nome', 'Endereço', 'Data Inicial', 'Observações', 'Data Final', 'Tipo Taxa', 'CPF', 'CNO', 'Estado Civil', 'Cidade', 'Grupo']
2025-12-13 14:32:42,839 - sistema_relatorios - relatorios_interface - INFO - Coluna de status: Data Final
2025-12-13 14:32:42,856 - sistema_relatorios - relatorios_interface - INFO - Coluna de nome: Nome
2025-12-13 14:32:42,857 - sistema_relatorios - relatorios_interface - INFO - Total de clientes ativos encontrados: 15
2025-12-13 14:32:42,859 - sistema_relatorios - relatorios_interface - INFO - Lista de clientes atualizada com 16 clientes
2025-12-13 14:33:00,723 - sistema_relatorios - relatorios_interface - INFO - Solicitado retorno ao menu principal
2025-12-13 14:33:00,724 - sistema_relatorios - relatorios_interface - INFO - Retornando ao menu principal existente
2025-12-13 14:33:00,804 - sistema_relatorios - relatorios_interface - INFO - Retorno ao menu principal concluído
2025-12-13 14:33:29,984 - sistema - logger_config - INFO - Sistema de logging inicializado
2025-12-13 14:33:29,985 - sistema_relatorios - logger_config - INFO - Usuário alterado para: sistema_relatorios
2025-12-13 14:33:29,989 - sistema_relatorios - relatorios_interface - INFO - Sistema de relatórios inicializando usando logger configurado
2025-12-13 14:33:29,990 - sistema_relatorios - relatorios_interface - INFO - Configurações de janela importadas com sucesso
2025-12-13 14:33:29,992 - sistema_relatorios - relatorios_interface - INFO - === Sistema de Relatórios Inicializando ===
2025-12-13 14:33:34,651 - sistema_relatorios - relatorios_interface - INFO - Carregando clientes de: C:\Users\Obras\sistema_gestao_testes\testes\Financeiro\Planilhas_Base\Clientes.xlsx
2025-12-13 14:33:34,702 - sistema_relatorios - relatorios_interface - INFO - Colunas disponíveis: ['Nome', 'Endereço', 'Data Inicial', 'Observações', 'Data Final', 'Tipo Taxa', 'CPF', 'CNO', 'Estado Civil', 'Cidade', 'Grupo']
2025-12-13 14:33:34,703 - sistema_relatorios - relatorios_interface - INFO - Coluna de status: Data Final
2025-12-13 14:33:34,706 - sistema_relatorios - relatorios_interface - INFO - Coluna de nome: Nome
2025-12-13 14:33:34,707 - sistema_relatorios - relatorios_interface - INFO - Total de clientes ativos encontrados: 15
2025-12-13 14:33:34,707 - sistema_relatorios - relatorios_interface - INFO - Lista de clientes atualizada com 16 clientes
2025-12-13 14:33:56,595 - sistema_relatorios - relatorios_interface - INFO - Solicitado retorno ao menu principal
2025-12-13 14:33:56,596 - sistema_relatorios - relatorios_interface - INFO - Retornando ao menu principal existente
2025-12-13 14:33:56,638 - sistema_relatorios - relatorios_interface - INFO - Retorno ao menu principal concluído
2025-12-13 14:37:17,546 - sistema - logger_config - INFO - Sistema de logging inicializado
2025-12-13 14:37:17,547 - sistema_relatorios - logger_config - INFO - Usuário alterado para: sistema_relatorios
2025-12-13 14:37:17,547 - sistema_relatorios - relatorios_interface - INFO - Sistema de relatórios inicializando usando logger configurado
2025-12-13 14:37:17,548 - sistema_relatorios - relatorios_interface - INFO - Configurações de janela importadas com sucesso
2025-12-13 14:37:17,548 - sistema_relatorios - relatorios_interface - INFO - === Sistema de Relatórios Inicializando ===
2025-12-13 14:37:28,573 - sistema_relatorios - relatorios_interface - INFO - Carregando clientes de: C:\Users\Obras\sistema_gestao_testes\testes\Financeiro\Planilhas_Base\Clientes.xlsx
2025-12-13 14:37:28,621 - sistema_relatorios - relatorios_interface - INFO - Colunas disponíveis: ['Nome', 'Endereço', 'Data Inicial', 'Observações', 'Data Final', 'Tipo Taxa', 'CPF', 'CNO', 'Estado Civil', 'Cidade', 'Grupo']
2025-12-13 14:37:28,623 - sistema_relatorios - relatorios_interface - INFO - Coluna de status: Data Final
2025-12-13 14:37:28,625 - sistema_relatorios - relatorios_interface - INFO - Coluna de nome: Nome
2025-12-13 14:37:28,627 - sistema_relatorios - relatorios_interface - INFO - Total de clientes ativos encontrados: 15
2025-12-13 14:37:28,628 - sistema_relatorios - relatorios_interface - INFO - Lista de clientes atualizada com 16 clientes
2025-12-13 14:37:46,712 - sistema_relatorios - relatorios_interface - INFO - 🔍 INICIANDO gerar_relatorio para: medicoes_quinzenal
2025-12-13 14:37:46,713 - sistema_relatorios - relatorios_interface - INFO - 📋 Processando outros relatórios: medicoes_quinzenal
2025-12-13 14:38:16,192 - sistema_relatorios - relatorios_interface - INFO - Solicitado retorno ao menu principal
2025-12-13 14:38:16,193 - sistema_relatorios - relatorios_interface - INFO - Retornando ao menu principal existente
2025-12-13 14:38:16,252 - sistema_relatorios - relatorios_interface - INFO - Retorno ao menu principal concluído
2025-12-13 14:49:13,515 - sistema - logger_config - INFO - Sistema de logging inicializado
2025-12-13 14:49:13,516 - sistema_relatorios - logger_config - INFO - Usuário alterado para: sistema_relatorios
2025-12-13 14:49:13,516 - sistema_relatorios - relatorios_interface - INFO - Sistema de relatórios inicializando usando logger configurado
2025-12-13 14:49:13,517 - sistema_relatorios - relatorios_interface - INFO - Configurações de janela importadas com sucesso
2025-12-13 14:49:13,518 - sistema_relatorios - relatorios_interface - INFO - === Sistema de Relatórios Inicializando ===
2025-12-13 14:49:20,672 - sistema_relatorios - relatorios_interface - INFO - Carregando clientes de: C:\Users\Obras\sistema_gestao_testes\testes\Financeiro\Planilhas_Base\Clientes.xlsx
2025-12-13 14:49:20,722 - sistema_relatorios - relatorios_interface - INFO - Colunas disponíveis: ['Nome', 'Endereço', 'Data Inicial', 'Observações', 'Data Final', 'Tipo Taxa', 'CPF', 'CNO', 'Estado Civil', 'Cidade', 'Grupo']
2025-12-13 14:49:20,723 - sistema_relatorios - relatorios_interface - INFO - Coluna de status: Data Final
2025-12-13 14:49:20,726 - sistema_relatorios - relatorios_interface - INFO - Coluna de nome: Nome
2025-12-13 14:49:20,727 - sistema_relatorios - relatorios_interface - INFO - Total de clientes ativos encontrados: 15
2025-12-13 14:49:20,728 - sistema_relatorios - relatorios_interface - INFO - Lista de clientes atualizada com 16 clientes
2025-12-13 14:49:37,297 - sistema_relatorios - relatorios_interface - INFO - Solicitado retorno ao menu principal
2025-12-13 14:49:37,298 - sistema_relatorios - relatorios_interface - INFO - Retornando ao menu principal existente
2025-12-13 14:49:37,345 - sistema_relatorios - relatorios_interface - INFO - Retorno ao menu principal concluído
2025-12-13 14:50:04,876 - sistema - logger_config - INFO - Sistema de logging inicializado
2025-12-13 14:50:04,877 - sistema_relatorios - logger_config - INFO - Usuário alterado para: sistema_relatorios
2025-12-13 14:50:04,877 - sistema_relatorios - relatorios_interface - INFO - Sistema de relatórios inicializando usando logger configurado
2025-12-13 14:50:04,878 - sistema_relatorios - relatorios_interface - INFO - Configurações de janela importadas com sucesso
2025-12-13 14:50:04,878 - sistema_relatorios - relatorios_interface - INFO - === Sistema de Relatórios Inicializando ===
2025-12-13 14:59:24,824 - sistema - logger_config - INFO - Sistema de logging inicializado
2025-12-13 14:59:24,825 - sistema_relatorios - logger_config - INFO - Usuário alterado para: sistema_relatorios
2025-12-13 14:59:24,825 - sistema_relatorios - relatorios_interface - INFO - Sistema de relatórios inicializando usando logger configurado
2025-12-13 14:59:24,826 - sistema_relatorios - relatorios_interface - INFO - Configurações de janela importadas com sucesso
2025-12-13 14:59:24,826 - sistema_relatorios - relatorios_interface - INFO - === Sistema de Relatórios Inicializando ===
2025-12-13 15:03:33,767 - sistema - logger_config - INFO - Sistema de logging inicializado
2025-12-13 15:03:33,768 - sistema_relatorios - logger_config - INFO - Usuário alterado para: sistema_relatorios
2025-12-13 15:03:33,768 - sistema_relatorios - relatorios_interface - INFO - Sistema de relatórios inicializando usando logger configurado
2025-12-13 15:03:33,768 - sistema_relatorios - relatorios_interface - INFO - Configurações de janela importadas com sucesso
2025-12-13 15:03:33,769 - sistema_relatorios - relatorios_interface - INFO - === Sistema de Relatórios Inicializando ===
2025-12-13 15:03:41,488 - sistema_relatorios - relatorios_interface - INFO - Carregando clientes de: C:\Users\Obras\sistema_gestao_testes\testes\Financeiro\Planilhas_Base\Clientes.xlsx
2025-12-13 15:03:42,153 - sistema_relatorios - relatorios_interface - INFO - Colunas disponíveis: ['Nome', 'Endereço', 'Data Inicial', 'Observações', 'Data Final', 'Tipo Taxa', 'CPF', 'CNO', 'Estado Civil', 'Cidade', 'Grupo']
2025-12-13 15:03:42,161 - sistema_relatorios - relatorios_interface - INFO - Coluna de status: Data Final
2025-12-13 15:03:42,432 - sistema_relatorios - relatorios_interface - INFO - Coluna de nome: Nome
2025-12-13 15:03:42,433 - sistema_relatorios - relatorios_interface - INFO - Total de clientes ativos encontrados: 15
2025-12-13 15:03:42,434 - sistema_relatorios - relatorios_interface - INFO - Lista de clientes atualizada com 16 clientes
2025-12-13 15:04:25,854 - sistema_relatorios - relatorios_interface - INFO - Data calculada automaticamente: 20/12/2025
2025-12-13 15:04:25,859 - sistema_relatorios - relatorios_interface - INFO - Data calculada automaticamente: 20/12/2025
2025-12-13 15:04:26,632 - sistema_relatorios - relatorios_interface - INFO - Carregando clientes de: C:\Users\Obras\sistema_gestao_testes\testes\Financeiro\Planilhas_Base\Clientes.xlsx
2025-12-13 15:04:26,655 - sistema_relatorios - relatorios_interface - INFO - Colunas disponíveis: ['Nome', 'Endereço', 'Data Inicial', 'Observações', 'Data Final', 'Tipo Taxa', 'CPF', 'CNO', 'Estado Civil', 'Cidade', 'Grupo']
2025-12-13 15:04:26,657 - sistema_relatorios - relatorios_interface - INFO - Coluna de status: Data Final
2025-12-13 15:04:26,659 - sistema_relatorios - relatorios_interface - INFO - Coluna de nome: Nome
2025-12-13 15:04:26,661 - sistema_relatorios - relatorios_interface - INFO - Total de clientes ativos encontrados: 15
2025-12-13 15:04:56,440 - sistema_relatorios - relatorios_interface - INFO - ✅ Opções do relatório gerencial PDF configuradas
2025-12-13 15:04:58,833 - sistema_relatorios - relatorios_interface - INFO - ✅ Opções do relatório gerencial configuradas
2025-12-13 15:05:13,423 - sistema_relatorios - relatorios_interface - INFO - Solicitado retorno ao menu principal
2025-12-13 15:05:13,424 - sistema_relatorios - relatorios_interface - INFO - Retornando ao menu principal existente
2025-12-13 15:05:13,491 - sistema_relatorios - relatorios_interface - INFO - Retorno ao menu principal concluído
2025-12-13 15:26:32,210 - sistema - logger_config - INFO - Sistema de logging inicializado
2025-12-13 15:26:32,211 - sistema_relatorios - logger_config - INFO - Usuário alterado para: sistema_relatorios
2025-12-13 15:26:32,212 - sistema_relatorios - relatorios_interface - INFO - Sistema de relatórios inicializando usando logger configurado
2025-12-13 15:26:32,212 - sistema_relatorios - relatorios_interface - INFO - Configurações de janela importadas com sucesso
2025-12-13 15:26:32,213 - sistema_relatorios - relatorios_interface - INFO - === Sistema de Relatórios Inicializando ===
2025-12-13 15:27:13,027 - sistema_relatorios - relatorios_interface - INFO - Carregando clientes de: C:\Users\Obras\sistema_gestao_testes\testes\Financeiro\Planilhas_Base\Clientes.xlsx
2025-12-13 15:27:13,122 - sistema_relatorios - relatorios_interface - INFO - Colunas disponíveis: ['Nome', 'Endereço', 'Data Inicial', 'Observações', 'Data Final', 'Tipo Taxa', 'CPF', 'CNO', 'Estado Civil', 'Cidade', 'Grupo']
2025-12-13 15:27:13,124 - sistema_relatorios - relatorios_interface - INFO - Coluna de status: Data Final
2025-12-13 15:27:13,142 - sistema_relatorios - relatorios_interface - INFO - Coluna de nome: Nome
2025-12-13 15:27:13,144 - sistema_relatorios - relatorios_interface - INFO - Total de clientes ativos encontrados: 15
2025-12-13 15:27:13,145 - sistema_relatorios - relatorios_interface - INFO - Lista de clientes atualizada com 16 clientes
2025-12-13 15:27:37,265 - sistema_relatorios - relatorios_interface - INFO - 🔍 INICIANDO gerar_relatorio para: medicoes_quinzenal
2025-12-13 15:27:37,266 - sistema_relatorios - relatorios_interface - INFO - 📄 PROCESSANDO: Relatório Quinzenal de Medições
2025-12-13 15:27:37,267 - sistema_relatorios - relatorios_interface - INFO - 📄 Carregando configurações do Relatório Quinzenal
2025-12-13 15:27:38,176 - sistema_relatorios - relatorios_interface - INFO - ✅ Configurações do Relatório Quinzenal carregadas
2025-12-13 15:29:38,105 - sistema_relatorios - relatorios_interface - INFO - Solicitado retorno ao menu principal
2025-12-13 15:29:38,106 - sistema_relatorios - relatorios_interface - INFO - Retornando ao menu principal existente
2025-12-13 15:29:38,247 - sistema_relatorios - relatorios_interface - INFO - Retorno ao menu principal concluído
2025-12-13 15:29:40,318 - sistema_relatorios - relatorios_interface - INFO - Carregando clientes de: C:\Users\Obras\sistema_gestao_testes\testes\Financeiro\Planilhas_Base\Clientes.xlsx
2025-12-13 15:29:40,351 - sistema_relatorios - relatorios_interface - INFO - Colunas disponíveis: ['Nome', 'Endereço', 'Data Inicial', 'Observações', 'Data Final', 'Tipo Taxa', 'CPF', 'CNO', 'Estado Civil', 'Cidade', 'Grupo']
2025-12-13 15:29:40,353 - sistema_relatorios - relatorios_interface - INFO - Coluna de status: Data Final
2025-12-13 15:29:40,356 - sistema_relatorios - relatorios_interface - INFO - Coluna de nome: Nome
2025-12-13 15:29:40,357 - sistema_relatorios - relatorios_interface - INFO - Total de clientes ativos encontrados: 15
2025-12-13 15:29:40,358 - sistema_relatorios - relatorios_interface - INFO - Lista de clientes atualizada com 16 clientes
2025-12-13 15:34:09,038 - sistema_relatorios - relatorios_interface - INFO - 🔍 INICIANDO gerar_relatorio para: medicoes_quinzenal
2025-12-13 15:34:09,039 - sistema_relatorios - relatorios_interface - INFO - 📄 PROCESSANDO: Relatório Quinzenal de Medições
2025-12-13 15:34:09,043 - sistema_relatorios - relatorios_interface - INFO - 📄 Carregando configurações do Relatório Quinzenal
2025-12-13 15:34:09,420 - sistema_relatorios - relatorios_interface - INFO - ✅ Configurações do Relatório Quinzenal carregadas
2025-12-13 15:36:27,572 - sistema_relatorios - relatorios_interface - INFO - Solicitado retorno ao menu principal
2025-12-13 15:36:27,576 - sistema_relatorios - relatorios_interface - INFO - Retornando ao menu principal existente
2025-12-13 15:36:27,712 - sistema_relatorios - relatorios_interface - INFO - Retorno ao menu principal concluído
2025-12-13 15:40:33,518 - sistema - logger_config - INFO - Sistema de logging inicializado
2025-12-13 15:40:33,519 - sistema_relatorios - logger_config - INFO - Usuário alterado para: sistema_relatorios
2025-12-13 15:40:33,520 - sistema_relatorios - relatorios_interface - INFO - Sistema de relatórios inicializando usando logger configurado
2025-12-13 15:40:33,520 - sistema_relatorios - relatorios_interface - INFO - Configurações de janela importadas com sucesso
2025-12-13 15:40:33,520 - sistema_relatorios - relatorios_interface - INFO - === Sistema de Relatórios Inicializando ===
2025-12-13 15:40:37,317 - sistema_relatorios - relatorios_interface - INFO - Carregando clientes de: C:\Users\Obras\sistema_gestao_testes\testes\Financeiro\Planilhas_Base\Clientes.xlsx
2025-12-13 15:40:37,383 - sistema_relatorios - relatorios_interface - INFO - Colunas disponíveis: ['Nome', 'Endereço', 'Data Inicial', 'Observações', 'Data Final', 'Tipo Taxa', 'CPF', 'CNO', 'Estado Civil', 'Cidade', 'Grupo']
2025-12-13 15:40:37,384 - sistema_relatorios - relatorios_interface - INFO - Coluna de status: Data Final
2025-12-13 15:40:37,391 - sistema_relatorios - relatorios_interface - INFO - Coluna de nome: Nome
2025-12-13 15:40:37,393 - sistema_relatorios - relatorios_interface - INFO - Total de clientes ativos encontrados: 15
2025-12-13 15:40:37,395 - sistema_relatorios - relatorios_interface - INFO - Lista de clientes atualizada com 16 clientes
2025-12-13 15:40:42,185 - sistema_relatorios - relatorios_interface - INFO - Solicitado retorno ao menu principal
2025-12-13 15:40:42,186 - sistema_relatorios - relatorios_interface - INFO - Retornando ao menu principal existente
2025-12-13 15:40:42,258 - sistema_relatorios - relatorios_interface - INFO - Retorno ao menu principal concluído
2025-12-13 15:41:22,241 - sistema - logger_config - INFO - Sistema de logging inicializado
2025-12-13 15:41:22,241 - sistema_relatorios - logger_config - INFO - Usuário alterado para: sistema_relatorios
2025-12-13 15:41:22,242 - sistema_relatorios - relatorios_interface - INFO - Sistema de relatórios inicializando usando logger configurado
2025-12-13 15:41:22,243 - sistema_relatorios - relatorios_interface - INFO - Configurações de janela importadas com sucesso
2025-12-13 15:41:22,243 - sistema_relatorios - relatorios_interface - INFO - === Sistema de Relatórios Inicializando ===
2025-12-13 15:41:25,289 - sistema_relatorios - relatorios_interface - INFO - Carregando clientes de: C:\Users\Obras\sistema_gestao_testes\testes\Financeiro\Planilhas_Base\Clientes.xlsx
2025-12-13 15:41:25,344 - sistema_relatorios - relatorios_interface - INFO - Colunas disponíveis: ['Nome', 'Endereço', 'Data Inicial', 'Observações', 'Data Final', 'Tipo Taxa', 'CPF', 'CNO', 'Estado Civil', 'Cidade', 'Grupo']
2025-12-13 15:41:25,345 - sistema_relatorios - relatorios_interface - INFO - Coluna de status: Data Final
2025-12-13 15:41:25,347 - sistema_relatorios - relatorios_interface - INFO - Coluna de nome: Nome
2025-12-13 15:41:25,348 - sistema_relatorios - relatorios_interface - INFO - Total de clientes ativos encontrados: 15
2025-12-13 15:41:25,349 - sistema_relatorios - relatorios_interface - INFO - Lista de clientes atualizada com 16 clientes
2025-12-13 16:54:22,235 - sistema - logger_config - INFO - Sistema de logging inicializado
2025-12-13 16:54:22,236 - sistema_relatorios - logger_config - INFO - Usuário alterado para: sistema_relatorios
2025-12-13 16:54:22,236 - sistema_relatorios - relatorios_interface - INFO - Sistema de relatórios inicializando usando logger configurado
2025-12-13 16:54:22,237 - sistema_relatorios - relatorios_interface - INFO - Configurações de janela importadas com sucesso
2025-12-13 16:54:22,237 - sistema_relatorios - relatorios_interface - INFO - === Sistema de Relatórios Inicializando ===
2025-12-13 16:54:25,907 - sistema_relatorios - relatorios_interface - INFO - Carregando clientes de: C:\Users\Obras\sistema_gestao_testes\testes\Financeiro\Planilhas_Base\Clientes.xlsx
2025-12-13 16:54:26,011 - sistema_relatorios - relatorios_interface - INFO - Colunas disponíveis: ['Nome', 'Endereço', 'Data Inicial', 'Observações', 'Data Final', 'Tipo Taxa', 'CPF', 'CNO', 'Estado Civil', 'Cidade', 'Grupo']
2025-12-13 16:54:26,095 - sistema_relatorios - relatorios_interface - INFO - Coluna de status: Data Final
2025-12-13 16:54:26,099 - sistema_relatorios - relatorios_interface - INFO - Coluna de nome: Nome
2025-12-13 16:54:26,162 - sistema_relatorios - relatorios_interface - INFO - Total de clientes ativos encontrados: 15
2025-12-13 16:54:26,198 - sistema_relatorios - relatorios_interface - INFO - Lista de clientes atualizada com 16 clientes
2025-12-13 16:54:28,779 - sistema_relatorios - relatorios_interface - INFO - 🔍 INICIANDO gerar_relatorio para: medicoes_quinzenal
2025-12-13 16:54:28,783 - sistema_relatorios - relatorios_interface - INFO - 📄 PROCESSANDO: Relatório Quinzenal de Medições
2025-12-13 16:54:28,784 - sistema_relatorios - relatorios_interface - INFO - 📄 Carregando configurações do Relatório Quinzenal
2025-12-13 16:54:31,287 - sistema_relatorios - relatorios_interface - INFO - ✅ Configurações do Relatório Quinzenal carregadas
2025-12-13 16:54:38,183 - sistema_relatorios - relatorios_interface - INFO - Data calculada automaticamente: 20/12/2025
2025-12-13 16:54:38,184 - sistema_relatorios - relatorios_interface - INFO - Data calculada automaticamente: 20/12/2025
2025-12-13 16:54:38,431 - sistema_relatorios - relatorios_interface - INFO - Carregando clientes de: C:\Users\Obras\sistema_gestao_testes\testes\Financeiro\Planilhas_Base\Clientes.xlsx
2025-12-13 16:54:38,456 - sistema_relatorios - relatorios_interface - INFO - Colunas disponíveis: ['Nome', 'Endereço', 'Data Inicial', 'Observações', 'Data Final', 'Tipo Taxa', 'CPF', 'CNO', 'Estado Civil', 'Cidade', 'Grupo']
2025-12-13 16:54:38,460 - sistema_relatorios - relatorios_interface - INFO - Coluna de status: Data Final
2025-12-13 16:54:38,463 - sistema_relatorios - relatorios_interface - INFO - Coluna de nome: Nome
2025-12-13 16:54:38,464 - sistema_relatorios - relatorios_interface - INFO - Total de clientes ativos encontrados: 15
2025-12-13 16:54:54,449 - sistema_relatorios - relatorios_interface - INFO - Data calculada automaticamente: 20/12/2025
2025-12-13 16:54:54,450 - sistema_relatorios - relatorios_interface - INFO - Data calculada automaticamente: 20/12/2025
2025-12-13 16:54:57,723 - sistema_relatorios - relatorios_interface - INFO - Solicitado retorno ao menu principal
2025-12-13 16:54:57,724 - sistema_relatorios - relatorios_interface - INFO - Retornando ao menu principal existente
2025-12-13 16:54:57,822 - sistema_relatorios - relatorios_interface - INFO - Retorno ao menu principal concluído
2025-12-13 16:56:08,047 - sistema - logger_config - INFO - Sistema de logging inicializado
2025-12-13 16:56:08,048 - sistema_relatorios - logger_config - INFO - Usuário alterado para: sistema_relatorios
2025-12-13 16:56:08,048 - sistema_relatorios - relatorios_interface - INFO - Sistema de relatórios inicializando usando logger configurado
2025-12-13 16:56:08,049 - sistema_relatorios - relatorios_interface - INFO - Configurações de janela importadas com sucesso
2025-12-13 16:56:08,049 - sistema_relatorios - relatorios_interface - INFO - === Sistema de Relatórios Inicializando ===
2025-12-13 16:56:13,964 - sistema_relatorios - relatorios_interface - INFO - Carregando clientes de: C:\Users\Obras\sistema_gestao_testes\testes\Financeiro\Planilhas_Base\Clientes.xlsx
2025-12-13 16:56:14,032 - sistema_relatorios - relatorios_interface - INFO - Colunas disponíveis: ['Nome', 'Endereço', 'Data Inicial', 'Observações', 'Data Final', 'Tipo Taxa', 'CPF', 'CNO', 'Estado Civil', 'Cidade', 'Grupo']
2025-12-13 16:56:14,033 - sistema_relatorios - relatorios_interface - INFO - Coluna de status: Data Final
2025-12-13 16:56:14,036 - sistema_relatorios - relatorios_interface - INFO - Coluna de nome: Nome
2025-12-13 16:56:14,038 - sistema_relatorios - relatorios_interface - INFO - Total de clientes ativos encontrados: 15
2025-12-13 16:56:14,038 - sistema_relatorios - relatorios_interface - INFO - Lista de clientes atualizada com 16 clientes
2025-12-13 16:56:51,034 - sistema_relatorios - relatorios_interface - INFO - 🔍 INICIANDO gerar_relatorio para: medicoes_quinzenal
2025-12-13 16:56:51,035 - sistema_relatorios - relatorios_interface - INFO - 📄 PROCESSANDO: Relatório Quinzenal de Medições
2025-12-13 16:56:51,036 - sistema_relatorios - relatorios_interface - INFO - 📄 Carregando configurações do Relatório Quinzenal
2025-12-13 16:56:52,005 - sistema_relatorios - relatorios_interface - INFO - ✅ Configurações do Relatório Quinzenal carregadas
2025-12-13 16:57:43,505 - sistema_relatorios - relatorios_interface - INFO - Solicitado retorno ao menu principal
2025-12-13 16:57:43,506 - sistema_relatorios - relatorios_interface - INFO - Retornando ao menu principal existente
2025-12-13 16:57:43,570 - sistema_relatorios - relatorios_interface - INFO - Retorno ao menu principal concluído
2025-12-13 17:11:09,473 - sistema - logger_config - INFO - Sistema de logging inicializado
2025-12-13 17:11:09,475 - sistema_relatorios - logger_config - INFO - Usuário alterado para: sistema_relatorios
2025-12-13 17:11:09,475 - sistema_relatorios - relatorios_interface - INFO - Sistema de relatórios inicializando usando logger configurado
2025-12-13 17:11:09,476 - sistema_relatorios - relatorios_interface - INFO - Configurações de janela importadas com sucesso
2025-12-13 17:11:09,476 - sistema_relatorios - relatorios_interface - INFO - === Sistema de Relatórios Inicializando ===
2025-12-13 17:11:13,763 - sistema_relatorios - relatorios_interface - INFO - Carregando clientes de: C:\Users\Obras\sistema_gestao_testes\testes\Financeiro\Planilhas_Base\Clientes.xlsx
2025-12-13 17:11:13,857 - sistema_relatorios - relatorios_interface - INFO - Colunas disponíveis: ['Nome', 'Endereço', 'Data Inicial', 'Observações', 'Data Final', 'Tipo Taxa', 'CPF', 'CNO', 'Estado Civil', 'Cidade', 'Grupo']
2025-12-13 17:11:13,859 - sistema_relatorios - relatorios_interface - INFO - Coluna de status: Data Final
2025-12-13 17:11:13,874 - sistema_relatorios - relatorios_interface - INFO - Coluna de nome: Nome
2025-12-13 17:11:13,876 - sistema_relatorios - relatorios_interface - INFO - Total de clientes ativos encontrados: 15
2025-12-13 17:11:13,877 - sistema_relatorios - relatorios_interface - INFO - Lista de clientes atualizada com 16 clientes
2025-12-13 17:12:42,728 - sistema_relatorios - relatorios_interface - INFO - Solicitado retorno ao menu principal
2025-12-13 17:12:42,729 - sistema_relatorios - relatorios_interface - INFO - Retornando ao menu principal existente
2025-12-13 17:12:42,778 - sistema_relatorios - relatorios_interface - INFO - Retorno ao menu principal concluído
2025-12-13 17:16:08,251 - sistema - logger_config - INFO - Sistema de logging inicializado
2025-12-13 17:16:08,252 - sistema_relatorios - logger_config - INFO - Usuário alterado para: sistema_relatorios
2025-12-13 17:16:08,252 - sistema_relatorios - relatorios_interface - INFO - Sistema de relatórios inicializando usando logger configurado
2025-12-13 17:16:08,253 - sistema_relatorios - relatorios_interface - INFO - Configurações de janela importadas com sucesso
2025-12-13 17:16:08,253 - sistema_relatorios - relatorios_interface - INFO - === Sistema de Relatórios Inicializando ===
2025-12-13 17:16:12,934 - sistema_relatorios - relatorios_interface - INFO - Carregando clientes de: C:\Users\Obras\sistema_gestao_testes\testes\Financeiro\Planilhas_Base\Clientes.xlsx
2025-12-13 17:16:12,997 - sistema_relatorios - relatorios_interface - INFO - Colunas disponíveis: ['Nome', 'Endereço', 'Data Inicial', 'Observações', 'Data Final', 'Tipo Taxa', 'CPF', 'CNO', 'Estado Civil', 'Cidade', 'Grupo']
2025-12-13 17:16:12,998 - sistema_relatorios - relatorios_interface - INFO - Coluna de status: Data Final
2025-12-13 17:16:13,001 - sistema_relatorios - relatorios_interface - INFO - Coluna de nome: Nome
2025-12-13 17:16:13,002 - sistema_relatorios - relatorios_interface - INFO - Total de clientes ativos encontrados: 15
2025-12-13 17:16:13,003 - sistema_relatorios - relatorios_interface - INFO - Lista de clientes atualizada com 16 clientes
2025-12-13 17:17:42,805 - sistema_relatorios - relatorios_interface - INFO - Solicitado retorno ao menu principal
2025-12-13 17:17:42,806 - sistema_relatorios - relatorios_interface - INFO - Retornando ao menu principal existente
2025-12-13 17:17:42,862 - sistema_relatorios - relatorios_interface - INFO - Retorno ao menu principal concluído
2025-12-13 17:17:53,005 - sistema - logger_config - INFO - Sistema de logging inicializado
2025-12-13 17:17:53,007 - sistema_relatorios - logger_config - INFO - Usuário alterado para: sistema_relatorios
2025-12-13 17:17:53,010 - sistema_relatorios - relatorios_interface - INFO - Sistema de relatórios inicializando usando logger configurado
2025-12-13 17:17:53,012 - sistema_relatorios - relatorios_interface - INFO - Configurações de janela importadas com sucesso
2025-12-13 17:17:53,019 - sistema_relatorios - relatorios_interface - INFO - === Sistema de Relatórios Inicializando ===
2025-12-13 17:17:56,539 - sistema_relatorios - relatorios_interface - INFO - Carregando clientes de: C:\Users\Obras\sistema_gestao_testes\testes\Financeiro\Planilhas_Base\Clientes.xlsx
2025-12-13 17:17:56,598 - sistema_relatorios - relatorios_interface - INFO - Colunas disponíveis: ['Nome', 'Endereço', 'Data Inicial', 'Observações', 'Data Final', 'Tipo Taxa', 'CPF', 'CNO', 'Estado Civil', 'Cidade', 'Grupo']
2025-12-13 17:17:56,600 - sistema_relatorios - relatorios_interface - INFO - Coluna de status: Data Final
2025-12-13 17:17:56,604 - sistema_relatorios - relatorios_interface - INFO - Coluna de nome: Nome
2025-12-13 17:17:56,605 - sistema_relatorios - relatorios_interface - INFO - Total de clientes ativos encontrados: 15
2025-12-13 17:17:56,606 - sistema_relatorios - relatorios_interface - INFO - Lista de clientes atualizada com 16 clientes
2025-12-13 17:18:01,517 - sistema_relatorios - relatorios_interface - INFO - ✅ Opções do Relatório Quinzenal configuradas
2025-12-13 17:24:57,320 - sistema_relatorios - relatorios_interface - INFO - Solicitado retorno ao menu principal
2025-12-13 17:24:57,321 - sistema_relatorios - relatorios_interface - INFO - Retornando ao menu principal existente
2025-12-13 17:24:57,397 - sistema_relatorios - relatorios_interface - INFO - Retorno ao menu principal concluído
2025-12-13 17:25:08,398 - sistema - logger_config - INFO - Sistema de logging inicializado
2025-12-13 17:25:08,399 - sistema_relatorios - logger_config - INFO - Usuário alterado para: sistema_relatorios
2025-12-13 17:25:08,399 - sistema_relatorios - relatorios_interface - INFO - Sistema de relatórios inicializando usando logger configurado
2025-12-13 17:25:08,400 - sistema_relatorios - relatorios_interface - INFO - Configurações de janela importadas com sucesso
2025-12-13 17:25:08,400 - sistema_relatorios - relatorios_interface - INFO - === Sistema de Relatórios Inicializando ===
2025-12-13 17:25:12,740 - sistema_relatorios - relatorios_interface - INFO - Carregando clientes de: C:\Users\Obras\sistema_gestao_testes\testes\Financeiro\Planilhas_Base\Clientes.xlsx
2025-12-13 17:25:12,809 - sistema_relatorios - relatorios_interface - INFO - Colunas disponíveis: ['Nome', 'Endereço', 'Data Inicial', 'Observações', 'Data Final', 'Tipo Taxa', 'CPF', 'CNO', 'Estado Civil', 'Cidade', 'Grupo']
2025-12-13 17:25:12,811 - sistema_relatorios - relatorios_interface - INFO - Coluna de status: Data Final
2025-12-13 17:25:12,814 - sistema_relatorios - relatorios_interface - INFO - Coluna de nome: Nome
2025-12-13 17:25:12,815 - sistema_relatorios - relatorios_interface - INFO - Total de clientes ativos encontrados: 15
2025-12-13 17:25:12,816 - sistema_relatorios - relatorios_interface - INFO - Lista de clientes atualizada com 16 clientes
2025-12-13 17:25:17,453 - sistema_relatorios - relatorios_interface - INFO - ✅ Opções do Relatório Quinzenal configuradas
2025-12-13 17:27:49,014 - sistema_relatorios - relatorios_interface - INFO - Solicitado retorno ao menu principal
2025-12-13 17:27:49,015 - sistema_relatorios - relatorios_interface - INFO - Retornando ao menu principal existente
2025-12-13 17:27:49,116 - sistema_relatorios - relatorios_interface - INFO - Retorno ao menu principal concluído
2025-12-13 17:28:01,876 - sistema - logger_config - INFO - Sistema de logging inicializado
2025-12-13 17:28:01,876 - sistema_relatorios - logger_config - INFO - Usuário alterado para: sistema_relatorios
2025-12-13 17:28:01,877 - sistema_relatorios - relatorios_interface - INFO - Sistema de relatórios inicializando usando logger configurado
2025-12-13 17:28:01,877 - sistema_relatorios - relatorios_interface - INFO - Configurações de janela importadas com sucesso
2025-12-13 17:28:01,878 - sistema_relatorios - relatorios_interface - INFO - === Sistema de Relatórios Inicializando ===
2025-12-13 17:28:06,638 - sistema_relatorios - relatorios_interface - INFO - Carregando clientes de: C:\Users\Obras\sistema_gestao_testes\testes\Financeiro\Planilhas_Base\Clientes.xlsx
2025-12-13 17:28:06,701 - sistema_relatorios - relatorios_interface - INFO - Colunas disponíveis: ['Nome', 'Endereço', 'Data Inicial', 'Observações', 'Data Final', 'Tipo Taxa', 'CPF', 'CNO', 'Estado Civil', 'Cidade', 'Grupo']
2025-12-13 17:28:06,702 - sistema_relatorios - relatorios_interface - INFO - Coluna de status: Data Final
2025-12-13 17:28:06,705 - sistema_relatorios - relatorios_interface - INFO - Coluna de nome: Nome
2025-12-13 17:28:06,707 - sistema_relatorios - relatorios_interface - INFO - Total de clientes ativos encontrados: 15
2025-12-13 17:28:06,708 - sistema_relatorios - relatorios_interface - INFO - Lista de clientes atualizada com 16 clientes
2025-12-13 17:28:13,500 - sistema_relatorios - relatorios_interface - INFO - ✅ Opções do Relatório Quinzenal configuradas
2025-12-13 17:35:16,229 - sistema_relatorios - relatorios_interface - INFO - Solicitado retorno ao menu principal
2025-12-13 17:35:16,275 - sistema_relatorios - relatorios_interface - INFO - Retornando ao menu principal existente
2025-12-13 17:35:16,453 - sistema_relatorios - relatorios_interface - INFO - Retorno ao menu principal concluído
2025-12-13 17:35:26,688 - sistema - logger_config - INFO - Sistema de logging inicializado
2025-12-13 17:35:26,689 - sistema_relatorios - logger_config - INFO - Usuário alterado para: sistema_relatorios
2025-12-13 17:35:26,689 - sistema_relatorios - relatorios_interface - INFO - Sistema de relatórios inicializando usando logger configurado
2025-12-13 17:35:26,690 - sistema_relatorios - relatorios_interface - INFO - Configurações de janela importadas com sucesso
2025-12-13 17:35:26,690 - sistema_relatorios - relatorios_interface - INFO - === Sistema de Relatórios Inicializando ===
2025-12-13 17:35:36,944 - sistema_relatorios - relatorios_interface - INFO - Carregando clientes de: C:\Users\Obras\sistema_gestao_testes\testes\Financeiro\Planilhas_Base\Clientes.xlsx
2025-12-13 17:35:37,029 - sistema_relatorios - relatorios_interface - INFO - Colunas disponíveis: ['Nome', 'Endereço', 'Data Inicial', 'Observações', 'Data Final', 'Tipo Taxa', 'CPF', 'CNO', 'Estado Civil', 'Cidade', 'Grupo']
2025-12-13 17:35:37,031 - sistema_relatorios - relatorios_interface - INFO - Coluna de status: Data Final
2025-12-13 17:35:37,046 - sistema_relatorios - relatorios_interface - INFO - Coluna de nome: Nome
2025-12-13 17:35:37,048 - sistema_relatorios - relatorios_interface - INFO - Total de clientes ativos encontrados: 15
2025-12-13 17:35:37,049 - sistema_relatorios - relatorios_interface - INFO - Lista de clientes atualizada com 16 clientes
2025-12-13 17:35:40,285 - sistema_relatorios - relatorios_interface - INFO - ✅ Opções do Relatório Quinzenal configuradas
2025-12-13 17:36:39,673 - sistema_relatorios - relatorios_interface - INFO - Solicitado retorno ao menu principal
2025-12-13 17:36:39,674 - sistema_relatorios - relatorios_interface - INFO - Retornando ao menu principal existente
2025-12-13 17:36:39,760 - sistema_relatorios - relatorios_interface - INFO - Retorno ao menu principal concluído
