2025-12-12 08:42:26,797 - sistema - logger_config - INFO - Sistema de logging inicializado
2025-12-12 08:42:26,837 - sistema_relatorios - logger_config - INFO - Usuário alterado para: sistema_relatorios
2025-12-12 08:42:26,901 - sistema_relatorios - relatorios_interface - INFO - Sistema de relatórios inicializando usando logger configurado
2025-12-12 08:42:26,930 - sistema_relatorios - relatorios_interface - INFO - Configurações de janela importadas com sucesso
2025-12-12 08:42:26,999 - sistema_relatorios - relatorios_interface - INFO - === Sistema de Relatórios Inicializando ===
2025-12-12 08:42:44,886 - sistema_relatorios - relatorios_interface - INFO - Carregando clientes de: C:\Users\Obras\sistema_gestao_testes\testes\Financeiro\Planilhas_Base\Clientes.xlsx
2025-12-12 08:42:45,007 - sistema_relatorios - relatorios_interface - INFO - Colunas disponíveis: ['Nome', 'Endereço', 'Data Inicial', 'Observações', 'Data Final', 'Tipo Taxa', 'CPF', 'CNO', 'Estado Civil', 'Cidade', 'Grupo']
2025-12-12 08:42:45,008 - sistema_relatorios - relatorios_interface - INFO - Coluna de status: Data Final
2025-12-12 08:42:45,026 - sistema_relatorios - relatorios_interface - INFO - Coluna de nome: Nome
2025-12-12 08:42:45,028 - sistema_relatorios - relatorios_interface - INFO - Total de clientes ativos encontrados: 15
2025-12-12 08:42:45,029 - sistema_relatorios - relatorios_interface - INFO - Lista de clientes atualizada com 16 clientes
2025-12-12 08:42:47,121 - sistema_relatorios - relatorios_interface - INFO - Carregando clientes de: C:\Users\Obras\sistema_gestao_testes\testes\Financeiro\Planilhas_Base\Clientes.xlsx
2025-12-12 08:42:47,146 - sistema_relatorios - relatorios_interface - INFO - Colunas disponíveis: ['Nome', 'Endereço', 'Data Inicial', 'Observações', 'Data Final', 'Tipo Taxa', 'CPF', 'CNO', 'Estado Civil', 'Cidade', 'Grupo']
2025-12-12 08:42:47,149 - sistema_relatorios - relatorios_interface - INFO - Coluna de status: Data Final
2025-12-12 08:42:47,152 - sistema_relatorios - relatorios_interface - INFO - Coluna de nome: Nome
2025-12-12 08:42:47,153 - sistema_relatorios - relatorios_interface - INFO - Total de clientes ativos encontrados: 15
2025-12-12 08:42:49,730 - sistema_relatorios - relatorios_interface - INFO - 🔍 INICIANDO gerar_relatorio para: contratos
2025-12-12 08:42:49,730 - sistema_relatorios - relatorios_interface - INFO - 📋 Processando outros relatórios: contratos
2025-12-12 08:43:23,089 - sistema_relatorios - relatorios_interface - INFO - Solicitado retorno ao menu principal
2025-12-12 08:43:23,090 - sistema_relatorios - relatorios_interface - INFO - Retornando ao menu principal existente
2025-12-12 08:43:23,150 - sistema_relatorios - relatorios_interface - INFO - Retorno ao menu principal concluído
2025-12-12 08:46:45,317 - sistema_relatorios - logger_config - INFO - Iniciando: Carregar configurações
2025-12-12 08:46:45,357 - sistema_relatorios - logger_config - INFO - Concluído: Carregar configurações
2025-12-12 08:46:45,517 - sistema_relatorios - logger_config - INFO - Iniciando: Carregar configurações
2025-12-12 08:46:45,517 - sistema_relatorios - logger_config - INFO - Concluído: Carregar configurações
2025-12-12 08:46:45,519 - sistema_relatorios - logger_config - INFO - Iniciando: Carregar configurações
2025-12-12 08:46:45,520 - sistema_relatorios - logger_config - INFO - Concluído: Carregar configurações
2025-12-12 08:48:25,465 - sistema_relatorios - logger_config - INFO - Iniciando: Carregar configurações
2025-12-12 08:48:25,466 - sistema_relatorios - logger_config - INFO - Concluído: Carregar configurações
2025-12-12 08:48:35,324 - sistema_relatorios - gestao_medicoes - INFO - Logger importado com sucesso em gestao_medicoes.py
2025-12-12 08:48:35,596 - sistema_relatorios - gestao_medicoes - INFO - ✅ Janela Gestão de Medições inicializada com tripla proteção de visibilidade
2025-12-12 08:48:36,353 - sistema_relatorios - gerador_contrato - INFO - Carregando serviços de: C:\Users\Obras\sistema_gestao_testes\testes\Financeiro\Planilhas_Base\servicos_construcao.json
2025-12-12 08:48:36,411 - sistema_relatorios - gerador_contrato - INFO - Serviços carregados: 10 categorias
2025-12-12 08:48:36,413 - sistema_relatorios - gerador_contrato - INFO - Pasta de contratos verificada: C:\Users\Obras\sistema_gestao_testes\testes\Financeiro\Clientes\Contratos
2025-12-12 08:48:36,414 - sistema_relatorios - gerador_contrato - INFO - GeradorContrato inicializado com sucesso (usando python-docx)
2025-12-12 08:50:29,551 - sistema_relatorios - gestao_medicoes - INFO - ✅ Janela de Gestão de Medições fechada
2025-12-12 08:50:29,555 - sistema_relatorios - gestao_medicoes - INFO - ✅ Menu principal restaurado
2025-12-12 08:50:37,694 - sistema_relatorios - logger_config - INFO - Iniciando: Carregar configurações
2025-12-12 08:50:37,694 - sistema_relatorios - logger_config - INFO - Concluído: Carregar configurações
2025-12-12 08:50:37,848 - sistema_relatorios - logger_config - INFO - Iniciando: Carregar configurações
2025-12-12 08:50:37,849 - sistema_relatorios - logger_config - INFO - Concluído: Carregar configurações
2025-12-12 08:50:37,852 - sistema_relatorios - logger_config - INFO - Iniciando: Carregar configurações
2025-12-12 08:50:37,853 - sistema_relatorios - logger_config - INFO - Concluído: Carregar configurações
2025-12-12 08:50:47,658 - sistema_relatorios - logger_config - INFO - Iniciando: Carregar configurações
2025-12-12 08:50:47,659 - sistema_relatorios - logger_config - INFO - Concluído: Carregar configurações
2025-12-12 08:52:04,968 - sistema_relatorios - gestao_medicoes - INFO - ✅ Janela Gestão de Medições inicializada com tripla proteção de visibilidade
2025-12-12 08:52:05,642 - sistema_relatorios - gerador_contrato - INFO - Carregando serviços de: C:\Users\Obras\sistema_gestao_testes\testes\Financeiro\Planilhas_Base\servicos_construcao.json
2025-12-12 08:52:05,644 - sistema_relatorios - gerador_contrato - INFO - Serviços carregados: 10 categorias
2025-12-12 08:52:05,645 - sistema_relatorios - gerador_contrato - INFO - Pasta de contratos verificada: C:\Users\Obras\sistema_gestao_testes\testes\Financeiro\Clientes\Contratos
2025-12-12 08:52:05,646 - sistema_relatorios - gerador_contrato - INFO - GeradorContrato inicializado com sucesso (usando python-docx)
2025-12-12 08:52:42,875 - sistema_relatorios - gestao_medicoes - INFO - ✅ Janela de Gestão de Medições fechada
2025-12-12 08:52:42,880 - sistema_relatorios - gestao_medicoes - INFO - ✅ Menu principal restaurado
2025-12-12 08:52:46,206 - sistema_relatorios - logger_config - INFO - Iniciando: Carregar configurações
2025-12-12 08:52:46,207 - sistema_relatorios - logger_config - INFO - Concluído: Carregar configurações
2025-12-12 08:52:46,361 - sistema_relatorios - logger_config - INFO - Iniciando: Carregar configurações
2025-12-12 08:52:46,362 - sistema_relatorios - logger_config - INFO - Concluído: Carregar configurações
2025-12-12 08:52:46,364 - sistema_relatorios - logger_config - INFO - Iniciando: Carregar configurações
2025-12-12 08:52:46,364 - sistema_relatorios - logger_config - INFO - Concluído: Carregar configurações
2025-12-12 08:53:12,999 - sistema_relatorios - gestao_medicoes - INFO - ✅ Janela Gestão de Medições inicializada com tripla proteção de visibilidade
2025-12-12 08:53:13,671 - sistema_relatorios - gerador_contrato - INFO - Carregando serviços de: C:\Users\Obras\sistema_gestao_testes\testes\Financeiro\Planilhas_Base\servicos_construcao.json
2025-12-12 08:53:13,672 - sistema_relatorios - gerador_contrato - INFO - Serviços carregados: 10 categorias
2025-12-12 08:53:13,673 - sistema_relatorios - gerador_contrato - INFO - Pasta de contratos verificada: C:\Users\Obras\sistema_gestao_testes\testes\Financeiro\Clientes\Contratos
2025-12-12 08:53:13,674 - sistema_relatorios - gerador_contrato - INFO - GeradorContrato inicializado com sucesso (usando python-docx)
2025-12-12 08:53:47,701 - sistema_relatorios - gestao_medicoes - INFO - Rastreamento adicionado: Contrato 1, Medição 6, Linha 700
2025-12-12 08:54:52,478 - sistema_relatorios - gestao_medicoes - INFO - ✅ Janela de Gestão de Medições fechada
2025-12-12 08:54:52,482 - sistema_relatorios - gestao_medicoes - INFO - ✅ Menu principal restaurado
2025-12-12 08:54:54,246 - sistema_relatorios - logger_config - INFO - Iniciando: Carregar configurações
2025-12-12 08:54:54,247 - sistema_relatorios - logger_config - INFO - Concluído: Carregar configurações
2025-12-12 08:54:54,410 - sistema_relatorios - logger_config - INFO - Iniciando: Carregar configurações
2025-12-12 08:54:54,410 - sistema_relatorios - logger_config - INFO - Concluído: Carregar configurações
2025-12-12 08:54:54,412 - sistema_relatorios - logger_config - INFO - Iniciando: Carregar configurações
2025-12-12 08:54:54,413 - sistema_relatorios - logger_config - INFO - Concluído: Carregar configurações
2025-12-12 08:55:40,747 - sistema_relatorios - logger_config - INFO - Iniciando: Carregar configurações
2025-12-12 08:55:40,748 - sistema_relatorios - logger_config - INFO - Concluído: Carregar configurações
2025-12-12 08:56:51,711 - sistema_relatorios - logger_config - INFO - Iniciando: Carregar configurações
2025-12-12 08:56:51,711 - sistema_relatorios - logger_config - INFO - Concluído: Carregar configurações
2025-12-12 08:57:01,325 - sistema_relatorios - gestao_medicoes - INFO - ✅ Janela Gestão de Medições inicializada com tripla proteção de visibilidade
2025-12-12 08:57:01,979 - sistema_relatorios - gerador_contrato - INFO - Carregando serviços de: C:\Users\Obras\sistema_gestao_testes\testes\Financeiro\Planilhas_Base\servicos_construcao.json
2025-12-12 08:57:01,980 - sistema_relatorios - gerador_contrato - INFO - Serviços carregados: 10 categorias
2025-12-12 08:57:01,982 - sistema_relatorios - gerador_contrato - INFO - Pasta de contratos verificada: C:\Users\Obras\sistema_gestao_testes\testes\Financeiro\Clientes\Contratos
2025-12-12 08:57:01,983 - sistema_relatorios - gerador_contrato - INFO - GeradorContrato inicializado com sucesso (usando python-docx)
2025-12-12 10:01:51,903 - sistema_relatorios - gestao_medicoes - INFO - ✅ Janela de Gestão de Medições fechada
2025-12-12 10:01:51,946 - sistema_relatorios - gestao_medicoes - INFO - ✅ Menu principal restaurado
2025-12-12 10:13:57,380 - sistema - logger_config - INFO - Sistema de logging inicializado
2025-12-12 10:13:57,382 - sistema_relatorios - logger_config - INFO - Usuário alterado para: sistema_relatorios
2025-12-12 10:13:57,384 - sistema_relatorios - relatorios_interface - INFO - Sistema de relatórios inicializando usando logger configurado
2025-12-12 10:13:57,385 - sistema_relatorios - relatorios_interface - INFO - Configurações de janela importadas com sucesso
2025-12-12 10:13:57,386 - sistema_relatorios - relatorios_interface - INFO - === Sistema de Relatórios Inicializando ===
2025-12-12 10:15:35,230 - sistema_relatorios - logger_config - INFO - Iniciando: Carregar configurações
2025-12-12 10:15:35,246 - sistema_relatorios - logger_config - INFO - Concluído: Carregar configurações
2025-12-12 10:15:35,420 - sistema_relatorios - logger_config - INFO - Iniciando: Carregar configurações
2025-12-12 10:15:35,421 - sistema_relatorios - logger_config - INFO - Concluído: Carregar configurações
2025-12-12 10:15:35,423 - sistema_relatorios - logger_config - INFO - Iniciando: Carregar configurações
2025-12-12 10:15:35,424 - sistema_relatorios - logger_config - INFO - Concluído: Carregar configurações
2025-12-12 10:15:42,554 - sistema_relatorios - logger_config - INFO - Iniciando: Carregar configurações
2025-12-12 10:15:42,555 - sistema_relatorios - logger_config - INFO - Concluído: Carregar configurações
2025-12-12 10:16:03,039 - sistema_relatorios - logger_config - INFO - Iniciando: Carregar configurações
2025-12-12 10:16:03,039 - sistema_relatorios - logger_config - INFO - Concluído: Carregar configurações
2025-12-12 10:16:12,720 - sistema_relatorios - relatorios_interface - INFO - Carregando clientes de: C:\Users\Obras\sistema_gestao_testes\testes\Financeiro\Planilhas_Base\Clientes.xlsx
2025-12-12 10:16:12,745 - sistema_relatorios - relatorios_interface - INFO - Colunas disponíveis: ['Nome', 'Endereço', 'Data Inicial', 'Observações', 'Data Final', 'Tipo Taxa', 'CPF', 'CNO', 'Estado Civil', 'Cidade', 'Grupo']
2025-12-12 10:16:12,746 - sistema_relatorios - relatorios_interface - INFO - Coluna de status: Data Final
2025-12-12 10:16:12,756 - sistema_relatorios - relatorios_interface - INFO - Coluna de nome: Nome
2025-12-12 10:16:12,757 - sistema_relatorios - relatorios_interface - INFO - Total de clientes ativos encontrados: 15
2025-12-12 10:16:12,758 - sistema_relatorios - relatorios_interface - INFO - Lista de clientes atualizada com 16 clientes
2025-12-12 10:16:14,515 - sistema_relatorios - relatorios_interface - INFO - Carregando clientes de: C:\Users\Obras\sistema_gestao_testes\testes\Financeiro\Planilhas_Base\Clientes.xlsx
2025-12-12 10:16:14,541 - sistema_relatorios - relatorios_interface - INFO - Colunas disponíveis: ['Nome', 'Endereço', 'Data Inicial', 'Observações', 'Data Final', 'Tipo Taxa', 'CPF', 'CNO', 'Estado Civil', 'Cidade', 'Grupo']
2025-12-12 10:16:14,542 - sistema_relatorios - relatorios_interface - INFO - Coluna de status: Data Final
2025-12-12 10:16:14,545 - sistema_relatorios - relatorios_interface - INFO - Coluna de nome: Nome
2025-12-12 10:16:14,546 - sistema_relatorios - relatorios_interface - INFO - Total de clientes ativos encontrados: 15
2025-12-12 10:16:17,207 - sistema_relatorios - relatorios_interface - INFO - 🔍 INICIANDO gerar_relatorio para: contratos
2025-12-12 10:16:17,208 - sistema_relatorios - relatorios_interface - INFO - 📋 Processando outros relatórios: contratos
2025-12-12 10:18:28,533 - sistema_relatorios - relatorios_interface - INFO - Solicitado retorno ao menu principal
2025-12-12 10:18:28,534 - sistema_relatorios - relatorios_interface - INFO - Retornando ao menu principal existente
2025-12-12 10:18:28,611 - sistema_relatorios - relatorios_interface - INFO - Retorno ao menu principal concluído
2025-12-12 10:18:30,501 - sistema_relatorios - logger_config - INFO - Iniciando: Carregar configurações
2025-12-12 10:18:30,502 - sistema_relatorios - logger_config - INFO - Concluído: Carregar configurações
2025-12-12 10:18:30,664 - sistema_relatorios - logger_config - INFO - Iniciando: Carregar configurações
2025-12-12 10:18:30,665 - sistema_relatorios - logger_config - INFO - Concluído: Carregar configurações
2025-12-12 10:18:30,667 - sistema_relatorios - logger_config - INFO - Iniciando: Carregar configurações
2025-12-12 10:18:30,668 - sistema_relatorios - logger_config - INFO - Concluído: Carregar configurações
2025-12-12 10:18:59,010 - sistema_relatorios - logger_config - INFO - Iniciando: Carregar configurações
2025-12-12 10:18:59,010 - sistema_relatorios - logger_config - INFO - Concluído: Carregar configurações
2025-12-12 10:19:25,975 - sistema_relatorios - logger_config - INFO - Iniciando: Carregar configurações
2025-12-12 10:19:25,976 - sistema_relatorios - logger_config - INFO - Concluído: Carregar configurações
2025-12-12 10:19:31,666 - sistema_relatorios - gestao_medicoes - INFO - Logger importado com sucesso em gestao_medicoes.py
2025-12-12 10:19:31,897 - sistema_relatorios - gestao_medicoes - INFO - ✅ Janela Gestão de Medições inicializada com tripla proteção de visibilidade
2025-12-12 10:19:32,699 - sistema_relatorios - gerador_contrato - INFO - Carregando serviços de: C:\Users\Obras\sistema_gestao_testes\testes\Financeiro\Planilhas_Base\servicos_construcao.json
2025-12-12 10:19:32,716 - sistema_relatorios - gerador_contrato - INFO - Serviços carregados: 10 categorias
2025-12-12 10:19:32,718 - sistema_relatorios - gerador_contrato - INFO - Pasta de contratos verificada: C:\Users\Obras\sistema_gestao_testes\testes\Financeiro\Clientes\Contratos
2025-12-12 10:19:32,719 - sistema_relatorios - gerador_contrato - INFO - GeradorContrato inicializado com sucesso (usando python-docx)
2025-12-12 10:19:52,837 - sistema_relatorios - gestao_medicoes - INFO - ✅ Janela de Gestão de Medições fechada
2025-12-12 10:19:52,842 - sistema_relatorios - gestao_medicoes - INFO - ✅ Menu principal restaurado
2025-12-12 10:22:32,798 - sistema_relatorios - gestao_medicoes - INFO - ✅ Janela Gestão de Medições inicializada com tripla proteção de visibilidade
2025-12-12 10:22:33,512 - sistema_relatorios - gerador_contrato - INFO - Carregando serviços de: C:\Users\Obras\sistema_gestao_testes\testes\Financeiro\Planilhas_Base\servicos_construcao.json
2025-12-12 10:22:33,514 - sistema_relatorios - gerador_contrato - INFO - Serviços carregados: 10 categorias
2025-12-12 10:22:33,515 - sistema_relatorios - gerador_contrato - INFO - Pasta de contratos verificada: C:\Users\Obras\sistema_gestao_testes\testes\Financeiro\Clientes\Contratos
2025-12-12 10:22:33,516 - sistema_relatorios - gerador_contrato - INFO - GeradorContrato inicializado com sucesso (usando python-docx)
2025-12-12 10:22:35,868 - sistema_relatorios - gestao_medicoes - INFO - ✅ Janela de Gestão de Medições fechada
2025-12-12 10:22:35,873 - sistema_relatorios - gestao_medicoes - INFO - ✅ Menu principal restaurado
2025-12-12 10:22:36,990 - sistema_relatorios - relatorios_interface - INFO - Carregando clientes de: C:\Users\Obras\sistema_gestao_testes\testes\Financeiro\Planilhas_Base\Clientes.xlsx
2025-12-12 10:22:37,018 - sistema_relatorios - relatorios_interface - INFO - Colunas disponíveis: ['Nome', 'Endereço', 'Data Inicial', 'Observações', 'Data Final', 'Tipo Taxa', 'CPF', 'CNO', 'Estado Civil', 'Cidade', 'Grupo']
2025-12-12 10:22:37,019 - sistema_relatorios - relatorios_interface - INFO - Coluna de status: Data Final
2025-12-12 10:22:37,021 - sistema_relatorios - relatorios_interface - INFO - Coluna de nome: Nome
2025-12-12 10:22:37,022 - sistema_relatorios - relatorios_interface - INFO - Total de clientes ativos encontrados: 15
2025-12-12 10:22:37,023 - sistema_relatorios - relatorios_interface - INFO - Lista de clientes atualizada com 16 clientes
2025-12-12 10:22:38,872 - sistema_relatorios - relatorios_interface - INFO - Carregando clientes de: C:\Users\Obras\sistema_gestao_testes\testes\Financeiro\Planilhas_Base\Clientes.xlsx
2025-12-12 10:22:38,890 - sistema_relatorios - relatorios_interface - INFO - Colunas disponíveis: ['Nome', 'Endereço', 'Data Inicial', 'Observações', 'Data Final', 'Tipo Taxa', 'CPF', 'CNO', 'Estado Civil', 'Cidade', 'Grupo']
2025-12-12 10:22:38,891 - sistema_relatorios - relatorios_interface - INFO - Coluna de status: Data Final
2025-12-12 10:22:38,895 - sistema_relatorios - relatorios_interface - INFO - Coluna de nome: Nome
2025-12-12 10:22:38,896 - sistema_relatorios - relatorios_interface - INFO - Total de clientes ativos encontrados: 15
2025-12-12 10:22:41,603 - sistema_relatorios - relatorios_interface - INFO - 🔍 INICIANDO gerar_relatorio para: contratos
2025-12-12 10:22:41,603 - sistema_relatorios - relatorios_interface - INFO - 📋 Processando outros relatórios: contratos
2025-12-12 10:23:09,058 - sistema_relatorios - relatorios_interface - INFO - 🔍 INICIANDO gerar_relatorio para: contratos
2025-12-12 10:23:09,059 - sistema_relatorios - relatorios_interface - INFO - 📋 Processando outros relatórios: contratos
2025-12-12 10:24:53,249 - sistema_relatorios - relatorios_interface - INFO - 🔍 INICIANDO gerar_relatorio para: contratos
2025-12-12 10:24:53,250 - sistema_relatorios - relatorios_interface - INFO - 📋 Processando outros relatórios: contratos
2025-12-12 10:25:06,617 - sistema_relatorios - relatorios_interface - INFO - Solicitado retorno ao menu principal
2025-12-12 10:25:06,618 - sistema_relatorios - relatorios_interface - INFO - Retornando ao menu principal existente
2025-12-12 10:25:06,703 - sistema_relatorios - relatorios_interface - INFO - Retorno ao menu principal concluído
2025-12-12 10:25:08,296 - sistema_relatorios - logger_config - INFO - Iniciando: Carregar configurações
2025-12-12 10:25:08,297 - sistema_relatorios - logger_config - INFO - Concluído: Carregar configurações
2025-12-12 10:25:08,465 - sistema_relatorios - logger_config - INFO - Iniciando: Carregar configurações
2025-12-12 10:25:08,466 - sistema_relatorios - logger_config - INFO - Concluído: Carregar configurações
2025-12-12 10:25:08,468 - sistema_relatorios - logger_config - INFO - Iniciando: Carregar configurações
2025-12-12 10:25:08,469 - sistema_relatorios - logger_config - INFO - Concluído: Carregar configurações
2025-12-12 10:25:17,654 - sistema_relatorios - logger_config - INFO - Iniciando: Carregar configurações
2025-12-12 10:25:17,654 - sistema_relatorios - logger_config - INFO - Concluído: Carregar configurações
2025-12-12 10:25:35,840 - sistema_relatorios - relatorios_interface - INFO - Carregando clientes de: C:\Users\Obras\sistema_gestao_testes\testes\Financeiro\Planilhas_Base\Clientes.xlsx
2025-12-12 10:25:35,869 - sistema_relatorios - relatorios_interface - INFO - Colunas disponíveis: ['Nome', 'Endereço', 'Data Inicial', 'Observações', 'Data Final', 'Tipo Taxa', 'CPF', 'CNO', 'Estado Civil', 'Cidade', 'Grupo']
2025-12-12 10:25:35,870 - sistema_relatorios - relatorios_interface - INFO - Coluna de status: Data Final
2025-12-12 10:25:35,872 - sistema_relatorios - relatorios_interface - INFO - Coluna de nome: Nome
2025-12-12 10:25:35,873 - sistema_relatorios - relatorios_interface - INFO - Total de clientes ativos encontrados: 15
2025-12-12 10:25:35,874 - sistema_relatorios - relatorios_interface - INFO - Lista de clientes atualizada com 16 clientes
2025-12-12 10:25:38,305 - sistema_relatorios - relatorios_interface - INFO - Carregando clientes de: C:\Users\Obras\sistema_gestao_testes\testes\Financeiro\Planilhas_Base\Clientes.xlsx
2025-12-12 10:25:38,324 - sistema_relatorios - relatorios_interface - INFO - Colunas disponíveis: ['Nome', 'Endereço', 'Data Inicial', 'Observações', 'Data Final', 'Tipo Taxa', 'CPF', 'CNO', 'Estado Civil', 'Cidade', 'Grupo']
2025-12-12 10:25:38,325 - sistema_relatorios - relatorios_interface - INFO - Coluna de status: Data Final
2025-12-12 10:25:38,328 - sistema_relatorios - relatorios_interface - INFO - Coluna de nome: Nome
2025-12-12 10:25:38,329 - sistema_relatorios - relatorios_interface - INFO - Total de clientes ativos encontrados: 15
2025-12-12 10:25:43,857 - sistema_relatorios - relatorios_interface - INFO - 🔍 INICIANDO gerar_relatorio para: contratos
2025-12-12 10:25:43,858 - sistema_relatorios - relatorios_interface - INFO - 📋 Processando outros relatórios: contratos
2025-12-12 10:27:28,088 - sistema_relatorios - relatorios_interface - INFO - 🔍 INICIANDO gerar_relatorio para: contratos
2025-12-12 10:27:28,089 - sistema_relatorios - relatorios_interface - INFO - 📋 Processando outros relatórios: contratos
2025-12-12 10:27:32,304 - sistema_relatorios - relatorios_interface - INFO - Solicitado retorno ao menu principal
2025-12-12 10:27:32,304 - sistema_relatorios - relatorios_interface - INFO - Retornando ao menu principal existente
2025-12-12 10:27:32,416 - sistema_relatorios - relatorios_interface - INFO - Retorno ao menu principal concluído
2025-12-12 10:27:33,533 - sistema_relatorios - gestao_medicoes - INFO - ✅ Janela Gestão de Medições inicializada com tripla proteção de visibilidade
2025-12-12 10:27:34,231 - sistema_relatorios - gerador_contrato - INFO - Carregando serviços de: C:\Users\Obras\sistema_gestao_testes\testes\Financeiro\Planilhas_Base\servicos_construcao.json
2025-12-12 10:27:34,233 - sistema_relatorios - gerador_contrato - INFO - Serviços carregados: 10 categorias
2025-12-12 10:27:34,234 - sistema_relatorios - gerador_contrato - INFO - Pasta de contratos verificada: C:\Users\Obras\sistema_gestao_testes\testes\Financeiro\Clientes\Contratos
2025-12-12 10:27:34,234 - sistema_relatorios - gerador_contrato - INFO - GeradorContrato inicializado com sucesso (usando python-docx)
2025-12-12 10:27:56,968 - sistema_relatorios - gestao_medicoes - INFO - ✅ Janela de Gestão de Medições fechada
2025-12-12 10:27:56,969 - sistema_relatorios - gestao_medicoes - INFO - ✅ Menu principal restaurado
2025-12-12 10:27:59,489 - sistema_relatorios - relatorios_interface - INFO - Carregando clientes de: C:\Users\Obras\sistema_gestao_testes\testes\Financeiro\Planilhas_Base\Clientes.xlsx
2025-12-12 10:27:59,524 - sistema_relatorios - relatorios_interface - INFO - Colunas disponíveis: ['Nome', 'Endereço', 'Data Inicial', 'Observações', 'Data Final', 'Tipo Taxa', 'CPF', 'CNO', 'Estado Civil', 'Cidade', 'Grupo']
2025-12-12 10:27:59,525 - sistema_relatorios - relatorios_interface - INFO - Coluna de status: Data Final
2025-12-12 10:27:59,529 - sistema_relatorios - relatorios_interface - INFO - Coluna de nome: Nome
2025-12-12 10:27:59,531 - sistema_relatorios - relatorios_interface - INFO - Total de clientes ativos encontrados: 15
2025-12-12 10:27:59,532 - sistema_relatorios - relatorios_interface - INFO - Lista de clientes atualizada com 16 clientes
2025-12-12 10:28:01,968 - sistema_relatorios - relatorios_interface - INFO - Carregando clientes de: C:\Users\Obras\sistema_gestao_testes\testes\Financeiro\Planilhas_Base\Clientes.xlsx
2025-12-12 10:28:01,988 - sistema_relatorios - relatorios_interface - INFO - Colunas disponíveis: ['Nome', 'Endereço', 'Data Inicial', 'Observações', 'Data Final', 'Tipo Taxa', 'CPF', 'CNO', 'Estado Civil', 'Cidade', 'Grupo']
2025-12-12 10:28:01,991 - sistema_relatorios - relatorios_interface - INFO - Coluna de status: Data Final
2025-12-12 10:28:01,995 - sistema_relatorios - relatorios_interface - INFO - Coluna de nome: Nome
2025-12-12 10:28:01,996 - sistema_relatorios - relatorios_interface - INFO - Total de clientes ativos encontrados: 15
2025-12-12 10:28:07,911 - sistema_relatorios - relatorios_interface - INFO - 🔍 INICIANDO gerar_relatorio para: contratos
2025-12-12 10:28:07,912 - sistema_relatorios - relatorios_interface - INFO - 📋 Processando outros relatórios: contratos
2025-12-12 10:28:28,631 - sistema_relatorios - relatorios_interface - INFO - Solicitado retorno ao menu principal
2025-12-12 10:28:28,632 - sistema_relatorios - relatorios_interface - INFO - Retornando ao menu principal existente
2025-12-12 10:28:28,724 - sistema_relatorios - relatorios_interface - INFO - Retorno ao menu principal concluído
2025-12-12 10:29:58,389 - sistema_relatorios - relatorios_interface - INFO - Carregando clientes de: C:\Users\Obras\sistema_gestao_testes\testes\Financeiro\Planilhas_Base\Clientes.xlsx
2025-12-12 10:29:58,416 - sistema_relatorios - relatorios_interface - INFO - Colunas disponíveis: ['Nome', 'Endereço', 'Data Inicial', 'Observações', 'Data Final', 'Tipo Taxa', 'CPF', 'CNO', 'Estado Civil', 'Cidade', 'Grupo']
2025-12-12 10:29:58,417 - sistema_relatorios - relatorios_interface - INFO - Coluna de status: Data Final
2025-12-12 10:29:58,419 - sistema_relatorios - relatorios_interface - INFO - Coluna de nome: Nome
2025-12-12 10:29:58,420 - sistema_relatorios - relatorios_interface - INFO - Total de clientes ativos encontrados: 15
2025-12-12 10:29:58,420 - sistema_relatorios - relatorios_interface - INFO - Lista de clientes atualizada com 16 clientes
2025-12-12 10:30:07,366 - sistema_relatorios - relatorios_interface - INFO - Carregando clientes de: C:\Users\Obras\sistema_gestao_testes\testes\Financeiro\Planilhas_Base\Clientes.xlsx
2025-12-12 10:30:07,388 - sistema_relatorios - relatorios_interface - INFO - Colunas disponíveis: ['Nome', 'Endereço', 'Data Inicial', 'Observações', 'Data Final', 'Tipo Taxa', 'CPF', 'CNO', 'Estado Civil', 'Cidade', 'Grupo']
2025-12-12 10:30:07,392 - sistema_relatorios - relatorios_interface - INFO - Coluna de status: Data Final
2025-12-12 10:30:07,394 - sistema_relatorios - relatorios_interface - INFO - Coluna de nome: Nome
2025-12-12 10:30:07,395 - sistema_relatorios - relatorios_interface - INFO - Total de clientes ativos encontrados: 15
2025-12-12 10:30:12,646 - sistema_relatorios - relatorios_interface - INFO - 🔍 INICIANDO gerar_relatorio para: contratos
2025-12-12 10:30:12,647 - sistema_relatorios - relatorios_interface - INFO - 📋 Processando outros relatórios: contratos
2025-12-12 10:30:33,438 - sistema_relatorios - relatorios_interface - INFO - 🔍 INICIANDO gerar_relatorio para: contratos
2025-12-12 10:30:33,439 - sistema_relatorios - relatorios_interface - INFO - 📋 Processando outros relatórios: contratos
2025-12-12 10:30:48,629 - sistema_relatorios - relatorios_interface - INFO - Solicitado retorno ao menu principal
2025-12-12 10:30:48,630 - sistema_relatorios - relatorios_interface - INFO - Retornando ao menu principal existente
2025-12-12 10:30:48,701 - sistema_relatorios - relatorios_interface - INFO - Retorno ao menu principal concluído
2025-12-12 10:31:55,875 - sistema - logger_config - INFO - Sistema de logging inicializado
2025-12-12 10:31:55,875 - sistema_relatorios - logger_config - INFO - Usuário alterado para: sistema_relatorios
2025-12-12 10:31:55,876 - sistema_relatorios - relatorios_interface - INFO - Sistema de relatórios inicializando usando logger configurado
2025-12-12 10:31:55,876 - sistema_relatorios - relatorios_interface - INFO - Configurações de janela importadas com sucesso
2025-12-12 10:31:55,877 - sistema_relatorios - relatorios_interface - INFO - === Sistema de Relatórios Inicializando ===
2025-12-12 10:32:01,624 - sistema_relatorios - relatorios_interface - INFO - Carregando clientes de: C:\Users\Obras\sistema_gestao_testes\testes\Financeiro\Planilhas_Base\Clientes.xlsx
2025-12-12 10:32:01,679 - sistema_relatorios - relatorios_interface - INFO - Colunas disponíveis: ['Nome', 'Endereço', 'Data Inicial', 'Observações', 'Data Final', 'Tipo Taxa', 'CPF', 'CNO', 'Estado Civil', 'Cidade', 'Grupo']
2025-12-12 10:32:01,680 - sistema_relatorios - relatorios_interface - INFO - Coluna de status: Data Final
2025-12-12 10:32:01,683 - sistema_relatorios - relatorios_interface - INFO - Coluna de nome: Nome
2025-12-12 10:32:01,684 - sistema_relatorios - relatorios_interface - INFO - Total de clientes ativos encontrados: 15
2025-12-12 10:32:01,685 - sistema_relatorios - relatorios_interface - INFO - Lista de clientes atualizada com 16 clientes
2025-12-12 10:32:03,565 - sistema_relatorios - relatorios_interface - INFO - Carregando clientes de: C:\Users\Obras\sistema_gestao_testes\testes\Financeiro\Planilhas_Base\Clientes.xlsx
2025-12-12 10:32:03,589 - sistema_relatorios - relatorios_interface - INFO - Colunas disponíveis: ['Nome', 'Endereço', 'Data Inicial', 'Observações', 'Data Final', 'Tipo Taxa', 'CPF', 'CNO', 'Estado Civil', 'Cidade', 'Grupo']
2025-12-12 10:32:03,591 - sistema_relatorios - relatorios_interface - INFO - Coluna de status: Data Final
2025-12-12 10:32:03,593 - sistema_relatorios - relatorios_interface - INFO - Coluna de nome: Nome
2025-12-12 10:32:03,595 - sistema_relatorios - relatorios_interface - INFO - Total de clientes ativos encontrados: 15
2025-12-12 10:32:06,573 - sistema_relatorios - relatorios_interface - INFO - 🔍 INICIANDO gerar_relatorio para: contratos
2025-12-12 10:32:06,573 - sistema_relatorios - relatorios_interface - INFO - 📋 Processando outros relatórios: contratos
2025-12-12 10:32:35,780 - sistema_relatorios - relatorios_interface - INFO - Solicitado retorno ao menu principal
2025-12-12 10:32:35,781 - sistema_relatorios - relatorios_interface - INFO - Retornando ao menu principal existente
2025-12-12 10:32:35,850 - sistema_relatorios - relatorios_interface - INFO - Retorno ao menu principal concluído
2025-12-12 12:23:51,985 - sistema - logger_config - INFO - Sistema de logging inicializado
2025-12-12 12:23:51,986 - sistema_relatorios - logger_config - INFO - Usuário alterado para: sistema_relatorios
2025-12-12 12:23:51,986 - sistema_relatorios - relatorios_interface - INFO - Sistema de relatórios inicializando usando logger configurado
2025-12-12 12:23:51,987 - sistema_relatorios - relatorios_interface - INFO - Configurações de janela importadas com sucesso
2025-12-12 12:23:51,987 - sistema_relatorios - relatorios_interface - INFO - === Sistema de Relatórios Inicializando ===
2025-12-12 12:24:00,754 - sistema_relatorios - relatorios_interface - INFO - Carregando clientes de: C:\Users\Obras\sistema_gestao_testes\testes\Financeiro\Planilhas_Base\Clientes.xlsx
2025-12-12 12:24:00,944 - sistema_relatorios - relatorios_interface - INFO - Colunas disponíveis: ['Nome', 'Endereço', 'Data Inicial', 'Observações', 'Data Final', 'Tipo Taxa', 'CPF', 'CNO', 'Estado Civil', 'Cidade', 'Grupo']
2025-12-12 12:24:00,949 - sistema_relatorios - relatorios_interface - INFO - Coluna de status: Data Final
2025-12-12 12:24:00,977 - sistema_relatorios - relatorios_interface - INFO - Coluna de nome: Nome
2025-12-12 12:24:00,986 - sistema_relatorios - relatorios_interface - INFO - Total de clientes ativos encontrados: 15
2025-12-12 12:24:00,997 - sistema_relatorios - relatorios_interface - INFO - Lista de clientes atualizada com 16 clientes
2025-12-12 12:24:02,572 - sistema_relatorios - relatorios_interface - INFO - Carregando clientes de: C:\Users\Obras\sistema_gestao_testes\testes\Financeiro\Planilhas_Base\Clientes.xlsx
2025-12-12 12:24:02,597 - sistema_relatorios - relatorios_interface - INFO - Colunas disponíveis: ['Nome', 'Endereço', 'Data Inicial', 'Observações', 'Data Final', 'Tipo Taxa', 'CPF', 'CNO', 'Estado Civil', 'Cidade', 'Grupo']
2025-12-12 12:24:02,599 - sistema_relatorios - relatorios_interface - INFO - Coluna de status: Data Final
2025-12-12 12:24:02,602 - sistema_relatorios - relatorios_interface - INFO - Coluna de nome: Nome
2025-12-12 12:24:02,604 - sistema_relatorios - relatorios_interface - INFO - Total de clientes ativos encontrados: 15
2025-12-12 12:24:04,790 - sistema_relatorios - relatorios_interface - INFO - 🔍 INICIANDO gerar_relatorio para: contratos
2025-12-12 12:24:04,791 - sistema_relatorios - relatorios_interface - INFO - 📋 Processando outros relatórios: contratos
2025-12-12 12:31:38,153 - sistema_relatorios - relatorios_interface - INFO - 🔍 INICIANDO gerar_relatorio para: contratos
2025-12-12 12:31:38,155 - sistema_relatorios - relatorios_interface - INFO - 📋 Processando outros relatórios: contratos
2025-12-12 12:32:01,785 - sistema_relatorios - relatorios_interface - INFO - 🔍 INICIANDO gerar_relatorio para: contratos
2025-12-12 12:32:01,786 - sistema_relatorios - relatorios_interface - INFO - 📋 Processando outros relatórios: contratos
2025-12-12 14:25:07,441 - sistema_relatorios - relatorios_interface - INFO - 🔍 INICIANDO gerar_relatorio para: contratos
2025-12-12 14:25:07,447 - sistema_relatorios - relatorios_interface - INFO - 📋 Processando outros relatórios: contratos
2025-12-12 14:26:01,097 - sistema_relatorios - relatorios_interface - INFO - Solicitado retorno ao menu principal
2025-12-12 14:26:01,098 - sistema_relatorios - relatorios_interface - INFO - Retornando ao menu principal existente
2025-12-12 14:26:01,222 - sistema_relatorios - relatorios_interface - INFO - Retorno ao menu principal concluído
2025-12-12 14:28:11,656 - sistema_relatorios - logger_config - INFO - Iniciando: Carregar configurações
2025-12-12 14:28:11,665 - sistema_relatorios - logger_config - INFO - Concluído: Carregar configurações
2025-12-12 14:28:11,846 - sistema_relatorios - logger_config - INFO - Iniciando: Carregar configurações
2025-12-12 14:28:11,847 - sistema_relatorios - logger_config - INFO - Concluído: Carregar configurações
2025-12-12 14:28:11,849 - sistema_relatorios - logger_config - INFO - Iniciando: Carregar configurações
2025-12-12 14:28:11,850 - sistema_relatorios - logger_config - INFO - Concluído: Carregar configurações
2025-12-12 14:33:48,452 - sistema_relatorios - logger_config - INFO - Iniciando: Carregar configurações
2025-12-12 14:33:48,453 - sistema_relatorios - logger_config - INFO - Concluído: Carregar configurações
2025-12-12 14:33:53,213 - sistema_relatorios - logger_config - INFO - Iniciando: Carregar configurações
2025-12-12 14:33:53,214 - sistema_relatorios - logger_config - INFO - Concluído: Carregar configurações
2025-12-12 14:33:58,932 - sistema_relatorios - logger_config - INFO - Iniciando: Carregar configurações
2025-12-12 14:33:58,933 - sistema_relatorios - logger_config - INFO - Concluído: Carregar configurações
2025-12-12 14:34:26,266 - sistema_relatorios - logger_config - INFO - Iniciando: Carregar configurações
2025-12-12 14:34:26,267 - sistema_relatorios - logger_config - INFO - Concluído: Carregar configurações
2025-12-12 14:34:31,412 - sistema_relatorios - relatorios_interface - INFO - Carregando clientes de: C:\Users\Obras\sistema_gestao_testes\testes\Financeiro\Planilhas_Base\Clientes.xlsx
2025-12-12 14:34:31,441 - sistema_relatorios - relatorios_interface - INFO - Colunas disponíveis: ['Nome', 'Endereço', 'Data Inicial', 'Observações', 'Data Final', 'Tipo Taxa', 'CPF', 'CNO', 'Estado Civil', 'Cidade', 'Grupo']
2025-12-12 14:34:31,442 - sistema_relatorios - relatorios_interface - INFO - Coluna de status: Data Final
2025-12-12 14:34:31,454 - sistema_relatorios - relatorios_interface - INFO - Coluna de nome: Nome
2025-12-12 14:34:31,456 - sistema_relatorios - relatorios_interface - INFO - Total de clientes ativos encontrados: 15
2025-12-12 14:34:31,457 - sistema_relatorios - relatorios_interface - INFO - Lista de clientes atualizada com 16 clientes
2025-12-12 14:34:33,113 - sistema_relatorios - relatorios_interface - INFO - Carregando clientes de: C:\Users\Obras\sistema_gestao_testes\testes\Financeiro\Planilhas_Base\Clientes.xlsx
2025-12-12 14:34:33,133 - sistema_relatorios - relatorios_interface - INFO - Colunas disponíveis: ['Nome', 'Endereço', 'Data Inicial', 'Observações', 'Data Final', 'Tipo Taxa', 'CPF', 'CNO', 'Estado Civil', 'Cidade', 'Grupo']
2025-12-12 14:34:33,135 - sistema_relatorios - relatorios_interface - INFO - Coluna de status: Data Final
2025-12-12 14:34:33,139 - sistema_relatorios - relatorios_interface - INFO - Coluna de nome: Nome
2025-12-12 14:34:33,140 - sistema_relatorios - relatorios_interface - INFO - Total de clientes ativos encontrados: 15
2025-12-12 14:34:36,307 - sistema_relatorios - relatorios_interface - INFO - 🔍 INICIANDO gerar_relatorio para: contratos
2025-12-12 14:34:36,308 - sistema_relatorios - relatorios_interface - INFO - 📋 Processando outros relatórios: contratos
2025-12-12 14:35:50,767 - sistema_relatorios - relatorios_interface - INFO - Solicitado retorno ao menu principal
2025-12-12 14:35:50,863 - sistema_relatorios - relatorios_interface - INFO - Retornando ao menu principal existente
2025-12-12 14:35:51,009 - sistema_relatorios - relatorios_interface - INFO - Retorno ao menu principal concluído
2025-12-12 14:35:53,789 - sistema_relatorios - logger_config - INFO - Iniciando: Carregar configurações
2025-12-12 14:35:53,796 - sistema_relatorios - logger_config - INFO - Concluído: Carregar configurações
2025-12-12 14:35:54,031 - sistema_relatorios - logger_config - INFO - Iniciando: Carregar configurações
2025-12-12 14:35:54,032 - sistema_relatorios - logger_config - INFO - Concluído: Carregar configurações
2025-12-12 14:35:54,036 - sistema_relatorios - logger_config - INFO - Iniciando: Carregar configurações
2025-12-12 14:35:54,037 - sistema_relatorios - logger_config - INFO - Concluído: Carregar configurações
2025-12-12 14:36:19,976 - sistema_relatorios - gestao_medicoes - INFO - Logger importado com sucesso em gestao_medicoes.py
2025-12-12 14:36:20,511 - sistema_relatorios - gestao_medicoes - INFO - ✅ Janela Gestão de Medições inicializada com tripla proteção de visibilidade
2025-12-12 14:36:21,407 - sistema_relatorios - gerador_contrato - INFO - Carregando serviços de: C:\Users\Obras\sistema_gestao_testes\testes\Financeiro\Planilhas_Base\servicos_construcao.json
2025-12-12 14:36:21,415 - sistema_relatorios - gerador_contrato - INFO - Serviços carregados: 10 categorias
2025-12-12 14:36:21,418 - sistema_relatorios - gerador_contrato - INFO - Pasta de contratos verificada: C:\Users\Obras\sistema_gestao_testes\testes\Financeiro\Clientes\Contratos
2025-12-12 14:36:21,420 - sistema_relatorios - gerador_contrato - INFO - GeradorContrato inicializado com sucesso (usando python-docx)
2025-12-12 14:37:26,992 - sistema_relatorios - gestao_medicoes - INFO - ✅ Janela de Gestão de Medições fechada
2025-12-12 14:37:26,998 - sistema_relatorios - gestao_medicoes - INFO - ✅ Menu principal restaurado
2025-12-12 14:37:28,445 - sistema_relatorios - relatorios_interface - INFO - Carregando clientes de: C:\Users\Obras\sistema_gestao_testes\testes\Financeiro\Planilhas_Base\Clientes.xlsx
2025-12-12 14:37:28,474 - sistema_relatorios - relatorios_interface - INFO - Colunas disponíveis: ['Nome', 'Endereço', 'Data Inicial', 'Observações', 'Data Final', 'Tipo Taxa', 'CPF', 'CNO', 'Estado Civil', 'Cidade', 'Grupo']
2025-12-12 14:37:28,475 - sistema_relatorios - relatorios_interface - INFO - Coluna de status: Data Final
2025-12-12 14:37:28,486 - sistema_relatorios - relatorios_interface - INFO - Coluna de nome: Nome
2025-12-12 14:37:28,488 - sistema_relatorios - relatorios_interface - INFO - Total de clientes ativos encontrados: 15
2025-12-12 14:37:28,489 - sistema_relatorios - relatorios_interface - INFO - Lista de clientes atualizada com 16 clientes
2025-12-12 14:37:30,962 - sistema_relatorios - relatorios_interface - INFO - Carregando clientes de: C:\Users\Obras\sistema_gestao_testes\testes\Financeiro\Planilhas_Base\Clientes.xlsx
2025-12-12 14:37:30,985 - sistema_relatorios - relatorios_interface - INFO - Colunas disponíveis: ['Nome', 'Endereço', 'Data Inicial', 'Observações', 'Data Final', 'Tipo Taxa', 'CPF', 'CNO', 'Estado Civil', 'Cidade', 'Grupo']
2025-12-12 14:37:30,987 - sistema_relatorios - relatorios_interface - INFO - Coluna de status: Data Final
2025-12-12 14:37:30,989 - sistema_relatorios - relatorios_interface - INFO - Coluna de nome: Nome
2025-12-12 14:37:30,990 - sistema_relatorios - relatorios_interface - INFO - Total de clientes ativos encontrados: 15
2025-12-12 14:37:33,145 - sistema_relatorios - relatorios_interface - INFO - 🔍 INICIANDO gerar_relatorio para: contratos
2025-12-12 14:37:33,146 - sistema_relatorios - relatorios_interface - INFO - 📋 Processando outros relatórios: contratos
2025-12-12 14:58:54,123 - sistema_relatorios - relatorios_interface - INFO - Solicitado retorno ao menu principal
2025-12-12 14:58:54,145 - sistema_relatorios - relatorios_interface - INFO - Retornando ao menu principal existente
2025-12-12 14:58:54,284 - sistema_relatorios - relatorios_interface - INFO - Retorno ao menu principal concluído
2025-12-12 14:58:57,540 - sistema_relatorios - logger_config - INFO - Iniciando: Carregar configurações
2025-12-12 14:58:57,541 - sistema_relatorios - logger_config - INFO - Concluído: Carregar configurações
2025-12-12 14:58:57,670 - sistema_relatorios - logger_config - INFO - Iniciando: Carregar configurações
2025-12-12 14:58:57,671 - sistema_relatorios - logger_config - INFO - Concluído: Carregar configurações
2025-12-12 14:59:25,931 - sistema - logger_config - INFO - Sistema de logging inicializado
2025-12-12 14:59:25,932 - sistema_relatorios - logger_config - INFO - Usuário alterado para: sistema_relatorios
2025-12-12 14:59:25,933 - sistema_relatorios - relatorios_interface - INFO - Sistema de relatórios inicializando usando logger configurado
2025-12-12 14:59:25,933 - sistema_relatorios - relatorios_interface - INFO - Configurações de janela importadas com sucesso
2025-12-12 14:59:25,933 - sistema_relatorios - relatorios_interface - INFO - === Sistema de Relatórios Inicializando ===
2025-12-12 14:59:35,221 - sistema_relatorios - gestao_medicoes - INFO - Logger importado com sucesso em gestao_medicoes.py
2025-12-12 14:59:35,560 - sistema_relatorios - gestao_medicoes - INFO - ✅ Janela Gestão de Medições inicializada com tripla proteção de visibilidade
2025-12-12 14:59:37,855 - sistema_relatorios - gerador_contrato - INFO - Carregando serviços de: C:\Users\Obras\sistema_gestao_testes\testes\Financeiro\Planilhas_Base\servicos_construcao.json
2025-12-12 14:59:37,858 - sistema_relatorios - gerador_contrato - INFO - Serviços carregados: 10 categorias
2025-12-12 14:59:37,859 - sistema_relatorios - gerador_contrato - INFO - Pasta de contratos verificada: C:\Users\Obras\sistema_gestao_testes\testes\Financeiro\Clientes\Contratos
2025-12-12 14:59:37,860 - sistema_relatorios - gerador_contrato - INFO - GeradorContrato inicializado com sucesso (usando python-docx)
2025-12-12 14:59:56,515 - sistema_relatorios - gestao_medicoes - INFO - ✅ Janela de Gestão de Medições fechada
2025-12-12 14:59:56,522 - sistema_relatorios - gestao_medicoes - INFO - ✅ Menu principal restaurado
2025-12-12 15:00:01,044 - sistema_relatorios - logger_config - INFO - Iniciando: Carregar configurações
2025-12-12 15:00:01,047 - sistema_relatorios - logger_config - INFO - Concluído: Carregar configurações
2025-12-12 15:00:01,251 - sistema_relatorios - logger_config - INFO - Iniciando: Carregar configurações
2025-12-12 15:00:01,252 - sistema_relatorios - logger_config - INFO - Concluído: Carregar configurações
2025-12-12 15:00:01,254 - sistema_relatorios - logger_config - INFO - Iniciando: Carregar configurações
2025-12-12 15:00:01,255 - sistema_relatorios - logger_config - INFO - Concluído: Carregar configurações
2025-12-12 15:00:56,269 - sistema - logger_config - INFO - Sistema de logging inicializado
2025-12-12 15:00:56,270 - sistema_relatorios - logger_config - INFO - Usuário alterado para: sistema_relatorios
2025-12-12 15:00:56,270 - sistema_relatorios - relatorios_interface - INFO - Sistema de relatórios inicializando usando logger configurado
2025-12-12 15:00:56,270 - sistema_relatorios - relatorios_interface - INFO - Configurações de janela importadas com sucesso
2025-12-12 15:00:56,271 - sistema_relatorios - relatorios_interface - INFO - === Sistema de Relatórios Inicializando ===
2025-12-12 15:01:03,061 - sistema_relatorios - logger_config - INFO - Iniciando: Carregar configurações
2025-12-12 15:01:03,063 - sistema_relatorios - logger_config - INFO - Concluído: Carregar configurações
2025-12-12 15:01:03,237 - sistema_relatorios - logger_config - INFO - Iniciando: Carregar configurações
2025-12-12 15:01:03,238 - sistema_relatorios - logger_config - INFO - Concluído: Carregar configurações
2025-12-12 15:01:03,240 - sistema_relatorios - logger_config - INFO - Iniciando: Carregar configurações
2025-12-12 15:01:03,241 - sistema_relatorios - logger_config - INFO - Concluído: Carregar configurações
2025-12-12 15:06:45,891 - sistema - logger_config - INFO - Sistema de logging inicializado
2025-12-12 15:06:45,892 - sistema_relatorios - logger_config - INFO - Usuário alterado para: sistema_relatorios
2025-12-12 15:06:45,893 - sistema_relatorios - relatorios_interface - INFO - Sistema de relatórios inicializando usando logger configurado
2025-12-12 15:06:45,893 - sistema_relatorios - relatorios_interface - INFO - Configurações de janela importadas com sucesso
2025-12-12 15:06:45,893 - sistema_relatorios - relatorios_interface - INFO - === Sistema de Relatórios Inicializando ===
2025-12-12 15:06:51,746 - sistema_relatorios - logger_config - INFO - Iniciando: Carregar configurações
2025-12-12 15:06:51,751 - sistema_relatorios - logger_config - INFO - Concluído: Carregar configurações
2025-12-12 15:06:51,921 - sistema_relatorios - logger_config - INFO - Iniciando: Carregar configurações
2025-12-12 15:06:51,922 - sistema_relatorios - logger_config - INFO - Concluído: Carregar configurações
2025-12-12 15:06:51,924 - sistema_relatorios - logger_config - INFO - Iniciando: Carregar configurações
2025-12-12 15:06:51,925 - sistema_relatorios - logger_config - INFO - Concluído: Carregar configurações
2025-12-12 15:07:19,931 - sistema_relatorios - logger_config - INFO - Iniciando: Carregar configurações
2025-12-12 15:07:19,932 - sistema_relatorios - logger_config - INFO - Concluído: Carregar configurações
2025-12-12 15:07:44,053 - sistema_relatorios - logger_config - INFO - Iniciando: Carregar configurações
2025-12-12 15:07:44,054 - sistema_relatorios - logger_config - INFO - Concluído: Carregar configurações
2025-12-12 15:08:04,977 - sistema_relatorios - relatorios_interface - INFO - Carregando clientes de: C:\Users\Obras\sistema_gestao_testes\testes\Financeiro\Planilhas_Base\Clientes.xlsx
2025-12-12 15:08:04,998 - sistema_relatorios - relatorios_interface - INFO - Colunas disponíveis: ['Nome', 'Endereço', 'Data Inicial', 'Observações', 'Data Final', 'Tipo Taxa', 'CPF', 'CNO', 'Estado Civil', 'Cidade', 'Grupo']
2025-12-12 15:08:05,001 - sistema_relatorios - relatorios_interface - INFO - Coluna de status: Data Final
2025-12-12 15:08:05,007 - sistema_relatorios - relatorios_interface - INFO - Coluna de nome: Nome
2025-12-12 15:08:05,008 - sistema_relatorios - relatorios_interface - INFO - Total de clientes ativos encontrados: 15
2025-12-12 15:08:05,010 - sistema_relatorios - relatorios_interface - INFO - Lista de clientes atualizada com 16 clientes
2025-12-12 15:08:06,506 - sistema_relatorios - relatorios_interface - INFO - Carregando clientes de: C:\Users\Obras\sistema_gestao_testes\testes\Financeiro\Planilhas_Base\Clientes.xlsx
2025-12-12 15:08:06,525 - sistema_relatorios - relatorios_interface - INFO - Colunas disponíveis: ['Nome', 'Endereço', 'Data Inicial', 'Observações', 'Data Final', 'Tipo Taxa', 'CPF', 'CNO', 'Estado Civil', 'Cidade', 'Grupo']
2025-12-12 15:08:06,527 - sistema_relatorios - relatorios_interface - INFO - Coluna de status: Data Final
2025-12-12 15:08:06,530 - sistema_relatorios - relatorios_interface - INFO - Coluna de nome: Nome
2025-12-12 15:08:06,534 - sistema_relatorios - relatorios_interface - INFO - Total de clientes ativos encontrados: 15
2025-12-12 15:08:10,318 - sistema_relatorios - relatorios_interface - INFO - 🔍 INICIANDO gerar_relatorio para: contratos
2025-12-12 15:08:10,319 - sistema_relatorios - relatorios_interface - INFO - 📋 Processando outros relatórios: contratos
2025-12-12 15:12:59,779 - sistema_relatorios - relatorios_interface - INFO - Solicitado retorno ao menu principal
2025-12-12 15:12:59,780 - sistema_relatorios - relatorios_interface - INFO - Retornando ao menu principal existente
2025-12-12 15:12:59,854 - sistema_relatorios - relatorios_interface - INFO - Retorno ao menu principal concluído
2025-12-12 15:50:09,462 - sistema - logger_config - INFO - Sistema de logging inicializado
2025-12-12 16:04:52,091 - sistema - logger_config - INFO - Sistema de logging inicializado
2025-12-12 17:31:59,717 - sistema - logger_config - INFO - Sistema de logging inicializado
2025-12-12 18:17:45,487 - sistema - logger_config - INFO - Sistema de logging inicializado
2025-12-12 18:20:55,683 - sistema - logger_config - INFO - Sistema de logging inicializado
2025-12-12 18:27:55,536 - sistema - logger_config - INFO - Sistema de logging inicializado
