2025-05-20 09:49:25,810 - sistema - logger_config - INFO - Iniciando: Carregar configurações
2025-05-20 09:49:25,850 - sistema - logger_config - INFO - Concluído: Carregar configurações
2025-05-20 09:50:03,546 - sistema - Sistema_Entrada_Dados - INFO - Iniciando adição de dados - Cliente: BRUNO SANTANA RINALDI
2025-05-20 09:50:08,116 - sistema - Sistema_Entrada_Dados - WARNING - Falha na validação dos campos
2025-05-20 09:50:15,858 - sistema - Sistema_Entrada_Dados - INFO - Iniciando adição de dados - Cliente: BRUNO SANTANA RINALDI
2025-05-20 09:50:17,532 - sistema - Sistema_Entrada_Dados - INFO - Dados adicionados com sucesso - Cliente: BRUNO SANTANA RINALDI, Total: 1
2025-05-20 09:50:23,866 - sistema - Sistema_Entrada_Dados - INFO - Iniciando envio de dados - Cliente: BRUNO SANTANA RINALDI, Registros: 1
2025-05-20 09:50:23,867 - sistema - Sistema_Entrada_Dados - INFO - Obtendo dados do visualizador
2025-05-20 09:50:23,868 - sistema - Sistema_Entrada_Dados - INFO - Total de registros a processar: 1
2025-05-20 09:50:23,868 - sistema - Sistema_Entrada_Dados - INFO - Salvando em: H:\.shortcut-targets-by-id\195uuohIL_ZKum7lhwu-OzJCH_CGAb97G\Relatórios\Financeiro\Clientes\BRUNO SANTANA RINALDI.xlsx
2025-05-20 09:50:23,880 - sistema - Sistema_Entrada_Dados - ERROR - Permissão negada ao abrir arquivo: H:\.shortcut-targets-by-id\195uuohIL_ZKum7lhwu-OzJCH_CGAb97G\Relatórios\Financeiro\Clientes\BRUNO SANTANA RINALDI.xlsx
2025-05-20 09:50:43,882 - sistema - Sistema_Entrada_Dados - INFO - Iniciando envio de dados - Cliente: BRUNO SANTANA RINALDI, Registros: 1
2025-05-20 09:50:43,883 - sistema - Sistema_Entrada_Dados - INFO - Obtendo dados do visualizador
2025-05-20 09:50:43,884 - sistema - Sistema_Entrada_Dados - INFO - Total de registros a processar: 1
2025-05-20 09:50:43,884 - sistema - Sistema_Entrada_Dados - INFO - Salvando em: H:\.shortcut-targets-by-id\195uuohIL_ZKum7lhwu-OzJCH_CGAb97G\Relatórios\Financeiro\Clientes\BRUNO SANTANA RINALDI.xlsx
2025-05-20 09:50:52,384 - sistema - Sistema_Entrada_Dados - INFO - Dados salvos com sucesso - Cliente: BRUNO SANTANA RINALDI, Registros: 1
2025-05-20 11:49:41,448 - sistema - logger_config - INFO - Iniciando: Carregar configurações
2025-05-20 11:49:41,465 - sistema - logger_config - INFO - Concluído: Carregar configurações
2025-05-20 11:50:34,229 - sistema - Sistema_Entrada_Dados - INFO - Iniciando adição de dados - Cliente: BRUNO SANTANA RINALDI
2025-05-20 11:50:39,074 - sistema - Sistema_Entrada_Dados - INFO - Dados adicionados com sucesso - Cliente: BRUNO SANTANA RINALDI, Total: 1
2025-05-20 11:50:41,901 - sistema - logger_config - INFO - Iniciando: Carregar configurações
2025-05-20 11:50:41,901 - sistema - logger_config - INFO - Concluído: Carregar configurações
2025-05-20 11:50:54,725 - sistema - Sistema_Entrada_Dados - INFO - Iniciando adição de dados - Cliente: BRUNO SANTANA RINALDI
2025-05-20 11:50:57,754 - sistema - Sistema_Entrada_Dados - INFO - Dados adicionados com sucesso - Cliente: BRUNO SANTANA RINALDI, Total: 2
2025-05-20 11:51:18,208 - sistema - logger_config - INFO - Iniciando: Carregar configurações
2025-05-20 11:51:18,208 - sistema - logger_config - INFO - Concluído: Carregar configurações
2025-05-20 11:52:02,653 - sistema - Sistema_Entrada_Dados - INFO - Iniciando adição de dados - Cliente: BRUNO SANTANA RINALDI
2025-05-20 11:52:06,419 - sistema - Sistema_Entrada_Dados - INFO - Dados adicionados com sucesso - Cliente: BRUNO SANTANA RINALDI, Total: 3
2025-05-20 11:52:19,189 - sistema - Sistema_Entrada_Dados - INFO - Iniciando envio de dados - Cliente: BRUNO SANTANA RINALDI, Registros: 3
2025-05-20 11:52:19,190 - sistema - Sistema_Entrada_Dados - INFO - Obtendo dados do visualizador
2025-05-20 11:52:19,191 - sistema - Sistema_Entrada_Dados - INFO - Total de registros a processar: 3
2025-05-20 11:52:19,191 - sistema - Sistema_Entrada_Dados - INFO - Salvando em: H:\.shortcut-targets-by-id\195uuohIL_ZKum7lhwu-OzJCH_CGAb97G\Relatórios\Financeiro\Clientes\BRUNO SANTANA RINALDI.xlsx
2025-05-20 11:52:19,195 - sistema - Sistema_Entrada_Dados - ERROR - Permissão negada ao abrir arquivo: H:\.shortcut-targets-by-id\195uuohIL_ZKum7lhwu-OzJCH_CGAb97G\Relatórios\Financeiro\Clientes\BRUNO SANTANA RINALDI.xlsx
2025-05-20 11:52:35,517 - sistema - Sistema_Entrada_Dados - INFO - Iniciando envio de dados - Cliente: BRUNO SANTANA RINALDI, Registros: 3
2025-05-20 11:52:35,517 - sistema - Sistema_Entrada_Dados - INFO - Obtendo dados do visualizador
2025-05-20 11:52:35,518 - sistema - Sistema_Entrada_Dados - INFO - Total de registros a processar: 3
2025-05-20 11:52:35,518 - sistema - Sistema_Entrada_Dados - INFO - Salvando em: H:\.shortcut-targets-by-id\195uuohIL_ZKum7lhwu-OzJCH_CGAb97G\Relatórios\Financeiro\Clientes\BRUNO SANTANA RINALDI.xlsx
2025-05-20 11:52:35,797 - sistema - Sistema_Entrada_Dados - WARNING - Duplicata detectada: MHS MENSALIDADE - REF. 04/2025 - 130.00 - NF:  - Vencto: 05/05/2025
2025-05-20 11:52:35,808 - sistema - Sistema_Entrada_Dados - WARNING - Detectados 1 possíveis lançamentos duplicados
2025-05-20 11:52:44,439 - sistema - Sistema_Entrada_Dados - INFO - Operação cancelada pelo usuário devido a duplicatas
2025-05-20 11:55:42,212 - sistema - logger_config - INFO - Iniciando: Carregar configurações
2025-05-20 11:55:42,226 - sistema - logger_config - INFO - Concluído: Carregar configurações
2025-05-20 12:01:21,102 - sistema - Sistema_Entrada_Dados - INFO - Iniciando envio de dados - Cliente: BRUNO SANTANA RINALDI, Registros: 3
2025-05-20 12:01:21,102 - sistema - Sistema_Entrada_Dados - INFO - Usando dados_para_incluir existentes
2025-05-20 12:01:21,103 - sistema - Sistema_Entrada_Dados - INFO - Total de registros a processar: 3
2025-05-20 12:01:21,103 - sistema - Sistema_Entrada_Dados - INFO - Salvando em: H:\.shortcut-targets-by-id\195uuohIL_ZKum7lhwu-OzJCH_CGAb97G\Relatórios\Financeiro\Clientes\BRUNO SANTANA RINALDI.xlsx
2025-05-20 12:01:21,356 - sistema - Sistema_Entrada_Dados - WARNING - Duplicata detectada: ALEXSANDRO VENANCIO DA SILVA - SALÁRIO - 1156.00 - NF:  - Vencto: 20/05/2025
2025-05-20 12:01:21,360 - sistema - Sistema_Entrada_Dados - WARNING - Duplicata detectada: CRISTOFER BARBOSA ROSA - SALÁRIO - 854.80 - NF:  - Vencto: 20/05/2025
2025-05-20 12:01:21,365 - sistema - Sistema_Entrada_Dados - WARNING - Duplicata detectada: GERALDO ROSA JUNIOR - SALÁRIO - 2080.00 - NF:  - Vencto: 20/05/2025
2025-05-20 12:01:21,365 - sistema - Sistema_Entrada_Dados - WARNING - Detectados 3 possíveis lançamentos duplicados
2025-05-20 12:01:27,149 - sistema - Sistema_Entrada_Dados - INFO - Operação cancelada pelo usuário devido a duplicatas
2025-05-20 14:50:15,907 - sistema - Sistema_Entrada_Dados - INFO - Iniciando envio de dados - Cliente: BRUNO SANTANA RINALDI, Registros: 3
2025-05-20 14:50:15,908 - sistema - Sistema_Entrada_Dados - INFO - Obtendo dados do visualizador
2025-05-20 14:50:15,909 - sistema - Sistema_Entrada_Dados - INFO - Total de registros a processar: 3
2025-05-20 14:50:15,910 - sistema - Sistema_Entrada_Dados - INFO - Salvando em: H:\.shortcut-targets-by-id\195uuohIL_ZKum7lhwu-OzJCH_CGAb97G\Relatórios\Financeiro\Clientes\BRUNO SANTANA RINALDI.xlsx
2025-05-20 14:50:16,172 - sistema - Sistema_Entrada_Dados - WARNING - Duplicata detectada: ALEXSANDRO VENANCIO DA SILVA - SALÁRIO - 1156.00 - NF:  - Vencto: 20/05/2025
2025-05-20 14:50:16,177 - sistema - Sistema_Entrada_Dados - WARNING - Duplicata detectada: CRISTOFER BARBOSA ROSA - SALÁRIO - 854.80 - NF:  - Vencto: 20/05/2025
2025-05-20 14:50:16,182 - sistema - Sistema_Entrada_Dados - WARNING - Duplicata detectada: GERALDO ROSA JUNIOR - SALÁRIO - 2080.00 - NF:  - Vencto: 20/05/2025
2025-05-20 14:50:16,182 - sistema - Sistema_Entrada_Dados - WARNING - Detectados 3 possíveis lançamentos duplicados
2025-05-20 14:50:32,365 - sistema - Sistema_Entrada_Dados - INFO - Operação cancelada pelo usuário devido a duplicatas
2025-05-20 15:57:27,422 - sistema - Sistema_Entrada_Dados - INFO - Iniciando envio de dados - Cliente: BRUNO SANTANA RINALDI, Registros: 3
2025-05-20 15:57:27,423 - sistema - Sistema_Entrada_Dados - INFO - Usando dados_para_incluir existentes
2025-05-20 15:57:27,424 - sistema - Sistema_Entrada_Dados - INFO - Total de registros a processar: 3
2025-05-20 15:57:27,425 - sistema - Sistema_Entrada_Dados - INFO - Salvando em: H:\.shortcut-targets-by-id\195uuohIL_ZKum7lhwu-OzJCH_CGAb97G\Relatórios\Financeiro\Clientes\BRUNO SANTANA RINALDI.xlsx
2025-05-20 15:57:27,670 - sistema - Sistema_Entrada_Dados - WARNING - Duplicata detectada: ALEXSANDRO VENANCIO DA SILVA - SALÁRIO - 1156.00 - NF:  - Vencto: 20/05/2025
2025-05-20 15:57:27,675 - sistema - Sistema_Entrada_Dados - WARNING - Duplicata detectada: CRISTOFER BARBOSA ROSA - SALÁRIO - 854.80 - NF:  - Vencto: 20/05/2025
2025-05-20 15:57:27,682 - sistema - Sistema_Entrada_Dados - WARNING - Duplicata detectada: GERALDO ROSA JUNIOR - SALÁRIO - 2080.00 - NF:  - Vencto: 20/05/2025
2025-05-20 15:57:27,683 - sistema - Sistema_Entrada_Dados - WARNING - Detectados 3 possíveis lançamentos duplicados
2025-05-20 15:57:32,549 - sistema - Sistema_Entrada_Dados - INFO - Operação cancelada pelo usuário devido a duplicatas
