2026-03-04 14:59:52,770 - sistema - logger_config - INFO - Sistema de logging inicializado
2026-03-04 14:59:52,784 - sistema_relatorios - logger_config - INFO - Usuário alterado para: sistema_relatorios
2026-03-04 14:59:52,787 - sistema_relatorios - relatorios_interface - INFO - Sistema de relatórios inicializando usando logger configurado
2026-03-04 14:59:52,790 - sistema_relatorios - relatorios_interface - INFO - Configurações de janela importadas com sucesso
2026-03-04 14:59:52,839 - sistema_relatorios - relatorios_interface - INFO - === Sistema de Relatórios Inicializando ===
2026-03-04 14:59:57,602 - sistema_relatorios - logger_config - INFO - Iniciando: Carregar configurações
2026-03-04 14:59:57,623 - sistema_relatorios - logger_config - INFO - Concluído: Carregar configurações
2026-03-04 14:59:57,836 - sistema_relatorios - logger_config - INFO - Iniciando: Carregar configurações
2026-03-04 14:59:57,837 - sistema_relatorios - logger_config - INFO - Concluído: Carregar configurações
2026-03-04 14:59:57,840 - sistema_relatorios - logger_config - INFO - Iniciando: Carregar configurações
2026-03-04 14:59:57,847 - sistema_relatorios - logger_config - INFO - Concluído: Carregar configurações
2026-03-04 15:27:48,026 - sistema - logger_config - INFO - Sistema de logging inicializado
2026-03-04 15:27:48,028 - sistema_relatorios - logger_config - INFO - Usuário alterado para: sistema_relatorios
2026-03-04 15:27:48,029 - sistema_relatorios - relatorios_interface - INFO - Sistema de relatórios inicializando usando logger configurado
2026-03-04 15:27:48,033 - sistema_relatorios - relatorios_interface - INFO - Configurações de janela importadas com sucesso
2026-03-04 15:27:48,035 - sistema_relatorios - relatorios_interface - INFO - === Sistema de Relatórios Inicializando ===
2026-03-04 15:27:50,412 - sistema_relatorios - logger_config - INFO - Iniciando: Carregar configurações
2026-03-04 15:27:50,418 - sistema_relatorios - logger_config - INFO - Concluído: Carregar configurações
2026-03-04 15:27:50,617 - sistema_relatorios - logger_config - INFO - Iniciando: Carregar configurações
2026-03-04 15:27:50,618 - sistema_relatorios - logger_config - INFO - Concluído: Carregar configurações
2026-03-04 15:27:50,620 - sistema_relatorios - logger_config - INFO - Iniciando: Carregar configurações
2026-03-04 15:27:50,621 - sistema_relatorios - logger_config - INFO - Concluído: Carregar configurações
2026-03-04 15:39:40,748 - sistema - logger_config - INFO - Sistema de logging inicializado
2026-03-04 15:39:40,751 - sistema_relatorios - logger_config - INFO - Usuário alterado para: sistema_relatorios
2026-03-04 15:39:40,787 - sistema_relatorios - relatorios_interface - INFO - Sistema de relatórios inicializando usando logger configurado
2026-03-04 15:39:40,802 - sistema_relatorios - relatorios_interface - INFO - Configurações de janela importadas com sucesso
2026-03-04 15:39:40,828 - sistema_relatorios - relatorios_interface - INFO - === Sistema de Relatórios Inicializando ===
2026-03-04 15:39:52,219 - sistema_relatorios - logger_config - INFO - Iniciando: Carregar configurações
2026-03-04 15:39:52,222 - sistema_relatorios - logger_config - INFO - Concluído: Carregar configurações
2026-03-04 15:39:52,462 - sistema_relatorios - logger_config - INFO - Iniciando: Carregar configurações
2026-03-04 15:39:52,463 - sistema_relatorios - logger_config - INFO - Concluído: Carregar configurações
2026-03-04 15:39:52,466 - sistema_relatorios - logger_config - INFO - Iniciando: Carregar configurações
2026-03-04 15:39:52,467 - sistema_relatorios - logger_config - INFO - Concluído: Carregar configurações
2026-03-04 15:41:32,618 - sistema - logger_config - INFO - Sistema de logging inicializado
2026-03-04 15:41:32,620 - sistema_relatorios - logger_config - INFO - Usuário alterado para: sistema_relatorios
2026-03-04 15:41:32,621 - sistema_relatorios - relatorios_interface - INFO - Sistema de relatórios inicializando usando logger configurado
2026-03-04 15:41:32,622 - sistema_relatorios - relatorios_interface - INFO - Configurações de janela importadas com sucesso
2026-03-04 15:41:32,624 - sistema_relatorios - relatorios_interface - INFO - === Sistema de Relatórios Inicializando ===
2026-03-04 15:41:35,039 - sistema_relatorios - logger_config - INFO - Iniciando: Carregar configurações
2026-03-04 15:41:35,045 - sistema_relatorios - logger_config - INFO - Concluído: Carregar configurações
2026-03-04 15:41:35,283 - sistema_relatorios - logger_config - INFO - Iniciando: Carregar configurações
2026-03-04 15:41:35,284 - sistema_relatorios - logger_config - INFO - Concluído: Carregar configurações
2026-03-04 15:41:35,287 - sistema_relatorios - logger_config - INFO - Iniciando: Carregar configurações
2026-03-04 15:41:35,287 - sistema_relatorios - logger_config - INFO - Concluído: Carregar configurações
