2026-04-07 07:43:32,212 - sistema - logger_config - INFO - Sistema de logging inicializado
2026-04-07 07:43:32,214 - sistema_relatorios - logger_config - INFO - Usuário alterado para: sistema_relatorios
2026-04-07 07:43:32,216 - sistema_relatorios - relatorios_interface - INFO - Sistema de relatórios inicializando usando logger configurado
2026-04-07 07:43:32,216 - sistema_relatorios - relatorios_interface - INFO - Configurações de janela importadas com sucesso
2026-04-07 07:43:32,218 - sistema_relatorios - relatorios_interface - INFO - === Sistema de Relatórios Inicializando ===
2026-04-07 07:43:35,595 - sistema_relatorios - logger_config - INFO - Iniciando: Carregar configurações
2026-04-07 07:43:35,618 - sistema_relatorios - logger_config - INFO - Concluído: Carregar configurações
2026-04-07 07:43:35,830 - sistema_relatorios - logger_config - INFO - Iniciando: Carregar configurações
2026-04-07 07:43:35,830 - sistema_relatorios - logger_config - INFO - Concluído: Carregar configurações
2026-04-07 07:43:35,834 - sistema_relatorios - logger_config - INFO - Iniciando: Carregar configurações
2026-04-07 07:43:35,835 - sistema_relatorios - logger_config - INFO - Concluído: Carregar configurações
2026-04-07 10:48:23,239 - sistema - logger_config - INFO - Sistema de logging inicializado
2026-04-07 10:48:23,243 - sistema_relatorios - logger_config - INFO - Usuário alterado para: sistema_relatorios
2026-04-07 10:48:23,245 - sistema_relatorios - relatorios_interface - INFO - Sistema de relatórios inicializando usando logger configurado
2026-04-07 10:48:23,247 - sistema_relatorios - relatorios_interface - INFO - Configurações de janela importadas com sucesso
2026-04-07 10:48:23,248 - sistema_relatorios - relatorios_interface - INFO - === Sistema de Relatórios Inicializando ===
2026-04-07 10:48:38,686 - sistema_relatorios - gestao_medicoes - INFO - Logger importado com sucesso em gestao_medicoes.py
2026-04-07 10:48:39,326 - sistema_relatorios - gestao_medicoes - INFO - ✅ Janela Gestão de Medições inicializada com tripla proteção de visibilidade
2026-04-07 10:48:41,677 - sistema_relatorios - gerador_contrato - INFO - Carregando serviços de: C:\Users\Obras\sistema_gestao_testes\testes\Financeiro\Planilhas_Base\servicos_construcao.json
2026-04-07 10:48:41,716 - sistema_relatorios - gerador_contrato - INFO - Serviços carregados: 10 categorias
2026-04-07 10:48:41,719 - sistema_relatorios - gerador_contrato - INFO - Pasta de contratos verificada: C:\Users\Obras\sistema_gestao_testes\testes\Financeiro\Clientes\Contratos
2026-04-07 10:48:41,719 - sistema_relatorios - gerador_contrato - INFO - GeradorContrato inicializado com sucesso (usando python-docx)
2026-04-07 10:48:42,986 - sistema_relatorios - gestao_medicoes - INFO - ✅ Janela de Gestão de Medições fechada
2026-04-07 10:48:42,989 - sistema_relatorios - gestao_medicoes - INFO - ✅ Menu principal restaurado
2026-04-07 13:57:08,205 - sistema - logger_config - INFO - Sistema de logging inicializado
2026-04-07 13:57:08,207 - sistema_relatorios - logger_config - INFO - Usuário alterado para: sistema_relatorios
2026-04-07 13:57:08,247 - sistema_relatorios - relatorios_interface - INFO - Sistema de relatórios inicializando usando logger configurado
2026-04-07 13:57:08,279 - sistema_relatorios - relatorios_interface - INFO - Configurações de janela importadas com sucesso
2026-04-07 13:57:08,315 - sistema_relatorios - relatorios_interface - INFO - === Sistema de Relatórios Inicializando ===
2026-04-07 13:57:42,070 - sistema_relatorios - gestao_medicoes - INFO - Logger importado com sucesso em gestao_medicoes.py
2026-04-07 13:57:42,443 - sistema_relatorios - gestao_medicoes - INFO - ✅ Janela Gestão de Medições inicializada com tripla proteção de visibilidade
2026-04-07 13:57:44,974 - sistema_relatorios - gerador_contrato - INFO - Carregando serviços de: C:\Users\Obras\sistema_gestao_testes\testes\Financeiro\Planilhas_Base\servicos_construcao.json
2026-04-07 13:57:44,992 - sistema_relatorios - gerador_contrato - INFO - Serviços carregados: 10 categorias
2026-04-07 13:57:44,998 - sistema_relatorios - gerador_contrato - INFO - Pasta de contratos verificada: C:\Users\Obras\sistema_gestao_testes\testes\Financeiro\Clientes\Contratos
2026-04-07 13:57:44,999 - sistema_relatorios - gerador_contrato - INFO - GeradorContrato inicializado com sucesso (usando python-docx)
2026-04-07 13:57:47,274 - sistema_relatorios - gerador_contrato - INFO - Obtendo dados do cliente: BRUNO SANTANA RINALDI
2026-04-07 13:57:47,301 - sistema_relatorios - gerador_contrato - INFO - Colunas disponíveis: ['Nome', 'Endereço', 'Data Inicial', 'Observações', 'Data Final', 'Tipo Taxa', 'CPF', 'CNO', 'Estado Civil', 'Cidade', 'Grupo', 'Logradouro', 'Numero', 'Complemento', 'Localidade', 'CEP', 'Estado', 'Metragem_Alvara', 'Banco', 'Agencia', 'Conta', 'Tipo_Conta', 'PIX']
2026-04-07 13:57:47,321 - sistema_relatorios - gerador_contrato - INFO - CPF bruto obtido: 123.456.789-00 (tipo: <class 'str'>)
2026-04-07 13:57:47,322 - sistema_relatorios - gerador_contrato - INFO - CPF como string: 123.456.789-00
2026-04-07 13:57:47,323 - sistema_relatorios - gerador_contrato - INFO - CPF apenas números: 12345678900
2026-04-07 13:57:47,324 - sistema_relatorios - gerador_contrato - INFO - ✅ CPF formatado: 123.456.789-00
2026-04-07 13:57:47,324 - sistema_relatorios - gerador_contrato - INFO - CNO já formatado: 90.018.91862/63
2026-04-07 13:57:47,325 - sistema_relatorios - gerador_contrato - INFO - ✅ Dados do cliente processados - CPF final: 123.456.789-00
2026-04-07 13:57:47,326 - sistema_relatorios - gerador_contrato - INFO - Dados do cliente obtidos com sucesso: BRUNO SANTANA RINALDI
2026-04-07 13:58:06,347 - sistema_relatorios - gestao_medicoes - INFO - Prazo calculado: 22 dias úteis (excluindo data início)
2026-04-07 13:58:06,347 - sistema_relatorios - gestao_medicoes - INFO - Formulário de contrato limpo
2026-04-07 13:58:06,351 - sistema_relatorios - gestao_medicoes - INFO - Contrato 9 carregado para reemissão
2026-04-07 13:59:15,691 - sistema_relatorios - gestao_medicoes - INFO - Prazo calculado: 22 dias úteis (excluindo data início)
2026-04-07 13:59:15,691 - sistema_relatorios - gestao_medicoes - INFO - Formulário de contrato limpo
2026-04-07 13:59:15,693 - sistema_relatorios - gestao_medicoes - INFO - Prazo calculado: 65 dias úteis (excluindo data início)
2026-04-07 13:59:15,696 - sistema_relatorios - gestao_medicoes - INFO - Contrato 10 carregado para reemissão
2026-04-07 13:59:42,994 - sistema_relatorios - gestao_medicoes - INFO - Fornecedor selecionado na aba: ALFATEC INSTALACOES (14.051.624/0001-42)
2026-04-07 13:59:45,347 - sistema_relatorios - gestao_medicoes - INFO - Fornecedor selecionado na aba: ALFATEC INSTALACOES (14.051.624/0001-42)
2026-04-07 13:59:53,561 - sistema_relatorios - gestao_medicoes - INFO - Prazo calculado: 22 dias úteis (excluindo data início)
2026-04-07 13:59:53,562 - sistema_relatorios - gestao_medicoes - INFO - Formulário de contrato limpo
2026-04-07 13:59:53,563 - sistema_relatorios - gestao_medicoes - INFO - Prazo calculado: 65 dias úteis (excluindo data início)
2026-04-07 13:59:53,566 - sistema_relatorios - gestao_medicoes - INFO - Contrato 11 carregado para reemissão
2026-04-07 14:09:16,978 - sistema_relatorios - gestao_medicoes - INFO - ✅ Janela de Gestão de Medições fechada
2026-04-07 14:09:17,095 - sistema_relatorios - gestao_medicoes - INFO - ✅ Menu principal restaurado
2026-04-07 14:09:22,977 - sistema_relatorios - logger_config - INFO - Iniciando: Carregar configurações
2026-04-07 14:09:23,015 - sistema_relatorios - logger_config - INFO - Concluído: Carregar configurações
2026-04-07 14:09:23,324 - sistema_relatorios - logger_config - INFO - Iniciando: Carregar configurações
2026-04-07 14:09:23,325 - sistema_relatorios - logger_config - INFO - Concluído: Carregar configurações
2026-04-07 14:09:23,333 - sistema_relatorios - logger_config - INFO - Iniciando: Carregar configurações
2026-04-07 14:09:23,334 - sistema_relatorios - logger_config - INFO - Concluído: Carregar configurações
2026-04-07 14:17:13,675 - sistema - logger_config - INFO - Sistema de logging inicializado
2026-04-07 14:17:13,677 - sistema_relatorios - logger_config - INFO - Usuário alterado para: sistema_relatorios
2026-04-07 14:17:13,678 - sistema_relatorios - relatorios_interface - INFO - Sistema de relatórios inicializando usando logger configurado
2026-04-07 14:17:13,678 - sistema_relatorios - relatorios_interface - INFO - Configurações de janela importadas com sucesso
2026-04-07 14:17:13,679 - sistema_relatorios - relatorios_interface - INFO - === Sistema de Relatórios Inicializando ===
2026-04-07 14:17:19,355 - sistema_relatorios - gestao_medicoes - INFO - Logger importado com sucesso em gestao_medicoes.py
2026-04-07 14:17:19,709 - sistema_relatorios - gestao_medicoes - INFO - ✅ Janela Gestão de Medições inicializada com tripla proteção de visibilidade
2026-04-07 14:17:21,989 - sistema_relatorios - gerador_contrato - INFO - Carregando serviços de: C:\Users\Obras\sistema_gestao_testes\testes\Financeiro\Planilhas_Base\servicos_construcao.json
2026-04-07 14:17:21,991 - sistema_relatorios - gerador_contrato - INFO - Serviços carregados: 10 categorias
2026-04-07 14:17:21,992 - sistema_relatorios - gerador_contrato - INFO - Pasta de contratos verificada: C:\Users\Obras\sistema_gestao_testes\testes\Financeiro\Clientes\Contratos
2026-04-07 14:17:21,992 - sistema_relatorios - gerador_contrato - INFO - GeradorContrato inicializado com sucesso (usando python-docx)
2026-04-07 14:17:24,528 - sistema_relatorios - gerador_contrato - INFO - Obtendo dados do cliente: BRUNO SANTANA RINALDI
2026-04-07 14:17:24,555 - sistema_relatorios - gerador_contrato - INFO - Colunas disponíveis: ['Nome', 'Endereço', 'Data Inicial', 'Observações', 'Data Final', 'Tipo Taxa', 'CPF', 'CNO', 'Estado Civil', 'Cidade', 'Grupo', 'Logradouro', 'Numero', 'Complemento', 'Localidade', 'CEP', 'Estado', 'Metragem_Alvara', 'Banco', 'Agencia', 'Conta', 'Tipo_Conta', 'PIX']
2026-04-07 14:17:24,573 - sistema_relatorios - gerador_contrato - INFO - CPF bruto obtido: 123.456.789-00 (tipo: <class 'str'>)
2026-04-07 14:17:24,574 - sistema_relatorios - gerador_contrato - INFO - CPF como string: 123.456.789-00
2026-04-07 14:17:24,574 - sistema_relatorios - gerador_contrato - INFO - CPF apenas números: 12345678900
2026-04-07 14:17:24,575 - sistema_relatorios - gerador_contrato - INFO - ✅ CPF formatado: 123.456.789-00
2026-04-07 14:17:24,575 - sistema_relatorios - gerador_contrato - INFO - CNO já formatado: 90.018.91862/63
2026-04-07 14:17:24,577 - sistema_relatorios - gerador_contrato - INFO - ✅ Dados do cliente processados - CPF final: 123.456.789-00
2026-04-07 14:17:24,578 - sistema_relatorios - gerador_contrato - INFO - Dados do cliente obtidos com sucesso: BRUNO SANTANA RINALDI
2026-04-07 14:17:36,857 - sistema_relatorios - gestao_medicoes - INFO - Prazo calculado: 22 dias úteis (excluindo data início)
2026-04-07 14:17:36,857 - sistema_relatorios - gestao_medicoes - INFO - Formulário de contrato limpo
2026-04-07 14:17:36,860 - sistema_relatorios - gestao_medicoes - INFO - Prazo calculado: 65 dias úteis (excluindo data início)
2026-04-07 14:17:36,863 - sistema_relatorios - gestao_medicoes - INFO - Contrato 10 carregado para reemissão
2026-04-07 14:20:42,557 - sistema_relatorios - gestao_medicoes - INFO - ✅ Janela de Gestão de Medições fechada
2026-04-07 14:20:42,618 - sistema_relatorios - gestao_medicoes - INFO - ✅ Menu principal restaurado
2026-04-07 14:20:49,439 - sistema_relatorios - logger_config - INFO - Iniciando: Carregar configurações
2026-04-07 14:20:49,442 - sistema_relatorios - logger_config - INFO - Concluído: Carregar configurações
2026-04-07 14:20:49,689 - sistema_relatorios - logger_config - INFO - Iniciando: Carregar configurações
2026-04-07 14:20:49,689 - sistema_relatorios - logger_config - INFO - Concluído: Carregar configurações
2026-04-07 14:20:49,693 - sistema_relatorios - logger_config - INFO - Iniciando: Carregar configurações
2026-04-07 14:20:49,694 - sistema_relatorios - logger_config - INFO - Concluído: Carregar configurações
2026-04-07 14:30:17,341 - sistema - logger_config - INFO - Sistema de logging inicializado
2026-04-07 14:30:17,342 - sistema_relatorios - logger_config - INFO - Usuário alterado para: sistema_relatorios
2026-04-07 14:30:17,343 - sistema_relatorios - relatorios_interface - INFO - Sistema de relatórios inicializando usando logger configurado
2026-04-07 14:30:17,343 - sistema_relatorios - relatorios_interface - INFO - Configurações de janela importadas com sucesso
2026-04-07 14:30:17,344 - sistema_relatorios - relatorios_interface - INFO - === Sistema de Relatórios Inicializando ===
2026-04-07 14:30:22,251 - sistema_relatorios - gestao_medicoes - INFO - Logger importado com sucesso em gestao_medicoes.py
2026-04-07 14:30:22,495 - sistema_relatorios - gestao_medicoes - INFO - ✅ Janela Gestão de Medições inicializada com tripla proteção de visibilidade
2026-04-07 14:30:24,573 - sistema_relatorios - gerador_contrato - INFO - Carregando serviços de: C:\Users\Obras\sistema_gestao_testes\testes\Financeiro\Planilhas_Base\servicos_construcao.json
2026-04-07 14:30:24,575 - sistema_relatorios - gerador_contrato - INFO - Serviços carregados: 10 categorias
2026-04-07 14:30:24,577 - sistema_relatorios - gerador_contrato - INFO - Pasta de contratos verificada: C:\Users\Obras\sistema_gestao_testes\testes\Financeiro\Clientes\Contratos
2026-04-07 14:30:24,577 - sistema_relatorios - gerador_contrato - INFO - GeradorContrato inicializado com sucesso (usando python-docx)
2026-04-07 14:30:26,564 - sistema_relatorios - gerador_contrato - INFO - Obtendo dados do cliente: BRUNO SANTANA RINALDI
2026-04-07 14:30:26,591 - sistema_relatorios - gerador_contrato - INFO - Colunas disponíveis: ['Nome', 'Endereço', 'Data Inicial', 'Observações', 'Data Final', 'Tipo Taxa', 'CPF', 'CNO', 'Estado Civil', 'Cidade', 'Grupo', 'Logradouro', 'Numero', 'Complemento', 'Localidade', 'CEP', 'Estado', 'Metragem_Alvara', 'Banco', 'Agencia', 'Conta', 'Tipo_Conta', 'PIX']
2026-04-07 14:30:26,608 - sistema_relatorios - gerador_contrato - INFO - CPF bruto obtido: 123.456.789-00 (tipo: <class 'str'>)
2026-04-07 14:30:26,608 - sistema_relatorios - gerador_contrato - INFO - CPF como string: 123.456.789-00
2026-04-07 14:30:26,609 - sistema_relatorios - gerador_contrato - INFO - CPF apenas números: 12345678900
2026-04-07 14:30:26,609 - sistema_relatorios - gerador_contrato - INFO - ✅ CPF formatado: 123.456.789-00
2026-04-07 14:30:26,610 - sistema_relatorios - gerador_contrato - INFO - CNO já formatado: 90.018.91862/63
2026-04-07 14:30:26,611 - sistema_relatorios - gerador_contrato - INFO - ✅ Dados do cliente processados - CPF final: 123.456.789-00
2026-04-07 14:30:26,611 - sistema_relatorios - gerador_contrato - INFO - Dados do cliente obtidos com sucesso: BRUNO SANTANA RINALDI
2026-04-07 14:30:34,122 - sistema_relatorios - gestao_medicoes - INFO - Prazo calculado: 22 dias úteis (excluindo data início)
2026-04-07 14:30:34,123 - sistema_relatorios - gestao_medicoes - INFO - Formulário de contrato limpo
2026-04-07 14:30:34,125 - sistema_relatorios - gestao_medicoes - INFO - Prazo calculado: 65 dias úteis (excluindo data início)
2026-04-07 14:30:34,128 - sistema_relatorios - gestao_medicoes - INFO - Contrato 10 carregado para reemissão
2026-04-07 14:30:34,182 - sistema_relatorios - gerador_contrato - INFO - Obtendo dados do cliente: BRUNO SANTANA RINALDI
2026-04-07 14:30:34,210 - sistema_relatorios - gerador_contrato - INFO - Colunas disponíveis: ['Nome', 'Endereço', 'Data Inicial', 'Observações', 'Data Final', 'Tipo Taxa', 'CPF', 'CNO', 'Estado Civil', 'Cidade', 'Grupo', 'Logradouro', 'Numero', 'Complemento', 'Localidade', 'CEP', 'Estado', 'Metragem_Alvara', 'Banco', 'Agencia', 'Conta', 'Tipo_Conta', 'PIX']
2026-04-07 14:30:34,212 - sistema_relatorios - gerador_contrato - INFO - CPF bruto obtido: 123.456.789-00 (tipo: <class 'str'>)
2026-04-07 14:30:34,212 - sistema_relatorios - gerador_contrato - INFO - CPF como string: 123.456.789-00
2026-04-07 14:30:34,213 - sistema_relatorios - gerador_contrato - INFO - CPF apenas números: 12345678900
2026-04-07 14:30:34,214 - sistema_relatorios - gerador_contrato - INFO - ✅ CPF formatado: 123.456.789-00
2026-04-07 14:30:34,214 - sistema_relatorios - gerador_contrato - INFO - CNO já formatado: 90.018.91862/63
2026-04-07 14:30:34,215 - sistema_relatorios - gerador_contrato - INFO - ✅ Dados do cliente processados - CPF final: 123.456.789-00
2026-04-07 14:30:34,215 - sistema_relatorios - gerador_contrato - INFO - Dados do cliente obtidos com sucesso: BRUNO SANTANA RINALDI
2026-04-07 14:31:03,000 - sistema_relatorios - gerador_contrato - INFO - Obtendo dados do cliente: BRUNO SANTANA RINALDI
2026-04-07 14:31:03,030 - sistema_relatorios - gerador_contrato - INFO - Colunas disponíveis: ['Nome', 'Endereço', 'Data Inicial', 'Observações', 'Data Final', 'Tipo Taxa', 'CPF', 'CNO', 'Estado Civil', 'Cidade', 'Grupo', 'Logradouro', 'Numero', 'Complemento', 'Localidade', 'CEP', 'Estado', 'Metragem_Alvara', 'Banco', 'Agencia', 'Conta', 'Tipo_Conta', 'PIX']
2026-04-07 14:31:03,032 - sistema_relatorios - gerador_contrato - INFO - CPF bruto obtido: 123.456.789-00 (tipo: <class 'str'>)
2026-04-07 14:31:03,033 - sistema_relatorios - gerador_contrato - INFO - CPF como string: 123.456.789-00
2026-04-07 14:31:03,033 - sistema_relatorios - gerador_contrato - INFO - CPF apenas números: 12345678900
2026-04-07 14:31:03,034 - sistema_relatorios - gerador_contrato - INFO - ✅ CPF formatado: 123.456.789-00
2026-04-07 14:31:03,034 - sistema_relatorios - gerador_contrato - INFO - CNO já formatado: 90.018.91862/63
2026-04-07 14:31:03,035 - sistema_relatorios - gerador_contrato - INFO - ✅ Dados do cliente processados - CPF final: 123.456.789-00
2026-04-07 14:31:03,038 - sistema_relatorios - gerador_contrato - INFO - Dados do cliente obtidos com sucesso: BRUNO SANTANA RINALDI
2026-04-07 14:31:03,039 - sistema_relatorios - gerador_contrato - INFO - Obtendo dados do fornecedor por nome: ALFATEC INSTALACOES
2026-04-07 14:31:03,547 - sistema_relatorios - gerador_contrato - INFO - Colunas disponíveis na planilha de fornecedores: ['CNPJ/CPF', 'tipo_pessoa', 'RAZÃO SOCIAL', 'NOME', 'TELEFONE:', 'EMAIL:', 'BANCO:', 'OP', 'AGENCIA:', 'CONTA:', 'Chave_PIX', 'CATEGORIA: ', 'ESPECIFICACAO', 'VÍNCULO', 'DADOS BANCÁRIOS', 'ENDEREÇO', 'STATUS', 'RESPONSAVEL']
2026-04-07 14:31:03,554 - sistema_relatorios - gerador_contrato - INFO - ✅ Fornecedor encontrado na planilha
2026-04-07 14:31:03,555 - sistema_relatorios - gerador_contrato - INFO - CPF/CNPJ: 14051624000142 → 14.051.624/0001-42
2026-04-07 14:31:03,556 - sistema_relatorios - gerador_contrato - INFO - ✅ Endereço encontrado: RUA LAURO RODRIGUES DA CUNHA, 111, ACAIACA - 31995-120 - BELO HORIZONTE MG
2026-04-07 14:31:03,556 - sistema_relatorios - gerador_contrato - INFO - ✅ Dados obtidos: Nome=ALFATEC INSTALACOES, CNPJ/CPF=14.051.624/0001-42, Endereço=RUA LAURO RODRIGUES DA CUNHA, 111, ACAIACA - 31995-120 - BELO HORIZONTE MG
2026-04-07 14:31:04,714 - sistema_relatorios - gerador_contrato - INFO - === INICIANDO GERAÇÃO DE CONTRATO ===
2026-04-07 14:31:04,715 - sistema_relatorios - gerador_contrato - INFO - 📋 Dados do contrato recebidos: ['data', 'cidade', 'cliente_nome', 'cliente_cno', 'cliente_cpf', 'cliente_estado_civil', 'cliente_endereco', 'fornecedor_nome', 'fornecedor_cnpj_cpf', 'fornecedor_endereco', 'endereco_obra', 'dias', 'valor', 'multa', 'dados_bancarios', 'data_condicionada', 'data_inicio', 'data_fim', 'descricao']
2026-04-07 14:31:04,715 - sistema_relatorios - gerador_contrato - INFO - Usando formato dict - Cliente: BRUNO SANTANA RINALDI
2026-04-07 14:31:04,716 - sistema_relatorios - gerador_contrato - INFO - Fornecedor CPF/CNPJ do dict: 14.051.624/0001-42
2026-04-07 14:31:04,716 - sistema_relatorios - gerador_contrato - INFO - Prazo informado: 65 dias
2026-04-07 14:31:04,717 - sistema_relatorios - gerador_contrato - INFO - Multa informada: R$ 4.000,00
2026-04-07 14:31:04,717 - sistema_relatorios - gerador_contrato - INFO - ✅ Dados cliente processados: BRUNO SANTANA RINALDI
2026-04-07 14:31:04,718 - sistema_relatorios - gerador_contrato - INFO - ✅ Dados fornecedor processados: ALFATEC INSTALACOES - 14.051.624/0001-42
2026-04-07 14:31:04,719 - sistema_relatorios - gerador_contrato - INFO - ✅ Usando prazo do formulário: 65 dias úteis
2026-04-07 14:31:04,892 - sistema_relatorios - gerador_contrato - INFO - ✅ Usando multa do formulário: R$ 4000.0
2026-04-07 14:31:04,894 - sistema_relatorios - gerador_contrato - INFO - ✅ Data do contrato: 04/08/2025 (4 de agosto de 2025)
2026-04-07 14:31:04,894 - sistema_relatorios - gerador_contrato - INFO - ✅ Data início dos serviços: 04/08/2025
2026-04-07 14:31:05,077 - sistema_relatorios - gerador_contrato - INFO - ✓ Contrato datado de 04/08/2025, serviços de 04/08/2025 a 03/11/2025
2026-04-07 14:31:05,129 - sistema_relatorios - gerador_contrato - INFO - ✅ Contrato gerado com sucesso: C:\Users\Obras\sistema_gestao_testes\testes\Financeiro\Clientes\Contratos\Contrato_BRUNO_SANTANA_RINALDI_20260407_143105.docx
2026-04-07 14:31:10,265 - sistema_relatorios - gestao_medicoes - INFO - Pasta de contratos aberta: C:\Users\Obras\sistema_gestao_testes\testes\Financeiro\Clientes\Contratos
2026-04-07 15:06:31,484 - sistema_relatorios - gestao_medicoes - INFO - ✅ Janela de Gestão de Medições fechada
2026-04-07 15:06:31,551 - sistema_relatorios - gestao_medicoes - INFO - ✅ Menu principal restaurado
