2025-08-15 11:13:53,576 - sistema - logger_config - INFO - Sistema de logging inicializado
2025-08-15 11:13:55,015 - sistema - logger_config - INFO - Iniciando: Carregar configurações
2025-08-15 11:13:55,023 - sistema - configuracoes_sistema - INFO - Seção 'historico_correcoes' adicionada às configurações
2025-08-15 11:13:55,023 - sistema - logger_config - INFO - Concluído: Carregar configurações
2025-08-15 11:14:37,754 - sistema - Sistema_Entrada_Dados - INFO - Iniciando envio de dados - Cliente: BRUNO SANTANA RINALDI, Registros: 1
2025-08-15 11:14:37,754 - sistema - Sistema_Entrada_Dados - INFO - Usando dados_para_incluir existentes
2025-08-15 11:14:37,775 - sistema - Sistema_Entrada_Dados - INFO - Total de registros a processar: 1
2025-08-15 11:14:37,777 - sistema - Sistema_Entrada_Dados - INFO - Datas que serão afetadas pela inserção: ['20/08/2025']
2025-08-15 11:14:37,778 - sistema - Sistema_Entrada_Dados - INFO - Salvando em: C:\Users\Obras\sistema_gestao_testes\testes\Financeiro\Clientes\BRUNO SANTANA RINALDI.xlsx
2025-08-15 11:14:37,778 - sistema - Sistema_Entrada_Dados - INFO - Verificando integridade dos IDs antes da inserção
2025-08-15 11:14:38,952 - sistema - Sistema_Entrada_Dados - INFO - Lançamento inserido com ID 231 na linha 231
2025-08-15 11:14:39,323 - sistema - Sistema_Entrada_Dados - INFO - Iniciando verificação de recálculo para 1 datas
2025-08-15 11:14:39,835 - sistema - Sistema_Entrada_Dados - INFO - Verificando necessidade de recálculo para 2025-08-20
2025-08-15 11:14:40,061 - sistema - Sistema_Entrada_Dados - INFO - ℹ️ 2025-08-20: Sem taxas na data - recálculo desnecessário
2025-08-15 11:15:55,743 - sistema - logger_config - INFO - Iniciando: Carregar configurações
2025-08-15 11:15:55,743 - sistema - configuracoes_sistema - INFO - Seção 'historico_correcoes' adicionada às configurações
2025-08-15 11:15:55,743 - sistema - logger_config - INFO - Concluído: Carregar configurações
2025-08-15 11:16:07,491 - sistema_principal - logger_config - INFO - Usuário alterado para: sistema_principal
2025-08-15 11:16:07,492 - sistema_principal - sistema_principal - INFO - Abrindo sistema de relatórios
2025-08-15 11:16:07,791 - sistema_relatorios - logger_config - INFO - Usuário alterado para: sistema_relatorios
2025-08-15 11:16:07,791 - sistema_relatorios - relatorios_interface - INFO - Sistema de relatórios inicializando usando logger configurado
2025-08-15 11:16:07,791 - sistema_relatorios - relatorios_interface - INFO - Configurações de janela importadas com sucesso
2025-08-15 11:16:07,791 - sistema_relatorios - relatorios_interface - INFO - === Sistema de Relatórios Inicializando ===
2025-08-15 11:16:08,212 - sistema_relatorios - relatorios_interface - INFO - Carregando clientes de: C:\Users\Obras\sistema_gestao_testes\testes\Financeiro\Planilhas_Base\clientes.xlsx
2025-08-15 11:16:08,233 - sistema_relatorios - relatorios_interface - INFO - Colunas disponíveis: ['Nome', 'Endereço', 'Data Inicial', 'Observações', 'Data Final']
2025-08-15 11:16:08,237 - sistema_relatorios - relatorios_interface - INFO - Coluna de status: Data Final
2025-08-15 11:16:08,242 - sistema_relatorios - relatorios_interface - INFO - Coluna de nome: Nome
2025-08-15 11:16:08,242 - sistema_relatorios - relatorios_interface - INFO - Total de clientes ativos encontrados: 15
2025-08-15 11:16:08,245 - sistema_relatorios - relatorios_interface - INFO - Lista de clientes atualizada com 16 clientes
2025-08-15 11:16:08,278 - sistema_relatorios - relatorios_interface - INFO - Carregando clientes de: C:\Users\Obras\sistema_gestao_testes\testes\Financeiro\Planilhas_Base\clientes.xlsx
2025-08-15 11:16:08,286 - sistema_relatorios - relatorios_interface - INFO - Colunas disponíveis: ['Nome', 'Endereço', 'Data Inicial', 'Observações', 'Data Final']
2025-08-15 11:16:08,307 - sistema_relatorios - relatorios_interface - INFO - Coluna de status: Data Final
2025-08-15 11:16:08,307 - sistema_relatorios - relatorios_interface - INFO - Coluna de nome: Nome
2025-08-15 11:16:08,319 - sistema_relatorios - relatorios_interface - INFO - Total de clientes ativos encontrados: 15
2025-08-15 11:16:08,323 - sistema_relatorios - relatorios_interface - INFO - Lista de clientes carregada com 16 itens
2025-08-15 11:16:14,969 - sistema_relatorios - relatorios_interface - INFO - 🔍 INICIANDO gerar_relatorio para: tipo_despesa
2025-08-15 11:16:14,984 - sistema_relatorios - relatorios_interface - INFO - 📋 Processando outros relatórios: tipo_despesa
2025-08-15 11:17:09,791 - sistema_relatorios - relatorios_interface - INFO - Solicitado retorno ao menu principal
2025-08-15 11:17:09,791 - sistema_relatorios - relatorios_interface - INFO - Retornando ao menu principal existente
2025-08-15 11:17:09,867 - sistema_relatorios - relatorios_interface - INFO - Retorno ao menu principal concluído
2025-08-15 11:37:06,382 - sistema - logger_config - INFO - Sistema de logging inicializado
2025-08-15 11:37:07,850 - sistema - logger_config - INFO - Iniciando: Carregar configurações
2025-08-15 11:37:07,860 - sistema - configuracoes_sistema - INFO - Seção 'historico_correcoes' adicionada às configurações
2025-08-15 11:37:07,861 - sistema - logger_config - INFO - Concluído: Carregar configurações
2025-08-15 11:52:48,637 - sistema - logger_config - INFO - Sistema de logging inicializado
2025-08-15 11:52:49,904 - sistema - logger_config - INFO - Iniciando: Carregar configurações
2025-08-15 11:52:49,919 - sistema - configuracoes_sistema - INFO - Seção 'historico_correcoes' adicionada às configurações
2025-08-15 11:52:49,921 - sistema - logger_config - INFO - Concluído: Carregar configurações
2025-08-15 11:59:15,564 - sistema - logger_config - INFO - Sistema de logging inicializado
2025-08-15 11:59:16,749 - sistema - logger_config - INFO - Iniciando: Carregar configurações
2025-08-15 11:59:16,764 - sistema - configuracoes_sistema - INFO - Seção 'historico_correcoes' adicionada às configurações
2025-08-15 11:59:16,766 - sistema - logger_config - INFO - Concluído: Carregar configurações
2025-08-15 12:03:02,816 - sistema - logger_config - INFO - Sistema de logging inicializado
2025-08-15 12:03:03,846 - sistema - logger_config - INFO - Iniciando: Carregar configurações
2025-08-15 12:03:03,864 - sistema - configuracoes_sistema - INFO - Seção 'historico_correcoes' adicionada às configurações
2025-08-15 12:03:03,865 - sistema - logger_config - INFO - Concluído: Carregar configurações
2025-08-15 12:04:47,668 - sistema - logger_config - INFO - Sistema de logging inicializado
2025-08-15 12:04:48,710 - sistema - logger_config - INFO - Iniciando: Carregar configurações
2025-08-15 12:04:48,724 - sistema - configuracoes_sistema - INFO - Seção 'historico_correcoes' adicionada às configurações
2025-08-15 12:04:48,726 - sistema - logger_config - INFO - Concluído: Carregar configurações
2025-08-15 16:41:28,729 - sistema - logger_config - INFO - Sistema de logging inicializado
2025-08-15 16:41:29,860 - sistema - logger_config - INFO - Iniciando: Carregar configurações
2025-08-15 16:41:29,877 - sistema - configuracoes_sistema - INFO - Seção 'historico_correcoes' adicionada às configurações
2025-08-15 16:41:29,878 - sistema - logger_config - INFO - Concluído: Carregar configurações
2025-08-15 16:47:48,509 - sistema - logger_config - INFO - Sistema de logging inicializado
2025-08-15 16:47:49,542 - sistema - logger_config - INFO - Iniciando: Carregar configurações
2025-08-15 16:47:49,557 - sistema - configuracoes_sistema - INFO - Seção 'historico_correcoes' adicionada às configurações
2025-08-15 16:47:49,564 - sistema - logger_config - INFO - Concluído: Carregar configurações
