2025-10-30 09:25:24,948 - sistema - logger_config - INFO - Sistema de logging inicializado
2025-10-30 09:25:24,963 - sistema_relatorios - logger_config - INFO - Usuário alterado para: sistema_relatorios
2025-10-30 09:25:24,963 - sistema_relatorios - relatorios_interface - INFO - Sistema de relatórios inicializando usando logger configurado
2025-10-30 09:25:24,963 - sistema_relatorios - relatorios_interface - INFO - Configurações de janela importadas com sucesso
2025-10-30 09:25:24,963 - sistema_relatorios - relatorios_interface - INFO - === Sistema de Relatórios Inicializando ===
2025-10-30 09:25:37,810 - sistema_relatorios - logger_config - INFO - Iniciando: Carregar configurações
2025-10-30 09:25:37,810 - sistema_relatorios - logger_config - INFO - Concluído: Carregar configurações
2025-10-30 09:25:37,825 - sistema_relatorios - logger_config - INFO - Iniciando: Carregar configurações
2025-10-30 09:25:37,826 - sistema_relatorios - logger_config - INFO - Concluído: Carregar configurações
2025-10-30 09:25:37,839 - sistema_relatorios - Sistema_Entrada_Dados - INFO - Proteções contra perda de dados configuradas
2025-10-30 09:25:41,081 - sistema_relatorios - Sistema_Entrada_Dados - INFO - Cliente selecionado com sucesso: BRUNO SANTANA RINALDI
2025-10-30 09:25:52,438 - sistema_relatorios - logger_config - INFO - Iniciando: Carregar configurações
2025-10-30 09:25:52,438 - sistema_relatorios - logger_config - INFO - Concluído: Carregar configurações
2025-10-30 09:26:13,156 - sistema_relatorios - Sistema_Entrada_Dados - INFO - Iniciando adição de dados - Cliente: BRUNO SANTANA RINALDI
2025-10-30 09:26:14,563 - sistema_relatorios - Sistema_Entrada_Dados - INFO - Dados adicionados com sucesso - Cliente: BRUNO SANTANA RINALDI, Total: 1
2025-10-30 09:26:51,451 - sistema_relatorios - logger_config - INFO - Iniciando: Carregar configurações
2025-10-30 09:26:51,451 - sistema_relatorios - logger_config - INFO - Concluído: Carregar configurações
2025-10-30 09:27:38,434 - sistema_relatorios - Sistema_Entrada_Dados - INFO - Iniciando adição de dados - Cliente: BRUNO SANTANA RINALDI
2025-10-30 09:27:39,638 - sistema_relatorios - Sistema_Entrada_Dados - INFO - Dados adicionados com sucesso - Cliente: BRUNO SANTANA RINALDI, Total: 2
2025-10-30 09:27:45,347 - sistema_relatorios - logger_config - INFO - Iniciando: Carregar configurações
2025-10-30 09:27:45,347 - sistema_relatorios - logger_config - INFO - Concluído: Carregar configurações
2025-10-30 09:28:19,610 - sistema_relatorios - Sistema_Entrada_Dados - INFO - Iniciando adição de dados - Cliente: BRUNO SANTANA RINALDI
2025-10-30 09:28:20,901 - sistema_relatorios - Sistema_Entrada_Dados - INFO - Dados adicionados com sucesso - Cliente: BRUNO SANTANA RINALDI, Total: 3
2025-10-30 09:28:26,770 - sistema_relatorios - Sistema_Entrada_Dados - INFO - Iniciando envio de dados - Cliente: BRUNO SANTANA RINALDI, Registros: 3
2025-10-30 09:28:26,770 - sistema_relatorios - Sistema_Entrada_Dados - INFO - Obtendo dados do visualizador
2025-10-30 09:28:26,770 - sistema_relatorios - Sistema_Entrada_Dados - INFO - Total de registros a processar: 3
2025-10-30 09:28:26,770 - sistema_relatorios - Sistema_Entrada_Dados - INFO - Datas que serão afetadas pela inserção: ['05/11/2025']
2025-10-30 09:28:26,770 - sistema_relatorios - Sistema_Entrada_Dados - INFO - Salvando em: C:\Users\Obras\sistema_gestao_testes\testes\Financeiro\Clientes\BRUNO SANTANA RINALDI.xlsx
2025-10-30 09:28:26,770 - sistema_relatorios - Sistema_Entrada_Dados - INFO - Verificando integridade dos IDs antes da inserção
2025-10-30 09:28:27,247 - sistema_relatorios - Sistema_Entrada_Dados - ERROR - 🔍 MÉTODO DE VERIFICAÇÃO FOI CHAMADO!
2025-10-30 09:28:27,247 - sistema_relatorios - Sistema_Entrada_Dados - INFO - === INICIANDO VERIFICAÇÃO DE DUPLICIDADE ===
2025-10-30 09:28:27,247 - sistema_relatorios - Sistema_Entrada_Dados - INFO - Dados novos: ANCORA PAPELARIA | PLOTAGENS | R$ 180.00 | 05/11/2025
2025-10-30 09:28:27,270 - sistema_relatorios - Sistema_Entrada_Dados - INFO - ✅ Nenhuma duplicata encontrada para: ANCORA PAPELARIA - PLOTAGENS
2025-10-30 09:28:27,270 - sistema_relatorios - Sistema_Entrada_Dados - ERROR - 🔍 MÉTODO DE VERIFICAÇÃO FOI CHAMADO!
2025-10-30 09:28:27,270 - sistema_relatorios - Sistema_Entrada_Dados - INFO - === INICIANDO VERIFICAÇÃO DE DUPLICIDADE ===
2025-10-30 09:28:27,270 - sistema_relatorios - Sistema_Entrada_Dados - INFO - Dados novos: LOJA ELETRICA LTDA | MATERIAL ELÉTRICO | R$ 3450.00 | 12/11/2025
2025-10-30 09:28:27,290 - sistema_relatorios - Sistema_Entrada_Dados - INFO - ✅ Nenhuma duplicata encontrada para: LOJA ELETRICA LTDA - MATERIAL ELÉTRICO
2025-10-30 09:28:27,292 - sistema_relatorios - Sistema_Entrada_Dados - ERROR - 🔍 MÉTODO DE VERIFICAÇÃO FOI CHAMADO!
2025-10-30 09:28:27,292 - sistema_relatorios - Sistema_Entrada_Dados - INFO - === INICIANDO VERIFICAÇÃO DE DUPLICIDADE ===
2025-10-30 09:28:27,293 - sistema_relatorios - Sistema_Entrada_Dados - INFO - Dados novos: LOJA DO PAULO | MATERIAIS DIVERSOS | R$ 549.00 | 14/11/2025
2025-10-30 09:28:27,310 - sistema_relatorios - Sistema_Entrada_Dados - INFO - ✅ Nenhuma duplicata encontrada para: LOJA DO PAULO - MATERIAIS DIVERSOS
2025-10-30 09:28:27,312 - sistema_relatorios - Sistema_Entrada_Dados - INFO - Lançamento inserido com ID 289 na linha 289
2025-10-30 09:28:27,313 - sistema_relatorios - Sistema_Entrada_Dados - INFO - Lançamento inserido com ID 290 na linha 290
2025-10-30 09:28:27,317 - sistema_relatorios - Sistema_Entrada_Dados - INFO - Lançamento inserido com ID 291 na linha 291
2025-10-30 09:28:27,841 - sistema_relatorios - Sistema_Entrada_Dados - INFO - Iniciando verificação de recálculo para 1 datas
2025-10-30 09:28:28,358 - sistema_relatorios - Sistema_Entrada_Dados - INFO - Verificando necessidade de recálculo para 2025-11-05
2025-10-30 09:28:28,358 - sistema_relatorios - Sistema_Entrada_Dados - ERROR - Erro ao verificar recálculo para 2025-11-05: 'SistemaEntradaDados' object has no attribute 'chamar_apos_operacao_lancamento'
2025-10-30 09:28:30,443 - sistema_relatorios - Sistema_Entrada_Dados - INFO - Limpando 3 registros salvos da visualização
2025-10-30 09:28:30,452 - sistema_relatorios - Sistema_Entrada_Dados - INFO - Visualizador fechado - todos os registros foram processados
2025-10-30 09:28:30,458 - sistema_relatorios - Sistema_Entrada_Dados - INFO - Dados salvos removidos com sucesso da visualização
2025-10-30 09:31:37,470 - sistema_relatorios - relatorios_interface - INFO - Carregando clientes de: C:\Users\Obras\sistema_gestao_testes\testes\Financeiro\Planilhas_Base\clientes.xlsx
2025-10-30 09:31:37,500 - sistema_relatorios - relatorios_interface - INFO - Colunas disponíveis: ['Nome', 'Endereço', 'Data Inicial', 'Observações', 'Data Final', 'Tipo Taxa']
2025-10-30 09:31:37,501 - sistema_relatorios - relatorios_interface - INFO - Coluna de status: Data Final
2025-10-30 09:31:37,505 - sistema_relatorios - relatorios_interface - INFO - Coluna de nome: Nome
2025-10-30 09:31:37,506 - sistema_relatorios - relatorios_interface - INFO - Total de clientes ativos encontrados: 14
2025-10-30 09:31:37,506 - sistema_relatorios - relatorios_interface - INFO - Lista de clientes atualizada com 15 clientes
2025-10-30 09:31:39,414 - sistema_relatorios - relatorios_interface - INFO - Carregando clientes de: C:\Users\Obras\sistema_gestao_testes\testes\Financeiro\Planilhas_Base\clientes.xlsx
2025-10-30 09:31:39,437 - sistema_relatorios - relatorios_interface - INFO - Colunas disponíveis: ['Nome', 'Endereço', 'Data Inicial', 'Observações', 'Data Final', 'Tipo Taxa']
2025-10-30 09:31:39,437 - sistema_relatorios - relatorios_interface - INFO - Coluna de status: Data Final
2025-10-30 09:31:39,440 - sistema_relatorios - relatorios_interface - INFO - Coluna de nome: Nome
2025-10-30 09:31:39,441 - sistema_relatorios - relatorios_interface - INFO - Total de clientes ativos encontrados: 14
2025-10-30 09:31:41,705 - sistema_relatorios - relatorios_interface - INFO - 🔍 INICIANDO gerar_relatorio para: tipo_despesa
2025-10-30 09:31:41,705 - sistema_relatorios - relatorios_interface - INFO - 📋 Processando outros relatórios: tipo_despesa
2025-10-30 09:32:47,388 - sistema_relatorios - relatorios_interface - INFO - 🔍 INICIANDO gerar_relatorio para: categoria
2025-10-30 09:32:47,388 - sistema_relatorios - relatorios_interface - INFO - 📋 Processando outros relatórios: categoria
2025-10-30 09:33:41,950 - sistema_relatorios - relatorios_interface - INFO - Data calculada automaticamente: 05/11/2025
2025-10-30 09:33:41,950 - sistema_relatorios - relatorios_interface - INFO - Data calculada automaticamente: 05/11/2025
2025-10-30 09:33:47,752 - sistema_relatorios - relatorios_interface - INFO - Cliente selecionado: BRUNO SANTANA RINALDI
2025-10-30 09:33:47,752 - sistema_relatorios - relatorios_interface - INFO - Arquivo encontrado: C:\Users\Obras\sistema_gestao_testes\testes\Financeiro\Clientes\BRUNO SANTANA RINALDI.xlsx
2025-10-30 09:33:47,768 - sistema_relatorios - relatorios_interface - INFO - Arquivo encontrado: C:\Users\Obras\sistema_gestao_testes\testes\Financeiro\Clientes\BRUNO SANTANA RINALDI.xlsx
2025-10-30 09:36:01,767 - sistema_relatorios - relatorios_interface - INFO - Notas salvas: 125 caracteres
2025-10-30 09:36:06,083 - sistema_relatorios - relatorios_interface - INFO - 🔍 INICIANDO gerar_relatorio para: despesas
2025-10-30 09:36:06,083 - sistema_relatorios - relatorios_interface - INFO - 🎯 PROCESSANDO: Relatório de despesas
2025-10-30 09:36:06,083 - sistema_relatorios - relatorios_interface - INFO - 🎯 PROCESSANDO DESPESAS - ARQUITETURA LIMPA
2025-10-30 09:36:06,083 - sistema_relatorios - relatorios_interface - INFO - Data final obtida: 2025-11-05 00:00:00 (tipo: <class 'datetime.datetime'>)
2025-10-30 09:36:06,083 - sistema_relatorios - relatorios_interface - INFO - ✅ Arquivo encontrado em arquivo_cliente_selecionado: C:\Users\Obras\sistema_gestao_testes\testes\Financeiro\Clientes\BRUNO SANTANA RINALDI.xlsx
2025-10-30 09:36:06,083 - sistema_relatorios - relatorios_interface - INFO - ✅ Arquivo final nas configurações: C:\Users\Obras\sistema_gestao_testes\testes\Financeiro\Clientes\BRUNO SANTANA RINALDI.xlsx
2025-10-30 09:36:06,083 - sistema_relatorios - relatorios_interface - INFO - ✅ Configurações coletadas
2025-10-30 09:36:06,083 - sistema_relatorios - relatorios_interface - INFO - ✅ Arquivo confirmado: BRUNO SANTANA RINALDI.xlsx
2025-10-30 09:36:08,274 - sistema_relatorios - relatorios_interface - INFO - Modo selecionado: Preview
2025-10-30 09:36:08,274 - sistema_relatorios - relatorios_interface - INFO - 🎯 EXECUTANDO COM PREVIEW DIRETO - PDF TEMPORÁRIO
2025-10-30 09:36:09,356 - sistema_relatorios - relatorios_interface - INFO - ✅ Janela de decisão criada
2025-10-30 09:36:49,530 - sistema_relatorios - relatorios_interface - INFO - 🗑️ PDF temporário agendado para remoção: PREVIEW_BRUNO_SANTANA_RINALDI_20251030_093608.pdf
2025-10-30 09:36:51,145 - sistema_relatorios - relatorios_interface - INFO - Solicitado retorno ao menu principal
2025-10-30 09:36:51,145 - sistema_relatorios - relatorios_interface - INFO - Retornando ao menu principal existente
2025-10-30 09:36:51,221 - sistema_relatorios - relatorios_interface - INFO - Retorno ao menu principal concluído
2025-10-30 09:41:54,894 - sistema - logger_config - INFO - Sistema de logging inicializado
2025-10-30 09:41:54,894 - sistema_relatorios - logger_config - INFO - Usuário alterado para: sistema_relatorios
2025-10-30 09:41:54,894 - sistema_relatorios - relatorios_interface - INFO - Sistema de relatórios inicializando usando logger configurado
2025-10-30 09:41:54,894 - sistema_relatorios - relatorios_interface - INFO - Configurações de janela importadas com sucesso
2025-10-30 09:41:54,894 - sistema_relatorios - relatorios_interface - INFO - === Sistema de Relatórios Inicializando ===
2025-10-30 09:45:44,350 - sistema - logger_config - INFO - Sistema de logging inicializado
2025-10-30 09:45:44,350 - sistema_relatorios - logger_config - INFO - Usuário alterado para: sistema_relatorios
2025-10-30 09:45:44,350 - sistema_relatorios - relatorios_interface - INFO - Sistema de relatórios inicializando usando logger configurado
2025-10-30 09:45:44,350 - sistema_relatorios - relatorios_interface - INFO - Configurações de janela importadas com sucesso
2025-10-30 09:45:44,350 - sistema_relatorios - relatorios_interface - INFO - === Sistema de Relatórios Inicializando ===
2025-10-30 09:45:53,367 - sistema_relatorios - logger_config - INFO - Iniciando: Carregar configurações
2025-10-30 09:45:53,367 - sistema_relatorios - logger_config - INFO - Concluído: Carregar configurações
2025-10-30 09:45:53,367 - sistema_relatorios - logger_config - INFO - Iniciando: Carregar configurações
2025-10-30 09:45:53,367 - sistema_relatorios - logger_config - INFO - Concluído: Carregar configurações
2025-10-30 09:45:53,395 - sistema_relatorios - Sistema_Entrada_Dados - INFO - Proteções contra perda de dados configuradas
2025-10-30 09:45:57,346 - sistema_relatorios - Sistema_Entrada_Dados - INFO - Cliente selecionado com sucesso: FERNANDO HENRIQUE FARIA BARBASSA
2025-10-30 09:46:21,234 - sistema_relatorios - logger_config - INFO - Iniciando: Carregar configurações
2025-10-30 09:46:21,234 - sistema_relatorios - logger_config - INFO - Concluído: Carregar configurações
2025-10-30 09:46:21,234 - sistema_relatorios - logger_config - INFO - Iniciando: Carregar configurações
2025-10-30 09:46:21,234 - sistema_relatorios - logger_config - INFO - Concluído: Carregar configurações
2025-10-30 09:46:21,250 - sistema_relatorios - Sistema_Entrada_Dados - INFO - Proteções contra perda de dados configuradas
2025-10-30 09:46:25,606 - sistema_relatorios - Sistema_Entrada_Dados - INFO - Cliente selecionado com sucesso: BRUNO SANTANA RINALDI
2025-10-30 10:48:12,326 - sistema - logger_config - INFO - Sistema de logging inicializado
2025-10-30 10:48:12,326 - sistema_relatorios - logger_config - INFO - Usuário alterado para: sistema_relatorios
2025-10-30 10:48:12,326 - sistema_relatorios - relatorios_interface - INFO - Sistema de relatórios inicializando usando logger configurado
2025-10-30 10:48:12,326 - sistema_relatorios - relatorios_interface - INFO - Configurações de janela importadas com sucesso
2025-10-30 10:48:12,326 - sistema_relatorios - relatorios_interface - INFO - === Sistema de Relatórios Inicializando ===
2025-10-30 10:48:42,060 - sistema_relatorios - logger_config - INFO - Iniciando: Carregar configurações
2025-10-30 10:48:42,060 - sistema_relatorios - logger_config - INFO - Concluído: Carregar configurações
2025-10-30 10:48:42,060 - sistema_relatorios - logger_config - INFO - Iniciando: Carregar configurações
2025-10-30 10:48:42,060 - sistema_relatorios - logger_config - INFO - Concluído: Carregar configurações
2025-10-30 10:48:42,081 - sistema_relatorios - Sistema_Entrada_Dados - INFO - Proteções contra perda de dados configuradas
2025-10-30 10:48:45,358 - sistema_relatorios - Sistema_Entrada_Dados - INFO - Cliente selecionado com sucesso: BRUNO SANTANA RINALDI
2025-10-30 10:49:00,177 - sistema_relatorios - logger_config - INFO - Iniciando: Carregar configurações
2025-10-30 10:49:00,177 - sistema_relatorios - logger_config - INFO - Concluído: Carregar configurações
2025-10-30 10:49:37,493 - sistema_relatorios - Sistema_Entrada_Dados - INFO - Iniciando adição de dados - Cliente: BRUNO SANTANA RINALDI
2025-10-30 10:50:08,828 - sistema_relatorios - Sistema_Entrada_Dados - INFO - Dados adicionados com sucesso - Cliente: BRUNO SANTANA RINALDI, Total: 1
2025-10-30 10:50:17,574 - sistema_relatorios - Sistema_Entrada_Dados - INFO - Iniciando envio de dados - Cliente: BRUNO SANTANA RINALDI, Registros: 1
2025-10-30 10:50:17,574 - sistema_relatorios - Sistema_Entrada_Dados - INFO - Usando dados_para_incluir existentes
2025-10-30 10:50:17,574 - sistema_relatorios - Sistema_Entrada_Dados - INFO - Total de registros a processar: 1
2025-10-30 10:50:17,590 - sistema_relatorios - Sistema_Entrada_Dados - INFO - Datas que serão afetadas pela inserção: ['05/11/2025']
2025-10-30 10:50:17,592 - sistema_relatorios - Sistema_Entrada_Dados - INFO - Salvando em: C:\Users\Obras\sistema_gestao_testes\testes\Financeiro\Clientes\BRUNO SANTANA RINALDI.xlsx
2025-10-30 10:50:17,593 - sistema_relatorios - Sistema_Entrada_Dados - INFO - Verificando integridade dos IDs antes da inserção
2025-10-30 10:50:18,062 - sistema_relatorios - Sistema_Entrada_Dados - ERROR - 🔍 MÉTODO DE VERIFICAÇÃO FOI CHAMADO!
2025-10-30 10:50:18,063 - sistema_relatorios - Sistema_Entrada_Dados - INFO - === INICIANDO VERIFICAÇÃO DE DUPLICIDADE ===
2025-10-30 10:50:18,063 - sistema_relatorios - Sistema_Entrada_Dados - INFO - Dados novos: JB CIMENTO | CIMENTO | R$ 2240.00 | 07/11/2025
2025-10-30 10:50:18,086 - sistema_relatorios - Sistema_Entrada_Dados - ERROR - 🚨 DUPLICATA PROVÁVEL DETECTADA (Critério: Fornecedor+Valor+Data+Referência Similar)!
2025-10-30 10:50:18,087 - sistema_relatorios - Sistema_Entrada_Dados - ERROR -    Nome: JB CIMENTO
2025-10-30 10:50:18,090 - sistema_relatorios - Sistema_Entrada_Dados - ERROR -    Referência nova: 'CIMENTO'
2025-10-30 10:50:18,094 - sistema_relatorios - Sistema_Entrada_Dados - ERROR -    Referência existente: 'CIMENTO'
2025-10-30 10:50:18,095 - sistema_relatorios - Sistema_Entrada_Dados - ERROR -    Similaridade: 90.00%
2025-10-30 10:50:18,096 - sistema_relatorios - Sistema_Entrada_Dados - ERROR -    Valor: R$ 2240.00
2025-10-30 10:50:18,096 - sistema_relatorios - Sistema_Entrada_Dados - ERROR -    Vencimento: 07/11/2025
2025-10-30 10:50:18,097 - sistema_relatorios - Sistema_Entrada_Dados - ERROR -    Linha existente: 280
2025-10-30 10:50:18,098 - sistema_relatorios - Sistema_Entrada_Dados - WARNING - Duplicata detectada: JB CIMENTO - CIMENTO - R$ 2240.00
2025-10-30 10:50:18,098 - sistema_relatorios - Sistema_Entrada_Dados - WARNING - Detectados 1 possíveis lançamentos duplicados
2025-10-30 10:50:33,105 - sistema_relatorios - Sistema_Entrada_Dados - INFO - Usuário optou por manter lançamentos para revisão
2025-10-30 11:09:52,016 - sistema - logger_config - INFO - Sistema de logging inicializado
2025-10-30 11:09:52,016 - sistema_relatorios - logger_config - INFO - Usuário alterado para: sistema_relatorios
2025-10-30 11:09:52,016 - sistema_relatorios - relatorios_interface - INFO - Sistema de relatórios inicializando usando logger configurado
2025-10-30 11:09:52,016 - sistema_relatorios - relatorios_interface - INFO - Configurações de janela importadas com sucesso
2025-10-30 11:09:52,016 - sistema_relatorios - relatorios_interface - INFO - === Sistema de Relatórios Inicializando ===
2025-10-30 11:09:58,986 - sistema_relatorios - logger_config - INFO - Iniciando: Carregar configurações
2025-10-30 11:09:59,001 - sistema_relatorios - logger_config - INFO - Concluído: Carregar configurações
2025-10-30 11:09:59,001 - sistema_relatorios - logger_config - INFO - Iniciando: Carregar configurações
2025-10-30 11:09:59,001 - sistema_relatorios - logger_config - INFO - Concluído: Carregar configurações
2025-10-30 11:09:59,016 - sistema_relatorios - Sistema_Entrada_Dados - INFO - Proteções contra perda de dados configuradas
2025-10-30 11:10:01,434 - sistema_relatorios - Sistema_Entrada_Dados - INFO - Cliente selecionado com sucesso: BRUNO SANTANA RINALDI
2025-10-30 11:10:10,219 - sistema_relatorios - logger_config - INFO - Iniciando: Carregar configurações
2025-10-30 11:10:10,219 - sistema_relatorios - logger_config - INFO - Concluído: Carregar configurações
2025-10-30 11:10:52,026 - sistema_relatorios - Sistema_Entrada_Dados - INFO - Iniciando adição de dados - Cliente: BRUNO SANTANA RINALDI
2025-10-30 11:10:54,475 - sistema_relatorios - Sistema_Entrada_Dados - INFO - Dados adicionados com sucesso - Cliente: BRUNO SANTANA RINALDI, Total: 1
2025-10-30 11:11:10,196 - sistema_relatorios - Sistema_Entrada_Dados - INFO - Iniciando envio de dados - Cliente: BRUNO SANTANA RINALDI, Registros: 1
2025-10-30 11:11:10,197 - sistema_relatorios - Sistema_Entrada_Dados - INFO - Obtendo dados do visualizador
2025-10-30 11:11:10,198 - sistema_relatorios - Sistema_Entrada_Dados - INFO - Total de registros a processar: 1
2025-10-30 11:11:10,199 - sistema_relatorios - Sistema_Entrada_Dados - INFO - Datas que serão afetadas pela inserção: ['05/11/2025']
2025-10-30 11:11:10,200 - sistema_relatorios - Sistema_Entrada_Dados - INFO - Salvando em: C:\Users\Obras\sistema_gestao_testes\testes\Financeiro\Clientes\BRUNO SANTANA RINALDI.xlsx
2025-10-30 11:11:10,201 - sistema_relatorios - Sistema_Entrada_Dados - INFO - Verificando integridade dos IDs antes da inserção
2025-10-30 11:11:10,744 - sistema_relatorios - Sistema_Entrada_Dados - ERROR - 🔍 MÉTODO DE VERIFICAÇÃO FOI CHAMADO!
2025-10-30 11:11:10,744 - sistema_relatorios - Sistema_Entrada_Dados - INFO - === INICIANDO VERIFICAÇÃO DE DUPLICIDADE ===
2025-10-30 11:11:10,744 - sistema_relatorios - Sistema_Entrada_Dados - INFO - Dados novos: JB CIMENTO | CIMENTO | R$ 2240.00 | 07/11/2025
2025-10-30 11:11:10,769 - sistema_relatorios - Sistema_Entrada_Dados - ERROR - 🚨 DUPLICATA PROVÁVEL DETECTADA (Critério: Fornecedor+Valor+Data+Referência Similar)!
2025-10-30 11:11:10,770 - sistema_relatorios - Sistema_Entrada_Dados - ERROR -    Nome: JB CIMENTO
2025-10-30 11:11:10,771 - sistema_relatorios - Sistema_Entrada_Dados - ERROR -    Referência nova: 'CIMENTO'
2025-10-30 11:11:10,772 - sistema_relatorios - Sistema_Entrada_Dados - ERROR -    Referência existente: 'CIMENTO'
2025-10-30 11:11:10,773 - sistema_relatorios - Sistema_Entrada_Dados - ERROR -    Similaridade: 90.00%
2025-10-30 11:11:10,773 - sistema_relatorios - Sistema_Entrada_Dados - ERROR -    Valor: R$ 2240.00
2025-10-30 11:11:10,774 - sistema_relatorios - Sistema_Entrada_Dados - ERROR -    Vencimento: 07/11/2025
2025-10-30 11:11:10,776 - sistema_relatorios - Sistema_Entrada_Dados - ERROR -    Linha existente: 280
2025-10-30 11:11:10,776 - sistema_relatorios - Sistema_Entrada_Dados - WARNING - Duplicata detectada: JB CIMENTO - CIMENTO - R$ 2240.00
2025-10-30 11:11:10,776 - sistema_relatorios - Sistema_Entrada_Dados - WARNING - Detectados 1 possíveis lançamentos duplicados
2025-10-30 11:13:23,168 - sistema_relatorios - Sistema_Entrada_Dados - INFO - Usuário optou por manter lançamentos para revisão
2025-10-30 11:21:59,421 - sistema - logger_config - INFO - Sistema de logging inicializado
2025-10-30 11:21:59,422 - sistema_relatorios - logger_config - INFO - Usuário alterado para: sistema_relatorios
2025-10-30 11:21:59,423 - sistema_relatorios - relatorios_interface - INFO - Sistema de relatórios inicializando usando logger configurado
2025-10-30 11:21:59,423 - sistema_relatorios - relatorios_interface - INFO - Configurações de janela importadas com sucesso
2025-10-30 11:21:59,424 - sistema_relatorios - relatorios_interface - INFO - === Sistema de Relatórios Inicializando ===
2025-10-30 11:22:09,859 - sistema_relatorios - logger_config - INFO - Iniciando: Carregar configurações
2025-10-30 11:22:09,863 - sistema_relatorios - logger_config - INFO - Concluído: Carregar configurações
2025-10-30 11:22:09,867 - sistema_relatorios - logger_config - INFO - Iniciando: Carregar configurações
2025-10-30 11:22:09,868 - sistema_relatorios - logger_config - INFO - Concluído: Carregar configurações
2025-10-30 11:22:09,882 - sistema_relatorios - Sistema_Entrada_Dados - INFO - Proteções contra perda de dados configuradas
2025-10-30 11:22:13,004 - sistema_relatorios - Sistema_Entrada_Dados - INFO - Cliente selecionado com sucesso: BRUNO SANTANA RINALDI
2025-10-30 11:22:22,583 - sistema_relatorios - logger_config - INFO - Iniciando: Carregar configurações
2025-10-30 11:22:22,583 - sistema_relatorios - logger_config - INFO - Concluído: Carregar configurações
2025-10-30 11:22:44,735 - sistema_relatorios - Sistema_Entrada_Dados - INFO - Iniciando adição de dados - Cliente: BRUNO SANTANA RINALDI
2025-10-30 11:22:46,556 - sistema_relatorios - Sistema_Entrada_Dados - INFO - Dados adicionados com sucesso - Cliente: BRUNO SANTANA RINALDI, Total: 1
2025-10-30 11:22:58,884 - sistema_relatorios - Sistema_Entrada_Dados - INFO - Iniciando envio de dados - Cliente: BRUNO SANTANA RINALDI, Registros: 1
2025-10-30 11:22:58,884 - sistema_relatorios - Sistema_Entrada_Dados - INFO - Obtendo dados do visualizador
2025-10-30 11:22:58,884 - sistema_relatorios - Sistema_Entrada_Dados - INFO - Total de registros a processar: 1
2025-10-30 11:22:58,884 - sistema_relatorios - Sistema_Entrada_Dados - INFO - Datas que serão afetadas pela inserção: ['05/11/2025']
2025-10-30 11:22:58,884 - sistema_relatorios - Sistema_Entrada_Dados - INFO - Salvando em: C:\Users\Obras\sistema_gestao_testes\testes\Financeiro\Clientes\BRUNO SANTANA RINALDI.xlsx
2025-10-30 11:22:58,884 - sistema_relatorios - Sistema_Entrada_Dados - INFO - Verificando integridade dos IDs antes da inserção
2025-10-30 11:22:59,419 - sistema_relatorios - Sistema_Entrada_Dados - ERROR - 🔍 MÉTODO DE VERIFICAÇÃO FOI CHAMADO!
2025-10-30 11:22:59,419 - sistema_relatorios - Sistema_Entrada_Dados - INFO - === INICIANDO VERIFICAÇÃO DE DUPLICIDADE ===
2025-10-30 11:22:59,419 - sistema_relatorios - Sistema_Entrada_Dados - INFO - Dados novos: JB CIMENTO | CIMENTO | NF: 951753 | R$ 2240.00 | 07/11/2025
2025-10-30 11:22:59,451 - sistema_relatorios - Sistema_Entrada_Dados - INFO - ✅ Nenhuma duplicata encontrada para: JB CIMENTO - CIMENTO - NF: 951753
2025-10-30 11:22:59,453 - sistema_relatorios - Sistema_Entrada_Dados - INFO - Lançamento inserido com ID 292 na linha 292
2025-10-30 11:22:59,908 - sistema_relatorios - Sistema_Entrada_Dados - INFO - Iniciando verificação de recálculo para 1 datas
2025-10-30 11:23:00,420 - sistema_relatorios - Sistema_Entrada_Dados - INFO - Verificando necessidade de recálculo para 2025-11-05
2025-10-30 11:23:00,420 - sistema_relatorios - Sistema_Entrada_Dados - ERROR - Erro ao verificar recálculo para 2025-11-05: 'SistemaEntradaDados' object has no attribute 'chamar_apos_operacao_lancamento'
2025-10-30 11:23:02,801 - sistema_relatorios - Sistema_Entrada_Dados - INFO - Limpando 1 registros salvos da visualização
2025-10-30 11:23:02,811 - sistema_relatorios - Sistema_Entrada_Dados - INFO - Visualizador fechado - todos os registros foram processados
2025-10-30 11:23:02,816 - sistema_relatorios - Sistema_Entrada_Dados - INFO - Dados salvos removidos com sucesso da visualização
2025-10-30 11:29:43,179 - sistema_relatorios - logger_config - INFO - Iniciando: Carregar configurações
2025-10-30 11:29:43,179 - sistema_relatorios - logger_config - INFO - Concluído: Carregar configurações
2025-10-30 11:30:19,492 - sistema_relatorios - Sistema_Entrada_Dados - INFO - Iniciando adição de dados - Cliente: BRUNO SANTANA RINALDI
2025-10-30 11:30:23,120 - sistema_relatorios - Sistema_Entrada_Dados - INFO - Dados adicionados com sucesso - Cliente: BRUNO SANTANA RINALDI, Total: 1
2025-10-30 11:39:04,743 - sistema - logger_config - INFO - Sistema de logging inicializado
2025-10-30 11:39:04,745 - sistema_relatorios - logger_config - INFO - Usuário alterado para: sistema_relatorios
2025-10-30 11:39:04,749 - sistema_relatorios - relatorios_interface - INFO - Sistema de relatórios inicializando usando logger configurado
2025-10-30 11:39:04,765 - sistema_relatorios - relatorios_interface - INFO - Configurações de janela importadas com sucesso
2025-10-30 11:39:04,787 - sistema_relatorios - relatorios_interface - INFO - === Sistema de Relatórios Inicializando ===
2025-10-30 11:39:27,652 - sistema_relatorios - logger_config - INFO - Iniciando: Carregar configurações
2025-10-30 11:39:27,652 - sistema_relatorios - logger_config - INFO - Concluído: Carregar configurações
2025-10-30 11:39:27,669 - sistema_relatorios - logger_config - INFO - Iniciando: Carregar configurações
2025-10-30 11:39:27,669 - sistema_relatorios - logger_config - INFO - Concluído: Carregar configurações
2025-10-30 11:39:27,691 - sistema_relatorios - Sistema_Entrada_Dados - INFO - Proteções contra perda de dados configuradas
2025-10-30 11:39:32,398 - sistema_relatorios - Sistema_Entrada_Dados - INFO - Cliente selecionado com sucesso: BRUNO SANTANA RINALDI
2025-10-30 11:39:38,249 - sistema_relatorios - Sistema_Entrada_Dados - INFO - Iniciando envio de dados - Cliente: BRUNO SANTANA RINALDI, Registros: 1
2025-10-30 11:39:38,265 - sistema_relatorios - Sistema_Entrada_Dados - INFO - Obtendo dados do visualizador
2025-10-30 11:39:38,265 - sistema_relatorios - Sistema_Entrada_Dados - INFO - Total de registros a processar: 1
2025-10-30 11:39:38,265 - sistema_relatorios - Sistema_Entrada_Dados - INFO - Datas que serão afetadas pela inserção: ['05/11/2025']
2025-10-30 11:39:38,265 - sistema_relatorios - Sistema_Entrada_Dados - INFO - Salvando em: C:\Users\Obras\sistema_gestao_testes\testes\Financeiro\Clientes\BRUNO SANTANA RINALDI.xlsx
2025-10-30 11:39:38,265 - sistema_relatorios - Sistema_Entrada_Dados - INFO - Verificando integridade dos IDs antes da inserção
2025-10-30 11:39:38,884 - sistema_relatorios - Sistema_Entrada_Dados - ERROR - 🔍 MÉTODO DE VERIFICAÇÃO FOI CHAMADO!
2025-10-30 11:39:38,884 - sistema_relatorios - Sistema_Entrada_Dados - INFO - === INICIANDO VERIFICAÇÃO DE DUPLICIDADE ===
2025-10-30 11:39:38,884 - sistema_relatorios - Sistema_Entrada_Dados - INFO - Dados novos: JB CIMENTO | CIMENTO | NF: 456321 | R$ 4480.00 | 10/11/2025
2025-10-30 11:39:38,907 - sistema_relatorios - Sistema_Entrada_Dados - INFO - ✅ Nenhuma duplicata encontrada para: JB CIMENTO - CIMENTO - NF: 456321
2025-10-30 11:39:38,910 - sistema_relatorios - Sistema_Entrada_Dados - INFO - Lançamento inserido com ID 293 na linha 293
2025-10-30 11:39:39,362 - sistema_relatorios - Sistema_Entrada_Dados - INFO - Iniciando verificação de recálculo para 1 datas
2025-10-30 11:39:39,871 - sistema_relatorios - Sistema_Entrada_Dados - INFO - Verificando necessidade de recálculo para 2025-11-05
2025-10-30 11:39:39,871 - sistema_relatorios - Sistema_Entrada_Dados - ERROR - Erro ao verificar recálculo para 2025-11-05: 'SistemaEntradaDados' object has no attribute 'chamar_apos_operacao_lancamento'
2025-10-30 11:39:43,201 - sistema_relatorios - Sistema_Entrada_Dados - INFO - Limpando 1 registros salvos da visualização
2025-10-30 11:39:43,214 - sistema_relatorios - Sistema_Entrada_Dados - INFO - Visualizador fechado - todos os registros foram processados
2025-10-30 11:39:43,224 - sistema_relatorios - Sistema_Entrada_Dados - INFO - Dados salvos removidos com sucesso da visualização
2025-10-30 11:45:07,314 - sistema - logger_config - INFO - Sistema de logging inicializado
2025-10-30 11:45:07,314 - sistema_relatorios - logger_config - INFO - Usuário alterado para: sistema_relatorios
2025-10-30 11:45:07,314 - sistema_relatorios - relatorios_interface - INFO - Sistema de relatórios inicializando usando logger configurado
2025-10-30 11:45:07,314 - sistema_relatorios - relatorios_interface - INFO - Configurações de janela importadas com sucesso
2025-10-30 11:45:07,314 - sistema_relatorios - relatorios_interface - INFO - === Sistema de Relatórios Inicializando ===
2025-10-30 11:45:39,341 - sistema_relatorios - logger_config - INFO - Iniciando: Carregar configurações
2025-10-30 11:45:39,341 - sistema_relatorios - logger_config - INFO - Concluído: Carregar configurações
2025-10-30 11:45:39,350 - sistema_relatorios - logger_config - INFO - Iniciando: Carregar configurações
2025-10-30 11:45:39,352 - sistema_relatorios - logger_config - INFO - Concluído: Carregar configurações
2025-10-30 11:45:39,365 - sistema_relatorios - Sistema_Entrada_Dados - INFO - Proteções contra perda de dados configuradas
2025-10-30 11:45:49,009 - sistema_relatorios - Sistema_Entrada_Dados - INFO - Cliente selecionado com sucesso: BRUNO SANTANA RINALDI
2025-10-30 14:17:23,717 - sistema - logger_config - INFO - Sistema de logging inicializado
2025-10-30 14:17:23,717 - sistema_relatorios - logger_config - INFO - Usuário alterado para: sistema_relatorios
2025-10-30 14:17:23,717 - sistema_relatorios - relatorios_interface - INFO - Sistema de relatórios inicializando usando logger configurado
2025-10-30 14:17:23,717 - sistema_relatorios - relatorios_interface - INFO - Configurações de janela importadas com sucesso
2025-10-30 14:17:23,717 - sistema_relatorios - relatorios_interface - INFO - === Sistema de Relatórios Inicializando ===
2025-10-30 14:22:12,303 - sistema - logger_config - INFO - Sistema de logging inicializado
2025-10-30 14:22:12,303 - sistema_relatorios - logger_config - INFO - Usuário alterado para: sistema_relatorios
2025-10-30 14:22:12,303 - sistema_relatorios - relatorios_interface - INFO - Sistema de relatórios inicializando usando logger configurado
2025-10-30 14:22:12,303 - sistema_relatorios - relatorios_interface - INFO - Configurações de janela importadas com sucesso
2025-10-30 14:22:12,303 - sistema_relatorios - relatorios_interface - INFO - === Sistema de Relatórios Inicializando ===
2025-10-30 14:22:19,853 - sistema_relatorios - logger_config - INFO - Iniciando: Carregar configurações
2025-10-30 14:22:19,877 - sistema_relatorios - logger_config - INFO - Concluído: Carregar configurações
2025-10-30 14:22:19,886 - sistema_relatorios - logger_config - INFO - Iniciando: Carregar configurações
2025-10-30 14:22:19,887 - sistema_relatorios - logger_config - INFO - Concluído: Carregar configurações
2025-10-30 14:22:19,897 - sistema_relatorios - Sistema_Entrada_Dados - INFO - Proteções contra perda de dados configuradas
2025-10-30 14:31:17,537 - sistema - logger_config - INFO - Sistema de logging inicializado
2025-10-30 14:31:17,537 - sistema_relatorios - logger_config - INFO - Usuário alterado para: sistema_relatorios
2025-10-30 14:31:17,537 - sistema_relatorios - relatorios_interface - INFO - Sistema de relatórios inicializando usando logger configurado
2025-10-30 14:31:17,537 - sistema_relatorios - relatorios_interface - INFO - Configurações de janela importadas com sucesso
2025-10-30 14:31:17,537 - sistema_relatorios - relatorios_interface - INFO - === Sistema de Relatórios Inicializando ===
2025-10-30 14:31:32,254 - sistema_relatorios - relatorios_interface - INFO - Carregando clientes de: C:\Users\Obras\sistema_gestao_testes\testes\Financeiro\Planilhas_Base\clientes.xlsx
2025-10-30 14:31:32,318 - sistema_relatorios - relatorios_interface - INFO - Colunas disponíveis: ['Nome', 'Endereço', 'Data Inicial', 'Observações', 'Data Final', 'Tipo Taxa']
2025-10-30 14:31:32,318 - sistema_relatorios - relatorios_interface - INFO - Coluna de status: Data Final
2025-10-30 14:31:32,343 - sistema_relatorios - relatorios_interface - INFO - Coluna de nome: Nome
2025-10-30 14:31:32,344 - sistema_relatorios - relatorios_interface - INFO - Total de clientes ativos encontrados: 14
2025-10-30 14:31:32,345 - sistema_relatorios - relatorios_interface - INFO - Lista de clientes atualizada com 15 clientes
2025-10-30 14:31:34,294 - sistema_relatorios - relatorios_interface - INFO - Solicitado retorno ao menu principal
2025-10-30 14:31:34,294 - sistema_relatorios - relatorios_interface - INFO - Retornando ao menu principal existente
2025-10-30 14:31:34,359 - sistema_relatorios - relatorios_interface - INFO - Retorno ao menu principal concluído
2025-10-30 14:31:40,662 - sistema_relatorios - gestao_medicoes - INFO - Logger importado com sucesso em gestao_medicoes.py
2025-10-30 14:31:44,361 - sistema_relatorios - logger_config - INFO - Iniciando: Carregar configurações
2025-10-30 14:31:44,361 - sistema_relatorios - logger_config - INFO - Concluído: Carregar configurações
2025-10-30 14:31:48,879 - sistema_relatorios - logger_config - INFO - Iniciando: Carregar configurações
2025-10-30 14:31:48,879 - sistema_relatorios - logger_config - INFO - Concluído: Carregar configurações
2025-10-30 14:31:48,879 - sistema_relatorios - logger_config - INFO - Iniciando: Carregar configurações
2025-10-30 14:31:48,879 - sistema_relatorios - logger_config - INFO - Concluído: Carregar configurações
2025-10-30 14:31:48,894 - sistema_relatorios - Sistema_Entrada_Dados - INFO - Proteções contra perda de dados configuradas
2025-10-30 14:33:21,572 - sistema - logger_config - INFO - Sistema de logging inicializado
2025-10-30 14:33:21,574 - sistema_relatorios - logger_config - INFO - Usuário alterado para: sistema_relatorios
2025-10-30 14:33:21,574 - sistema_relatorios - relatorios_interface - INFO - Sistema de relatórios inicializando usando logger configurado
2025-10-30 14:33:21,574 - sistema_relatorios - relatorios_interface - INFO - Configurações de janela importadas com sucesso
2025-10-30 14:33:21,574 - sistema_relatorios - relatorios_interface - INFO - === Sistema de Relatórios Inicializando ===
2025-10-30 14:33:28,080 - sistema_relatorios - logger_config - INFO - Iniciando: Carregar configurações
2025-10-30 14:33:28,095 - sistema_relatorios - logger_config - INFO - Concluído: Carregar configurações
2025-10-30 14:33:28,095 - sistema_relatorios - logger_config - INFO - Iniciando: Carregar configurações
2025-10-30 14:33:28,095 - sistema_relatorios - logger_config - INFO - Concluído: Carregar configurações
2025-10-30 14:33:28,108 - sistema_relatorios - Sistema_Entrada_Dados - INFO - Proteções contra perda de dados configuradas
2025-10-30 14:33:33,885 - sistema_relatorios - Sistema_Entrada_Dados - INFO - Cliente selecionado com sucesso: EDUARDO MORENO MARQUES
2025-10-30 14:44:30,881 - sistema - logger_config - INFO - Sistema de logging inicializado
2025-10-30 14:44:30,881 - sistema_relatorios - logger_config - INFO - Usuário alterado para: sistema_relatorios
2025-10-30 14:44:30,881 - sistema_relatorios - relatorios_interface - INFO - Sistema de relatórios inicializando usando logger configurado
2025-10-30 14:44:30,881 - sistema_relatorios - relatorios_interface - INFO - Configurações de janela importadas com sucesso
2025-10-30 14:44:30,881 - sistema_relatorios - relatorios_interface - INFO - === Sistema de Relatórios Inicializando ===
2025-10-30 14:44:42,136 - sistema_relatorios - logger_config - INFO - Iniciando: Carregar configurações
2025-10-30 14:44:42,152 - sistema_relatorios - logger_config - INFO - Concluído: Carregar configurações
2025-10-30 14:44:42,152 - sistema_relatorios - logger_config - INFO - Iniciando: Carregar configurações
2025-10-30 14:44:42,152 - sistema_relatorios - logger_config - INFO - Concluído: Carregar configurações
2025-10-30 14:44:42,166 - sistema_relatorios - Sistema_Entrada_Dados - INFO - Proteções contra perda de dados configuradas
2025-10-30 14:44:45,085 - sistema_relatorios - Sistema_Entrada_Dados - INFO - Cliente selecionado com sucesso: EDIGAR BATISTA FERREIRA
2025-10-30 14:46:37,232 - sistema - logger_config - INFO - Sistema de logging inicializado
2025-10-30 14:46:37,232 - sistema_relatorios - logger_config - INFO - Usuário alterado para: sistema_relatorios
2025-10-30 14:46:37,232 - sistema_relatorios - relatorios_interface - INFO - Sistema de relatórios inicializando usando logger configurado
2025-10-30 14:46:37,232 - sistema_relatorios - relatorios_interface - INFO - Configurações de janela importadas com sucesso
2025-10-30 14:46:37,232 - sistema_relatorios - relatorios_interface - INFO - === Sistema de Relatórios Inicializando ===
2025-10-30 14:54:33,330 - sistema - logger_config - INFO - Sistema de logging inicializado
2025-10-30 14:54:33,346 - sistema_relatorios - logger_config - INFO - Usuário alterado para: sistema_relatorios
2025-10-30 14:54:33,346 - sistema_relatorios - relatorios_interface - INFO - Sistema de relatórios inicializando usando logger configurado
2025-10-30 14:54:33,346 - sistema_relatorios - relatorios_interface - INFO - Configurações de janela importadas com sucesso
2025-10-30 14:54:33,346 - sistema_relatorios - relatorios_interface - INFO - === Sistema de Relatórios Inicializando ===
2025-10-30 14:54:44,861 - sistema_relatorios - logger_config - INFO - Iniciando: Carregar configurações
2025-10-30 14:54:44,861 - sistema_relatorios - logger_config - INFO - Concluído: Carregar configurações
2025-10-30 14:54:44,870 - sistema_relatorios - logger_config - INFO - Iniciando: Carregar configurações
2025-10-30 14:54:44,871 - sistema_relatorios - logger_config - INFO - Concluído: Carregar configurações
2025-10-30 14:54:44,874 - sistema_relatorios - Sistema_Entrada_Dados - INFO - Proteções contra perda de dados configuradas
2025-10-30 14:54:51,394 - sistema_relatorios - gestao_medicoes - INFO - Logger importado com sucesso em gestao_medicoes.py
2025-10-30 14:54:54,875 - sistema_relatorios - logger_config - INFO - Iniciando: Carregar configurações
2025-10-30 14:54:54,875 - sistema_relatorios - logger_config - INFO - Concluído: Carregar configurações
2025-10-30 14:55:05,213 - sistema - logger_config - INFO - Sistema de logging inicializado
2025-10-30 14:55:05,213 - sistema_relatorios - logger_config - INFO - Usuário alterado para: sistema_relatorios
2025-10-30 14:55:05,213 - sistema_relatorios - relatorios_interface - INFO - Sistema de relatórios inicializando usando logger configurado
2025-10-30 14:55:05,213 - sistema_relatorios - relatorios_interface - INFO - Configurações de janela importadas com sucesso
2025-10-30 14:55:05,213 - sistema_relatorios - relatorios_interface - INFO - === Sistema de Relatórios Inicializando ===
2025-10-30 14:55:40,145 - sistema_relatorios - logger_config - INFO - Iniciando: Carregar configurações
2025-10-30 14:55:40,145 - sistema_relatorios - logger_config - INFO - Concluído: Carregar configurações
2025-10-30 14:55:40,161 - sistema_relatorios - logger_config - INFO - Iniciando: Carregar configurações
2025-10-30 14:55:40,161 - sistema_relatorios - logger_config - INFO - Concluído: Carregar configurações
2025-10-30 14:55:40,174 - sistema_relatorios - Sistema_Entrada_Dados - INFO - Proteções contra perda de dados configuradas
2025-10-30 15:30:16,224 - sistema - logger_config - INFO - Sistema de logging inicializado
2025-10-30 15:33:08,958 - sistema - logger_config - INFO - Sistema de logging inicializado
2025-10-30 16:05:29,207 - sistema - logger_config - INFO - Sistema de logging inicializado
2025-10-30 16:10:21,926 - sistema - logger_config - INFO - Sistema de logging inicializado
2025-10-30 17:29:31,671 - sistema - logger_config - INFO - Sistema de logging inicializado
2025-10-30 17:32:50,248 - sistema - logger_config - INFO - Sistema de logging inicializado
2025-10-30 17:43:38,840 - sistema - logger_config - INFO - Sistema de logging inicializado
2025-10-30 17:58:03,507 - sistema - logger_config - INFO - Sistema de logging inicializado
2025-10-30 18:00:57,214 - sistema - logger_config - INFO - Sistema de logging inicializado
