2026-07-23 07:19:01,179 - sistema - logger_config - INFO - Sistema de logging inicializado
2026-07-23 07:45:35,896 - sistema - logger_config - INFO - Sistema de logging inicializado
2026-07-23 07:55:55,102 - sistema - logger_config - INFO - Sistema de logging inicializado
2026-07-23 07:55:55,102 - sistema_relatorios - logger_config - INFO - Usuário alterado para: sistema_relatorios
2026-07-23 07:55:55,103 - sistema_relatorios - relatorios_interface - INFO - Sistema de relatórios inicializando usando logger configurado
2026-07-23 07:55:55,103 - sistema_relatorios - relatorios_interface - INFO - Configurações de janela importadas com sucesso
2026-07-23 07:55:55,104 - sistema_relatorios - relatorios_interface - INFO - === Sistema de Relatórios Inicializando ===
2026-07-23 07:56:26,163 - sistema_relatorios - relatorios_interface - INFO - Carregando clientes de: C:\Users\Obras\sistema_gestao_testes\testes\Financeiro\Planilhas_Base\Clientes.xlsx
2026-07-23 07:56:26,277 - sistema_relatorios - relatorios_interface - INFO - Colunas disponíveis: ['Nome', 'Endereço', 'Data Inicial', 'Observações', 'Data Final', 'Tipo Taxa', 'CPF', 'CNO', 'Estado Civil', 'Cidade', 'Grupo', 'Logradouro', 'Numero', 'Complemento', 'Localidade', 'CEP', 'Estado', 'Metragem_Alvara', 'Banco', 'Agencia', 'Conta', 'Tipo_Conta', 'PIX', 'TIPO_CLIENTE', 'CLIENTE_VINCULADO', 'CAIXA_CONTROLADO']
2026-07-23 07:56:26,278 - sistema_relatorios - relatorios_interface - INFO - Coluna de status: Data Final
2026-07-23 07:56:26,295 - sistema_relatorios - relatorios_interface - INFO - Coluna de nome: Nome
2026-07-23 07:56:26,296 - sistema_relatorios - relatorios_interface - INFO - Total de clientes ativos encontrados: 22
2026-07-23 07:56:26,297 - sistema_relatorios - relatorios_interface - INFO - Lista de clientes atualizada com 23 clientes
2026-07-23 07:56:27,757 - sistema_relatorios - relatorios_interface - INFO - Data calculada automaticamente: 05/08/2026
2026-07-23 07:56:27,758 - sistema_relatorios - relatorios_interface - INFO - Data calculada automaticamente: 05/08/2026
2026-07-23 07:56:28,491 - sistema_relatorios - relatorios_interface - INFO - Carregando clientes de: C:\Users\Obras\sistema_gestao_testes\testes\Financeiro\Planilhas_Base\Clientes.xlsx
2026-07-23 07:56:28,531 - sistema_relatorios - relatorios_interface - INFO - Colunas disponíveis: ['Nome', 'Endereço', 'Data Inicial', 'Observações', 'Data Final', 'Tipo Taxa', 'CPF', 'CNO', 'Estado Civil', 'Cidade', 'Grupo', 'Logradouro', 'Numero', 'Complemento', 'Localidade', 'CEP', 'Estado', 'Metragem_Alvara', 'Banco', 'Agencia', 'Conta', 'Tipo_Conta', 'PIX', 'TIPO_CLIENTE', 'CLIENTE_VINCULADO', 'CAIXA_CONTROLADO']
2026-07-23 07:56:28,535 - sistema_relatorios - relatorios_interface - INFO - Coluna de status: Data Final
2026-07-23 07:56:28,539 - sistema_relatorios - relatorios_interface - INFO - Coluna de nome: Nome
2026-07-23 07:56:28,540 - sistema_relatorios - relatorios_interface - INFO - Total de clientes ativos encontrados: 22
2026-07-23 07:56:34,144 - sistema_relatorios - relatorios_interface - INFO - Cliente selecionado: RONALDO ROLIM DE OLIVEIRA
2026-07-23 07:56:34,146 - sistema_relatorios - relatorios_interface - INFO - Arquivo encontrado: C:\Users\Obras\sistema_gestao_testes\testes\Financeiro\Clientes\RONALDO ROLIM DE OLIVEIRA.xlsx
2026-07-23 07:56:34,154 - sistema_relatorios - relatorios_interface - INFO - Arquivo encontrado: C:\Users\Obras\sistema_gestao_testes\testes\Financeiro\Clientes\RONALDO ROLIM DE OLIVEIRA.xlsx
2026-07-23 07:56:47,983 - sistema_relatorios - relatorios_interface - INFO - Cliente selecionado: RVR - SPRC - CASA JD PETROPOLIS
2026-07-23 07:56:47,985 - sistema_relatorios - relatorios_interface - INFO - Arquivo encontrado: C:\Users\Obras\sistema_gestao_testes\testes\Financeiro\Clientes\RVR - SPRC - CASA JD PETROPOLIS.xlsx
2026-07-23 07:56:47,986 - sistema_relatorios - relatorios_interface - INFO - Arquivo encontrado: C:\Users\Obras\sistema_gestao_testes\testes\Financeiro\Clientes\RVR - SPRC - CASA JD PETROPOLIS.xlsx
2026-07-23 07:56:48,073 - sistema_relatorios - relatorios_interface - INFO - Data final obtida: 2026-08-05 00:00:00 (tipo: <class 'datetime.datetime'>)
2026-07-23 07:57:57,143 - sistema_relatorios - relatorios_interface - INFO - Cliente selecionado: BRUNO SANTANA RINALDI
2026-07-23 07:57:57,144 - sistema_relatorios - relatorios_interface - INFO - Arquivo encontrado: C:\Users\Obras\sistema_gestao_testes\testes\Financeiro\Clientes\BRUNO SANTANA RINALDI.xlsx
2026-07-23 07:57:57,145 - sistema_relatorios - relatorios_interface - INFO - Arquivo encontrado: C:\Users\Obras\sistema_gestao_testes\testes\Financeiro\Clientes\BRUNO SANTANA RINALDI.xlsx
2026-07-23 07:58:05,247 - sistema_relatorios - relatorios_interface - INFO - Cliente selecionado: GILMAR ALMEIDA PORTUGAL
2026-07-23 07:58:05,249 - sistema_relatorios - relatorios_interface - INFO - Arquivo encontrado: C:\Users\Obras\sistema_gestao_testes\testes\Financeiro\Clientes\GILMAR ALMEIDA PORTUGAL.xlsx
2026-07-23 07:58:05,250 - sistema_relatorios - relatorios_interface - INFO - Arquivo encontrado: C:\Users\Obras\sistema_gestao_testes\testes\Financeiro\Clientes\GILMAR ALMEIDA PORTUGAL.xlsx
2026-07-23 07:58:12,399 - sistema_relatorios - relatorios_interface - INFO - Cliente selecionado: SÉRGIO PASSOS RIBEIRO DE CAMPOS
2026-07-23 07:58:12,401 - sistema_relatorios - relatorios_interface - INFO - Arquivo encontrado: C:\Users\Obras\sistema_gestao_testes\testes\Financeiro\Clientes\SÉRGIO PASSOS RIBEIRO DE CAMPOS.xlsx
2026-07-23 07:58:12,402 - sistema_relatorios - relatorios_interface - INFO - Arquivo encontrado: C:\Users\Obras\sistema_gestao_testes\testes\Financeiro\Clientes\SÉRGIO PASSOS RIBEIRO DE CAMPOS.xlsx
2026-07-23 07:58:20,911 - sistema_relatorios - relatorios_interface - INFO - Cliente selecionado: MARIA TERESA GONZAGA ALVES
2026-07-23 07:58:20,913 - sistema_relatorios - relatorios_interface - INFO - Arquivo encontrado: C:\Users\Obras\sistema_gestao_testes\testes\Financeiro\Clientes\MARIA TERESA GONZAGA ALVES.xlsx
2026-07-23 07:58:20,914 - sistema_relatorios - relatorios_interface - INFO - Arquivo encontrado: C:\Users\Obras\sistema_gestao_testes\testes\Financeiro\Clientes\MARIA TERESA GONZAGA ALVES.xlsx
2026-07-23 07:58:29,087 - sistema_relatorios - relatorios_interface - INFO - Cliente selecionado: EDUARDO DE CARVALHO LIMA
2026-07-23 07:58:29,088 - sistema_relatorios - relatorios_interface - INFO - Arquivo encontrado: C:\Users\Obras\sistema_gestao_testes\testes\Financeiro\Clientes\EDUARDO DE CARVALHO LIMA.xlsx
2026-07-23 07:58:29,089 - sistema_relatorios - relatorios_interface - INFO - Arquivo encontrado: C:\Users\Obras\sistema_gestao_testes\testes\Financeiro\Clientes\EDUARDO DE CARVALHO LIMA.xlsx
2026-07-23 07:58:38,303 - sistema_relatorios - relatorios_interface - INFO - Cliente selecionado: RVR - ECL - APARTAMENTO SAVASSI
2026-07-23 07:58:38,307 - sistema_relatorios - relatorios_interface - WARNING - Arquivo não encontrado para cliente: RVR - ECL - APARTAMENTO SAVASSI
2026-07-23 07:58:55,431 - sistema_relatorios - relatorios_interface - INFO - Cliente selecionado: EMILIA MARGARETH GONZAGA ALVES
2026-07-23 07:58:55,432 - sistema_relatorios - relatorios_interface - INFO - Arquivo encontrado: C:\Users\Obras\sistema_gestao_testes\testes\Financeiro\Clientes\EMILIA MARGARETH GONZAGA ALVES.xlsx
2026-07-23 07:58:55,434 - sistema_relatorios - relatorios_interface - INFO - Arquivo encontrado: C:\Users\Obras\sistema_gestao_testes\testes\Financeiro\Clientes\EMILIA MARGARETH GONZAGA ALVES.xlsx
2026-07-23 07:58:55,516 - sistema_relatorios - relatorios_interface - INFO - Data final obtida: 2026-08-05 00:00:00 (tipo: <class 'datetime.datetime'>)
2026-07-23 07:59:30,904 - sistema_relatorios - relatorios_interface - INFO - Data final obtida: 2026-08-05 00:00:00 (tipo: <class 'datetime.datetime'>)
2026-07-23 07:59:39,237 - sistema_relatorios - relatorios_interface - INFO - 🔍 INICIANDO gerar_relatorio para: despesas
2026-07-23 07:59:39,238 - sistema_relatorios - relatorios_interface - INFO - 🎯 PROCESSANDO: Relatório de despesas
2026-07-23 07:59:39,238 - sistema_relatorios - relatorios_interface - INFO - 🎯 PROCESSANDO DESPESAS - ARQUITETURA LIMPA
2026-07-23 07:59:39,239 - sistema_relatorios - relatorios_interface - INFO - Data final obtida: 2026-08-05 00:00:00 (tipo: <class 'datetime.datetime'>)
2026-07-23 07:59:39,240 - sistema_relatorios - relatorios_interface - INFO - ✅ Arquivo encontrado em arquivo_cliente_selecionado: C:\Users\Obras\sistema_gestao_testes\testes\Financeiro\Clientes\EMILIA MARGARETH GONZAGA ALVES.xlsx
2026-07-23 07:59:39,240 - sistema_relatorios - relatorios_interface - INFO - ✅ Arquivo final nas configurações: C:\Users\Obras\sistema_gestao_testes\testes\Financeiro\Clientes\EMILIA MARGARETH GONZAGA ALVES.xlsx
2026-07-23 07:59:39,241 - sistema_relatorios - relatorios_interface - INFO - ✅ Configurações coletadas
2026-07-23 07:59:39,241 - sistema_relatorios - relatorios_interface - INFO - ✅ Arquivo confirmado: EMILIA MARGARETH GONZAGA ALVES.xlsx
2026-07-23 07:59:41,210 - sistema_relatorios - relatorios_interface - INFO - Modo selecionado: Preview
2026-07-23 07:59:41,211 - sistema_relatorios - relatorios_interface - INFO - 🎯 EXECUTANDO COM PREVIEW DIRETO - PDF TEMPORÁRIO
2026-07-23 07:59:41,877 - sistema_relatorios - relatorios_interface - INFO - ✅ Janela de decisão criada
2026-07-23 08:00:11,567 - sistema_relatorios - relatorios_interface - INFO - 🗑️ PDF temporário agendado para remoção: PREVIEW_EMILIA_MARGARETH_GONZAGA_ALVES_20260723_075941.pdf
2026-07-23 08:00:13,581 - sistema_relatorios - relatorios_interface - INFO - 🗑️ Arquivo temporário removido: PREVIEW_EMILIA_MARGARETH_GONZAGA_ALVES_20260723_075941.pdf
2026-07-23 08:56:35,225 - sistema_relatorios - relatorios_interface - INFO - Solicitado retorno ao menu principal
2026-07-23 08:56:35,232 - sistema_relatorios - relatorios_interface - INFO - Retornando ao menu principal existente
2026-07-23 08:56:35,468 - sistema_relatorios - relatorios_interface - INFO - Retorno ao menu principal concluído
2026-07-23 10:07:38,880 - sistema - logger_config - INFO - Sistema de logging inicializado
2026-07-23 10:07:38,882 - sistema_relatorios - logger_config - INFO - Usuário alterado para: sistema_relatorios
2026-07-23 10:07:38,883 - sistema_relatorios - relatorios_interface - INFO - Sistema de relatórios inicializando usando logger configurado
2026-07-23 10:07:38,885 - sistema_relatorios - relatorios_interface - INFO - Configurações de janela importadas com sucesso
2026-07-23 10:07:38,885 - sistema_relatorios - relatorios_interface - INFO - === Sistema de Relatórios Inicializando ===
2026-07-23 10:07:55,807 - sistema_relatorios - logger_config - INFO - Iniciando: Carregar configurações
2026-07-23 10:07:55,833 - sistema_relatorios - logger_config - INFO - Concluído: Carregar configurações
2026-07-23 10:07:56,401 - sistema_relatorios - logger_config - INFO - Iniciando: Carregar configurações
2026-07-23 10:07:56,402 - sistema_relatorios - logger_config - INFO - Concluído: Carregar configurações
2026-07-23 10:08:08,181 - sistema_relatorios - logger_config - INFO - Iniciando: Carregar configurações
2026-07-23 10:08:08,181 - sistema_relatorios - logger_config - INFO - Concluído: Carregar configurações
2026-07-23 10:08:13,450 - sistema_relatorios - logger_config - INFO - Iniciando: Carregar configurações
2026-07-23 10:08:13,451 - sistema_relatorios - logger_config - INFO - Concluído: Carregar configurações
2026-07-23 10:08:13,456 - sistema_relatorios - logger_config - INFO - Iniciando: Carregar configurações
2026-07-23 10:08:13,457 - sistema_relatorios - logger_config - INFO - Concluído: Carregar configurações
2026-07-23 10:08:49,191 - sistema_relatorios - logger_config - INFO - Iniciando: Carregar configurações
2026-07-23 10:08:49,192 - sistema_relatorios - logger_config - INFO - Concluído: Carregar configurações
2026-07-23 10:08:49,370 - sistema_relatorios - logger_config - INFO - Iniciando: Carregar configurações
2026-07-23 10:08:49,370 - sistema_relatorios - logger_config - INFO - Concluído: Carregar configurações
2026-07-23 10:08:49,373 - sistema_relatorios - logger_config - INFO - Iniciando: Carregar configurações
2026-07-23 10:08:49,374 - sistema_relatorios - logger_config - INFO - Concluído: Carregar configurações
2026-07-23 10:08:58,352 - sistema_relatorios - logger_config - INFO - Iniciando: Carregar configurações
2026-07-23 10:08:58,353 - sistema_relatorios - logger_config - INFO - Concluído: Carregar configurações
2026-07-23 10:10:26,410 - sistema - logger_config - INFO - Sistema de logging inicializado
2026-07-23 10:10:26,412 - sistema_relatorios - logger_config - INFO - Usuário alterado para: sistema_relatorios
2026-07-23 10:10:26,413 - sistema_relatorios - relatorios_interface - INFO - Sistema de relatórios inicializando usando logger configurado
2026-07-23 10:10:26,413 - sistema_relatorios - relatorios_interface - INFO - Configurações de janela importadas com sucesso
2026-07-23 10:10:26,414 - sistema_relatorios - relatorios_interface - INFO - === Sistema de Relatórios Inicializando ===
2026-07-23 10:10:32,524 - sistema_relatorios - logger_config - INFO - Iniciando: Carregar configurações
2026-07-23 10:10:32,569 - sistema_relatorios - logger_config - INFO - Concluído: Carregar configurações
2026-07-23 10:10:33,002 - sistema_relatorios - logger_config - INFO - Iniciando: Carregar configurações
2026-07-23 10:10:33,002 - sistema_relatorios - logger_config - INFO - Concluído: Carregar configurações
2026-07-23 10:10:47,291 - sistema_relatorios - logger_config - INFO - Iniciando: Carregar configurações
2026-07-23 10:10:47,301 - sistema_relatorios - logger_config - INFO - Concluído: Carregar configurações
2026-07-23 10:10:55,841 - sistema_relatorios - logger_config - INFO - Iniciando: Carregar configurações
2026-07-23 10:10:55,842 - sistema_relatorios - logger_config - INFO - Concluído: Carregar configurações
2026-07-23 10:10:55,846 - sistema_relatorios - logger_config - INFO - Iniciando: Carregar configurações
2026-07-23 10:10:55,847 - sistema_relatorios - logger_config - INFO - Concluído: Carregar configurações
2026-07-23 10:11:02,345 - sistema_relatorios - logger_config - INFO - Iniciando: Carregar configurações
2026-07-23 10:11:02,346 - sistema_relatorios - logger_config - INFO - Concluído: Carregar configurações
2026-07-23 10:11:02,573 - sistema_relatorios - logger_config - INFO - Iniciando: Carregar configurações
2026-07-23 10:11:02,575 - sistema_relatorios - logger_config - INFO - Concluído: Carregar configurações
2026-07-23 10:11:02,579 - sistema_relatorios - logger_config - INFO - Iniciando: Carregar configurações
2026-07-23 10:11:02,579 - sistema_relatorios - logger_config - INFO - Concluído: Carregar configurações
2026-07-23 10:11:10,198 - sistema_relatorios - logger_config - INFO - Iniciando: Carregar configurações
2026-07-23 10:11:10,198 - sistema_relatorios - logger_config - INFO - Concluído: Carregar configurações
2026-07-23 10:16:51,885 - sistema - logger_config - INFO - Sistema de logging inicializado
