2025-10-13 10:22:55,210 - sistema - logger_config - INFO - Sistema de logging inicializado
2025-10-13 10:22:57,879 - sistema - logger_config - INFO - Iniciando: Carregar configurações
2025-10-13 10:22:57,918 - sistema - logger_config - INFO - Concluído: Carregar configurações
2025-10-13 10:22:57,924 - sistema - logger_config - INFO - Iniciando: Carregar configurações
2025-10-13 10:22:57,928 - sistema - logger_config - INFO - Concluído: Carregar configurações
2025-10-13 10:23:19,847 - sistema - logger_config - INFO - Iniciando: Carregar configurações
2025-10-13 10:23:19,848 - sistema - logger_config - INFO - Concluído: Carregar configurações
2025-10-13 10:23:51,177 - sistema - Sistema_Entrada_Dados - INFO - Iniciando adição de dados - Cliente: BRUNO SANTANA RINALDI
2025-10-13 10:23:53,761 - sistema - Sistema_Entrada_Dados - INFO - Dados adicionados com sucesso - Cliente: BRUNO SANTANA RINALDI, Total: 1
2025-10-13 10:23:53,761 - sistema - Sistema_Entrada_Dados - INFO - Iniciando envio de dados - Cliente: BRUNO SANTANA RINALDI, Registros: 1
2025-10-13 10:23:53,761 - sistema - Sistema_Entrada_Dados - INFO - Usando dados_para_incluir existentes
2025-10-13 10:23:53,761 - sistema - Sistema_Entrada_Dados - INFO - Total de registros a processar: 1
2025-10-13 10:23:53,761 - sistema - Sistema_Entrada_Dados - INFO - Datas que serão afetadas pela inserção: ['20/10/2025']
2025-10-13 10:23:53,761 - sistema - Sistema_Entrada_Dados - INFO - Salvando em: C:\Users\Obras\sistema_gestao_testes\testes\Financeiro\Clientes\BRUNO SANTANA RINALDI.xlsx
2025-10-13 10:23:53,772 - sistema - Sistema_Entrada_Dados - INFO - Verificando integridade dos IDs antes da inserção
2025-10-13 10:23:54,252 - sistema - Sistema_Entrada_Dados - ERROR - 🔍 MÉTODO DE VERIFICAÇÃO FOI CHAMADO!
2025-10-13 10:23:54,252 - sistema - Sistema_Entrada_Dados - INFO - === INICIANDO VERIFICAÇÃO DE DUPLICIDADE ===
2025-10-13 10:23:54,252 - sistema - Sistema_Entrada_Dados - INFO - Dados novos: FGTS | FGTS [REL 20/10] | R$ 586.30 | 24/10/2025
2025-10-13 10:23:54,278 - sistema - Sistema_Entrada_Dados - INFO - ✅ Nenhuma duplicata encontrada para: FGTS - FGTS [REL 20/10]
2025-10-13 10:23:54,281 - sistema - Sistema_Entrada_Dados - INFO - Lançamento inserido com ID 274 na linha 274
2025-10-13 10:23:54,656 - sistema - Sistema_Entrada_Dados - INFO - Iniciando verificação de recálculo para 1 datas
2025-10-13 10:23:55,166 - sistema - Sistema_Entrada_Dados - INFO - Verificando necessidade de recálculo para 2025-10-20
2025-10-13 10:23:55,392 - sistema - Sistema_Entrada_Dados - INFO - 2025-10-20: Sem taxas na data - recálculo desnecessário
2025-10-13 10:24:00,403 - sistema - logger_config - INFO - Iniciando: Carregar configurações
2025-10-13 10:24:00,403 - sistema - logger_config - INFO - Concluído: Carregar configurações
2025-10-13 11:14:21,296 - sistema - logger_config - INFO - Sistema de logging inicializado
2025-10-13 11:14:23,614 - sistema - logger_config - INFO - Iniciando: Carregar configurações
2025-10-13 11:14:23,638 - sistema - logger_config - INFO - Concluído: Carregar configurações
2025-10-13 11:14:23,647 - sistema - logger_config - INFO - Iniciando: Carregar configurações
2025-10-13 11:14:23,648 - sistema - logger_config - INFO - Concluído: Carregar configurações
2025-10-13 11:14:31,885 - sistema - logger_config - INFO - Iniciando: Carregar configurações
2025-10-13 11:14:31,886 - sistema - logger_config - INFO - Concluído: Carregar configurações
2025-10-13 11:14:49,942 - sistema - logger_config - INFO - Iniciando: Carregar configurações
2025-10-13 11:14:49,943 - sistema - logger_config - INFO - Concluído: Carregar configurações
2025-10-13 11:17:23,301 - sistema - logger_config - INFO - Sistema de logging inicializado
2025-10-13 11:17:24,748 - sistema - logger_config - INFO - Iniciando: Carregar configurações
2025-10-13 11:17:24,748 - sistema - logger_config - INFO - Concluído: Carregar configurações
2025-10-13 11:17:24,764 - sistema - logger_config - INFO - Iniciando: Carregar configurações
2025-10-13 11:17:24,764 - sistema - logger_config - INFO - Concluído: Carregar configurações
2025-10-13 11:18:43,058 - sistema - logger_config - INFO - Iniciando: Carregar configurações
2025-10-13 11:18:43,059 - sistema - logger_config - INFO - Concluído: Carregar configurações
2025-10-13 11:27:16,582 - sistema - logger_config - INFO - Sistema de logging inicializado
2025-10-13 11:27:18,493 - sistema - logger_config - INFO - Iniciando: Carregar configurações
2025-10-13 11:27:18,493 - sistema - logger_config - INFO - Concluído: Carregar configurações
2025-10-13 11:27:18,493 - sistema - logger_config - INFO - Iniciando: Carregar configurações
2025-10-13 11:27:18,493 - sistema - logger_config - INFO - Concluído: Carregar configurações
2025-10-13 11:35:44,499 - sistema - logger_config - INFO - Sistema de logging inicializado
2025-10-13 11:35:46,156 - sistema - logger_config - INFO - Iniciando: Carregar configurações
2025-10-13 11:35:46,172 - sistema - logger_config - INFO - Concluído: Carregar configurações
2025-10-13 11:35:46,172 - sistema - logger_config - INFO - Iniciando: Carregar configurações
2025-10-13 11:35:46,172 - sistema - logger_config - INFO - Concluído: Carregar configurações
2025-10-13 11:37:36,353 - sistema - logger_config - INFO - Sistema de logging inicializado
2025-10-13 11:37:38,055 - sistema - logger_config - INFO - Iniciando: Carregar configurações
2025-10-13 11:37:38,055 - sistema - logger_config - INFO - Concluído: Carregar configurações
2025-10-13 11:37:38,066 - sistema - logger_config - INFO - Iniciando: Carregar configurações
2025-10-13 11:37:38,068 - sistema - logger_config - INFO - Concluído: Carregar configurações
2025-10-13 11:39:36,353 - sistema - logger_config - INFO - Sistema de logging inicializado
2025-10-13 11:39:37,955 - sistema - logger_config - INFO - Iniciando: Carregar configurações
2025-10-13 11:39:37,955 - sistema - logger_config - INFO - Concluído: Carregar configurações
2025-10-13 11:39:37,970 - sistema - logger_config - INFO - Iniciando: Carregar configurações
2025-10-13 11:39:37,970 - sistema - logger_config - INFO - Concluído: Carregar configurações
2025-10-13 11:40:23,248 - sistema - logger_config - INFO - Iniciando: Carregar configurações
2025-10-13 11:40:23,249 - sistema - logger_config - INFO - Concluído: Carregar configurações
