2025-10-01 11:18:03,445 - sistema - logger_config - INFO - Sistema de logging inicializado
2025-10-01 11:18:06,138 - sistema - logger_config - INFO - Iniciando: Carregar configurações
2025-10-01 11:18:06,167 - sistema - logger_config - INFO - Concluído: Carregar configurações
2025-10-01 11:18:06,169 - sistema - logger_config - INFO - Iniciando: Carregar configurações
2025-10-01 11:18:06,170 - sistema - logger_config - INFO - Concluído: Carregar configurações
2025-10-01 11:18:47,757 - sistema - logger_config - INFO - Iniciando: Carregar configurações
2025-10-01 11:18:47,757 - sistema - logger_config - INFO - Concluído: Carregar configurações
2025-10-01 11:23:41,825 - sistema - logger_config - INFO - Sistema de logging inicializado
2025-10-01 11:23:43,619 - sistema - logger_config - INFO - Iniciando: Carregar configurações
2025-10-01 11:23:43,619 - sistema - logger_config - INFO - Concluído: Carregar configurações
2025-10-01 11:23:43,619 - sistema - logger_config - INFO - Iniciando: Carregar configurações
2025-10-01 11:23:43,619 - sistema - logger_config - INFO - Concluído: Carregar configurações
2025-10-01 11:23:54,281 - sistema - logger_config - INFO - Iniciando: Carregar configurações
2025-10-01 11:23:54,281 - sistema - logger_config - INFO - Concluído: Carregar configurações
2025-10-01 11:24:25,677 - sistema - logger_config - INFO - Iniciando: Carregar configurações
2025-10-01 11:24:25,692 - sistema - logger_config - INFO - Concluído: Carregar configurações
2025-10-01 13:47:59,709 - sistema - logger_config - INFO - Sistema de logging inicializado
2025-10-01 13:49:09,646 - sistema - logger_config - INFO - Sistema de logging inicializado
2025-10-01 13:49:13,145 - sistema - logger_config - INFO - Iniciando: Carregar configurações
2025-10-01 13:49:13,168 - sistema - logger_config - INFO - Concluído: Carregar configurações
2025-10-01 13:49:13,168 - sistema - logger_config - INFO - Iniciando: Carregar configurações
2025-10-01 13:49:13,168 - sistema - logger_config - INFO - Concluído: Carregar configurações
2025-10-01 13:49:26,104 - sistema - logger_config - INFO - Iniciando: Carregar configurações
2025-10-01 13:49:26,104 - sistema - logger_config - INFO - Concluído: Carregar configurações
2025-10-01 13:49:28,213 - sistema - logger_config - INFO - Iniciando: Carregar configurações
2025-10-01 13:49:28,214 - sistema - logger_config - INFO - Concluído: Carregar configurações
2025-10-01 13:49:28,214 - sistema - logger_config - INFO - Iniciando: Carregar configurações
2025-10-01 13:49:28,214 - sistema - logger_config - INFO - Concluído: Carregar configurações
2025-10-01 13:52:46,625 - sistema - logger_config - INFO - Sistema de logging inicializado
2025-10-01 13:52:48,009 - sistema - logger_config - INFO - Iniciando: Carregar configurações
2025-10-01 13:52:48,009 - sistema - logger_config - INFO - Concluído: Carregar configurações
2025-10-01 13:52:48,009 - sistema - logger_config - INFO - Iniciando: Carregar configurações
2025-10-01 13:52:48,009 - sistema - logger_config - INFO - Concluído: Carregar configurações
2025-10-01 13:53:01,180 - sistema - logger_config - INFO - Iniciando: Carregar configurações
2025-10-01 13:53:01,180 - sistema - logger_config - INFO - Concluído: Carregar configurações
2025-10-01 13:53:03,488 - sistema - logger_config - INFO - Iniciando: Carregar configurações
2025-10-01 13:53:03,489 - sistema - logger_config - INFO - Concluído: Carregar configurações
2025-10-01 13:53:03,490 - sistema - logger_config - INFO - Iniciando: Carregar configurações
2025-10-01 13:53:03,491 - sistema - logger_config - INFO - Concluído: Carregar configurações
2025-10-01 13:59:57,712 - sistema - logger_config - INFO - Sistema de logging inicializado
2025-10-01 13:59:59,273 - sistema - logger_config - INFO - Iniciando: Carregar configurações
2025-10-01 13:59:59,273 - sistema - logger_config - INFO - Concluído: Carregar configurações
2025-10-01 13:59:59,273 - sistema - logger_config - INFO - Iniciando: Carregar configurações
2025-10-01 13:59:59,273 - sistema - logger_config - INFO - Concluído: Carregar configurações
2025-10-01 14:00:12,174 - sistema - logger_config - INFO - Iniciando: Carregar configurações
2025-10-01 14:00:12,174 - sistema - logger_config - INFO - Concluído: Carregar configurações
2025-10-01 14:00:16,157 - sistema - logger_config - INFO - Iniciando: Carregar configurações
2025-10-01 14:00:16,157 - sistema - logger_config - INFO - Concluído: Carregar configurações
2025-10-01 14:00:16,157 - sistema - logger_config - INFO - Iniciando: Carregar configurações
2025-10-01 14:00:16,157 - sistema - logger_config - INFO - Concluído: Carregar configurações
2025-10-01 14:00:59,761 - sistema - Sistema_Entrada_Dados - INFO - Iniciando adição de dados - Cliente: BRUNO SANTANA RINALDI
2025-10-01 14:00:59,764 - sistema - Sistema_Entrada_Dados - INFO - Dados adicionados com sucesso - Cliente: BRUNO SANTANA RINALDI, Total: 1
2025-10-01 14:00:59,771 - sistema - Sistema_Entrada_Dados - INFO - Iniciando adição de dados - Cliente: BRUNO SANTANA RINALDI
2025-10-01 14:00:59,777 - sistema - Sistema_Entrada_Dados - INFO - Dados adicionados com sucesso - Cliente: BRUNO SANTANA RINALDI, Total: 2
2025-10-01 14:01:08,411 - sistema - Sistema_Entrada_Dados - INFO - Iniciando envio de dados - Cliente: BRUNO SANTANA RINALDI, Registros: 2
2025-10-01 14:01:08,411 - sistema - Sistema_Entrada_Dados - INFO - Obtendo dados do visualizador
2025-10-01 14:01:08,411 - sistema - Sistema_Entrada_Dados - INFO - Total de registros a processar: 2
2025-10-01 14:01:08,411 - sistema - Sistema_Entrada_Dados - INFO - Datas que serão afetadas pela inserção: ['05/10/2025', '05/11/2025']
2025-10-01 14:01:08,411 - sistema - Sistema_Entrada_Dados - INFO - Salvando em: C:\Users\Obras\sistema_gestao_testes\testes\Financeiro\Clientes\BRUNO SANTANA RINALDI.xlsx
2025-10-01 14:01:08,411 - sistema - Sistema_Entrada_Dados - INFO - Verificando integridade dos IDs antes da inserção
2025-10-01 14:01:09,354 - sistema - Sistema_Entrada_Dados - ERROR - 🔍 MÉTODO DE VERIFICAÇÃO FOI CHAMADO!
2025-10-01 14:01:09,354 - sistema - Sistema_Entrada_Dados - INFO - === INICIANDO VERIFICAÇÃO DE DUPLICIDADE ===
2025-10-01 14:01:09,354 - sistema - Sistema_Entrada_Dados - INFO - Dados novos: IDEALE ACABAMENTOS | ACABAMENTO - PARC. 1/2 | R$ 25000.00 | 10/10/2025
2025-10-01 14:01:09,374 - sistema - Sistema_Entrada_Dados - INFO - ✅ Nenhuma duplicata encontrada para: IDEALE ACABAMENTOS - ACABAMENTO - PARC. 1/2
2025-10-01 14:01:09,376 - sistema - Sistema_Entrada_Dados - ERROR - 🔍 MÉTODO DE VERIFICAÇÃO FOI CHAMADO!
2025-10-01 14:01:09,376 - sistema - Sistema_Entrada_Dados - INFO - === INICIANDO VERIFICAÇÃO DE DUPLICIDADE ===
2025-10-01 14:01:09,376 - sistema - Sistema_Entrada_Dados - INFO - Dados novos: IDEALE ACABAMENTOS | ACABAMENTO - PARC. 2/2 | R$ 25000.00 | 10/11/2025
2025-10-01 14:01:09,394 - sistema - Sistema_Entrada_Dados - INFO - ✅ Nenhuma duplicata encontrada para: IDEALE ACABAMENTOS - ACABAMENTO - PARC. 2/2
2025-10-01 14:01:09,396 - sistema - Sistema_Entrada_Dados - INFO - Lançamento inserido com ID 270 na linha 270
2025-10-01 14:01:09,399 - sistema - Sistema_Entrada_Dados - INFO - Lançamento inserido com ID 271 na linha 271
2025-10-01 14:01:09,806 - sistema - Sistema_Entrada_Dados - INFO - Iniciando verificação de recálculo para 2 datas
2025-10-01 14:01:10,307 - sistema - Sistema_Entrada_Dados - INFO - Verificando necessidade de recálculo para 2025-10-05
2025-10-01 14:01:10,575 - sistema - Sistema_Entrada_Dados - INFO - 2025-10-05: Sem taxas na data - recálculo desnecessário
2025-10-01 14:01:10,576 - sistema - Sistema_Entrada_Dados - INFO - Verificando necessidade de recálculo para 2025-11-05
2025-10-01 14:01:10,724 - sistema - Sistema_Entrada_Dados - INFO - 2025-11-05: Sem taxas na data - recálculo desnecessário
2025-10-01 14:21:05,835 - sistema - logger_config - INFO - Iniciando: Carregar configurações
2025-10-01 14:21:05,836 - sistema - logger_config - INFO - Concluído: Carregar configurações
