2025-07-24 10:44:23,538 - sistema - logger_config - INFO - Sistema de logging inicializado
2025-07-24 10:53:24,988 - sistema - logger_config - INFO - Sistema de logging inicializado
2025-07-24 10:57:26,508 - sistema - logger_config - INFO - Sistema de logging inicializado
2025-07-24 11:17:58,526 - sistema - logger_config - INFO - Sistema de logging inicializado
2025-07-24 11:18:15,415 - sistema - logger_config - INFO - Sistema de logging inicializado
2025-07-24 11:22:21,861 - sistema - logger_config - INFO - Sistema de logging inicializado
2025-07-24 11:26:00,374 - sistema - logger_config - INFO - Sistema de logging inicializado
2025-07-24 11:27:06,990 - sistema - logger_config - INFO - Sistema de logging inicializado
2025-07-24 11:39:08,356 - sistema - logger_config - INFO - Sistema de logging inicializado
2025-07-24 11:46:22,955 - sistema - logger_config - INFO - Sistema de logging inicializado
2025-07-24 11:49:40,869 - sistema - logger_config - INFO - Sistema de logging inicializado
2025-07-24 11:51:58,983 - sistema - logger_config - INFO - Sistema de logging inicializado
2025-07-24 15:03:31,579 - sistema - logger_config - INFO - Sistema de logging inicializado
2025-07-24 15:22:07,582 - sistema - logger_config - INFO - Sistema de logging inicializado
2025-07-24 15:22:24,707 - sistema - logger_config - INFO - Iniciando: Carregar configurações
2025-07-24 15:22:24,740 - sistema - logger_config - INFO - Concluído: Carregar configurações
2025-07-24 16:36:58,457 - sistema - logger_config - INFO - Sistema de logging inicializado
2025-07-24 16:40:15,585 - sistema - logger_config - INFO - Sistema de logging inicializado
2025-07-24 16:43:26,543 - sistema - logger_config - INFO - Sistema de logging inicializado
2025-07-24 16:43:26,544 - sistema_principal - logger_config - INFO - Usuário alterado para: sistema_principal
2025-07-24 16:43:26,544 - sistema_principal - sistema_principal - INFO - Abrindo sistema de relatórios
2025-07-24 16:43:27,326 - sistema_relatorios - logger_config - INFO - Usuário alterado para: sistema_relatorios
2025-07-24 16:43:27,327 - sistema_relatorios - relatorios_interface - INFO - Sistema de relatórios inicializando usando logger configurado
2025-07-24 16:43:27,327 - sistema_relatorios - relatorios_interface - INFO - Configurações de janela importadas com sucesso
2025-07-24 16:43:27,328 - sistema_relatorios - relatorios_interface - INFO - === Sistema de Relatórios Inicializando ===
2025-07-24 16:43:29,108 - sistema_relatorios - relatorios_interface - INFO - Carregando clientes de: C:\Users\Obras\sistema_gestao_testes\testes\Financeiro\Planilhas_Base\clientes.xlsx
2025-07-24 16:43:29,169 - sistema_relatorios - relatorios_interface - INFO - Colunas disponíveis: ['Nome', 'Endereço', 'Data Inicial', 'Observações', 'Data Final']
2025-07-24 16:43:29,170 - sistema_relatorios - relatorios_interface - INFO - Coluna de status: Data Final
2025-07-24 16:43:29,181 - sistema_relatorios - relatorios_interface - INFO - Coluna de nome: Nome
2025-07-24 16:43:29,185 - sistema_relatorios - relatorios_interface - INFO - Total de clientes ativos encontrados: 14
2025-07-24 16:43:29,188 - sistema_relatorios - relatorios_interface - INFO - Lista de clientes atualizada com 15 clientes
2025-07-24 16:43:29,223 - sistema_relatorios - relatorios_interface - INFO - Carregando clientes de: C:\Users\Obras\sistema_gestao_testes\testes\Financeiro\Planilhas_Base\clientes.xlsx
2025-07-24 16:43:29,236 - sistema_relatorios - relatorios_interface - INFO - Colunas disponíveis: ['Nome', 'Endereço', 'Data Inicial', 'Observações', 'Data Final']
2025-07-24 16:43:29,237 - sistema_relatorios - relatorios_interface - INFO - Coluna de status: Data Final
2025-07-24 16:43:29,239 - sistema_relatorios - relatorios_interface - INFO - Coluna de nome: Nome
2025-07-24 16:43:29,241 - sistema_relatorios - relatorios_interface - INFO - Total de clientes ativos encontrados: 14
2025-07-24 16:43:29,242 - sistema_relatorios - relatorios_interface - INFO - Lista de clientes carregada com 15 itens
2025-07-24 16:43:37,085 - sistema_relatorios - relatorios_interface - INFO - 🔍 INICIANDO gerar_relatorio para: tipo_despesa
2025-07-24 16:43:37,087 - sistema_relatorios - relatorios_interface - INFO - 📋 Processando outros relatórios: tipo_despesa
2025-07-24 16:58:31,139 - sistema_relatorios - relatorios_interface - INFO - Solicitado retorno ao menu principal
2025-07-24 16:58:31,140 - sistema_relatorios - relatorios_interface - INFO - Retornando ao menu principal existente
2025-07-24 16:58:31,242 - sistema_relatorios - relatorios_interface - INFO - Retorno ao menu principal concluído
2025-07-24 17:50:46,192 - sistema - logger_config - INFO - Sistema de logging inicializado
2025-07-24 18:02:36,668 - sistema - logger_config - INFO - Sistema de logging inicializado
2025-07-24 18:05:16,396 - sistema - logger_config - INFO - Sistema de logging inicializado
2025-07-24 18:15:18,035 - sistema - logger_config - INFO - Sistema de logging inicializado
2025-07-24 18:21:42,135 - sistema - logger_config - INFO - Sistema de logging inicializado
2025-07-24 18:34:46,919 - sistema - logger_config - INFO - Sistema de logging inicializado
2025-07-24 18:42:51,076 - sistema - logger_config - INFO - Sistema de logging inicializado
2025-07-24 19:01:12,783 - sistema_principal - logger_config - INFO - Usuário alterado para: sistema_principal
2025-07-24 19:01:12,784 - sistema_principal - sistema_principal - INFO - Abrindo sistema de relatórios
2025-07-24 19:01:13,041 - sistema_relatorios - logger_config - INFO - Usuário alterado para: sistema_relatorios
2025-07-24 19:01:13,042 - sistema_relatorios - relatorios_interface - INFO - Sistema de relatórios inicializando usando logger configurado
2025-07-24 19:01:13,043 - sistema_relatorios - relatorios_interface - INFO - Configurações de janela importadas com sucesso
2025-07-24 19:01:13,044 - sistema_relatorios - relatorios_interface - INFO - === Sistema de Relatórios Inicializando ===
2025-07-24 19:01:13,662 - sistema_relatorios - relatorios_interface - INFO - Carregando clientes de: C:\Users\Obras\sistema_gestao_testes\testes\Financeiro\Planilhas_Base\clientes.xlsx
2025-07-24 19:01:13,706 - sistema_relatorios - relatorios_interface - INFO - Colunas disponíveis: ['Nome', 'Endereço', 'Data Inicial', 'Observações', 'Data Final']
2025-07-24 19:01:13,708 - sistema_relatorios - relatorios_interface - INFO - Coluna de status: Data Final
2025-07-24 19:01:13,716 - sistema_relatorios - relatorios_interface - INFO - Coluna de nome: Nome
2025-07-24 19:01:13,717 - sistema_relatorios - relatorios_interface - INFO - Total de clientes ativos encontrados: 14
2025-07-24 19:01:13,718 - sistema_relatorios - relatorios_interface - INFO - Lista de clientes atualizada com 15 clientes
2025-07-24 19:01:13,761 - sistema_relatorios - relatorios_interface - INFO - Carregando clientes de: C:\Users\Obras\sistema_gestao_testes\testes\Financeiro\Planilhas_Base\clientes.xlsx
2025-07-24 19:01:13,778 - sistema_relatorios - relatorios_interface - INFO - Colunas disponíveis: ['Nome', 'Endereço', 'Data Inicial', 'Observações', 'Data Final']
2025-07-24 19:01:13,783 - sistema_relatorios - relatorios_interface - INFO - Coluna de status: Data Final
2025-07-24 19:01:13,787 - sistema_relatorios - relatorios_interface - INFO - Coluna de nome: Nome
2025-07-24 19:01:13,788 - sistema_relatorios - relatorios_interface - INFO - Total de clientes ativos encontrados: 14
2025-07-24 19:01:13,789 - sistema_relatorios - relatorios_interface - INFO - Lista de clientes carregada com 15 itens
2025-07-24 19:01:23,440 - sistema_relatorios - relatorios_interface - INFO - 🔍 INICIANDO gerar_relatorio para: tipo_despesa
2025-07-24 19:01:23,443 - sistema_relatorios - relatorios_interface - INFO - 📋 Processando outros relatórios: tipo_despesa
2025-07-24 19:05:13,811 - sistema_relatorios - relatorios_interface - INFO - Solicitado retorno ao menu principal
2025-07-24 19:05:13,823 - sistema_relatorios - relatorios_interface - INFO - Retornando ao menu principal existente
2025-07-24 19:05:13,894 - sistema_relatorios - relatorios_interface - INFO - Retorno ao menu principal concluído
2025-07-24 19:12:49,128 - sistema - logger_config - INFO - Sistema de logging inicializado
2025-07-24 19:45:24,352 - sistema - logger_config - INFO - Sistema de logging inicializado
2025-07-24 19:49:13,766 - sistema - logger_config - INFO - Sistema de logging inicializado
2025-07-24 20:10:22,255 - sistema - logger_config - INFO - Sistema de logging inicializado
2025-07-24 20:18:26,586 - sistema - logger_config - INFO - Sistema de logging inicializado
