2026-01-08 08:54:01,677 - sistema - logger_config - INFO - Sistema de logging inicializado
2026-01-08 08:54:01,678 - sistema_relatorios - logger_config - INFO - Usuário alterado para: sistema_relatorios
2026-01-08 08:54:01,679 - sistema_relatorios - relatorios_interface - INFO - Sistema de relatórios inicializando usando logger configurado
2026-01-08 08:54:01,684 - sistema_relatorios - relatorios_interface - INFO - Configurações de janela importadas com sucesso
2026-01-08 08:54:01,684 - sistema_relatorios - relatorios_interface - INFO - === Sistema de Relatórios Inicializando ===
2026-01-08 08:56:53,447 - sistema_relatorios - gestao_medicoes - INFO - Logger importado com sucesso em gestao_medicoes.py
2026-01-08 08:56:53,684 - sistema_relatorios - gestao_medicoes - INFO - ✅ Janela Gestão de Medições inicializada com tripla proteção de visibilidade
2026-01-08 08:56:56,098 - sistema_relatorios - gerador_contrato - INFO - Carregando serviços de: C:\Users\Obras\sistema_gestao_testes\testes\Financeiro\Planilhas_Base\servicos_construcao.json
2026-01-08 08:56:56,117 - sistema_relatorios - gerador_contrato - INFO - Serviços carregados: 10 categorias
2026-01-08 08:56:56,123 - sistema_relatorios - gerador_contrato - INFO - Pasta de contratos verificada: C:\Users\Obras\sistema_gestao_testes\testes\Financeiro\Clientes\Contratos
2026-01-08 08:56:56,125 - sistema_relatorios - gerador_contrato - INFO - GeradorContrato inicializado com sucesso (usando python-docx)
2026-01-08 08:57:46,449 - sistema_relatorios - gestao_medicoes - INFO - ✅ Janela de Gestão de Medições fechada
2026-01-08 08:57:46,453 - sistema_relatorios - gestao_medicoes - INFO - ✅ Menu principal restaurado
2026-01-08 08:57:48,724 - sistema_relatorios - logger_config - INFO - Iniciando: Carregar configurações
2026-01-08 08:57:48,745 - sistema_relatorios - logger_config - INFO - Concluído: Carregar configurações
2026-01-08 08:57:48,904 - sistema_relatorios - logger_config - INFO - Iniciando: Carregar configurações
2026-01-08 08:57:48,905 - sistema_relatorios - logger_config - INFO - Concluído: Carregar configurações
2026-01-08 08:57:48,908 - sistema_relatorios - logger_config - INFO - Iniciando: Carregar configurações
2026-01-08 08:57:48,909 - sistema_relatorios - logger_config - INFO - Concluído: Carregar configurações
2026-01-08 08:58:21,723 - sistema_relatorios - gestao_medicoes - INFO - ✅ Janela Gestão de Medições inicializada com tripla proteção de visibilidade
2026-01-08 08:58:22,381 - sistema_relatorios - gerador_contrato - INFO - Carregando serviços de: C:\Users\Obras\sistema_gestao_testes\testes\Financeiro\Planilhas_Base\servicos_construcao.json
2026-01-08 08:58:22,383 - sistema_relatorios - gerador_contrato - INFO - Serviços carregados: 10 categorias
2026-01-08 08:58:22,385 - sistema_relatorios - gerador_contrato - INFO - Pasta de contratos verificada: C:\Users\Obras\sistema_gestao_testes\testes\Financeiro\Clientes\Contratos
2026-01-08 08:58:22,385 - sistema_relatorios - gerador_contrato - INFO - GeradorContrato inicializado com sucesso (usando python-docx)
2026-01-08 08:59:41,576 - sistema_relatorios - gestao_medicoes - INFO - ✅ Janela de Gestão de Medições fechada
2026-01-08 08:59:41,579 - sistema_relatorios - gestao_medicoes - INFO - ✅ Menu principal restaurado
2026-01-08 08:59:46,216 - sistema_relatorios - logger_config - INFO - Iniciando: Carregar configurações
2026-01-08 08:59:46,217 - sistema_relatorios - logger_config - INFO - Concluído: Carregar configurações
2026-01-08 08:59:46,391 - sistema_relatorios - logger_config - INFO - Iniciando: Carregar configurações
2026-01-08 08:59:46,392 - sistema_relatorios - logger_config - INFO - Concluído: Carregar configurações
2026-01-08 08:59:46,394 - sistema_relatorios - logger_config - INFO - Iniciando: Carregar configurações
2026-01-08 08:59:46,395 - sistema_relatorios - logger_config - INFO - Concluído: Carregar configurações
2026-01-08 08:59:57,671 - sistema_relatorios - logger_config - INFO - Iniciando: Carregar configurações
2026-01-08 08:59:57,672 - sistema_relatorios - logger_config - INFO - Concluído: Carregar configurações
2026-01-08 08:59:57,673 - sistema_relatorios - logger_config - INFO - Iniciando: Carregar configurações
2026-01-08 08:59:57,674 - sistema_relatorios - logger_config - INFO - Concluído: Carregar configurações
2026-01-08 08:59:57,676 - sistema_relatorios - logger_config - INFO - Iniciando: Carregar configurações
2026-01-08 08:59:57,677 - sistema_relatorios - logger_config - INFO - Concluído: Carregar configurações
2026-01-08 08:59:57,677 - sistema_relatorios - logger_config - INFO - Iniciando: Carregar configurações
2026-01-08 08:59:57,679 - sistema_relatorios - logger_config - INFO - Concluído: Carregar configurações
2026-01-08 09:28:08,454 - sistema - logger_config - INFO - Sistema de logging inicializado
2026-01-08 09:28:08,455 - sistema_relatorios - logger_config - INFO - Usuário alterado para: sistema_relatorios
2026-01-08 09:28:08,456 - sistema_relatorios - relatorios_interface - INFO - Sistema de relatórios inicializando usando logger configurado
2026-01-08 09:28:08,456 - sistema_relatorios - relatorios_interface - INFO - Configurações de janela importadas com sucesso
2026-01-08 09:28:08,457 - sistema_relatorios - relatorios_interface - INFO - === Sistema de Relatórios Inicializando ===
2026-01-08 09:28:25,669 - sistema_relatorios - logger_config - INFO - Iniciando: Carregar configurações
2026-01-08 09:28:25,675 - sistema_relatorios - logger_config - INFO - Concluído: Carregar configurações
2026-01-08 09:28:25,858 - sistema_relatorios - logger_config - INFO - Iniciando: Carregar configurações
2026-01-08 09:28:25,859 - sistema_relatorios - logger_config - INFO - Concluído: Carregar configurações
2026-01-08 09:28:25,861 - sistema_relatorios - logger_config - INFO - Iniciando: Carregar configurações
2026-01-08 09:28:25,861 - sistema_relatorios - logger_config - INFO - Concluído: Carregar configurações
2026-01-08 09:28:39,134 - sistema_relatorios - logger_config - INFO - Iniciando: Carregar configurações
2026-01-08 09:28:39,135 - sistema_relatorios - logger_config - INFO - Concluído: Carregar configurações
2026-01-08 09:28:39,135 - sistema_relatorios - logger_config - INFO - Iniciando: Carregar configurações
2026-01-08 09:28:39,136 - sistema_relatorios - logger_config - INFO - Concluído: Carregar configurações
2026-01-08 09:28:39,139 - sistema_relatorios - logger_config - INFO - Iniciando: Carregar configurações
2026-01-08 09:28:39,140 - sistema_relatorios - logger_config - INFO - Concluído: Carregar configurações
2026-01-08 09:28:39,141 - sistema_relatorios - logger_config - INFO - Iniciando: Carregar configurações
2026-01-08 09:28:39,141 - sistema_relatorios - logger_config - INFO - Concluído: Carregar configurações
2026-01-08 09:32:40,880 - sistema - logger_config - INFO - Sistema de logging inicializado
2026-01-08 09:32:40,882 - sistema_relatorios - logger_config - INFO - Usuário alterado para: sistema_relatorios
2026-01-08 09:32:40,882 - sistema_relatorios - relatorios_interface - INFO - Sistema de relatórios inicializando usando logger configurado
2026-01-08 09:32:40,883 - sistema_relatorios - relatorios_interface - INFO - Configurações de janela importadas com sucesso
2026-01-08 09:32:40,884 - sistema_relatorios - relatorios_interface - INFO - === Sistema de Relatórios Inicializando ===
2026-01-08 09:35:54,814 - sistema - logger_config - INFO - Sistema de logging inicializado
2026-01-08 09:35:54,816 - sistema_relatorios - logger_config - INFO - Usuário alterado para: sistema_relatorios
2026-01-08 09:35:54,816 - sistema_relatorios - relatorios_interface - INFO - Sistema de relatórios inicializando usando logger configurado
2026-01-08 09:35:54,817 - sistema_relatorios - relatorios_interface - INFO - Configurações de janela importadas com sucesso
2026-01-08 09:35:54,817 - sistema_relatorios - relatorios_interface - INFO - === Sistema de Relatórios Inicializando ===
2026-01-08 09:39:27,574 - sistema - logger_config - INFO - Sistema de logging inicializado
2026-01-08 09:39:27,575 - sistema_relatorios - logger_config - INFO - Usuário alterado para: sistema_relatorios
2026-01-08 09:39:27,576 - sistema_relatorios - relatorios_interface - INFO - Sistema de relatórios inicializando usando logger configurado
2026-01-08 09:39:27,576 - sistema_relatorios - relatorios_interface - INFO - Configurações de janela importadas com sucesso
2026-01-08 09:39:27,576 - sistema_relatorios - relatorios_interface - INFO - === Sistema de Relatórios Inicializando ===
2026-01-08 09:39:42,783 - sistema_relatorios - logger_config - INFO - Iniciando: Carregar configurações
2026-01-08 09:39:42,786 - sistema_relatorios - logger_config - INFO - Concluído: Carregar configurações
2026-01-08 09:39:42,968 - sistema_relatorios - logger_config - INFO - Iniciando: Carregar configurações
2026-01-08 09:39:42,968 - sistema_relatorios - logger_config - INFO - Concluído: Carregar configurações
2026-01-08 09:39:42,970 - sistema_relatorios - logger_config - INFO - Iniciando: Carregar configurações
2026-01-08 09:39:42,971 - sistema_relatorios - logger_config - INFO - Concluído: Carregar configurações
2026-01-08 09:40:12,672 - sistema_relatorios - logger_config - INFO - Iniciando: Carregar configurações
2026-01-08 09:40:12,673 - sistema_relatorios - logger_config - INFO - Concluído: Carregar configurações
2026-01-08 09:40:12,674 - sistema_relatorios - logger_config - INFO - Iniciando: Carregar configurações
2026-01-08 09:40:12,674 - sistema_relatorios - logger_config - INFO - Concluído: Carregar configurações
2026-01-08 09:40:12,677 - sistema_relatorios - logger_config - INFO - Iniciando: Carregar configurações
2026-01-08 09:40:12,678 - sistema_relatorios - logger_config - INFO - Concluído: Carregar configurações
2026-01-08 09:40:12,679 - sistema_relatorios - logger_config - INFO - Iniciando: Carregar configurações
2026-01-08 09:40:12,680 - sistema_relatorios - logger_config - INFO - Concluído: Carregar configurações
2026-01-08 09:50:37,443 - sistema - logger_config - INFO - Sistema de logging inicializado
2026-01-08 09:50:37,444 - sistema_relatorios - logger_config - INFO - Usuário alterado para: sistema_relatorios
2026-01-08 09:50:37,445 - sistema_relatorios - relatorios_interface - INFO - Sistema de relatórios inicializando usando logger configurado
2026-01-08 09:50:37,445 - sistema_relatorios - relatorios_interface - INFO - Configurações de janela importadas com sucesso
2026-01-08 09:50:37,446 - sistema_relatorios - relatorios_interface - INFO - === Sistema de Relatórios Inicializando ===
2026-01-08 09:50:50,899 - sistema_relatorios - logger_config - INFO - Iniciando: Carregar configurações
2026-01-08 09:50:50,902 - sistema_relatorios - logger_config - INFO - Concluído: Carregar configurações
2026-01-08 09:50:51,089 - sistema_relatorios - logger_config - INFO - Iniciando: Carregar configurações
2026-01-08 09:50:51,090 - sistema_relatorios - logger_config - INFO - Concluído: Carregar configurações
2026-01-08 09:50:51,093 - sistema_relatorios - logger_config - INFO - Iniciando: Carregar configurações
2026-01-08 09:50:51,094 - sistema_relatorios - logger_config - INFO - Concluído: Carregar configurações
2026-01-08 09:51:26,578 - sistema_relatorios - logger_config - INFO - Iniciando: Carregar configurações
2026-01-08 09:51:26,579 - sistema_relatorios - logger_config - INFO - Concluído: Carregar configurações
2026-01-08 09:51:26,579 - sistema_relatorios - logger_config - INFO - Iniciando: Carregar configurações
2026-01-08 09:51:26,580 - sistema_relatorios - logger_config - INFO - Concluído: Carregar configurações
2026-01-08 09:51:26,583 - sistema_relatorios - logger_config - INFO - Iniciando: Carregar configurações
2026-01-08 09:51:26,583 - sistema_relatorios - logger_config - INFO - Concluído: Carregar configurações
2026-01-08 09:51:26,584 - sistema_relatorios - logger_config - INFO - Iniciando: Carregar configurações
2026-01-08 09:51:26,585 - sistema_relatorios - logger_config - INFO - Concluído: Carregar configurações
2026-01-08 09:59:20,059 - sistema - logger_config - INFO - Sistema de logging inicializado
2026-01-08 09:59:20,061 - sistema_relatorios - logger_config - INFO - Usuário alterado para: sistema_relatorios
2026-01-08 09:59:20,061 - sistema_relatorios - relatorios_interface - INFO - Sistema de relatórios inicializando usando logger configurado
2026-01-08 09:59:20,062 - sistema_relatorios - relatorios_interface - INFO - Configurações de janela importadas com sucesso
2026-01-08 09:59:20,062 - sistema_relatorios - relatorios_interface - INFO - === Sistema de Relatórios Inicializando ===
2026-01-08 09:59:37,531 - sistema_relatorios - logger_config - INFO - Iniciando: Carregar configurações
2026-01-08 09:59:37,535 - sistema_relatorios - logger_config - INFO - Concluído: Carregar configurações
2026-01-08 09:59:37,787 - sistema_relatorios - logger_config - INFO - Iniciando: Carregar configurações
2026-01-08 09:59:37,788 - sistema_relatorios - logger_config - INFO - Concluído: Carregar configurações
2026-01-08 09:59:37,791 - sistema_relatorios - logger_config - INFO - Iniciando: Carregar configurações
2026-01-08 09:59:37,792 - sistema_relatorios - logger_config - INFO - Concluído: Carregar configurações
2026-01-08 09:59:50,547 - sistema_relatorios - logger_config - INFO - Iniciando: Carregar configurações
2026-01-08 09:59:50,548 - sistema_relatorios - logger_config - INFO - Concluído: Carregar configurações
2026-01-08 09:59:50,548 - sistema_relatorios - logger_config - INFO - Iniciando: Carregar configurações
2026-01-08 09:59:50,549 - sistema_relatorios - logger_config - INFO - Concluído: Carregar configurações
2026-01-08 09:59:50,551 - sistema_relatorios - logger_config - INFO - Iniciando: Carregar configurações
2026-01-08 09:59:50,552 - sistema_relatorios - logger_config - INFO - Concluído: Carregar configurações
2026-01-08 09:59:50,553 - sistema_relatorios - logger_config - INFO - Iniciando: Carregar configurações
2026-01-08 09:59:50,553 - sistema_relatorios - logger_config - INFO - Concluído: Carregar configurações
2026-01-08 10:00:44,713 - sistema - logger_config - INFO - Sistema de logging inicializado
2026-01-08 10:00:44,714 - sistema_relatorios - logger_config - INFO - Usuário alterado para: sistema_relatorios
2026-01-08 10:00:44,715 - sistema_relatorios - relatorios_interface - INFO - Sistema de relatórios inicializando usando logger configurado
2026-01-08 10:00:44,715 - sistema_relatorios - relatorios_interface - INFO - Configurações de janela importadas com sucesso
2026-01-08 10:00:44,716 - sistema_relatorios - relatorios_interface - INFO - === Sistema de Relatórios Inicializando ===
2026-01-08 10:00:53,060 - sistema_relatorios - logger_config - INFO - Iniciando: Carregar configurações
2026-01-08 10:00:53,063 - sistema_relatorios - logger_config - INFO - Concluído: Carregar configurações
2026-01-08 10:00:53,241 - sistema_relatorios - logger_config - INFO - Iniciando: Carregar configurações
2026-01-08 10:00:53,241 - sistema_relatorios - logger_config - INFO - Concluído: Carregar configurações
2026-01-08 10:00:53,244 - sistema_relatorios - logger_config - INFO - Iniciando: Carregar configurações
2026-01-08 10:00:53,244 - sistema_relatorios - logger_config - INFO - Concluído: Carregar configurações
2026-01-08 10:01:03,033 - sistema_relatorios - logger_config - INFO - Iniciando: Carregar configurações
2026-01-08 10:01:03,035 - sistema_relatorios - logger_config - INFO - Concluído: Carregar configurações
2026-01-08 10:01:03,036 - sistema_relatorios - logger_config - INFO - Iniciando: Carregar configurações
2026-01-08 10:01:03,036 - sistema_relatorios - logger_config - INFO - Concluído: Carregar configurações
2026-01-08 10:01:03,039 - sistema_relatorios - logger_config - INFO - Iniciando: Carregar configurações
2026-01-08 10:01:03,040 - sistema_relatorios - logger_config - INFO - Concluído: Carregar configurações
2026-01-08 10:01:03,041 - sistema_relatorios - logger_config - INFO - Iniciando: Carregar configurações
2026-01-08 10:01:03,042 - sistema_relatorios - logger_config - INFO - Concluído: Carregar configurações
2026-01-08 10:13:01,541 - sistema - logger_config - INFO - Sistema de logging inicializado
2026-01-08 10:13:01,542 - sistema_relatorios - logger_config - INFO - Usuário alterado para: sistema_relatorios
2026-01-08 10:13:01,542 - sistema_relatorios - relatorios_interface - INFO - Sistema de relatórios inicializando usando logger configurado
2026-01-08 10:13:01,543 - sistema_relatorios - relatorios_interface - INFO - Configurações de janela importadas com sucesso
2026-01-08 10:13:01,543 - sistema_relatorios - relatorios_interface - INFO - === Sistema de Relatórios Inicializando ===
2026-01-08 10:13:13,722 - sistema_relatorios - gestao_medicoes - INFO - Logger importado com sucesso em gestao_medicoes.py
2026-01-08 10:13:13,986 - sistema_relatorios - gestao_medicoes - INFO - ✅ Janela Gestão de Medições inicializada com tripla proteção de visibilidade
2026-01-08 10:13:15,776 - sistema_relatorios - gerador_contrato - INFO - Carregando serviços de: C:\Users\Obras\sistema_gestao_testes\testes\Financeiro\Planilhas_Base\servicos_construcao.json
2026-01-08 10:13:15,778 - sistema_relatorios - gerador_contrato - INFO - Serviços carregados: 10 categorias
2026-01-08 10:13:15,780 - sistema_relatorios - gerador_contrato - INFO - Pasta de contratos verificada: C:\Users\Obras\sistema_gestao_testes\testes\Financeiro\Clientes\Contratos
2026-01-08 10:13:15,781 - sistema_relatorios - gerador_contrato - INFO - GeradorContrato inicializado com sucesso (usando python-docx)
2026-01-08 10:13:56,653 - sistema_relatorios - gestao_medicoes - INFO - ✅ Janela de Gestão de Medições fechada
2026-01-08 10:13:56,655 - sistema_relatorios - gestao_medicoes - INFO - ✅ Menu principal restaurado
2026-01-08 10:13:59,218 - sistema_relatorios - logger_config - INFO - Iniciando: Carregar configurações
2026-01-08 10:13:59,222 - sistema_relatorios - logger_config - INFO - Concluído: Carregar configurações
2026-01-08 10:13:59,403 - sistema_relatorios - logger_config - INFO - Iniciando: Carregar configurações
2026-01-08 10:13:59,404 - sistema_relatorios - logger_config - INFO - Concluído: Carregar configurações
2026-01-08 10:13:59,406 - sistema_relatorios - logger_config - INFO - Iniciando: Carregar configurações
2026-01-08 10:13:59,407 - sistema_relatorios - logger_config - INFO - Concluído: Carregar configurações
2026-01-08 10:14:10,301 - sistema_relatorios - logger_config - INFO - Iniciando: Carregar configurações
2026-01-08 10:14:10,302 - sistema_relatorios - logger_config - INFO - Concluído: Carregar configurações
2026-01-08 10:14:10,303 - sistema_relatorios - logger_config - INFO - Iniciando: Carregar configurações
2026-01-08 10:14:10,304 - sistema_relatorios - logger_config - INFO - Concluído: Carregar configurações
2026-01-08 10:14:10,306 - sistema_relatorios - logger_config - INFO - Iniciando: Carregar configurações
2026-01-08 10:14:10,306 - sistema_relatorios - logger_config - INFO - Concluído: Carregar configurações
2026-01-08 10:14:10,307 - sistema_relatorios - logger_config - INFO - Iniciando: Carregar configurações
2026-01-08 10:14:10,308 - sistema_relatorios - logger_config - INFO - Concluído: Carregar configurações
2026-01-08 10:17:00,532 - sistema_relatorios - logger_config - INFO - Iniciando: Carregar configurações
2026-01-08 10:17:00,532 - sistema_relatorios - logger_config - INFO - Concluído: Carregar configurações
2026-01-08 10:17:00,713 - sistema_relatorios - logger_config - INFO - Iniciando: Carregar configurações
2026-01-08 10:17:00,714 - sistema_relatorios - logger_config - INFO - Concluído: Carregar configurações
2026-01-08 10:17:00,716 - sistema_relatorios - logger_config - INFO - Iniciando: Carregar configurações
2026-01-08 10:17:00,717 - sistema_relatorios - logger_config - INFO - Concluído: Carregar configurações
2026-01-08 12:21:08,587 - sistema - logger_config - INFO - Sistema de logging inicializado
2026-01-08 12:21:08,590 - sistema_relatorios - logger_config - INFO - Usuário alterado para: sistema_relatorios
2026-01-08 12:21:08,591 - sistema_relatorios - relatorios_interface - INFO - Sistema de relatórios inicializando usando logger configurado
2026-01-08 12:21:08,591 - sistema_relatorios - relatorios_interface - INFO - Configurações de janela importadas com sucesso
2026-01-08 12:21:08,592 - sistema_relatorios - relatorios_interface - INFO - === Sistema de Relatórios Inicializando ===
2026-01-08 12:23:46,941 - sistema_relatorios - logger_config - INFO - Iniciando: Carregar configurações
2026-01-08 12:23:46,966 - sistema_relatorios - logger_config - INFO - Concluído: Carregar configurações
2026-01-08 12:23:47,156 - sistema_relatorios - logger_config - INFO - Iniciando: Carregar configurações
2026-01-08 12:23:47,157 - sistema_relatorios - logger_config - INFO - Concluído: Carregar configurações
2026-01-08 12:23:47,159 - sistema_relatorios - logger_config - INFO - Iniciando: Carregar configurações
2026-01-08 12:23:47,159 - sistema_relatorios - logger_config - INFO - Concluído: Carregar configurações
2026-01-08 13:41:18,897 - sistema - logger_config - INFO - Sistema de logging inicializado
2026-01-08 13:41:18,919 - sistema_relatorios - logger_config - INFO - Usuário alterado para: sistema_relatorios
2026-01-08 13:41:18,925 - sistema_relatorios - relatorios_interface - INFO - Sistema de relatórios inicializando usando logger configurado
2026-01-08 13:41:18,929 - sistema_relatorios - relatorios_interface - INFO - Configurações de janela importadas com sucesso
2026-01-08 13:41:18,931 - sistema_relatorios - relatorios_interface - INFO - === Sistema de Relatórios Inicializando ===
2026-01-08 13:41:31,613 - sistema_relatorios - logger_config - INFO - Iniciando: Carregar configurações
2026-01-08 13:41:31,639 - sistema_relatorios - logger_config - INFO - Concluído: Carregar configurações
2026-01-08 13:41:31,910 - sistema_relatorios - logger_config - INFO - Iniciando: Carregar configurações
2026-01-08 13:41:31,912 - sistema_relatorios - logger_config - INFO - Concluído: Carregar configurações
2026-01-08 13:41:31,914 - sistema_relatorios - logger_config - INFO - Iniciando: Carregar configurações
2026-01-08 13:41:31,915 - sistema_relatorios - logger_config - INFO - Concluído: Carregar configurações
2026-01-08 14:01:07,390 - sistema - logger_config - INFO - Sistema de logging inicializado
2026-01-08 14:01:07,391 - sistema_relatorios - logger_config - INFO - Usuário alterado para: sistema_relatorios
2026-01-08 14:01:07,392 - sistema_relatorios - relatorios_interface - INFO - Sistema de relatórios inicializando usando logger configurado
2026-01-08 14:01:07,393 - sistema_relatorios - relatorios_interface - INFO - Configurações de janela importadas com sucesso
2026-01-08 14:01:07,394 - sistema_relatorios - relatorios_interface - INFO - === Sistema de Relatórios Inicializando ===
2026-01-08 14:01:15,261 - sistema_relatorios - logger_config - INFO - Iniciando: Carregar configurações
2026-01-08 14:01:15,265 - sistema_relatorios - logger_config - INFO - Concluído: Carregar configurações
2026-01-08 14:01:15,454 - sistema_relatorios - logger_config - INFO - Iniciando: Carregar configurações
2026-01-08 14:01:15,455 - sistema_relatorios - logger_config - INFO - Concluído: Carregar configurações
2026-01-08 14:01:15,457 - sistema_relatorios - logger_config - INFO - Iniciando: Carregar configurações
2026-01-08 14:01:15,458 - sistema_relatorios - logger_config - INFO - Concluído: Carregar configurações
2026-01-08 14:01:33,305 - sistema - logger_config - INFO - Sistema de logging inicializado
2026-01-08 14:01:33,306 - sistema_relatorios - logger_config - INFO - Usuário alterado para: sistema_relatorios
2026-01-08 14:01:33,307 - sistema_relatorios - relatorios_interface - INFO - Sistema de relatórios inicializando usando logger configurado
2026-01-08 14:01:33,308 - sistema_relatorios - relatorios_interface - INFO - Configurações de janela importadas com sucesso
2026-01-08 14:01:33,309 - sistema_relatorios - relatorios_interface - INFO - === Sistema de Relatórios Inicializando ===
2026-01-08 14:01:34,776 - sistema_relatorios - logger_config - INFO - Iniciando: Carregar configurações
2026-01-08 14:01:34,779 - sistema_relatorios - logger_config - INFO - Concluído: Carregar configurações
2026-01-08 14:01:34,971 - sistema_relatorios - logger_config - INFO - Iniciando: Carregar configurações
2026-01-08 14:01:34,972 - sistema_relatorios - logger_config - INFO - Concluído: Carregar configurações
2026-01-08 14:01:34,974 - sistema_relatorios - logger_config - INFO - Iniciando: Carregar configurações
2026-01-08 14:01:34,974 - sistema_relatorios - logger_config - INFO - Concluído: Carregar configurações
2026-01-08 14:58:38,954 - sistema - logger_config - INFO - Sistema de logging inicializado
2026-01-08 14:58:39,028 - sistema_relatorios - logger_config - INFO - Usuário alterado para: sistema_relatorios
2026-01-08 14:58:39,032 - sistema_relatorios - relatorios_interface - INFO - Sistema de relatórios inicializando usando logger configurado
2026-01-08 14:58:39,085 - sistema_relatorios - relatorios_interface - INFO - Configurações de janela importadas com sucesso
2026-01-08 14:58:39,089 - sistema_relatorios - relatorios_interface - INFO - === Sistema de Relatórios Inicializando ===
2026-01-08 14:58:51,583 - sistema_relatorios - logger_config - INFO - Iniciando: Carregar configurações
2026-01-08 14:58:51,586 - sistema_relatorios - logger_config - INFO - Concluído: Carregar configurações
2026-01-08 14:58:51,847 - sistema_relatorios - logger_config - INFO - Iniciando: Carregar configurações
2026-01-08 14:58:51,849 - sistema_relatorios - logger_config - INFO - Concluído: Carregar configurações
2026-01-08 14:58:51,853 - sistema_relatorios - logger_config - INFO - Iniciando: Carregar configurações
2026-01-08 14:58:51,854 - sistema_relatorios - logger_config - INFO - Concluído: Carregar configurações
2026-01-08 15:08:40,008 - sistema - logger_config - INFO - Sistema de logging inicializado
2026-01-08 15:08:40,009 - sistema_relatorios - logger_config - INFO - Usuário alterado para: sistema_relatorios
2026-01-08 15:08:40,010 - sistema_relatorios - relatorios_interface - INFO - Sistema de relatórios inicializando usando logger configurado
2026-01-08 15:08:40,011 - sistema_relatorios - relatorios_interface - INFO - Configurações de janela importadas com sucesso
2026-01-08 15:08:40,011 - sistema_relatorios - relatorios_interface - INFO - === Sistema de Relatórios Inicializando ===
2026-01-08 15:08:47,973 - sistema_relatorios - logger_config - INFO - Iniciando: Carregar configurações
2026-01-08 15:08:47,975 - sistema_relatorios - logger_config - INFO - Concluído: Carregar configurações
2026-01-08 15:08:48,158 - sistema_relatorios - logger_config - INFO - Iniciando: Carregar configurações
2026-01-08 15:08:48,159 - sistema_relatorios - logger_config - INFO - Concluído: Carregar configurações
2026-01-08 15:08:48,161 - sistema_relatorios - logger_config - INFO - Iniciando: Carregar configurações
2026-01-08 15:08:48,162 - sistema_relatorios - logger_config - INFO - Concluído: Carregar configurações
2026-01-08 15:14:56,714 - sistema - logger_config - INFO - Sistema de logging inicializado
2026-01-08 15:14:56,715 - sistema_relatorios - logger_config - INFO - Usuário alterado para: sistema_relatorios
2026-01-08 15:14:56,716 - sistema_relatorios - relatorios_interface - INFO - Sistema de relatórios inicializando usando logger configurado
2026-01-08 15:14:56,717 - sistema_relatorios - relatorios_interface - INFO - Configurações de janela importadas com sucesso
2026-01-08 15:14:56,717 - sistema_relatorios - relatorios_interface - INFO - === Sistema de Relatórios Inicializando ===
2026-01-08 15:15:04,805 - sistema_relatorios - logger_config - INFO - Iniciando: Carregar configurações
2026-01-08 15:15:04,808 - sistema_relatorios - logger_config - INFO - Concluído: Carregar configurações
2026-01-08 15:15:04,989 - sistema_relatorios - logger_config - INFO - Iniciando: Carregar configurações
2026-01-08 15:15:04,990 - sistema_relatorios - logger_config - INFO - Concluído: Carregar configurações
2026-01-08 15:15:04,993 - sistema_relatorios - logger_config - INFO - Iniciando: Carregar configurações
2026-01-08 15:15:04,994 - sistema_relatorios - logger_config - INFO - Concluído: Carregar configurações
2026-01-08 15:20:28,321 - sistema - logger_config - INFO - Sistema de logging inicializado
2026-01-08 15:20:28,323 - sistema_relatorios - logger_config - INFO - Usuário alterado para: sistema_relatorios
2026-01-08 15:20:28,324 - sistema_relatorios - relatorios_interface - INFO - Sistema de relatórios inicializando usando logger configurado
2026-01-08 15:20:28,325 - sistema_relatorios - relatorios_interface - INFO - Configurações de janela importadas com sucesso
2026-01-08 15:20:28,325 - sistema_relatorios - relatorios_interface - INFO - === Sistema de Relatórios Inicializando ===
2026-01-08 15:20:36,181 - sistema_relatorios - logger_config - INFO - Iniciando: Carregar configurações
2026-01-08 15:20:36,184 - sistema_relatorios - logger_config - INFO - Concluído: Carregar configurações
2026-01-08 15:20:36,359 - sistema_relatorios - logger_config - INFO - Iniciando: Carregar configurações
2026-01-08 15:20:36,360 - sistema_relatorios - logger_config - INFO - Concluído: Carregar configurações
2026-01-08 15:20:36,363 - sistema_relatorios - logger_config - INFO - Iniciando: Carregar configurações
2026-01-08 15:20:36,364 - sistema_relatorios - logger_config - INFO - Concluído: Carregar configurações
2026-01-08 15:48:03,013 - sistema - logger_config - INFO - Sistema de logging inicializado
2026-01-08 15:48:03,014 - sistema_relatorios - logger_config - INFO - Usuário alterado para: sistema_relatorios
2026-01-08 15:48:03,015 - sistema_relatorios - relatorios_interface - INFO - Sistema de relatórios inicializando usando logger configurado
2026-01-08 15:48:03,016 - sistema_relatorios - relatorios_interface - INFO - Configurações de janela importadas com sucesso
2026-01-08 15:48:03,016 - sistema_relatorios - relatorios_interface - INFO - === Sistema de Relatórios Inicializando ===
2026-01-08 15:48:14,074 - sistema_relatorios - logger_config - INFO - Iniciando: Carregar configurações
2026-01-08 15:48:14,079 - sistema_relatorios - logger_config - INFO - Concluído: Carregar configurações
2026-01-08 15:48:14,386 - sistema_relatorios - logger_config - INFO - Iniciando: Carregar configurações
2026-01-08 15:48:14,387 - sistema_relatorios - logger_config - INFO - Concluído: Carregar configurações
2026-01-08 15:48:14,389 - sistema_relatorios - logger_config - INFO - Iniciando: Carregar configurações
2026-01-08 15:48:14,390 - sistema_relatorios - logger_config - INFO - Concluído: Carregar configurações
