2026-07-22 13:57:23,733 - sistema - logger_config - INFO - Sistema de logging inicializado
2026-07-22 13:57:23,734 - sistema_relatorios - logger_config - INFO - Usuário alterado para: sistema_relatorios
2026-07-22 13:57:23,735 - sistema_relatorios - relatorios_interface - INFO - Sistema de relatórios inicializando usando logger configurado
2026-07-22 13:57:23,737 - sistema_relatorios - relatorios_interface - INFO - Configurações de janela importadas com sucesso
2026-07-22 13:57:23,742 - sistema_relatorios - relatorios_interface - INFO - === Sistema de Relatórios Inicializando ===
2026-07-22 13:57:35,242 - sistema_relatorios - logger_config - INFO - Iniciando: Carregar configurações
2026-07-22 13:57:35,263 - sistema_relatorios - logger_config - INFO - Concluído: Carregar configurações
2026-07-22 13:57:35,450 - sistema_relatorios - logger_config - INFO - Iniciando: Carregar configurações
2026-07-22 13:57:35,451 - sistema_relatorios - logger_config - INFO - Concluído: Carregar configurações
2026-07-22 13:57:35,453 - sistema_relatorios - logger_config - INFO - Iniciando: Carregar configurações
2026-07-22 13:57:35,453 - sistema_relatorios - logger_config - INFO - Concluído: Carregar configurações
2026-07-22 13:58:12,787 - sistema_relatorios - logger_config - INFO - Iniciando: Carregar configurações
2026-07-22 13:58:12,788 - sistema_relatorios - logger_config - INFO - Concluído: Carregar configurações
2026-07-22 14:25:04,275 - sistema - logger_config - INFO - Sistema de logging inicializado
2026-07-22 14:25:04,276 - sistema_relatorios - logger_config - INFO - Usuário alterado para: sistema_relatorios
2026-07-22 14:25:04,276 - sistema_relatorios - relatorios_interface - INFO - Sistema de relatórios inicializando usando logger configurado
2026-07-22 14:25:04,277 - sistema_relatorios - relatorios_interface - INFO - Configurações de janela importadas com sucesso
2026-07-22 14:25:04,277 - sistema_relatorios - relatorios_interface - INFO - === Sistema de Relatórios Inicializando ===
2026-07-22 14:55:16,531 - sistema - logger_config - INFO - Sistema de logging inicializado
2026-07-22 15:08:06,321 - sistema - logger_config - INFO - Sistema de logging inicializado
2026-07-22 15:17:44,890 - sistema - logger_config - INFO - Sistema de logging inicializado
2026-07-22 15:29:58,377 - sistema - logger_config - INFO - Sistema de logging inicializado
2026-07-22 16:32:51,328 - sistema - logger_config - INFO - Sistema de logging inicializado
2026-07-22 16:32:51,337 - sistema_relatorios - logger_config - INFO - Usuário alterado para: sistema_relatorios
2026-07-22 16:32:51,341 - sistema_relatorios - relatorios_interface - INFO - Sistema de relatórios inicializando usando logger configurado
2026-07-22 16:32:51,343 - sistema_relatorios - relatorios_interface - INFO - Configurações de janela importadas com sucesso
2026-07-22 16:32:51,346 - sistema_relatorios - relatorios_interface - INFO - === Sistema de Relatórios Inicializando ===
2026-07-22 16:34:34,735 - sistema_relatorios - gestao_medicoes - INFO - Logger importado com sucesso em gestao_medicoes.py
2026-07-22 16:34:34,802 - sistema_relatorios - gestao_medicoes - INFO - ✅ Janela Gestão de Medições inicializada com tripla proteção de visibilidade
2026-07-22 16:34:59,816 - sistema_relatorios - gestao_medicoes - INFO - ✅ Janela de Gestão de Medições fechada
2026-07-22 16:34:59,821 - sistema_relatorios - gestao_medicoes - INFO - ✅ Menu principal restaurado
2026-07-22 16:35:02,054 - sistema_relatorios - logger_config - INFO - Iniciando: Carregar configurações
2026-07-22 16:35:02,058 - sistema_relatorios - logger_config - INFO - Concluído: Carregar configurações
2026-07-22 16:35:02,238 - sistema_relatorios - logger_config - INFO - Iniciando: Carregar configurações
2026-07-22 16:35:02,239 - sistema_relatorios - logger_config - INFO - Concluído: Carregar configurações
2026-07-22 16:35:02,242 - sistema_relatorios - logger_config - INFO - Iniciando: Carregar configurações
2026-07-22 16:35:02,242 - sistema_relatorios - logger_config - INFO - Concluído: Carregar configurações
2026-07-22 16:35:07,276 - sistema_relatorios - logger_config - INFO - Iniciando: Carregar configurações
2026-07-22 16:35:07,277 - sistema_relatorios - logger_config - INFO - Concluído: Carregar configurações
2026-07-22 16:35:20,649 - sistema_relatorios - gestao_medicoes - INFO - ✅ Janela Gestão de Medições inicializada com tripla proteção de visibilidade
2026-07-22 16:38:00,433 - sistema_relatorios - gestao_medicoes - INFO - ✅ Janela de Gestão de Medições fechada
2026-07-22 16:38:00,469 - sistema_relatorios - gestao_medicoes - INFO - ✅ Menu principal restaurado
2026-07-22 16:38:02,233 - sistema_relatorios - relatorios_interface - INFO - Carregando clientes de: C:\Users\Obras\sistema_gestao_testes\testes\Financeiro\Planilhas_Base\Clientes.xlsx
2026-07-22 16:38:02,295 - sistema_relatorios - relatorios_interface - INFO - Colunas disponíveis: ['Nome', 'Endereço', 'Data Inicial', 'Observações', 'Data Final', 'Tipo Taxa', 'CPF', 'CNO', 'Estado Civil', 'Cidade', 'Grupo', 'Logradouro', 'Numero', 'Complemento', 'Localidade', 'CEP', 'Estado', 'Metragem_Alvara', 'Banco', 'Agencia', 'Conta', 'Tipo_Conta', 'PIX', 'TIPO_CLIENTE', 'CLIENTE_VINCULADO', 'CAIXA_CONTROLADO']
2026-07-22 16:38:02,296 - sistema_relatorios - relatorios_interface - INFO - Coluna de status: Data Final
2026-07-22 16:38:02,303 - sistema_relatorios - relatorios_interface - INFO - Coluna de nome: Nome
2026-07-22 16:38:02,305 - sistema_relatorios - relatorios_interface - INFO - Total de clientes ativos encontrados: 22
2026-07-22 16:38:02,306 - sistema_relatorios - relatorios_interface - INFO - Lista de clientes atualizada com 23 clientes
2026-07-22 16:38:04,558 - sistema_relatorios - relatorios_interface - INFO - ✅ Opções do relatório gerencial configuradas
2026-07-22 16:38:07,402 - sistema_relatorios - relatorios_interface - INFO - Carregando clientes de: C:\Users\Obras\sistema_gestao_testes\testes\Financeiro\Planilhas_Base\Clientes.xlsx
2026-07-22 16:38:07,434 - sistema_relatorios - relatorios_interface - INFO - Colunas disponíveis: ['Nome', 'Endereço', 'Data Inicial', 'Observações', 'Data Final', 'Tipo Taxa', 'CPF', 'CNO', 'Estado Civil', 'Cidade', 'Grupo', 'Logradouro', 'Numero', 'Complemento', 'Localidade', 'CEP', 'Estado', 'Metragem_Alvara', 'Banco', 'Agencia', 'Conta', 'Tipo_Conta', 'PIX', 'TIPO_CLIENTE', 'CLIENTE_VINCULADO', 'CAIXA_CONTROLADO']
2026-07-22 16:38:07,435 - sistema_relatorios - relatorios_interface - INFO - Coluna de status: Data Final
2026-07-22 16:38:07,436 - sistema_relatorios - relatorios_interface - INFO - Coluna de nome: Nome
2026-07-22 16:38:07,437 - sistema_relatorios - relatorios_interface - INFO - Total de clientes ativos encontrados: 22
2026-07-22 16:38:16,266 - sistema_relatorios - relatorios_interface - INFO - 🔍 INICIANDO gerar_relatorio para: contratos
2026-07-22 16:38:16,267 - sistema_relatorios - relatorios_interface - INFO - 📋 Processando outros relatórios: contratos
2026-07-22 16:39:23,281 - sistema_relatorios - relatorios_interface - INFO - Solicitado retorno ao menu principal
2026-07-22 16:39:23,282 - sistema_relatorios - relatorios_interface - INFO - Retornando ao menu principal existente
2026-07-22 16:39:23,433 - sistema_relatorios - relatorios_interface - INFO - Retorno ao menu principal concluído
2026-07-22 16:39:41,327 - sistema_relatorios - gestao_medicoes - INFO - ✅ Janela Gestão de Medições inicializada com tripla proteção de visibilidade
2026-07-22 16:49:36,447 - sistema_relatorios - gestao_medicoes - INFO - ✅ Janela de Gestão de Medições fechada
2026-07-22 16:49:36,496 - sistema_relatorios - gestao_medicoes - INFO - ✅ Menu principal restaurado
2026-07-22 16:49:38,497 - sistema_relatorios - logger_config - INFO - Iniciando: Carregar configurações
2026-07-22 16:49:38,498 - sistema_relatorios - logger_config - INFO - Concluído: Carregar configurações
2026-07-22 16:49:38,704 - sistema_relatorios - logger_config - INFO - Iniciando: Carregar configurações
2026-07-22 16:49:38,704 - sistema_relatorios - logger_config - INFO - Concluído: Carregar configurações
2026-07-22 16:49:38,707 - sistema_relatorios - logger_config - INFO - Iniciando: Carregar configurações
2026-07-22 16:49:38,708 - sistema_relatorios - logger_config - INFO - Concluído: Carregar configurações
2026-07-22 16:49:44,868 - sistema_relatorios - logger_config - INFO - Iniciando: Carregar configurações
2026-07-22 16:49:44,869 - sistema_relatorios - logger_config - INFO - Concluído: Carregar configurações
2026-07-22 16:49:52,756 - sistema_relatorios - logger_config - INFO - Iniciando: Carregar configurações
2026-07-22 16:49:52,757 - sistema_relatorios - logger_config - INFO - Concluído: Carregar configurações
2026-07-22 17:02:55,668 - sistema - logger_config - INFO - Sistema de logging inicializado
2026-07-22 17:02:55,670 - sistema_relatorios - logger_config - INFO - Usuário alterado para: sistema_relatorios
2026-07-22 17:02:55,670 - sistema_relatorios - relatorios_interface - INFO - Sistema de relatórios inicializando usando logger configurado
2026-07-22 17:02:55,671 - sistema_relatorios - relatorios_interface - INFO - Configurações de janela importadas com sucesso
2026-07-22 17:02:55,672 - sistema_relatorios - relatorios_interface - INFO - === Sistema de Relatórios Inicializando ===
2026-07-22 17:04:15,690 - sistema - logger_config - INFO - Sistema de logging inicializado
2026-07-22 17:04:15,693 - sistema_relatorios - logger_config - INFO - Usuário alterado para: sistema_relatorios
2026-07-22 17:04:15,693 - sistema_relatorios - relatorios_interface - INFO - Sistema de relatórios inicializando usando logger configurado
2026-07-22 17:04:15,700 - sistema_relatorios - relatorios_interface - INFO - Configurações de janela importadas com sucesso
2026-07-22 17:04:15,701 - sistema_relatorios - relatorios_interface - INFO - === Sistema de Relatórios Inicializando ===
2026-07-22 17:04:31,883 - sistema_relatorios - logger_config - INFO - Iniciando: Carregar configurações
2026-07-22 17:04:31,885 - sistema_relatorios - logger_config - INFO - Concluído: Carregar configurações
2026-07-22 17:04:32,059 - sistema_relatorios - logger_config - INFO - Iniciando: Carregar configurações
2026-07-22 17:04:32,059 - sistema_relatorios - logger_config - INFO - Concluído: Carregar configurações
2026-07-22 17:04:32,061 - sistema_relatorios - logger_config - INFO - Iniciando: Carregar configurações
2026-07-22 17:04:32,061 - sistema_relatorios - logger_config - INFO - Concluído: Carregar configurações
2026-07-22 17:04:39,292 - sistema_relatorios - logger_config - INFO - Iniciando: Carregar configurações
2026-07-22 17:04:39,293 - sistema_relatorios - logger_config - INFO - Concluído: Carregar configurações
2026-07-22 17:04:49,609 - sistema_relatorios - logger_config - INFO - Iniciando: Carregar configurações
2026-07-22 17:04:49,610 - sistema_relatorios - logger_config - INFO - Concluído: Carregar configurações
2026-07-22 17:07:51,097 - sistema_relatorios - logger_config - INFO - Iniciando: Carregar configurações
2026-07-22 17:07:51,099 - sistema_relatorios - logger_config - INFO - Iniciando: Carregar configurações
2026-07-22 17:07:51,099 - sistema_relatorios - logger_config - INFO - Concluído: Carregar configurações
2026-07-22 17:07:51,100 - sistema_relatorios - logger_config - INFO - Concluído: Carregar configurações
2026-07-22 17:07:51,100 - sistema_relatorios - logger_config - INFO - Iniciando: Carregar configurações
2026-07-22 17:07:51,101 - sistema_relatorios - logger_config - INFO - Concluído: Carregar configurações
2026-07-22 17:07:51,106 - sistema_relatorios - logger_config - INFO - Iniciando: Carregar configurações
2026-07-22 17:07:51,107 - sistema_relatorios - logger_config - INFO - Concluído: Carregar configurações
2026-07-22 17:48:39,969 - sistema - logger_config - INFO - Sistema de logging inicializado
2026-07-22 17:48:39,970 - sistema_relatorios - logger_config - INFO - Usuário alterado para: sistema_relatorios
2026-07-22 17:48:39,971 - sistema_relatorios - relatorios_interface - INFO - Sistema de relatórios inicializando usando logger configurado
2026-07-22 17:48:39,975 - sistema_relatorios - relatorios_interface - INFO - Configurações de janela importadas com sucesso
2026-07-22 17:48:39,976 - sistema_relatorios - relatorios_interface - INFO - === Sistema de Relatórios Inicializando ===
2026-07-22 17:48:51,006 - sistema_relatorios - logger_config - INFO - Iniciando: Carregar configurações
2026-07-22 17:48:51,009 - sistema_relatorios - logger_config - INFO - Concluído: Carregar configurações
2026-07-22 17:48:51,306 - sistema_relatorios - logger_config - INFO - Iniciando: Carregar configurações
2026-07-22 17:48:51,307 - sistema_relatorios - logger_config - INFO - Concluído: Carregar configurações
2026-07-22 17:48:51,309 - sistema_relatorios - logger_config - INFO - Iniciando: Carregar configurações
2026-07-22 17:48:51,311 - sistema_relatorios - logger_config - INFO - Concluído: Carregar configurações
2026-07-22 17:48:59,901 - sistema_relatorios - logger_config - INFO - Iniciando: Carregar configurações
2026-07-22 17:48:59,901 - sistema_relatorios - logger_config - INFO - Concluído: Carregar configurações
2026-07-22 17:49:10,504 - sistema_relatorios - logger_config - INFO - Iniciando: Carregar configurações
2026-07-22 17:49:10,504 - sistema_relatorios - logger_config - INFO - Concluído: Carregar configurações
