2026-02-24 08:27:48,971 - sistema - logger_config - INFO - Sistema de logging inicializado
2026-02-24 08:27:48,973 - sistema_relatorios - logger_config - INFO - Usuário alterado para: sistema_relatorios
2026-02-24 08:27:48,974 - sistema_relatorios - relatorios_interface - INFO - Sistema de relatórios inicializando usando logger configurado
2026-02-24 08:27:48,978 - sistema_relatorios - relatorios_interface - INFO - Configurações de janela importadas com sucesso
2026-02-24 08:27:48,979 - sistema_relatorios - relatorios_interface - INFO - === Sistema de Relatórios Inicializando ===
2026-02-24 08:28:01,654 - sistema_relatorios - logger_config - INFO - Iniciando: Carregar configurações
2026-02-24 08:28:01,678 - sistema_relatorios - logger_config - INFO - Concluído: Carregar configurações
2026-02-24 08:28:01,847 - sistema_relatorios - logger_config - INFO - Iniciando: Carregar configurações
2026-02-24 08:28:01,848 - sistema_relatorios - logger_config - INFO - Concluído: Carregar configurações
2026-02-24 08:28:01,850 - sistema_relatorios - logger_config - INFO - Iniciando: Carregar configurações
2026-02-24 08:28:01,851 - sistema_relatorios - logger_config - INFO - Concluído: Carregar configurações
2026-02-24 09:35:37,456 - sistema_relatorios - logger_config - INFO - Iniciando: Carregar configurações
2026-02-24 09:35:37,458 - sistema_relatorios - logger_config - INFO - Iniciando: Carregar configurações
2026-02-24 09:35:37,459 - sistema_relatorios - logger_config - INFO - Concluído: Carregar configurações
2026-02-24 09:35:37,459 - sistema_relatorios - logger_config - INFO - Concluído: Carregar configurações
2026-02-24 09:35:37,460 - sistema_relatorios - logger_config - INFO - Iniciando: Carregar configurações
2026-02-24 09:35:37,460 - sistema_relatorios - logger_config - INFO - Concluído: Carregar configurações
2026-02-24 09:35:37,465 - sistema_relatorios - logger_config - INFO - Iniciando: Carregar configurações
2026-02-24 09:35:37,466 - sistema_relatorios - logger_config - INFO - Concluído: Carregar configurações
2026-02-24 10:50:00,797 - sistema - logger_config - INFO - Sistema de logging inicializado
2026-02-24 10:50:00,798 - sistema_relatorios - logger_config - INFO - Usuário alterado para: sistema_relatorios
2026-02-24 10:50:00,799 - sistema_relatorios - relatorios_interface - INFO - Sistema de relatórios inicializando usando logger configurado
2026-02-24 10:50:00,800 - sistema_relatorios - relatorios_interface - INFO - Configurações de janela importadas com sucesso
2026-02-24 10:50:00,802 - sistema_relatorios - relatorios_interface - INFO - === Sistema de Relatórios Inicializando ===
2026-02-24 10:50:05,995 - sistema_relatorios - logger_config - INFO - Iniciando: Carregar configurações
2026-02-24 10:50:06,028 - sistema_relatorios - logger_config - INFO - Concluído: Carregar configurações
2026-02-24 10:50:06,245 - sistema_relatorios - logger_config - INFO - Iniciando: Carregar configurações
2026-02-24 10:50:06,249 - sistema_relatorios - logger_config - INFO - Concluído: Carregar configurações
2026-02-24 10:50:06,252 - sistema_relatorios - logger_config - INFO - Iniciando: Carregar configurações
2026-02-24 10:50:06,252 - sistema_relatorios - logger_config - INFO - Concluído: Carregar configurações
2026-02-24 10:52:58,672 - sistema_relatorios - logger_config - INFO - Iniciando: Carregar configurações
2026-02-24 10:52:58,672 - sistema_relatorios - logger_config - INFO - Concluído: Carregar configurações
2026-02-24 10:53:09,936 - sistema_relatorios - logger_config - INFO - Iniciando: Carregar configurações
2026-02-24 10:53:09,937 - sistema_relatorios - logger_config - INFO - Concluído: Carregar configurações
2026-02-24 11:50:05,982 - sistema - logger_config - INFO - Sistema de logging inicializado
2026-02-24 11:50:05,983 - sistema_relatorios - logger_config - INFO - Usuário alterado para: sistema_relatorios
2026-02-24 11:50:05,984 - sistema_relatorios - relatorios_interface - INFO - Sistema de relatórios inicializando usando logger configurado
2026-02-24 11:50:05,985 - sistema_relatorios - relatorios_interface - INFO - Configurações de janela importadas com sucesso
2026-02-24 11:50:05,986 - sistema_relatorios - relatorios_interface - INFO - === Sistema de Relatórios Inicializando ===
2026-02-24 11:50:16,937 - sistema_relatorios - logger_config - INFO - Iniciando: Carregar configurações
2026-02-24 11:50:16,957 - sistema_relatorios - logger_config - INFO - Concluído: Carregar configurações
2026-02-24 11:50:17,127 - sistema_relatorios - logger_config - INFO - Iniciando: Carregar configurações
2026-02-24 11:50:17,128 - sistema_relatorios - logger_config - INFO - Concluído: Carregar configurações
2026-02-24 11:50:17,130 - sistema_relatorios - logger_config - INFO - Iniciando: Carregar configurações
2026-02-24 11:50:17,130 - sistema_relatorios - logger_config - INFO - Concluído: Carregar configurações
2026-02-24 12:04:17,887 - sistema - logger_config - INFO - Sistema de logging inicializado
2026-02-24 12:04:17,889 - sistema_relatorios - logger_config - INFO - Usuário alterado para: sistema_relatorios
2026-02-24 12:04:17,893 - sistema_relatorios - relatorios_interface - INFO - Sistema de relatórios inicializando usando logger configurado
2026-02-24 12:04:17,895 - sistema_relatorios - relatorios_interface - INFO - Configurações de janela importadas com sucesso
2026-02-24 12:04:17,896 - sistema_relatorios - relatorios_interface - INFO - === Sistema de Relatórios Inicializando ===
2026-02-24 12:04:29,284 - sistema_relatorios - logger_config - INFO - Iniciando: Carregar configurações
2026-02-24 12:04:29,295 - sistema_relatorios - logger_config - INFO - Concluído: Carregar configurações
2026-02-24 12:04:29,506 - sistema_relatorios - logger_config - INFO - Iniciando: Carregar configurações
2026-02-24 12:04:29,508 - sistema_relatorios - logger_config - INFO - Concluído: Carregar configurações
2026-02-24 12:04:29,511 - sistema_relatorios - logger_config - INFO - Iniciando: Carregar configurações
2026-02-24 12:04:29,512 - sistema_relatorios - logger_config - INFO - Concluído: Carregar configurações
2026-02-24 12:12:03,023 - sistema - logger_config - INFO - Sistema de logging inicializado
2026-02-24 12:12:03,025 - sistema_relatorios - logger_config - INFO - Usuário alterado para: sistema_relatorios
2026-02-24 12:12:03,025 - sistema_relatorios - relatorios_interface - INFO - Sistema de relatórios inicializando usando logger configurado
2026-02-24 12:12:03,026 - sistema_relatorios - relatorios_interface - INFO - Configurações de janela importadas com sucesso
2026-02-24 12:12:03,027 - sistema_relatorios - relatorios_interface - INFO - === Sistema de Relatórios Inicializando ===
2026-02-24 12:12:11,949 - sistema_relatorios - logger_config - INFO - Iniciando: Carregar configurações
2026-02-24 12:12:11,952 - sistema_relatorios - logger_config - INFO - Concluído: Carregar configurações
2026-02-24 12:12:12,129 - sistema_relatorios - logger_config - INFO - Iniciando: Carregar configurações
2026-02-24 12:12:12,130 - sistema_relatorios - logger_config - INFO - Concluído: Carregar configurações
2026-02-24 12:12:12,131 - sistema_relatorios - logger_config - INFO - Iniciando: Carregar configurações
2026-02-24 12:12:12,132 - sistema_relatorios - logger_config - INFO - Concluído: Carregar configurações
2026-02-24 12:30:50,329 - sistema - logger_config - INFO - Sistema de logging inicializado
2026-02-24 12:30:50,331 - sistema_relatorios - logger_config - INFO - Usuário alterado para: sistema_relatorios
2026-02-24 12:30:50,333 - sistema_relatorios - relatorios_interface - INFO - Sistema de relatórios inicializando usando logger configurado
2026-02-24 12:30:50,335 - sistema_relatorios - relatorios_interface - INFO - Configurações de janela importadas com sucesso
2026-02-24 12:30:50,337 - sistema_relatorios - relatorios_interface - INFO - === Sistema de Relatórios Inicializando ===
2026-02-24 12:31:00,568 - sistema_relatorios - logger_config - INFO - Iniciando: Carregar configurações
2026-02-24 12:31:00,603 - sistema_relatorios - logger_config - INFO - Concluído: Carregar configurações
2026-02-24 12:31:00,872 - sistema_relatorios - logger_config - INFO - Iniciando: Carregar configurações
2026-02-24 12:31:00,873 - sistema_relatorios - logger_config - INFO - Concluído: Carregar configurações
2026-02-24 12:31:00,881 - sistema_relatorios - logger_config - INFO - Iniciando: Carregar configurações
2026-02-24 12:31:00,882 - sistema_relatorios - logger_config - INFO - Concluído: Carregar configurações
2026-02-24 12:33:18,610 - sistema - logger_config - INFO - Sistema de logging inicializado
2026-02-24 12:33:18,612 - sistema_relatorios - logger_config - INFO - Usuário alterado para: sistema_relatorios
2026-02-24 12:33:18,613 - sistema_relatorios - relatorios_interface - INFO - Sistema de relatórios inicializando usando logger configurado
2026-02-24 12:33:18,614 - sistema_relatorios - relatorios_interface - INFO - Configurações de janela importadas com sucesso
2026-02-24 12:33:18,615 - sistema_relatorios - relatorios_interface - INFO - === Sistema de Relatórios Inicializando ===
2026-02-24 12:33:27,675 - sistema_relatorios - logger_config - INFO - Iniciando: Carregar configurações
2026-02-24 12:33:27,680 - sistema_relatorios - logger_config - INFO - Concluído: Carregar configurações
2026-02-24 12:33:27,858 - sistema_relatorios - logger_config - INFO - Iniciando: Carregar configurações
2026-02-24 12:33:27,859 - sistema_relatorios - logger_config - INFO - Concluído: Carregar configurações
2026-02-24 12:33:27,862 - sistema_relatorios - logger_config - INFO - Iniciando: Carregar configurações
2026-02-24 12:33:27,863 - sistema_relatorios - logger_config - INFO - Concluído: Carregar configurações
2026-02-24 12:40:14,668 - sistema - logger_config - INFO - Sistema de logging inicializado
2026-02-24 12:40:14,670 - sistema_relatorios - logger_config - INFO - Usuário alterado para: sistema_relatorios
2026-02-24 12:40:14,671 - sistema_relatorios - relatorios_interface - INFO - Sistema de relatórios inicializando usando logger configurado
2026-02-24 12:40:14,672 - sistema_relatorios - relatorios_interface - INFO - Configurações de janela importadas com sucesso
2026-02-24 12:40:14,674 - sistema_relatorios - relatorios_interface - INFO - === Sistema de Relatórios Inicializando ===
2026-02-24 12:40:24,158 - sistema_relatorios - logger_config - INFO - Iniciando: Carregar configurações
2026-02-24 12:40:24,162 - sistema_relatorios - logger_config - INFO - Concluído: Carregar configurações
2026-02-24 12:40:24,336 - sistema_relatorios - logger_config - INFO - Iniciando: Carregar configurações
2026-02-24 12:40:24,337 - sistema_relatorios - logger_config - INFO - Concluído: Carregar configurações
2026-02-24 12:40:24,340 - sistema_relatorios - logger_config - INFO - Iniciando: Carregar configurações
2026-02-24 12:40:24,341 - sistema_relatorios - logger_config - INFO - Concluído: Carregar configurações
2026-02-24 12:47:29,994 - sistema - logger_config - INFO - Sistema de logging inicializado
2026-02-24 12:47:29,996 - sistema_relatorios - logger_config - INFO - Usuário alterado para: sistema_relatorios
2026-02-24 12:47:29,997 - sistema_relatorios - relatorios_interface - INFO - Sistema de relatórios inicializando usando logger configurado
2026-02-24 12:47:29,998 - sistema_relatorios - relatorios_interface - INFO - Configurações de janela importadas com sucesso
2026-02-24 12:47:29,999 - sistema_relatorios - relatorios_interface - INFO - === Sistema de Relatórios Inicializando ===
2026-02-24 12:47:40,160 - sistema_relatorios - logger_config - INFO - Iniciando: Carregar configurações
2026-02-24 12:47:40,163 - sistema_relatorios - logger_config - INFO - Concluído: Carregar configurações
2026-02-24 12:47:40,345 - sistema_relatorios - logger_config - INFO - Iniciando: Carregar configurações
2026-02-24 12:47:40,345 - sistema_relatorios - logger_config - INFO - Concluído: Carregar configurações
2026-02-24 12:47:40,347 - sistema_relatorios - logger_config - INFO - Iniciando: Carregar configurações
2026-02-24 12:47:40,348 - sistema_relatorios - logger_config - INFO - Concluído: Carregar configurações
2026-02-24 12:54:54,787 - sistema - logger_config - INFO - Sistema de logging inicializado
2026-02-24 12:54:54,788 - sistema_relatorios - logger_config - INFO - Usuário alterado para: sistema_relatorios
2026-02-24 12:54:54,789 - sistema_relatorios - relatorios_interface - INFO - Sistema de relatórios inicializando usando logger configurado
2026-02-24 12:54:54,790 - sistema_relatorios - relatorios_interface - INFO - Configurações de janela importadas com sucesso
2026-02-24 12:54:54,790 - sistema_relatorios - relatorios_interface - INFO - === Sistema de Relatórios Inicializando ===
2026-02-24 12:55:03,570 - sistema_relatorios - logger_config - INFO - Iniciando: Carregar configurações
2026-02-24 12:55:03,574 - sistema_relatorios - logger_config - INFO - Concluído: Carregar configurações
2026-02-24 12:55:03,748 - sistema_relatorios - logger_config - INFO - Iniciando: Carregar configurações
2026-02-24 12:55:03,750 - sistema_relatorios - logger_config - INFO - Concluído: Carregar configurações
2026-02-24 12:55:03,752 - sistema_relatorios - logger_config - INFO - Iniciando: Carregar configurações
2026-02-24 12:55:03,752 - sistema_relatorios - logger_config - INFO - Concluído: Carregar configurações
2026-02-24 13:02:17,696 - sistema - logger_config - INFO - Sistema de logging inicializado
2026-02-24 13:02:17,697 - sistema_relatorios - logger_config - INFO - Usuário alterado para: sistema_relatorios
2026-02-24 13:02:17,698 - sistema_relatorios - relatorios_interface - INFO - Sistema de relatórios inicializando usando logger configurado
2026-02-24 13:02:17,699 - sistema_relatorios - relatorios_interface - INFO - Configurações de janela importadas com sucesso
2026-02-24 13:02:17,700 - sistema_relatorios - relatorios_interface - INFO - === Sistema de Relatórios Inicializando ===
2026-02-24 13:02:27,704 - sistema_relatorios - logger_config - INFO - Iniciando: Carregar configurações
2026-02-24 13:02:27,706 - sistema_relatorios - logger_config - INFO - Concluído: Carregar configurações
2026-02-24 13:02:27,882 - sistema_relatorios - logger_config - INFO - Iniciando: Carregar configurações
2026-02-24 13:02:27,883 - sistema_relatorios - logger_config - INFO - Concluído: Carregar configurações
2026-02-24 13:02:27,884 - sistema_relatorios - logger_config - INFO - Iniciando: Carregar configurações
2026-02-24 13:02:27,885 - sistema_relatorios - logger_config - INFO - Concluído: Carregar configurações
2026-02-24 13:08:12,280 - sistema - logger_config - INFO - Sistema de logging inicializado
2026-02-24 13:08:12,283 - sistema_relatorios - logger_config - INFO - Usuário alterado para: sistema_relatorios
2026-02-24 13:08:12,284 - sistema_relatorios - relatorios_interface - INFO - Sistema de relatórios inicializando usando logger configurado
2026-02-24 13:08:12,285 - sistema_relatorios - relatorios_interface - INFO - Configurações de janela importadas com sucesso
2026-02-24 13:08:12,287 - sistema_relatorios - relatorios_interface - INFO - === Sistema de Relatórios Inicializando ===
2026-02-24 13:08:22,322 - sistema_relatorios - logger_config - INFO - Iniciando: Carregar configurações
2026-02-24 13:08:22,325 - sistema_relatorios - logger_config - INFO - Concluído: Carregar configurações
2026-02-24 13:08:22,503 - sistema_relatorios - logger_config - INFO - Iniciando: Carregar configurações
2026-02-24 13:08:22,504 - sistema_relatorios - logger_config - INFO - Concluído: Carregar configurações
2026-02-24 13:08:22,506 - sistema_relatorios - logger_config - INFO - Iniciando: Carregar configurações
2026-02-24 13:08:22,507 - sistema_relatorios - logger_config - INFO - Concluído: Carregar configurações
2026-02-24 13:17:06,295 - sistema - logger_config - INFO - Sistema de logging inicializado
2026-02-24 13:17:06,297 - sistema_relatorios - logger_config - INFO - Usuário alterado para: sistema_relatorios
2026-02-24 13:17:06,298 - sistema_relatorios - relatorios_interface - INFO - Sistema de relatórios inicializando usando logger configurado
2026-02-24 13:17:06,298 - sistema_relatorios - relatorios_interface - INFO - Configurações de janela importadas com sucesso
2026-02-24 13:17:06,299 - sistema_relatorios - relatorios_interface - INFO - === Sistema de Relatórios Inicializando ===
2026-02-24 13:17:14,851 - sistema_relatorios - logger_config - INFO - Iniciando: Carregar configurações
2026-02-24 13:17:14,855 - sistema_relatorios - logger_config - INFO - Concluído: Carregar configurações
2026-02-24 13:17:15,027 - sistema_relatorios - logger_config - INFO - Iniciando: Carregar configurações
2026-02-24 13:17:15,028 - sistema_relatorios - logger_config - INFO - Concluído: Carregar configurações
2026-02-24 13:17:15,029 - sistema_relatorios - logger_config - INFO - Iniciando: Carregar configurações
2026-02-24 13:17:15,030 - sistema_relatorios - logger_config - INFO - Concluído: Carregar configurações
2026-02-24 13:22:19,909 - sistema - logger_config - INFO - Sistema de logging inicializado
2026-02-24 13:22:19,911 - sistema_relatorios - logger_config - INFO - Usuário alterado para: sistema_relatorios
2026-02-24 13:22:19,911 - sistema_relatorios - relatorios_interface - INFO - Sistema de relatórios inicializando usando logger configurado
2026-02-24 13:22:19,912 - sistema_relatorios - relatorios_interface - INFO - Configurações de janela importadas com sucesso
2026-02-24 13:22:19,913 - sistema_relatorios - relatorios_interface - INFO - === Sistema de Relatórios Inicializando ===
2026-02-24 13:22:29,920 - sistema_relatorios - logger_config - INFO - Iniciando: Carregar configurações
2026-02-24 13:22:29,923 - sistema_relatorios - logger_config - INFO - Concluído: Carregar configurações
2026-02-24 13:22:30,111 - sistema_relatorios - logger_config - INFO - Iniciando: Carregar configurações
2026-02-24 13:22:30,112 - sistema_relatorios - logger_config - INFO - Concluído: Carregar configurações
2026-02-24 13:22:30,114 - sistema_relatorios - logger_config - INFO - Iniciando: Carregar configurações
2026-02-24 13:22:30,115 - sistema_relatorios - logger_config - INFO - Concluído: Carregar configurações
2026-02-24 13:25:16,096 - sistema - logger_config - INFO - Sistema de logging inicializado
2026-02-24 13:25:16,098 - sistema_relatorios - logger_config - INFO - Usuário alterado para: sistema_relatorios
2026-02-24 13:25:16,100 - sistema_relatorios - relatorios_interface - INFO - Sistema de relatórios inicializando usando logger configurado
2026-02-24 13:25:16,102 - sistema_relatorios - relatorios_interface - INFO - Configurações de janela importadas com sucesso
2026-02-24 13:25:16,103 - sistema_relatorios - relatorios_interface - INFO - === Sistema de Relatórios Inicializando ===
2026-02-24 13:25:25,931 - sistema_relatorios - logger_config - INFO - Iniciando: Carregar configurações
2026-02-24 13:25:25,936 - sistema_relatorios - logger_config - INFO - Concluído: Carregar configurações
2026-02-24 13:25:26,115 - sistema_relatorios - logger_config - INFO - Iniciando: Carregar configurações
2026-02-24 13:25:26,118 - sistema_relatorios - logger_config - INFO - Concluído: Carregar configurações
2026-02-24 13:25:26,121 - sistema_relatorios - logger_config - INFO - Iniciando: Carregar configurações
2026-02-24 13:25:26,121 - sistema_relatorios - logger_config - INFO - Concluído: Carregar configurações
2026-02-24 13:29:12,434 - sistema - logger_config - INFO - Sistema de logging inicializado
2026-02-24 13:29:12,436 - sistema_relatorios - logger_config - INFO - Usuário alterado para: sistema_relatorios
2026-02-24 13:29:12,438 - sistema_relatorios - relatorios_interface - INFO - Sistema de relatórios inicializando usando logger configurado
2026-02-24 13:29:12,438 - sistema_relatorios - relatorios_interface - INFO - Configurações de janela importadas com sucesso
2026-02-24 13:29:12,440 - sistema_relatorios - relatorios_interface - INFO - === Sistema de Relatórios Inicializando ===
2026-02-24 13:29:22,837 - sistema_relatorios - logger_config - INFO - Iniciando: Carregar configurações
2026-02-24 13:29:22,840 - sistema_relatorios - logger_config - INFO - Concluído: Carregar configurações
2026-02-24 13:29:23,023 - sistema_relatorios - logger_config - INFO - Iniciando: Carregar configurações
2026-02-24 13:29:23,023 - sistema_relatorios - logger_config - INFO - Concluído: Carregar configurações
2026-02-24 13:29:23,025 - sistema_relatorios - logger_config - INFO - Iniciando: Carregar configurações
2026-02-24 13:29:23,026 - sistema_relatorios - logger_config - INFO - Concluído: Carregar configurações
2026-02-24 13:31:57,434 - sistema - logger_config - INFO - Sistema de logging inicializado
2026-02-24 13:31:57,436 - sistema_relatorios - logger_config - INFO - Usuário alterado para: sistema_relatorios
2026-02-24 13:31:57,437 - sistema_relatorios - relatorios_interface - INFO - Sistema de relatórios inicializando usando logger configurado
2026-02-24 13:31:57,438 - sistema_relatorios - relatorios_interface - INFO - Configurações de janela importadas com sucesso
2026-02-24 13:31:57,440 - sistema_relatorios - relatorios_interface - INFO - === Sistema de Relatórios Inicializando ===
2026-02-24 13:32:09,189 - sistema_relatorios - logger_config - INFO - Iniciando: Carregar configurações
2026-02-24 13:32:09,192 - sistema_relatorios - logger_config - INFO - Concluído: Carregar configurações
2026-02-24 13:32:09,400 - sistema_relatorios - logger_config - INFO - Iniciando: Carregar configurações
2026-02-24 13:32:09,401 - sistema_relatorios - logger_config - INFO - Concluído: Carregar configurações
2026-02-24 13:32:09,403 - sistema_relatorios - logger_config - INFO - Iniciando: Carregar configurações
2026-02-24 13:32:09,404 - sistema_relatorios - logger_config - INFO - Concluído: Carregar configurações
2026-02-24 13:41:04,890 - sistema - logger_config - INFO - Sistema de logging inicializado
2026-02-24 13:41:04,893 - sistema_relatorios - logger_config - INFO - Usuário alterado para: sistema_relatorios
2026-02-24 13:41:04,895 - sistema_relatorios - relatorios_interface - INFO - Sistema de relatórios inicializando usando logger configurado
2026-02-24 13:41:04,896 - sistema_relatorios - relatorios_interface - INFO - Configurações de janela importadas com sucesso
2026-02-24 13:41:04,896 - sistema_relatorios - relatorios_interface - INFO - === Sistema de Relatórios Inicializando ===
2026-02-24 13:41:14,584 - sistema_relatorios - logger_config - INFO - Iniciando: Carregar configurações
2026-02-24 13:41:14,589 - sistema_relatorios - logger_config - INFO - Concluído: Carregar configurações
2026-02-24 13:41:14,830 - sistema_relatorios - logger_config - INFO - Iniciando: Carregar configurações
2026-02-24 13:41:14,831 - sistema_relatorios - logger_config - INFO - Concluído: Carregar configurações
2026-02-24 13:41:14,833 - sistema_relatorios - logger_config - INFO - Iniciando: Carregar configurações
2026-02-24 13:41:14,834 - sistema_relatorios - logger_config - INFO - Concluído: Carregar configurações
2026-02-24 15:57:15,890 - sistema - logger_config - INFO - Sistema de logging inicializado
2026-02-24 15:57:15,892 - sistema_relatorios - logger_config - INFO - Usuário alterado para: sistema_relatorios
2026-02-24 15:57:15,892 - sistema_relatorios - relatorios_interface - INFO - Sistema de relatórios inicializando usando logger configurado
2026-02-24 15:57:15,893 - sistema_relatorios - relatorios_interface - INFO - Configurações de janela importadas com sucesso
2026-02-24 15:57:15,893 - sistema_relatorios - relatorios_interface - INFO - === Sistema de Relatórios Inicializando ===
2026-02-24 15:57:29,107 - sistema_relatorios - gestao_medicoes - INFO - Logger importado com sucesso em gestao_medicoes.py
2026-02-24 15:57:29,436 - sistema_relatorios - gestao_medicoes - INFO - ✅ Janela Gestão de Medições inicializada com tripla proteção de visibilidade
2026-02-24 15:57:31,320 - sistema_relatorios - gerador_contrato - INFO - Carregando serviços de: C:\Users\Obras\sistema_gestao_testes\testes\Financeiro\Planilhas_Base\servicos_construcao.json
2026-02-24 15:57:31,346 - sistema_relatorios - gerador_contrato - INFO - Serviços carregados: 10 categorias
2026-02-24 15:57:31,348 - sistema_relatorios - gerador_contrato - INFO - Pasta de contratos verificada: C:\Users\Obras\sistema_gestao_testes\testes\Financeiro\Clientes\Contratos
2026-02-24 15:57:31,349 - sistema_relatorios - gerador_contrato - INFO - GeradorContrato inicializado com sucesso (usando python-docx)
2026-02-24 15:57:36,189 - sistema_relatorios - gerador_contrato - INFO - Obtendo dados do cliente: EDUARDO MORENO MARQUES
2026-02-24 15:57:36,210 - sistema_relatorios - gerador_contrato - INFO - Colunas disponíveis: ['Nome', 'Endereço', 'Data Inicial', 'Observações', 'Data Final', 'Tipo Taxa', 'CPF', 'CNO', 'Estado Civil', 'Cidade', 'Grupo', 'Logradouro', 'Numero', 'Complemento', 'Localidade', 'CEP', 'Estado', 'Metragem_Alvara', 'Banco', 'Agencia', 'Conta', 'Tipo_Conta', 'PIX']
2026-02-24 15:57:36,235 - sistema_relatorios - gerador_contrato - INFO - CPF bruto obtido: 06850709801 (tipo: <class 'str'>)
2026-02-24 15:57:36,236 - sistema_relatorios - gerador_contrato - INFO - CPF como string: 06850709801
2026-02-24 15:57:36,236 - sistema_relatorios - gerador_contrato - INFO - CPF apenas números: 06850709801
2026-02-24 15:57:36,238 - sistema_relatorios - gerador_contrato - INFO - ✅ CPF formatado: 068.507.098-01
2026-02-24 15:57:36,239 - sistema_relatorios - gerador_contrato - INFO - ✅ Dados do cliente processados - CPF final: 068.507.098-01
2026-02-24 15:57:36,241 - sistema_relatorios - gerador_contrato - INFO - Dados do cliente obtidos com sucesso: EDUARDO MORENO MARQUES
2026-02-24 16:05:52,145 - sistema_relatorios - gestao_medicoes - INFO - ✅ Janela de Gestão de Medições fechada
2026-02-24 16:05:52,167 - sistema_relatorios - gestao_medicoes - INFO - ✅ Menu principal restaurado
2026-02-24 16:12:56,550 - sistema - logger_config - INFO - Sistema de logging inicializado
2026-02-24 16:12:56,551 - sistema_relatorios - logger_config - INFO - Usuário alterado para: sistema_relatorios
2026-02-24 16:12:56,552 - sistema_relatorios - relatorios_interface - INFO - Sistema de relatórios inicializando usando logger configurado
2026-02-24 16:12:56,553 - sistema_relatorios - relatorios_interface - INFO - Configurações de janela importadas com sucesso
2026-02-24 16:12:56,553 - sistema_relatorios - relatorios_interface - INFO - === Sistema de Relatórios Inicializando ===
2026-02-24 16:13:06,414 - sistema_relatorios - gestao_medicoes - INFO - Logger importado com sucesso em gestao_medicoes.py
2026-02-24 16:13:06,631 - sistema_relatorios - gestao_medicoes - INFO - ✅ Janela Gestão de Medições inicializada com tripla proteção de visibilidade
2026-02-24 16:13:08,470 - sistema_relatorios - gerador_contrato - INFO - Carregando serviços de: C:\Users\Obras\sistema_gestao_testes\testes\Financeiro\Planilhas_Base\servicos_construcao.json
2026-02-24 16:13:08,472 - sistema_relatorios - gerador_contrato - INFO - Serviços carregados: 10 categorias
2026-02-24 16:13:08,475 - sistema_relatorios - gerador_contrato - INFO - Pasta de contratos verificada: C:\Users\Obras\sistema_gestao_testes\testes\Financeiro\Clientes\Contratos
2026-02-24 16:13:08,475 - sistema_relatorios - gerador_contrato - INFO - GeradorContrato inicializado com sucesso (usando python-docx)
2026-02-24 16:13:11,745 - sistema_relatorios - gerador_contrato - INFO - Obtendo dados do cliente: EDUARDO MORENO MARQUES
2026-02-24 16:13:11,764 - sistema_relatorios - gerador_contrato - INFO - Colunas disponíveis: ['Nome', 'Endereço', 'Data Inicial', 'Observações', 'Data Final', 'Tipo Taxa', 'CPF', 'CNO', 'Estado Civil', 'Cidade', 'Grupo', 'Logradouro', 'Numero', 'Complemento', 'Localidade', 'CEP', 'Estado', 'Metragem_Alvara', 'Banco', 'Agencia', 'Conta', 'Tipo_Conta', 'PIX']
2026-02-24 16:13:11,787 - sistema_relatorios - gerador_contrato - INFO - CPF bruto obtido: 06850709801 (tipo: <class 'str'>)
2026-02-24 16:13:11,789 - sistema_relatorios - gerador_contrato - INFO - CPF como string: 06850709801
2026-02-24 16:13:11,789 - sistema_relatorios - gerador_contrato - INFO - CPF apenas números: 06850709801
2026-02-24 16:13:11,790 - sistema_relatorios - gerador_contrato - INFO - ✅ CPF formatado: 068.507.098-01
2026-02-24 16:13:11,791 - sistema_relatorios - gerador_contrato - INFO - ✅ Dados do cliente processados - CPF final: 068.507.098-01
2026-02-24 16:13:11,792 - sistema_relatorios - gerador_contrato - INFO - Dados do cliente obtidos com sucesso: EDUARDO MORENO MARQUES
2026-02-24 16:16:31,154 - sistema_relatorios - gestao_medicoes - INFO - ✅ Janela de Gestão de Medições fechada
2026-02-24 16:16:31,175 - sistema_relatorios - gestao_medicoes - INFO - ✅ Menu principal restaurado
2026-02-24 16:19:23,347 - sistema_relatorios - gestao_medicoes - INFO - ✅ Janela Gestão de Medições inicializada com tripla proteção de visibilidade
2026-02-24 16:19:24,457 - sistema_relatorios - gerador_contrato - INFO - Carregando serviços de: C:\Users\Obras\sistema_gestao_testes\testes\Financeiro\Planilhas_Base\servicos_construcao.json
2026-02-24 16:19:24,459 - sistema_relatorios - gerador_contrato - INFO - Serviços carregados: 10 categorias
2026-02-24 16:19:24,460 - sistema_relatorios - gerador_contrato - INFO - Pasta de contratos verificada: C:\Users\Obras\sistema_gestao_testes\testes\Financeiro\Clientes\Contratos
2026-02-24 16:19:24,461 - sistema_relatorios - gerador_contrato - INFO - GeradorContrato inicializado com sucesso (usando python-docx)
2026-02-24 16:19:27,606 - sistema_relatorios - gerador_contrato - INFO - Obtendo dados do cliente: EDUARDO MORENO MARQUES
2026-02-24 16:19:27,627 - sistema_relatorios - gerador_contrato - INFO - Colunas disponíveis: ['Nome', 'Endereço', 'Data Inicial', 'Observações', 'Data Final', 'Tipo Taxa', 'CPF', 'CNO', 'Estado Civil', 'Cidade', 'Grupo', 'Logradouro', 'Numero', 'Complemento', 'Localidade', 'CEP', 'Estado', 'Metragem_Alvara', 'Banco', 'Agencia', 'Conta', 'Tipo_Conta', 'PIX']
2026-02-24 16:19:27,633 - sistema_relatorios - gerador_contrato - INFO - CPF bruto obtido: 06850709801 (tipo: <class 'str'>)
2026-02-24 16:19:27,633 - sistema_relatorios - gerador_contrato - INFO - CPF como string: 06850709801
2026-02-24 16:19:27,634 - sistema_relatorios - gerador_contrato - INFO - CPF apenas números: 06850709801
2026-02-24 16:19:27,635 - sistema_relatorios - gerador_contrato - INFO - ✅ CPF formatado: 068.507.098-01
2026-02-24 16:19:27,636 - sistema_relatorios - gerador_contrato - INFO - ✅ Dados do cliente processados - CPF final: 068.507.098-01
2026-02-24 16:19:27,636 - sistema_relatorios - gerador_contrato - INFO - Dados do cliente obtidos com sucesso: EDUARDO MORENO MARQUES
2026-02-24 16:20:06,621 - sistema_relatorios - gestao_medicoes - INFO - Fornecedor selecionado na aba: MARCELO CALDEIRA DE SOUZA (072.842.906-33)
2026-02-24 16:25:53,512 - sistema_relatorios - gestao_medicoes - INFO - ✅ Janela de Gestão de Medições fechada
2026-02-24 16:25:53,518 - sistema_relatorios - gestao_medicoes - INFO - ✅ Menu principal restaurado
2026-02-24 16:40:03,021 - sistema - logger_config - INFO - Sistema de logging inicializado
2026-02-24 16:40:03,022 - sistema_relatorios - logger_config - INFO - Usuário alterado para: sistema_relatorios
2026-02-24 16:40:03,022 - sistema_relatorios - relatorios_interface - INFO - Sistema de relatórios inicializando usando logger configurado
2026-02-24 16:40:03,023 - sistema_relatorios - relatorios_interface - INFO - Configurações de janela importadas com sucesso
2026-02-24 16:40:03,023 - sistema_relatorios - relatorios_interface - INFO - === Sistema de Relatórios Inicializando ===
2026-02-24 16:40:08,412 - sistema_relatorios - gestao_medicoes - INFO - Logger importado com sucesso em gestao_medicoes.py
2026-02-24 16:40:08,629 - sistema_relatorios - gestao_medicoes - INFO - ✅ Janela Gestão de Medições inicializada com tripla proteção de visibilidade
2026-02-24 16:40:10,617 - sistema_relatorios - gerador_contrato - INFO - Carregando serviços de: C:\Users\Obras\sistema_gestao_testes\testes\Financeiro\Planilhas_Base\servicos_construcao.json
2026-02-24 16:40:10,619 - sistema_relatorios - gerador_contrato - INFO - Serviços carregados: 10 categorias
2026-02-24 16:40:10,621 - sistema_relatorios - gerador_contrato - INFO - Pasta de contratos verificada: C:\Users\Obras\sistema_gestao_testes\testes\Financeiro\Clientes\Contratos
2026-02-24 16:40:10,621 - sistema_relatorios - gerador_contrato - INFO - GeradorContrato inicializado com sucesso (usando python-docx)
2026-02-24 16:40:13,803 - sistema_relatorios - gerador_contrato - INFO - Obtendo dados do cliente: BRUNO SANTANA RINALDI
2026-02-24 16:40:13,830 - sistema_relatorios - gerador_contrato - INFO - Colunas disponíveis: ['Nome', 'Endereço', 'Data Inicial', 'Observações', 'Data Final', 'Tipo Taxa', 'CPF', 'CNO', 'Estado Civil', 'Cidade', 'Grupo', 'Logradouro', 'Numero', 'Complemento', 'Localidade', 'CEP', 'Estado', 'Metragem_Alvara', 'Banco', 'Agencia', 'Conta', 'Tipo_Conta', 'PIX']
2026-02-24 16:40:13,848 - sistema_relatorios - gerador_contrato - INFO - CPF bruto obtido: 123.456.789-00 (tipo: <class 'str'>)
2026-02-24 16:40:13,849 - sistema_relatorios - gerador_contrato - INFO - CPF como string: 123.456.789-00
2026-02-24 16:40:13,850 - sistema_relatorios - gerador_contrato - INFO - CPF apenas números: 12345678900
2026-02-24 16:40:13,850 - sistema_relatorios - gerador_contrato - INFO - ✅ CPF formatado: 123.456.789-00
2026-02-24 16:40:13,854 - sistema_relatorios - gerador_contrato - INFO - CNO já formatado: 90.018.91862/63
2026-02-24 16:40:13,855 - sistema_relatorios - gerador_contrato - INFO - ✅ Dados do cliente processados - CPF final: 123.456.789-00
2026-02-24 16:40:13,856 - sistema_relatorios - gerador_contrato - INFO - Dados do cliente obtidos com sucesso: BRUNO SANTANA RINALDI
2026-02-24 16:41:17,436 - sistema_relatorios - gestao_medicoes - INFO - Medição excluída: Contrato 12, Medição #1, Valor: 5000
2026-02-24 17:09:56,641 - sistema_relatorios - gestao_medicoes - INFO - ✅ Janela de Gestão de Medições fechada
2026-02-24 17:09:56,654 - sistema_relatorios - gestao_medicoes - INFO - ✅ Menu principal restaurado
2026-02-24 17:15:21,626 - sistema - logger_config - INFO - Sistema de logging inicializado
