2025-04-21 14:01:09,424 - relatorio_despesas_aprimorado - INFO - Iniciando RelatorioUI
2025-04-21 14:01:09,435 - relatorio_despesas_aprimorado - INFO - Iniciando configuração da interface
2025-04-21 14:01:09,470 - relatorio_despesas_aprimorado - INFO - Interface configurada com sucesso
2025-04-21 14:01:33,075 - relatorio_despesas_aprimorado - INFO - Iniciando RelatorioUI
2025-04-21 14:01:33,076 - relatorio_despesas_aprimorado - INFO - Iniciando configuração da interface
2025-04-21 14:01:33,108 - relatorio_despesas_aprimorado - INFO - Interface configurada com sucesso
2025-04-21 14:02:01,857 - relatorio_despesas_aprimorado - INFO - Iniciando RelatorioUI
2025-04-21 14:02:01,858 - relatorio_despesas_aprimorado - INFO - Iniciando configuração da interface
2025-04-21 14:02:01,891 - relatorio_despesas_aprimorado - INFO - Interface configurada com sucesso
2025-04-21 14:02:29,211 - relatorio_despesas_aprimorado - INFO - Iniciando geração de relatório para arquivo: H:/.shortcut-targets-by-id/195uuohIL_ZKum7lhwu-OzJCH_CGAb97G/Relatórios/Financeiro/Clientes/EDIGAR BATISTA FERREIRA.xlsx
2025-04-21 14:02:29,945 - relatorio_despesas_aprimorado - INFO - 
Obtendo número do relatório para data 2025-04-05 00:00:00
2025-04-21 14:02:29,946 - relatorio_despesas_aprimorado - INFO - Número do relatório calculado: 43
2025-04-21 14:02:29,946 - relatorio_despesas_aprimorado - INFO - Calculando acumulado para data 2025-04-05 00:00:00
2025-04-21 14:02:29,964 - relatorio_despesas_aprimorado - INFO - Valor acumulado calculado: 3,179,713.53
2025-04-21 14:02:29,964 - relatorio_despesas_aprimorado - INFO - Número do relatório: 43
2025-04-21 14:02:29,964 - relatorio_despesas_aprimorado - INFO - Valor acumulado calculado: 3,179,713.53
2025-04-21 14:02:29,971 - relatorio_despesas_aprimorado - INFO - Iniciando adição de detalhes ao relatório
2025-04-21 14:02:30,005 - relatorio_despesas_aprimorado - INFO - Detalhes adicionados com sucesso
2025-04-21 16:21:18,667 - matplotlib.category - INFO - Using categorical units to plot a list of strings that are all parsable as floats or dates. If these strings should be plotted as numbers, cast to the appropriate data type before plotting.
2025-04-21 16:21:18,671 - matplotlib.category - INFO - Using categorical units to plot a list of strings that are all parsable as floats or dates. If these strings should be plotted as numbers, cast to the appropriate data type before plotting.
2025-04-21 16:21:18,743 - matplotlib.category - INFO - Using categorical units to plot a list of strings that are all parsable as floats or dates. If these strings should be plotted as numbers, cast to the appropriate data type before plotting.
2025-04-21 16:21:18,744 - matplotlib.category - INFO - Using categorical units to plot a list of strings that are all parsable as floats or dates. If these strings should be plotted as numbers, cast to the appropriate data type before plotting.
2025-04-21 16:21:18,744 - matplotlib.category - INFO - Using categorical units to plot a list of strings that are all parsable as floats or dates. If these strings should be plotted as numbers, cast to the appropriate data type before plotting.
2025-04-21 16:21:18,746 - matplotlib.category - INFO - Using categorical units to plot a list of strings that are all parsable as floats or dates. If these strings should be plotted as numbers, cast to the appropriate data type before plotting.
2025-04-21 16:21:18,746 - matplotlib.category - INFO - Using categorical units to plot a list of strings that are all parsable as floats or dates. If these strings should be plotted as numbers, cast to the appropriate data type before plotting.
2025-04-21 16:21:18,747 - matplotlib.category - INFO - Using categorical units to plot a list of strings that are all parsable as floats or dates. If these strings should be plotted as numbers, cast to the appropriate data type before plotting.
2025-04-21 16:21:18,748 - matplotlib.category - INFO - Using categorical units to plot a list of strings that are all parsable as floats or dates. If these strings should be plotted as numbers, cast to the appropriate data type before plotting.
2025-04-21 16:21:18,749 - matplotlib.category - INFO - Using categorical units to plot a list of strings that are all parsable as floats or dates. If these strings should be plotted as numbers, cast to the appropriate data type before plotting.
2025-04-21 16:21:18,749 - matplotlib.category - INFO - Using categorical units to plot a list of strings that are all parsable as floats or dates. If these strings should be plotted as numbers, cast to the appropriate data type before plotting.
2025-04-21 16:21:18,751 - matplotlib.category - INFO - Using categorical units to plot a list of strings that are all parsable as floats or dates. If these strings should be plotted as numbers, cast to the appropriate data type before plotting.
2025-04-21 16:21:18,751 - matplotlib.category - INFO - Using categorical units to plot a list of strings that are all parsable as floats or dates. If these strings should be plotted as numbers, cast to the appropriate data type before plotting.
2025-04-21 16:21:18,752 - matplotlib.category - INFO - Using categorical units to plot a list of strings that are all parsable as floats or dates. If these strings should be plotted as numbers, cast to the appropriate data type before plotting.
2025-04-21 16:21:18,753 - matplotlib.category - INFO - Using categorical units to plot a list of strings that are all parsable as floats or dates. If these strings should be plotted as numbers, cast to the appropriate data type before plotting.
2025-04-21 16:21:18,754 - matplotlib.category - INFO - Using categorical units to plot a list of strings that are all parsable as floats or dates. If these strings should be plotted as numbers, cast to the appropriate data type before plotting.
2025-04-21 16:21:18,754 - matplotlib.category - INFO - Using categorical units to plot a list of strings that are all parsable as floats or dates. If these strings should be plotted as numbers, cast to the appropriate data type before plotting.
2025-04-21 16:21:18,756 - matplotlib.category - INFO - Using categorical units to plot a list of strings that are all parsable as floats or dates. If these strings should be plotted as numbers, cast to the appropriate data type before plotting.
2025-04-21 16:21:18,757 - matplotlib.category - INFO - Using categorical units to plot a list of strings that are all parsable as floats or dates. If these strings should be plotted as numbers, cast to the appropriate data type before plotting.
2025-04-21 16:21:18,757 - matplotlib.category - INFO - Using categorical units to plot a list of strings that are all parsable as floats or dates. If these strings should be plotted as numbers, cast to the appropriate data type before plotting.
2025-04-21 16:21:18,759 - matplotlib.category - INFO - Using categorical units to plot a list of strings that are all parsable as floats or dates. If these strings should be plotted as numbers, cast to the appropriate data type before plotting.
2025-04-21 16:21:18,759 - matplotlib.category - INFO - Using categorical units to plot a list of strings that are all parsable as floats or dates. If these strings should be plotted as numbers, cast to the appropriate data type before plotting.
2025-04-21 16:21:18,760 - matplotlib.category - INFO - Using categorical units to plot a list of strings that are all parsable as floats or dates. If these strings should be plotted as numbers, cast to the appropriate data type before plotting.
2025-04-21 16:21:18,761 - matplotlib.category - INFO - Using categorical units to plot a list of strings that are all parsable as floats or dates. If these strings should be plotted as numbers, cast to the appropriate data type before plotting.
2025-04-21 16:21:18,762 - matplotlib.category - INFO - Using categorical units to plot a list of strings that are all parsable as floats or dates. If these strings should be plotted as numbers, cast to the appropriate data type before plotting.
2025-04-21 16:21:18,762 - matplotlib.category - INFO - Using categorical units to plot a list of strings that are all parsable as floats or dates. If these strings should be plotted as numbers, cast to the appropriate data type before plotting.
2025-04-21 16:21:18,764 - matplotlib.category - INFO - Using categorical units to plot a list of strings that are all parsable as floats or dates. If these strings should be plotted as numbers, cast to the appropriate data type before plotting.
2025-04-21 16:21:18,764 - matplotlib.category - INFO - Using categorical units to plot a list of strings that are all parsable as floats or dates. If these strings should be plotted as numbers, cast to the appropriate data type before plotting.
2025-04-21 16:21:18,765 - matplotlib.category - INFO - Using categorical units to plot a list of strings that are all parsable as floats or dates. If these strings should be plotted as numbers, cast to the appropriate data type before plotting.
2025-04-21 16:21:18,766 - matplotlib.category - INFO - Using categorical units to plot a list of strings that are all parsable as floats or dates. If these strings should be plotted as numbers, cast to the appropriate data type before plotting.
2025-04-21 16:21:18,767 - matplotlib.category - INFO - Using categorical units to plot a list of strings that are all parsable as floats or dates. If these strings should be plotted as numbers, cast to the appropriate data type before plotting.
2025-04-21 16:21:18,768 - matplotlib.category - INFO - Using categorical units to plot a list of strings that are all parsable as floats or dates. If these strings should be plotted as numbers, cast to the appropriate data type before plotting.
2025-04-21 16:21:18,844 - matplotlib.category - INFO - Using categorical units to plot a list of strings that are all parsable as floats or dates. If these strings should be plotted as numbers, cast to the appropriate data type before plotting.
2025-04-21 16:21:18,845 - matplotlib.category - INFO - Using categorical units to plot a list of strings that are all parsable as floats or dates. If these strings should be plotted as numbers, cast to the appropriate data type before plotting.
2025-04-21 16:21:18,847 - matplotlib.category - INFO - Using categorical units to plot a list of strings that are all parsable as floats or dates. If these strings should be plotted as numbers, cast to the appropriate data type before plotting.
2025-04-21 16:21:18,848 - matplotlib.category - INFO - Using categorical units to plot a list of strings that are all parsable as floats or dates. If these strings should be plotted as numbers, cast to the appropriate data type before plotting.
2025-04-21 16:21:18,850 - matplotlib.category - INFO - Using categorical units to plot a list of strings that are all parsable as floats or dates. If these strings should be plotted as numbers, cast to the appropriate data type before plotting.
2025-04-21 16:21:18,850 - matplotlib.category - INFO - Using categorical units to plot a list of strings that are all parsable as floats or dates. If these strings should be plotted as numbers, cast to the appropriate data type before plotting.
2025-04-21 16:21:18,853 - matplotlib.category - INFO - Using categorical units to plot a list of strings that are all parsable as floats or dates. If these strings should be plotted as numbers, cast to the appropriate data type before plotting.
2025-04-21 16:21:18,853 - matplotlib.category - INFO - Using categorical units to plot a list of strings that are all parsable as floats or dates. If these strings should be plotted as numbers, cast to the appropriate data type before plotting.
2025-04-21 16:21:18,855 - matplotlib.category - INFO - Using categorical units to plot a list of strings that are all parsable as floats or dates. If these strings should be plotted as numbers, cast to the appropriate data type before plotting.
2025-04-21 16:21:18,856 - matplotlib.category - INFO - Using categorical units to plot a list of strings that are all parsable as floats or dates. If these strings should be plotted as numbers, cast to the appropriate data type before plotting.
2025-04-21 16:21:18,858 - matplotlib.category - INFO - Using categorical units to plot a list of strings that are all parsable as floats or dates. If these strings should be plotted as numbers, cast to the appropriate data type before plotting.
2025-04-21 16:21:18,859 - matplotlib.category - INFO - Using categorical units to plot a list of strings that are all parsable as floats or dates. If these strings should be plotted as numbers, cast to the appropriate data type before plotting.
2025-04-21 16:21:18,861 - matplotlib.category - INFO - Using categorical units to plot a list of strings that are all parsable as floats or dates. If these strings should be plotted as numbers, cast to the appropriate data type before plotting.
2025-04-21 16:21:18,862 - matplotlib.category - INFO - Using categorical units to plot a list of strings that are all parsable as floats or dates. If these strings should be plotted as numbers, cast to the appropriate data type before plotting.
2025-04-21 16:21:18,864 - matplotlib.category - INFO - Using categorical units to plot a list of strings that are all parsable as floats or dates. If these strings should be plotted as numbers, cast to the appropriate data type before plotting.
2025-04-21 16:21:18,865 - matplotlib.category - INFO - Using categorical units to plot a list of strings that are all parsable as floats or dates. If these strings should be plotted as numbers, cast to the appropriate data type before plotting.
2025-04-21 16:21:18,867 - matplotlib.category - INFO - Using categorical units to plot a list of strings that are all parsable as floats or dates. If these strings should be plotted as numbers, cast to the appropriate data type before plotting.
2025-04-21 16:21:18,867 - matplotlib.category - INFO - Using categorical units to plot a list of strings that are all parsable as floats or dates. If these strings should be plotted as numbers, cast to the appropriate data type before plotting.
2025-04-21 16:21:18,870 - matplotlib.category - INFO - Using categorical units to plot a list of strings that are all parsable as floats or dates. If these strings should be plotted as numbers, cast to the appropriate data type before plotting.
2025-04-21 16:21:18,870 - matplotlib.category - INFO - Using categorical units to plot a list of strings that are all parsable as floats or dates. If these strings should be plotted as numbers, cast to the appropriate data type before plotting.
2025-04-21 16:21:18,963 - matplotlib.category - INFO - Using categorical units to plot a list of strings that are all parsable as floats or dates. If these strings should be plotted as numbers, cast to the appropriate data type before plotting.
2025-04-21 16:21:18,963 - matplotlib.category - INFO - Using categorical units to plot a list of strings that are all parsable as floats or dates. If these strings should be plotted as numbers, cast to the appropriate data type before plotting.
2025-04-21 16:21:18,965 - matplotlib.category - INFO - Using categorical units to plot a list of strings that are all parsable as floats or dates. If these strings should be plotted as numbers, cast to the appropriate data type before plotting.
2025-04-21 16:21:18,966 - matplotlib.category - INFO - Using categorical units to plot a list of strings that are all parsable as floats or dates. If these strings should be plotted as numbers, cast to the appropriate data type before plotting.
2025-04-21 16:21:18,968 - matplotlib.category - INFO - Using categorical units to plot a list of strings that are all parsable as floats or dates. If these strings should be plotted as numbers, cast to the appropriate data type before plotting.
2025-04-21 16:21:18,969 - matplotlib.category - INFO - Using categorical units to plot a list of strings that are all parsable as floats or dates. If these strings should be plotted as numbers, cast to the appropriate data type before plotting.
2025-04-21 16:21:18,971 - matplotlib.category - INFO - Using categorical units to plot a list of strings that are all parsable as floats or dates. If these strings should be plotted as numbers, cast to the appropriate data type before plotting.
2025-04-21 16:21:18,972 - matplotlib.category - INFO - Using categorical units to plot a list of strings that are all parsable as floats or dates. If these strings should be plotted as numbers, cast to the appropriate data type before plotting.
2025-04-21 16:21:18,974 - matplotlib.category - INFO - Using categorical units to plot a list of strings that are all parsable as floats or dates. If these strings should be plotted as numbers, cast to the appropriate data type before plotting.
2025-04-21 16:21:18,975 - matplotlib.category - INFO - Using categorical units to plot a list of strings that are all parsable as floats or dates. If these strings should be plotted as numbers, cast to the appropriate data type before plotting.
2025-04-21 16:21:18,977 - matplotlib.category - INFO - Using categorical units to plot a list of strings that are all parsable as floats or dates. If these strings should be plotted as numbers, cast to the appropriate data type before plotting.
2025-04-21 16:21:18,978 - matplotlib.category - INFO - Using categorical units to plot a list of strings that are all parsable as floats or dates. If these strings should be plotted as numbers, cast to the appropriate data type before plotting.
2025-04-21 16:21:18,980 - matplotlib.category - INFO - Using categorical units to plot a list of strings that are all parsable as floats or dates. If these strings should be plotted as numbers, cast to the appropriate data type before plotting.
2025-04-21 16:21:18,980 - matplotlib.category - INFO - Using categorical units to plot a list of strings that are all parsable as floats or dates. If these strings should be plotted as numbers, cast to the appropriate data type before plotting.
2025-04-21 16:21:18,982 - matplotlib.category - INFO - Using categorical units to plot a list of strings that are all parsable as floats or dates. If these strings should be plotted as numbers, cast to the appropriate data type before plotting.
2025-04-21 16:21:18,983 - matplotlib.category - INFO - Using categorical units to plot a list of strings that are all parsable as floats or dates. If these strings should be plotted as numbers, cast to the appropriate data type before plotting.
2025-04-21 16:21:18,985 - matplotlib.category - INFO - Using categorical units to plot a list of strings that are all parsable as floats or dates. If these strings should be plotted as numbers, cast to the appropriate data type before plotting.
2025-04-21 16:21:18,986 - matplotlib.category - INFO - Using categorical units to plot a list of strings that are all parsable as floats or dates. If these strings should be plotted as numbers, cast to the appropriate data type before plotting.
2025-04-21 16:21:18,988 - matplotlib.category - INFO - Using categorical units to plot a list of strings that are all parsable as floats or dates. If these strings should be plotted as numbers, cast to the appropriate data type before plotting.
2025-04-21 16:21:18,989 - matplotlib.category - INFO - Using categorical units to plot a list of strings that are all parsable as floats or dates. If these strings should be plotted as numbers, cast to the appropriate data type before plotting.
2025-04-21 16:36:29,451 - relatorio_despesas_aprimorado - INFO - Iniciando RelatorioUI
2025-04-21 16:36:29,454 - relatorio_despesas_aprimorado - INFO - Iniciando configuração da interface
2025-04-21 16:36:29,493 - relatorio_despesas_aprimorado - INFO - Interface configurada com sucesso
2025-04-21 16:36:43,227 - relatorio_despesas_aprimorado - INFO - Iniciando geração de relatório para arquivo: H:/.shortcut-targets-by-id/195uuohIL_ZKum7lhwu-OzJCH_CGAb97G/Relatórios/Financeiro/Clientes/EDIGAR BATISTA FERREIRA.xlsx
2025-04-21 16:36:44,213 - relatorio_despesas_aprimorado - INFO - 
Obtendo número do relatório para data 2025-04-05 00:00:00
2025-04-21 16:36:44,214 - relatorio_despesas_aprimorado - INFO - Número do relatório calculado: 43
2025-04-21 16:36:44,214 - relatorio_despesas_aprimorado - INFO - Calculando acumulado para data 2025-04-05 00:00:00
2025-04-21 16:36:44,229 - relatorio_despesas_aprimorado - INFO - Valor acumulado calculado: 3,179,713.53
2025-04-21 16:36:44,229 - relatorio_despesas_aprimorado - INFO - Número do relatório: 43
2025-04-21 16:36:44,229 - relatorio_despesas_aprimorado - INFO - Valor acumulado calculado: 3,179,713.53
2025-04-21 16:36:44,236 - relatorio_despesas_aprimorado - INFO - Iniciando adição de detalhes ao relatório
2025-04-21 16:36:44,336 - relatorio_despesas_aprimorado - INFO - Detalhes adicionados com sucesso
2025-04-21 16:41:40,878 - relatorio_despesas_aprimorado - INFO - Iniciando RelatorioUI
2025-04-21 16:41:40,882 - relatorio_despesas_aprimorado - INFO - Iniciando configuração da interface
2025-04-21 16:41:40,939 - relatorio_despesas_aprimorado - INFO - Interface configurada com sucesso
2025-04-21 16:41:51,360 - relatorio_despesas_aprimorado - INFO - Iniciando geração de relatório para arquivo: H:/.shortcut-targets-by-id/195uuohIL_ZKum7lhwu-OzJCH_CGAb97G/Relatórios/Financeiro/Clientes/EDIGAR BATISTA FERREIRA.xlsx
2025-04-21 16:41:52,061 - relatorio_despesas_aprimorado - INFO - 
Obtendo número do relatório para data 2025-04-05 00:00:00
2025-04-21 16:41:52,062 - relatorio_despesas_aprimorado - INFO - Número do relatório calculado: 43
2025-04-21 16:41:52,062 - relatorio_despesas_aprimorado - INFO - Calculando acumulado para data 2025-04-05 00:00:00
2025-04-21 16:41:52,077 - relatorio_despesas_aprimorado - INFO - Valor acumulado calculado: 3,179,713.53
2025-04-21 16:41:52,077 - relatorio_despesas_aprimorado - INFO - Número do relatório: 43
2025-04-21 16:41:52,077 - relatorio_despesas_aprimorado - INFO - Valor acumulado calculado: 3,179,713.53
2025-04-21 16:41:52,084 - relatorio_despesas_aprimorado - INFO - Iniciando adição de detalhes ao relatório
2025-04-21 16:41:52,175 - relatorio_despesas_aprimorado - INFO - Detalhes adicionados com sucesso
2025-04-21 16:45:21,652 - relatorio_despesas_aprimorado - INFO - Iniciando RelatorioUI
2025-04-21 16:45:21,659 - relatorio_despesas_aprimorado - INFO - Iniciando configuração da interface
2025-04-21 16:45:21,717 - relatorio_despesas_aprimorado - INFO - Interface configurada com sucesso
2025-04-21 16:45:27,486 - relatorio_despesas_aprimorado - INFO - Iniciando geração de relatório para arquivo: H:/.shortcut-targets-by-id/195uuohIL_ZKum7lhwu-OzJCH_CGAb97G/Relatórios/Financeiro/Clientes/EDIGAR BATISTA FERREIRA.xlsx
2025-04-21 16:45:28,185 - relatorio_despesas_aprimorado - INFO - 
Obtendo número do relatório para data 2025-04-05 00:00:00
2025-04-21 16:45:28,186 - relatorio_despesas_aprimorado - INFO - Número do relatório calculado: 43
2025-04-21 16:45:28,186 - relatorio_despesas_aprimorado - INFO - Calculando acumulado para data 2025-04-05 00:00:00
2025-04-21 16:45:28,201 - relatorio_despesas_aprimorado - INFO - Valor acumulado calculado: 3,179,713.53
2025-04-21 16:45:28,201 - relatorio_despesas_aprimorado - INFO - Número do relatório: 43
2025-04-21 16:45:28,202 - relatorio_despesas_aprimorado - INFO - Valor acumulado calculado: 3,179,713.53
2025-04-21 16:45:28,209 - relatorio_despesas_aprimorado - INFO - Iniciando adição de detalhes ao relatório
2025-04-21 16:45:28,303 - relatorio_despesas_aprimorado - INFO - Detalhes adicionados com sucesso
