2025-11-16 10:58:23,869 - sistema - logger_config - INFO - Sistema de logging inicializado
2025-11-16 10:58:23,885 - sistema_relatorios - logger_config - INFO - Usuário alterado para: sistema_relatorios
2025-11-16 10:58:23,885 - sistema_relatorios - relatorios_interface - INFO - Sistema de relatórios inicializando usando logger configurado
2025-11-16 10:58:23,885 - sistema_relatorios - relatorios_interface - INFO - Configurações de janela importadas com sucesso
2025-11-16 10:58:23,885 - sistema_relatorios - relatorios_interface - INFO - === Sistema de Relatórios Inicializando ===
2025-11-16 11:00:09,237 - sistema_relatorios - logger_config - INFO - Iniciando: Carregar configurações
2025-11-16 11:00:09,283 - sistema_relatorios - logger_config - INFO - Concluído: Carregar configurações
2025-11-16 11:00:09,283 - sistema_relatorios - logger_config - INFO - Iniciando: Carregar configurações
2025-11-16 11:00:09,303 - sistema_relatorios - logger_config - INFO - Concluído: Carregar configurações
2025-11-16 11:00:09,333 - sistema_relatorios - Sistema_Entrada_Dados - INFO - Proteções contra perda de dados configuradas
2025-11-16 11:00:15,037 - sistema_relatorios - Sistema_Entrada_Dados - INFO - Cliente selecionado com sucesso: GILMAR ALMEIDA PORTUGAL
2025-11-16 11:13:34,316 - sistema - logger_config - INFO - Sistema de logging inicializado
2025-11-16 11:13:34,316 - sistema_relatorios - logger_config - INFO - Usuário alterado para: sistema_relatorios
2025-11-16 11:13:34,316 - sistema_relatorios - relatorios_interface - INFO - Sistema de relatórios inicializando usando logger configurado
2025-11-16 11:13:34,316 - sistema_relatorios - relatorios_interface - INFO - Configurações de janela importadas com sucesso
2025-11-16 11:13:34,316 - sistema_relatorios - relatorios_interface - INFO - === Sistema de Relatórios Inicializando ===
2025-11-16 11:13:44,664 - sistema_relatorios - logger_config - INFO - Iniciando: Carregar configurações
2025-11-16 11:13:44,664 - sistema_relatorios - logger_config - INFO - Concluído: Carregar configurações
2025-11-16 11:13:44,664 - sistema_relatorios - logger_config - INFO - Iniciando: Carregar configurações
2025-11-16 11:13:44,664 - sistema_relatorios - logger_config - INFO - Concluído: Carregar configurações
2025-11-16 11:13:44,689 - sistema_relatorios - Sistema_Entrada_Dados - INFO - Proteções contra perda de dados configuradas
2025-11-16 11:13:48,335 - sistema_relatorios - Sistema_Entrada_Dados - INFO - Cliente selecionado com sucesso: GILMAR ALMEIDA PORTUGAL
