2025-11-13 13:51:06,450 - sistema - logger_config - INFO - Sistema de logging inicializado
2025-11-13 13:51:06,450 - sistema_relatorios - logger_config - INFO - Usuário alterado para: sistema_relatorios
2025-11-13 13:51:06,450 - sistema_relatorios - relatorios_interface - INFO - Sistema de relatórios inicializando usando logger configurado
2025-11-13 13:51:06,450 - sistema_relatorios - relatorios_interface - INFO - Configurações de janela importadas com sucesso
2025-11-13 13:51:06,450 - sistema_relatorios - relatorios_interface - INFO - === Sistema de Relatórios Inicializando ===
2025-11-13 13:51:12,309 - sistema_relatorios - logger_config - INFO - Iniciando: Carregar configurações
2025-11-13 13:51:12,338 - sistema_relatorios - logger_config - INFO - Concluído: Carregar configurações
2025-11-13 13:51:12,338 - sistema_relatorios - logger_config - INFO - Iniciando: Carregar configurações
2025-11-13 13:51:12,338 - sistema_relatorios - logger_config - INFO - Concluído: Carregar configurações
2025-11-13 13:51:12,357 - sistema_relatorios - Sistema_Entrada_Dados - INFO - Proteções contra perda de dados configuradas
2025-11-13 13:51:17,937 - sistema_relatorios - Sistema_Entrada_Dados - INFO - Cliente selecionado com sucesso: RONALDO ROLIM DE OLIVEIRA
2025-11-13 13:59:17,730 - sistema - logger_config - INFO - Sistema de logging inicializado
2025-11-13 13:59:17,780 - sistema_relatorios - logger_config - INFO - Usuário alterado para: sistema_relatorios
2025-11-13 13:59:17,782 - sistema_relatorios - relatorios_interface - INFO - Sistema de relatórios inicializando usando logger configurado
2025-11-13 13:59:17,787 - sistema_relatorios - relatorios_interface - INFO - Configurações de janela importadas com sucesso
2025-11-13 13:59:17,790 - sistema_relatorios - relatorios_interface - INFO - === Sistema de Relatórios Inicializando ===
2025-11-13 13:59:22,822 - sistema_relatorios - logger_config - INFO - Iniciando: Carregar configurações
2025-11-13 13:59:22,822 - sistema_relatorios - logger_config - INFO - Concluído: Carregar configurações
2025-11-13 13:59:22,838 - sistema_relatorios - logger_config - INFO - Iniciando: Carregar configurações
2025-11-13 13:59:22,838 - sistema_relatorios - logger_config - INFO - Concluído: Carregar configurações
2025-11-13 13:59:22,850 - sistema_relatorios - Sistema_Entrada_Dados - INFO - Proteções contra perda de dados configuradas
2025-11-13 13:59:35,057 - sistema_relatorios - Sistema_Entrada_Dados - INFO - Cliente selecionado com sucesso: RONALDO ROLIM DE OLIVEIRA
2025-11-13 14:52:41,357 - sistema - logger_config - INFO - Sistema de logging inicializado
2025-11-13 14:52:41,357 - sistema_relatorios - logger_config - INFO - Usuário alterado para: sistema_relatorios
2025-11-13 14:52:41,357 - sistema_relatorios - relatorios_interface - INFO - Sistema de relatórios inicializando usando logger configurado
2025-11-13 14:52:41,357 - sistema_relatorios - relatorios_interface - INFO - Configurações de janela importadas com sucesso
2025-11-13 14:52:41,357 - sistema_relatorios - relatorios_interface - INFO - === Sistema de Relatórios Inicializando ===
2025-11-13 14:52:46,117 - sistema_relatorios - logger_config - INFO - Iniciando: Carregar configurações
2025-11-13 14:52:46,121 - sistema_relatorios - logger_config - INFO - Concluído: Carregar configurações
2025-11-13 14:52:46,125 - sistema_relatorios - logger_config - INFO - Iniciando: Carregar configurações
2025-11-13 14:52:46,128 - sistema_relatorios - logger_config - INFO - Concluído: Carregar configurações
2025-11-13 14:52:46,150 - sistema_relatorios - Sistema_Entrada_Dados - INFO - Proteções contra perda de dados configuradas
2025-11-13 14:52:53,389 - sistema_relatorios - Sistema_Entrada_Dados - INFO - Cliente selecionado com sucesso: RONALDO ROLIM DE OLIVEIRA
2025-11-13 14:53:12,028 - sistema_relatorios - logger_config - INFO - Iniciando: Carregar configurações
2025-11-13 14:53:12,032 - sistema_relatorios - logger_config - INFO - Concluído: Carregar configurações
2025-11-13 14:53:57,870 - sistema_relatorios - Sistema_Entrada_Dados - INFO - Iniciando envio de dados - Cliente: RONALDO ROLIM DE OLIVEIRA, Registros: 4
2025-11-13 14:53:57,870 - sistema_relatorios - Sistema_Entrada_Dados - INFO - Obtendo dados do visualizador
2025-11-13 14:53:57,870 - sistema_relatorios - Sistema_Entrada_Dados - INFO - Total de registros a processar: 4
2025-11-13 14:53:57,870 - sistema_relatorios - Sistema_Entrada_Dados - INFO - Datas que serão afetadas pela inserção: ['20/11/2025']
2025-11-13 14:53:57,870 - sistema_relatorios - Sistema_Entrada_Dados - INFO - Salvando em: C:\Users\Obras\sistema_gestao_testes\testes\Financeiro\Clientes\RONALDO ROLIM DE OLIVEIRA.xlsx
2025-11-13 14:53:57,870 - sistema_relatorios - Sistema_Entrada_Dados - INFO - Verificando integridade dos IDs antes da inserção
2025-11-13 14:54:00,660 - sistema_relatorios - Sistema_Entrada_Dados - ERROR - 🔍 MÉTODO DE VERIFICAÇÃO FOI CHAMADO!
2025-11-13 14:54:00,660 - sistema_relatorios - Sistema_Entrada_Dados - INFO - === INICIANDO VERIFICAÇÃO DE DUPLICIDADE ===
2025-11-13 14:54:00,660 - sistema_relatorios - Sistema_Entrada_Dados - INFO - Dados novos: DAVID ROMUALDO DE SOUZA | SALÁRIO | NF:  | R$ 1493.80 | 06/11/2025
2025-11-13 14:54:00,933 - sistema_relatorios - Sistema_Entrada_Dados - INFO - ✅ Nenhuma duplicata encontrada para: DAVID ROMUALDO DE SOUZA - SALÁRIO - NF: 
2025-11-13 14:54:00,933 - sistema_relatorios - Sistema_Entrada_Dados - ERROR - 🔍 MÉTODO DE VERIFICAÇÃO FOI CHAMADO!
2025-11-13 14:54:00,933 - sistema_relatorios - Sistema_Entrada_Dados - INFO - === INICIANDO VERIFICAÇÃO DE DUPLICIDADE ===
2025-11-13 14:54:00,933 - sistema_relatorios - Sistema_Entrada_Dados - INFO - Dados novos: ELENALTO ANTONIO DE ASSIS | SALÁRIO | NF:  | R$ 1493.80 | 06/11/2025
2025-11-13 14:54:01,087 - sistema_relatorios - Sistema_Entrada_Dados - INFO - ✅ Nenhuma duplicata encontrada para: ELENALTO ANTONIO DE ASSIS - SALÁRIO - NF: 
2025-11-13 14:54:01,087 - sistema_relatorios - Sistema_Entrada_Dados - ERROR - 🔍 MÉTODO DE VERIFICAÇÃO FOI CHAMADO!
2025-11-13 14:54:01,087 - sistema_relatorios - Sistema_Entrada_Dados - INFO - === INICIANDO VERIFICAÇÃO DE DUPLICIDADE ===
2025-11-13 14:54:01,087 - sistema_relatorios - Sistema_Entrada_Dados - INFO - Dados novos: HELIO ROMUALDO DOS ANJOS | SALÁRIO | NF:  | R$ 2371.87 | 06/11/2025
2025-11-13 14:54:01,238 - sistema_relatorios - Sistema_Entrada_Dados - INFO - ✅ Nenhuma duplicata encontrada para: HELIO ROMUALDO DOS ANJOS - SALÁRIO - NF: 
2025-11-13 14:54:01,238 - sistema_relatorios - Sistema_Entrada_Dados - ERROR - 🔍 MÉTODO DE VERIFICAÇÃO FOI CHAMADO!
2025-11-13 14:54:01,238 - sistema_relatorios - Sistema_Entrada_Dados - INFO - === INICIANDO VERIFICAÇÃO DE DUPLICIDADE ===
2025-11-13 14:54:01,238 - sistema_relatorios - Sistema_Entrada_Dados - INFO - Dados novos: JOSE ANGELO FERREIRA | SALÁRIO | NF:  | R$ 966.27 | 06/11/2025
2025-11-13 14:54:01,418 - sistema_relatorios - Sistema_Entrada_Dados - INFO - ✅ Nenhuma duplicata encontrada para: JOSE ANGELO FERREIRA - SALÁRIO - NF: 
2025-11-13 14:54:01,440 - sistema_relatorios - Sistema_Entrada_Dados - INFO - Lançamento inserido com ID 3359 na linha 3360
2025-11-13 14:54:01,464 - sistema_relatorios - Sistema_Entrada_Dados - INFO - Lançamento inserido com ID 3360 na linha 3361
2025-11-13 14:54:01,490 - sistema_relatorios - Sistema_Entrada_Dados - INFO - Lançamento inserido com ID 3361 na linha 3362
2025-11-13 14:54:01,509 - sistema_relatorios - Sistema_Entrada_Dados - INFO - Lançamento inserido com ID 3362 na linha 3363
2025-11-13 14:54:02,969 - sistema_relatorios - Sistema_Entrada_Dados - INFO - Iniciando verificação de recálculo para 1 datas
2025-11-13 14:54:03,472 - sistema_relatorios - Sistema_Entrada_Dados - INFO - Verificando necessidade de recálculo para 2025-11-20
2025-11-13 14:54:03,472 - sistema_relatorios - Sistema_Entrada_Dados - ERROR - Erro ao verificar recálculo para 2025-11-20: 'SistemaEntradaDados' object has no attribute 'chamar_apos_operacao_lancamento'
2025-11-13 14:54:05,590 - sistema_relatorios - Sistema_Entrada_Dados - INFO - Limpando 4 registros salvos da visualização
2025-11-13 14:54:05,608 - sistema_relatorios - Sistema_Entrada_Dados - INFO - Visualizador fechado - todos os registros foram processados
2025-11-13 14:54:05,609 - sistema_relatorios - Sistema_Entrada_Dados - INFO - Dados salvos removidos com sucesso da visualização
2025-11-13 15:02:33,095 - sistema - logger_config - INFO - Sistema de logging inicializado
2025-11-13 15:02:33,096 - sistema_relatorios - logger_config - INFO - Usuário alterado para: sistema_relatorios
2025-11-13 15:02:33,097 - sistema_relatorios - relatorios_interface - INFO - Sistema de relatórios inicializando usando logger configurado
2025-11-13 15:02:33,097 - sistema_relatorios - relatorios_interface - INFO - Configurações de janela importadas com sucesso
2025-11-13 15:02:33,099 - sistema_relatorios - relatorios_interface - INFO - === Sistema de Relatórios Inicializando ===
2025-11-13 15:02:35,011 - sistema_relatorios - logger_config - INFO - Iniciando: Carregar configurações
2025-11-13 15:02:35,011 - sistema_relatorios - logger_config - INFO - Concluído: Carregar configurações
2025-11-13 15:02:35,011 - sistema_relatorios - logger_config - INFO - Iniciando: Carregar configurações
2025-11-13 15:02:35,011 - sistema_relatorios - logger_config - INFO - Concluído: Carregar configurações
2025-11-13 15:02:35,039 - sistema_relatorios - Sistema_Entrada_Dados - INFO - Proteções contra perda de dados configuradas
2025-11-13 15:02:53,940 - sistema_relatorios - Sistema_Entrada_Dados - INFO - Cliente selecionado com sucesso: RONALDO ROLIM DE OLIVEIRA
2025-11-13 15:05:11,690 - sistema_relatorios - Sistema_Entrada_Dados - INFO - Cliente selecionado com sucesso: RONALDO ROLIM DE OLIVEIRA
2025-11-13 15:05:13,250 - sistema_relatorios - Sistema_Entrada_Dados - INFO - Cliente selecionado com sucesso: RONALDO ROLIM DE OLIVEIRA
2025-11-13 15:05:29,850 - sistema_relatorios - logger_config - INFO - Iniciando: Carregar configurações
2025-11-13 15:05:29,852 - sistema_relatorios - logger_config - INFO - Concluído: Carregar configurações
2025-11-13 15:19:42,956 - sistema - logger_config - INFO - Sistema de logging inicializado
2025-11-13 15:19:42,956 - sistema_relatorios - logger_config - INFO - Usuário alterado para: sistema_relatorios
2025-11-13 15:19:42,956 - sistema_relatorios - relatorios_interface - INFO - Sistema de relatórios inicializando usando logger configurado
2025-11-13 15:19:42,956 - sistema_relatorios - relatorios_interface - INFO - Configurações de janela importadas com sucesso
2025-11-13 15:19:42,956 - sistema_relatorios - relatorios_interface - INFO - === Sistema de Relatórios Inicializando ===
2025-11-13 15:19:48,031 - sistema_relatorios - logger_config - INFO - Iniciando: Carregar configurações
2025-11-13 15:19:48,031 - sistema_relatorios - logger_config - INFO - Concluído: Carregar configurações
2025-11-13 15:19:48,039 - sistema_relatorios - logger_config - INFO - Iniciando: Carregar configurações
2025-11-13 15:19:48,040 - sistema_relatorios - logger_config - INFO - Concluído: Carregar configurações
2025-11-13 15:19:48,049 - sistema_relatorios - Sistema_Entrada_Dados - INFO - Proteções contra perda de dados configuradas
2025-11-13 15:19:56,953 - sistema_relatorios - Sistema_Entrada_Dados - INFO - Cliente selecionado com sucesso: RONALDO ROLIM DE OLIVEIRA
2025-11-13 15:20:06,989 - sistema_relatorios - logger_config - INFO - Iniciando: Carregar configurações
2025-11-13 15:20:07,006 - sistema_relatorios - logger_config - INFO - Concluído: Carregar configurações
2025-11-13 15:26:21,003 - sistema - logger_config - INFO - Sistema de logging inicializado
2025-11-13 15:26:21,003 - sistema_relatorios - logger_config - INFO - Usuário alterado para: sistema_relatorios
2025-11-13 15:26:21,003 - sistema_relatorios - relatorios_interface - INFO - Sistema de relatórios inicializando usando logger configurado
2025-11-13 15:26:21,003 - sistema_relatorios - relatorios_interface - INFO - Configurações de janela importadas com sucesso
2025-11-13 15:26:21,003 - sistema_relatorios - relatorios_interface - INFO - === Sistema de Relatórios Inicializando ===
2025-11-13 15:26:25,643 - sistema_relatorios - logger_config - INFO - Iniciando: Carregar configurações
2025-11-13 15:26:25,643 - sistema_relatorios - logger_config - INFO - Concluído: Carregar configurações
2025-11-13 15:26:25,643 - sistema_relatorios - logger_config - INFO - Iniciando: Carregar configurações
2025-11-13 15:26:25,643 - sistema_relatorios - logger_config - INFO - Concluído: Carregar configurações
2025-11-13 15:26:25,667 - sistema_relatorios - Sistema_Entrada_Dados - INFO - Proteções contra perda de dados configuradas
2025-11-13 15:26:31,181 - sistema_relatorios - Sistema_Entrada_Dados - INFO - Cliente selecionado com sucesso: RONALDO ROLIM DE OLIVEIRA
2025-11-13 15:26:40,952 - sistema_relatorios - logger_config - INFO - Iniciando: Carregar configurações
2025-11-13 15:26:40,967 - sistema_relatorios - logger_config - INFO - Concluído: Carregar configurações
2025-11-13 16:40:20,401 - sistema - logger_config - INFO - Sistema de logging inicializado
2025-11-13 16:40:20,403 - sistema_relatorios - logger_config - INFO - Usuário alterado para: sistema_relatorios
2025-11-13 16:40:20,404 - sistema_relatorios - relatorios_interface - INFO - Sistema de relatórios inicializando usando logger configurado
2025-11-13 16:40:20,405 - sistema_relatorios - relatorios_interface - INFO - Configurações de janela importadas com sucesso
2025-11-13 16:40:20,405 - sistema_relatorios - relatorios_interface - INFO - === Sistema de Relatórios Inicializando ===
2025-11-13 16:40:25,788 - sistema_relatorios - logger_config - INFO - Iniciando: Carregar configurações
2025-11-13 16:40:25,804 - sistema_relatorios - logger_config - INFO - Concluído: Carregar configurações
2025-11-13 16:40:25,804 - sistema_relatorios - logger_config - INFO - Iniciando: Carregar configurações
2025-11-13 16:40:25,812 - sistema_relatorios - logger_config - INFO - Concluído: Carregar configurações
2025-11-13 16:40:25,823 - sistema_relatorios - Sistema_Entrada_Dados - INFO - Proteções contra perda de dados configuradas
2025-11-13 16:40:33,589 - sistema_relatorios - Sistema_Entrada_Dados - INFO - Cliente selecionado com sucesso: RONALDO ROLIM DE OLIVEIRA
2025-11-13 16:40:42,582 - sistema_relatorios - logger_config - INFO - Iniciando: Carregar configurações
2025-11-13 16:40:42,582 - sistema_relatorios - logger_config - INFO - Concluído: Carregar configurações
2025-11-13 16:42:56,842 - sistema_relatorios - logger_config - INFO - Iniciando: Carregar configurações
2025-11-13 16:42:56,842 - sistema_relatorios - logger_config - INFO - Concluído: Carregar configurações
2025-11-13 17:01:23,618 - sistema - logger_config - INFO - Sistema de logging inicializado
2025-11-13 17:01:23,618 - sistema_relatorios - logger_config - INFO - Usuário alterado para: sistema_relatorios
2025-11-13 17:01:23,618 - sistema_relatorios - relatorios_interface - INFO - Sistema de relatórios inicializando usando logger configurado
2025-11-13 17:01:23,637 - sistema_relatorios - relatorios_interface - INFO - Configurações de janela importadas com sucesso
2025-11-13 17:01:23,639 - sistema_relatorios - relatorios_interface - INFO - === Sistema de Relatórios Inicializando ===
2025-11-13 17:01:28,910 - sistema_relatorios - logger_config - INFO - Iniciando: Carregar configurações
2025-11-13 17:01:28,910 - sistema_relatorios - logger_config - INFO - Concluído: Carregar configurações
2025-11-13 17:01:28,910 - sistema_relatorios - logger_config - INFO - Iniciando: Carregar configurações
2025-11-13 17:01:28,910 - sistema_relatorios - logger_config - INFO - Concluído: Carregar configurações
2025-11-13 17:01:28,933 - sistema_relatorios - Sistema_Entrada_Dados - INFO - Proteções contra perda de dados configuradas
2025-11-13 17:01:37,228 - sistema_relatorios - Sistema_Entrada_Dados - INFO - Cliente selecionado com sucesso: RONALDO ROLIM DE OLIVEIRA
2025-11-13 17:01:45,435 - sistema_relatorios - logger_config - INFO - Iniciando: Carregar configurações
2025-11-13 17:01:45,435 - sistema_relatorios - logger_config - INFO - Concluído: Carregar configurações
2025-11-13 17:02:13,768 - sistema_relatorios - Sistema_Entrada_Dados - INFO - Iniciando envio de dados - Cliente: RONALDO ROLIM DE OLIVEIRA, Registros: 4
2025-11-13 17:02:13,768 - sistema_relatorios - Sistema_Entrada_Dados - INFO - Obtendo dados do visualizador
2025-11-13 17:02:13,768 - sistema_relatorios - Sistema_Entrada_Dados - INFO - Total de registros a processar: 4
2025-11-13 17:02:13,768 - sistema_relatorios - Sistema_Entrada_Dados - INFO - Datas que serão afetadas pela inserção: ['20/11/2025']
2025-11-13 17:02:13,783 - sistema_relatorios - Sistema_Entrada_Dados - INFO - Salvando em: C:\Users\Obras\sistema_gestao_testes\testes\Financeiro\Clientes\RONALDO ROLIM DE OLIVEIRA.xlsx
2025-11-13 17:02:13,783 - sistema_relatorios - Sistema_Entrada_Dados - INFO - Verificando integridade dos IDs antes da inserção
2025-11-13 17:02:16,461 - sistema_relatorios - Sistema_Entrada_Dados - ERROR - 🔍 MÉTODO DE VERIFICAÇÃO FOI CHAMADO!
2025-11-13 17:02:16,461 - sistema_relatorios - Sistema_Entrada_Dados - INFO - === INICIANDO VERIFICAÇÃO DE DUPLICIDADE ===
2025-11-13 17:02:16,461 - sistema_relatorios - Sistema_Entrada_Dados - INFO - Dados novos: DAVID ROMUALDO DE SOUZA | SALÁRIO | NF:  | R$ 1493.80 | 06/11/2025
2025-11-13 17:02:16,660 - sistema_relatorios - Sistema_Entrada_Dados - ERROR - 🚨 DUPLICATA PROVÁVEL DETECTADA (Critério: Fornecedor+Valor+Data+Referência Similar)!
2025-11-13 17:02:16,660 - sistema_relatorios - Sistema_Entrada_Dados - ERROR -    Nome: DAVID ROMUALDO DE SOUZA
2025-11-13 17:02:16,660 - sistema_relatorios - Sistema_Entrada_Dados - ERROR -    Referência nova: 'SALÁRIO'
2025-11-13 17:02:16,660 - sistema_relatorios - Sistema_Entrada_Dados - ERROR -    Referência existente: 'SALÁRIO'
2025-11-13 17:02:16,660 - sistema_relatorios - Sistema_Entrada_Dados - ERROR -    Similaridade: 90.00%
2025-11-13 17:02:16,660 - sistema_relatorios - Sistema_Entrada_Dados - ERROR -    Valor: R$ 1493.80
2025-11-13 17:02:16,660 - sistema_relatorios - Sistema_Entrada_Dados - ERROR -    Vencimento: 06/11/2025
2025-11-13 17:02:16,660 - sistema_relatorios - Sistema_Entrada_Dados - ERROR -    NF nova: '' | NF existente: ''
2025-11-13 17:02:16,660 - sistema_relatorios - Sistema_Entrada_Dados - ERROR -    Linha existente: 3360
2025-11-13 17:02:16,660 - sistema_relatorios - Sistema_Entrada_Dados - WARNING - Duplicata detectada: DAVID ROMUALDO DE SOUZA - SALÁRIO - R$ 1493.80
2025-11-13 17:02:16,676 - sistema_relatorios - Sistema_Entrada_Dados - ERROR - 🔍 MÉTODO DE VERIFICAÇÃO FOI CHAMADO!
2025-11-13 17:02:16,677 - sistema_relatorios - Sistema_Entrada_Dados - INFO - === INICIANDO VERIFICAÇÃO DE DUPLICIDADE ===
2025-11-13 17:02:16,678 - sistema_relatorios - Sistema_Entrada_Dados - INFO - Dados novos: ELENALTO ANTONIO DE ASSIS | SALÁRIO | NF:  | R$ 1493.80 | 06/11/2025
2025-11-13 17:02:16,829 - sistema_relatorios - Sistema_Entrada_Dados - ERROR - 🚨 DUPLICATA PROVÁVEL DETECTADA (Critério: Fornecedor+Valor+Data+Referência Similar)!
2025-11-13 17:02:16,829 - sistema_relatorios - Sistema_Entrada_Dados - ERROR -    Nome: ELENALTO ANTONIO DE ASSIS
2025-11-13 17:02:16,829 - sistema_relatorios - Sistema_Entrada_Dados - ERROR -    Referência nova: 'SALÁRIO'
2025-11-13 17:02:16,829 - sistema_relatorios - Sistema_Entrada_Dados - ERROR -    Referência existente: 'SALÁRIO'
2025-11-13 17:02:16,829 - sistema_relatorios - Sistema_Entrada_Dados - ERROR -    Similaridade: 90.00%
2025-11-13 17:02:16,829 - sistema_relatorios - Sistema_Entrada_Dados - ERROR -    Valor: R$ 1493.80
2025-11-13 17:02:16,829 - sistema_relatorios - Sistema_Entrada_Dados - ERROR -    Vencimento: 06/11/2025
2025-11-13 17:02:16,829 - sistema_relatorios - Sistema_Entrada_Dados - ERROR -    NF nova: '' | NF existente: ''
2025-11-13 17:02:16,829 - sistema_relatorios - Sistema_Entrada_Dados - ERROR -    Linha existente: 3361
2025-11-13 17:02:16,829 - sistema_relatorios - Sistema_Entrada_Dados - WARNING - Duplicata detectada: ELENALTO ANTONIO DE ASSIS - SALÁRIO - R$ 1493.80
2025-11-13 17:02:16,840 - sistema_relatorios - Sistema_Entrada_Dados - ERROR - 🔍 MÉTODO DE VERIFICAÇÃO FOI CHAMADO!
2025-11-13 17:02:16,841 - sistema_relatorios - Sistema_Entrada_Dados - INFO - === INICIANDO VERIFICAÇÃO DE DUPLICIDADE ===
2025-11-13 17:02:16,842 - sistema_relatorios - Sistema_Entrada_Dados - INFO - Dados novos: HELIO ROMUALDO DOS ANJOS | SALÁRIO | NF:  | R$ 2371.87 | 06/11/2025
2025-11-13 17:02:16,996 - sistema_relatorios - Sistema_Entrada_Dados - ERROR - 🚨 DUPLICATA PROVÁVEL DETECTADA (Critério: Fornecedor+Valor+Data+Referência Similar)!
2025-11-13 17:02:16,996 - sistema_relatorios - Sistema_Entrada_Dados - ERROR -    Nome: HELIO ROMUALDO DOS ANJOS
2025-11-13 17:02:16,996 - sistema_relatorios - Sistema_Entrada_Dados - ERROR -    Referência nova: 'SALÁRIO'
2025-11-13 17:02:16,996 - sistema_relatorios - Sistema_Entrada_Dados - ERROR -    Referência existente: 'SALÁRIO'
2025-11-13 17:02:16,996 - sistema_relatorios - Sistema_Entrada_Dados - ERROR -    Similaridade: 90.00%
2025-11-13 17:02:16,996 - sistema_relatorios - Sistema_Entrada_Dados - ERROR -    Valor: R$ 2371.87
2025-11-13 17:02:16,996 - sistema_relatorios - Sistema_Entrada_Dados - ERROR -    Vencimento: 06/11/2025
2025-11-13 17:02:16,996 - sistema_relatorios - Sistema_Entrada_Dados - ERROR -    NF nova: '' | NF existente: ''
2025-11-13 17:02:16,996 - sistema_relatorios - Sistema_Entrada_Dados - ERROR -    Linha existente: 3362
2025-11-13 17:02:16,996 - sistema_relatorios - Sistema_Entrada_Dados - WARNING - Duplicata detectada: HELIO ROMUALDO DOS ANJOS - SALÁRIO - R$ 2371.87
2025-11-13 17:02:17,007 - sistema_relatorios - Sistema_Entrada_Dados - ERROR - 🔍 MÉTODO DE VERIFICAÇÃO FOI CHAMADO!
2025-11-13 17:02:17,008 - sistema_relatorios - Sistema_Entrada_Dados - INFO - === INICIANDO VERIFICAÇÃO DE DUPLICIDADE ===
2025-11-13 17:02:17,009 - sistema_relatorios - Sistema_Entrada_Dados - INFO - Dados novos: JOSE ANGELO FERREIRA | SALÁRIO | NF:  | R$ 966.27 | 06/11/2025
2025-11-13 17:02:17,164 - sistema_relatorios - Sistema_Entrada_Dados - ERROR - 🚨 DUPLICATA PROVÁVEL DETECTADA (Critério: Fornecedor+Valor+Data+Referência Similar)!
2025-11-13 17:02:17,164 - sistema_relatorios - Sistema_Entrada_Dados - ERROR -    Nome: JOSE ANGELO FERREIRA
2025-11-13 17:02:17,164 - sistema_relatorios - Sistema_Entrada_Dados - ERROR -    Referência nova: 'SALÁRIO'
2025-11-13 17:02:17,164 - sistema_relatorios - Sistema_Entrada_Dados - ERROR -    Referência existente: 'SALÁRIO'
2025-11-13 17:02:17,164 - sistema_relatorios - Sistema_Entrada_Dados - ERROR -    Similaridade: 90.00%
2025-11-13 17:02:17,164 - sistema_relatorios - Sistema_Entrada_Dados - ERROR -    Valor: R$ 966.27
2025-11-13 17:02:17,164 - sistema_relatorios - Sistema_Entrada_Dados - ERROR -    Vencimento: 06/11/2025
2025-11-13 17:02:17,164 - sistema_relatorios - Sistema_Entrada_Dados - ERROR -    NF nova: '' | NF existente: ''
2025-11-13 17:02:17,164 - sistema_relatorios - Sistema_Entrada_Dados - ERROR -    Linha existente: 3363
2025-11-13 17:02:17,164 - sistema_relatorios - Sistema_Entrada_Dados - WARNING - Duplicata detectada: JOSE ANGELO FERREIRA - SALÁRIO - R$ 966.27
2025-11-13 17:02:17,164 - sistema_relatorios - Sistema_Entrada_Dados - WARNING - Detectados 4 possíveis lançamentos duplicados
2025-11-13 17:02:31,806 - sistema_relatorios - Sistema_Entrada_Dados - INFO - Usuário optou por manter lançamentos para revisão
2025-11-13 17:06:28,954 - sistema_relatorios - Sistema_Entrada_Dados - INFO - Iniciando envio de dados - Cliente: RONALDO ROLIM DE OLIVEIRA, Registros: 2
2025-11-13 17:06:28,954 - sistema_relatorios - Sistema_Entrada_Dados - INFO - Obtendo dados do visualizador
2025-11-13 17:06:28,954 - sistema_relatorios - Sistema_Entrada_Dados - INFO - Total de registros a processar: 2
2025-11-13 17:06:28,954 - sistema_relatorios - Sistema_Entrada_Dados - INFO - Datas que serão afetadas pela inserção: ['20/11/2025']
2025-11-13 17:06:28,954 - sistema_relatorios - Sistema_Entrada_Dados - INFO - Salvando em: C:\Users\Obras\sistema_gestao_testes\testes\Financeiro\Clientes\RONALDO ROLIM DE OLIVEIRA.xlsx
2025-11-13 17:06:28,954 - sistema_relatorios - Sistema_Entrada_Dados - INFO - Verificando integridade dos IDs antes da inserção
2025-11-13 17:06:31,797 - sistema_relatorios - Sistema_Entrada_Dados - ERROR - 🔍 MÉTODO DE VERIFICAÇÃO FOI CHAMADO!
2025-11-13 17:06:31,797 - sistema_relatorios - Sistema_Entrada_Dados - INFO - === INICIANDO VERIFICAÇÃO DE DUPLICIDADE ===
2025-11-13 17:06:31,797 - sistema_relatorios - Sistema_Entrada_Dados - INFO - Dados novos: DAVID ROMUALDO DE SOUZA | SALÁRIO | NF:  | R$ 1493.85 | 06/11/2025
2025-11-13 17:06:31,994 - sistema_relatorios - Sistema_Entrada_Dados - INFO - ✅ Nenhuma duplicata encontrada para: DAVID ROMUALDO DE SOUZA - SALÁRIO - NF: 
2025-11-13 17:06:31,994 - sistema_relatorios - Sistema_Entrada_Dados - ERROR - 🔍 MÉTODO DE VERIFICAÇÃO FOI CHAMADO!
2025-11-13 17:06:31,994 - sistema_relatorios - Sistema_Entrada_Dados - INFO - === INICIANDO VERIFICAÇÃO DE DUPLICIDADE ===
2025-11-13 17:06:31,994 - sistema_relatorios - Sistema_Entrada_Dados - INFO - Dados novos: JOSE ANGELO FERREIRA | SALÁRIO | NF:  | R$ 966.30 | 06/11/2025
2025-11-13 17:06:32,159 - sistema_relatorios - Sistema_Entrada_Dados - INFO - ✅ Nenhuma duplicata encontrada para: JOSE ANGELO FERREIRA - SALÁRIO - NF: 
2025-11-13 17:06:32,179 - sistema_relatorios - Sistema_Entrada_Dados - INFO - Lançamento inserido com ID 3363 na linha 3364
2025-11-13 17:06:32,199 - sistema_relatorios - Sistema_Entrada_Dados - INFO - Lançamento inserido com ID 3364 na linha 3365
2025-11-13 17:06:33,672 - sistema_relatorios - Sistema_Entrada_Dados - INFO - Iniciando verificação de recálculo para 1 datas
2025-11-13 17:06:34,186 - sistema_relatorios - Sistema_Entrada_Dados - INFO - Verificando necessidade de recálculo para 2025-11-20
2025-11-13 17:06:34,186 - sistema_relatorios - Sistema_Entrada_Dados - ERROR - Erro ao verificar recálculo para 2025-11-20: 'SistemaEntradaDados' object has no attribute 'chamar_apos_operacao_lancamento'
2025-11-13 17:06:38,589 - sistema_relatorios - Sistema_Entrada_Dados - INFO - Limpando 2 registros salvos da visualização
2025-11-13 17:06:38,612 - sistema_relatorios - Sistema_Entrada_Dados - INFO - Visualizador fechado - todos os registros foram processados
2025-11-13 17:06:38,617 - sistema_relatorios - Sistema_Entrada_Dados - INFO - Dados salvos removidos com sucesso da visualização
2025-11-13 17:20:28,002 - sistema - logger_config - INFO - Sistema de logging inicializado
2025-11-13 17:20:28,002 - sistema_relatorios - logger_config - INFO - Usuário alterado para: sistema_relatorios
2025-11-13 17:20:28,002 - sistema_relatorios - relatorios_interface - INFO - Sistema de relatórios inicializando usando logger configurado
2025-11-13 17:20:28,002 - sistema_relatorios - relatorios_interface - INFO - Configurações de janela importadas com sucesso
2025-11-13 17:20:28,002 - sistema_relatorios - relatorios_interface - INFO - === Sistema de Relatórios Inicializando ===
2025-11-13 17:20:32,798 - sistema_relatorios - logger_config - INFO - Iniciando: Carregar configurações
2025-11-13 17:20:32,814 - sistema_relatorios - logger_config - INFO - Concluído: Carregar configurações
2025-11-13 17:20:32,814 - sistema_relatorios - logger_config - INFO - Iniciando: Carregar configurações
2025-11-13 17:20:32,814 - sistema_relatorios - logger_config - INFO - Concluído: Carregar configurações
2025-11-13 17:20:32,836 - sistema_relatorios - Sistema_Entrada_Dados - INFO - Proteções contra perda de dados configuradas
2025-11-13 17:20:43,014 - sistema_relatorios - Sistema_Entrada_Dados - INFO - Cliente selecionado com sucesso: RONALDO ROLIM DE OLIVEIRA
2025-11-13 17:20:51,794 - sistema_relatorios - logger_config - INFO - Iniciando: Carregar configurações
2025-11-13 17:20:51,795 - sistema_relatorios - logger_config - INFO - Concluído: Carregar configurações
2025-11-13 17:41:28,371 - sistema - logger_config - INFO - Sistema de logging inicializado
2025-11-13 17:41:28,371 - sistema_relatorios - logger_config - INFO - Usuário alterado para: sistema_relatorios
2025-11-13 17:41:28,371 - sistema_relatorios - relatorios_interface - INFO - Sistema de relatórios inicializando usando logger configurado
2025-11-13 17:41:28,371 - sistema_relatorios - relatorios_interface - INFO - Configurações de janela importadas com sucesso
2025-11-13 17:41:28,378 - sistema_relatorios - relatorios_interface - INFO - === Sistema de Relatórios Inicializando ===
2025-11-13 17:41:34,716 - sistema_relatorios - logger_config - INFO - Iniciando: Carregar configurações
2025-11-13 17:41:34,750 - sistema_relatorios - logger_config - INFO - Concluído: Carregar configurações
2025-11-13 17:41:34,753 - sistema_relatorios - logger_config - INFO - Iniciando: Carregar configurações
2025-11-13 17:41:34,755 - sistema_relatorios - logger_config - INFO - Concluído: Carregar configurações
2025-11-13 17:41:34,762 - sistema_relatorios - Sistema_Entrada_Dados - INFO - Proteções contra perda de dados configuradas
2025-11-13 17:41:37,741 - sistema_relatorios - Sistema_Entrada_Dados - INFO - Cliente selecionado com sucesso: ANA AUGUSTA PIRES COUTINHO
2025-11-13 17:41:37,757 - sistema_relatorios - Sistema_Entrada_Dados - INFO - Cliente selecionado com sucesso: BRUNO SANTANA RINALDI
2025-11-13 17:41:37,806 - sistema_relatorios - Sistema_Entrada_Dados - INFO - Cliente selecionado com sucesso: CLEVER LUIZ SALVADOR
2025-11-13 17:41:40,719 - sistema_relatorios - Sistema_Entrada_Dados - INFO - Cliente selecionado com sucesso: RONALDO ROLIM DE OLIVEIRA
2025-11-13 17:41:48,641 - sistema_relatorios - logger_config - INFO - Iniciando: Carregar configurações
2025-11-13 17:41:48,643 - sistema_relatorios - logger_config - INFO - Concluído: Carregar configurações
2025-11-13 17:50:17,051 - sistema - logger_config - INFO - Sistema de logging inicializado
2025-11-13 17:50:17,065 - sistema_relatorios - logger_config - INFO - Usuário alterado para: sistema_relatorios
2025-11-13 17:50:17,067 - sistema_relatorios - relatorios_interface - INFO - Sistema de relatórios inicializando usando logger configurado
2025-11-13 17:50:17,069 - sistema_relatorios - relatorios_interface - INFO - Configurações de janela importadas com sucesso
2025-11-13 17:50:17,069 - sistema_relatorios - relatorios_interface - INFO - === Sistema de Relatórios Inicializando ===
2025-11-13 17:50:21,620 - sistema_relatorios - logger_config - INFO - Iniciando: Carregar configurações
2025-11-13 17:50:21,620 - sistema_relatorios - logger_config - INFO - Concluído: Carregar configurações
2025-11-13 17:50:21,639 - sistema_relatorios - logger_config - INFO - Iniciando: Carregar configurações
2025-11-13 17:50:21,640 - sistema_relatorios - logger_config - INFO - Concluído: Carregar configurações
2025-11-13 17:50:21,649 - sistema_relatorios - Sistema_Entrada_Dados - INFO - Proteções contra perda de dados configuradas
2025-11-13 17:50:29,209 - sistema_relatorios - Sistema_Entrada_Dados - INFO - Cliente selecionado com sucesso: RONALDO ROLIM DE OLIVEIRA
2025-11-13 17:50:36,221 - sistema_relatorios - logger_config - INFO - Iniciando: Carregar configurações
2025-11-13 17:50:36,221 - sistema_relatorios - logger_config - INFO - Concluído: Carregar configurações
2025-11-13 17:54:47,996 - sistema - logger_config - INFO - Sistema de logging inicializado
2025-11-13 17:54:47,996 - sistema_relatorios - logger_config - INFO - Usuário alterado para: sistema_relatorios
2025-11-13 17:54:47,996 - sistema_relatorios - relatorios_interface - INFO - Sistema de relatórios inicializando usando logger configurado
2025-11-13 17:54:47,996 - sistema_relatorios - relatorios_interface - INFO - Configurações de janela importadas com sucesso
2025-11-13 17:54:48,011 - sistema_relatorios - relatorios_interface - INFO - === Sistema de Relatórios Inicializando ===
2025-11-13 17:54:52,408 - sistema_relatorios - logger_config - INFO - Iniciando: Carregar configurações
2025-11-13 17:54:52,408 - sistema_relatorios - logger_config - INFO - Concluído: Carregar configurações
2025-11-13 17:54:52,408 - sistema_relatorios - logger_config - INFO - Iniciando: Carregar configurações
2025-11-13 17:54:52,408 - sistema_relatorios - logger_config - INFO - Concluído: Carregar configurações
2025-11-13 17:54:52,428 - sistema_relatorios - Sistema_Entrada_Dados - INFO - Proteções contra perda de dados configuradas
2025-11-13 17:54:54,733 - sistema_relatorios - Sistema_Entrada_Dados - INFO - Cliente selecionado com sucesso: ANA AUGUSTA PIRES COUTINHO
2025-11-13 17:56:51,796 - sistema - logger_config - INFO - Sistema de logging inicializado
2025-11-13 17:56:51,796 - sistema_relatorios - logger_config - INFO - Usuário alterado para: sistema_relatorios
2025-11-13 17:56:51,796 - sistema_relatorios - relatorios_interface - INFO - Sistema de relatórios inicializando usando logger configurado
2025-11-13 17:56:51,796 - sistema_relatorios - relatorios_interface - INFO - Configurações de janela importadas com sucesso
2025-11-13 17:56:51,796 - sistema_relatorios - relatorios_interface - INFO - === Sistema de Relatórios Inicializando ===
2025-11-13 17:56:53,488 - sistema_relatorios - logger_config - INFO - Iniciando: Carregar configurações
2025-11-13 17:56:53,488 - sistema_relatorios - logger_config - INFO - Concluído: Carregar configurações
2025-11-13 17:56:53,488 - sistema_relatorios - logger_config - INFO - Iniciando: Carregar configurações
2025-11-13 17:56:53,488 - sistema_relatorios - logger_config - INFO - Concluído: Carregar configurações
2025-11-13 17:56:53,514 - sistema_relatorios - Sistema_Entrada_Dados - INFO - Proteções contra perda de dados configuradas
2025-11-13 17:58:58,900 - sistema - logger_config - INFO - Sistema de logging inicializado
2025-11-13 17:58:58,900 - sistema_relatorios - logger_config - INFO - Usuário alterado para: sistema_relatorios
2025-11-13 17:58:58,900 - sistema_relatorios - relatorios_interface - INFO - Sistema de relatórios inicializando usando logger configurado
2025-11-13 17:58:58,900 - sistema_relatorios - relatorios_interface - INFO - Configurações de janela importadas com sucesso
2025-11-13 17:58:58,900 - sistema_relatorios - relatorios_interface - INFO - === Sistema de Relatórios Inicializando ===
2025-11-13 17:59:00,554 - sistema_relatorios - logger_config - INFO - Iniciando: Carregar configurações
2025-11-13 17:59:00,554 - sistema_relatorios - logger_config - INFO - Concluído: Carregar configurações
2025-11-13 17:59:00,554 - sistema_relatorios - logger_config - INFO - Iniciando: Carregar configurações
2025-11-13 17:59:00,554 - sistema_relatorios - logger_config - INFO - Concluído: Carregar configurações
2025-11-13 17:59:00,579 - sistema_relatorios - Sistema_Entrada_Dados - INFO - Proteções contra perda de dados configuradas
2025-11-13 18:08:54,038 - sistema - logger_config - INFO - Sistema de logging inicializado
2025-11-13 18:08:54,038 - sistema_relatorios - logger_config - INFO - Usuário alterado para: sistema_relatorios
2025-11-13 18:08:54,054 - sistema_relatorios - relatorios_interface - INFO - Sistema de relatórios inicializando usando logger configurado
2025-11-13 18:08:54,054 - sistema_relatorios - relatorios_interface - INFO - Configurações de janela importadas com sucesso
2025-11-13 18:08:54,058 - sistema_relatorios - relatorios_interface - INFO - === Sistema de Relatórios Inicializando ===
2025-11-13 18:08:58,713 - sistema_relatorios - logger_config - INFO - Iniciando: Carregar configurações
2025-11-13 18:08:58,713 - sistema_relatorios - logger_config - INFO - Concluído: Carregar configurações
2025-11-13 18:08:58,713 - sistema_relatorios - logger_config - INFO - Iniciando: Carregar configurações
2025-11-13 18:08:58,713 - sistema_relatorios - logger_config - INFO - Concluído: Carregar configurações
2025-11-13 18:08:58,728 - sistema_relatorios - Sistema_Entrada_Dados - INFO - Proteções contra perda de dados configuradas
2025-11-13 18:59:33,938 - sistema - logger_config - INFO - Sistema de logging inicializado
2025-11-13 19:02:54,144 - sistema - logger_config - INFO - Sistema de logging inicializado
2025-11-13 19:18:53,722 - sistema - logger_config - INFO - Sistema de logging inicializado
2025-11-13 19:18:53,722 - sistema_relatorios - logger_config - INFO - Usuário alterado para: sistema_relatorios
2025-11-13 19:18:53,722 - sistema_relatorios - relatorios_interface - INFO - Sistema de relatórios inicializando usando logger configurado
2025-11-13 19:18:53,722 - sistema_relatorios - relatorios_interface - INFO - Configurações de janela importadas com sucesso
2025-11-13 19:18:53,722 - sistema_relatorios - relatorios_interface - INFO - === Sistema de Relatórios Inicializando ===
2025-11-13 19:18:56,115 - sistema_relatorios - logger_config - INFO - Iniciando: Carregar configurações
2025-11-13 19:18:56,115 - sistema_relatorios - logger_config - INFO - Concluído: Carregar configurações
2025-11-13 19:18:56,131 - sistema_relatorios - logger_config - INFO - Iniciando: Carregar configurações
2025-11-13 19:18:56,131 - sistema_relatorios - logger_config - INFO - Concluído: Carregar configurações
2025-11-13 19:18:56,144 - sistema_relatorios - Sistema_Entrada_Dados - INFO - Proteções contra perda de dados configuradas
2025-11-13 19:18:59,302 - sistema_relatorios - Sistema_Entrada_Dados - INFO - Cliente selecionado com sucesso: BRUNO SANTANA RINALDI
2025-11-13 19:19:03,854 - sistema_relatorios - logger_config - INFO - Iniciando: Carregar configurações
2025-11-13 19:19:03,854 - sistema_relatorios - logger_config - INFO - Concluído: Carregar configurações
2025-11-13 19:20:09,124 - sistema_relatorios - Sistema_Entrada_Dados - INFO - Iniciando adição de dados - Cliente: BRUNO SANTANA RINALDI
2025-11-13 19:20:10,756 - sistema_relatorios - Sistema_Entrada_Dados - INFO - Dados adicionados com sucesso - Cliente: BRUNO SANTANA RINALDI, Total: 1
2025-11-13 19:20:10,756 - sistema_relatorios - Sistema_Entrada_Dados - INFO - Iniciando envio de dados - Cliente: BRUNO SANTANA RINALDI, Registros: 1
2025-11-13 19:20:10,756 - sistema_relatorios - Sistema_Entrada_Dados - INFO - Usando dados_para_incluir existentes
2025-11-13 19:20:10,756 - sistema_relatorios - Sistema_Entrada_Dados - INFO - Total de registros a processar: 1
2025-11-13 19:20:10,766 - sistema_relatorios - Sistema_Entrada_Dados - INFO - Datas que serão afetadas pela inserção: ['20/11/2025']
2025-11-13 19:20:10,766 - sistema_relatorios - Sistema_Entrada_Dados - INFO - Salvando em: C:\Users\Obras\sistema_gestao_testes\testes\Financeiro\Clientes\BRUNO SANTANA RINALDI.xlsx
2025-11-13 19:20:10,766 - sistema_relatorios - Sistema_Entrada_Dados - INFO - Verificando integridade dos IDs antes da inserção
2025-11-13 19:20:11,209 - sistema_relatorios - Sistema_Entrada_Dados - ERROR - 🔍 MÉTODO DE VERIFICAÇÃO FOI CHAMADO!
2025-11-13 19:20:11,209 - sistema_relatorios - Sistema_Entrada_Dados - INFO - === INICIANDO VERIFICAÇÃO DE DUPLICIDADE ===
2025-11-13 19:20:11,209 - sistema_relatorios - Sistema_Entrada_Dados - INFO - Dados novos: MHS EVENTO SST ESOCIAL | MHS EVENTO SST ESOCIAL | NF:  | R$ 344.00 | 20/11/2025
2025-11-13 19:20:11,229 - sistema_relatorios - Sistema_Entrada_Dados - INFO - ✅ Nenhuma duplicata encontrada para: MHS EVENTO SST ESOCIAL - MHS EVENTO SST ESOCIAL - NF: 
2025-11-13 19:20:11,236 - sistema_relatorios - Sistema_Entrada_Dados - INFO - Lançamento inserido com ID 297 na linha 297
2025-11-13 19:20:11,776 - sistema_relatorios - Sistema_Entrada_Dados - INFO - Iniciando verificação de recálculo para 1 datas
2025-11-13 19:20:12,280 - sistema_relatorios - Sistema_Entrada_Dados - INFO - Verificando necessidade de recálculo para 2025-11-20
2025-11-13 19:20:12,280 - sistema_relatorios - Sistema_Entrada_Dados - ERROR - Erro ao verificar recálculo para 2025-11-20: 'SistemaEntradaDados' object has no attribute 'chamar_apos_operacao_lancamento'
2025-11-13 19:20:14,021 - sistema_relatorios - Sistema_Entrada_Dados - INFO - Limpando 1 registros salvos da visualização
2025-11-13 19:20:14,021 - sistema_relatorios - Sistema_Entrada_Dados - INFO - Dados salvos removidos com sucesso da visualização
2025-11-13 19:20:15,945 - sistema_relatorios - logger_config - INFO - Iniciando: Carregar configurações
2025-11-13 19:20:15,945 - sistema_relatorios - logger_config - INFO - Concluído: Carregar configurações
2025-11-13 19:20:38,226 - sistema_relatorios - logger_config - INFO - Iniciando: Carregar configurações
2025-11-13 19:20:38,226 - sistema_relatorios - logger_config - INFO - Concluído: Carregar configurações
2025-11-13 19:20:38,226 - sistema_relatorios - logger_config - INFO - Iniciando: Carregar configurações
2025-11-13 19:20:38,226 - sistema_relatorios - logger_config - INFO - Concluído: Carregar configurações
2025-11-13 19:20:38,226 - sistema_relatorios - logger_config - INFO - Iniciando: Carregar configurações
2025-11-13 19:20:38,226 - sistema_relatorios - logger_config - INFO - Concluído: Carregar configurações
2025-11-13 19:20:38,226 - sistema_relatorios - logger_config - INFO - Iniciando: Carregar configurações
2025-11-13 19:20:38,237 - sistema_relatorios - logger_config - INFO - Concluído: Carregar configurações
2025-11-13 19:24:27,295 - sistema_relatorios - logger_config - INFO - Iniciando: Carregar configurações
2025-11-13 19:24:27,295 - sistema_relatorios - logger_config - INFO - Iniciando: Carregar configurações
2025-11-13 19:24:27,295 - sistema_relatorios - logger_config - INFO - Concluído: Carregar configurações
2025-11-13 19:24:27,295 - sistema_relatorios - logger_config - INFO - Concluído: Carregar configurações
2025-11-13 19:24:27,295 - sistema_relatorios - logger_config - INFO - Iniciando: Carregar configurações
2025-11-13 19:24:27,295 - sistema_relatorios - logger_config - INFO - Concluído: Carregar configurações
2025-11-13 19:24:27,311 - sistema_relatorios - logger_config - INFO - Iniciando: Carregar configurações
2025-11-13 19:24:27,311 - sistema_relatorios - logger_config - INFO - Concluído: Carregar configurações
2025-11-13 19:27:13,048 - sistema_relatorios - logger_config - INFO - Iniciando: Carregar configurações
2025-11-13 19:27:13,064 - sistema_relatorios - logger_config - INFO - Concluído: Carregar configurações
2025-11-13 19:27:33,372 - sistema_relatorios - Sistema_Entrada_Dados - INFO - Iniciando adição de dados - Cliente: BRUNO SANTANA RINALDI
2025-11-13 19:27:34,967 - sistema_relatorios - Sistema_Entrada_Dados - INFO - Dados adicionados com sucesso - Cliente: BRUNO SANTANA RINALDI, Total: 1
2025-11-13 19:27:54,349 - sistema_relatorios - logger_config - INFO - Iniciando: Carregar configurações
2025-11-13 19:27:54,349 - sistema_relatorios - logger_config - INFO - Concluído: Carregar configurações
2025-11-13 19:28:46,650 - sistema_relatorios - Sistema_Entrada_Dados - INFO - Iniciando adição de dados - Cliente: BRUNO SANTANA RINALDI
2025-11-13 19:28:48,753 - sistema_relatorios - Sistema_Entrada_Dados - INFO - Dados adicionados com sucesso - Cliente: BRUNO SANTANA RINALDI, Total: 2
2025-11-13 19:28:48,753 - sistema_relatorios - Sistema_Entrada_Dados - INFO - Iniciando envio de dados - Cliente: BRUNO SANTANA RINALDI, Registros: 2
2025-11-13 19:28:48,763 - sistema_relatorios - Sistema_Entrada_Dados - INFO - Usando dados_para_incluir existentes
2025-11-13 19:28:48,763 - sistema_relatorios - Sistema_Entrada_Dados - INFO - Total de registros a processar: 2
2025-11-13 19:28:48,763 - sistema_relatorios - Sistema_Entrada_Dados - INFO - Datas que serão afetadas pela inserção: ['20/11/2025']
2025-11-13 19:28:48,763 - sistema_relatorios - Sistema_Entrada_Dados - INFO - Salvando em: C:\Users\Obras\sistema_gestao_testes\testes\Financeiro\Clientes\BRUNO SANTANA RINALDI.xlsx
2025-11-13 19:28:48,763 - sistema_relatorios - Sistema_Entrada_Dados - INFO - Verificando integridade dos IDs antes da inserção
2025-11-13 19:28:49,190 - sistema_relatorios - Sistema_Entrada_Dados - ERROR - 🔍 MÉTODO DE VERIFICAÇÃO FOI CHAMADO!
2025-11-13 19:28:49,190 - sistema_relatorios - Sistema_Entrada_Dados - INFO - === INICIANDO VERIFICAÇÃO DE DUPLICIDADE ===
2025-11-13 19:28:49,190 - sistema_relatorios - Sistema_Entrada_Dados - INFO - Dados novos: MHS EVENTO SST ESOCIAL | TESTE | NF:  | R$ 1234.00 | 20/11/2025
2025-11-13 19:28:49,218 - sistema_relatorios - Sistema_Entrada_Dados - INFO - ✅ Nenhuma duplicata encontrada para: MHS EVENTO SST ESOCIAL - TESTE - NF: 
2025-11-13 19:28:49,220 - sistema_relatorios - Sistema_Entrada_Dados - ERROR - 🔍 MÉTODO DE VERIFICAÇÃO FOI CHAMADO!
2025-11-13 19:28:49,221 - sistema_relatorios - Sistema_Entrada_Dados - INFO - === INICIANDO VERIFICAÇÃO DE DUPLICIDADE ===
2025-11-13 19:28:49,221 - sistema_relatorios - Sistema_Entrada_Dados - INFO - Dados novos: MOTOBOY | OBRA | NF:  | R$ 146.00 | 20/11/2025
2025-11-13 19:28:49,236 - sistema_relatorios - Sistema_Entrada_Dados - INFO - ✅ Nenhuma duplicata encontrada para: MOTOBOY - OBRA - NF: 
2025-11-13 19:28:49,238 - sistema_relatorios - Sistema_Entrada_Dados - INFO - Lançamento inserido com ID 298 na linha 298
2025-11-13 19:28:49,238 - sistema_relatorios - Sistema_Entrada_Dados - INFO - Lançamento inserido com ID 299 na linha 299
2025-11-13 19:28:49,566 - sistema_relatorios - Sistema_Entrada_Dados - INFO - Iniciando verificação de recálculo para 1 datas
2025-11-13 19:28:50,067 - sistema_relatorios - Sistema_Entrada_Dados - INFO - Verificando necessidade de recálculo para 2025-11-20
2025-11-13 19:28:50,067 - sistema_relatorios - Sistema_Entrada_Dados - ERROR - Erro ao verificar recálculo para 2025-11-20: 'SistemaEntradaDados' object has no attribute 'chamar_apos_operacao_lancamento'
2025-11-13 19:28:54,215 - sistema_relatorios - Sistema_Entrada_Dados - INFO - Limpando 2 registros salvos da visualização
2025-11-13 19:28:54,215 - sistema_relatorios - Sistema_Entrada_Dados - INFO - Dados salvos removidos com sucesso da visualização
2025-11-13 19:28:56,436 - sistema_relatorios - logger_config - INFO - Iniciando: Carregar configurações
2025-11-13 19:28:56,437 - sistema_relatorios - logger_config - INFO - Concluído: Carregar configurações
2025-11-13 19:29:26,227 - sistema_relatorios - logger_config - INFO - Iniciando: Carregar configurações
2025-11-13 19:29:26,227 - sistema_relatorios - logger_config - INFO - Concluído: Carregar configurações
2025-11-13 19:29:26,227 - sistema_relatorios - logger_config - INFO - Iniciando: Carregar configurações
2025-11-13 19:29:26,227 - sistema_relatorios - logger_config - INFO - Concluído: Carregar configurações
2025-11-13 19:29:26,227 - sistema_relatorios - logger_config - INFO - Iniciando: Carregar configurações
2025-11-13 19:29:26,242 - sistema_relatorios - logger_config - INFO - Concluído: Carregar configurações
2025-11-13 19:29:26,242 - sistema_relatorios - logger_config - INFO - Iniciando: Carregar configurações
2025-11-13 19:29:26,242 - sistema_relatorios - logger_config - INFO - Concluído: Carregar configurações
2025-11-13 19:41:07,661 - sistema_relatorios - logger_config - INFO - Iniciando: Carregar configurações
2025-11-13 19:41:07,661 - sistema_relatorios - logger_config - INFO - Concluído: Carregar configurações
2025-11-13 19:41:59,123 - sistema_relatorios - Sistema_Entrada_Dados - INFO - Iniciando adição de dados - Cliente: BRUNO SANTANA RINALDI
2025-11-13 19:42:01,142 - sistema_relatorios - Sistema_Entrada_Dados - INFO - Dados adicionados com sucesso - Cliente: BRUNO SANTANA RINALDI, Total: 1
2025-11-13 19:42:01,142 - sistema_relatorios - Sistema_Entrada_Dados - INFO - Iniciando envio de dados - Cliente: BRUNO SANTANA RINALDI, Registros: 1
2025-11-13 19:42:01,142 - sistema_relatorios - Sistema_Entrada_Dados - INFO - Usando dados_para_incluir existentes
2025-11-13 19:42:01,142 - sistema_relatorios - Sistema_Entrada_Dados - INFO - Total de registros a processar: 1
2025-11-13 19:42:01,142 - sistema_relatorios - Sistema_Entrada_Dados - INFO - Datas que serão afetadas pela inserção: ['20/11/2025']
2025-11-13 19:42:01,152 - sistema_relatorios - Sistema_Entrada_Dados - INFO - Salvando em: C:\Users\Obras\sistema_gestao_testes\testes\Financeiro\Clientes\BRUNO SANTANA RINALDI.xlsx
2025-11-13 19:42:01,152 - sistema_relatorios - Sistema_Entrada_Dados - INFO - Verificando integridade dos IDs antes da inserção
2025-11-13 19:42:01,576 - sistema_relatorios - Sistema_Entrada_Dados - ERROR - 🔍 MÉTODO DE VERIFICAÇÃO FOI CHAMADO!
2025-11-13 19:42:01,576 - sistema_relatorios - Sistema_Entrada_Dados - INFO - === INICIANDO VERIFICAÇÃO DE DUPLICIDADE ===
2025-11-13 19:42:01,576 - sistema_relatorios - Sistema_Entrada_Dados - INFO - Dados novos: ADALMO ANTONIO DA SILVA | LIMPEZA | NF:  | R$ 180.00 | 20/11/2025
2025-11-13 19:42:01,597 - sistema_relatorios - Sistema_Entrada_Dados - INFO - ✅ Nenhuma duplicata encontrada para: ADALMO ANTONIO DA SILVA - LIMPEZA - NF: 
2025-11-13 19:42:01,601 - sistema_relatorios - Sistema_Entrada_Dados - INFO - Lançamento inserido com ID 300 na linha 300
2025-11-13 19:42:01,963 - sistema_relatorios - Sistema_Entrada_Dados - INFO - Iniciando verificação de recálculo para 1 datas
2025-11-13 19:42:02,465 - sistema_relatorios - Sistema_Entrada_Dados - INFO - Verificando necessidade de recálculo para 2025-11-20
2025-11-13 19:42:02,465 - sistema_relatorios - Sistema_Entrada_Dados - ERROR - Erro ao verificar recálculo para 2025-11-20: 'SistemaEntradaDados' object has no attribute 'chamar_apos_operacao_lancamento'
2025-11-13 19:42:04,613 - sistema_relatorios - Sistema_Entrada_Dados - INFO - Limpando 1 registros salvos da visualização
2025-11-13 19:42:04,613 - sistema_relatorios - Sistema_Entrada_Dados - INFO - Dados salvos removidos com sucesso da visualização
2025-11-13 19:42:06,070 - sistema_relatorios - logger_config - INFO - Iniciando: Carregar configurações
2025-11-13 19:42:06,071 - sistema_relatorios - logger_config - INFO - Concluído: Carregar configurações
2025-11-13 19:42:20,122 - sistema_relatorios - logger_config - INFO - Iniciando: Carregar configurações
2025-11-13 19:42:20,122 - sistema_relatorios - logger_config - INFO - Concluído: Carregar configurações
2025-11-13 19:42:20,122 - sistema_relatorios - logger_config - INFO - Iniciando: Carregar configurações
2025-11-13 19:42:20,138 - sistema_relatorios - logger_config - INFO - Concluído: Carregar configurações
2025-11-13 19:42:20,138 - sistema_relatorios - logger_config - INFO - Iniciando: Carregar configurações
2025-11-13 19:42:20,138 - sistema_relatorios - logger_config - INFO - Concluído: Carregar configurações
2025-11-13 19:42:20,138 - sistema_relatorios - logger_config - INFO - Iniciando: Carregar configurações
2025-11-13 19:42:20,138 - sistema_relatorios - logger_config - INFO - Concluído: Carregar configurações
2025-11-13 19:43:00,055 - sistema_relatorios - logger_config - INFO - Iniciando: Carregar configurações
2025-11-13 19:43:00,070 - sistema_relatorios - logger_config - INFO - Concluído: Carregar configurações
2025-11-13 19:43:00,070 - sistema_relatorios - logger_config - INFO - Iniciando: Carregar configurações
2025-11-13 19:43:00,070 - sistema_relatorios - logger_config - INFO - Concluído: Carregar configurações
2025-11-13 19:43:00,070 - sistema_relatorios - logger_config - INFO - Iniciando: Carregar configurações
2025-11-13 19:43:00,070 - sistema_relatorios - logger_config - INFO - Concluído: Carregar configurações
2025-11-13 19:43:00,070 - sistema_relatorios - logger_config - INFO - Iniciando: Carregar configurações
2025-11-13 19:43:00,076 - sistema_relatorios - logger_config - INFO - Concluído: Carregar configurações
2025-11-13 19:43:11,362 - sistema_relatorios - logger_config - INFO - Iniciando: Carregar configurações
2025-11-13 19:43:11,362 - sistema_relatorios - logger_config - INFO - Concluído: Carregar configurações
2025-11-13 19:43:11,362 - sistema_relatorios - logger_config - INFO - Iniciando: Carregar configurações
2025-11-13 19:43:11,362 - sistema_relatorios - logger_config - INFO - Concluído: Carregar configurações
2025-11-13 19:43:11,362 - sistema_relatorios - logger_config - INFO - Iniciando: Carregar configurações
2025-11-13 19:43:11,362 - sistema_relatorios - logger_config - INFO - Concluído: Carregar configurações
2025-11-13 19:43:11,362 - sistema_relatorios - logger_config - INFO - Iniciando: Carregar configurações
2025-11-13 19:43:11,362 - sistema_relatorios - logger_config - INFO - Concluído: Carregar configurações
2025-11-13 19:43:17,927 - sistema_relatorios - logger_config - INFO - Iniciando: Carregar configurações
2025-11-13 19:43:17,942 - sistema_relatorios - logger_config - INFO - Concluído: Carregar configurações
2025-11-13 19:43:17,942 - sistema_relatorios - logger_config - INFO - Iniciando: Carregar configurações
2025-11-13 19:43:17,942 - sistema_relatorios - logger_config - INFO - Concluído: Carregar configurações
2025-11-13 19:43:17,942 - sistema_relatorios - logger_config - INFO - Iniciando: Carregar configurações
2025-11-13 19:43:17,942 - sistema_relatorios - logger_config - INFO - Concluído: Carregar configurações
2025-11-13 19:43:17,950 - sistema_relatorios - logger_config - INFO - Iniciando: Carregar configurações
2025-11-13 19:43:17,951 - sistema_relatorios - logger_config - INFO - Concluído: Carregar configurações
