2026-05-22 07:42:06,189 - sistema - logger_config - INFO - Sistema de logging inicializado
2026-05-22 08:00:47,359 - sistema - logger_config - INFO - Sistema de logging inicializado
2026-05-22 08:00:47,359 - sistema_relatorios - logger_config - INFO - Usuário alterado para: sistema_relatorios
2026-05-22 08:00:47,360 - sistema_relatorios - relatorios_interface - INFO - Sistema de relatórios inicializando usando logger configurado
2026-05-22 08:00:47,360 - sistema_relatorios - relatorios_interface - INFO - Configurações de janela importadas com sucesso
2026-05-22 08:00:47,360 - sistema_relatorios - relatorios_interface - INFO - === Sistema de Relatórios Inicializando ===
2026-05-22 08:43:31,767 - sistema_relatorios - relatorios_interface - INFO - Carregando clientes de: C:\Users\Obras\sistema_gestao_testes\testes\Financeiro\Planilhas_Base\Clientes.xlsx
2026-05-22 08:43:31,879 - sistema_relatorios - relatorios_interface - INFO - Colunas disponíveis: ['Nome', 'Endereço', 'Data Inicial', 'Observações', 'Data Final', 'Tipo Taxa', 'CPF', 'CNO', 'Estado Civil', 'Cidade', 'Grupo', 'Logradouro', 'Numero', 'Complemento', 'Localidade', 'CEP', 'Estado', 'Metragem_Alvara', 'Banco', 'Agencia', 'Conta', 'Tipo_Conta', 'PIX']
2026-05-22 08:43:31,880 - sistema_relatorios - relatorios_interface - INFO - Coluna de status: Data Final
2026-05-22 08:43:31,897 - sistema_relatorios - relatorios_interface - INFO - Coluna de nome: Nome
2026-05-22 08:43:31,898 - sistema_relatorios - relatorios_interface - INFO - Total de clientes ativos encontrados: 18
2026-05-22 08:43:31,899 - sistema_relatorios - relatorios_interface - INFO - Lista de clientes atualizada com 19 clientes
2026-05-22 08:43:33,634 - sistema_relatorios - relatorios_interface - INFO - Carregando clientes de: C:\Users\Obras\sistema_gestao_testes\testes\Financeiro\Planilhas_Base\Clientes.xlsx
2026-05-22 08:43:33,660 - sistema_relatorios - relatorios_interface - INFO - Colunas disponíveis: ['Nome', 'Endereço', 'Data Inicial', 'Observações', 'Data Final', 'Tipo Taxa', 'CPF', 'CNO', 'Estado Civil', 'Cidade', 'Grupo', 'Logradouro', 'Numero', 'Complemento', 'Localidade', 'CEP', 'Estado', 'Metragem_Alvara', 'Banco', 'Agencia', 'Conta', 'Tipo_Conta', 'PIX']
2026-05-22 08:43:33,660 - sistema_relatorios - relatorios_interface - INFO - Coluna de status: Data Final
2026-05-22 08:43:33,663 - sistema_relatorios - relatorios_interface - INFO - Coluna de nome: Nome
2026-05-22 08:43:33,664 - sistema_relatorios - relatorios_interface - INFO - Total de clientes ativos encontrados: 18
2026-05-22 08:43:35,162 - sistema_relatorios - relatorios_interface - INFO - 🔍 INICIANDO gerar_relatorio para: consistencia_dados
2026-05-22 08:43:35,163 - sistema_relatorios - relatorios_interface - INFO - 📋 Processando outros relatórios: consistencia_dados
2026-05-22 08:44:03,042 - sistema_relatorios - relatorios_interface - INFO - Solicitado retorno ao menu principal
2026-05-22 08:44:03,042 - sistema_relatorios - relatorios_interface - INFO - Retornando ao menu principal existente
2026-05-22 08:44:03,078 - sistema_relatorios - relatorios_interface - INFO - Retorno ao menu principal concluído
2026-05-22 08:44:06,651 - sistema_relatorios - logger_config - INFO - Iniciando: Carregar configurações
2026-05-22 08:44:06,670 - sistema_relatorios - logger_config - INFO - Concluído: Carregar configurações
2026-05-22 08:44:06,848 - sistema_relatorios - logger_config - INFO - Iniciando: Carregar configurações
2026-05-22 08:44:06,849 - sistema_relatorios - logger_config - INFO - Concluído: Carregar configurações
2026-05-22 08:44:06,851 - sistema_relatorios - logger_config - INFO - Iniciando: Carregar configurações
2026-05-22 08:44:06,852 - sistema_relatorios - logger_config - INFO - Concluído: Carregar configurações
2026-05-22 08:47:17,318 - sistema_relatorios - relatorios_interface - INFO - Carregando clientes de: C:\Users\Obras\sistema_gestao_testes\testes\Financeiro\Planilhas_Base\Clientes.xlsx
2026-05-22 08:47:17,371 - sistema_relatorios - relatorios_interface - INFO - Colunas disponíveis: ['Nome', 'Endereço', 'Data Inicial', 'Observações', 'Data Final', 'Tipo Taxa', 'CPF', 'CNO', 'Estado Civil', 'Cidade', 'Grupo', 'Logradouro', 'Numero', 'Complemento', 'Localidade', 'CEP', 'Estado', 'Metragem_Alvara', 'Banco', 'Agencia', 'Conta', 'Tipo_Conta', 'PIX']
2026-05-22 08:47:17,372 - sistema_relatorios - relatorios_interface - INFO - Coluna de status: Data Final
2026-05-22 08:47:17,375 - sistema_relatorios - relatorios_interface - INFO - Coluna de nome: Nome
2026-05-22 08:47:17,375 - sistema_relatorios - relatorios_interface - INFO - Total de clientes ativos encontrados: 18
2026-05-22 08:47:17,376 - sistema_relatorios - relatorios_interface - INFO - Lista de clientes atualizada com 19 clientes
2026-05-22 08:47:20,037 - sistema_relatorios - relatorios_interface - INFO - Carregando clientes de: C:\Users\Obras\sistema_gestao_testes\testes\Financeiro\Planilhas_Base\Clientes.xlsx
2026-05-22 08:47:20,067 - sistema_relatorios - relatorios_interface - INFO - Colunas disponíveis: ['Nome', 'Endereço', 'Data Inicial', 'Observações', 'Data Final', 'Tipo Taxa', 'CPF', 'CNO', 'Estado Civil', 'Cidade', 'Grupo', 'Logradouro', 'Numero', 'Complemento', 'Localidade', 'CEP', 'Estado', 'Metragem_Alvara', 'Banco', 'Agencia', 'Conta', 'Tipo_Conta', 'PIX']
2026-05-22 08:47:20,068 - sistema_relatorios - relatorios_interface - INFO - Coluna de status: Data Final
2026-05-22 08:47:20,070 - sistema_relatorios - relatorios_interface - INFO - Coluna de nome: Nome
2026-05-22 08:47:20,071 - sistema_relatorios - relatorios_interface - INFO - Total de clientes ativos encontrados: 18
2026-05-22 08:47:22,073 - sistema_relatorios - relatorios_interface - INFO - 🔍 INICIANDO gerar_relatorio para: consistencia_dados
2026-05-22 08:47:22,073 - sistema_relatorios - relatorios_interface - INFO - 📋 Processando outros relatórios: consistencia_dados
2026-05-22 08:47:59,208 - sistema_relatorios - relatorios_interface - INFO - Solicitado retorno ao menu principal
2026-05-22 08:47:59,209 - sistema_relatorios - relatorios_interface - INFO - Retornando ao menu principal existente
2026-05-22 08:47:59,253 - sistema_relatorios - relatorios_interface - INFO - Retorno ao menu principal concluído
2026-05-22 08:51:05,211 - sistema_relatorios - logger_config - INFO - Iniciando: Carregar configurações
2026-05-22 08:51:05,212 - sistema_relatorios - logger_config - INFO - Concluído: Carregar configurações
2026-05-22 08:51:05,408 - sistema_relatorios - logger_config - INFO - Iniciando: Carregar configurações
2026-05-22 08:51:05,408 - sistema_relatorios - logger_config - INFO - Concluído: Carregar configurações
2026-05-22 08:51:05,410 - sistema_relatorios - logger_config - INFO - Iniciando: Carregar configurações
2026-05-22 08:51:05,410 - sistema_relatorios - logger_config - INFO - Concluído: Carregar configurações
2026-05-22 08:52:07,956 - sistema_relatorios - logger_config - INFO - Iniciando: Carregar configurações
2026-05-22 08:52:07,957 - sistema_relatorios - logger_config - INFO - Concluído: Carregar configurações
2026-05-22 08:52:08,206 - sistema_relatorios - logger_config - INFO - Iniciando: Carregar configurações
2026-05-22 08:52:08,206 - sistema_relatorios - logger_config - INFO - Concluído: Carregar configurações
2026-05-22 08:52:08,208 - sistema_relatorios - logger_config - INFO - Iniciando: Carregar configurações
2026-05-22 08:52:08,208 - sistema_relatorios - logger_config - INFO - Concluído: Carregar configurações
2026-05-22 08:52:28,798 - sistema_relatorios - relatorios_interface - INFO - Carregando clientes de: C:\Users\Obras\sistema_gestao_testes\testes\Financeiro\Planilhas_Base\Clientes.xlsx
2026-05-22 08:52:28,840 - sistema_relatorios - relatorios_interface - INFO - Colunas disponíveis: ['Nome', 'Endereço', 'Data Inicial', 'Observações', 'Data Final', 'Tipo Taxa', 'CPF', 'CNO', 'Estado Civil', 'Cidade', 'Grupo', 'Logradouro', 'Numero', 'Complemento', 'Localidade', 'CEP', 'Estado', 'Metragem_Alvara', 'Banco', 'Agencia', 'Conta', 'Tipo_Conta', 'PIX']
2026-05-22 08:52:28,841 - sistema_relatorios - relatorios_interface - INFO - Coluna de status: Data Final
2026-05-22 08:52:28,842 - sistema_relatorios - relatorios_interface - INFO - Coluna de nome: Nome
2026-05-22 08:52:28,843 - sistema_relatorios - relatorios_interface - INFO - Total de clientes ativos encontrados: 18
2026-05-22 08:52:28,844 - sistema_relatorios - relatorios_interface - INFO - Lista de clientes atualizada com 19 clientes
2026-05-22 08:52:31,091 - sistema_relatorios - relatorios_interface - INFO - Carregando clientes de: C:\Users\Obras\sistema_gestao_testes\testes\Financeiro\Planilhas_Base\Clientes.xlsx
2026-05-22 08:52:31,116 - sistema_relatorios - relatorios_interface - INFO - Colunas disponíveis: ['Nome', 'Endereço', 'Data Inicial', 'Observações', 'Data Final', 'Tipo Taxa', 'CPF', 'CNO', 'Estado Civil', 'Cidade', 'Grupo', 'Logradouro', 'Numero', 'Complemento', 'Localidade', 'CEP', 'Estado', 'Metragem_Alvara', 'Banco', 'Agencia', 'Conta', 'Tipo_Conta', 'PIX']
2026-05-22 08:52:31,116 - sistema_relatorios - relatorios_interface - INFO - Coluna de status: Data Final
2026-05-22 08:52:31,119 - sistema_relatorios - relatorios_interface - INFO - Coluna de nome: Nome
2026-05-22 08:52:31,120 - sistema_relatorios - relatorios_interface - INFO - Total de clientes ativos encontrados: 18
2026-05-22 08:52:33,151 - sistema_relatorios - relatorios_interface - INFO - 🔍 INICIANDO gerar_relatorio para: consistencia_dados
2026-05-22 08:52:33,151 - sistema_relatorios - relatorios_interface - INFO - 📋 Processando outros relatórios: consistencia_dados
2026-05-22 08:53:40,854 - sistema_relatorios - relatorios_interface - INFO - Solicitado retorno ao menu principal
2026-05-22 08:53:40,855 - sistema_relatorios - relatorios_interface - INFO - Retornando ao menu principal existente
2026-05-22 08:53:40,884 - sistema_relatorios - relatorios_interface - INFO - Retorno ao menu principal concluído
2026-05-22 08:53:45,228 - sistema_relatorios - logger_config - INFO - Iniciando: Carregar configurações
2026-05-22 08:53:45,228 - sistema_relatorios - logger_config - INFO - Concluído: Carregar configurações
2026-05-22 08:53:45,493 - sistema_relatorios - logger_config - INFO - Iniciando: Carregar configurações
2026-05-22 08:53:45,494 - sistema_relatorios - logger_config - INFO - Concluído: Carregar configurações
2026-05-22 08:53:45,495 - sistema_relatorios - logger_config - INFO - Iniciando: Carregar configurações
2026-05-22 08:53:45,496 - sistema_relatorios - logger_config - INFO - Concluído: Carregar configurações
2026-05-22 08:57:32,681 - sistema_relatorios - relatorios_interface - INFO - Carregando clientes de: C:\Users\Obras\sistema_gestao_testes\testes\Financeiro\Planilhas_Base\Clientes.xlsx
2026-05-22 08:57:32,782 - sistema_relatorios - relatorios_interface - INFO - Colunas disponíveis: ['Nome', 'Endereço', 'Data Inicial', 'Observações', 'Data Final', 'Tipo Taxa', 'CPF', 'CNO', 'Estado Civil', 'Cidade', 'Grupo', 'Logradouro', 'Numero', 'Complemento', 'Localidade', 'CEP', 'Estado', 'Metragem_Alvara', 'Banco', 'Agencia', 'Conta', 'Tipo_Conta', 'PIX']
2026-05-22 08:57:32,782 - sistema_relatorios - relatorios_interface - INFO - Coluna de status: Data Final
2026-05-22 08:57:32,784 - sistema_relatorios - relatorios_interface - INFO - Coluna de nome: Nome
2026-05-22 08:57:32,785 - sistema_relatorios - relatorios_interface - INFO - Total de clientes ativos encontrados: 18
2026-05-22 08:57:32,785 - sistema_relatorios - relatorios_interface - INFO - Lista de clientes atualizada com 19 clientes
2026-05-22 08:58:23,317 - sistema_relatorios - relatorios_interface - INFO - Solicitado retorno ao menu principal
2026-05-22 08:58:23,317 - sistema_relatorios - relatorios_interface - INFO - Retornando ao menu principal existente
2026-05-22 08:58:23,373 - sistema_relatorios - relatorios_interface - INFO - Retorno ao menu principal concluído
2026-05-22 09:01:03,674 - sistema_relatorios - logger_config - INFO - Iniciando: Carregar configurações
2026-05-22 09:01:03,675 - sistema_relatorios - logger_config - INFO - Concluído: Carregar configurações
2026-05-22 09:01:03,940 - sistema_relatorios - logger_config - INFO - Iniciando: Carregar configurações
2026-05-22 09:01:03,941 - sistema_relatorios - logger_config - INFO - Concluído: Carregar configurações
2026-05-22 09:01:03,943 - sistema_relatorios - logger_config - INFO - Iniciando: Carregar configurações
2026-05-22 09:01:03,943 - sistema_relatorios - logger_config - INFO - Concluído: Carregar configurações
2026-05-22 09:42:35,401 - sistema - logger_config - INFO - Sistema de logging inicializado
2026-05-22 09:42:35,446 - sistema_relatorios - logger_config - INFO - Usuário alterado para: sistema_relatorios
2026-05-22 09:42:35,458 - sistema_relatorios - relatorios_interface - INFO - Sistema de relatórios inicializando usando logger configurado
2026-05-22 09:42:35,459 - sistema_relatorios - relatorios_interface - INFO - Configurações de janela importadas com sucesso
2026-05-22 09:42:35,459 - sistema_relatorios - relatorios_interface - INFO - === Sistema de Relatórios Inicializando ===
2026-05-22 09:42:59,636 - sistema_relatorios - logger_config - INFO - Iniciando: Carregar configurações
2026-05-22 09:42:59,640 - sistema_relatorios - logger_config - INFO - Concluído: Carregar configurações
2026-05-22 09:42:59,891 - sistema_relatorios - logger_config - INFO - Iniciando: Carregar configurações
2026-05-22 09:42:59,894 - sistema_relatorios - logger_config - INFO - Concluído: Carregar configurações
2026-05-22 09:42:59,904 - sistema_relatorios - logger_config - INFO - Iniciando: Carregar configurações
2026-05-22 09:42:59,910 - sistema_relatorios - logger_config - INFO - Concluído: Carregar configurações
2026-05-22 09:54:20,312 - sistema - logger_config - INFO - Sistema de logging inicializado
2026-05-22 09:54:20,313 - sistema_relatorios - logger_config - INFO - Usuário alterado para: sistema_relatorios
2026-05-22 09:54:20,313 - sistema_relatorios - relatorios_interface - INFO - Sistema de relatórios inicializando usando logger configurado
2026-05-22 09:54:20,314 - sistema_relatorios - relatorios_interface - INFO - Configurações de janela importadas com sucesso
2026-05-22 09:54:20,315 - sistema_relatorios - relatorios_interface - INFO - === Sistema de Relatórios Inicializando ===
2026-05-22 09:54:38,414 - sistema_relatorios - logger_config - INFO - Iniciando: Carregar configurações
2026-05-22 09:54:38,417 - sistema_relatorios - logger_config - INFO - Concluído: Carregar configurações
2026-05-22 09:54:38,583 - sistema_relatorios - logger_config - INFO - Iniciando: Carregar configurações
2026-05-22 09:54:38,584 - sistema_relatorios - logger_config - INFO - Concluído: Carregar configurações
2026-05-22 09:54:38,586 - sistema_relatorios - logger_config - INFO - Iniciando: Carregar configurações
2026-05-22 09:54:38,586 - sistema_relatorios - logger_config - INFO - Concluído: Carregar configurações
2026-05-22 09:55:25,246 - sistema_relatorios - relatorios_interface - INFO - Carregando clientes de: C:\Users\Obras\sistema_gestao_testes\testes\Financeiro\Planilhas_Base\Clientes.xlsx
2026-05-22 09:55:25,292 - sistema_relatorios - relatorios_interface - INFO - Colunas disponíveis: ['Nome', 'Endereço', 'Data Inicial', 'Observações', 'Data Final', 'Tipo Taxa', 'CPF', 'CNO', 'Estado Civil', 'Cidade', 'Grupo', 'Logradouro', 'Numero', 'Complemento', 'Localidade', 'CEP', 'Estado', 'Metragem_Alvara', 'Banco', 'Agencia', 'Conta', 'Tipo_Conta', 'PIX']
2026-05-22 09:55:25,293 - sistema_relatorios - relatorios_interface - INFO - Coluna de status: Data Final
2026-05-22 09:55:25,308 - sistema_relatorios - relatorios_interface - INFO - Coluna de nome: Nome
2026-05-22 09:55:25,310 - sistema_relatorios - relatorios_interface - INFO - Total de clientes ativos encontrados: 18
2026-05-22 09:55:25,310 - sistema_relatorios - relatorios_interface - INFO - Lista de clientes atualizada com 19 clientes
2026-05-22 09:55:26,446 - sistema_relatorios - relatorios_interface - INFO - Carregando clientes de: C:\Users\Obras\sistema_gestao_testes\testes\Financeiro\Planilhas_Base\Clientes.xlsx
2026-05-22 09:55:26,470 - sistema_relatorios - relatorios_interface - INFO - Colunas disponíveis: ['Nome', 'Endereço', 'Data Inicial', 'Observações', 'Data Final', 'Tipo Taxa', 'CPF', 'CNO', 'Estado Civil', 'Cidade', 'Grupo', 'Logradouro', 'Numero', 'Complemento', 'Localidade', 'CEP', 'Estado', 'Metragem_Alvara', 'Banco', 'Agencia', 'Conta', 'Tipo_Conta', 'PIX']
2026-05-22 09:55:26,471 - sistema_relatorios - relatorios_interface - INFO - Coluna de status: Data Final
2026-05-22 09:55:26,473 - sistema_relatorios - relatorios_interface - INFO - Coluna de nome: Nome
2026-05-22 09:55:26,474 - sistema_relatorios - relatorios_interface - INFO - Total de clientes ativos encontrados: 18
2026-05-22 09:55:28,832 - sistema_relatorios - relatorios_interface - INFO - 🔍 INICIANDO gerar_relatorio para: consistencia_dados
2026-05-22 09:55:28,833 - sistema_relatorios - relatorios_interface - INFO - 📋 Processando outros relatórios: consistencia_dados
2026-05-22 09:56:26,496 - sistema_relatorios - relatorios_interface - INFO - 🔍 INICIANDO gerar_relatorio para: por_fornecedor_det
2026-05-22 09:56:26,497 - sistema_relatorios - relatorios_interface - INFO - 📋 Processando outros relatórios: por_fornecedor_det
2026-05-22 10:04:45,005 - sistema_relatorios - relatorios_interface - INFO - Solicitado retorno ao menu principal
2026-05-22 10:04:45,006 - sistema_relatorios - relatorios_interface - INFO - Retornando ao menu principal existente
2026-05-22 10:04:45,065 - sistema_relatorios - relatorios_interface - INFO - Retorno ao menu principal concluído
2026-05-22 10:16:01,494 - sistema - logger_config - INFO - Sistema de logging inicializado
2026-05-22 10:16:01,495 - sistema_relatorios - logger_config - INFO - Usuário alterado para: sistema_relatorios
2026-05-22 10:16:01,495 - sistema_relatorios - relatorios_interface - INFO - Sistema de relatórios inicializando usando logger configurado
2026-05-22 10:16:01,495 - sistema_relatorios - relatorios_interface - INFO - Configurações de janela importadas com sucesso
2026-05-22 10:16:01,496 - sistema_relatorios - relatorios_interface - INFO - === Sistema de Relatórios Inicializando ===
2026-05-22 10:16:06,901 - sistema_relatorios - relatorios_interface - INFO - Carregando clientes de: C:\Users\Obras\sistema_gestao_testes\testes\Financeiro\Planilhas_Base\Clientes.xlsx
2026-05-22 10:16:06,976 - sistema_relatorios - relatorios_interface - INFO - Colunas disponíveis: ['Nome', 'Endereço', 'Data Inicial', 'Observações', 'Data Final', 'Tipo Taxa', 'CPF', 'CNO', 'Estado Civil', 'Cidade', 'Grupo', 'Logradouro', 'Numero', 'Complemento', 'Localidade', 'CEP', 'Estado', 'Metragem_Alvara', 'Banco', 'Agencia', 'Conta', 'Tipo_Conta', 'PIX']
2026-05-22 10:16:06,977 - sistema_relatorios - relatorios_interface - INFO - Coluna de status: Data Final
2026-05-22 10:16:06,979 - sistema_relatorios - relatorios_interface - INFO - Coluna de nome: Nome
2026-05-22 10:16:06,980 - sistema_relatorios - relatorios_interface - INFO - Total de clientes ativos encontrados: 18
2026-05-22 10:16:06,980 - sistema_relatorios - relatorios_interface - INFO - Lista de clientes atualizada com 19 clientes
2026-05-22 10:16:09,055 - sistema_relatorios - relatorios_interface - INFO - Carregando clientes de: C:\Users\Obras\sistema_gestao_testes\testes\Financeiro\Planilhas_Base\Clientes.xlsx
2026-05-22 10:16:09,082 - sistema_relatorios - relatorios_interface - INFO - Colunas disponíveis: ['Nome', 'Endereço', 'Data Inicial', 'Observações', 'Data Final', 'Tipo Taxa', 'CPF', 'CNO', 'Estado Civil', 'Cidade', 'Grupo', 'Logradouro', 'Numero', 'Complemento', 'Localidade', 'CEP', 'Estado', 'Metragem_Alvara', 'Banco', 'Agencia', 'Conta', 'Tipo_Conta', 'PIX']
2026-05-22 10:16:09,083 - sistema_relatorios - relatorios_interface - INFO - Coluna de status: Data Final
2026-05-22 10:16:09,085 - sistema_relatorios - relatorios_interface - INFO - Coluna de nome: Nome
2026-05-22 10:16:09,087 - sistema_relatorios - relatorios_interface - INFO - Total de clientes ativos encontrados: 18
2026-05-22 10:16:10,753 - sistema_relatorios - relatorios_interface - INFO - 🔍 INICIANDO gerar_relatorio para: consistencia_dados
2026-05-22 10:16:10,753 - sistema_relatorios - relatorios_interface - INFO - 📋 Processando outros relatórios: consistencia_dados
2026-05-22 10:22:19,759 - sistema_relatorios - relatorios_interface - INFO - Solicitado retorno ao menu principal
2026-05-22 10:22:19,759 - sistema_relatorios - relatorios_interface - INFO - Retornando ao menu principal existente
2026-05-22 10:22:19,825 - sistema_relatorios - relatorios_interface - INFO - Retorno ao menu principal concluído
2026-05-22 10:26:36,414 - sistema - logger_config - INFO - Sistema de logging inicializado
2026-05-22 10:26:36,415 - sistema_relatorios - logger_config - INFO - Usuário alterado para: sistema_relatorios
2026-05-22 10:26:36,415 - sistema_relatorios - relatorios_interface - INFO - Sistema de relatórios inicializando usando logger configurado
2026-05-22 10:26:36,415 - sistema_relatorios - relatorios_interface - INFO - Configurações de janela importadas com sucesso
2026-05-22 10:26:36,416 - sistema_relatorios - relatorios_interface - INFO - === Sistema de Relatórios Inicializando ===
2026-05-22 10:26:47,641 - sistema_relatorios - relatorios_interface - INFO - Carregando clientes de: C:\Users\Obras\sistema_gestao_testes\testes\Financeiro\Planilhas_Base\Clientes.xlsx
2026-05-22 10:26:47,711 - sistema_relatorios - relatorios_interface - INFO - Colunas disponíveis: ['Nome', 'Endereço', 'Data Inicial', 'Observações', 'Data Final', 'Tipo Taxa', 'CPF', 'CNO', 'Estado Civil', 'Cidade', 'Grupo', 'Logradouro', 'Numero', 'Complemento', 'Localidade', 'CEP', 'Estado', 'Metragem_Alvara', 'Banco', 'Agencia', 'Conta', 'Tipo_Conta', 'PIX']
2026-05-22 10:26:47,711 - sistema_relatorios - relatorios_interface - INFO - Coluna de status: Data Final
2026-05-22 10:26:47,714 - sistema_relatorios - relatorios_interface - INFO - Coluna de nome: Nome
2026-05-22 10:26:47,715 - sistema_relatorios - relatorios_interface - INFO - Total de clientes ativos encontrados: 18
2026-05-22 10:26:47,716 - sistema_relatorios - relatorios_interface - INFO - Lista de clientes atualizada com 19 clientes
2026-05-22 10:26:49,363 - sistema_relatorios - relatorios_interface - INFO - Carregando clientes de: C:\Users\Obras\sistema_gestao_testes\testes\Financeiro\Planilhas_Base\Clientes.xlsx
2026-05-22 10:26:49,425 - sistema_relatorios - relatorios_interface - INFO - Colunas disponíveis: ['Nome', 'Endereço', 'Data Inicial', 'Observações', 'Data Final', 'Tipo Taxa', 'CPF', 'CNO', 'Estado Civil', 'Cidade', 'Grupo', 'Logradouro', 'Numero', 'Complemento', 'Localidade', 'CEP', 'Estado', 'Metragem_Alvara', 'Banco', 'Agencia', 'Conta', 'Tipo_Conta', 'PIX']
2026-05-22 10:26:49,429 - sistema_relatorios - relatorios_interface - INFO - Coluna de status: Data Final
2026-05-22 10:26:49,432 - sistema_relatorios - relatorios_interface - INFO - Coluna de nome: Nome
2026-05-22 10:26:49,434 - sistema_relatorios - relatorios_interface - INFO - Total de clientes ativos encontrados: 18
2026-05-22 10:26:51,405 - sistema_relatorios - relatorios_interface - INFO - 🔍 INICIANDO gerar_relatorio para: consistencia_dados
2026-05-22 10:26:51,406 - sistema_relatorios - relatorios_interface - INFO - 📋 Processando outros relatórios: consistencia_dados
2026-05-22 10:31:04,980 - sistema_relatorios - relatorios_interface - INFO - Solicitado retorno ao menu principal
2026-05-22 10:31:04,980 - sistema_relatorios - relatorios_interface - INFO - Retornando ao menu principal existente
2026-05-22 10:31:05,025 - sistema_relatorios - relatorios_interface - INFO - Retorno ao menu principal concluído
2026-05-22 10:39:37,805 - sistema_relatorios - relatorios_interface - INFO - Carregando clientes de: C:\Users\Obras\sistema_gestao_testes\testes\Financeiro\Planilhas_Base\Clientes.xlsx
2026-05-22 10:39:37,848 - sistema_relatorios - relatorios_interface - INFO - Colunas disponíveis: ['Nome', 'Endereço', 'Data Inicial', 'Observações', 'Data Final', 'Tipo Taxa', 'CPF', 'CNO', 'Estado Civil', 'Cidade', 'Grupo', 'Logradouro', 'Numero', 'Complemento', 'Localidade', 'CEP', 'Estado', 'Metragem_Alvara', 'Banco', 'Agencia', 'Conta', 'Tipo_Conta', 'PIX']
2026-05-22 10:39:37,849 - sistema_relatorios - relatorios_interface - INFO - Coluna de status: Data Final
2026-05-22 10:39:37,851 - sistema_relatorios - relatorios_interface - INFO - Coluna de nome: Nome
2026-05-22 10:39:37,851 - sistema_relatorios - relatorios_interface - INFO - Total de clientes ativos encontrados: 18
2026-05-22 10:39:37,852 - sistema_relatorios - relatorios_interface - INFO - Lista de clientes atualizada com 19 clientes
2026-05-22 10:39:39,630 - sistema_relatorios - relatorios_interface - INFO - Carregando clientes de: C:\Users\Obras\sistema_gestao_testes\testes\Financeiro\Planilhas_Base\Clientes.xlsx
2026-05-22 10:39:39,654 - sistema_relatorios - relatorios_interface - INFO - Colunas disponíveis: ['Nome', 'Endereço', 'Data Inicial', 'Observações', 'Data Final', 'Tipo Taxa', 'CPF', 'CNO', 'Estado Civil', 'Cidade', 'Grupo', 'Logradouro', 'Numero', 'Complemento', 'Localidade', 'CEP', 'Estado', 'Metragem_Alvara', 'Banco', 'Agencia', 'Conta', 'Tipo_Conta', 'PIX']
2026-05-22 10:39:39,655 - sistema_relatorios - relatorios_interface - INFO - Coluna de status: Data Final
2026-05-22 10:39:39,656 - sistema_relatorios - relatorios_interface - INFO - Coluna de nome: Nome
2026-05-22 10:39:39,657 - sistema_relatorios - relatorios_interface - INFO - Total de clientes ativos encontrados: 18
2026-05-22 10:39:41,840 - sistema_relatorios - relatorios_interface - INFO - 🔍 INICIANDO gerar_relatorio para: consistencia_dados
2026-05-22 10:39:41,841 - sistema_relatorios - relatorios_interface - INFO - 📋 Processando outros relatórios: consistencia_dados
2026-05-22 10:40:31,520 - sistema_relatorios - relatorios_interface - INFO - Solicitado retorno ao menu principal
2026-05-22 10:40:31,521 - sistema_relatorios - relatorios_interface - INFO - Retornando ao menu principal existente
2026-05-22 10:40:31,559 - sistema_relatorios - relatorios_interface - INFO - Retorno ao menu principal concluído
2026-05-22 10:44:03,249 - sistema - logger_config - INFO - Sistema de logging inicializado
2026-05-22 10:44:03,249 - sistema_relatorios - logger_config - INFO - Usuário alterado para: sistema_relatorios
2026-05-22 10:44:03,250 - sistema_relatorios - relatorios_interface - INFO - Sistema de relatórios inicializando usando logger configurado
2026-05-22 10:44:03,251 - sistema_relatorios - relatorios_interface - INFO - Configurações de janela importadas com sucesso
2026-05-22 10:44:03,251 - sistema_relatorios - relatorios_interface - INFO - === Sistema de Relatórios Inicializando ===
2026-05-22 10:45:21,545 - sistema_relatorios - relatorios_interface - INFO - Carregando clientes de: C:\Users\Obras\sistema_gestao_testes\testes\Financeiro\Planilhas_Base\Clientes.xlsx
2026-05-22 10:45:21,619 - sistema_relatorios - relatorios_interface - INFO - Colunas disponíveis: ['Nome', 'Endereço', 'Data Inicial', 'Observações', 'Data Final', 'Tipo Taxa', 'CPF', 'CNO', 'Estado Civil', 'Cidade', 'Grupo', 'Logradouro', 'Numero', 'Complemento', 'Localidade', 'CEP', 'Estado', 'Metragem_Alvara', 'Banco', 'Agencia', 'Conta', 'Tipo_Conta', 'PIX']
2026-05-22 10:45:21,620 - sistema_relatorios - relatorios_interface - INFO - Coluna de status: Data Final
2026-05-22 10:45:21,622 - sistema_relatorios - relatorios_interface - INFO - Coluna de nome: Nome
2026-05-22 10:45:21,623 - sistema_relatorios - relatorios_interface - INFO - Total de clientes ativos encontrados: 18
2026-05-22 10:45:21,624 - sistema_relatorios - relatorios_interface - INFO - Lista de clientes atualizada com 19 clientes
2026-05-22 10:45:22,988 - sistema_relatorios - relatorios_interface - INFO - Carregando clientes de: C:\Users\Obras\sistema_gestao_testes\testes\Financeiro\Planilhas_Base\Clientes.xlsx
2026-05-22 10:45:23,012 - sistema_relatorios - relatorios_interface - INFO - Colunas disponíveis: ['Nome', 'Endereço', 'Data Inicial', 'Observações', 'Data Final', 'Tipo Taxa', 'CPF', 'CNO', 'Estado Civil', 'Cidade', 'Grupo', 'Logradouro', 'Numero', 'Complemento', 'Localidade', 'CEP', 'Estado', 'Metragem_Alvara', 'Banco', 'Agencia', 'Conta', 'Tipo_Conta', 'PIX']
2026-05-22 10:45:23,013 - sistema_relatorios - relatorios_interface - INFO - Coluna de status: Data Final
2026-05-22 10:45:23,015 - sistema_relatorios - relatorios_interface - INFO - Coluna de nome: Nome
2026-05-22 10:45:23,016 - sistema_relatorios - relatorios_interface - INFO - Total de clientes ativos encontrados: 18
2026-05-22 10:45:29,678 - sistema_relatorios - relatorios_interface - INFO - 🔍 INICIANDO gerar_relatorio para: consistencia_dados
2026-05-22 10:45:29,679 - sistema_relatorios - relatorios_interface - INFO - 📋 Processando outros relatórios: consistencia_dados
2026-05-22 10:46:03,198 - sistema_relatorios - relatorios_interface - INFO - Solicitado retorno ao menu principal
2026-05-22 10:46:03,199 - sistema_relatorios - relatorios_interface - INFO - Retornando ao menu principal existente
2026-05-22 10:46:03,253 - sistema_relatorios - relatorios_interface - INFO - Retorno ao menu principal concluído
2026-05-22 10:46:15,306 - sistema - logger_config - INFO - Sistema de logging inicializado
2026-05-22 10:46:15,307 - sistema_relatorios - logger_config - INFO - Usuário alterado para: sistema_relatorios
2026-05-22 10:46:15,307 - sistema_relatorios - relatorios_interface - INFO - Sistema de relatórios inicializando usando logger configurado
2026-05-22 10:46:15,308 - sistema_relatorios - relatorios_interface - INFO - Configurações de janela importadas com sucesso
2026-05-22 10:46:15,308 - sistema_relatorios - relatorios_interface - INFO - === Sistema de Relatórios Inicializando ===
2026-05-22 10:47:08,078 - sistema_relatorios - relatorios_interface - INFO - Carregando clientes de: C:\Users\Obras\sistema_gestao_testes\testes\Financeiro\Planilhas_Base\Clientes.xlsx
2026-05-22 10:47:08,157 - sistema_relatorios - relatorios_interface - INFO - Colunas disponíveis: ['Nome', 'Endereço', 'Data Inicial', 'Observações', 'Data Final', 'Tipo Taxa', 'CPF', 'CNO', 'Estado Civil', 'Cidade', 'Grupo', 'Logradouro', 'Numero', 'Complemento', 'Localidade', 'CEP', 'Estado', 'Metragem_Alvara', 'Banco', 'Agencia', 'Conta', 'Tipo_Conta', 'PIX']
2026-05-22 10:47:08,159 - sistema_relatorios - relatorios_interface - INFO - Coluna de status: Data Final
2026-05-22 10:47:08,163 - sistema_relatorios - relatorios_interface - INFO - Coluna de nome: Nome
2026-05-22 10:47:08,164 - sistema_relatorios - relatorios_interface - INFO - Total de clientes ativos encontrados: 18
2026-05-22 10:47:08,166 - sistema_relatorios - relatorios_interface - INFO - Lista de clientes atualizada com 19 clientes
2026-05-22 10:47:09,724 - sistema_relatorios - relatorios_interface - INFO - Carregando clientes de: C:\Users\Obras\sistema_gestao_testes\testes\Financeiro\Planilhas_Base\Clientes.xlsx
2026-05-22 10:47:09,749 - sistema_relatorios - relatorios_interface - INFO - Colunas disponíveis: ['Nome', 'Endereço', 'Data Inicial', 'Observações', 'Data Final', 'Tipo Taxa', 'CPF', 'CNO', 'Estado Civil', 'Cidade', 'Grupo', 'Logradouro', 'Numero', 'Complemento', 'Localidade', 'CEP', 'Estado', 'Metragem_Alvara', 'Banco', 'Agencia', 'Conta', 'Tipo_Conta', 'PIX']
2026-05-22 10:47:09,750 - sistema_relatorios - relatorios_interface - INFO - Coluna de status: Data Final
2026-05-22 10:47:09,752 - sistema_relatorios - relatorios_interface - INFO - Coluna de nome: Nome
2026-05-22 10:47:09,753 - sistema_relatorios - relatorios_interface - INFO - Total de clientes ativos encontrados: 18
2026-05-22 10:47:11,614 - sistema_relatorios - relatorios_interface - INFO - 🔍 INICIANDO gerar_relatorio para: consistencia_dados
2026-05-22 10:47:11,614 - sistema_relatorios - relatorios_interface - INFO - 📋 Processando outros relatórios: consistencia_dados
2026-05-22 10:48:35,957 - sistema_relatorios - relatorios_interface - INFO - Solicitado retorno ao menu principal
2026-05-22 10:48:35,958 - sistema_relatorios - relatorios_interface - INFO - Retornando ao menu principal existente
2026-05-22 10:48:36,040 - sistema_relatorios - relatorios_interface - INFO - Retorno ao menu principal concluído
2026-05-22 10:52:28,907 - sistema - logger_config - INFO - Sistema de logging inicializado
2026-05-22 10:52:28,908 - sistema_relatorios - logger_config - INFO - Usuário alterado para: sistema_relatorios
2026-05-22 10:52:28,909 - sistema_relatorios - relatorios_interface - INFO - Sistema de relatórios inicializando usando logger configurado
2026-05-22 10:52:28,909 - sistema_relatorios - relatorios_interface - INFO - Configurações de janela importadas com sucesso
2026-05-22 10:52:28,910 - sistema_relatorios - relatorios_interface - INFO - === Sistema de Relatórios Inicializando ===
2026-05-22 10:52:33,908 - sistema_relatorios - relatorios_interface - INFO - Carregando clientes de: C:\Users\Obras\sistema_gestao_testes\testes\Financeiro\Planilhas_Base\Clientes.xlsx
2026-05-22 10:52:33,981 - sistema_relatorios - relatorios_interface - INFO - Colunas disponíveis: ['Nome', 'Endereço', 'Data Inicial', 'Observações', 'Data Final', 'Tipo Taxa', 'CPF', 'CNO', 'Estado Civil', 'Cidade', 'Grupo', 'Logradouro', 'Numero', 'Complemento', 'Localidade', 'CEP', 'Estado', 'Metragem_Alvara', 'Banco', 'Agencia', 'Conta', 'Tipo_Conta', 'PIX']
2026-05-22 10:52:33,982 - sistema_relatorios - relatorios_interface - INFO - Coluna de status: Data Final
2026-05-22 10:52:33,984 - sistema_relatorios - relatorios_interface - INFO - Coluna de nome: Nome
2026-05-22 10:52:33,985 - sistema_relatorios - relatorios_interface - INFO - Total de clientes ativos encontrados: 18
2026-05-22 10:52:33,986 - sistema_relatorios - relatorios_interface - INFO - Lista de clientes atualizada com 19 clientes
2026-05-22 10:52:35,049 - sistema_relatorios - relatorios_interface - INFO - Carregando clientes de: C:\Users\Obras\sistema_gestao_testes\testes\Financeiro\Planilhas_Base\Clientes.xlsx
2026-05-22 10:52:35,076 - sistema_relatorios - relatorios_interface - INFO - Colunas disponíveis: ['Nome', 'Endereço', 'Data Inicial', 'Observações', 'Data Final', 'Tipo Taxa', 'CPF', 'CNO', 'Estado Civil', 'Cidade', 'Grupo', 'Logradouro', 'Numero', 'Complemento', 'Localidade', 'CEP', 'Estado', 'Metragem_Alvara', 'Banco', 'Agencia', 'Conta', 'Tipo_Conta', 'PIX']
2026-05-22 10:52:35,076 - sistema_relatorios - relatorios_interface - INFO - Coluna de status: Data Final
2026-05-22 10:52:35,078 - sistema_relatorios - relatorios_interface - INFO - Coluna de nome: Nome
2026-05-22 10:52:35,080 - sistema_relatorios - relatorios_interface - INFO - Total de clientes ativos encontrados: 18
2026-05-22 10:52:36,740 - sistema_relatorios - relatorios_interface - INFO - 🔍 INICIANDO gerar_relatorio para: consistencia_dados
2026-05-22 10:52:36,740 - sistema_relatorios - relatorios_interface - INFO - 📋 Processando outros relatórios: consistencia_dados
2026-05-22 10:58:58,354 - sistema_relatorios - relatorios_interface - INFO - Solicitado retorno ao menu principal
2026-05-22 10:58:58,354 - sistema_relatorios - relatorios_interface - INFO - Retornando ao menu principal existente
2026-05-22 10:58:58,413 - sistema_relatorios - relatorios_interface - INFO - Retorno ao menu principal concluído
2026-05-22 10:59:08,032 - sistema - logger_config - INFO - Sistema de logging inicializado
2026-05-22 10:59:08,032 - sistema_relatorios - logger_config - INFO - Usuário alterado para: sistema_relatorios
2026-05-22 10:59:08,033 - sistema_relatorios - relatorios_interface - INFO - Sistema de relatórios inicializando usando logger configurado
2026-05-22 10:59:08,033 - sistema_relatorios - relatorios_interface - INFO - Configurações de janela importadas com sucesso
2026-05-22 10:59:08,033 - sistema_relatorios - relatorios_interface - INFO - === Sistema de Relatórios Inicializando ===
2026-05-22 10:59:12,157 - sistema_relatorios - relatorios_interface - INFO - Carregando clientes de: C:\Users\Obras\sistema_gestao_testes\testes\Financeiro\Planilhas_Base\Clientes.xlsx
2026-05-22 10:59:12,225 - sistema_relatorios - relatorios_interface - INFO - Colunas disponíveis: ['Nome', 'Endereço', 'Data Inicial', 'Observações', 'Data Final', 'Tipo Taxa', 'CPF', 'CNO', 'Estado Civil', 'Cidade', 'Grupo', 'Logradouro', 'Numero', 'Complemento', 'Localidade', 'CEP', 'Estado', 'Metragem_Alvara', 'Banco', 'Agencia', 'Conta', 'Tipo_Conta', 'PIX']
2026-05-22 10:59:12,225 - sistema_relatorios - relatorios_interface - INFO - Coluna de status: Data Final
2026-05-22 10:59:12,228 - sistema_relatorios - relatorios_interface - INFO - Coluna de nome: Nome
2026-05-22 10:59:12,229 - sistema_relatorios - relatorios_interface - INFO - Total de clientes ativos encontrados: 18
2026-05-22 10:59:12,229 - sistema_relatorios - relatorios_interface - INFO - Lista de clientes atualizada com 19 clientes
2026-05-22 10:59:13,271 - sistema_relatorios - relatorios_interface - INFO - Carregando clientes de: C:\Users\Obras\sistema_gestao_testes\testes\Financeiro\Planilhas_Base\Clientes.xlsx
2026-05-22 10:59:13,298 - sistema_relatorios - relatorios_interface - INFO - Colunas disponíveis: ['Nome', 'Endereço', 'Data Inicial', 'Observações', 'Data Final', 'Tipo Taxa', 'CPF', 'CNO', 'Estado Civil', 'Cidade', 'Grupo', 'Logradouro', 'Numero', 'Complemento', 'Localidade', 'CEP', 'Estado', 'Metragem_Alvara', 'Banco', 'Agencia', 'Conta', 'Tipo_Conta', 'PIX']
2026-05-22 10:59:13,299 - sistema_relatorios - relatorios_interface - INFO - Coluna de status: Data Final
2026-05-22 10:59:13,301 - sistema_relatorios - relatorios_interface - INFO - Coluna de nome: Nome
2026-05-22 10:59:13,302 - sistema_relatorios - relatorios_interface - INFO - Total de clientes ativos encontrados: 18
2026-05-22 10:59:19,025 - sistema_relatorios - relatorios_interface - INFO - 🔍 INICIANDO gerar_relatorio para: consistencia_dados
2026-05-22 10:59:19,026 - sistema_relatorios - relatorios_interface - INFO - 📋 Processando outros relatórios: consistencia_dados
2026-05-22 11:02:49,624 - sistema_relatorios - relatorios_interface - INFO - Solicitado retorno ao menu principal
2026-05-22 11:02:49,625 - sistema_relatorios - relatorios_interface - INFO - Retornando ao menu principal existente
2026-05-22 11:02:49,662 - sistema_relatorios - relatorios_interface - INFO - Retorno ao menu principal concluído
2026-05-22 11:08:35,893 - sistema - logger_config - INFO - Sistema de logging inicializado
2026-05-22 11:40:40,464 - sistema - logger_config - INFO - Sistema de logging inicializado
