2026-01-02 17:50:34,478 - sistema - logger_config - INFO - Sistema de logging inicializado
2026-01-02 17:50:34,480 - sistema_relatorios - logger_config - INFO - Usuário alterado para: sistema_relatorios
2026-01-02 17:50:34,481 - sistema_relatorios - relatorios_interface - INFO - Sistema de relatórios inicializando usando logger configurado
2026-01-02 17:50:34,486 - sistema_relatorios - relatorios_interface - INFO - Configurações de janela importadas com sucesso
2026-01-02 17:50:34,487 - sistema_relatorios - relatorios_interface - INFO - === Sistema de Relatórios Inicializando ===
2026-01-02 17:50:39,806 - sistema_relatorios - logger_config - INFO - Iniciando: Carregar configurações
2026-01-02 17:50:39,840 - sistema_relatorios - logger_config - INFO - Concluído: Carregar configurações
2026-01-02 17:50:40,117 - sistema_relatorios - logger_config - INFO - Iniciando: Carregar configurações
2026-01-02 17:50:40,119 - sistema_relatorios - logger_config - INFO - Concluído: Carregar configurações
2026-01-02 17:50:40,123 - sistema_relatorios - logger_config - INFO - Iniciando: Carregar configurações
2026-01-02 17:50:40,124 - sistema_relatorios - logger_config - INFO - Concluído: Carregar configurações
2026-01-02 18:32:31,668 - sistema - logger_config - INFO - Sistema de logging inicializado
2026-01-02 18:32:31,669 - sistema_relatorios - logger_config - INFO - Usuário alterado para: sistema_relatorios
2026-01-02 18:32:31,670 - sistema_relatorios - relatorios_interface - INFO - Sistema de relatórios inicializando usando logger configurado
2026-01-02 18:32:31,671 - sistema_relatorios - relatorios_interface - INFO - Configurações de janela importadas com sucesso
2026-01-02 18:32:31,672 - sistema_relatorios - relatorios_interface - INFO - === Sistema de Relatórios Inicializando ===
2026-01-02 18:32:42,491 - sistema_relatorios - logger_config - INFO - Iniciando: Carregar configurações
2026-01-02 18:32:42,494 - sistema_relatorios - logger_config - INFO - Concluído: Carregar configurações
2026-01-02 18:32:42,708 - sistema_relatorios - logger_config - INFO - Iniciando: Carregar configurações
2026-01-02 18:32:42,710 - sistema_relatorios - logger_config - INFO - Concluído: Carregar configurações
2026-01-02 18:32:42,714 - sistema_relatorios - logger_config - INFO - Iniciando: Carregar configurações
2026-01-02 18:32:42,715 - sistema_relatorios - logger_config - INFO - Concluído: Carregar configurações
2026-01-02 18:39:48,969 - sistema - logger_config - INFO - Sistema de logging inicializado
2026-01-02 18:39:48,970 - sistema_relatorios - logger_config - INFO - Usuário alterado para: sistema_relatorios
2026-01-02 18:39:48,971 - sistema_relatorios - relatorios_interface - INFO - Sistema de relatórios inicializando usando logger configurado
2026-01-02 18:39:48,972 - sistema_relatorios - relatorios_interface - INFO - Configurações de janela importadas com sucesso
2026-01-02 18:39:48,973 - sistema_relatorios - relatorios_interface - INFO - === Sistema de Relatórios Inicializando ===
2026-01-02 18:39:55,718 - sistema_relatorios - logger_config - INFO - Iniciando: Carregar configurações
2026-01-02 18:39:55,720 - sistema_relatorios - logger_config - INFO - Concluído: Carregar configurações
2026-01-02 18:39:55,964 - sistema_relatorios - logger_config - INFO - Iniciando: Carregar configurações
2026-01-02 18:39:55,966 - sistema_relatorios - logger_config - INFO - Concluído: Carregar configurações
2026-01-02 18:39:55,969 - sistema_relatorios - logger_config - INFO - Iniciando: Carregar configurações
2026-01-02 18:39:55,970 - sistema_relatorios - logger_config - INFO - Concluído: Carregar configurações
2026-01-02 19:23:27,247 - sistema - logger_config - INFO - Sistema de logging inicializado
2026-01-02 19:23:27,248 - sistema_relatorios - logger_config - INFO - Usuário alterado para: sistema_relatorios
2026-01-02 19:23:27,249 - sistema_relatorios - relatorios_interface - INFO - Sistema de relatórios inicializando usando logger configurado
2026-01-02 19:23:27,249 - sistema_relatorios - relatorios_interface - INFO - Configurações de janela importadas com sucesso
2026-01-02 19:23:27,250 - sistema_relatorios - relatorios_interface - INFO - === Sistema de Relatórios Inicializando ===
2026-01-02 19:24:24,037 - sistema_relatorios - logger_config - INFO - Iniciando: Carregar configurações
2026-01-02 19:24:24,040 - sistema_relatorios - logger_config - INFO - Concluído: Carregar configurações
2026-01-02 19:24:24,212 - sistema_relatorios - logger_config - INFO - Iniciando: Carregar configurações
2026-01-02 19:24:24,212 - sistema_relatorios - logger_config - INFO - Concluído: Carregar configurações
2026-01-02 19:24:24,214 - sistema_relatorios - logger_config - INFO - Iniciando: Carregar configurações
2026-01-02 19:24:24,215 - sistema_relatorios - logger_config - INFO - Concluído: Carregar configurações
2026-01-02 19:27:56,128 - sistema - logger_config - INFO - Sistema de logging inicializado
2026-01-02 19:27:56,129 - sistema_relatorios - logger_config - INFO - Usuário alterado para: sistema_relatorios
2026-01-02 19:27:56,129 - sistema_relatorios - relatorios_interface - INFO - Sistema de relatórios inicializando usando logger configurado
2026-01-02 19:27:56,130 - sistema_relatorios - relatorios_interface - INFO - Configurações de janela importadas com sucesso
2026-01-02 19:27:56,130 - sistema_relatorios - relatorios_interface - INFO - === Sistema de Relatórios Inicializando ===
2026-01-02 19:28:08,494 - sistema_relatorios - logger_config - INFO - Iniciando: Carregar configurações
2026-01-02 19:28:08,496 - sistema_relatorios - logger_config - INFO - Concluído: Carregar configurações
2026-01-02 19:28:08,665 - sistema_relatorios - logger_config - INFO - Iniciando: Carregar configurações
2026-01-02 19:28:08,666 - sistema_relatorios - logger_config - INFO - Concluído: Carregar configurações
2026-01-02 19:28:08,669 - sistema_relatorios - logger_config - INFO - Iniciando: Carregar configurações
2026-01-02 19:28:08,669 - sistema_relatorios - logger_config - INFO - Concluído: Carregar configurações
2026-01-02 19:28:16,394 - sistema_relatorios - logger_config - INFO - Iniciando: Carregar configurações
2026-01-02 19:28:16,395 - sistema_relatorios - logger_config - INFO - Concluído: Carregar configurações
2026-01-02 19:28:39,802 - sistema_relatorios - logger_config - INFO - Iniciando: Carregar configurações
2026-01-02 19:28:39,802 - sistema_relatorios - logger_config - INFO - Concluído: Carregar configurações
2026-01-02 19:28:57,333 - sistema_relatorios - logger_config - INFO - Iniciando: Carregar configurações
2026-01-02 19:28:57,334 - sistema_relatorios - logger_config - INFO - Concluído: Carregar configurações
2026-01-02 19:29:14,429 - sistema_relatorios - logger_config - INFO - Iniciando: Carregar configurações
2026-01-02 19:29:14,430 - sistema_relatorios - logger_config - INFO - Concluído: Carregar configurações
2026-01-02 19:29:14,599 - sistema_relatorios - logger_config - INFO - Iniciando: Carregar configurações
2026-01-02 19:29:14,600 - sistema_relatorios - logger_config - INFO - Concluído: Carregar configurações
2026-01-02 19:29:14,602 - sistema_relatorios - logger_config - INFO - Iniciando: Carregar configurações
2026-01-02 19:29:14,603 - sistema_relatorios - logger_config - INFO - Concluído: Carregar configurações
2026-01-02 19:32:13,497 - sistema - logger_config - INFO - Sistema de logging inicializado
2026-01-02 19:32:13,498 - sistema_relatorios - logger_config - INFO - Usuário alterado para: sistema_relatorios
2026-01-02 19:32:13,499 - sistema_relatorios - relatorios_interface - INFO - Sistema de relatórios inicializando usando logger configurado
2026-01-02 19:32:13,499 - sistema_relatorios - relatorios_interface - INFO - Configurações de janela importadas com sucesso
2026-01-02 19:32:13,500 - sistema_relatorios - relatorios_interface - INFO - === Sistema de Relatórios Inicializando ===
2026-01-02 19:32:26,308 - sistema_relatorios - relatorios_interface - INFO - Carregando clientes de: C:\Users\Obras\sistema_gestao_testes\testes\Financeiro\Planilhas_Base\Clientes.xlsx
2026-01-02 19:32:26,369 - sistema_relatorios - relatorios_interface - INFO - Colunas disponíveis: ['Nome', 'Endereço', 'Data Inicial', 'Observações', 'Data Final', 'Tipo Taxa', 'CPF', 'CNO', 'Estado Civil', 'Cidade', 'Grupo', 'Logradouro', 'Numero', 'Complemento', 'Localidade', 'CEP', 'Estado', 'Metragem_Alvara', 'Banco', 'Agencia', 'Conta', 'Tipo_Conta', 'PIX']
2026-01-02 19:32:26,370 - sistema_relatorios - relatorios_interface - INFO - Coluna de status: Data Final
2026-01-02 19:32:26,382 - sistema_relatorios - relatorios_interface - INFO - Coluna de nome: Nome
2026-01-02 19:32:26,383 - sistema_relatorios - relatorios_interface - INFO - Total de clientes ativos encontrados: 15
2026-01-02 19:32:26,385 - sistema_relatorios - relatorios_interface - INFO - Lista de clientes atualizada com 16 clientes
2026-01-02 19:32:28,115 - sistema_relatorios - relatorios_interface - INFO - Carregando clientes de: C:\Users\Obras\sistema_gestao_testes\testes\Financeiro\Planilhas_Base\Clientes.xlsx
2026-01-02 19:32:28,140 - sistema_relatorios - relatorios_interface - INFO - Colunas disponíveis: ['Nome', 'Endereço', 'Data Inicial', 'Observações', 'Data Final', 'Tipo Taxa', 'CPF', 'CNO', 'Estado Civil', 'Cidade', 'Grupo', 'Logradouro', 'Numero', 'Complemento', 'Localidade', 'CEP', 'Estado', 'Metragem_Alvara', 'Banco', 'Agencia', 'Conta', 'Tipo_Conta', 'PIX']
2026-01-02 19:32:28,141 - sistema_relatorios - relatorios_interface - INFO - Coluna de status: Data Final
2026-01-02 19:32:28,143 - sistema_relatorios - relatorios_interface - INFO - Coluna de nome: Nome
2026-01-02 19:32:28,144 - sistema_relatorios - relatorios_interface - INFO - Total de clientes ativos encontrados: 15
2026-01-02 19:32:29,829 - sistema_relatorios - relatorios_interface - INFO - 🔍 INICIANDO gerar_relatorio para: tipo_despesa
2026-01-02 19:32:29,830 - sistema_relatorios - relatorios_interface - INFO - 📋 Processando outros relatórios: tipo_despesa
2026-01-02 19:32:45,413 - sistema_relatorios - relatorios_interface - INFO - Solicitado retorno ao menu principal
2026-01-02 19:32:45,429 - sistema_relatorios - relatorios_interface - INFO - Retornando ao menu principal existente
2026-01-02 19:32:45,528 - sistema_relatorios - relatorios_interface - INFO - Retorno ao menu principal concluído
2026-01-02 19:32:48,763 - sistema_relatorios - logger_config - INFO - Iniciando: Carregar configurações
2026-01-02 19:32:48,766 - sistema_relatorios - logger_config - INFO - Concluído: Carregar configurações
2026-01-02 19:32:49,010 - sistema_relatorios - logger_config - INFO - Iniciando: Carregar configurações
2026-01-02 19:32:49,011 - sistema_relatorios - logger_config - INFO - Concluído: Carregar configurações
2026-01-02 19:32:49,014 - sistema_relatorios - logger_config - INFO - Iniciando: Carregar configurações
2026-01-02 19:32:49,015 - sistema_relatorios - logger_config - INFO - Concluído: Carregar configurações
2026-01-02 19:33:00,145 - sistema_relatorios - logger_config - INFO - Iniciando: Carregar configurações
2026-01-02 19:33:00,145 - sistema_relatorios - logger_config - INFO - Concluído: Carregar configurações
2026-01-02 19:33:00,370 - sistema_relatorios - logger_config - INFO - Iniciando: Carregar configurações
2026-01-02 19:33:00,400 - sistema_relatorios - logger_config - INFO - Concluído: Carregar configurações
2026-01-02 19:33:00,437 - sistema_relatorios - logger_config - INFO - Iniciando: Carregar configurações
2026-01-02 19:33:00,458 - sistema_relatorios - logger_config - INFO - Concluído: Carregar configurações
