2026-07-09 15:18:51,983 - sistema - logger_config - INFO - Sistema de logging inicializado
2026-07-09 15:18:51,984 - sistema_relatorios - logger_config - INFO - Usuário alterado para: sistema_relatorios
2026-07-09 15:18:51,985 - sistema_relatorios - relatorios_interface - INFO - Sistema de relatórios inicializando usando logger configurado
2026-07-09 15:18:51,986 - sistema_relatorios - relatorios_interface - INFO - Configurações de janela importadas com sucesso
2026-07-09 15:18:51,986 - sistema_relatorios - relatorios_interface - INFO - === Sistema de Relatórios Inicializando ===
2026-07-09 15:19:06,470 - sistema_relatorios - logger_config - INFO - Iniciando: Carregar configurações
2026-07-09 15:19:06,497 - sistema_relatorios - logger_config - INFO - Concluído: Carregar configurações
2026-07-09 15:19:06,712 - sistema_relatorios - logger_config - INFO - Iniciando: Carregar configurações
2026-07-09 15:19:06,713 - sistema_relatorios - logger_config - INFO - Concluído: Carregar configurações
2026-07-09 15:19:06,716 - sistema_relatorios - logger_config - INFO - Iniciando: Carregar configurações
2026-07-09 15:19:06,717 - sistema_relatorios - logger_config - INFO - Concluído: Carregar configurações
2026-07-09 15:21:20,799 - sistema - logger_config - INFO - Sistema de logging inicializado
2026-07-09 15:21:20,800 - sistema_relatorios - logger_config - INFO - Usuário alterado para: sistema_relatorios
2026-07-09 15:21:20,800 - sistema_relatorios - relatorios_interface - INFO - Sistema de relatórios inicializando usando logger configurado
2026-07-09 15:21:20,801 - sistema_relatorios - relatorios_interface - INFO - Configurações de janela importadas com sucesso
2026-07-09 15:21:20,802 - sistema_relatorios - relatorios_interface - INFO - === Sistema de Relatórios Inicializando ===
2026-07-09 15:21:22,471 - sistema_relatorios - logger_config - INFO - Iniciando: Carregar configurações
2026-07-09 15:21:22,474 - sistema_relatorios - logger_config - INFO - Concluído: Carregar configurações
2026-07-09 15:21:22,639 - sistema_relatorios - logger_config - INFO - Iniciando: Carregar configurações
2026-07-09 15:21:22,639 - sistema_relatorios - logger_config - INFO - Concluído: Carregar configurações
2026-07-09 15:21:22,641 - sistema_relatorios - logger_config - INFO - Iniciando: Carregar configurações
2026-07-09 15:21:22,641 - sistema_relatorios - logger_config - INFO - Concluído: Carregar configurações
2026-07-09 15:58:49,877 - sistema - logger_config - INFO - Sistema de logging inicializado
2026-07-09 15:58:49,878 - sistema_relatorios - logger_config - INFO - Usuário alterado para: sistema_relatorios
2026-07-09 15:58:49,879 - sistema_relatorios - relatorios_interface - INFO - Sistema de relatórios inicializando usando logger configurado
2026-07-09 15:58:49,879 - sistema_relatorios - relatorios_interface - INFO - Configurações de janela importadas com sucesso
2026-07-09 15:58:49,880 - sistema_relatorios - relatorios_interface - INFO - === Sistema de Relatórios Inicializando ===
2026-07-09 15:59:02,526 - sistema_relatorios - logger_config - INFO - Iniciando: Carregar configurações
2026-07-09 15:59:02,549 - sistema_relatorios - logger_config - INFO - Concluído: Carregar configurações
2026-07-09 15:59:02,747 - sistema_relatorios - logger_config - INFO - Iniciando: Carregar configurações
2026-07-09 15:59:02,747 - sistema_relatorios - logger_config - INFO - Concluído: Carregar configurações
2026-07-09 15:59:02,749 - sistema_relatorios - logger_config - INFO - Iniciando: Carregar configurações
2026-07-09 15:59:02,750 - sistema_relatorios - logger_config - INFO - Concluído: Carregar configurações
2026-07-09 16:07:29,264 - sistema - logger_config - INFO - Sistema de logging inicializado
2026-07-09 16:07:29,267 - sistema_relatorios - logger_config - INFO - Usuário alterado para: sistema_relatorios
2026-07-09 16:07:29,267 - sistema_relatorios - relatorios_interface - INFO - Sistema de relatórios inicializando usando logger configurado
2026-07-09 16:07:29,268 - sistema_relatorios - relatorios_interface - INFO - Configurações de janela importadas com sucesso
2026-07-09 16:07:29,269 - sistema_relatorios - relatorios_interface - INFO - === Sistema de Relatórios Inicializando ===
2026-07-09 16:07:42,473 - sistema_relatorios - logger_config - INFO - Iniciando: Carregar configurações
2026-07-09 16:07:42,479 - sistema_relatorios - logger_config - INFO - Concluído: Carregar configurações
2026-07-09 16:07:42,675 - sistema_relatorios - logger_config - INFO - Iniciando: Carregar configurações
2026-07-09 16:07:42,676 - sistema_relatorios - logger_config - INFO - Concluído: Carregar configurações
2026-07-09 16:07:42,678 - sistema_relatorios - logger_config - INFO - Iniciando: Carregar configurações
2026-07-09 16:07:42,678 - sistema_relatorios - logger_config - INFO - Concluído: Carregar configurações
2026-07-09 16:23:25,983 - sistema - logger_config - INFO - Sistema de logging inicializado
2026-07-09 16:23:25,985 - sistema_relatorios - logger_config - INFO - Usuário alterado para: sistema_relatorios
2026-07-09 16:23:25,986 - sistema_relatorios - relatorios_interface - INFO - Sistema de relatórios inicializando usando logger configurado
2026-07-09 16:23:25,986 - sistema_relatorios - relatorios_interface - INFO - Configurações de janela importadas com sucesso
2026-07-09 16:23:25,987 - sistema_relatorios - relatorios_interface - INFO - === Sistema de Relatórios Inicializando ===
2026-07-09 16:23:42,366 - sistema_relatorios - logger_config - INFO - Iniciando: Carregar configurações
2026-07-09 16:23:42,369 - sistema_relatorios - logger_config - INFO - Concluído: Carregar configurações
2026-07-09 16:23:42,585 - sistema_relatorios - logger_config - INFO - Iniciando: Carregar configurações
2026-07-09 16:23:42,586 - sistema_relatorios - logger_config - INFO - Concluído: Carregar configurações
2026-07-09 16:23:42,588 - sistema_relatorios - logger_config - INFO - Iniciando: Carregar configurações
2026-07-09 16:23:42,588 - sistema_relatorios - logger_config - INFO - Concluído: Carregar configurações
2026-07-09 17:06:27,269 - sistema - logger_config - INFO - Sistema de logging inicializado
2026-07-09 17:06:27,270 - sistema_relatorios - logger_config - INFO - Usuário alterado para: sistema_relatorios
2026-07-09 17:06:27,271 - sistema_relatorios - relatorios_interface - INFO - Sistema de relatórios inicializando usando logger configurado
2026-07-09 17:06:27,271 - sistema_relatorios - relatorios_interface - INFO - Configurações de janela importadas com sucesso
2026-07-09 17:06:27,272 - sistema_relatorios - relatorios_interface - INFO - === Sistema de Relatórios Inicializando ===
2026-07-09 17:14:07,682 - sistema - logger_config - INFO - Sistema de logging inicializado
2026-07-09 17:14:07,718 - sistema_relatorios - logger_config - INFO - Usuário alterado para: sistema_relatorios
2026-07-09 17:14:07,724 - sistema_relatorios - relatorios_interface - INFO - Sistema de relatórios inicializando usando logger configurado
2026-07-09 17:14:07,766 - sistema_relatorios - relatorios_interface - INFO - Configurações de janela importadas com sucesso
2026-07-09 17:14:07,789 - sistema_relatorios - relatorios_interface - INFO - === Sistema de Relatórios Inicializando ===
2026-07-09 17:14:12,279 - sistema_relatorios - logger_config - INFO - Iniciando: Carregar configurações
2026-07-09 17:14:12,360 - sistema_relatorios - logger_config - INFO - Concluído: Carregar configurações
2026-07-09 17:14:12,708 - sistema_relatorios - logger_config - INFO - Iniciando: Carregar configurações
2026-07-09 17:14:12,723 - sistema_relatorios - logger_config - INFO - Concluído: Carregar configurações
2026-07-09 17:14:12,730 - sistema_relatorios - logger_config - INFO - Iniciando: Carregar configurações
2026-07-09 17:14:12,736 - sistema_relatorios - logger_config - INFO - Concluído: Carregar configurações
2026-07-09 17:14:28,663 - sistema_relatorios - logger_config - INFO - Iniciando: Carregar configurações
2026-07-09 17:14:28,663 - sistema_relatorios - logger_config - INFO - Iniciando: Carregar configurações
2026-07-09 17:14:28,664 - sistema_relatorios - logger_config - INFO - Concluído: Carregar configurações
2026-07-09 17:14:28,665 - sistema_relatorios - logger_config - INFO - Concluído: Carregar configurações
2026-07-09 17:14:28,665 - sistema_relatorios - logger_config - INFO - Iniciando: Carregar configurações
2026-07-09 17:14:28,666 - sistema_relatorios - logger_config - INFO - Concluído: Carregar configurações
2026-07-09 17:14:28,671 - sistema_relatorios - logger_config - INFO - Iniciando: Carregar configurações
2026-07-09 17:14:28,672 - sistema_relatorios - logger_config - INFO - Concluído: Carregar configurações
2026-07-09 17:16:45,225 - sistema_relatorios - logger_config - INFO - Iniciando: Carregar configurações
2026-07-09 17:16:45,226 - sistema_relatorios - logger_config - INFO - Iniciando: Carregar configurações
2026-07-09 17:16:45,226 - sistema_relatorios - logger_config - INFO - Concluído: Carregar configurações
2026-07-09 17:16:45,227 - sistema_relatorios - logger_config - INFO - Concluído: Carregar configurações
2026-07-09 17:16:45,228 - sistema_relatorios - logger_config - INFO - Iniciando: Carregar configurações
2026-07-09 17:16:45,228 - sistema_relatorios - logger_config - INFO - Concluído: Carregar configurações
2026-07-09 17:16:45,237 - sistema_relatorios - logger_config - INFO - Iniciando: Carregar configurações
2026-07-09 17:16:45,238 - sistema_relatorios - logger_config - INFO - Concluído: Carregar configurações
2026-07-09 17:32:55,722 - sistema - logger_config - INFO - Sistema de logging inicializado
2026-07-09 17:32:55,725 - sistema_relatorios - logger_config - INFO - Usuário alterado para: sistema_relatorios
2026-07-09 17:32:55,727 - sistema_relatorios - relatorios_interface - INFO - Sistema de relatórios inicializando usando logger configurado
2026-07-09 17:32:55,730 - sistema_relatorios - relatorios_interface - INFO - Configurações de janela importadas com sucesso
2026-07-09 17:32:55,733 - sistema_relatorios - relatorios_interface - INFO - === Sistema de Relatórios Inicializando ===
2026-07-09 17:33:13,200 - sistema_relatorios - logger_config - INFO - Iniciando: Carregar configurações
2026-07-09 17:33:13,268 - sistema_relatorios - logger_config - INFO - Concluído: Carregar configurações
2026-07-09 17:33:13,510 - sistema_relatorios - logger_config - INFO - Iniciando: Carregar configurações
2026-07-09 17:33:13,516 - sistema_relatorios - logger_config - INFO - Concluído: Carregar configurações
2026-07-09 17:33:13,535 - sistema_relatorios - logger_config - INFO - Iniciando: Carregar configurações
2026-07-09 17:33:13,550 - sistema_relatorios - logger_config - INFO - Concluído: Carregar configurações
2026-07-09 17:36:25,315 - sistema_relatorios - logger_config - INFO - Iniciando: Carregar configurações
2026-07-09 17:36:25,316 - sistema_relatorios - logger_config - INFO - Iniciando: Carregar configurações
2026-07-09 17:36:25,316 - sistema_relatorios - logger_config - INFO - Concluído: Carregar configurações
2026-07-09 17:36:25,317 - sistema_relatorios - logger_config - INFO - Concluído: Carregar configurações
2026-07-09 17:36:25,318 - sistema_relatorios - logger_config - INFO - Iniciando: Carregar configurações
2026-07-09 17:36:25,319 - sistema_relatorios - logger_config - INFO - Concluído: Carregar configurações
2026-07-09 17:36:25,324 - sistema_relatorios - logger_config - INFO - Iniciando: Carregar configurações
2026-07-09 17:36:25,325 - sistema_relatorios - logger_config - INFO - Concluído: Carregar configurações
2026-07-09 17:40:16,973 - sistema - logger_config - INFO - Sistema de logging inicializado
2026-07-09 17:40:16,974 - sistema_relatorios - logger_config - INFO - Usuário alterado para: sistema_relatorios
2026-07-09 17:40:16,975 - sistema_relatorios - relatorios_interface - INFO - Sistema de relatórios inicializando usando logger configurado
2026-07-09 17:40:16,975 - sistema_relatorios - relatorios_interface - INFO - Configurações de janela importadas com sucesso
2026-07-09 17:40:16,976 - sistema_relatorios - relatorios_interface - INFO - === Sistema de Relatórios Inicializando ===
2026-07-09 17:40:19,467 - sistema_relatorios - logger_config - INFO - Iniciando: Carregar configurações
2026-07-09 17:40:19,472 - sistema_relatorios - logger_config - INFO - Concluído: Carregar configurações
2026-07-09 17:40:19,705 - sistema_relatorios - logger_config - INFO - Iniciando: Carregar configurações
2026-07-09 17:40:19,706 - sistema_relatorios - logger_config - INFO - Concluído: Carregar configurações
2026-07-09 17:40:19,708 - sistema_relatorios - logger_config - INFO - Iniciando: Carregar configurações
2026-07-09 17:40:19,709 - sistema_relatorios - logger_config - INFO - Concluído: Carregar configurações
2026-07-09 17:40:41,379 - sistema_relatorios - logger_config - INFO - Iniciando: Carregar configurações
2026-07-09 17:40:41,379 - sistema_relatorios - logger_config - INFO - Iniciando: Carregar configurações
2026-07-09 17:40:41,380 - sistema_relatorios - logger_config - INFO - Concluído: Carregar configurações
2026-07-09 17:40:41,380 - sistema_relatorios - logger_config - INFO - Concluído: Carregar configurações
2026-07-09 17:40:41,381 - sistema_relatorios - logger_config - INFO - Iniciando: Carregar configurações
2026-07-09 17:40:41,381 - sistema_relatorios - logger_config - INFO - Concluído: Carregar configurações
2026-07-09 17:40:41,387 - sistema_relatorios - logger_config - INFO - Iniciando: Carregar configurações
2026-07-09 17:40:41,388 - sistema_relatorios - logger_config - INFO - Concluído: Carregar configurações
2026-07-09 17:59:07,894 - sistema - logger_config - INFO - Sistema de logging inicializado
2026-07-09 17:59:07,899 - sistema_relatorios - logger_config - INFO - Usuário alterado para: sistema_relatorios
2026-07-09 17:59:07,908 - sistema_relatorios - relatorios_interface - INFO - Sistema de relatórios inicializando usando logger configurado
2026-07-09 17:59:07,909 - sistema_relatorios - relatorios_interface - INFO - Configurações de janela importadas com sucesso
2026-07-09 17:59:07,909 - sistema_relatorios - relatorios_interface - INFO - === Sistema de Relatórios Inicializando ===
2026-07-09 17:59:21,391 - sistema_relatorios - logger_config - INFO - Iniciando: Carregar configurações
2026-07-09 17:59:21,395 - sistema_relatorios - logger_config - INFO - Concluído: Carregar configurações
2026-07-09 17:59:21,608 - sistema_relatorios - logger_config - INFO - Iniciando: Carregar configurações
2026-07-09 17:59:21,609 - sistema_relatorios - logger_config - INFO - Concluído: Carregar configurações
2026-07-09 17:59:21,613 - sistema_relatorios - logger_config - INFO - Iniciando: Carregar configurações
2026-07-09 17:59:21,616 - sistema_relatorios - logger_config - INFO - Concluído: Carregar configurações
2026-07-09 17:59:29,128 - sistema_relatorios - logger_config - INFO - Iniciando: Carregar configurações
2026-07-09 17:59:29,129 - sistema_relatorios - logger_config - INFO - Concluído: Carregar configurações
2026-07-09 18:04:56,134 - sistema - logger_config - INFO - Sistema de logging inicializado
2026-07-09 18:04:56,135 - sistema_relatorios - logger_config - INFO - Usuário alterado para: sistema_relatorios
2026-07-09 18:04:56,135 - sistema_relatorios - relatorios_interface - INFO - Sistema de relatórios inicializando usando logger configurado
2026-07-09 18:04:56,136 - sistema_relatorios - relatorios_interface - INFO - Configurações de janela importadas com sucesso
2026-07-09 18:04:56,136 - sistema_relatorios - relatorios_interface - INFO - === Sistema de Relatórios Inicializando ===
2026-07-09 18:04:57,986 - sistema_relatorios - logger_config - INFO - Iniciando: Carregar configurações
2026-07-09 18:04:57,988 - sistema_relatorios - logger_config - INFO - Concluído: Carregar configurações
2026-07-09 18:04:58,172 - sistema_relatorios - logger_config - INFO - Iniciando: Carregar configurações
2026-07-09 18:04:58,173 - sistema_relatorios - logger_config - INFO - Concluído: Carregar configurações
2026-07-09 18:04:58,176 - sistema_relatorios - logger_config - INFO - Iniciando: Carregar configurações
2026-07-09 18:04:58,177 - sistema_relatorios - logger_config - INFO - Concluído: Carregar configurações
2026-07-09 18:32:58,155 - sistema - logger_config - INFO - Sistema de logging inicializado
2026-07-09 18:32:58,158 - sistema_relatorios - logger_config - INFO - Usuário alterado para: sistema_relatorios
2026-07-09 18:32:58,161 - sistema_relatorios - relatorios_interface - INFO - Sistema de relatórios inicializando usando logger configurado
2026-07-09 18:32:58,177 - sistema_relatorios - relatorios_interface - INFO - Configurações de janela importadas com sucesso
2026-07-09 18:32:58,180 - sistema_relatorios - relatorios_interface - INFO - === Sistema de Relatórios Inicializando ===
2026-07-09 18:33:16,065 - sistema_relatorios - logger_config - INFO - Iniciando: Carregar configurações
2026-07-09 18:33:16,071 - sistema_relatorios - logger_config - INFO - Concluído: Carregar configurações
2026-07-09 18:33:16,353 - sistema_relatorios - logger_config - INFO - Iniciando: Carregar configurações
2026-07-09 18:33:16,358 - sistema_relatorios - logger_config - INFO - Concluído: Carregar configurações
2026-07-09 18:33:16,363 - sistema_relatorios - logger_config - INFO - Iniciando: Carregar configurações
2026-07-09 18:33:16,376 - sistema_relatorios - logger_config - INFO - Concluído: Carregar configurações
2026-07-09 18:33:53,361 - sistema_relatorios - logger_config - INFO - Iniciando: Carregar configurações
2026-07-09 18:33:53,361 - sistema_relatorios - logger_config - INFO - Concluído: Carregar configurações
2026-07-09 18:33:53,364 - sistema_relatorios - logger_config - INFO - Iniciando: Carregar configurações
2026-07-09 18:33:53,364 - sistema_relatorios - logger_config - INFO - Concluído: Carregar configurações
2026-07-09 18:34:47,427 - sistema_relatorios - logger_config - INFO - Iniciando: Carregar configurações
2026-07-09 18:34:47,427 - sistema_relatorios - logger_config - INFO - Concluído: Carregar configurações
2026-07-09 18:34:47,430 - sistema_relatorios - logger_config - INFO - Iniciando: Carregar configurações
2026-07-09 18:34:47,430 - sistema_relatorios - logger_config - INFO - Concluído: Carregar configurações
2026-07-09 18:35:48,873 - sistema_relatorios - logger_config - INFO - Iniciando: Carregar configurações
2026-07-09 18:35:48,873 - sistema_relatorios - logger_config - INFO - Concluído: Carregar configurações
2026-07-09 18:35:48,874 - sistema_relatorios - logger_config - INFO - Iniciando: Carregar configurações
2026-07-09 18:35:48,874 - sistema_relatorios - logger_config - INFO - Concluído: Carregar configurações
2026-07-09 18:35:48,876 - sistema_relatorios - logger_config - INFO - Iniciando: Carregar configurações
2026-07-09 18:35:48,876 - sistema_relatorios - logger_config - INFO - Concluído: Carregar configurações
2026-07-09 18:35:48,877 - sistema_relatorios - logger_config - INFO - Iniciando: Carregar configurações
2026-07-09 18:35:48,877 - sistema_relatorios - logger_config - INFO - Concluído: Carregar configurações
2026-07-09 18:36:11,346 - sistema_relatorios - logger_config - INFO - Iniciando: Carregar configurações
2026-07-09 18:36:11,347 - sistema_relatorios - logger_config - INFO - Concluído: Carregar configurações
2026-07-09 18:36:11,350 - sistema_relatorios - logger_config - INFO - Iniciando: Carregar configurações
2026-07-09 18:36:11,351 - sistema_relatorios - logger_config - INFO - Concluído: Carregar configurações
2026-07-09 18:36:40,324 - sistema_relatorios - logger_config - INFO - Iniciando: Carregar configurações
2026-07-09 18:36:40,325 - sistema_relatorios - logger_config - INFO - Concluído: Carregar configurações
2026-07-09 18:36:40,325 - sistema_relatorios - logger_config - INFO - Iniciando: Carregar configurações
2026-07-09 18:36:40,326 - sistema_relatorios - logger_config - INFO - Concluído: Carregar configurações
2026-07-09 18:36:40,327 - sistema_relatorios - logger_config - INFO - Iniciando: Carregar configurações
2026-07-09 18:36:40,328 - sistema_relatorios - logger_config - INFO - Concluído: Carregar configurações
2026-07-09 18:36:40,328 - sistema_relatorios - logger_config - INFO - Iniciando: Carregar configurações
2026-07-09 18:36:40,329 - sistema_relatorios - logger_config - INFO - Concluído: Carregar configurações
2026-07-09 18:36:52,451 - sistema_relatorios - logger_config - INFO - Iniciando: Carregar configurações
2026-07-09 18:36:52,451 - sistema_relatorios - logger_config - INFO - Concluído: Carregar configurações
2026-07-09 18:36:52,455 - sistema_relatorios - logger_config - INFO - Iniciando: Carregar configurações
2026-07-09 18:36:52,455 - sistema_relatorios - logger_config - INFO - Concluído: Carregar configurações
2026-07-09 18:43:00,371 - sistema - logger_config - INFO - Sistema de logging inicializado
2026-07-09 18:43:00,372 - sistema_relatorios - logger_config - INFO - Usuário alterado para: sistema_relatorios
2026-07-09 18:43:00,372 - sistema_relatorios - relatorios_interface - INFO - Sistema de relatórios inicializando usando logger configurado
2026-07-09 18:43:00,373 - sistema_relatorios - relatorios_interface - INFO - Configurações de janela importadas com sucesso
2026-07-09 18:43:00,373 - sistema_relatorios - relatorios_interface - INFO - === Sistema de Relatórios Inicializando ===
2026-07-09 18:43:02,161 - sistema_relatorios - logger_config - INFO - Iniciando: Carregar configurações
2026-07-09 18:43:02,165 - sistema_relatorios - logger_config - INFO - Concluído: Carregar configurações
2026-07-09 18:43:02,350 - sistema_relatorios - logger_config - INFO - Iniciando: Carregar configurações
2026-07-09 18:43:02,351 - sistema_relatorios - logger_config - INFO - Concluído: Carregar configurações
2026-07-09 18:43:02,353 - sistema_relatorios - logger_config - INFO - Iniciando: Carregar configurações
2026-07-09 18:43:02,353 - sistema_relatorios - logger_config - INFO - Concluído: Carregar configurações
2026-07-09 18:43:37,743 - sistema_relatorios - logger_config - INFO - Iniciando: Carregar configurações
2026-07-09 18:43:37,743 - sistema_relatorios - logger_config - INFO - Concluído: Carregar configurações
2026-07-09 18:43:37,746 - sistema_relatorios - logger_config - INFO - Iniciando: Carregar configurações
2026-07-09 18:43:37,747 - sistema_relatorios - logger_config - INFO - Concluído: Carregar configurações
2026-07-09 19:55:14,540 - sistema - logger_config - INFO - Sistema de logging inicializado
2026-07-09 19:55:14,541 - sistema_relatorios - logger_config - INFO - Usuário alterado para: sistema_relatorios
2026-07-09 19:55:14,541 - sistema_relatorios - relatorios_interface - INFO - Sistema de relatórios inicializando usando logger configurado
2026-07-09 19:55:14,542 - sistema_relatorios - relatorios_interface - INFO - Configurações de janela importadas com sucesso
2026-07-09 19:55:14,542 - sistema_relatorios - relatorios_interface - INFO - === Sistema de Relatórios Inicializando ===
2026-07-09 19:57:14,129 - sistema - logger_config - INFO - Sistema de logging inicializado
2026-07-09 19:57:14,130 - sistema_relatorios - logger_config - INFO - Usuário alterado para: sistema_relatorios
2026-07-09 19:57:14,130 - sistema_relatorios - relatorios_interface - INFO - Sistema de relatórios inicializando usando logger configurado
2026-07-09 19:57:14,131 - sistema_relatorios - relatorios_interface - INFO - Configurações de janela importadas com sucesso
2026-07-09 19:57:14,131 - sistema_relatorios - relatorios_interface - INFO - === Sistema de Relatórios Inicializando ===
2026-07-09 19:58:33,212 - sistema - logger_config - INFO - Sistema de logging inicializado
2026-07-09 19:58:33,214 - sistema_relatorios - logger_config - INFO - Usuário alterado para: sistema_relatorios
2026-07-09 19:58:33,215 - sistema_relatorios - relatorios_interface - INFO - Sistema de relatórios inicializando usando logger configurado
2026-07-09 19:58:33,215 - sistema_relatorios - relatorios_interface - INFO - Configurações de janela importadas com sucesso
2026-07-09 19:58:33,217 - sistema_relatorios - relatorios_interface - INFO - === Sistema de Relatórios Inicializando ===
