2025-09-23 10:02:19,109 - sistema - logger_config - INFO - Sistema de logging inicializado
2025-09-23 10:02:20,769 - sistema - logger_config - INFO - Iniciando: Carregar configurações
2025-09-23 10:02:20,784 - sistema - logger_config - INFO - Concluído: Carregar configurações
2025-09-23 10:02:20,803 - sistema - logger_config - INFO - Iniciando: Carregar configurações
2025-09-23 10:02:20,803 - sistema - logger_config - INFO - Concluído: Carregar configurações
2025-09-23 10:03:13,998 - sistema - logger_config - INFO - Iniciando: Carregar configurações
2025-09-23 10:03:13,999 - sistema - logger_config - INFO - Concluído: Carregar configurações
2025-09-23 10:04:04,156 - sistema - Sistema_Entrada_Dados - INFO - Iniciando adição de dados - Cliente: BRUNO SANTANA RINALDI
2025-09-23 10:04:04,156 - sistema - Sistema_Entrada_Dados - WARNING - Falha na validação dos campos
2025-09-23 10:05:14,287 - sistema - Sistema_Entrada_Dados - INFO - Iniciando adição de dados - Cliente: BRUNO SANTANA RINALDI
2025-09-23 10:05:14,287 - sistema - Sistema_Entrada_Dados - WARNING - Falha na validação dos campos
2025-09-23 10:17:50,642 - sistema - logger_config - INFO - Sistema de logging inicializado
2025-09-23 10:17:52,027 - sistema - logger_config - INFO - Iniciando: Carregar configurações
2025-09-23 10:17:52,042 - sistema - logger_config - INFO - Concluído: Carregar configurações
2025-09-23 10:17:52,042 - sistema - logger_config - INFO - Iniciando: Carregar configurações
2025-09-23 10:17:52,042 - sistema - logger_config - INFO - Concluído: Carregar configurações
2025-09-23 10:18:05,503 - sistema - logger_config - INFO - Iniciando: Carregar configurações
2025-09-23 10:18:05,503 - sistema - logger_config - INFO - Concluído: Carregar configurações
2025-09-23 10:18:30,927 - sistema - Sistema_Entrada_Dados - INFO - Iniciando adição de dados - Cliente: BRUNO SANTANA RINALDI
2025-09-23 10:18:34,697 - sistema - Sistema_Entrada_Dados - INFO - Dados adicionados com sucesso - Cliente: BRUNO SANTANA RINALDI, Total: 1
2025-09-23 10:18:47,026 - sistema - Sistema_Entrada_Dados - INFO - Iniciando envio de dados - Cliente: BRUNO SANTANA RINALDI, Registros: 1
2025-09-23 10:18:47,026 - sistema - Sistema_Entrada_Dados - INFO - Obtendo dados do visualizador
2025-09-23 10:18:47,026 - sistema - Sistema_Entrada_Dados - INFO - Total de registros a processar: 1
2025-09-23 10:18:47,026 - sistema - Sistema_Entrada_Dados - INFO - Datas que serão afetadas pela inserção: ['05/10/2025']
2025-09-23 10:18:47,026 - sistema - Sistema_Entrada_Dados - INFO - Salvando em: C:\Users\Obras\sistema_gestao_testes\testes\Financeiro\Clientes\BRUNO SANTANA RINALDI.xlsx
2025-09-23 10:18:47,026 - sistema - Sistema_Entrada_Dados - INFO - Verificando integridade dos IDs antes da inserção
2025-09-23 10:18:47,947 - sistema - Sistema_Entrada_Dados - ERROR - 🔍 MÉTODO DE VERIFICAÇÃO FOI CHAMADO!
2025-09-23 10:18:47,947 - sistema - Sistema_Entrada_Dados - INFO - === INICIANDO VERIFICAÇÃO DE DUPLICIDADE ===
2025-09-23 10:18:47,947 - sistema - Sistema_Entrada_Dados - INFO - Dados novos: PLIMAX PERSONA | CESTAS BÁSICAS | R$ 1256.00 | 10/10/2025
2025-09-23 10:18:47,963 - sistema - Sistema_Entrada_Dados - INFO - ✅ Nenhuma duplicata encontrada para: PLIMAX PERSONA - CESTAS BÁSICAS
2025-09-23 10:18:47,967 - sistema - Sistema_Entrada_Dados - INFO - Lançamento inserido com ID 265 na linha 265
2025-09-23 10:18:48,362 - sistema - Sistema_Entrada_Dados - INFO - Iniciando verificação de recálculo para 1 datas
2025-09-23 10:18:48,872 - sistema - Sistema_Entrada_Dados - INFO - Verificando necessidade de recálculo para 2025-10-05
2025-09-23 10:18:49,222 - sistema - Sistema_Entrada_Dados - INFO - 2025-10-05: Sem taxas na data - recálculo desnecessário
2025-09-23 10:35:34,028 - sistema - logger_config - INFO - Sistema de logging inicializado
2025-09-23 10:35:35,483 - sistema - logger_config - INFO - Iniciando: Carregar configurações
2025-09-23 10:35:35,491 - sistema - logger_config - INFO - Concluído: Carregar configurações
2025-09-23 10:35:35,505 - sistema - logger_config - INFO - Iniciando: Carregar configurações
2025-09-23 10:35:35,507 - sistema - logger_config - INFO - Concluído: Carregar configurações
2025-09-23 10:35:49,079 - sistema - logger_config - INFO - Iniciando: Carregar configurações
2025-09-23 10:35:49,081 - sistema - logger_config - INFO - Concluído: Carregar configurações
2025-09-23 10:36:46,304 - sistema - Sistema_Entrada_Dados - INFO - Iniciando adição de dados - Cliente: BRUNO SANTANA RINALDI
2025-09-23 10:43:00,941 - sistema - logger_config - INFO - Sistema de logging inicializado
2025-09-23 10:43:02,916 - sistema - logger_config - INFO - Iniciando: Carregar configurações
2025-09-23 10:43:02,916 - sistema - logger_config - INFO - Concluído: Carregar configurações
2025-09-23 10:43:02,916 - sistema - logger_config - INFO - Iniciando: Carregar configurações
2025-09-23 10:43:02,916 - sistema - logger_config - INFO - Concluído: Carregar configurações
2025-09-23 10:43:10,167 - sistema - logger_config - INFO - Iniciando: Carregar configurações
2025-09-23 10:43:10,168 - sistema - logger_config - INFO - Concluído: Carregar configurações
2025-09-23 10:44:00,767 - sistema - Sistema_Entrada_Dados - INFO - Iniciando adição de dados - Cliente: BRUNO SANTANA RINALDI
2025-09-23 10:44:04,134 - sistema - Sistema_Entrada_Dados - INFO - Dados adicionados com sucesso - Cliente: BRUNO SANTANA RINALDI, Total: 1
2025-09-23 10:44:04,134 - sistema - Sistema_Entrada_Dados - INFO - Iniciando envio de dados - Cliente: BRUNO SANTANA RINALDI, Registros: 1
2025-09-23 10:44:04,134 - sistema - Sistema_Entrada_Dados - INFO - Usando dados_para_incluir existentes
2025-09-23 10:44:04,134 - sistema - Sistema_Entrada_Dados - INFO - Total de registros a processar: 1
2025-09-23 10:44:04,134 - sistema - Sistema_Entrada_Dados - INFO - Datas que serão afetadas pela inserção: ['05/10/2025']
2025-09-23 10:44:04,134 - sistema - Sistema_Entrada_Dados - INFO - Salvando em: C:\Users\Obras\sistema_gestao_testes\testes\Financeiro\Clientes\BRUNO SANTANA RINALDI.xlsx
2025-09-23 10:44:04,150 - sistema - Sistema_Entrada_Dados - INFO - Verificando integridade dos IDs antes da inserção
2025-09-23 10:44:04,778 - sistema - Sistema_Entrada_Dados - ERROR - 🔍 MÉTODO DE VERIFICAÇÃO FOI CHAMADO!
2025-09-23 10:44:04,794 - sistema - Sistema_Entrada_Dados - INFO - === INICIANDO VERIFICAÇÃO DE DUPLICIDADE ===
2025-09-23 10:44:04,794 - sistema - Sistema_Entrada_Dados - INFO - Dados novos: PLIMAX PERSONA | CESTAS BÁSICAS | R$ 1654.00 | 10/10/2025
2025-09-23 10:44:04,811 - sistema - Sistema_Entrada_Dados - INFO - ✅ Nenhuma duplicata encontrada para: PLIMAX PERSONA - CESTAS BÁSICAS
2025-09-23 10:44:04,815 - sistema - Sistema_Entrada_Dados - INFO - Lançamento inserido com ID 266 na linha 266
2025-09-23 10:44:05,185 - sistema - Sistema_Entrada_Dados - INFO - Iniciando verificação de recálculo para 1 datas
2025-09-23 10:44:05,699 - sistema - Sistema_Entrada_Dados - INFO - Verificando necessidade de recálculo para 2025-10-05
2025-09-23 10:44:05,937 - sistema - Sistema_Entrada_Dados - INFO - 2025-10-05: Sem taxas na data - recálculo desnecessário
2025-09-23 10:44:13,621 - sistema - logger_config - INFO - Iniciando: Carregar configurações
2025-09-23 10:44:13,622 - sistema - logger_config - INFO - Concluído: Carregar configurações
2025-09-23 10:44:59,683 - sistema - logger_config - INFO - Iniciando: Carregar configurações
2025-09-23 10:44:59,684 - sistema - logger_config - INFO - Concluído: Carregar configurações
2025-09-23 10:45:55,510 - sistema - Sistema_Entrada_Dados - INFO - Iniciando adição de dados - Cliente: BRUNO SANTANA RINALDI
2025-09-23 10:45:59,321 - sistema - Sistema_Entrada_Dados - INFO - Dados adicionados com sucesso - Cliente: BRUNO SANTANA RINALDI, Total: 1
2025-09-23 10:45:59,321 - sistema - Sistema_Entrada_Dados - INFO - Iniciando envio de dados - Cliente: BRUNO SANTANA RINALDI, Registros: 1
2025-09-23 10:45:59,321 - sistema - Sistema_Entrada_Dados - INFO - Usando dados_para_incluir existentes
2025-09-23 10:45:59,321 - sistema - Sistema_Entrada_Dados - INFO - Total de registros a processar: 1
2025-09-23 10:45:59,321 - sistema - Sistema_Entrada_Dados - INFO - Datas que serão afetadas pela inserção: ['05/10/2025']
2025-09-23 10:45:59,321 - sistema - Sistema_Entrada_Dados - INFO - Salvando em: C:\Users\Obras\sistema_gestao_testes\testes\Financeiro\Clientes\BRUNO SANTANA RINALDI.xlsx
2025-09-23 10:45:59,321 - sistema - Sistema_Entrada_Dados - INFO - Verificando integridade dos IDs antes da inserção
2025-09-23 10:45:59,746 - sistema - Sistema_Entrada_Dados - ERROR - 🔍 MÉTODO DE VERIFICAÇÃO FOI CHAMADO!
2025-09-23 10:45:59,746 - sistema - Sistema_Entrada_Dados - INFO - === INICIANDO VERIFICAÇÃO DE DUPLICIDADE ===
2025-09-23 10:45:59,746 - sistema - Sistema_Entrada_Dados - INFO - Dados novos: FOLHA DP | FOLHA DP - 10/2025 | R$ 910.80 | 05/10/2025
2025-09-23 10:45:59,765 - sistema - Sistema_Entrada_Dados - INFO - ✅ Nenhuma duplicata encontrada para: FOLHA DP - FOLHA DP - 10/2025
2025-09-23 10:45:59,769 - sistema - Sistema_Entrada_Dados - INFO - Lançamento inserido com ID 267 na linha 267
2025-09-23 10:46:00,071 - sistema - Sistema_Entrada_Dados - INFO - Iniciando verificação de recálculo para 1 datas
2025-09-23 10:46:00,577 - sistema - Sistema_Entrada_Dados - INFO - Verificando necessidade de recálculo para 2025-10-05
2025-09-23 10:46:00,731 - sistema - Sistema_Entrada_Dados - INFO - 2025-10-05: Sem taxas na data - recálculo desnecessário
2025-09-23 10:46:05,566 - sistema - logger_config - INFO - Iniciando: Carregar configurações
2025-09-23 10:46:05,567 - sistema - logger_config - INFO - Concluído: Carregar configurações
2025-09-23 10:47:13,041 - sistema - Sistema_Entrada_Dados - INFO - Iniciando adição de dados - Cliente: BRUNO SANTANA RINALDI
2025-09-23 10:47:15,053 - sistema - Sistema_Entrada_Dados - INFO - Dados adicionados com sucesso - Cliente: BRUNO SANTANA RINALDI, Total: 1
2025-09-23 10:47:15,053 - sistema - Sistema_Entrada_Dados - INFO - Iniciando envio de dados - Cliente: BRUNO SANTANA RINALDI, Registros: 1
2025-09-23 10:47:15,063 - sistema - Sistema_Entrada_Dados - INFO - Usando dados_para_incluir existentes
2025-09-23 10:47:15,063 - sistema - Sistema_Entrada_Dados - INFO - Total de registros a processar: 1
2025-09-23 10:47:15,063 - sistema - Sistema_Entrada_Dados - INFO - Datas que serão afetadas pela inserção: ['05/10/2025']
2025-09-23 10:47:15,070 - sistema - Sistema_Entrada_Dados - INFO - Salvando em: C:\Users\Obras\sistema_gestao_testes\testes\Financeiro\Clientes\BRUNO SANTANA RINALDI.xlsx
2025-09-23 10:47:15,073 - sistema - Sistema_Entrada_Dados - INFO - Verificando integridade dos IDs antes da inserção
2025-09-23 10:47:15,493 - sistema - Sistema_Entrada_Dados - ERROR - 🔍 MÉTODO DE VERIFICAÇÃO FOI CHAMADO!
2025-09-23 10:47:15,493 - sistema - Sistema_Entrada_Dados - INFO - === INICIANDO VERIFICAÇÃO DE DUPLICIDADE ===
2025-09-23 10:47:15,493 - sistema - Sistema_Entrada_Dados - INFO - Dados novos: MHS MENSALIDADE | MHS MENSALIDADE - 10/2025 | R$ 256.45 | 05/10/2025
2025-09-23 10:47:15,510 - sistema - Sistema_Entrada_Dados - INFO - ✅ Nenhuma duplicata encontrada para: MHS MENSALIDADE - MHS MENSALIDADE - 10/2025
2025-09-23 10:47:15,515 - sistema - Sistema_Entrada_Dados - INFO - Lançamento inserido com ID 268 na linha 268
2025-09-23 10:47:15,812 - sistema - Sistema_Entrada_Dados - INFO - Iniciando verificação de recálculo para 1 datas
2025-09-23 10:47:16,319 - sistema - Sistema_Entrada_Dados - INFO - Verificando necessidade de recálculo para 2025-10-05
2025-09-23 10:47:16,480 - sistema - Sistema_Entrada_Dados - INFO - 2025-10-05: Sem taxas na data - recálculo desnecessário
2025-09-23 10:47:20,374 - sistema - logger_config - INFO - Iniciando: Carregar configurações
2025-09-23 10:47:20,374 - sistema - logger_config - INFO - Concluído: Carregar configurações
2025-09-23 11:46:29,987 - sistema - logger_config - INFO - Sistema de logging inicializado
2025-09-23 11:46:31,483 - sistema - logger_config - INFO - Iniciando: Carregar configurações
2025-09-23 11:46:31,483 - sistema - logger_config - INFO - Concluído: Carregar configurações
2025-09-23 11:46:31,483 - sistema - logger_config - INFO - Iniciando: Carregar configurações
2025-09-23 11:46:31,483 - sistema - logger_config - INFO - Concluído: Carregar configurações
2025-09-23 11:49:17,965 - sistema - logger_config - INFO - Iniciando: Carregar configurações
2025-09-23 11:49:17,965 - sistema - logger_config - INFO - Concluído: Carregar configurações
2025-09-23 11:49:17,981 - sistema - logger_config - INFO - Iniciando: Carregar configurações
2025-09-23 11:49:17,981 - sistema - logger_config - INFO - Concluído: Carregar configurações
2025-09-23 11:50:01,334 - sistema - logger_config - INFO - Sistema de logging inicializado
2025-09-23 11:50:02,896 - sistema - logger_config - INFO - Iniciando: Carregar configurações
2025-09-23 11:50:02,896 - sistema - logger_config - INFO - Concluído: Carregar configurações
2025-09-23 11:50:02,896 - sistema - logger_config - INFO - Iniciando: Carregar configurações
2025-09-23 11:50:02,912 - sistema - logger_config - INFO - Concluído: Carregar configurações
2025-09-23 11:50:09,444 - sistema - logger_config - INFO - Iniciando: Carregar configurações
2025-09-23 11:50:09,445 - sistema - logger_config - INFO - Concluído: Carregar configurações
2025-09-23 13:58:30,967 - sistema - logger_config - INFO - Sistema de logging inicializado
2025-09-23 13:58:32,781 - sistema - logger_config - INFO - Iniciando: Carregar configurações
2025-09-23 13:58:32,797 - sistema - logger_config - INFO - Concluído: Carregar configurações
2025-09-23 13:58:32,797 - sistema - logger_config - INFO - Iniciando: Carregar configurações
2025-09-23 13:58:32,797 - sistema - logger_config - INFO - Concluído: Carregar configurações
2025-09-23 13:58:42,658 - sistema - logger_config - INFO - Iniciando: Carregar configurações
2025-09-23 13:58:42,658 - sistema - logger_config - INFO - Concluído: Carregar configurações
2025-09-23 14:11:39,625 - sistema - logger_config - INFO - Sistema de logging inicializado
2025-09-23 14:11:41,760 - sistema - logger_config - INFO - Iniciando: Carregar configurações
2025-09-23 14:11:41,760 - sistema - logger_config - INFO - Concluído: Carregar configurações
2025-09-23 14:11:41,760 - sistema - logger_config - INFO - Iniciando: Carregar configurações
2025-09-23 14:11:41,760 - sistema - logger_config - INFO - Concluído: Carregar configurações
2025-09-23 14:11:52,867 - sistema - logger_config - INFO - Iniciando: Carregar configurações
2025-09-23 14:11:52,867 - sistema - logger_config - INFO - Concluído: Carregar configurações
2025-09-23 14:22:23,985 - sistema - logger_config - INFO - Sistema de logging inicializado
2025-09-23 14:22:26,155 - sistema - logger_config - INFO - Iniciando: Carregar configurações
2025-09-23 14:22:26,171 - sistema - logger_config - INFO - Concluído: Carregar configurações
2025-09-23 14:22:26,171 - sistema - logger_config - INFO - Iniciando: Carregar configurações
2025-09-23 14:22:26,171 - sistema - logger_config - INFO - Concluído: Carregar configurações
2025-09-23 14:22:36,262 - sistema - logger_config - INFO - Iniciando: Carregar configurações
2025-09-23 14:22:36,264 - sistema - logger_config - INFO - Concluído: Carregar configurações
2025-09-23 14:25:02,793 - sistema - logger_config - INFO - Sistema de logging inicializado
2025-09-23 14:25:04,601 - sistema - logger_config - INFO - Iniciando: Carregar configurações
2025-09-23 14:25:04,601 - sistema - logger_config - INFO - Concluído: Carregar configurações
2025-09-23 14:25:04,601 - sistema - logger_config - INFO - Iniciando: Carregar configurações
2025-09-23 14:25:04,601 - sistema - logger_config - INFO - Concluído: Carregar configurações
2025-09-23 14:25:12,643 - sistema - logger_config - INFO - Iniciando: Carregar configurações
2025-09-23 14:25:12,644 - sistema - logger_config - INFO - Concluído: Carregar configurações
2025-09-23 14:40:38,871 - sistema - logger_config - INFO - Sistema de logging inicializado
2025-09-23 14:40:40,610 - sistema - logger_config - INFO - Iniciando: Carregar configurações
2025-09-23 14:40:40,625 - sistema - logger_config - INFO - Concluído: Carregar configurações
2025-09-23 14:40:40,625 - sistema - logger_config - INFO - Iniciando: Carregar configurações
2025-09-23 14:40:40,625 - sistema - logger_config - INFO - Concluído: Carregar configurações
2025-09-23 14:40:48,198 - sistema - logger_config - INFO - Iniciando: Carregar configurações
2025-09-23 14:40:48,199 - sistema - logger_config - INFO - Concluído: Carregar configurações
2025-09-23 14:52:26,591 - sistema - logger_config - INFO - Sistema de logging inicializado
2025-09-23 14:52:28,654 - sistema - logger_config - INFO - Iniciando: Carregar configurações
2025-09-23 14:52:28,669 - sistema - logger_config - INFO - Concluído: Carregar configurações
2025-09-23 14:52:28,669 - sistema - logger_config - INFO - Iniciando: Carregar configurações
2025-09-23 14:52:28,669 - sistema - logger_config - INFO - Concluído: Carregar configurações
2025-09-23 14:52:42,249 - sistema - logger_config - INFO - Iniciando: Carregar configurações
2025-09-23 14:52:42,249 - sistema - logger_config - INFO - Concluído: Carregar configurações
2025-09-23 14:57:18,293 - sistema - logger_config - INFO - Sistema de logging inicializado
2025-09-23 14:57:19,817 - sistema - logger_config - INFO - Iniciando: Carregar configurações
2025-09-23 14:57:19,817 - sistema - logger_config - INFO - Concluído: Carregar configurações
2025-09-23 14:57:19,817 - sistema - logger_config - INFO - Iniciando: Carregar configurações
2025-09-23 14:57:19,817 - sistema - logger_config - INFO - Concluído: Carregar configurações
2025-09-23 14:57:28,140 - sistema - logger_config - INFO - Iniciando: Carregar configurações
2025-09-23 14:57:28,141 - sistema - logger_config - INFO - Concluído: Carregar configurações
2025-09-23 15:01:31,410 - sistema - logger_config - INFO - Sistema de logging inicializado
2025-09-23 15:01:33,033 - sistema - logger_config - INFO - Iniciando: Carregar configurações
2025-09-23 15:01:33,033 - sistema - logger_config - INFO - Concluído: Carregar configurações
2025-09-23 15:01:33,033 - sistema - logger_config - INFO - Iniciando: Carregar configurações
2025-09-23 15:01:33,033 - sistema - logger_config - INFO - Concluído: Carregar configurações
2025-09-23 15:01:39,314 - sistema - logger_config - INFO - Iniciando: Carregar configurações
2025-09-23 15:01:39,315 - sistema - logger_config - INFO - Concluído: Carregar configurações
2025-09-23 15:05:29,638 - sistema - logger_config - INFO - Sistema de logging inicializado
2025-09-23 15:05:31,196 - sistema - logger_config - INFO - Iniciando: Carregar configurações
2025-09-23 15:05:31,196 - sistema - logger_config - INFO - Concluído: Carregar configurações
2025-09-23 15:05:31,196 - sistema - logger_config - INFO - Iniciando: Carregar configurações
2025-09-23 15:05:31,196 - sistema - logger_config - INFO - Concluído: Carregar configurações
2025-09-23 15:05:38,023 - sistema - logger_config - INFO - Iniciando: Carregar configurações
2025-09-23 15:05:38,023 - sistema - logger_config - INFO - Concluído: Carregar configurações
2025-09-23 15:06:43,628 - sistema - logger_config - INFO - Sistema de logging inicializado
2025-09-23 15:06:46,464 - sistema - logger_config - INFO - Iniciando: Carregar configurações
2025-09-23 15:06:46,464 - sistema - logger_config - INFO - Concluído: Carregar configurações
2025-09-23 15:06:46,479 - sistema - logger_config - INFO - Iniciando: Carregar configurações
2025-09-23 15:06:46,479 - sistema - logger_config - INFO - Concluído: Carregar configurações
2025-09-23 15:06:53,156 - sistema - logger_config - INFO - Iniciando: Carregar configurações
2025-09-23 15:06:53,157 - sistema - logger_config - INFO - Concluído: Carregar configurações
2025-09-23 15:07:41,707 - sistema - logger_config - INFO - Sistema de logging inicializado
2025-09-23 15:07:43,507 - sistema - logger_config - INFO - Iniciando: Carregar configurações
2025-09-23 15:07:43,527 - sistema - logger_config - INFO - Concluído: Carregar configurações
2025-09-23 15:07:43,535 - sistema - logger_config - INFO - Iniciando: Carregar configurações
2025-09-23 15:07:43,552 - sistema - logger_config - INFO - Concluído: Carregar configurações
2025-09-23 15:08:23,931 - sistema - logger_config - INFO - Sistema de logging inicializado
2025-09-23 15:08:25,667 - sistema - logger_config - INFO - Iniciando: Carregar configurações
2025-09-23 15:08:25,683 - sistema - logger_config - INFO - Concluído: Carregar configurações
2025-09-23 15:08:25,683 - sistema - logger_config - INFO - Iniciando: Carregar configurações
2025-09-23 15:08:25,683 - sistema - logger_config - INFO - Concluído: Carregar configurações
2025-09-23 15:08:31,781 - sistema - logger_config - INFO - Iniciando: Carregar configurações
2025-09-23 15:08:31,782 - sistema - logger_config - INFO - Concluído: Carregar configurações
2025-09-23 15:14:20,406 - sistema - logger_config - INFO - Sistema de logging inicializado
2025-09-23 15:14:22,191 - sistema - logger_config - INFO - Iniciando: Carregar configurações
2025-09-23 15:14:22,191 - sistema - logger_config - INFO - Concluído: Carregar configurações
2025-09-23 15:14:22,191 - sistema - logger_config - INFO - Iniciando: Carregar configurações
2025-09-23 15:14:22,191 - sistema - logger_config - INFO - Concluído: Carregar configurações
2025-09-23 15:14:38,080 - sistema - logger_config - INFO - Iniciando: Carregar configurações
2025-09-23 15:14:38,080 - sistema - logger_config - INFO - Concluído: Carregar configurações
2025-09-23 15:18:27,729 - sistema - logger_config - INFO - Sistema de logging inicializado
2025-09-23 15:18:29,344 - sistema - logger_config - INFO - Iniciando: Carregar configurações
2025-09-23 15:18:29,344 - sistema - logger_config - INFO - Concluído: Carregar configurações
2025-09-23 15:18:29,344 - sistema - logger_config - INFO - Iniciando: Carregar configurações
2025-09-23 15:18:29,344 - sistema - logger_config - INFO - Concluído: Carregar configurações
2025-09-23 15:18:35,676 - sistema - logger_config - INFO - Iniciando: Carregar configurações
2025-09-23 15:18:35,677 - sistema - logger_config - INFO - Concluído: Carregar configurações
2025-09-23 15:26:11,750 - sistema - logger_config - INFO - Sistema de logging inicializado
2025-09-23 15:26:14,521 - sistema - logger_config - INFO - Iniciando: Carregar configurações
2025-09-23 15:26:14,536 - sistema - logger_config - INFO - Concluído: Carregar configurações
2025-09-23 15:26:14,536 - sistema - logger_config - INFO - Iniciando: Carregar configurações
2025-09-23 15:26:14,536 - sistema - logger_config - INFO - Concluído: Carregar configurações
2025-09-23 15:26:21,475 - sistema - logger_config - INFO - Iniciando: Carregar configurações
2025-09-23 15:26:21,476 - sistema - logger_config - INFO - Concluído: Carregar configurações
2025-09-23 15:46:25,426 - sistema - logger_config - INFO - Sistema de logging inicializado
2025-09-23 15:46:27,158 - sistema - logger_config - INFO - Iniciando: Carregar configurações
2025-09-23 15:46:27,174 - sistema - logger_config - INFO - Concluído: Carregar configurações
2025-09-23 15:46:27,174 - sistema - logger_config - INFO - Iniciando: Carregar configurações
2025-09-23 15:46:27,174 - sistema - logger_config - INFO - Concluído: Carregar configurações
2025-09-23 15:46:34,575 - sistema - logger_config - INFO - Iniciando: Carregar configurações
2025-09-23 15:46:34,576 - sistema - logger_config - INFO - Concluído: Carregar configurações
2025-09-23 15:50:56,534 - sistema - logger_config - INFO - Sistema de logging inicializado
2025-09-23 15:50:58,355 - sistema - logger_config - INFO - Iniciando: Carregar configurações
2025-09-23 15:50:58,355 - sistema - logger_config - INFO - Concluído: Carregar configurações
2025-09-23 15:50:58,355 - sistema - logger_config - INFO - Iniciando: Carregar configurações
2025-09-23 15:50:58,355 - sistema - logger_config - INFO - Concluído: Carregar configurações
2025-09-23 15:51:05,812 - sistema - logger_config - INFO - Iniciando: Carregar configurações
2025-09-23 15:51:05,813 - sistema - logger_config - INFO - Concluído: Carregar configurações
2025-09-23 15:58:45,297 - sistema - logger_config - INFO - Sistema de logging inicializado
2025-09-23 15:58:46,971 - sistema - logger_config - INFO - Iniciando: Carregar configurações
2025-09-23 15:58:46,971 - sistema - logger_config - INFO - Concluído: Carregar configurações
2025-09-23 15:58:46,986 - sistema - logger_config - INFO - Iniciando: Carregar configurações
2025-09-23 15:58:46,986 - sistema - logger_config - INFO - Concluído: Carregar configurações
2025-09-23 15:58:54,859 - sistema - logger_config - INFO - Iniciando: Carregar configurações
2025-09-23 15:58:54,859 - sistema - logger_config - INFO - Concluído: Carregar configurações
2025-09-23 16:00:05,443 - sistema - logger_config - INFO - Sistema de logging inicializado
2025-09-23 16:00:07,015 - sistema - logger_config - INFO - Iniciando: Carregar configurações
2025-09-23 16:00:07,019 - sistema - logger_config - INFO - Concluído: Carregar configurações
2025-09-23 16:00:07,022 - sistema - logger_config - INFO - Iniciando: Carregar configurações
2025-09-23 16:00:07,024 - sistema - logger_config - INFO - Concluído: Carregar configurações
2025-09-23 16:00:16,651 - sistema - logger_config - INFO - Iniciando: Carregar configurações
2025-09-23 16:00:16,651 - sistema - logger_config - INFO - Concluído: Carregar configurações
2025-09-23 16:04:25,400 - sistema - logger_config - INFO - Sistema de logging inicializado
2025-09-23 16:04:27,349 - sistema - logger_config - INFO - Iniciando: Carregar configurações
2025-09-23 16:04:27,349 - sistema - logger_config - INFO - Concluído: Carregar configurações
2025-09-23 16:04:27,349 - sistema - logger_config - INFO - Iniciando: Carregar configurações
2025-09-23 16:04:27,349 - sistema - logger_config - INFO - Concluído: Carregar configurações
2025-09-23 16:04:34,413 - sistema - logger_config - INFO - Iniciando: Carregar configurações
2025-09-23 16:04:34,414 - sistema - logger_config - INFO - Concluído: Carregar configurações
2025-09-23 16:07:44,832 - sistema - logger_config - INFO - Sistema de logging inicializado
2025-09-23 16:07:46,665 - sistema - logger_config - INFO - Iniciando: Carregar configurações
2025-09-23 16:07:46,665 - sistema - logger_config - INFO - Concluído: Carregar configurações
2025-09-23 16:07:46,665 - sistema - logger_config - INFO - Iniciando: Carregar configurações
2025-09-23 16:07:46,665 - sistema - logger_config - INFO - Concluído: Carregar configurações
2025-09-23 16:07:52,892 - sistema - logger_config - INFO - Iniciando: Carregar configurações
2025-09-23 16:07:52,892 - sistema - logger_config - INFO - Concluído: Carregar configurações
2025-09-23 16:08:49,791 - sistema - logger_config - INFO - Sistema de logging inicializado
2025-09-23 16:08:51,499 - sistema - logger_config - INFO - Iniciando: Carregar configurações
2025-09-23 16:08:51,499 - sistema - logger_config - INFO - Concluído: Carregar configurações
2025-09-23 16:08:51,514 - sistema - logger_config - INFO - Iniciando: Carregar configurações
2025-09-23 16:08:51,514 - sistema - logger_config - INFO - Concluído: Carregar configurações
2025-09-23 16:08:57,746 - sistema - logger_config - INFO - Iniciando: Carregar configurações
2025-09-23 16:08:57,746 - sistema - logger_config - INFO - Concluído: Carregar configurações
2025-09-23 16:09:58,338 - sistema - logger_config - INFO - Sistema de logging inicializado
2025-09-23 16:10:00,129 - sistema - logger_config - INFO - Iniciando: Carregar configurações
2025-09-23 16:10:00,129 - sistema - logger_config - INFO - Concluído: Carregar configurações
2025-09-23 16:10:00,145 - sistema - logger_config - INFO - Iniciando: Carregar configurações
2025-09-23 16:10:00,145 - sistema - logger_config - INFO - Concluído: Carregar configurações
2025-09-23 16:10:05,923 - sistema - logger_config - INFO - Iniciando: Carregar configurações
2025-09-23 16:10:05,924 - sistema - logger_config - INFO - Concluído: Carregar configurações
2025-09-23 16:15:02,082 - sistema - logger_config - INFO - Sistema de logging inicializado
2025-09-23 16:15:03,711 - sistema - logger_config - INFO - Iniciando: Carregar configurações
2025-09-23 16:15:03,711 - sistema - logger_config - INFO - Concluído: Carregar configurações
2025-09-23 16:15:03,711 - sistema - logger_config - INFO - Iniciando: Carregar configurações
2025-09-23 16:15:03,711 - sistema - logger_config - INFO - Concluído: Carregar configurações
2025-09-23 16:15:11,304 - sistema - logger_config - INFO - Iniciando: Carregar configurações
2025-09-23 16:15:11,305 - sistema - logger_config - INFO - Concluído: Carregar configurações
2025-09-23 16:17:58,885 - sistema - logger_config - INFO - Sistema de logging inicializado
2025-09-23 16:18:00,627 - sistema - logger_config - INFO - Iniciando: Carregar configurações
2025-09-23 16:18:00,627 - sistema - logger_config - INFO - Concluído: Carregar configurações
2025-09-23 16:18:00,627 - sistema - logger_config - INFO - Iniciando: Carregar configurações
2025-09-23 16:18:00,627 - sistema - logger_config - INFO - Concluído: Carregar configurações
2025-09-23 16:18:07,025 - sistema - logger_config - INFO - Iniciando: Carregar configurações
2025-09-23 16:18:07,026 - sistema - logger_config - INFO - Concluído: Carregar configurações
2025-09-23 16:27:28,747 - sistema - logger_config - INFO - Sistema de logging inicializado
2025-09-23 16:27:30,771 - sistema - logger_config - INFO - Iniciando: Carregar configurações
2025-09-23 16:27:30,771 - sistema - logger_config - INFO - Concluído: Carregar configurações
2025-09-23 16:27:30,786 - sistema - logger_config - INFO - Iniciando: Carregar configurações
2025-09-23 16:27:30,788 - sistema - logger_config - INFO - Concluído: Carregar configurações
2025-09-23 16:28:33,956 - sistema - logger_config - INFO - Iniciando: Carregar configurações
2025-09-23 16:28:33,957 - sistema - logger_config - INFO - Concluído: Carregar configurações
2025-09-23 16:28:59,813 - sistema - logger_config - INFO - Iniciando: Carregar configurações
2025-09-23 16:28:59,813 - sistema - logger_config - INFO - Concluído: Carregar configurações
2025-09-23 16:30:29,027 - sistema - logger_config - INFO - Sistema de logging inicializado
2025-09-23 16:30:31,057 - sistema - logger_config - INFO - Iniciando: Carregar configurações
2025-09-23 16:30:31,061 - sistema - logger_config - INFO - Concluído: Carregar configurações
2025-09-23 16:30:31,064 - sistema - logger_config - INFO - Iniciando: Carregar configurações
2025-09-23 16:30:31,065 - sistema - logger_config - INFO - Concluído: Carregar configurações
2025-09-23 16:30:39,641 - sistema - logger_config - INFO - Iniciando: Carregar configurações
2025-09-23 16:30:39,641 - sistema - logger_config - INFO - Concluído: Carregar configurações
2025-09-23 16:31:18,798 - sistema - logger_config - INFO - Sistema de logging inicializado
2025-09-23 16:31:20,670 - sistema - logger_config - INFO - Iniciando: Carregar configurações
2025-09-23 16:31:20,670 - sistema - logger_config - INFO - Concluído: Carregar configurações
2025-09-23 16:31:20,670 - sistema - logger_config - INFO - Iniciando: Carregar configurações
2025-09-23 16:31:20,670 - sistema - logger_config - INFO - Concluído: Carregar configurações
2025-09-23 16:31:27,287 - sistema - logger_config - INFO - Iniciando: Carregar configurações
2025-09-23 16:31:27,287 - sistema - logger_config - INFO - Concluído: Carregar configurações
2025-09-23 16:32:24,611 - sistema - logger_config - INFO - Sistema de logging inicializado
2025-09-23 16:32:26,303 - sistema - logger_config - INFO - Iniciando: Carregar configurações
2025-09-23 16:32:26,319 - sistema - logger_config - INFO - Concluído: Carregar configurações
2025-09-23 16:32:26,319 - sistema - logger_config - INFO - Iniciando: Carregar configurações
2025-09-23 16:32:26,319 - sistema - logger_config - INFO - Concluído: Carregar configurações
2025-09-23 16:32:34,393 - sistema - logger_config - INFO - Iniciando: Carregar configurações
2025-09-23 16:32:34,394 - sistema - logger_config - INFO - Concluído: Carregar configurações
2025-09-23 17:41:24,165 - sistema - logger_config - INFO - Sistema de logging inicializado
2025-09-23 17:41:24,194 - sistema - logger_config - INFO - Iniciando: Carregar configurações
2025-09-23 17:41:24,248 - sistema - logger_config - INFO - Concluído: Carregar configurações
2025-09-23 18:08:50,277 - sistema - logger_config - INFO - Sistema de logging inicializado
2025-09-23 18:08:53,203 - sistema - logger_config - INFO - Iniciando: Carregar configurações
2025-09-23 18:08:53,203 - sistema - logger_config - INFO - Concluído: Carregar configurações
2025-09-23 18:08:53,203 - sistema - logger_config - INFO - Iniciando: Carregar configurações
2025-09-23 18:08:53,203 - sistema - logger_config - INFO - Concluído: Carregar configurações
2025-09-23 18:09:08,764 - sistema - logger_config - INFO - Sistema de logging inicializado
2025-09-23 18:09:10,372 - sistema - logger_config - INFO - Iniciando: Carregar configurações
2025-09-23 18:09:10,376 - sistema - logger_config - INFO - Concluído: Carregar configurações
2025-09-23 18:09:10,378 - sistema - logger_config - INFO - Iniciando: Carregar configurações
2025-09-23 18:09:10,379 - sistema - logger_config - INFO - Concluído: Carregar configurações
2025-09-23 18:09:17,031 - sistema - logger_config - INFO - Iniciando: Carregar configurações
2025-09-23 18:09:17,032 - sistema - logger_config - INFO - Concluído: Carregar configurações
2025-09-23 18:09:20,437 - sistema - logger_config - INFO - Iniciando: Carregar configurações
2025-09-23 18:09:20,437 - sistema - logger_config - INFO - Concluído: Carregar configurações
2025-09-23 18:10:07,994 - sistema - logger_config - INFO - Iniciando: Carregar configurações
2025-09-23 18:10:07,994 - sistema - logger_config - INFO - Concluído: Carregar configurações
2025-09-23 18:10:08,010 - sistema - logger_config - INFO - Iniciando: Carregar configurações
2025-09-23 18:10:08,010 - sistema - logger_config - INFO - Concluído: Carregar configurações
2025-09-23 18:10:41,237 - sistema - logger_config - INFO - Iniciando: Carregar configurações
2025-09-23 18:10:41,237 - sistema - logger_config - INFO - Concluído: Carregar configurações
2025-09-23 18:10:41,237 - sistema - logger_config - INFO - Iniciando: Carregar configurações
2025-09-23 18:10:41,253 - sistema - logger_config - INFO - Concluído: Carregar configurações
2025-09-23 18:10:56,704 - sistema - logger_config - INFO - Iniciando: Carregar configurações
2025-09-23 18:10:56,706 - sistema - logger_config - INFO - Concluído: Carregar configurações
2025-09-23 18:11:38,823 - sistema - logger_config - INFO - Iniciando: Carregar configurações
2025-09-23 18:11:38,823 - sistema - logger_config - INFO - Concluído: Carregar configurações
2025-09-23 18:11:53,188 - sistema - logger_config - INFO - Iniciando: Carregar configurações
2025-09-23 18:11:53,188 - sistema - logger_config - INFO - Concluído: Carregar configurações
2025-09-23 18:11:53,188 - sistema - logger_config - INFO - Iniciando: Carregar configurações
2025-09-23 18:11:53,204 - sistema - logger_config - INFO - Concluído: Carregar configurações
2025-09-23 18:12:08,545 - sistema - logger_config - INFO - Iniciando: Carregar configurações
2025-09-23 18:12:08,546 - sistema - logger_config - INFO - Concluído: Carregar configurações
2025-09-23 19:05:51,632 - sistema - logger_config - INFO - Sistema de logging inicializado
2025-09-23 19:05:53,424 - sistema - logger_config - INFO - Iniciando: Carregar configurações
2025-09-23 19:05:53,512 - sistema - logger_config - INFO - Concluído: Carregar configurações
2025-09-23 19:05:53,514 - sistema - logger_config - INFO - Iniciando: Carregar configurações
2025-09-23 19:05:53,516 - sistema - logger_config - INFO - Concluído: Carregar configurações
2025-09-23 19:07:14,277 - sistema - logger_config - INFO - Iniciando: Carregar configurações
2025-09-23 19:07:14,278 - sistema - logger_config - INFO - Concluído: Carregar configurações
2025-09-23 19:08:06,669 - sistema - Sistema_Entrada_Dados - INFO - Iniciando adição de dados - Cliente: BRUNO SANTANA RINALDI
2025-09-23 19:08:08,950 - sistema - Sistema_Entrada_Dados - INFO - Dados adicionados com sucesso - Cliente: BRUNO SANTANA RINALDI, Total: 1
2025-09-23 19:08:08,950 - sistema - Sistema_Entrada_Dados - INFO - Iniciando envio de dados - Cliente: BRUNO SANTANA RINALDI, Registros: 1
2025-09-23 19:08:08,950 - sistema - Sistema_Entrada_Dados - INFO - Usando dados_para_incluir existentes
2025-09-23 19:08:08,950 - sistema - Sistema_Entrada_Dados - INFO - Total de registros a processar: 1
2025-09-23 19:08:08,950 - sistema - Sistema_Entrada_Dados - INFO - Datas que serão afetadas pela inserção: ['05/10/2025']
2025-09-23 19:08:08,950 - sistema - Sistema_Entrada_Dados - INFO - Salvando em: C:\Users\Obras\sistema_gestao_testes\testes\Financeiro\Clientes\BRUNO SANTANA RINALDI.xlsx
2025-09-23 19:08:08,960 - sistema - Sistema_Entrada_Dados - INFO - Verificando integridade dos IDs antes da inserção
2025-09-23 19:08:09,396 - sistema - Sistema_Entrada_Dados - ERROR - 🔍 MÉTODO DE VERIFICAÇÃO FOI CHAMADO!
2025-09-23 19:08:09,396 - sistema - Sistema_Entrada_Dados - INFO - === INICIANDO VERIFICAÇÃO DE DUPLICIDADE ===
2025-09-23 19:08:09,396 - sistema - Sistema_Entrada_Dados - INFO - Dados novos: PLIMAX PERSONA | CESTAS BÁSIAS - 10/2025 | R$ 1657.00 | 31/10/2025
2025-09-23 19:08:09,414 - sistema - Sistema_Entrada_Dados - INFO - ✅ Nenhuma duplicata encontrada para: PLIMAX PERSONA - CESTAS BÁSIAS - 10/2025
2025-09-23 19:08:09,418 - sistema - Sistema_Entrada_Dados - INFO - Lançamento inserido com ID 269 na linha 269
2025-09-23 19:08:09,956 - sistema - Sistema_Entrada_Dados - INFO - Iniciando verificação de recálculo para 1 datas
2025-09-23 19:08:10,463 - sistema - Sistema_Entrada_Dados - INFO - Verificando necessidade de recálculo para 2025-10-05
2025-09-23 19:08:10,788 - sistema - Sistema_Entrada_Dados - INFO - 2025-10-05: Sem taxas na data - recálculo desnecessário
2025-09-23 19:08:14,946 - sistema - logger_config - INFO - Iniciando: Carregar configurações
2025-09-23 19:08:14,947 - sistema - logger_config - INFO - Concluído: Carregar configurações
2025-09-23 19:11:34,223 - sistema - logger_config - INFO - Iniciando: Carregar configurações
2025-09-23 19:11:34,224 - sistema - logger_config - INFO - Concluído: Carregar configurações
