2025-06-16 09:24:58,516 - sistema - logger_config - INFO - Sistema de logging inicializado
2025-06-16 09:24:58,519 - sistema - logger_config - INFO - Teste de logging executado com sucesso
2025-06-16 09:24:58,520 - sistema - logger_config - INFO - Iniciando: teste do decorator
2025-06-16 09:24:58,521 - sistema - logger_config - INFO - Concluído: teste do decorator
2025-06-16 09:24:58,526 - usuario_teste - logger_config - INFO - Usuário alterado para: usuario_teste
2025-06-16 09:24:58,526 - usuario_teste - teste_logging - INFO - Teste com usuário alterado
2025-06-16 09:24:58,621 - sistema_relatorios - logger_config - INFO - Usuário alterado para: sistema_relatorios
2025-06-16 09:24:58,641 - sistema_relatorios - relatorios_interface - INFO - Sistema de relatórios inicializando usando logger configurado
2025-06-16 09:24:58,642 - sistema_relatorios - relatorios_interface - INFO - Configurações de janela importadas com sucesso
2025-06-16 09:24:58,643 - sistema_relatorios - relatorios_interface - INFO - === Sistema de Relatórios Inicializando ===
2025-06-16 09:25:33,515 - sistema - logger_config - INFO - Sistema de logging inicializado
2025-06-16 09:25:33,516 - sistema_relatorios - logger_config - INFO - Usuário alterado para: sistema_relatorios
2025-06-16 09:25:33,516 - sistema_relatorios - relatorios_interface - INFO - Sistema de relatórios inicializando usando logger configurado
2025-06-16 09:25:33,517 - sistema_relatorios - relatorios_interface - INFO - Configurações de janela importadas com sucesso
2025-06-16 09:25:33,517 - sistema_relatorios - relatorios_interface - INFO - === Sistema de Relatórios Inicializando ===
2025-06-16 09:25:33,648 - sistema_relatorios - relatorios_interface - INFO - Carregando clientes de: H:\.shortcut-targets-by-id\195uuohIL_ZKum7lhwu-OzJCH_CGAb97G\Relatórios\Financeiro\Planilhas_Base\clientes.xlsx
2025-06-16 09:25:33,768 - sistema_relatorios - relatorios_interface - INFO - Colunas disponíveis: ['Nome', 'Endereço', 'Data Inicial', 'Observações', 'Data Final']
2025-06-16 09:25:33,771 - sistema_relatorios - relatorios_interface - INFO - Coluna de status: Data Final
2025-06-16 09:25:33,783 - sistema_relatorios - relatorios_interface - INFO - Coluna de nome: Nome
2025-06-16 09:25:33,784 - sistema_relatorios - relatorios_interface - INFO - Total de clientes ativos encontrados: 13
2025-06-16 09:25:33,788 - sistema_relatorios - relatorios_interface - INFO - Lista de clientes atualizada com 14 clientes
2025-06-16 09:25:33,830 - sistema_relatorios - relatorios_interface - INFO - Carregando clientes de: H:\.shortcut-targets-by-id\195uuohIL_ZKum7lhwu-OzJCH_CGAb97G\Relatórios\Financeiro\Planilhas_Base\clientes.xlsx
2025-06-16 09:25:33,861 - sistema_relatorios - relatorios_interface - INFO - Colunas disponíveis: ['Nome', 'Endereço', 'Data Inicial', 'Observações', 'Data Final']
2025-06-16 09:25:33,862 - sistema_relatorios - relatorios_interface - INFO - Coluna de status: Data Final
2025-06-16 09:25:33,864 - sistema_relatorios - relatorios_interface - INFO - Coluna de nome: Nome
2025-06-16 09:25:33,865 - sistema_relatorios - relatorios_interface - INFO - Total de clientes ativos encontrados: 13
2025-06-16 09:25:33,865 - sistema_relatorios - relatorios_interface - INFO - Lista de clientes carregada com 14 itens
2025-06-16 09:28:38,992 - sistema - logger_config - INFO - Sistema de logging inicializado
2025-06-16 09:28:38,996 - sistema_principal - logger_config - INFO - Usuário alterado para: sistema_principal
2025-06-16 09:28:38,998 - sistema_principal - sistema_principal - INFO - Abrindo sistema de relatórios
2025-06-16 09:28:39,013 - sistema_relatorios - logger_config - INFO - Usuário alterado para: sistema_relatorios
2025-06-16 09:28:39,015 - sistema_relatorios - relatorios_interface - INFO - Sistema de relatórios inicializando usando logger configurado
2025-06-16 09:28:39,016 - sistema_relatorios - relatorios_interface - INFO - Configurações de janela importadas com sucesso
2025-06-16 09:28:39,016 - sistema_relatorios - relatorios_interface - INFO - === Sistema de Relatórios Inicializando ===
2025-06-16 09:28:39,174 - sistema_relatorios - relatorios_interface - INFO - Carregando clientes de: H:\.shortcut-targets-by-id\195uuohIL_ZKum7lhwu-OzJCH_CGAb97G\Relatórios\Financeiro\Planilhas_Base\clientes.xlsx
2025-06-16 09:28:39,311 - sistema_relatorios - relatorios_interface - INFO - Colunas disponíveis: ['Nome', 'Endereço', 'Data Inicial', 'Observações', 'Data Final']
2025-06-16 09:28:39,312 - sistema_relatorios - relatorios_interface - INFO - Coluna de status: Data Final
2025-06-16 09:28:39,324 - sistema_relatorios - relatorios_interface - INFO - Coluna de nome: Nome
2025-06-16 09:28:39,328 - sistema_relatorios - relatorios_interface - INFO - Total de clientes ativos encontrados: 13
2025-06-16 09:28:39,330 - sistema_relatorios - relatorios_interface - INFO - Lista de clientes atualizada com 14 clientes
2025-06-16 09:28:39,373 - sistema_relatorios - relatorios_interface - INFO - Carregando clientes de: H:\.shortcut-targets-by-id\195uuohIL_ZKum7lhwu-OzJCH_CGAb97G\Relatórios\Financeiro\Planilhas_Base\clientes.xlsx
2025-06-16 09:28:39,412 - sistema_relatorios - relatorios_interface - INFO - Colunas disponíveis: ['Nome', 'Endereço', 'Data Inicial', 'Observações', 'Data Final']
2025-06-16 09:28:39,412 - sistema_relatorios - relatorios_interface - INFO - Coluna de status: Data Final
2025-06-16 09:28:39,414 - sistema_relatorios - relatorios_interface - INFO - Coluna de nome: Nome
2025-06-16 09:28:39,415 - sistema_relatorios - relatorios_interface - INFO - Total de clientes ativos encontrados: 13
2025-06-16 09:28:39,415 - sistema_relatorios - relatorios_interface - INFO - Lista de clientes carregada com 14 itens
2025-06-16 09:29:15,305 - sistema_relatorios - gestao_medicoes - INFO - Logger importado com sucesso em gestao_medicoes.py
2025-06-16 09:29:28,533 - sistema_principal - logger_config - INFO - Usuário alterado para: sistema_principal
2025-06-16 09:29:28,534 - sistema_principal - sistema_principal - INFO - Abrindo sistema de relatórios
2025-06-16 09:29:28,540 - sistema_relatorios - logger_config - INFO - Usuário alterado para: sistema_relatorios
2025-06-16 09:29:28,542 - sistema_relatorios - relatorios_interface - INFO - Sistema de relatórios inicializando usando logger configurado
2025-06-16 09:29:28,544 - sistema_relatorios - relatorios_interface - INFO - Configurações de janela importadas com sucesso
2025-06-16 09:29:28,545 - sistema_relatorios - relatorios_interface - INFO - === Sistema de Relatórios Inicializando ===
2025-06-16 09:29:28,602 - sistema_relatorios - relatorios_interface - INFO - Carregando clientes de: H:\.shortcut-targets-by-id\195uuohIL_ZKum7lhwu-OzJCH_CGAb97G\Relatórios\Financeiro\Planilhas_Base\clientes.xlsx
2025-06-16 09:29:28,761 - sistema_relatorios - relatorios_interface - INFO - Colunas disponíveis: ['Nome', 'Endereço', 'Data Inicial', 'Observações', 'Data Final']
2025-06-16 09:29:28,764 - sistema_relatorios - relatorios_interface - INFO - Coluna de status: Data Final
2025-06-16 09:29:28,767 - sistema_relatorios - relatorios_interface - INFO - Coluna de nome: Nome
2025-06-16 09:29:28,769 - sistema_relatorios - relatorios_interface - INFO - Total de clientes ativos encontrados: 13
2025-06-16 09:29:28,773 - sistema_relatorios - relatorios_interface - INFO - Lista de clientes atualizada com 14 clientes
2025-06-16 09:29:28,819 - sistema_relatorios - relatorios_interface - INFO - Carregando clientes de: H:\.shortcut-targets-by-id\195uuohIL_ZKum7lhwu-OzJCH_CGAb97G\Relatórios\Financeiro\Planilhas_Base\clientes.xlsx
2025-06-16 09:29:28,875 - sistema_relatorios - relatorios_interface - INFO - Colunas disponíveis: ['Nome', 'Endereço', 'Data Inicial', 'Observações', 'Data Final']
2025-06-16 09:29:28,877 - sistema_relatorios - relatorios_interface - INFO - Coluna de status: Data Final
2025-06-16 09:29:28,879 - sistema_relatorios - relatorios_interface - INFO - Coluna de nome: Nome
2025-06-16 09:29:28,881 - sistema_relatorios - relatorios_interface - INFO - Total de clientes ativos encontrados: 13
2025-06-16 09:29:28,882 - sistema_relatorios - relatorios_interface - INFO - Lista de clientes carregada com 14 itens
2025-06-16 09:29:31,085 - sistema_relatorios - logger_config - INFO - Iniciando: Carregar configurações
2025-06-16 09:29:31,251 - sistema_relatorios - logger_config - INFO - Concluído: Carregar configurações
2025-06-16 19:45:28,203 - sistema - logger_config - INFO - Sistema de logging inicializado
2025-06-16 19:45:28,204 - sistema_principal - logger_config - INFO - Usuário alterado para: sistema_principal
2025-06-16 19:45:28,205 - sistema_principal - sistema_principal - INFO - Abrindo sistema de relatórios
2025-06-16 19:45:28,222 - sistema_relatorios - logger_config - INFO - Usuário alterado para: sistema_relatorios
2025-06-16 19:45:28,225 - sistema_relatorios - relatorios_interface - INFO - Sistema de relatórios inicializando usando logger configurado
2025-06-16 19:45:28,226 - sistema_relatorios - relatorios_interface - INFO - Configurações de janela importadas com sucesso
2025-06-16 19:45:28,228 - sistema_relatorios - relatorios_interface - INFO - === Sistema de Relatórios Inicializando ===
2025-06-16 19:45:28,345 - sistema_relatorios - relatorios_interface - INFO - Carregando clientes de: H:\.shortcut-targets-by-id\195uuohIL_ZKum7lhwu-OzJCH_CGAb97G\Relatórios\Financeiro\Planilhas_Base\clientes.xlsx
2025-06-16 19:45:28,583 - sistema_relatorios - relatorios_interface - INFO - Colunas disponíveis: ['Nome', 'Endereço', 'Data Inicial', 'Observações', 'Data Final']
2025-06-16 19:45:28,584 - sistema_relatorios - relatorios_interface - INFO - Coluna de status: Data Final
2025-06-16 19:45:28,602 - sistema_relatorios - relatorios_interface - INFO - Coluna de nome: Nome
2025-06-16 19:45:28,603 - sistema_relatorios - relatorios_interface - INFO - Total de clientes ativos encontrados: 13
2025-06-16 19:45:28,604 - sistema_relatorios - relatorios_interface - INFO - Lista de clientes atualizada com 14 clientes
2025-06-16 19:45:28,638 - sistema_relatorios - relatorios_interface - INFO - Carregando clientes de: H:\.shortcut-targets-by-id\195uuohIL_ZKum7lhwu-OzJCH_CGAb97G\Relatórios\Financeiro\Planilhas_Base\clientes.xlsx
2025-06-16 19:45:28,672 - sistema_relatorios - relatorios_interface - INFO - Colunas disponíveis: ['Nome', 'Endereço', 'Data Inicial', 'Observações', 'Data Final']
2025-06-16 19:45:28,672 - sistema_relatorios - relatorios_interface - INFO - Coluna de status: Data Final
2025-06-16 19:45:28,675 - sistema_relatorios - relatorios_interface - INFO - Coluna de nome: Nome
2025-06-16 19:45:28,676 - sistema_relatorios - relatorios_interface - INFO - Total de clientes ativos encontrados: 13
2025-06-16 19:45:28,676 - sistema_relatorios - relatorios_interface - INFO - Lista de clientes carregada com 14 itens
2025-06-16 20:15:53,122 - sistema - logger_config - INFO - Sistema de logging inicializado
2025-06-16 20:15:53,123 - sistema_principal - logger_config - INFO - Usuário alterado para: sistema_principal
2025-06-16 20:15:53,124 - sistema_principal - sistema_principal - INFO - Abrindo sistema de relatórios
2025-06-16 20:15:53,138 - sistema_relatorios - logger_config - INFO - Usuário alterado para: sistema_relatorios
2025-06-16 20:15:53,139 - sistema_relatorios - relatorios_interface - INFO - Sistema de relatórios inicializando usando logger configurado
2025-06-16 20:15:53,139 - sistema_relatorios - relatorios_interface - INFO - Configurações de janela importadas com sucesso
2025-06-16 20:15:53,139 - sistema_relatorios - relatorios_interface - INFO - === Sistema de Relatórios Inicializando ===
2025-06-16 20:15:53,249 - sistema_relatorios - relatorios_interface - INFO - Carregando clientes de: H:\.shortcut-targets-by-id\195uuohIL_ZKum7lhwu-OzJCH_CGAb97G\Relatórios\Financeiro\Planilhas_Base\clientes.xlsx
2025-06-16 20:15:53,373 - sistema_relatorios - relatorios_interface - INFO - Colunas disponíveis: ['Nome', 'Endereço', 'Data Inicial', 'Observações', 'Data Final']
2025-06-16 20:15:53,373 - sistema_relatorios - relatorios_interface - INFO - Coluna de status: Data Final
2025-06-16 20:15:53,385 - sistema_relatorios - relatorios_interface - INFO - Coluna de nome: Nome
2025-06-16 20:15:53,386 - sistema_relatorios - relatorios_interface - INFO - Total de clientes ativos encontrados: 13
2025-06-16 20:15:53,386 - sistema_relatorios - relatorios_interface - INFO - Lista de clientes atualizada com 14 clientes
2025-06-16 20:15:53,420 - sistema_relatorios - relatorios_interface - INFO - Carregando clientes de: H:\.shortcut-targets-by-id\195uuohIL_ZKum7lhwu-OzJCH_CGAb97G\Relatórios\Financeiro\Planilhas_Base\clientes.xlsx
2025-06-16 20:15:53,451 - sistema_relatorios - relatorios_interface - INFO - Colunas disponíveis: ['Nome', 'Endereço', 'Data Inicial', 'Observações', 'Data Final']
2025-06-16 20:15:53,452 - sistema_relatorios - relatorios_interface - INFO - Coluna de status: Data Final
2025-06-16 20:15:53,453 - sistema_relatorios - relatorios_interface - INFO - Coluna de nome: Nome
2025-06-16 20:15:53,454 - sistema_relatorios - relatorios_interface - INFO - Total de clientes ativos encontrados: 13
2025-06-16 20:15:53,455 - sistema_relatorios - relatorios_interface - INFO - Lista de clientes carregada com 14 itens
2025-06-16 20:18:51,287 - sistema - logger_config - INFO - Sistema de logging inicializado
2025-06-16 20:18:51,288 - sistema_principal - logger_config - INFO - Usuário alterado para: sistema_principal
2025-06-16 20:18:51,289 - sistema_principal - sistema_principal - INFO - Abrindo sistema de relatórios
2025-06-16 20:18:51,297 - sistema_relatorios - logger_config - INFO - Usuário alterado para: sistema_relatorios
2025-06-16 20:18:51,299 - sistema_relatorios - relatorios_interface - INFO - Sistema de relatórios inicializando usando logger configurado
2025-06-16 20:18:51,299 - sistema_relatorios - relatorios_interface - INFO - Configurações de janela importadas com sucesso
2025-06-16 20:18:51,300 - sistema_relatorios - relatorios_interface - INFO - === Sistema de Relatórios Inicializando ===
2025-06-16 20:18:51,396 - sistema_relatorios - relatorios_interface - INFO - Carregando clientes de: H:\.shortcut-targets-by-id\195uuohIL_ZKum7lhwu-OzJCH_CGAb97G\Relatórios\Financeiro\Planilhas_Base\clientes.xlsx
2025-06-16 20:18:51,513 - sistema_relatorios - relatorios_interface - INFO - Colunas disponíveis: ['Nome', 'Endereço', 'Data Inicial', 'Observações', 'Data Final']
2025-06-16 20:18:51,514 - sistema_relatorios - relatorios_interface - INFO - Coluna de status: Data Final
2025-06-16 20:18:51,516 - sistema_relatorios - relatorios_interface - INFO - Coluna de nome: Nome
2025-06-16 20:18:51,517 - sistema_relatorios - relatorios_interface - INFO - Total de clientes ativos encontrados: 13
2025-06-16 20:18:51,517 - sistema_relatorios - relatorios_interface - INFO - Lista de clientes atualizada com 14 clientes
2025-06-16 20:18:51,544 - sistema_relatorios - relatorios_interface - INFO - Carregando clientes de: H:\.shortcut-targets-by-id\195uuohIL_ZKum7lhwu-OzJCH_CGAb97G\Relatórios\Financeiro\Planilhas_Base\clientes.xlsx
2025-06-16 20:18:51,576 - sistema_relatorios - relatorios_interface - INFO - Colunas disponíveis: ['Nome', 'Endereço', 'Data Inicial', 'Observações', 'Data Final']
2025-06-16 20:18:51,577 - sistema_relatorios - relatorios_interface - INFO - Coluna de status: Data Final
2025-06-16 20:18:51,580 - sistema_relatorios - relatorios_interface - INFO - Coluna de nome: Nome
2025-06-16 20:18:51,581 - sistema_relatorios - relatorios_interface - INFO - Total de clientes ativos encontrados: 13
2025-06-16 20:18:51,582 - sistema_relatorios - relatorios_interface - INFO - Lista de clientes carregada com 14 itens
2025-06-16 20:24:13,379 - sistema - logger_config - INFO - Sistema de logging inicializado
2025-06-16 20:24:13,381 - sistema_principal - logger_config - INFO - Usuário alterado para: sistema_principal
2025-06-16 20:24:13,383 - sistema_principal - sistema_principal - INFO - Abrindo sistema de relatórios
2025-06-16 20:24:13,397 - sistema_relatorios - logger_config - INFO - Usuário alterado para: sistema_relatorios
2025-06-16 20:24:13,402 - sistema_relatorios - relatorios_interface - INFO - Sistema de relatórios inicializando usando logger configurado
2025-06-16 20:24:13,403 - sistema_relatorios - relatorios_interface - INFO - Configurações de janela importadas com sucesso
2025-06-16 20:24:13,404 - sistema_relatorios - relatorios_interface - INFO - === Sistema de Relatórios Inicializando ===
2025-06-16 20:24:13,512 - sistema_relatorios - relatorios_interface - INFO - Carregando clientes de: H:\.shortcut-targets-by-id\195uuohIL_ZKum7lhwu-OzJCH_CGAb97G\Relatórios\Financeiro\Planilhas_Base\clientes.xlsx
2025-06-16 20:24:13,633 - sistema_relatorios - relatorios_interface - INFO - Colunas disponíveis: ['Nome', 'Endereço', 'Data Inicial', 'Observações', 'Data Final']
2025-06-16 20:24:13,634 - sistema_relatorios - relatorios_interface - INFO - Coluna de status: Data Final
2025-06-16 20:24:13,645 - sistema_relatorios - relatorios_interface - INFO - Coluna de nome: Nome
2025-06-16 20:24:13,646 - sistema_relatorios - relatorios_interface - INFO - Total de clientes ativos encontrados: 13
2025-06-16 20:24:13,647 - sistema_relatorios - relatorios_interface - INFO - Lista de clientes atualizada com 14 clientes
2025-06-16 20:24:13,678 - sistema_relatorios - relatorios_interface - INFO - Carregando clientes de: H:\.shortcut-targets-by-id\195uuohIL_ZKum7lhwu-OzJCH_CGAb97G\Relatórios\Financeiro\Planilhas_Base\clientes.xlsx
2025-06-16 20:24:13,708 - sistema_relatorios - relatorios_interface - INFO - Colunas disponíveis: ['Nome', 'Endereço', 'Data Inicial', 'Observações', 'Data Final']
2025-06-16 20:24:13,708 - sistema_relatorios - relatorios_interface - INFO - Coluna de status: Data Final
2025-06-16 20:24:13,711 - sistema_relatorios - relatorios_interface - INFO - Coluna de nome: Nome
2025-06-16 20:24:13,712 - sistema_relatorios - relatorios_interface - INFO - Total de clientes ativos encontrados: 13
2025-06-16 20:24:13,713 - sistema_relatorios - relatorios_interface - INFO - Lista de clientes carregada com 14 itens
2025-06-16 20:29:31,217 - sistema - logger_config - INFO - Sistema de logging inicializado
2025-06-16 20:29:31,220 - sistema_principal - logger_config - INFO - Usuário alterado para: sistema_principal
2025-06-16 20:29:31,220 - sistema_principal - sistema_principal - INFO - Abrindo sistema de relatórios
2025-06-16 20:29:31,241 - sistema_relatorios - logger_config - INFO - Usuário alterado para: sistema_relatorios
2025-06-16 20:29:31,241 - sistema_relatorios - relatorios_interface - INFO - Sistema de relatórios inicializando usando logger configurado
2025-06-16 20:29:31,242 - sistema_relatorios - relatorios_interface - INFO - Configurações de janela importadas com sucesso
2025-06-16 20:29:31,243 - sistema_relatorios - relatorios_interface - INFO - === Sistema de Relatórios Inicializando ===
2025-06-16 20:29:31,345 - sistema_relatorios - relatorios_interface - INFO - Carregando clientes de: H:\.shortcut-targets-by-id\195uuohIL_ZKum7lhwu-OzJCH_CGAb97G\Relatórios\Financeiro\Planilhas_Base\clientes.xlsx
2025-06-16 20:29:31,610 - sistema_relatorios - relatorios_interface - INFO - Colunas disponíveis: ['Nome', 'Endereço', 'Data Inicial', 'Observações', 'Data Final']
2025-06-16 20:29:31,610 - sistema_relatorios - relatorios_interface - INFO - Coluna de status: Data Final
2025-06-16 20:29:31,742 - sistema_relatorios - relatorios_interface - INFO - Coluna de nome: Nome
2025-06-16 20:29:31,742 - sistema_relatorios - relatorios_interface - INFO - Total de clientes ativos encontrados: 13
2025-06-16 20:29:31,747 - sistema_relatorios - relatorios_interface - INFO - Lista de clientes atualizada com 14 clientes
2025-06-16 20:29:31,786 - sistema_relatorios - relatorios_interface - INFO - Carregando clientes de: H:\.shortcut-targets-by-id\195uuohIL_ZKum7lhwu-OzJCH_CGAb97G\Relatórios\Financeiro\Planilhas_Base\clientes.xlsx
2025-06-16 20:29:31,825 - sistema_relatorios - relatorios_interface - INFO - Colunas disponíveis: ['Nome', 'Endereço', 'Data Inicial', 'Observações', 'Data Final']
2025-06-16 20:29:31,828 - sistema_relatorios - relatorios_interface - INFO - Coluna de status: Data Final
2025-06-16 20:29:31,830 - sistema_relatorios - relatorios_interface - INFO - Coluna de nome: Nome
2025-06-16 20:29:31,831 - sistema_relatorios - relatorios_interface - INFO - Total de clientes ativos encontrados: 13
2025-06-16 20:29:31,832 - sistema_relatorios - relatorios_interface - INFO - Lista de clientes carregada com 14 itens
