2026-08-05 07:54:31,087 - sistema - logger_config - INFO - Sistema de logging inicializado
2026-08-05 07:54:31,088 - sistema_relatorios - logger_config - INFO - Usuário alterado para: sistema_relatorios
2026-08-05 07:54:31,089 - sistema_relatorios - relatorios_interface - INFO - Sistema de relatórios inicializando usando logger configurado
2026-08-05 07:54:31,090 - sistema_relatorios - relatorios_interface - INFO - Configurações de janela importadas com sucesso
2026-08-05 07:54:31,090 - sistema_relatorios - relatorios_interface - INFO - === Sistema de Relatórios Inicializando ===
2026-08-05 07:56:02,418 - sistema_relatorios - gestao_medicoes - INFO - Logger importado com sucesso em gestao_medicoes.py
2026-08-05 07:56:02,438 - sistema_relatorios - gestao_medicoes - INFO - ✅ Janela Gestão de Medições inicializada com tripla proteção de visibilidade
2026-08-05 07:56:08,330 - sistema_relatorios - gestao_medicoes - INFO - ✅ Coluna Data_Rel adicionada à aba Medicoes de 'FERNANDA LUCENA PEREIRA DA FONSECA BOTELHO'
2026-08-05 07:56:32,244 - sistema_relatorios - gestao_medicoes - INFO - Fornecedor selecionado na aba: GUILHERME DAMASCENO GOMES (069.470.316-80)
2026-08-05 08:42:57,333 - sistema - logger_config - INFO - Sistema de logging inicializado
2026-08-05 08:42:57,334 - sistema_relatorios - logger_config - INFO - Usuário alterado para: sistema_relatorios
2026-08-05 08:42:57,334 - sistema_relatorios - relatorios_interface - INFO - Sistema de relatórios inicializando usando logger configurado
2026-08-05 08:42:57,334 - sistema_relatorios - relatorios_interface - INFO - Configurações de janela importadas com sucesso
2026-08-05 08:42:57,335 - sistema_relatorios - relatorios_interface - INFO - === Sistema de Relatórios Inicializando ===
2026-08-05 08:43:49,433 - sistema_relatorios - gestao_medicoes - INFO - Logger importado com sucesso em gestao_medicoes.py
2026-08-05 08:43:49,454 - sistema_relatorios - gestao_medicoes - INFO - ✅ Janela Gestão de Medições inicializada com tripla proteção de visibilidade
2026-08-05 08:44:09,226 - sistema_relatorios - gestao_medicoes - INFO - Fornecedor selecionado na aba: GUILHERME DAMASCENO GOMES (069.470.316-80)
2026-08-05 09:03:57,318 - sistema_relatorios - gestao_medicoes - INFO - Fornecedor selecionado na aba: ALISON FRANCISCO LEITE (073.385.186-02)
2026-08-05 09:03:59,691 - sistema_relatorios - gestao_medicoes - INFO - Fornecedor selecionado na aba: ALISON FRANCISCO LEITE (073.385.186-02)
2026-08-05 09:04:46,508 - sistema_relatorios - gestao_medicoes - INFO - Fornecedor selecionado na aba: ALFATEC INSTALACOES (14.051.624/0001-42)
2026-08-05 09:26:22,260 - sistema_relatorios - gestao_medicoes - INFO - ✅ Janela de Gestão de Medições fechada
2026-08-05 09:26:22,263 - sistema_relatorios - gestao_medicoes - INFO - ✅ Menu principal restaurado
2026-08-05 09:31:42,760 - sistema - logger_config - INFO - Sistema de logging inicializado
2026-08-05 09:31:42,761 - sistema_relatorios - logger_config - INFO - Usuário alterado para: sistema_relatorios
2026-08-05 09:31:42,761 - sistema_relatorios - relatorios_interface - INFO - Sistema de relatórios inicializando usando logger configurado
2026-08-05 09:31:42,761 - sistema_relatorios - relatorios_interface - INFO - Configurações de janela importadas com sucesso
2026-08-05 09:31:42,762 - sistema_relatorios - relatorios_interface - INFO - === Sistema de Relatórios Inicializando ===
2026-08-05 09:31:51,558 - sistema_relatorios - gestao_medicoes - INFO - Logger importado com sucesso em gestao_medicoes.py
2026-08-05 09:31:51,606 - sistema_relatorios - gestao_medicoes - INFO - ✅ Janela Gestão de Medições inicializada com tripla proteção de visibilidade
2026-08-05 09:32:00,432 - sistema_relatorios - gestao_medicoes - INFO - ✅ Coluna Data_Rel adicionada à aba Medicoes de 'FERNANDA LUCENA PEREIRA DA FONSECA BOTELHO'
2026-08-05 09:32:18,165 - sistema_relatorios - gestao_medicoes - INFO - Fornecedor selecionado na aba: GUILHERME DAMASCENO GOMES (069.470.316-80)
2026-08-05 09:39:50,771 - sistema_relatorios - gestao_medicoes - INFO - Rastreamento adicionado: Contrato 7, Medição 2, Linha 256
2026-08-05 09:49:11,451 - sistema_relatorios - gestao_medicoes - INFO - ✅ Janela de Gestão de Medições fechada
2026-08-05 09:49:11,524 - sistema_relatorios - gestao_medicoes - INFO - ✅ Menu principal restaurado
2026-08-05 09:49:56,414 - sistema - logger_config - INFO - Sistema de logging inicializado
2026-08-05 09:49:56,415 - sistema_relatorios - logger_config - INFO - Usuário alterado para: sistema_relatorios
2026-08-05 09:49:56,416 - sistema_relatorios - relatorios_interface - INFO - Sistema de relatórios inicializando usando logger configurado
2026-08-05 09:49:56,416 - sistema_relatorios - relatorios_interface - INFO - Configurações de janela importadas com sucesso
2026-08-05 09:49:56,417 - sistema_relatorios - relatorios_interface - INFO - === Sistema de Relatórios Inicializando ===
2026-08-05 09:50:01,825 - sistema_relatorios - gestao_medicoes - INFO - Logger importado com sucesso em gestao_medicoes.py
2026-08-05 09:50:01,846 - sistema_relatorios - gestao_medicoes - INFO - ✅ Janela Gestão de Medições inicializada com tripla proteção de visibilidade
2026-08-05 09:50:13,439 - sistema_relatorios - gestao_medicoes - INFO - ✅ Janela de Gestão de Medições fechada
2026-08-05 09:50:13,441 - sistema_relatorios - gestao_medicoes - INFO - ✅ Menu principal restaurado
2026-08-05 09:50:16,005 - sistema_relatorios - logger_config - INFO - Iniciando: Carregar configurações
2026-08-05 09:50:16,124 - sistema_relatorios - logger_config - INFO - Concluído: Carregar configurações
2026-08-05 09:50:16,373 - sistema_relatorios - logger_config - INFO - Iniciando: Carregar configurações
2026-08-05 09:50:16,373 - sistema_relatorios - logger_config - INFO - Concluído: Carregar configurações
2026-08-05 09:50:16,376 - sistema_relatorios - logger_config - INFO - Iniciando: Carregar configurações
2026-08-05 09:50:16,378 - sistema_relatorios - logger_config - INFO - Concluído: Carregar configurações
2026-08-05 09:50:57,784 - sistema_relatorios - gestao_medicoes - INFO - ✅ Janela Gestão de Medições inicializada com tripla proteção de visibilidade
2026-08-05 09:51:14,517 - sistema_relatorios - gestao_medicoes - INFO - Fornecedor selecionado na aba: GUILHERME DAMASCENO GOMES (069.470.316-80)
2026-08-05 09:53:40,978 - sistema_relatorios - gestao_medicoes - INFO - Rastreamento adicionado: Contrato 7, Medição 3, Linha 54
2026-08-05 10:13:33,025 - sistema_relatorios - gestao_medicoes - INFO - ✅ Janela de Gestão de Medições fechada
2026-08-05 10:13:33,080 - sistema_relatorios - gestao_medicoes - INFO - ✅ Menu principal restaurado
2026-08-05 10:15:34,810 - sistema - logger_config - INFO - Sistema de logging inicializado
2026-08-05 10:15:34,811 - sistema_relatorios - logger_config - INFO - Usuário alterado para: sistema_relatorios
2026-08-05 10:15:34,811 - sistema_relatorios - relatorios_interface - INFO - Sistema de relatórios inicializando usando logger configurado
2026-08-05 10:15:34,812 - sistema_relatorios - relatorios_interface - INFO - Configurações de janela importadas com sucesso
2026-08-05 10:15:34,812 - sistema_relatorios - relatorios_interface - INFO - === Sistema de Relatórios Inicializando ===
2026-08-05 10:15:46,471 - sistema_relatorios - gestao_medicoes - INFO - Logger importado com sucesso em gestao_medicoes.py
2026-08-05 10:23:52,130 - sistema - logger_config - INFO - Sistema de logging inicializado
2026-08-05 10:23:52,134 - sistema_relatorios - logger_config - INFO - Usuário alterado para: sistema_relatorios
2026-08-05 10:23:52,138 - sistema_relatorios - relatorios_interface - INFO - Sistema de relatórios inicializando usando logger configurado
2026-08-05 10:23:52,139 - sistema_relatorios - relatorios_interface - INFO - Configurações de janela importadas com sucesso
2026-08-05 10:23:52,144 - sistema_relatorios - relatorios_interface - INFO - === Sistema de Relatórios Inicializando ===
2026-08-05 10:23:58,890 - sistema_relatorios - gestao_medicoes - INFO - Logger importado com sucesso em gestao_medicoes.py
2026-08-05 10:23:58,919 - sistema_relatorios - gestao_medicoes - INFO - ✅ Janela Gestão de Medições inicializada com tripla proteção de visibilidade
2026-08-05 10:26:00,777 - sistema_relatorios - gestao_medicoes - INFO - ✅ Janela de Gestão de Medições fechada
2026-08-05 10:26:00,779 - sistema_relatorios - gestao_medicoes - INFO - ✅ Menu principal restaurado
2026-08-05 10:26:59,579 - sistema - logger_config - INFO - Sistema de logging inicializado
2026-08-05 10:26:59,602 - sistema_relatorios - logger_config - INFO - Usuário alterado para: sistema_relatorios
2026-08-05 10:26:59,603 - sistema_relatorios - relatorios_interface - INFO - Sistema de relatórios inicializando usando logger configurado
2026-08-05 10:26:59,603 - sistema_relatorios - relatorios_interface - INFO - Configurações de janela importadas com sucesso
2026-08-05 10:26:59,603 - sistema_relatorios - relatorios_interface - INFO - === Sistema de Relatórios Inicializando ===
2026-08-05 10:27:28,290 - sistema_relatorios - gestao_medicoes - INFO - Logger importado com sucesso em gestao_medicoes.py
2026-08-05 10:27:28,309 - sistema_relatorios - gestao_medicoes - INFO - ✅ Janela Gestão de Medições inicializada com tripla proteção de visibilidade
2026-08-05 10:27:35,867 - sistema_relatorios - gestao_medicoes - INFO - ✅ Coluna Data_Rel adicionada à aba Medicoes de 'ANA AUGUSTA PIRES COUTINHO'
2026-08-05 10:35:45,184 - sistema_relatorios - gestao_medicoes - INFO - ✅ Janela de Gestão de Medições fechada
2026-08-05 10:35:45,201 - sistema_relatorios - gestao_medicoes - INFO - ✅ Menu principal restaurado
2026-08-05 10:36:52,767 - sistema - logger_config - INFO - Sistema de logging inicializado
2026-08-05 10:36:52,768 - sistema_relatorios - logger_config - INFO - Usuário alterado para: sistema_relatorios
2026-08-05 10:36:52,768 - sistema_relatorios - relatorios_interface - INFO - Sistema de relatórios inicializando usando logger configurado
2026-08-05 10:36:52,768 - sistema_relatorios - relatorios_interface - INFO - Configurações de janela importadas com sucesso
2026-08-05 10:36:52,769 - sistema_relatorios - relatorios_interface - INFO - === Sistema de Relatórios Inicializando ===
2026-08-05 10:37:01,069 - sistema_relatorios - gestao_medicoes - INFO - Logger importado com sucesso em gestao_medicoes.py
2026-08-05 10:37:01,104 - sistema_relatorios - gestao_medicoes - INFO - ✅ Janela Gestão de Medições inicializada com tripla proteção de visibilidade
2026-08-05 10:38:03,091 - sistema_relatorios - gestao_medicoes - INFO - Fornecedor selecionado na aba: GUILHERME DAMASCENO GOMES (069.470.316-80)
2026-08-05 10:40:03,070 - sistema_relatorios - gestao_medicoes - INFO - ✅ Coluna Data_Rel adicionada à aba Medicoes de 'JOSE PAULO DE SOUZA PEIXE'
2026-08-05 10:40:26,882 - sistema_relatorios - gestao_medicoes - INFO - ✅ Janela de Gestão de Medições fechada
2026-08-05 10:40:26,909 - sistema_relatorios - gestao_medicoes - INFO - ✅ Menu principal restaurado
2026-08-05 12:05:50,741 - sistema - logger_config - INFO - Sistema de logging inicializado
2026-08-05 12:05:50,742 - sistema_relatorios - logger_config - INFO - Usuário alterado para: sistema_relatorios
2026-08-05 12:05:50,742 - sistema_relatorios - relatorios_interface - INFO - Sistema de relatórios inicializando usando logger configurado
2026-08-05 12:05:50,743 - sistema_relatorios - relatorios_interface - INFO - Configurações de janela importadas com sucesso
2026-08-05 12:05:50,743 - sistema_relatorios - relatorios_interface - INFO - === Sistema de Relatórios Inicializando ===
2026-08-05 12:05:59,284 - sistema_relatorios - gestao_medicoes - INFO - Logger importado com sucesso em gestao_medicoes.py
2026-08-05 12:05:59,313 - sistema_relatorios - gestao_medicoes - INFO - ✅ Janela Gestão de Medições inicializada com tripla proteção de visibilidade
2026-08-05 12:09:07,596 - sistema_relatorios - gestao_medicoes - INFO - ✅ Janela de Gestão de Medições fechada
2026-08-05 12:09:07,686 - sistema_relatorios - gestao_medicoes - INFO - ✅ Menu principal restaurado
2026-08-05 12:09:24,372 - sistema - logger_config - INFO - Sistema de logging inicializado
2026-08-05 12:09:24,373 - sistema_relatorios - logger_config - INFO - Usuário alterado para: sistema_relatorios
2026-08-05 12:09:24,376 - sistema_relatorios - relatorios_interface - INFO - Sistema de relatórios inicializando usando logger configurado
2026-08-05 12:09:24,377 - sistema_relatorios - relatorios_interface - INFO - Configurações de janela importadas com sucesso
2026-08-05 12:09:24,377 - sistema_relatorios - relatorios_interface - INFO - === Sistema de Relatórios Inicializando ===
2026-08-05 12:09:30,242 - sistema_relatorios - gestao_medicoes - INFO - Logger importado com sucesso em gestao_medicoes.py
2026-08-05 12:09:30,263 - sistema_relatorios - gestao_medicoes - INFO - ✅ Janela Gestão de Medições inicializada com tripla proteção de visibilidade
2026-08-05 12:09:46,755 - sistema_relatorios - gestao_medicoes - INFO - Fornecedor selecionado na aba: GUILHERME DAMASCENO GOMES (069.470.316-80)
2026-08-05 12:10:33,083 - sistema_relatorios - gestao_medicoes - INFO - Rastreamento adicionado: Contrato 4, Medição 1, Linha 83
2026-08-05 12:11:04,065 - sistema_relatorios - gestao_medicoes - INFO - Rastreamento adicionado: Contrato 5, Medição 1, Linha 160
2026-08-05 12:11:31,034 - sistema_relatorios - gestao_medicoes - INFO - Rastreamento adicionado: Contrato 6, Medição 2, Linha 248
2026-08-05 12:16:05,745 - sistema_relatorios - gestao_medicoes - INFO - ✅ Janela de Gestão de Medições fechada
2026-08-05 12:16:05,756 - sistema_relatorios - gestao_medicoes - INFO - ✅ Menu principal restaurado
2026-08-05 12:52:39,971 - sistema - logger_config - INFO - Sistema de logging inicializado
2026-08-05 12:52:39,975 - sistema_relatorios - logger_config - INFO - Usuário alterado para: sistema_relatorios
2026-08-05 12:52:39,976 - sistema_relatorios - relatorios_interface - INFO - Sistema de relatórios inicializando usando logger configurado
2026-08-05 12:52:39,976 - sistema_relatorios - relatorios_interface - INFO - Configurações de janela importadas com sucesso
2026-08-05 12:52:39,976 - sistema_relatorios - relatorios_interface - INFO - === Sistema de Relatórios Inicializando ===
2026-08-05 12:52:50,922 - sistema_relatorios - gestao_medicoes - INFO - Logger importado com sucesso em gestao_medicoes.py
2026-08-05 12:52:50,948 - sistema_relatorios - gestao_medicoes - INFO - ✅ Janela Gestão de Medições inicializada com tripla proteção de visibilidade
2026-08-05 12:53:42,288 - sistema_relatorios - gestao_medicoes - INFO - ✅ Janela de Gestão de Medições fechada
2026-08-05 12:53:42,297 - sistema_relatorios - gestao_medicoes - INFO - ✅ Menu principal restaurado
2026-08-05 12:53:45,098 - sistema_relatorios - logger_config - INFO - Iniciando: Carregar configurações
2026-08-05 12:53:45,134 - sistema_relatorios - logger_config - INFO - Concluído: Carregar configurações
2026-08-05 12:53:45,456 - sistema_relatorios - logger_config - INFO - Iniciando: Carregar configurações
2026-08-05 12:53:45,523 - sistema_relatorios - logger_config - INFO - Concluído: Carregar configurações
2026-08-05 12:53:45,553 - sistema_relatorios - logger_config - INFO - Iniciando: Carregar configurações
2026-08-05 12:53:45,562 - sistema_relatorios - logger_config - INFO - Concluído: Carregar configurações
2026-08-05 12:53:49,942 - sistema_relatorios - logger_config - INFO - Iniciando: Carregar configurações
2026-08-05 12:53:49,942 - sistema_relatorios - logger_config - INFO - Concluído: Carregar configurações
2026-08-05 12:54:07,695 - sistema_relatorios - logger_config - INFO - Iniciando: Carregar configurações
2026-08-05 12:54:07,696 - sistema_relatorios - logger_config - INFO - Concluído: Carregar configurações
2026-08-05 12:55:54,754 - sistema_relatorios - logger_config - INFO - Iniciando: Carregar configurações
2026-08-05 12:55:54,754 - sistema_relatorios - logger_config - INFO - Concluído: Carregar configurações
2026-08-05 12:55:54,756 - sistema_relatorios - logger_config - INFO - Iniciando: Carregar configurações
2026-08-05 12:55:54,757 - sistema_relatorios - logger_config - INFO - Concluído: Carregar configurações
2026-08-05 14:01:14,239 - sistema - logger_config - INFO - Sistema de logging inicializado
2026-08-05 14:01:14,242 - sistema_relatorios - logger_config - INFO - Usuário alterado para: sistema_relatorios
2026-08-05 14:01:14,243 - sistema_relatorios - relatorios_interface - INFO - Sistema de relatórios inicializando usando logger configurado
2026-08-05 14:01:14,245 - sistema_relatorios - relatorios_interface - INFO - Configurações de janela importadas com sucesso
2026-08-05 14:01:14,245 - sistema_relatorios - relatorios_interface - INFO - === Sistema de Relatórios Inicializando ===
2026-08-05 14:01:32,821 - sistema_relatorios - gestao_medicoes - INFO - Logger importado com sucesso em gestao_medicoes.py
2026-08-05 14:01:32,851 - sistema_relatorios - gestao_medicoes - INFO - ✅ Janela Gestão de Medições inicializada com tripla proteção de visibilidade
2026-08-05 14:04:14,149 - sistema_relatorios - gestao_medicoes - INFO - ✅ Janela de Gestão de Medições fechada
2026-08-05 14:04:14,159 - sistema_relatorios - gestao_medicoes - INFO - ✅ Menu principal restaurado
2026-08-05 14:04:16,702 - sistema_relatorios - logger_config - INFO - Iniciando: Carregar configurações
2026-08-05 14:04:16,705 - sistema_relatorios - logger_config - INFO - Concluído: Carregar configurações
2026-08-05 14:04:16,872 - sistema_relatorios - logger_config - INFO - Iniciando: Carregar configurações
2026-08-05 14:04:16,873 - sistema_relatorios - logger_config - INFO - Concluído: Carregar configurações
2026-08-05 14:04:16,876 - sistema_relatorios - logger_config - INFO - Iniciando: Carregar configurações
2026-08-05 14:04:16,877 - sistema_relatorios - logger_config - INFO - Concluído: Carregar configurações
2026-08-05 14:04:22,121 - sistema_relatorios - logger_config - INFO - Iniciando: Carregar configurações
2026-08-05 14:04:22,121 - sistema_relatorios - logger_config - INFO - Concluído: Carregar configurações
2026-08-05 14:06:19,362 - sistema_relatorios - logger_config - INFO - Iniciando: Carregar configurações
2026-08-05 14:06:19,362 - sistema_relatorios - logger_config - INFO - Concluído: Carregar configurações
2026-08-05 14:14:30,990 - sistema - logger_config - INFO - Sistema de logging inicializado
2026-08-05 14:14:30,991 - sistema_relatorios - logger_config - INFO - Usuário alterado para: sistema_relatorios
2026-08-05 14:14:30,992 - sistema_relatorios - relatorios_interface - INFO - Sistema de relatórios inicializando usando logger configurado
2026-08-05 14:14:30,992 - sistema_relatorios - relatorios_interface - INFO - Configurações de janela importadas com sucesso
2026-08-05 14:14:30,993 - sistema_relatorios - relatorios_interface - INFO - === Sistema de Relatórios Inicializando ===
2026-08-05 14:14:47,091 - sistema_relatorios - logger_config - INFO - Iniciando: Carregar configurações
2026-08-05 14:14:47,093 - sistema_relatorios - logger_config - INFO - Concluído: Carregar configurações
2026-08-05 14:14:47,337 - sistema_relatorios - logger_config - INFO - Iniciando: Carregar configurações
2026-08-05 14:14:47,340 - sistema_relatorios - logger_config - INFO - Concluído: Carregar configurações
2026-08-05 14:14:47,343 - sistema_relatorios - logger_config - INFO - Iniciando: Carregar configurações
2026-08-05 14:14:47,343 - sistema_relatorios - logger_config - INFO - Concluído: Carregar configurações
2026-08-05 14:14:54,193 - sistema_relatorios - logger_config - INFO - Iniciando: Carregar configurações
2026-08-05 14:14:54,194 - sistema_relatorios - logger_config - INFO - Concluído: Carregar configurações
2026-08-05 14:15:27,899 - sistema_relatorios - logger_config - INFO - Iniciando: Carregar configurações
2026-08-05 14:15:27,899 - sistema_relatorios - logger_config - INFO - Concluído: Carregar configurações
2026-08-05 16:14:30,328 - sistema - logger_config - INFO - Sistema de logging inicializado
2026-08-05 16:14:30,329 - sistema_relatorios - logger_config - INFO - Usuário alterado para: sistema_relatorios
2026-08-05 16:14:30,330 - sistema_relatorios - relatorios_interface - INFO - Sistema de relatórios inicializando usando logger configurado
2026-08-05 16:14:30,330 - sistema_relatorios - relatorios_interface - INFO - Configurações de janela importadas com sucesso
2026-08-05 16:14:30,330 - sistema_relatorios - relatorios_interface - INFO - === Sistema de Relatórios Inicializando ===
2026-08-05 16:14:49,579 - sistema_relatorios - logger_config - INFO - Iniciando: Carregar configurações
2026-08-05 16:14:49,582 - sistema_relatorios - logger_config - INFO - Concluído: Carregar configurações
2026-08-05 16:14:49,823 - sistema_relatorios - logger_config - INFO - Iniciando: Carregar configurações
2026-08-05 16:14:49,823 - sistema_relatorios - logger_config - INFO - Concluído: Carregar configurações
2026-08-05 16:14:49,825 - sistema_relatorios - logger_config - INFO - Iniciando: Carregar configurações
2026-08-05 16:14:49,826 - sistema_relatorios - logger_config - INFO - Concluído: Carregar configurações
2026-08-05 16:15:18,397 - sistema_relatorios - logger_config - INFO - Iniciando: Carregar configurações
2026-08-05 16:15:18,397 - sistema_relatorios - logger_config - INFO - Concluído: Carregar configurações
2026-08-05 16:16:32,748 - sistema - logger_config - INFO - Sistema de logging inicializado
2026-08-05 16:16:32,751 - sistema_relatorios - logger_config - INFO - Usuário alterado para: sistema_relatorios
2026-08-05 16:16:32,758 - sistema_relatorios - relatorios_interface - INFO - Sistema de relatórios inicializando usando logger configurado
2026-08-05 16:16:32,800 - sistema_relatorios - relatorios_interface - INFO - Configurações de janela importadas com sucesso
2026-08-05 16:16:32,831 - sistema_relatorios - relatorios_interface - INFO - === Sistema de Relatórios Inicializando ===
2026-08-05 16:16:43,504 - sistema_relatorios - logger_config - INFO - Iniciando: Carregar configurações
2026-08-05 16:16:43,507 - sistema_relatorios - logger_config - INFO - Concluído: Carregar configurações
2026-08-05 16:16:43,743 - sistema_relatorios - logger_config - INFO - Iniciando: Carregar configurações
2026-08-05 16:16:43,744 - sistema_relatorios - logger_config - INFO - Concluído: Carregar configurações
2026-08-05 16:16:43,747 - sistema_relatorios - logger_config - INFO - Iniciando: Carregar configurações
2026-08-05 16:16:43,748 - sistema_relatorios - logger_config - INFO - Concluído: Carregar configurações
