2026-07-15 08:54:05,794 - sistema - logger_config - INFO - Sistema de logging inicializado
2026-07-15 08:54:05,796 - sistema_relatorios - logger_config - INFO - Usuário alterado para: sistema_relatorios
2026-07-15 08:54:05,796 - sistema_relatorios - relatorios_interface - INFO - Sistema de relatórios inicializando usando logger configurado
2026-07-15 08:54:05,797 - sistema_relatorios - relatorios_interface - INFO - Configurações de janela importadas com sucesso
2026-07-15 08:54:05,797 - sistema_relatorios - relatorios_interface - INFO - === Sistema de Relatórios Inicializando ===
2026-07-15 09:03:25,949 - sistema_relatorios - logger_config - INFO - Iniciando: Carregar configurações
2026-07-15 09:03:25,975 - sistema_relatorios - logger_config - INFO - Concluído: Carregar configurações
2026-07-15 09:03:26,202 - sistema_relatorios - logger_config - INFO - Iniciando: Carregar configurações
2026-07-15 09:03:26,203 - sistema_relatorios - logger_config - INFO - Concluído: Carregar configurações
2026-07-15 09:03:26,204 - sistema_relatorios - logger_config - INFO - Iniciando: Carregar configurações
2026-07-15 09:03:26,205 - sistema_relatorios - logger_config - INFO - Concluído: Carregar configurações
2026-07-15 09:17:22,712 - sistema - logger_config - INFO - Sistema de logging inicializado
2026-07-15 09:17:22,713 - sistema_relatorios - logger_config - INFO - Usuário alterado para: sistema_relatorios
2026-07-15 09:17:22,714 - sistema_relatorios - relatorios_interface - INFO - Sistema de relatórios inicializando usando logger configurado
2026-07-15 09:17:22,715 - sistema_relatorios - relatorios_interface - INFO - Configurações de janela importadas com sucesso
2026-07-15 09:17:22,715 - sistema_relatorios - relatorios_interface - INFO - === Sistema de Relatórios Inicializando ===
2026-07-15 09:17:35,350 - sistema_relatorios - logger_config - INFO - Iniciando: Carregar configurações
2026-07-15 09:17:35,421 - sistema_relatorios - logger_config - INFO - Concluído: Carregar configurações
2026-07-15 09:17:35,632 - sistema_relatorios - logger_config - INFO - Iniciando: Carregar configurações
2026-07-15 09:17:35,633 - sistema_relatorios - logger_config - INFO - Concluído: Carregar configurações
2026-07-15 09:17:35,635 - sistema_relatorios - logger_config - INFO - Iniciando: Carregar configurações
2026-07-15 09:17:35,635 - sistema_relatorios - logger_config - INFO - Concluído: Carregar configurações
2026-07-15 09:17:44,316 - sistema_relatorios - logger_config - INFO - Iniciando: Carregar configurações
2026-07-15 09:17:44,316 - sistema_relatorios - logger_config - INFO - Concluído: Carregar configurações
2026-07-15 11:44:39,108 - sistema - logger_config - INFO - Sistema de logging inicializado
2026-07-15 11:44:39,109 - sistema_relatorios - logger_config - INFO - Usuário alterado para: sistema_relatorios
2026-07-15 11:44:39,110 - sistema_relatorios - relatorios_interface - INFO - Sistema de relatórios inicializando usando logger configurado
2026-07-15 11:44:39,110 - sistema_relatorios - relatorios_interface - INFO - Configurações de janela importadas com sucesso
2026-07-15 11:44:39,110 - sistema_relatorios - relatorios_interface - INFO - === Sistema de Relatórios Inicializando ===
2026-07-15 13:55:28,762 - sistema - logger_config - INFO - Sistema de logging inicializado
2026-07-15 13:55:28,764 - sistema_relatorios - logger_config - INFO - Usuário alterado para: sistema_relatorios
2026-07-15 13:55:28,764 - sistema_relatorios - relatorios_interface - INFO - Sistema de relatórios inicializando usando logger configurado
2026-07-15 13:55:28,765 - sistema_relatorios - relatorios_interface - INFO - Configurações de janela importadas com sucesso
2026-07-15 13:55:28,765 - sistema_relatorios - relatorios_interface - INFO - === Sistema de Relatórios Inicializando ===
2026-07-15 14:01:01,995 - sistema - logger_config - INFO - Sistema de logging inicializado
2026-07-15 14:01:01,996 - sistema_relatorios - logger_config - INFO - Usuário alterado para: sistema_relatorios
2026-07-15 14:01:01,997 - sistema_relatorios - relatorios_interface - INFO - Sistema de relatórios inicializando usando logger configurado
2026-07-15 14:01:01,997 - sistema_relatorios - relatorios_interface - INFO - Configurações de janela importadas com sucesso
2026-07-15 14:01:01,997 - sistema_relatorios - relatorios_interface - INFO - === Sistema de Relatórios Inicializando ===
2026-07-15 15:48:44,264 - sistema - logger_config - INFO - Sistema de logging inicializado
2026-07-15 15:48:44,265 - sistema_relatorios - logger_config - INFO - Usuário alterado para: sistema_relatorios
2026-07-15 15:48:44,265 - sistema_relatorios - relatorios_interface - INFO - Sistema de relatórios inicializando usando logger configurado
2026-07-15 15:48:44,266 - sistema_relatorios - relatorios_interface - INFO - Configurações de janela importadas com sucesso
2026-07-15 15:48:44,266 - sistema_relatorios - relatorios_interface - INFO - === Sistema de Relatórios Inicializando ===
2026-07-15 15:57:57,104 - sistema - logger_config - INFO - Sistema de logging inicializado
2026-07-15 15:57:57,105 - sistema_relatorios - logger_config - INFO - Usuário alterado para: sistema_relatorios
2026-07-15 15:57:57,105 - sistema_relatorios - relatorios_interface - INFO - Sistema de relatórios inicializando usando logger configurado
2026-07-15 15:57:57,106 - sistema_relatorios - relatorios_interface - INFO - Configurações de janela importadas com sucesso
2026-07-15 15:57:57,106 - sistema_relatorios - relatorios_interface - INFO - === Sistema de Relatórios Inicializando ===
2026-07-15 16:13:12,405 - sistema - logger_config - INFO - Sistema de logging inicializado
2026-07-15 16:13:12,406 - sistema_relatorios - logger_config - INFO - Usuário alterado para: sistema_relatorios
2026-07-15 16:13:12,407 - sistema_relatorios - relatorios_interface - INFO - Sistema de relatórios inicializando usando logger configurado
2026-07-15 16:13:12,408 - sistema_relatorios - relatorios_interface - INFO - Configurações de janela importadas com sucesso
2026-07-15 16:13:12,408 - sistema_relatorios - relatorios_interface - INFO - === Sistema de Relatórios Inicializando ===
2026-07-15 16:15:08,110 - sistema - logger_config - INFO - Sistema de logging inicializado
2026-07-15 16:15:08,110 - sistema_relatorios - logger_config - INFO - Usuário alterado para: sistema_relatorios
2026-07-15 16:15:08,111 - sistema_relatorios - relatorios_interface - INFO - Sistema de relatórios inicializando usando logger configurado
2026-07-15 16:15:08,111 - sistema_relatorios - relatorios_interface - INFO - Configurações de janela importadas com sucesso
2026-07-15 16:15:08,111 - sistema_relatorios - relatorios_interface - INFO - === Sistema de Relatórios Inicializando ===
2026-07-15 16:18:27,282 - sistema - logger_config - INFO - Sistema de logging inicializado
2026-07-15 16:18:27,283 - sistema_relatorios - logger_config - INFO - Usuário alterado para: sistema_relatorios
2026-07-15 16:18:27,283 - sistema_relatorios - relatorios_interface - INFO - Sistema de relatórios inicializando usando logger configurado
2026-07-15 16:18:27,284 - sistema_relatorios - relatorios_interface - INFO - Configurações de janela importadas com sucesso
2026-07-15 16:18:27,284 - sistema_relatorios - relatorios_interface - INFO - === Sistema de Relatórios Inicializando ===
2026-07-15 16:24:53,265 - sistema - logger_config - INFO - Sistema de logging inicializado
2026-07-15 16:24:53,266 - sistema_relatorios - logger_config - INFO - Usuário alterado para: sistema_relatorios
2026-07-15 16:24:53,266 - sistema_relatorios - relatorios_interface - INFO - Sistema de relatórios inicializando usando logger configurado
2026-07-15 16:24:53,266 - sistema_relatorios - relatorios_interface - INFO - Configurações de janela importadas com sucesso
2026-07-15 16:24:53,267 - sistema_relatorios - relatorios_interface - INFO - === Sistema de Relatórios Inicializando ===
