2025-12-07 10:40:41,894 - sistema - logger_config - INFO - Sistema de logging inicializado
2025-12-07 10:40:41,895 - sistema_relatorios - logger_config - INFO - Usuário alterado para: sistema_relatorios
2025-12-07 10:40:41,896 - sistema_relatorios - relatorios_interface - INFO - Sistema de relatórios inicializando usando logger configurado
2025-12-07 10:40:41,896 - sistema_relatorios - relatorios_interface - INFO - Configurações de janela importadas com sucesso
2025-12-07 10:40:41,897 - sistema_relatorios - relatorios_interface - INFO - === Sistema de Relatórios Inicializando ===
2025-12-07 10:40:56,104 - sistema_relatorios - gestao_medicoes - INFO - Logger importado com sucesso em gestao_medicoes.py
2025-12-07 10:40:57,888 - sistema_relatorios - gerador_contrato - INFO - Carregando serviços de: C:\Users\Obras\sistema_gestao_testes\testes\Financeiro\Planilhas_Base\servicos_construcao.json
2025-12-07 10:40:57,902 - sistema_relatorios - gerador_contrato - INFO - Serviços carregados: 10 categorias
2025-12-07 10:40:57,904 - sistema_relatorios - gerador_contrato - INFO - Pasta de contratos verificada: C:\Users\Obras\sistema_gestao_testes\testes\Financeiro\Clientes\Contratos
2025-12-07 10:40:57,905 - sistema_relatorios - gerador_contrato - INFO - GeradorContrato inicializado com sucesso (usando python-docx)
2025-12-07 10:41:04,506 - sistema_relatorios - gerador_contrato - INFO - Obtendo dados do cliente: BRUNO SANTANA RINALDI
2025-12-07 10:41:04,527 - sistema_relatorios - gerador_contrato - INFO - Colunas disponíveis: ['Nome', 'Endereço', 'Data Inicial', 'Observações', 'Data Final', 'Tipo Taxa', 'CPF', 'CNO', 'Estado Civil', 'Cidade', 'Grupo']
2025-12-07 10:41:04,545 - sistema_relatorios - gerador_contrato - INFO - CPF bruto obtido: 12345678900.0 (tipo: <class 'numpy.float64'>)
2025-12-07 10:41:04,547 - sistema_relatorios - gerador_contrato - INFO - CPF convertido de float: 12345678900.0 → 12345678900
2025-12-07 10:41:04,548 - sistema_relatorios - gerador_contrato - INFO - CPF apenas números: 12345678900
2025-12-07 10:41:04,549 - sistema_relatorios - gerador_contrato - INFO - ✅ CPF formatado: 123.456.789-00
2025-12-07 10:41:04,550 - sistema_relatorios - gerador_contrato - INFO - CNO já formatado: 90.018.91862/63
2025-12-07 10:41:04,554 - sistema_relatorios - gerador_contrato - INFO - ✅ Dados do cliente processados - CPF final: 123.456.789-00
2025-12-07 10:41:04,557 - sistema_relatorios - gerador_contrato - INFO - Dados do cliente obtidos com sucesso: BRUNO SANTANA RINALDI
2025-12-07 10:41:04,560 - sistema_relatorios - gestao_medicoes - INFO - Dados do cliente carregados na aba de contrato: BRUNO SANTANA RINALDI
2025-12-07 10:41:13,265 - sistema_relatorios - gestao_medicoes - INFO - Buscando fornecedores com termo: e
2025-12-07 10:41:14,372 - sistema_relatorios - gestao_medicoes - INFO - ✅ 855 fornecedores encontrados
2025-12-07 10:41:14,375 - sistema_relatorios - gestao_medicoes - INFO - Buscando fornecedores com termo: er
2025-12-07 10:41:15,495 - sistema_relatorios - gestao_medicoes - INFO - ✅ 328 fornecedores encontrados
2025-12-07 10:41:15,498 - sistema_relatorios - gestao_medicoes - INFO - Buscando fornecedores com termo: eri
2025-12-07 10:41:16,633 - sistema_relatorios - gestao_medicoes - INFO - ✅ 35 fornecedores encontrados
2025-12-07 10:41:20,354 - sistema_relatorios - gestao_medicoes - INFO - Carregando dados do fornecedor: ERITON NEVES RODRIGUES (CNPJ: 048.854.356-84)
2025-12-07 10:41:21,481 - sistema_relatorios - gestao_medicoes - WARNING - Fornecedor 'ERITON NEVES RODRIGUES' sem endereço cadastrado
2025-12-07 10:41:22,533 - sistema_relatorios - gestao_medicoes - INFO - ✅ Dados do fornecedor 'ERITON NEVES RODRIGUES' carregados
2025-12-07 10:41:26,761 - sistema_relatorios - gestao_medicoes - INFO - Buscando fornecedores com termo: a
2025-12-07 10:41:27,940 - sistema_relatorios - gestao_medicoes - INFO - ✅ 930 fornecedores encontrados
2025-12-07 10:41:27,942 - sistema_relatorios - gestao_medicoes - INFO - Buscando fornecedores com termo: al
2025-12-07 10:41:29,321 - sistema_relatorios - gestao_medicoes - INFO - ✅ 227 fornecedores encontrados
2025-12-07 10:41:29,324 - sistema_relatorios - gestao_medicoes - INFO - Buscando fornecedores com termo: alf
2025-12-07 10:41:30,481 - sistema_relatorios - gestao_medicoes - INFO - ✅ 3 fornecedores encontrados
2025-12-07 10:41:30,484 - sistema_relatorios - gestao_medicoes - INFO - Buscando fornecedores com termo: alfa
2025-12-07 10:41:31,657 - sistema_relatorios - gestao_medicoes - INFO - ✅ 2 fornecedores encontrados
2025-12-07 10:41:32,953 - sistema_relatorios - gestao_medicoes - INFO - Carregando dados do fornecedor: ALFATEC INSTALACOES (CNPJ: 14.051.624/0001-42)
2025-12-07 10:41:35,159 - sistema_relatorios - gestao_medicoes - INFO - ✅ Dados do fornecedor 'ALFATEC INSTALACOES' carregados
2025-12-07 10:41:35,161 - sistema_relatorios - gestao_medicoes - INFO - Carregando dados do fornecedor: ALFATEC INSTALACOES (CNPJ: 14.051.624/0001-42)
2025-12-07 10:41:37,365 - sistema_relatorios - gestao_medicoes - INFO - ✅ Dados do fornecedor 'ALFATEC INSTALACOES' carregados
2025-12-07 10:41:44,122 - sistema_relatorios - gestao_medicoes - INFO - Data do Contrato/Início sincronizadas: 2025-08-04
2025-12-07 10:41:47,428 - sistema_relatorios - gestao_medicoes - INFO - Data Fim calculada: 12/08/2025 (6 dias úteis, excluindo data início)
2025-12-07 10:41:47,634 - sistema_relatorios - gestao_medicoes - INFO - Data Fim calculada: 03/11/2025 (65 dias úteis, excluindo data início)
2025-12-07 10:41:49,850 - sistema_relatorios - gestao_medicoes - INFO - Data Fim calculada: 03/11/2025 (65 dias úteis, excluindo data início)
2025-12-07 10:42:40,960 - sistema_relatorios - gerador_contrato - INFO - Obtendo dados do cliente: BRUNO SANTANA RINALDI
2025-12-07 10:42:40,979 - sistema_relatorios - gerador_contrato - INFO - Colunas disponíveis: ['Nome', 'Endereço', 'Data Inicial', 'Observações', 'Data Final', 'Tipo Taxa', 'CPF', 'CNO', 'Estado Civil', 'Cidade', 'Grupo']
2025-12-07 10:42:40,982 - sistema_relatorios - gerador_contrato - INFO - CPF bruto obtido: 12345678900.0 (tipo: <class 'numpy.float64'>)
2025-12-07 10:42:40,982 - sistema_relatorios - gerador_contrato - INFO - CPF convertido de float: 12345678900.0 → 12345678900
2025-12-07 10:42:40,984 - sistema_relatorios - gerador_contrato - INFO - CPF apenas números: 12345678900
2025-12-07 10:42:40,984 - sistema_relatorios - gerador_contrato - INFO - ✅ CPF formatado: 123.456.789-00
2025-12-07 10:42:40,987 - sistema_relatorios - gerador_contrato - INFO - CNO já formatado: 90.018.91862/63
2025-12-07 10:42:40,990 - sistema_relatorios - gerador_contrato - INFO - ✅ Dados do cliente processados - CPF final: 123.456.789-00
2025-12-07 10:42:40,992 - sistema_relatorios - gerador_contrato - INFO - Dados do cliente obtidos com sucesso: BRUNO SANTANA RINALDI
2025-12-07 10:42:40,993 - sistema_relatorios - gerador_contrato - INFO - Obtendo dados do fornecedor por nome: ALFATEC INSTALACOES
2025-12-07 10:42:41,555 - sistema_relatorios - gerador_contrato - INFO - Colunas disponíveis na planilha de fornecedores: ['CNPJ/CPF', 'tipo_pessoa', 'RAZÃO SOCIAL', 'NOME', 'TELEFONE:', 'EMAIL:', 'BANCO:', 'OP', 'AGENCIA:', 'CONTA:', 'Chave_PIX', 'CATEGORIA: ', 'ESPECIFICACAO', 'VÍNCULO', 'DADOS BANCÁRIOS', 'ENDEREÇO']
2025-12-07 10:42:41,564 - sistema_relatorios - gerador_contrato - INFO - ✅ Fornecedor encontrado na planilha
2025-12-07 10:42:41,565 - sistema_relatorios - gerador_contrato - INFO - CPF/CNPJ: 14051624000142 → 14.051.624/0001-42
2025-12-07 10:42:41,567 - sistema_relatorios - gerador_contrato - INFO - ✅ Endereço encontrado: RUA LAURO RODRIGUES DA CUNHA, 111, ACAIACA - 31995-120 - BELO HORIZONTE MG
2025-12-07 10:42:41,568 - sistema_relatorios - gerador_contrato - INFO - ✅ Dados obtidos: Nome=ALFATEC INSTALACOES, CNPJ/CPF=14.051.624/0001-42, Endereço=RUA LAURO RODRIGUES DA CUNHA, 111, ACAIACA - 31995-120 - BELO HORIZONTE MG
2025-12-07 10:42:41,570 - sistema_relatorios - gerador_contrato - INFO - === INICIANDO GERAÇÃO DE CONTRATO ===
2025-12-07 10:42:41,571 - sistema_relatorios - gerador_contrato - INFO - 📋 Dados do contrato recebidos: ['data', 'cidade', 'cliente_nome', 'cliente_cno', 'cliente_cpf', 'cliente_estado_civil', 'cliente_endereco', 'fornecedor_nome', 'fornecedor_cnpj_cpf', 'fornecedor_endereco', 'endereco_obra', 'dias', 'data_inicio', 'data_fim', 'valor', 'multa', 'dados_bancarios', 'descricao']
2025-12-07 10:42:41,576 - sistema_relatorios - gerador_contrato - INFO - Usando formato dict - Cliente: BRUNO SANTANA RINALDI
2025-12-07 10:42:41,577 - sistema_relatorios - gerador_contrato - INFO - Fornecedor CPF/CNPJ do dict: 14.051.624/0001-42
2025-12-07 10:42:41,578 - sistema_relatorios - gerador_contrato - INFO - Prazo informado: None dias
2025-12-07 10:42:41,579 - sistema_relatorios - gerador_contrato - INFO - Multa informada: R$ 4.000,00
2025-12-07 10:42:41,580 - sistema_relatorios - gerador_contrato - INFO - ✅ Dados cliente processados: BRUNO SANTANA RINALDI
2025-12-07 10:42:41,580 - sistema_relatorios - gerador_contrato - INFO - ✅ Dados fornecedor processados: ALFATEC INSTALACOES - 14.051.624/0001-42
2025-12-07 10:42:41,582 - sistema_relatorios - gerador_contrato - WARNING - ⚠️ Prazo não informado, calculando dias corridos: 91
2025-12-07 10:42:41,712 - sistema_relatorios - gerador_contrato - INFO - ✅ Usando multa do formulário: R$ 4000.0
2025-12-07 10:42:41,713 - sistema_relatorios - gerador_contrato - INFO - ✅ Data do contrato: 04/08/2025 (4 de agosto de 2025)
2025-12-07 10:42:41,907 - sistema_relatorios - gerador_contrato - INFO - ✅ Contrato gerado com sucesso: C:\Users\Obras\sistema_gestao_testes\testes\Financeiro\Clientes\Contratos\Contrato_BRUNO_SANTANA_RINALDI_20251207_104241.docx
2025-12-07 10:42:45,099 - sistema_relatorios - gestao_medicoes - INFO - Pasta de contratos aberta: C:\Users\Obras\sistema_gestao_testes\testes\Financeiro\Clientes\Contratos
2025-12-07 11:02:08,378 - sistema - logger_config - INFO - Sistema de logging inicializado
2025-12-07 11:02:08,379 - sistema_relatorios - logger_config - INFO - Usuário alterado para: sistema_relatorios
2025-12-07 11:02:08,380 - sistema_relatorios - relatorios_interface - INFO - Sistema de relatórios inicializando usando logger configurado
2025-12-07 11:02:08,380 - sistema_relatorios - relatorios_interface - INFO - Configurações de janela importadas com sucesso
2025-12-07 11:02:08,380 - sistema_relatorios - relatorios_interface - INFO - === Sistema de Relatórios Inicializando ===
2025-12-07 11:02:12,711 - sistema_relatorios - gestao_medicoes - INFO - Logger importado com sucesso em gestao_medicoes.py
2025-12-07 11:02:14,313 - sistema_relatorios - gerador_contrato - INFO - Carregando serviços de: C:\Users\Obras\sistema_gestao_testes\testes\Financeiro\Planilhas_Base\servicos_construcao.json
2025-12-07 11:02:14,315 - sistema_relatorios - gerador_contrato - INFO - Serviços carregados: 10 categorias
2025-12-07 11:02:14,316 - sistema_relatorios - gerador_contrato - INFO - Pasta de contratos verificada: C:\Users\Obras\sistema_gestao_testes\testes\Financeiro\Clientes\Contratos
2025-12-07 11:02:14,317 - sistema_relatorios - gerador_contrato - INFO - GeradorContrato inicializado com sucesso (usando python-docx)
2025-12-07 11:02:17,654 - sistema_relatorios - logger_config - INFO - Iniciando: Carregar configurações
2025-12-07 11:02:17,735 - sistema_relatorios - logger_config - INFO - Concluído: Carregar configurações
2025-12-07 11:02:17,912 - sistema_relatorios - logger_config - INFO - Iniciando: Carregar configurações
2025-12-07 11:02:17,913 - sistema_relatorios - logger_config - INFO - Concluído: Carregar configurações
2025-12-07 11:02:17,915 - sistema_relatorios - logger_config - INFO - Iniciando: Carregar configurações
2025-12-07 11:02:17,916 - sistema_relatorios - logger_config - INFO - Concluído: Carregar configurações
2025-12-07 11:03:33,407 - sistema_relatorios - gerador_contrato - INFO - Carregando serviços de: C:\Users\Obras\sistema_gestao_testes\testes\Financeiro\Planilhas_Base\servicos_construcao.json
2025-12-07 11:03:33,410 - sistema_relatorios - gerador_contrato - INFO - Serviços carregados: 10 categorias
2025-12-07 11:03:33,411 - sistema_relatorios - gerador_contrato - INFO - Pasta de contratos verificada: C:\Users\Obras\sistema_gestao_testes\testes\Financeiro\Clientes\Contratos
2025-12-07 11:03:33,412 - sistema_relatorios - gerador_contrato - INFO - GeradorContrato inicializado com sucesso (usando python-docx)
2025-12-07 11:03:39,687 - sistema_relatorios - gerador_contrato - INFO - Obtendo dados do cliente: ANA AUGUSTA PIRES COUTINHO
2025-12-07 11:03:39,710 - sistema_relatorios - gerador_contrato - INFO - Colunas disponíveis: ['Nome', 'Endereço', 'Data Inicial', 'Observações', 'Data Final', 'Tipo Taxa', 'CPF', 'CNO', 'Estado Civil', 'Cidade', 'Grupo']
2025-12-07 11:03:39,732 - sistema_relatorios - gerador_contrato - INFO - CPF bruto obtido: 36518220600.0 (tipo: <class 'numpy.float64'>)
2025-12-07 11:03:39,733 - sistema_relatorios - gerador_contrato - INFO - CPF convertido de float: 36518220600.0 → 36518220600
2025-12-07 11:03:39,734 - sistema_relatorios - gerador_contrato - INFO - CPF apenas números: 36518220600
2025-12-07 11:03:39,735 - sistema_relatorios - gerador_contrato - INFO - ✅ CPF formatado: 365.182.206-00
2025-12-07 11:03:39,736 - sistema_relatorios - gerador_contrato - INFO - CNO já formatado: 30.200.12345/67
2025-12-07 11:03:39,739 - sistema_relatorios - gerador_contrato - INFO - ✅ Dados do cliente processados - CPF final: 365.182.206-00
2025-12-07 11:03:39,740 - sistema_relatorios - gerador_contrato - INFO - Dados do cliente obtidos com sucesso: ANA AUGUSTA PIRES COUTINHO
2025-12-07 11:03:39,742 - sistema_relatorios - gestao_medicoes - INFO - Dados do cliente carregados na aba de contrato: ANA AUGUSTA PIRES COUTINHO
2025-12-07 11:03:52,997 - sistema_relatorios - logger_config - INFO - Iniciando: Carregar configurações
2025-12-07 11:03:52,998 - sistema_relatorios - logger_config - INFO - Concluído: Carregar configurações
2025-12-07 11:03:53,231 - sistema_relatorios - logger_config - INFO - Iniciando: Carregar configurações
2025-12-07 11:03:53,237 - sistema_relatorios - logger_config - INFO - Concluído: Carregar configurações
2025-12-07 11:03:53,251 - sistema_relatorios - logger_config - INFO - Iniciando: Carregar configurações
2025-12-07 11:03:53,257 - sistema_relatorios - logger_config - INFO - Concluído: Carregar configurações
2025-12-07 11:09:32,492 - sistema_relatorios - gerador_contrato - INFO - Carregando serviços de: C:\Users\Obras\sistema_gestao_testes\testes\Financeiro\Planilhas_Base\servicos_construcao.json
2025-12-07 11:09:32,495 - sistema_relatorios - gerador_contrato - INFO - Serviços carregados: 10 categorias
2025-12-07 11:09:32,496 - sistema_relatorios - gerador_contrato - INFO - Pasta de contratos verificada: C:\Users\Obras\sistema_gestao_testes\testes\Financeiro\Clientes\Contratos
2025-12-07 11:09:32,498 - sistema_relatorios - gerador_contrato - INFO - GeradorContrato inicializado com sucesso (usando python-docx)
2025-12-07 11:09:38,795 - sistema_relatorios - gerador_contrato - INFO - Obtendo dados do cliente: ANA AUGUSTA PIRES COUTINHO
2025-12-07 11:09:38,816 - sistema_relatorios - gerador_contrato - INFO - Colunas disponíveis: ['Nome', 'Endereço', 'Data Inicial', 'Observações', 'Data Final', 'Tipo Taxa', 'CPF', 'CNO', 'Estado Civil', 'Cidade', 'Grupo']
2025-12-07 11:09:38,819 - sistema_relatorios - gerador_contrato - INFO - CPF bruto obtido: 36518220600.0 (tipo: <class 'numpy.float64'>)
2025-12-07 11:09:38,820 - sistema_relatorios - gerador_contrato - INFO - CPF convertido de float: 36518220600.0 → 36518220600
2025-12-07 11:09:38,821 - sistema_relatorios - gerador_contrato - INFO - CPF apenas números: 36518220600
2025-12-07 11:09:38,823 - sistema_relatorios - gerador_contrato - INFO - ✅ CPF formatado: 365.182.206-00
2025-12-07 11:09:38,824 - sistema_relatorios - gerador_contrato - INFO - CNO já formatado: 30.200.12345/67
2025-12-07 11:09:38,825 - sistema_relatorios - gerador_contrato - INFO - ✅ Dados do cliente processados - CPF final: 365.182.206-00
2025-12-07 11:09:38,826 - sistema_relatorios - gerador_contrato - INFO - Dados do cliente obtidos com sucesso: ANA AUGUSTA PIRES COUTINHO
2025-12-07 11:09:38,830 - sistema_relatorios - gestao_medicoes - INFO - Dados do cliente carregados na aba de contrato: ANA AUGUSTA PIRES COUTINHO
2025-12-07 11:09:44,429 - sistema_relatorios - gestao_medicoes - INFO - Buscando fornecedores com termo: a
2025-12-07 11:09:45,572 - sistema_relatorios - gestao_medicoes - INFO - ✅ 930 fornecedores encontrados
2025-12-07 11:09:45,575 - sistema_relatorios - gestao_medicoes - INFO - Buscando fornecedores com termo: al
2025-12-07 11:09:46,742 - sistema_relatorios - gestao_medicoes - INFO - ✅ 227 fornecedores encontrados
2025-12-07 11:09:46,744 - sistema_relatorios - gestao_medicoes - INFO - Buscando fornecedores com termo: alf
2025-12-07 11:09:47,903 - sistema_relatorios - gestao_medicoes - INFO - ✅ 3 fornecedores encontrados
2025-12-07 11:09:47,905 - sistema_relatorios - gestao_medicoes - INFO - Buscando fornecedores com termo: alfa
2025-12-07 11:09:49,037 - sistema_relatorios - gestao_medicoes - INFO - ✅ 2 fornecedores encontrados
2025-12-07 11:09:49,039 - sistema_relatorios - gestao_medicoes - INFO - Buscando fornecedores com termo: alfat
2025-12-07 11:09:50,194 - sistema_relatorios - gestao_medicoes - INFO - ✅ 1 fornecedores encontrados
2025-12-07 11:09:50,196 - sistema_relatorios - gestao_medicoes - INFO - Buscando fornecedores com termo: alfate
2025-12-07 11:09:51,276 - sistema_relatorios - gestao_medicoes - INFO - ✅ 1 fornecedores encontrados
2025-12-07 11:09:52,614 - sistema_relatorios - gestao_medicoes - INFO - Carregando dados do fornecedor: ALFATEC INSTALACOES (CNPJ: 14.051.624/0001-42)
2025-12-07 11:09:54,789 - sistema_relatorios - gestao_medicoes - INFO - ✅ Dados do fornecedor 'ALFATEC INSTALACOES' carregados
2025-12-07 11:09:54,791 - sistema_relatorios - gestao_medicoes - INFO - Carregando dados do fornecedor: ALFATEC INSTALACOES (CNPJ: 14.051.624/0001-42)
2025-12-07 11:09:56,941 - sistema_relatorios - gestao_medicoes - INFO - ✅ Dados do fornecedor 'ALFATEC INSTALACOES' carregados
2025-12-07 11:10:02,245 - sistema_relatorios - gestao_medicoes - INFO - Data do Contrato/Início sincronizadas: 2025-08-04
2025-12-07 11:10:06,329 - sistema_relatorios - gestao_medicoes - INFO - Data Fim calculada: 12/08/2025 (6 dias úteis, excluindo data início)
2025-12-07 11:10:06,589 - sistema_relatorios - gestao_medicoes - INFO - Data Fim calculada: 03/11/2025 (65 dias úteis, excluindo data início)
2025-12-07 11:10:08,014 - sistema_relatorios - gestao_medicoes - INFO - Data Fim calculada: 03/11/2025 (65 dias úteis, excluindo data início)
2025-12-07 11:10:36,572 - sistema_relatorios - gerador_contrato - INFO - Obtendo dados do cliente: ANA AUGUSTA PIRES COUTINHO
2025-12-07 11:10:36,596 - sistema_relatorios - gerador_contrato - INFO - Colunas disponíveis: ['Nome', 'Endereço', 'Data Inicial', 'Observações', 'Data Final', 'Tipo Taxa', 'CPF', 'CNO', 'Estado Civil', 'Cidade', 'Grupo']
2025-12-07 11:10:36,599 - sistema_relatorios - gerador_contrato - INFO - CPF bruto obtido: 36518220600.0 (tipo: <class 'numpy.float64'>)
2025-12-07 11:10:36,600 - sistema_relatorios - gerador_contrato - INFO - CPF convertido de float: 36518220600.0 → 36518220600
2025-12-07 11:10:36,601 - sistema_relatorios - gerador_contrato - INFO - CPF apenas números: 36518220600
2025-12-07 11:10:36,603 - sistema_relatorios - gerador_contrato - INFO - ✅ CPF formatado: 365.182.206-00
2025-12-07 11:10:36,607 - sistema_relatorios - gerador_contrato - INFO - CNO já formatado: 30.200.12345/67
2025-12-07 11:10:36,608 - sistema_relatorios - gerador_contrato - INFO - ✅ Dados do cliente processados - CPF final: 365.182.206-00
2025-12-07 11:10:36,610 - sistema_relatorios - gerador_contrato - INFO - Dados do cliente obtidos com sucesso: ANA AUGUSTA PIRES COUTINHO
2025-12-07 11:10:36,611 - sistema_relatorios - gerador_contrato - INFO - Obtendo dados do fornecedor por nome: ALFATEC INSTALACOES
2025-12-07 11:10:37,072 - sistema_relatorios - gerador_contrato - INFO - Colunas disponíveis na planilha de fornecedores: ['CNPJ/CPF', 'tipo_pessoa', 'RAZÃO SOCIAL', 'NOME', 'TELEFONE:', 'EMAIL:', 'BANCO:', 'OP', 'AGENCIA:', 'CONTA:', 'Chave_PIX', 'CATEGORIA: ', 'ESPECIFICACAO', 'VÍNCULO', 'DADOS BANCÁRIOS', 'ENDEREÇO']
2025-12-07 11:10:37,084 - sistema_relatorios - gerador_contrato - INFO - ✅ Fornecedor encontrado na planilha
2025-12-07 11:10:37,085 - sistema_relatorios - gerador_contrato - INFO - CPF/CNPJ: 14051624000142 → 14.051.624/0001-42
2025-12-07 11:10:37,086 - sistema_relatorios - gerador_contrato - INFO - ✅ Endereço encontrado: RUA LAURO RODRIGUES DA CUNHA, 111, ACAIACA - 31995-120 - BELO HORIZONTE MG
2025-12-07 11:10:37,087 - sistema_relatorios - gerador_contrato - INFO - ✅ Dados obtidos: Nome=ALFATEC INSTALACOES, CNPJ/CPF=14.051.624/0001-42, Endereço=RUA LAURO RODRIGUES DA CUNHA, 111, ACAIACA - 31995-120 - BELO HORIZONTE MG
2025-12-07 11:10:37,089 - sistema_relatorios - gerador_contrato - INFO - === INICIANDO GERAÇÃO DE CONTRATO ===
2025-12-07 11:10:37,090 - sistema_relatorios - gerador_contrato - INFO - 📋 Dados do contrato recebidos: ['data', 'cidade', 'cliente_nome', 'cliente_cno', 'cliente_cpf', 'cliente_estado_civil', 'cliente_endereco', 'fornecedor_nome', 'fornecedor_cnpj_cpf', 'fornecedor_endereco', 'endereco_obra', 'dias', 'data_inicio', 'data_fim', 'valor', 'multa', 'dados_bancarios', 'descricao']
2025-12-07 11:10:37,093 - sistema_relatorios - gerador_contrato - INFO - Usando formato dict - Cliente: ANA AUGUSTA PIRES COUTINHO
2025-12-07 11:10:37,093 - sistema_relatorios - gerador_contrato - INFO - Fornecedor CPF/CNPJ do dict: 14.051.624/0001-42
2025-12-07 11:10:37,094 - sistema_relatorios - gerador_contrato - INFO - Prazo informado: 65 dias
2025-12-07 11:10:37,095 - sistema_relatorios - gerador_contrato - INFO - Multa informada: R$ 4.000,00
2025-12-07 11:10:37,095 - sistema_relatorios - gerador_contrato - INFO - ✅ Dados cliente processados: ANA AUGUSTA PIRES COUTINHO
2025-12-07 11:10:37,097 - sistema_relatorios - gerador_contrato - INFO - ✅ Dados fornecedor processados: ALFATEC INSTALACOES - 14.051.624/0001-42
2025-12-07 11:10:37,098 - sistema_relatorios - gerador_contrato - INFO - ✅ Usando prazo do formulário: 65 dias úteis
2025-12-07 11:10:37,234 - sistema_relatorios - gerador_contrato - INFO - ✅ Usando multa do formulário: R$ 4000.0
2025-12-07 11:10:37,236 - sistema_relatorios - gerador_contrato - INFO - ✅ Data do contrato: 04/08/2025 (4 de agosto de 2025)
2025-12-07 11:10:37,337 - sistema_relatorios - gerador_contrato - INFO - ✅ Contrato gerado com sucesso: C:\Users\Obras\sistema_gestao_testes\testes\Financeiro\Clientes\Contratos\Contrato_ANA_AUGUSTA_PIRES_COUTINHO_20251207_111037.docx
2025-12-07 11:10:50,057 - sistema_relatorios - gestao_medicoes - INFO - Pasta de contratos aberta: C:\Users\Obras\sistema_gestao_testes\testes\Financeiro\Clientes\Contratos
2025-12-07 11:29:44,946 - sistema - logger_config - INFO - Sistema de logging inicializado
2025-12-07 11:29:44,948 - sistema_relatorios - logger_config - INFO - Usuário alterado para: sistema_relatorios
2025-12-07 11:29:44,948 - sistema_relatorios - relatorios_interface - INFO - Sistema de relatórios inicializando usando logger configurado
2025-12-07 11:29:44,948 - sistema_relatorios - relatorios_interface - INFO - Configurações de janela importadas com sucesso
2025-12-07 11:29:44,949 - sistema_relatorios - relatorios_interface - INFO - === Sistema de Relatórios Inicializando ===
2025-12-07 11:29:50,266 - sistema_relatorios - gestao_medicoes - INFO - Logger importado com sucesso em gestao_medicoes.py
2025-12-07 11:30:36,340 - sistema - logger_config - INFO - Sistema de logging inicializado
2025-12-07 11:30:36,340 - sistema_relatorios - logger_config - INFO - Usuário alterado para: sistema_relatorios
2025-12-07 11:30:36,341 - sistema_relatorios - relatorios_interface - INFO - Sistema de relatórios inicializando usando logger configurado
2025-12-07 11:30:36,341 - sistema_relatorios - relatorios_interface - INFO - Configurações de janela importadas com sucesso
2025-12-07 11:30:36,341 - sistema_relatorios - relatorios_interface - INFO - === Sistema de Relatórios Inicializando ===
2025-12-07 11:30:40,810 - sistema_relatorios - gestao_medicoes - INFO - Logger importado com sucesso em gestao_medicoes.py
2025-12-07 11:30:40,966 - sistema_relatorios - gestao_medicoes - INFO - Janela Gestão de Medições inicializada com proteção contra ocultação
2025-12-07 11:30:42,402 - sistema_relatorios - gerador_contrato - INFO - Carregando serviços de: C:\Users\Obras\sistema_gestao_testes\testes\Financeiro\Planilhas_Base\servicos_construcao.json
2025-12-07 11:30:42,404 - sistema_relatorios - gerador_contrato - INFO - Serviços carregados: 10 categorias
2025-12-07 11:30:42,406 - sistema_relatorios - gerador_contrato - INFO - Pasta de contratos verificada: C:\Users\Obras\sistema_gestao_testes\testes\Financeiro\Clientes\Contratos
2025-12-07 11:30:42,406 - sistema_relatorios - gerador_contrato - INFO - GeradorContrato inicializado com sucesso (usando python-docx)
2025-12-07 11:30:50,115 - sistema_relatorios - gerador_contrato - INFO - Obtendo dados do cliente: BRUNO SANTANA RINALDI
2025-12-07 11:30:50,139 - sistema_relatorios - gerador_contrato - INFO - Colunas disponíveis: ['Nome', 'Endereço', 'Data Inicial', 'Observações', 'Data Final', 'Tipo Taxa', 'CPF', 'CNO', 'Estado Civil', 'Cidade', 'Grupo']
2025-12-07 11:30:50,155 - sistema_relatorios - gerador_contrato - INFO - CPF bruto obtido: 12345678900.0 (tipo: <class 'numpy.float64'>)
2025-12-07 11:30:50,156 - sistema_relatorios - gerador_contrato - INFO - CPF convertido de float: 12345678900.0 → 12345678900
2025-12-07 11:30:50,157 - sistema_relatorios - gerador_contrato - INFO - CPF apenas números: 12345678900
2025-12-07 11:30:50,158 - sistema_relatorios - gerador_contrato - INFO - ✅ CPF formatado: 123.456.789-00
2025-12-07 11:30:50,159 - sistema_relatorios - gerador_contrato - INFO - CNO já formatado: 90.018.91862/63
2025-12-07 11:30:50,161 - sistema_relatorios - gerador_contrato - INFO - ✅ Dados do cliente processados - CPF final: 123.456.789-00
2025-12-07 11:30:50,162 - sistema_relatorios - gerador_contrato - INFO - Dados do cliente obtidos com sucesso: BRUNO SANTANA RINALDI
2025-12-07 11:30:50,164 - sistema_relatorios - gestao_medicoes - INFO - Dados do cliente carregados na aba de contrato: BRUNO SANTANA RINALDI
2025-12-07 11:30:56,701 - sistema_relatorios - gestao_medicoes - INFO - Buscando fornecedores com termo: l
2025-12-07 11:30:57,901 - sistema_relatorios - gestao_medicoes - INFO - ✅ 736 fornecedores encontrados
2025-12-07 11:30:57,903 - sistema_relatorios - gestao_medicoes - INFO - Buscando fornecedores com termo: lu
2025-12-07 11:30:58,980 - sistema_relatorios - gestao_medicoes - INFO - ✅ 61 fornecedores encontrados
2025-12-07 11:30:58,982 - sistema_relatorios - gestao_medicoes - INFO - Buscando fornecedores com termo: luc
2025-12-07 11:31:00,033 - sistema_relatorios - gestao_medicoes - INFO - ✅ 19 fornecedores encontrados
2025-12-07 11:31:00,035 - sistema_relatorios - gestao_medicoes - INFO - Buscando fornecedores com termo: luci
2025-12-07 11:31:01,184 - sistema_relatorios - gestao_medicoes - INFO - ✅ 7 fornecedores encontrados
2025-12-07 11:31:01,187 - sistema_relatorios - gestao_medicoes - INFO - Buscando fornecedores com termo: lucian
2025-12-07 11:31:02,309 - sistema_relatorios - gestao_medicoes - INFO - ✅ 6 fornecedores encontrados
2025-12-07 11:31:02,310 - sistema_relatorios - gestao_medicoes - INFO - Buscando fornecedores com termo: lucian
2025-12-07 11:31:03,328 - sistema_relatorios - gestao_medicoes - INFO - ✅ 6 fornecedores encontrados
2025-12-07 11:31:03,330 - sistema_relatorios - gestao_medicoes - INFO - Buscando fornecedores com termo: luciano
2025-12-07 11:31:04,402 - sistema_relatorios - gestao_medicoes - INFO - ✅ 5 fornecedores encontrados
2025-12-07 11:31:09,798 - sistema_relatorios - gestao_medicoes - INFO - Carregando dados do fornecedor: LUCIANO LISBOA DA SILVA (CNPJ: 045.711.446-01)
2025-12-07 11:31:10,865 - sistema_relatorios - gestao_medicoes - WARNING - Fornecedor 'LUCIANO LISBOA DA SILVA' sem endereço cadastrado
2025-12-07 11:31:11,899 - sistema_relatorios - gestao_medicoes - INFO - ✅ Dados do fornecedor 'LUCIANO LISBOA DA SILVA' carregados
2025-12-07 11:31:11,901 - sistema_relatorios - gestao_medicoes - INFO - Carregando dados do fornecedor: LUCIANO LISBOA DA SILVA (CNPJ: 045.711.446-01)
2025-12-07 11:31:12,903 - sistema_relatorios - gestao_medicoes - WARNING - Fornecedor 'LUCIANO LISBOA DA SILVA' sem endereço cadastrado
2025-12-07 11:31:13,919 - sistema_relatorios - gestao_medicoes - INFO - ✅ Dados do fornecedor 'LUCIANO LISBOA DA SILVA' carregados
2025-12-07 11:31:20,446 - sistema_relatorios - gestao_medicoes - INFO - Data do Contrato/Início sincronizadas: 2025-08-04
2025-12-07 11:31:29,714 - sistema_relatorios - gestao_medicoes - WARNING - ⚠️ Data final cai em domingo: 07/12/2025
2025-12-07 11:31:29,719 - sistema_relatorios - gestao_medicoes - INFO - Prazo calculado: 89 dias úteis (excluindo data início)
2025-12-07 11:31:32,757 - sistema_relatorios - gestao_medicoes - INFO - Data Fim calculada: 12/08/2025 (6 dias úteis, excluindo data início)
2025-12-07 11:31:32,958 - sistema_relatorios - gestao_medicoes - INFO - Data Fim calculada: 03/11/2025 (65 dias úteis, excluindo data início)
2025-12-07 11:31:37,470 - sistema_relatorios - gestao_medicoes - INFO - Data Fim calculada: 03/11/2025 (65 dias úteis, excluindo data início)
2025-12-07 11:31:50,085 - sistema_relatorios - gerador_contrato - INFO - Obtendo dados do cliente: BRUNO SANTANA RINALDI
2025-12-07 11:31:50,110 - sistema_relatorios - gerador_contrato - INFO - Colunas disponíveis: ['Nome', 'Endereço', 'Data Inicial', 'Observações', 'Data Final', 'Tipo Taxa', 'CPF', 'CNO', 'Estado Civil', 'Cidade', 'Grupo']
2025-12-07 11:31:50,112 - sistema_relatorios - gerador_contrato - INFO - CPF bruto obtido: 12345678900.0 (tipo: <class 'numpy.float64'>)
2025-12-07 11:31:50,113 - sistema_relatorios - gerador_contrato - INFO - CPF convertido de float: 12345678900.0 → 12345678900
2025-12-07 11:31:50,114 - sistema_relatorios - gerador_contrato - INFO - CPF apenas números: 12345678900
2025-12-07 11:31:50,115 - sistema_relatorios - gerador_contrato - INFO - ✅ CPF formatado: 123.456.789-00
2025-12-07 11:31:50,117 - sistema_relatorios - gerador_contrato - INFO - CNO já formatado: 90.018.91862/63
2025-12-07 11:31:50,119 - sistema_relatorios - gerador_contrato - INFO - ✅ Dados do cliente processados - CPF final: 123.456.789-00
2025-12-07 11:31:50,120 - sistema_relatorios - gerador_contrato - INFO - Dados do cliente obtidos com sucesso: BRUNO SANTANA RINALDI
2025-12-07 11:31:50,121 - sistema_relatorios - gerador_contrato - INFO - Obtendo dados do fornecedor por nome: LUCIANO LISBOA DA SILVA
2025-12-07 11:31:50,606 - sistema_relatorios - gerador_contrato - INFO - Colunas disponíveis na planilha de fornecedores: ['CNPJ/CPF', 'tipo_pessoa', 'RAZÃO SOCIAL', 'NOME', 'TELEFONE:', 'EMAIL:', 'BANCO:', 'OP', 'AGENCIA:', 'CONTA:', 'Chave_PIX', 'CATEGORIA: ', 'ESPECIFICACAO', 'VÍNCULO', 'DADOS BANCÁRIOS', 'ENDEREÇO']
2025-12-07 11:31:50,614 - sistema_relatorios - gerador_contrato - INFO - ✅ Fornecedor encontrado na planilha
2025-12-07 11:31:50,615 - sistema_relatorios - gerador_contrato - INFO - CPF/CNPJ: 4571144601 → 04571144601
2025-12-07 11:31:50,617 - sistema_relatorios - gerador_contrato - WARNING - Endereço não encontrado para fornecedor LUCIANO LISBOA DA SILVA
2025-12-07 11:31:50,618 - sistema_relatorios - gerador_contrato - INFO - ✅ Dados obtidos: Nome=LUCIANO LISBOA DA SILVA, CNPJ/CPF=04571144601, Endereço=não informado
2025-12-07 11:31:50,620 - sistema_relatorios - gerador_contrato - INFO - === INICIANDO GERAÇÃO DE CONTRATO ===
2025-12-07 11:31:50,621 - sistema_relatorios - gerador_contrato - INFO - 📋 Dados do contrato recebidos: ['data', 'cidade', 'cliente_nome', 'cliente_cno', 'cliente_cpf', 'cliente_estado_civil', 'cliente_endereco', 'fornecedor_nome', 'fornecedor_cnpj_cpf', 'fornecedor_endereco', 'endereco_obra', 'dias', 'data_inicio', 'data_fim', 'valor', 'multa', 'dados_bancarios', 'descricao']
2025-12-07 11:31:50,623 - sistema_relatorios - gerador_contrato - INFO - Usando formato dict - Cliente: BRUNO SANTANA RINALDI
2025-12-07 11:31:50,624 - sistema_relatorios - gerador_contrato - INFO - Fornecedor CPF/CNPJ do dict: 04571144601
2025-12-07 11:31:50,624 - sistema_relatorios - gerador_contrato - INFO - Prazo informado: 65 dias
2025-12-07 11:31:50,625 - sistema_relatorios - gerador_contrato - INFO - Multa informada: R$ 4.000,00
2025-12-07 11:31:50,626 - sistema_relatorios - gerador_contrato - INFO - ✅ Dados cliente processados: BRUNO SANTANA RINALDI
2025-12-07 11:31:50,626 - sistema_relatorios - gerador_contrato - INFO - ✅ Dados fornecedor processados: LUCIANO LISBOA DA SILVA - 04571144601
2025-12-07 11:31:50,627 - sistema_relatorios - gerador_contrato - INFO - ✅ Usando prazo do formulário: 65 dias úteis
2025-12-07 11:31:50,762 - sistema_relatorios - gerador_contrato - INFO - ✅ Usando multa do formulário: R$ 4000.0
2025-12-07 11:31:50,764 - sistema_relatorios - gerador_contrato - INFO - ✅ Data do contrato: 04/08/2025 (4 de agosto de 2025)
2025-12-07 11:31:50,868 - sistema_relatorios - gerador_contrato - INFO - ✅ Contrato gerado com sucesso: C:\Users\Obras\sistema_gestao_testes\testes\Financeiro\Clientes\Contratos\Contrato_BRUNO_SANTANA_RINALDI_20251207_113150.docx
2025-12-07 11:31:54,851 - sistema_relatorios - gestao_medicoes - INFO - Pasta de contratos aberta: C:\Users\Obras\sistema_gestao_testes\testes\Financeiro\Clientes\Contratos
2025-12-07 11:37:41,206 - sistema_relatorios - gestao_medicoes - INFO - Janela de Gestão de Medições fechada
2025-12-07 11:37:41,211 - sistema_relatorios - gestao_medicoes - INFO - Menu principal restaurado
2025-12-07 11:38:01,003 - sistema - logger_config - INFO - Sistema de logging inicializado
2025-12-07 11:38:01,004 - sistema_relatorios - logger_config - INFO - Usuário alterado para: sistema_relatorios
2025-12-07 11:38:01,005 - sistema_relatorios - relatorios_interface - INFO - Sistema de relatórios inicializando usando logger configurado
2025-12-07 11:38:01,005 - sistema_relatorios - relatorios_interface - INFO - Configurações de janela importadas com sucesso
2025-12-07 11:38:01,006 - sistema_relatorios - relatorios_interface - INFO - === Sistema de Relatórios Inicializando ===
2025-12-07 11:38:11,061 - sistema_relatorios - gestao_medicoes - INFO - Logger importado com sucesso em gestao_medicoes.py
2025-12-07 11:38:11,290 - sistema_relatorios - gestao_medicoes - INFO - Janela Gestão de Medições inicializada com proteção contra ocultação
2025-12-07 11:38:12,527 - sistema_relatorios - gerador_contrato - INFO - Carregando serviços de: C:\Users\Obras\sistema_gestao_testes\testes\Financeiro\Planilhas_Base\servicos_construcao.json
2025-12-07 11:38:12,545 - sistema_relatorios - gerador_contrato - INFO - Serviços carregados: 10 categorias
2025-12-07 11:38:12,547 - sistema_relatorios - gerador_contrato - INFO - Pasta de contratos verificada: C:\Users\Obras\sistema_gestao_testes\testes\Financeiro\Clientes\Contratos
2025-12-07 11:38:12,548 - sistema_relatorios - gerador_contrato - INFO - GeradorContrato inicializado com sucesso (usando python-docx)
2025-12-07 11:38:24,939 - sistema_relatorios - gestao_medicoes - INFO - Janela Gestão de Medições inicializada com proteção contra ocultação
2025-12-07 11:38:25,837 - sistema_relatorios - gerador_contrato - INFO - Carregando serviços de: C:\Users\Obras\sistema_gestao_testes\testes\Financeiro\Planilhas_Base\servicos_construcao.json
2025-12-07 11:38:25,839 - sistema_relatorios - gerador_contrato - INFO - Serviços carregados: 10 categorias
2025-12-07 11:38:25,840 - sistema_relatorios - gerador_contrato - INFO - Pasta de contratos verificada: C:\Users\Obras\sistema_gestao_testes\testes\Financeiro\Clientes\Contratos
2025-12-07 11:38:25,841 - sistema_relatorios - gerador_contrato - INFO - GeradorContrato inicializado com sucesso (usando python-docx)
2025-12-07 11:38:26,500 - sistema_relatorios - gestao_medicoes - INFO - Janela Gestão de Medições inicializada com proteção contra ocultação
2025-12-07 11:38:27,720 - sistema_relatorios - gerador_contrato - INFO - Carregando serviços de: C:\Users\Obras\sistema_gestao_testes\testes\Financeiro\Planilhas_Base\servicos_construcao.json
2025-12-07 11:38:27,722 - sistema_relatorios - gerador_contrato - INFO - Serviços carregados: 10 categorias
2025-12-07 11:38:27,723 - sistema_relatorios - gerador_contrato - INFO - Pasta de contratos verificada: C:\Users\Obras\sistema_gestao_testes\testes\Financeiro\Clientes\Contratos
2025-12-07 11:38:27,724 - sistema_relatorios - gerador_contrato - INFO - GeradorContrato inicializado com sucesso (usando python-docx)
2025-12-07 11:38:56,154 - sistema - logger_config - INFO - Sistema de logging inicializado
2025-12-07 11:38:56,155 - sistema_relatorios - logger_config - INFO - Usuário alterado para: sistema_relatorios
2025-12-07 11:38:56,156 - sistema_relatorios - relatorios_interface - INFO - Sistema de relatórios inicializando usando logger configurado
2025-12-07 11:38:56,156 - sistema_relatorios - relatorios_interface - INFO - Configurações de janela importadas com sucesso
2025-12-07 11:38:56,157 - sistema_relatorios - relatorios_interface - INFO - === Sistema de Relatórios Inicializando ===
2025-12-07 11:39:01,129 - sistema_relatorios - logger_config - INFO - Iniciando: Carregar configurações
2025-12-07 11:39:01,148 - sistema_relatorios - logger_config - INFO - Concluído: Carregar configurações
2025-12-07 11:39:01,327 - sistema_relatorios - logger_config - INFO - Iniciando: Carregar configurações
2025-12-07 11:39:01,328 - sistema_relatorios - logger_config - INFO - Concluído: Carregar configurações
2025-12-07 11:39:01,330 - sistema_relatorios - logger_config - INFO - Iniciando: Carregar configurações
2025-12-07 11:39:01,331 - sistema_relatorios - logger_config - INFO - Concluído: Carregar configurações
2025-12-07 11:39:42,475 - sistema_relatorios - gestao_medicoes - INFO - Logger importado com sucesso em gestao_medicoes.py
2025-12-07 11:39:42,630 - sistema_relatorios - gestao_medicoes - INFO - Janela Gestão de Medições inicializada com proteção contra ocultação
2025-12-07 11:39:43,463 - sistema_relatorios - gerador_contrato - INFO - Carregando serviços de: C:\Users\Obras\sistema_gestao_testes\testes\Financeiro\Planilhas_Base\servicos_construcao.json
2025-12-07 11:39:43,465 - sistema_relatorios - gerador_contrato - INFO - Serviços carregados: 10 categorias
2025-12-07 11:39:43,466 - sistema_relatorios - gerador_contrato - INFO - Pasta de contratos verificada: C:\Users\Obras\sistema_gestao_testes\testes\Financeiro\Clientes\Contratos
2025-12-07 11:39:43,467 - sistema_relatorios - gerador_contrato - INFO - GeradorContrato inicializado com sucesso (usando python-docx)
2025-12-07 11:41:10,655 - sistema_relatorios - logger_config - INFO - Iniciando: Carregar configurações
2025-12-07 11:41:10,656 - sistema_relatorios - logger_config - INFO - Concluído: Carregar configurações
2025-12-07 11:41:10,710 - sistema_relatorios - logger_config - INFO - Iniciando: Carregar configurações
2025-12-07 11:41:10,711 - sistema_relatorios - logger_config - INFO - Concluído: Carregar configurações
2025-12-07 11:41:14,448 - sistema_relatorios - gestao_medicoes - INFO - Janela Gestão de Medições inicializada com proteção contra ocultação
2025-12-07 11:41:15,317 - sistema_relatorios - gerador_contrato - INFO - Carregando serviços de: C:\Users\Obras\sistema_gestao_testes\testes\Financeiro\Planilhas_Base\servicos_construcao.json
2025-12-07 11:41:15,319 - sistema_relatorios - gerador_contrato - INFO - Serviços carregados: 10 categorias
2025-12-07 11:41:15,320 - sistema_relatorios - gerador_contrato - INFO - Pasta de contratos verificada: C:\Users\Obras\sistema_gestao_testes\testes\Financeiro\Clientes\Contratos
2025-12-07 11:41:15,321 - sistema_relatorios - gerador_contrato - INFO - GeradorContrato inicializado com sucesso (usando python-docx)
2025-12-07 11:41:16,640 - sistema_relatorios - gestao_medicoes - INFO - Janela Gestão de Medições inicializada com proteção contra ocultação
2025-12-07 11:41:17,804 - sistema_relatorios - gerador_contrato - INFO - Carregando serviços de: C:\Users\Obras\sistema_gestao_testes\testes\Financeiro\Planilhas_Base\servicos_construcao.json
2025-12-07 11:41:17,805 - sistema_relatorios - gerador_contrato - INFO - Serviços carregados: 10 categorias
2025-12-07 11:41:17,806 - sistema_relatorios - gerador_contrato - INFO - Pasta de contratos verificada: C:\Users\Obras\sistema_gestao_testes\testes\Financeiro\Clientes\Contratos
2025-12-07 11:41:17,807 - sistema_relatorios - gerador_contrato - INFO - GeradorContrato inicializado com sucesso (usando python-docx)
2025-12-07 11:41:18,681 - sistema_relatorios - gestao_medicoes - INFO - Janela Gestão de Medições inicializada com proteção contra ocultação
2025-12-07 11:41:20,130 - sistema_relatorios - gerador_contrato - INFO - Carregando serviços de: C:\Users\Obras\sistema_gestao_testes\testes\Financeiro\Planilhas_Base\servicos_construcao.json
2025-12-07 11:41:20,131 - sistema_relatorios - gerador_contrato - INFO - Serviços carregados: 10 categorias
2025-12-07 11:41:20,132 - sistema_relatorios - gerador_contrato - INFO - Pasta de contratos verificada: C:\Users\Obras\sistema_gestao_testes\testes\Financeiro\Clientes\Contratos
2025-12-07 11:41:20,133 - sistema_relatorios - gerador_contrato - INFO - GeradorContrato inicializado com sucesso (usando python-docx)
2025-12-07 11:41:21,384 - sistema_relatorios - gestao_medicoes - INFO - Janela Gestão de Medições inicializada com proteção contra ocultação
2025-12-07 11:41:23,536 - sistema_relatorios - gerador_contrato - INFO - Carregando serviços de: C:\Users\Obras\sistema_gestao_testes\testes\Financeiro\Planilhas_Base\servicos_construcao.json
2025-12-07 11:41:23,537 - sistema_relatorios - gerador_contrato - INFO - Serviços carregados: 10 categorias
2025-12-07 11:41:23,538 - sistema_relatorios - gerador_contrato - INFO - Pasta de contratos verificada: C:\Users\Obras\sistema_gestao_testes\testes\Financeiro\Clientes\Contratos
2025-12-07 11:41:23,539 - sistema_relatorios - gerador_contrato - INFO - GeradorContrato inicializado com sucesso (usando python-docx)
2025-12-07 11:45:30,938 - sistema - logger_config - INFO - Sistema de logging inicializado
2025-12-07 11:45:30,939 - sistema_relatorios - logger_config - INFO - Usuário alterado para: sistema_relatorios
2025-12-07 11:45:30,940 - sistema_relatorios - relatorios_interface - INFO - Sistema de relatórios inicializando usando logger configurado
2025-12-07 11:45:30,940 - sistema_relatorios - relatorios_interface - INFO - Configurações de janela importadas com sucesso
2025-12-07 11:45:30,941 - sistema_relatorios - relatorios_interface - INFO - === Sistema de Relatórios Inicializando ===
2025-12-07 11:45:37,168 - sistema_relatorios - gestao_medicoes - INFO - Logger importado com sucesso em gestao_medicoes.py
2025-12-07 11:45:37,389 - sistema_relatorios - gestao_medicoes - INFO - Janela Gestão de Medições inicializada com proteção contra ocultação
2025-12-07 11:45:38,734 - sistema_relatorios - gerador_contrato - INFO - Carregando serviços de: C:\Users\Obras\sistema_gestao_testes\testes\Financeiro\Planilhas_Base\servicos_construcao.json
2025-12-07 11:45:38,737 - sistema_relatorios - gerador_contrato - INFO - Serviços carregados: 10 categorias
2025-12-07 11:45:38,739 - sistema_relatorios - gerador_contrato - INFO - Pasta de contratos verificada: C:\Users\Obras\sistema_gestao_testes\testes\Financeiro\Clientes\Contratos
2025-12-07 11:45:38,740 - sistema_relatorios - gerador_contrato - INFO - GeradorContrato inicializado com sucesso (usando python-docx)
2025-12-07 13:25:51,443 - sistema - logger_config - INFO - Sistema de logging inicializado
2025-12-07 13:25:51,444 - sistema_relatorios - logger_config - INFO - Usuário alterado para: sistema_relatorios
2025-12-07 13:25:51,444 - sistema_relatorios - relatorios_interface - INFO - Sistema de relatórios inicializando usando logger configurado
2025-12-07 13:25:51,445 - sistema_relatorios - relatorios_interface - INFO - Configurações de janela importadas com sucesso
2025-12-07 13:25:51,445 - sistema_relatorios - relatorios_interface - INFO - === Sistema de Relatórios Inicializando ===
2025-12-07 13:27:45,527 - sistema_relatorios - gestao_medicoes - INFO - Logger importado com sucesso em gestao_medicoes.py
2025-12-07 13:27:45,758 - sistema_relatorios - gestao_medicoes - INFO - ✅ Janela Gestão de Medições inicializada
2025-12-07 13:27:47,256 - sistema_relatorios - gerador_contrato - INFO - Carregando serviços de: C:\Users\Obras\sistema_gestao_testes\testes\Financeiro\Planilhas_Base\servicos_construcao.json
2025-12-07 13:27:47,273 - sistema_relatorios - gerador_contrato - INFO - Serviços carregados: 10 categorias
2025-12-07 13:27:47,275 - sistema_relatorios - gerador_contrato - INFO - Pasta de contratos verificada: C:\Users\Obras\sistema_gestao_testes\testes\Financeiro\Clientes\Contratos
2025-12-07 13:27:47,277 - sistema_relatorios - gerador_contrato - INFO - GeradorContrato inicializado com sucesso (usando python-docx)
2025-12-07 13:28:01,646 - sistema_relatorios - gerador_contrato - INFO - Obtendo dados do cliente: BRUNO SANTANA RINALDI
2025-12-07 13:28:01,665 - sistema_relatorios - gerador_contrato - INFO - Colunas disponíveis: ['Nome', 'Endereço', 'Data Inicial', 'Observações', 'Data Final', 'Tipo Taxa', 'CPF', 'CNO', 'Estado Civil', 'Cidade', 'Grupo']
2025-12-07 13:28:01,683 - sistema_relatorios - gerador_contrato - INFO - CPF bruto obtido: 12345678900.0 (tipo: <class 'numpy.float64'>)
2025-12-07 13:28:01,683 - sistema_relatorios - gerador_contrato - INFO - CPF convertido de float: 12345678900.0 → 12345678900
2025-12-07 13:28:01,685 - sistema_relatorios - gerador_contrato - INFO - CPF apenas números: 12345678900
2025-12-07 13:28:01,686 - sistema_relatorios - gerador_contrato - INFO - ✅ CPF formatado: 123.456.789-00
2025-12-07 13:28:01,688 - sistema_relatorios - gerador_contrato - INFO - CNO já formatado: 90.018.91862/63
2025-12-07 13:28:01,690 - sistema_relatorios - gerador_contrato - INFO - ✅ Dados do cliente processados - CPF final: 123.456.789-00
2025-12-07 13:28:01,692 - sistema_relatorios - gerador_contrato - INFO - Dados do cliente obtidos com sucesso: BRUNO SANTANA RINALDI
2025-12-07 13:28:01,697 - sistema_relatorios - gestao_medicoes - INFO - Dados do cliente carregados na aba de contrato: BRUNO SANTANA RINALDI
2025-12-07 13:28:16,521 - sistema_relatorios - gestao_medicoes - INFO - Buscando fornecedores com termo: j
2025-12-07 13:28:17,632 - sistema_relatorios - gestao_medicoes - INFO - ✅ 145 fornecedores encontrados
2025-12-07 13:28:17,634 - sistema_relatorios - gestao_medicoes - INFO - Buscando fornecedores com termo: jo
2025-12-07 13:28:18,755 - sistema_relatorios - gestao_medicoes - INFO - ✅ 76 fornecedores encontrados
2025-12-07 13:28:18,758 - sistema_relatorios - gestao_medicoes - INFO - Buscando fornecedores com termo: jos
2025-12-07 13:28:19,869 - sistema_relatorios - gestao_medicoes - INFO - ✅ 44 fornecedores encontrados
2025-12-07 13:28:19,871 - sistema_relatorios - gestao_medicoes - INFO - Buscando fornecedores com termo: jose
2025-12-07 13:28:20,955 - sistema_relatorios - gestao_medicoes - INFO - ✅ 18 fornecedores encontrados
2025-12-07 13:28:20,957 - sistema_relatorios - gestao_medicoes - INFO - Buscando fornecedores com termo: jose
2025-12-07 13:28:22,184 - sistema_relatorios - gestao_medicoes - INFO - ✅ 18 fornecedores encontrados
2025-12-07 13:28:29,850 - sistema_relatorios - gestao_medicoes - INFO - Carregando dados do fornecedor: RICARDO JOSE ELOY (CNPJ: 735.869.866-53)
2025-12-07 13:28:30,973 - sistema_relatorios - gestao_medicoes - WARNING - Fornecedor 'RICARDO JOSE ELOY' sem endereço cadastrado
2025-12-07 13:28:32,007 - sistema_relatorios - gestao_medicoes - INFO - ✅ Dados do fornecedor 'RICARDO JOSE ELOY' carregados
2025-12-07 13:28:32,065 - sistema_relatorios - gestao_medicoes - INFO - Carregando dados do fornecedor: RICARDO JOSE ELOY (CNPJ: 735.869.866-53)
2025-12-07 13:28:33,116 - sistema_relatorios - gestao_medicoes - WARNING - Fornecedor 'RICARDO JOSE ELOY' sem endereço cadastrado
2025-12-07 13:28:34,262 - sistema_relatorios - gestao_medicoes - INFO - ✅ Dados do fornecedor 'RICARDO JOSE ELOY' carregados
2025-12-07 13:28:42,001 - sistema_relatorios - gestao_medicoes - INFO - Data do Contrato/Início sincronizadas: 2025-10-03
2025-12-07 13:28:45,907 - sistema_relatorios - gestao_medicoes - INFO - Data Fim calculada: 16/10/2025 (9 dias úteis, excluindo data início)
2025-12-07 13:28:46,241 - sistema_relatorios - gestao_medicoes - INFO - Data Fim calculada: 06/02/2026 (90 dias úteis, excluindo data início)
2025-12-07 13:28:48,570 - sistema_relatorios - gestao_medicoes - INFO - Data Fim calculada: 06/02/2026 (90 dias úteis, excluindo data início)
2025-12-07 13:29:12,056 - sistema_relatorios - gerador_contrato - INFO - Obtendo dados do cliente: BRUNO SANTANA RINALDI
2025-12-07 13:29:12,075 - sistema_relatorios - gerador_contrato - INFO - Colunas disponíveis: ['Nome', 'Endereço', 'Data Inicial', 'Observações', 'Data Final', 'Tipo Taxa', 'CPF', 'CNO', 'Estado Civil', 'Cidade', 'Grupo']
2025-12-07 13:29:12,078 - sistema_relatorios - gerador_contrato - INFO - CPF bruto obtido: 12345678900.0 (tipo: <class 'numpy.float64'>)
2025-12-07 13:29:12,082 - sistema_relatorios - gerador_contrato - INFO - CPF convertido de float: 12345678900.0 → 12345678900
2025-12-07 13:29:12,084 - sistema_relatorios - gerador_contrato - INFO - CPF apenas números: 12345678900
2025-12-07 13:29:12,085 - sistema_relatorios - gerador_contrato - INFO - ✅ CPF formatado: 123.456.789-00
2025-12-07 13:29:12,085 - sistema_relatorios - gerador_contrato - INFO - CNO já formatado: 90.018.91862/63
2025-12-07 13:29:12,086 - sistema_relatorios - gerador_contrato - INFO - ✅ Dados do cliente processados - CPF final: 123.456.789-00
2025-12-07 13:29:12,092 - sistema_relatorios - gerador_contrato - INFO - Dados do cliente obtidos com sucesso: BRUNO SANTANA RINALDI
2025-12-07 13:29:12,094 - sistema_relatorios - gerador_contrato - INFO - Obtendo dados do fornecedor por nome: RICARDO JOSE ELOY
2025-12-07 13:29:12,560 - sistema_relatorios - gerador_contrato - INFO - Colunas disponíveis na planilha de fornecedores: ['CNPJ/CPF', 'tipo_pessoa', 'RAZÃO SOCIAL', 'NOME', 'TELEFONE:', 'EMAIL:', 'BANCO:', 'OP', 'AGENCIA:', 'CONTA:', 'Chave_PIX', 'CATEGORIA: ', 'ESPECIFICACAO', 'VÍNCULO', 'DADOS BANCÁRIOS', 'ENDEREÇO']
2025-12-07 13:29:12,569 - sistema_relatorios - gerador_contrato - INFO - ✅ Fornecedor encontrado na planilha
2025-12-07 13:29:12,570 - sistema_relatorios - gerador_contrato - INFO - CPF/CNPJ: 73586986653 → 735.869.866-53
2025-12-07 13:29:12,571 - sistema_relatorios - gerador_contrato - WARNING - Endereço não encontrado para fornecedor RICARDO JOSE ELOY
2025-12-07 13:29:12,572 - sistema_relatorios - gerador_contrato - INFO - ✅ Dados obtidos: Nome=RICARDO JOSE ELOY, CNPJ/CPF=735.869.866-53, Endereço=não informado
2025-12-07 13:29:12,574 - sistema_relatorios - gerador_contrato - INFO - === INICIANDO GERAÇÃO DE CONTRATO ===
2025-12-07 13:29:12,580 - sistema_relatorios - gerador_contrato - INFO - 📋 Dados do contrato recebidos: ['data', 'cidade', 'cliente_nome', 'cliente_cno', 'cliente_cpf', 'cliente_estado_civil', 'cliente_endereco', 'fornecedor_nome', 'fornecedor_cnpj_cpf', 'fornecedor_endereco', 'endereco_obra', 'dias', 'data_inicio', 'data_fim', 'valor', 'multa', 'dados_bancarios', 'descricao']
2025-12-07 13:29:12,588 - sistema_relatorios - gerador_contrato - INFO - Usando formato dict - Cliente: BRUNO SANTANA RINALDI
2025-12-07 13:29:12,588 - sistema_relatorios - gerador_contrato - INFO - Fornecedor CPF/CNPJ do dict: 735.869.866-53
2025-12-07 13:29:12,589 - sistema_relatorios - gerador_contrato - INFO - Prazo informado: 90 dias
2025-12-07 13:29:12,590 - sistema_relatorios - gerador_contrato - INFO - Multa informada: R$ 4.000,00
2025-12-07 13:29:12,591 - sistema_relatorios - gerador_contrato - INFO - ✅ Dados cliente processados: BRUNO SANTANA RINALDI
2025-12-07 13:29:12,591 - sistema_relatorios - gerador_contrato - INFO - ✅ Dados fornecedor processados: RICARDO JOSE ELOY - 735.869.866-53
2025-12-07 13:29:12,592 - sistema_relatorios - gerador_contrato - INFO - ✅ Usando prazo do formulário: 90 dias úteis
2025-12-07 13:29:12,736 - sistema_relatorios - gerador_contrato - INFO - ✅ Usando multa do formulário: R$ 4000.0
2025-12-07 13:29:12,737 - sistema_relatorios - gerador_contrato - INFO - ✅ Data do contrato: 03/10/2025 (3 de outubro de 2025)
2025-12-07 13:29:12,877 - sistema_relatorios - gerador_contrato - INFO - ✅ Contrato gerado com sucesso: C:\Users\Obras\sistema_gestao_testes\testes\Financeiro\Clientes\Contratos\Contrato_BRUNO_SANTANA_RINALDI_20251207_132912.docx
2025-12-07 13:29:19,057 - sistema_relatorios - gestao_medicoes - INFO - Pasta de contratos aberta: C:\Users\Obras\sistema_gestao_testes\testes\Financeiro\Clientes\Contratos
2025-12-07 13:39:49,157 - sistema - logger_config - INFO - Sistema de logging inicializado
2025-12-07 13:39:49,158 - sistema_relatorios - logger_config - INFO - Usuário alterado para: sistema_relatorios
2025-12-07 13:39:49,159 - sistema_relatorios - relatorios_interface - INFO - Sistema de relatórios inicializando usando logger configurado
2025-12-07 13:39:49,159 - sistema_relatorios - relatorios_interface - INFO - Configurações de janela importadas com sucesso
2025-12-07 13:39:49,160 - sistema_relatorios - relatorios_interface - INFO - === Sistema de Relatórios Inicializando ===
2025-12-07 13:41:59,069 - sistema_relatorios - gestao_medicoes - INFO - Logger importado com sucesso em gestao_medicoes.py
2025-12-07 13:41:59,264 - sistema_relatorios - gestao_medicoes - INFO - ✅ Janela Gestão de Medições inicializada com tripla proteção de visibilidade
2025-12-07 13:42:00,606 - sistema_relatorios - gerador_contrato - INFO - Carregando serviços de: C:\Users\Obras\sistema_gestao_testes\testes\Financeiro\Planilhas_Base\servicos_construcao.json
2025-12-07 13:42:00,609 - sistema_relatorios - gerador_contrato - INFO - Serviços carregados: 10 categorias
2025-12-07 13:42:00,611 - sistema_relatorios - gerador_contrato - INFO - Pasta de contratos verificada: C:\Users\Obras\sistema_gestao_testes\testes\Financeiro\Clientes\Contratos
2025-12-07 13:42:00,611 - sistema_relatorios - gerador_contrato - INFO - GeradorContrato inicializado com sucesso (usando python-docx)
2025-12-07 13:42:08,728 - sistema_relatorios - gerador_contrato - INFO - Obtendo dados do cliente: BRUNO SANTANA RINALDI
2025-12-07 13:42:08,761 - sistema_relatorios - gerador_contrato - INFO - Colunas disponíveis: ['Nome', 'Endereço', 'Data Inicial', 'Observações', 'Data Final', 'Tipo Taxa', 'CPF', 'CNO', 'Estado Civil', 'Cidade', 'Grupo']
2025-12-07 13:42:08,781 - sistema_relatorios - gerador_contrato - INFO - CPF bruto obtido: 12345678900.0 (tipo: <class 'numpy.float64'>)
2025-12-07 13:42:08,782 - sistema_relatorios - gerador_contrato - INFO - CPF convertido de float: 12345678900.0 → 12345678900
2025-12-07 13:42:08,783 - sistema_relatorios - gerador_contrato - INFO - CPF apenas números: 12345678900
2025-12-07 13:42:08,783 - sistema_relatorios - gerador_contrato - INFO - ✅ CPF formatado: 123.456.789-00
2025-12-07 13:42:08,784 - sistema_relatorios - gerador_contrato - INFO - CNO já formatado: 90.018.91862/63
2025-12-07 13:42:08,787 - sistema_relatorios - gerador_contrato - INFO - ✅ Dados do cliente processados - CPF final: 123.456.789-00
2025-12-07 13:42:08,790 - sistema_relatorios - gerador_contrato - INFO - Dados do cliente obtidos com sucesso: BRUNO SANTANA RINALDI
2025-12-07 13:42:08,793 - sistema_relatorios - gestao_medicoes - INFO - Dados do cliente carregados na aba de contrato: BRUNO SANTANA RINALDI
2025-12-07 13:42:14,774 - sistema_relatorios - gestao_medicoes - INFO - Buscando fornecedores com termo: e
2025-12-07 13:42:15,891 - sistema_relatorios - gestao_medicoes - INFO - ✅ 855 fornecedores encontrados
2025-12-07 13:42:15,894 - sistema_relatorios - gestao_medicoes - INFO - Buscando fornecedores com termo: em
2025-12-07 13:42:16,994 - sistema_relatorios - gestao_medicoes - INFO - ✅ 56 fornecedores encontrados
2025-12-07 13:42:16,997 - sistema_relatorios - gestao_medicoes - INFO - Buscando fornecedores com termo: emi
2025-12-07 13:42:18,084 - sistema_relatorios - gestao_medicoes - INFO - ✅ 9 fornecedores encontrados
2025-12-07 13:42:18,088 - sistema_relatorios - gestao_medicoes - INFO - Buscando fornecedores com termo: emil
2025-12-07 13:42:19,223 - sistema_relatorios - gestao_medicoes - INFO - ✅ 3 fornecedores encontrados
2025-12-07 13:42:20,871 - sistema_relatorios - gestao_medicoes - INFO - Carregando dados do fornecedor: EMILIA MARGARETH GONZAGA ALVES (CNPJ: 413.966.186-00)
2025-12-07 13:42:23,002 - sistema_relatorios - gestao_medicoes - INFO - ✅ Dados do fornecedor 'EMILIA MARGARETH GONZAGA ALVES' carregados
2025-12-07 13:42:23,004 - sistema_relatorios - gestao_medicoes - INFO - Carregando dados do fornecedor: EMILIA MARGARETH GONZAGA ALVES (CNPJ: 413.966.186-00)
2025-12-07 13:42:25,314 - sistema_relatorios - gestao_medicoes - INFO - ✅ Dados do fornecedor 'EMILIA MARGARETH GONZAGA ALVES' carregados
2025-12-07 13:42:33,439 - sistema_relatorios - gestao_medicoes - INFO - Data do Contrato/Início sincronizadas: 2025-10-03
2025-12-07 13:42:41,033 - sistema_relatorios - gestao_medicoes - INFO - Data Fim calculada: 07/10/2025 (2 dias úteis, excluindo data início)
2025-12-07 13:42:41,255 - sistema_relatorios - gestao_medicoes - INFO - Data Fim calculada: 07/11/2025 (25 dias úteis, excluindo data início)
2025-12-07 13:42:41,481 - sistema_relatorios - gestao_medicoes - INFO - Data Fim calculada: 22/09/2026 (252 dias úteis, excluindo data início)
2025-12-07 13:42:43,999 - sistema_relatorios - gestao_medicoes - INFO - Data Fim calculada: 07/11/2025 (25 dias úteis, excluindo data início)
2025-12-07 13:42:44,390 - sistema_relatorios - gestao_medicoes - INFO - Data Fim calculada: 07/10/2025 (2 dias úteis, excluindo data início)
2025-12-07 13:42:46,878 - sistema_relatorios - gestao_medicoes - INFO - Data Fim calculada: 08/10/2025 (3 dias úteis, excluindo data início)
2025-12-07 13:42:47,103 - sistema_relatorios - gestao_medicoes - INFO - Data Fim calculada: 24/11/2025 (36 dias úteis, excluindo data início)
2025-12-07 13:42:47,410 - sistema_relatorios - gestao_medicoes - INFO - Data Fim calculada: 19/02/2027 (360 dias úteis, excluindo data início)
2025-12-07 13:42:49,735 - sistema_relatorios - gestao_medicoes - INFO - Data Fim calculada: 24/11/2025 (36 dias úteis, excluindo data início)
2025-12-07 13:42:49,958 - sistema_relatorios - gestao_medicoes - INFO - Data Fim calculada: 08/10/2025 (3 dias úteis, excluindo data início)
2025-12-07 13:42:51,478 - sistema_relatorios - gestao_medicoes - INFO - Data Fim calculada: 07/10/2025 (2 dias úteis, excluindo data início)
2025-12-07 13:42:52,375 - sistema_relatorios - gestao_medicoes - INFO - Data Fim calculada: 10/11/2025 (26 dias úteis, excluindo data início)
2025-12-07 13:42:53,009 - sistema_relatorios - gestao_medicoes - INFO - Data Fim calculada: 02/10/2026 (260 dias úteis, excluindo data início)
2025-12-07 13:42:59,897 - sistema_relatorios - gestao_medicoes - INFO - Data Fim calculada: 02/10/2026 (260 dias úteis, excluindo data início)
2025-12-07 13:43:24,974 - sistema_relatorios - gerador_contrato - INFO - Obtendo dados do cliente: BRUNO SANTANA RINALDI
2025-12-07 13:43:24,997 - sistema_relatorios - gerador_contrato - INFO - Colunas disponíveis: ['Nome', 'Endereço', 'Data Inicial', 'Observações', 'Data Final', 'Tipo Taxa', 'CPF', 'CNO', 'Estado Civil', 'Cidade', 'Grupo']
2025-12-07 13:43:25,044 - sistema_relatorios - gerador_contrato - INFO - CPF bruto obtido: 12345678900.0 (tipo: <class 'numpy.float64'>)
2025-12-07 13:43:25,080 - sistema_relatorios - gerador_contrato - INFO - CPF convertido de float: 12345678900.0 → 12345678900
2025-12-07 13:43:25,110 - sistema_relatorios - gerador_contrato - INFO - CPF apenas números: 12345678900
2025-12-07 13:43:25,112 - sistema_relatorios - gerador_contrato - INFO - ✅ CPF formatado: 123.456.789-00
2025-12-07 13:43:25,115 - sistema_relatorios - gerador_contrato - INFO - CNO já formatado: 90.018.91862/63
2025-12-07 13:43:25,136 - sistema_relatorios - gerador_contrato - INFO - ✅ Dados do cliente processados - CPF final: 123.456.789-00
2025-12-07 13:43:25,138 - sistema_relatorios - gerador_contrato - INFO - Dados do cliente obtidos com sucesso: BRUNO SANTANA RINALDI
2025-12-07 13:43:25,139 - sistema_relatorios - gerador_contrato - INFO - Obtendo dados do fornecedor por nome: EMILIA MARGARETH GONZAGA ALVES
2025-12-07 13:43:25,604 - sistema_relatorios - gerador_contrato - INFO - Colunas disponíveis na planilha de fornecedores: ['CNPJ/CPF', 'tipo_pessoa', 'RAZÃO SOCIAL', 'NOME', 'TELEFONE:', 'EMAIL:', 'BANCO:', 'OP', 'AGENCIA:', 'CONTA:', 'Chave_PIX', 'CATEGORIA: ', 'ESPECIFICACAO', 'VÍNCULO', 'DADOS BANCÁRIOS', 'ENDEREÇO']
2025-12-07 13:43:25,613 - sistema_relatorios - gerador_contrato - INFO - ✅ Fornecedor encontrado na planilha
2025-12-07 13:43:25,614 - sistema_relatorios - gerador_contrato - INFO - CPF/CNPJ: 41396618600 → 413.966.186-00
2025-12-07 13:43:25,615 - sistema_relatorios - gerador_contrato - INFO - ✅ Endereço encontrado: AV. URUGUAI, 1115/301 - SION - BELO HORIZONTE/MG - 30310-300
2025-12-07 13:43:25,616 - sistema_relatorios - gerador_contrato - INFO - ✅ Dados obtidos: Nome=EMILIA MARGARETH GONZAGA ALVES, CNPJ/CPF=413.966.186-00, Endereço=AV. URUGUAI, 1115/301 - SION - BELO HORIZONTE/MG - 30310-300
2025-12-07 13:43:25,618 - sistema_relatorios - gerador_contrato - INFO - === INICIANDO GERAÇÃO DE CONTRATO ===
2025-12-07 13:43:25,619 - sistema_relatorios - gerador_contrato - INFO - 📋 Dados do contrato recebidos: ['data', 'cidade', 'cliente_nome', 'cliente_cno', 'cliente_cpf', 'cliente_estado_civil', 'cliente_endereco', 'fornecedor_nome', 'fornecedor_cnpj_cpf', 'fornecedor_endereco', 'endereco_obra', 'dias', 'data_inicio', 'data_fim', 'valor', 'multa', 'dados_bancarios', 'descricao']
2025-12-07 13:43:25,623 - sistema_relatorios - gerador_contrato - INFO - Usando formato dict - Cliente: BRUNO SANTANA RINALDI
2025-12-07 13:43:25,624 - sistema_relatorios - gerador_contrato - INFO - Fornecedor CPF/CNPJ do dict: 413.966.186-00
2025-12-07 13:43:25,624 - sistema_relatorios - gerador_contrato - INFO - Prazo informado: 260 dias
2025-12-07 13:43:25,625 - sistema_relatorios - gerador_contrato - INFO - Multa informada: R$ 4.000,00
2025-12-07 13:43:25,626 - sistema_relatorios - gerador_contrato - INFO - ✅ Dados cliente processados: BRUNO SANTANA RINALDI
2025-12-07 13:43:25,627 - sistema_relatorios - gerador_contrato - INFO - ✅ Dados fornecedor processados: EMILIA MARGARETH GONZAGA ALVES - 413.966.186-00
2025-12-07 13:43:25,627 - sistema_relatorios - gerador_contrato - INFO - ✅ Usando prazo do formulário: 260 dias úteis
2025-12-07 13:43:25,751 - sistema_relatorios - gerador_contrato - INFO - ✅ Usando multa do formulário: R$ 4000.0
2025-12-07 13:43:25,752 - sistema_relatorios - gerador_contrato - INFO - ✅ Data do contrato: 03/10/2025 (3 de outubro de 2025)
2025-12-07 13:43:25,857 - sistema_relatorios - gerador_contrato - INFO - ✅ Contrato gerado com sucesso: C:\Users\Obras\sistema_gestao_testes\testes\Financeiro\Clientes\Contratos\Contrato_BRUNO_SANTANA_RINALDI_20251207_134325.docx
2025-12-07 13:44:28,009 - sistema_relatorios - gestao_medicoes - INFO - Pasta de contratos aberta: C:\Users\Obras\sistema_gestao_testes\testes\Financeiro\Clientes\Contratos
2025-12-07 13:48:19,077 - sistema_relatorios - gestao_medicoes - INFO - ✅ Janela de Gestão de Medições fechada
2025-12-07 13:48:19,111 - sistema_relatorios - gestao_medicoes - INFO - ✅ Menu principal restaurado
2025-12-07 15:48:39,636 - sistema - logger_config - INFO - Sistema de logging inicializado
2025-12-07 15:48:39,638 - sistema_relatorios - logger_config - INFO - Usuário alterado para: sistema_relatorios
2025-12-07 15:48:39,638 - sistema_relatorios - relatorios_interface - INFO - Sistema de relatórios inicializando usando logger configurado
2025-12-07 15:48:39,639 - sistema_relatorios - relatorios_interface - INFO - Configurações de janela importadas com sucesso
2025-12-07 15:48:39,639 - sistema_relatorios - relatorios_interface - INFO - === Sistema de Relatórios Inicializando ===
2025-12-07 15:49:37,987 - sistema_relatorios - gestao_medicoes - INFO - Logger importado com sucesso em gestao_medicoes.py
2025-12-07 15:49:38,200 - sistema_relatorios - gestao_medicoes - INFO - ✅ Janela Gestão de Medições inicializada com tripla proteção de visibilidade
2025-12-07 15:49:39,612 - sistema_relatorios - gerador_contrato - INFO - Carregando serviços de: C:\Users\Obras\sistema_gestao_testes\testes\Financeiro\Planilhas_Base\servicos_construcao.json
2025-12-07 15:49:39,615 - sistema_relatorios - gerador_contrato - INFO - Serviços carregados: 10 categorias
2025-12-07 15:49:39,616 - sistema_relatorios - gerador_contrato - INFO - Pasta de contratos verificada: C:\Users\Obras\sistema_gestao_testes\testes\Financeiro\Clientes\Contratos
2025-12-07 15:49:39,617 - sistema_relatorios - gerador_contrato - INFO - GeradorContrato inicializado com sucesso (usando python-docx)
2025-12-07 15:49:46,503 - sistema_relatorios - gerador_contrato - INFO - Obtendo dados do cliente: BRUNO SANTANA RINALDI
2025-12-07 15:49:46,526 - sistema_relatorios - gerador_contrato - INFO - Colunas disponíveis: ['Nome', 'Endereço', 'Data Inicial', 'Observações', 'Data Final', 'Tipo Taxa', 'CPF', 'CNO', 'Estado Civil', 'Cidade', 'Grupo']
2025-12-07 15:49:46,543 - sistema_relatorios - gerador_contrato - INFO - CPF bruto obtido: 12345678900.0 (tipo: <class 'numpy.float64'>)
2025-12-07 15:49:46,544 - sistema_relatorios - gerador_contrato - INFO - CPF convertido de float: 12345678900.0 → 12345678900
2025-12-07 15:49:46,545 - sistema_relatorios - gerador_contrato - INFO - CPF apenas números: 12345678900
2025-12-07 15:49:46,546 - sistema_relatorios - gerador_contrato - INFO - ✅ CPF formatado: 123.456.789-00
2025-12-07 15:49:46,547 - sistema_relatorios - gerador_contrato - INFO - CNO já formatado: 90.018.91862/63
2025-12-07 15:49:46,550 - sistema_relatorios - gerador_contrato - INFO - ✅ Dados do cliente processados - CPF final: 123.456.789-00
2025-12-07 15:49:46,551 - sistema_relatorios - gerador_contrato - INFO - Dados do cliente obtidos com sucesso: BRUNO SANTANA RINALDI
2025-12-07 15:49:46,553 - sistema_relatorios - gestao_medicoes - INFO - Dados do cliente carregados na aba de contrato: BRUNO SANTANA RINALDI
2025-12-07 15:49:53,082 - sistema_relatorios - gestao_medicoes - INFO - Buscando fornecedores com termo: n
2025-12-07 15:49:54,119 - sistema_relatorios - gestao_medicoes - INFO - ✅ 707 fornecedores encontrados
2025-12-07 15:49:54,122 - sistema_relatorios - gestao_medicoes - INFO - Carregando lista de fornecedores...
2025-12-07 15:49:55,213 - sistema_relatorios - gestao_medicoes - INFO - ✅ 963 fornecedores carregados
2025-12-07 15:49:57,282 - sistema_relatorios - gestao_medicoes - INFO - Buscando fornecedores com termo: a
2025-12-07 15:49:58,397 - sistema_relatorios - gestao_medicoes - INFO - ✅ 930 fornecedores encontrados
2025-12-07 15:49:58,399 - sistema_relatorios - gestao_medicoes - INFO - Buscando fornecedores com termo: an
2025-12-07 15:49:59,592 - sistema_relatorios - gestao_medicoes - INFO - ✅ 285 fornecedores encontrados
2025-12-07 15:49:59,595 - sistema_relatorios - gestao_medicoes - INFO - Buscando fornecedores com termo: anc
2025-12-07 15:50:00,737 - sistema_relatorios - gestao_medicoes - INFO - ✅ 22 fornecedores encontrados
2025-12-07 15:50:00,740 - sistema_relatorios - gestao_medicoes - INFO - Buscando fornecedores com termo: anco
2025-12-07 15:50:01,762 - sistema_relatorios - gestao_medicoes - INFO - ✅ 3 fornecedores encontrados
2025-12-07 15:50:03,307 - sistema_relatorios - gestao_medicoes - INFO - Carregando dados do fornecedor: ANCORA PAPELARIA (CNPJ: 07.834.753/0001-41)
2025-12-07 15:50:04,369 - sistema_relatorios - gestao_medicoes - WARNING - Fornecedor 'ANCORA PAPELARIA' sem endereço cadastrado
2025-12-07 15:50:05,401 - sistema_relatorios - gestao_medicoes - INFO - ✅ Dados do fornecedor 'ANCORA PAPELARIA' carregados
2025-12-07 15:50:09,975 - sistema_relatorios - gestao_medicoes - INFO - Data do Contrato/Início sincronizadas: 2025-12-01
2025-12-07 15:50:15,301 - sistema_relatorios - gestao_medicoes - INFO - Data Fim calculada: 09/12/2025 (6 dias úteis, excluindo data início)
2025-12-07 15:50:16,563 - sistema_relatorios - gestao_medicoes - INFO - Data Fim calculada: 02/03/2026 (65 dias úteis, excluindo data início)
2025-12-07 15:50:19,644 - sistema_relatorios - gestao_medicoes - INFO - Data Fim calculada: 02/03/2026 (65 dias úteis, excluindo data início)
2025-12-07 15:50:34,602 - sistema_relatorios - gerador_contrato - INFO - Obtendo dados do cliente: BRUNO SANTANA RINALDI
2025-12-07 15:50:34,620 - sistema_relatorios - gerador_contrato - INFO - Colunas disponíveis: ['Nome', 'Endereço', 'Data Inicial', 'Observações', 'Data Final', 'Tipo Taxa', 'CPF', 'CNO', 'Estado Civil', 'Cidade', 'Grupo']
2025-12-07 15:50:34,623 - sistema_relatorios - gerador_contrato - INFO - CPF bruto obtido: 12345678900.0 (tipo: <class 'numpy.float64'>)
2025-12-07 15:50:34,624 - sistema_relatorios - gerador_contrato - INFO - CPF convertido de float: 12345678900.0 → 12345678900
2025-12-07 15:50:34,625 - sistema_relatorios - gerador_contrato - INFO - CPF apenas números: 12345678900
2025-12-07 15:50:34,626 - sistema_relatorios - gerador_contrato - INFO - ✅ CPF formatado: 123.456.789-00
2025-12-07 15:50:34,628 - sistema_relatorios - gerador_contrato - INFO - CNO já formatado: 90.018.91862/63
2025-12-07 15:50:34,630 - sistema_relatorios - gerador_contrato - INFO - ✅ Dados do cliente processados - CPF final: 123.456.789-00
2025-12-07 15:50:34,631 - sistema_relatorios - gerador_contrato - INFO - Dados do cliente obtidos com sucesso: BRUNO SANTANA RINALDI
2025-12-07 15:50:34,632 - sistema_relatorios - gerador_contrato - INFO - Obtendo dados do fornecedor por nome: ANCORA PAPELARIA
2025-12-07 15:50:35,085 - sistema_relatorios - gerador_contrato - INFO - Colunas disponíveis na planilha de fornecedores: ['CNPJ/CPF', 'tipo_pessoa', 'RAZÃO SOCIAL', 'NOME', 'TELEFONE:', 'EMAIL:', 'BANCO:', 'OP', 'AGENCIA:', 'CONTA:', 'Chave_PIX', 'CATEGORIA: ', 'ESPECIFICACAO', 'VÍNCULO', 'DADOS BANCÁRIOS', 'ENDEREÇO']
2025-12-07 15:50:35,091 - sistema_relatorios - gerador_contrato - INFO - ✅ Fornecedor encontrado na planilha
2025-12-07 15:50:35,092 - sistema_relatorios - gerador_contrato - INFO - CPF/CNPJ: 7834753000141 → 07834753000141
2025-12-07 15:50:35,093 - sistema_relatorios - gerador_contrato - WARNING - Endereço não encontrado para fornecedor ANCORA PAPELARIA
2025-12-07 15:50:35,094 - sistema_relatorios - gerador_contrato - INFO - ✅ Dados obtidos: Nome=ANCORA PAPELARIA, CNPJ/CPF=07834753000141, Endereço=não informado
2025-12-07 15:50:35,096 - sistema_relatorios - gerador_contrato - INFO - === INICIANDO GERAÇÃO DE CONTRATO ===
2025-12-07 15:50:35,097 - sistema_relatorios - gerador_contrato - INFO - 📋 Dados do contrato recebidos: ['data', 'cidade', 'cliente_nome', 'cliente_cno', 'cliente_cpf', 'cliente_estado_civil', 'cliente_endereco', 'fornecedor_nome', 'fornecedor_cnpj_cpf', 'fornecedor_endereco', 'endereco_obra', 'dias', 'data_inicio', 'data_fim', 'valor', 'multa', 'dados_bancarios', 'descricao']
2025-12-07 15:50:35,098 - sistema_relatorios - gerador_contrato - INFO - Usando formato dict - Cliente: BRUNO SANTANA RINALDI
2025-12-07 15:50:35,099 - sistema_relatorios - gerador_contrato - INFO - Fornecedor CPF/CNPJ do dict: 07834753000141
2025-12-07 15:50:35,100 - sistema_relatorios - gerador_contrato - INFO - Prazo informado: 65 dias
2025-12-07 15:50:35,100 - sistema_relatorios - gerador_contrato - INFO - Multa informada: R$ 4.000,00
2025-12-07 15:50:35,101 - sistema_relatorios - gerador_contrato - INFO - ✅ Dados cliente processados: BRUNO SANTANA RINALDI
2025-12-07 15:50:35,102 - sistema_relatorios - gerador_contrato - INFO - ✅ Dados fornecedor processados: ANCORA PAPELARIA - 07834753000141
2025-12-07 15:50:35,102 - sistema_relatorios - gerador_contrato - INFO - ✅ Usando prazo do formulário: 65 dias úteis
2025-12-07 15:50:35,236 - sistema_relatorios - gerador_contrato - INFO - ✅ Usando multa do formulário: R$ 4000.0
2025-12-07 15:50:35,238 - sistema_relatorios - gerador_contrato - INFO - ✅ Data do contrato: 01/12/2025 (1 de dezembro de 2025)
2025-12-07 15:50:35,333 - sistema_relatorios - gerador_contrato - INFO - ✅ Contrato gerado com sucesso: C:\Users\Obras\sistema_gestao_testes\testes\Financeiro\Clientes\Contratos\Contrato_BRUNO_SANTANA_RINALDI_20251207_155035.docx
2025-12-07 15:50:39,454 - sistema_relatorios - gestao_medicoes - INFO - Pasta de contratos aberta: C:\Users\Obras\sistema_gestao_testes\testes\Financeiro\Clientes\Contratos
2025-12-07 15:59:50,162 - sistema_relatorios - gestao_medicoes - INFO - ✅ Janela de Gestão de Medições fechada
2025-12-07 15:59:50,167 - sistema_relatorios - gestao_medicoes - INFO - ✅ Menu principal restaurado
