2025-07-18 10:33:23,546 - sistema - logger_config - INFO - Sistema de logging inicializado
2025-07-18 10:33:50,607 - sistema - logger_config - INFO - Iniciando: Carregar configurações
2025-07-18 10:33:50,643 - sistema - logger_config - INFO - Concluído: Carregar configurações
2025-07-18 10:34:40,182 - sistema - Sistema_Entrada_Dados - INFO - Iniciando adição de dados - Cliente: BRUNO SANTANA RINALDI
2025-07-18 10:34:42,092 - sistema - Sistema_Entrada_Dados - INFO - Dados adicionados com sucesso - Cliente: BRUNO SANTANA RINALDI, Total: 1
2025-07-18 10:34:54,838 - sistema - Sistema_Entrada_Dados - INFO - Iniciando envio de dados - Cliente: BRUNO SANTANA RINALDI, Registros: 1
2025-07-18 10:34:54,838 - sistema - Sistema_Entrada_Dados - INFO - Obtendo dados do visualizador
2025-07-18 10:34:54,838 - sistema - Sistema_Entrada_Dados - INFO - Total de registros a processar: 1
2025-07-18 10:34:54,838 - sistema - Sistema_Entrada_Dados - INFO - Salvando em: C:\Users\Obras\sistema_gestao_testes\testes\Financeiro\Clientes\BRUNO SANTANA RINALDI.xlsx
2025-07-18 10:34:58,095 - sistema - Sistema_Entrada_Dados - INFO - Dados salvos com sucesso - Cliente: BRUNO SANTANA RINALDI, Registros: 1
2025-07-18 11:47:21,359 - sistema - logger_config - INFO - Sistema de logging inicializado
2025-07-18 11:47:37,643 - sistema - logger_config - INFO - Iniciando: Carregar configurações
2025-07-18 11:47:37,647 - sistema - logger_config - INFO - Concluído: Carregar configurações
2025-07-18 11:48:12,386 - sistema - Sistema_Entrada_Dados - INFO - Iniciando adição de dados - Cliente: BRUNO SANTANA RINALDI
2025-07-18 11:48:14,062 - sistema - Sistema_Entrada_Dados - INFO - Dados adicionados com sucesso - Cliente: BRUNO SANTANA RINALDI, Total: 1
2025-07-18 11:48:20,803 - sistema - Sistema_Entrada_Dados - INFO - Iniciando envio de dados - Cliente: BRUNO SANTANA RINALDI, Registros: 1
2025-07-18 11:48:20,804 - sistema - Sistema_Entrada_Dados - INFO - Obtendo dados do visualizador
2025-07-18 11:48:20,806 - sistema - Sistema_Entrada_Dados - INFO - Total de registros a processar: 1
2025-07-18 11:48:20,806 - sistema - Sistema_Entrada_Dados - INFO - Salvando em: C:\Users\Obras\sistema_gestao_testes\testes\Financeiro\Clientes\BRUNO SANTANA RINALDI.xlsx
2025-07-18 11:48:21,377 - sistema - Sistema_Entrada_Dados - WARNING - DUPLICATA #1 encontrada:
2025-07-18 11:48:21,377 - sistema - Sistema_Entrada_Dados - WARNING -   Nome: EMG ESQUADRIAS DE MINAS GERAIS
2025-07-18 11:48:21,378 - sistema - Sistema_Entrada_Dados - WARNING -   Referência: PERFIL DE ALUMINIO
2025-07-18 11:48:21,379 - sistema - Sistema_Entrada_Dados - WARNING -   Valor: R$ 1668.15 (planilha: R$ 1668.15)
2025-07-18 11:48:21,380 - sistema - Sistema_Entrada_Dados - WARNING -   Vencimento: 03/07/2025
2025-07-18 11:48:21,380 - sistema - Sistema_Entrada_Dados - WARNING -   NF: 10570
2025-07-18 11:48:21,381 - sistema - Sistema_Entrada_Dados - WARNING - Duplicata detectada: EMG ESQUADRIAS DE MINAS GERAIS - PERFIL DE ALUMINIO - R$ 1668.15
2025-07-18 11:48:21,381 - sistema - Sistema_Entrada_Dados - WARNING - Detectados 1 possíveis lançamentos duplicados
2025-07-18 11:48:30,465 - sistema - Sistema_Entrada_Dados - INFO - Operação cancelada pelo usuário devido a duplicatas
