2025-08-20 09:00:34,243 - sistema - logger_config - INFO - Sistema de logging inicializado
2025-08-20 09:00:36,034 - sistema - logger_config - INFO - Iniciando: Carregar configurações
2025-08-20 09:00:36,062 - sistema - configuracoes_sistema - INFO - Seção 'historico_correcoes' adicionada às configurações
2025-08-20 09:00:36,063 - sistema - logger_config - INFO - Concluído: Carregar configurações
2025-08-20 09:50:30,741 - sistema - logger_config - INFO - Sistema de logging inicializado
2025-08-20 09:50:32,054 - sistema - logger_config - INFO - Iniciando: Carregar configurações
2025-08-20 09:50:32,070 - sistema - configuracoes_sistema - INFO - Seção 'historico_correcoes' adicionada às configurações
2025-08-20 09:50:32,071 - sistema - logger_config - INFO - Concluído: Carregar configurações
2025-08-20 10:21:08,464 - sistema - logger_config - INFO - Sistema de logging inicializado
2025-08-20 10:21:09,684 - sistema - logger_config - INFO - Iniciando: Carregar configurações
2025-08-20 10:21:09,701 - sistema - configuracoes_sistema - INFO - Seção 'historico_correcoes' adicionada às configurações
2025-08-20 10:21:09,702 - sistema - logger_config - INFO - Concluído: Carregar configurações
2025-08-20 10:26:46,256 - sistema - logger_config - INFO - Sistema de logging inicializado
2025-08-20 10:26:47,783 - sistema - logger_config - INFO - Iniciando: Carregar configurações
2025-08-20 10:26:47,797 - sistema - configuracoes_sistema - INFO - Seção 'historico_correcoes' adicionada às configurações
2025-08-20 10:26:47,798 - sistema - logger_config - INFO - Concluído: Carregar configurações
2025-08-20 10:33:03,654 - sistema - logger_config - INFO - Sistema de logging inicializado
2025-08-20 10:33:04,843 - sistema - logger_config - INFO - Iniciando: Carregar configurações
2025-08-20 10:33:04,850 - sistema - configuracoes_sistema - INFO - Seção 'historico_correcoes' adicionada às configurações
2025-08-20 10:33:04,852 - sistema - logger_config - INFO - Concluído: Carregar configurações
2025-08-20 10:47:15,591 - sistema - logger_config - INFO - Sistema de logging inicializado
2025-08-20 10:47:16,783 - sistema - logger_config - INFO - Iniciando: Carregar configurações
2025-08-20 10:47:16,796 - sistema - configuracoes_sistema - INFO - Seção 'historico_correcoes' adicionada às configurações
2025-08-20 10:47:16,797 - sistema - logger_config - INFO - Concluído: Carregar configurações
2025-08-20 10:49:57,966 - sistema - logger_config - INFO - Sistema de logging inicializado
2025-08-20 10:49:59,115 - sistema - logger_config - INFO - Iniciando: Carregar configurações
2025-08-20 10:49:59,128 - sistema - configuracoes_sistema - INFO - Seção 'historico_correcoes' adicionada às configurações
2025-08-20 10:49:59,129 - sistema - logger_config - INFO - Concluído: Carregar configurações
2025-08-20 10:55:18,493 - sistema - logger_config - INFO - Sistema de logging inicializado
2025-08-20 10:55:19,694 - sistema - logger_config - INFO - Iniciando: Carregar configurações
2025-08-20 10:55:19,702 - sistema - configuracoes_sistema - INFO - Seção 'historico_correcoes' adicionada às configurações
2025-08-20 10:55:19,703 - sistema - logger_config - INFO - Concluído: Carregar configurações
2025-08-20 11:03:12,625 - sistema - logger_config - INFO - Sistema de logging inicializado
2025-08-20 11:03:13,822 - sistema - logger_config - INFO - Iniciando: Carregar configurações
2025-08-20 11:03:13,830 - sistema - configuracoes_sistema - INFO - Seção 'historico_correcoes' adicionada às configurações
2025-08-20 11:03:13,832 - sistema - logger_config - INFO - Concluído: Carregar configurações
2025-08-20 11:08:05,611 - sistema - logger_config - INFO - Sistema de logging inicializado
2025-08-20 11:08:06,853 - sistema - logger_config - INFO - Iniciando: Carregar configurações
2025-08-20 11:08:06,868 - sistema - configuracoes_sistema - INFO - Seção 'historico_correcoes' adicionada às configurações
2025-08-20 11:08:06,869 - sistema - logger_config - INFO - Concluído: Carregar configurações
2025-08-20 11:25:10,055 - sistema - logger_config - INFO - Sistema de logging inicializado
2025-08-20 11:25:11,226 - sistema - logger_config - INFO - Iniciando: Carregar configurações
2025-08-20 11:25:11,245 - sistema - configuracoes_sistema - INFO - Seção 'historico_correcoes' adicionada às configurações
2025-08-20 11:25:11,246 - sistema - logger_config - INFO - Concluído: Carregar configurações
2025-08-20 11:35:45,943 - sistema - logger_config - INFO - Sistema de logging inicializado
2025-08-20 11:35:47,177 - sistema - logger_config - INFO - Iniciando: Carregar configurações
2025-08-20 11:35:47,182 - sistema - configuracoes_sistema - INFO - Seção 'historico_correcoes' adicionada às configurações
2025-08-20 11:35:47,186 - sistema - logger_config - INFO - Concluído: Carregar configurações
2025-08-20 11:46:23,498 - sistema - logger_config - INFO - Sistema de logging inicializado
2025-08-20 11:46:24,732 - sistema - logger_config - INFO - Iniciando: Carregar configurações
2025-08-20 11:46:24,735 - sistema - configuracoes_sistema - INFO - Seção 'historico_correcoes' adicionada às configurações
2025-08-20 11:46:24,737 - sistema - logger_config - INFO - Concluído: Carregar configurações
2025-08-20 11:55:52,341 - sistema - logger_config - INFO - Sistema de logging inicializado
2025-08-20 11:55:54,006 - sistema - logger_config - INFO - Iniciando: Carregar configurações
2025-08-20 11:55:54,018 - sistema - configuracoes_sistema - INFO - Seção 'historico_correcoes' adicionada às configurações
2025-08-20 11:55:54,020 - sistema - logger_config - INFO - Concluído: Carregar configurações
2025-08-20 12:01:33,848 - sistema - logger_config - INFO - Sistema de logging inicializado
2025-08-20 12:01:35,207 - sistema - logger_config - INFO - Iniciando: Carregar configurações
2025-08-20 12:01:35,211 - sistema - configuracoes_sistema - INFO - Seção 'historico_correcoes' adicionada às configurações
2025-08-20 12:01:35,212 - sistema - logger_config - INFO - Concluído: Carregar configurações
2025-08-20 12:06:38,901 - sistema - logger_config - INFO - Sistema de logging inicializado
2025-08-20 12:06:40,116 - sistema - logger_config - INFO - Iniciando: Carregar configurações
2025-08-20 12:06:40,123 - sistema - configuracoes_sistema - INFO - Seção 'historico_correcoes' adicionada às configurações
2025-08-20 12:06:40,124 - sistema - logger_config - INFO - Concluído: Carregar configurações
2025-08-20 12:27:20,571 - sistema - logger_config - INFO - Sistema de logging inicializado
2025-08-20 12:27:22,004 - sistema - logger_config - INFO - Iniciando: Carregar configurações
2025-08-20 12:27:22,020 - sistema - configuracoes_sistema - INFO - Seção 'historico_correcoes' adicionada às configurações
2025-08-20 12:27:22,021 - sistema - logger_config - INFO - Concluído: Carregar configurações
2025-08-20 12:28:20,070 - sistema - logger_config - INFO - Iniciando: Carregar configurações
2025-08-20 12:28:20,070 - sistema - logger_config - INFO - Concluído: Carregar configurações
2025-08-20 12:32:20,621 - sistema - logger_config - INFO - Sistema de logging inicializado
2025-08-20 12:32:23,267 - sistema - logger_config - INFO - Iniciando: Carregar configurações
2025-08-20 12:32:23,284 - sistema - configuracoes_sistema - INFO - Seção 'historico_correcoes' adicionada às configurações
2025-08-20 12:32:23,284 - sistema - logger_config - INFO - Concluído: Carregar configurações
2025-08-20 15:43:54,969 - sistema - logger_config - INFO - Sistema de logging inicializado
2025-08-20 15:43:56,296 - sistema - logger_config - INFO - Iniciando: Carregar configurações
2025-08-20 15:43:56,302 - sistema - configuracoes_sistema - INFO - Seção 'historico_correcoes' adicionada às configurações
2025-08-20 15:43:56,304 - sistema - logger_config - INFO - Concluído: Carregar configurações
2025-08-20 16:54:54,280 - sistema - logger_config - INFO - Sistema de logging inicializado
2025-08-20 16:54:55,635 - sistema - logger_config - INFO - Iniciando: Carregar configurações
2025-08-20 16:54:55,651 - sistema - configuracoes_sistema - INFO - Seção 'historico_correcoes' adicionada às configurações
2025-08-20 16:54:55,652 - sistema - logger_config - INFO - Concluído: Carregar configurações
2025-08-20 16:56:15,339 - sistema - Sistema_Entrada_Dados - INFO - Iniciando envio de dados - Cliente: BRUNO SANTANA RINALDI, Registros: 1
2025-08-20 16:56:15,339 - sistema - Sistema_Entrada_Dados - INFO - Usando dados_para_incluir existentes
2025-08-20 16:56:15,339 - sistema - Sistema_Entrada_Dados - INFO - Total de registros a processar: 1
2025-08-20 16:56:15,339 - sistema - Sistema_Entrada_Dados - INFO - Datas que serão afetadas pela inserção: ['20/08/2025']
2025-08-20 16:56:15,339 - sistema - Sistema_Entrada_Dados - INFO - Salvando em: C:\Users\Obras\sistema_gestao_testes\testes\Financeiro\Clientes\BRUNO SANTANA RINALDI.xlsx
2025-08-20 16:56:15,339 - sistema - Sistema_Entrada_Dados - INFO - Verificando integridade dos IDs antes da inserção
2025-08-20 16:56:16,549 - sistema - Sistema_Entrada_Dados - INFO - Lançamento inserido com ID 232 na linha 232
2025-08-20 16:56:17,017 - sistema - Sistema_Entrada_Dados - INFO - Iniciando verificação de recálculo para 1 datas
2025-08-20 16:56:17,521 - sistema - Sistema_Entrada_Dados - INFO - Verificando necessidade de recálculo para 2025-08-20
2025-08-20 16:56:17,757 - sistema - Sistema_Entrada_Dados - INFO - ℹ️ 2025-08-20: Sem taxas na data - recálculo desnecessário
2025-08-20 16:57:11,100 - sistema - logger_config - INFO - Iniciando: Carregar configurações
2025-08-20 16:57:11,146 - sistema - logger_config - INFO - Concluído: Carregar configurações
2025-08-20 17:03:56,028 - sistema - logger_config - INFO - Sistema de logging inicializado
2025-08-20 17:03:57,462 - sistema - logger_config - INFO - Iniciando: Carregar configurações
2025-08-20 17:03:57,472 - sistema - configuracoes_sistema - INFO - Seção 'historico_correcoes' adicionada às configurações
2025-08-20 17:03:57,475 - sistema - logger_config - INFO - Concluído: Carregar configurações
2025-08-20 17:05:07,318 - sistema - Sistema_Entrada_Dados - INFO - Iniciando envio de dados - Cliente: BRUNO SANTANA RINALDI, Registros: 1
2025-08-20 17:05:07,318 - sistema - Sistema_Entrada_Dados - INFO - Usando dados_para_incluir existentes
2025-08-20 17:05:07,318 - sistema - Sistema_Entrada_Dados - INFO - Total de registros a processar: 1
2025-08-20 17:05:07,318 - sistema - Sistema_Entrada_Dados - INFO - Datas que serão afetadas pela inserção: ['20/08/2025']
2025-08-20 17:05:07,318 - sistema - Sistema_Entrada_Dados - INFO - Salvando em: C:\Users\Obras\sistema_gestao_testes\testes\Financeiro\Clientes\BRUNO SANTANA RINALDI.xlsx
2025-08-20 17:05:07,318 - sistema - Sistema_Entrada_Dados - INFO - Verificando integridade dos IDs antes da inserção
2025-08-20 17:05:07,778 - sistema - Sistema_Entrada_Dados - INFO - Lançamento inserido com ID 233 na linha 233
2025-08-20 17:05:08,132 - sistema - Sistema_Entrada_Dados - INFO - Iniciando verificação de recálculo para 1 datas
2025-08-20 17:05:08,633 - sistema - Sistema_Entrada_Dados - INFO - Verificando necessidade de recálculo para 2025-08-20
2025-08-20 17:05:08,847 - sistema - Sistema_Entrada_Dados - INFO - ℹ️ 2025-08-20: Sem taxas na data - recálculo desnecessário
2025-08-20 17:17:36,270 - sistema - logger_config - INFO - Sistema de logging inicializado
2025-08-20 17:17:37,569 - sistema - logger_config - INFO - Iniciando: Carregar configurações
2025-08-20 17:17:37,580 - sistema - configuracoes_sistema - INFO - Seção 'historico_correcoes' adicionada às configurações
2025-08-20 17:17:37,580 - sistema - logger_config - INFO - Concluído: Carregar configurações
2025-08-20 17:18:28,649 - sistema - Sistema_Entrada_Dados - INFO - Iniciando envio de dados - Cliente: BRUNO SANTANA RINALDI, Registros: 1
2025-08-20 17:18:28,649 - sistema - Sistema_Entrada_Dados - INFO - Usando dados_para_incluir existentes
2025-08-20 17:18:28,649 - sistema - Sistema_Entrada_Dados - INFO - Total de registros a processar: 1
2025-08-20 17:18:28,649 - sistema - Sistema_Entrada_Dados - INFO - Datas que serão afetadas pela inserção: ['20/08/2025']
2025-08-20 17:18:28,649 - sistema - Sistema_Entrada_Dados - INFO - Salvando em: C:\Users\Obras\sistema_gestao_testes\testes\Financeiro\Clientes\BRUNO SANTANA RINALDI.xlsx
2025-08-20 17:18:28,665 - sistema - Sistema_Entrada_Dados - INFO - Verificando integridade dos IDs antes da inserção
2025-08-20 17:18:29,196 - sistema - Sistema_Entrada_Dados - INFO - Lançamento inserido com ID 234 na linha 234
2025-08-20 17:18:29,669 - sistema - Sistema_Entrada_Dados - INFO - Iniciando verificação de recálculo para 1 datas
2025-08-20 17:18:30,183 - sistema - Sistema_Entrada_Dados - INFO - Verificando necessidade de recálculo para 2025-08-20
2025-08-20 17:18:30,427 - sistema - Sistema_Entrada_Dados - INFO - ℹ️ 2025-08-20: Sem taxas na data - recálculo desnecessário
2025-08-20 17:39:42,772 - sistema - logger_config - INFO - Sistema de logging inicializado
2025-08-20 17:39:44,489 - sistema - logger_config - INFO - Iniciando: Carregar configurações
2025-08-20 17:39:44,507 - sistema - configuracoes_sistema - INFO - Seção 'historico_correcoes' adicionada às configurações
2025-08-20 17:39:44,507 - sistema - logger_config - INFO - Concluído: Carregar configurações
2025-08-20 17:40:15,991 - sistema - logger_config - INFO - Iniciando: Carregar configurações
2025-08-20 17:40:15,991 - sistema - configuracoes_sistema - INFO - Seção 'historico_correcoes' adicionada às configurações
2025-08-20 17:40:15,991 - sistema - logger_config - INFO - Concluído: Carregar configurações
2025-08-20 17:41:46,029 - sistema - Sistema_Entrada_Dados - INFO - Iniciando envio de dados - Cliente: BRUNO SANTANA RINALDI, Registros: 1
2025-08-20 17:41:46,029 - sistema - Sistema_Entrada_Dados - INFO - Obtendo dados do visualizador
2025-08-20 17:41:46,029 - sistema - Sistema_Entrada_Dados - INFO - Total de registros a processar: 1
2025-08-20 17:41:46,029 - sistema - Sistema_Entrada_Dados - INFO - Datas que serão afetadas pela inserção: ['20/08/2025']
2025-08-20 17:41:46,029 - sistema - Sistema_Entrada_Dados - INFO - Salvando em: C:\Users\Obras\sistema_gestao_testes\testes\Financeiro\Clientes\BRUNO SANTANA RINALDI.xlsx
2025-08-20 17:41:46,029 - sistema - Sistema_Entrada_Dados - INFO - Verificando integridade dos IDs antes da inserção
2025-08-20 17:41:46,489 - sistema - Sistema_Entrada_Dados - WARNING - DUPLICATA #1 encontrada:
2025-08-20 17:41:46,489 - sistema - Sistema_Entrada_Dados - WARNING -   Nome: APFC COMERCIO LTDA - EPP
2025-08-20 17:41:46,505 - sistema - Sistema_Entrada_Dados - WARNING -   Referência: MATERIAL VIA NFE
2025-08-20 17:41:46,505 - sistema - Sistema_Entrada_Dados - WARNING -   Valor: R$ 373.23 (planilha: R$ 373.23)
2025-08-20 17:41:46,505 - sistema - Sistema_Entrada_Dados - WARNING -   Vencimento: 31/01/2025
2025-08-20 17:41:46,505 - sistema - Sistema_Entrada_Dados - WARNING -   NF: 22429
2025-08-20 17:41:46,505 - sistema - Sistema_Entrada_Dados - WARNING - Duplicata detectada: APFC COMERCIO LTDA - EPP - MATERIAL VIA NFE - R$ 373.23
2025-08-20 17:41:46,505 - sistema - Sistema_Entrada_Dados - WARNING - Detectados 1 possíveis lançamentos duplicados
2025-08-20 17:41:58,349 - sistema - Sistema_Entrada_Dados - INFO - Usuário optou por continuar. Processando 0 lançamentos únicos
2025-08-20 17:43:50,123 - sistema - logger_config - INFO - Sistema de logging inicializado
2025-08-20 17:43:51,619 - sistema - logger_config - INFO - Iniciando: Carregar configurações
2025-08-20 17:43:51,629 - sistema - configuracoes_sistema - INFO - Seção 'historico_correcoes' adicionada às configurações
2025-08-20 17:43:51,630 - sistema - logger_config - INFO - Concluído: Carregar configurações
2025-08-20 17:44:34,648 - sistema - logger_config - INFO - Iniciando: Carregar configurações
2025-08-20 17:44:34,648 - sistema - configuracoes_sistema - INFO - Seção 'historico_correcoes' adicionada às configurações
2025-08-20 17:44:34,664 - sistema - logger_config - INFO - Concluído: Carregar configurações
2025-08-20 17:45:22,277 - sistema - Sistema_Entrada_Dados - INFO - Iniciando envio de dados - Cliente: BRUNO SANTANA RINALDI, Registros: 1
2025-08-20 17:45:22,277 - sistema - Sistema_Entrada_Dados - INFO - Obtendo dados do visualizador
2025-08-20 17:45:22,277 - sistema - Sistema_Entrada_Dados - INFO - Total de registros a processar: 1
2025-08-20 17:45:22,277 - sistema - Sistema_Entrada_Dados - INFO - Datas que serão afetadas pela inserção: ['20/08/2025']
2025-08-20 17:45:22,277 - sistema - Sistema_Entrada_Dados - INFO - Salvando em: C:\Users\Obras\sistema_gestao_testes\testes\Financeiro\Clientes\BRUNO SANTANA RINALDI.xlsx
2025-08-20 17:45:22,277 - sistema - Sistema_Entrada_Dados - INFO - Verificando integridade dos IDs antes da inserção
2025-08-20 17:45:22,721 - sistema - Sistema_Entrada_Dados - INFO - Lançamento inserido com ID 235 na linha 235
2025-08-20 17:45:23,061 - sistema - Sistema_Entrada_Dados - INFO - Iniciando verificação de recálculo para 1 datas
2025-08-20 17:45:23,578 - sistema - Sistema_Entrada_Dados - INFO - Verificando necessidade de recálculo para 2025-08-20
2025-08-20 17:45:23,756 - sistema - Sistema_Entrada_Dados - INFO - ℹ️ 2025-08-20: Sem taxas na data - recálculo desnecessário
2025-08-20 17:57:13,162 - sistema - logger_config - INFO - Sistema de logging inicializado
2025-08-20 17:57:15,377 - sistema - logger_config - INFO - Iniciando: Carregar configurações
2025-08-20 17:57:15,385 - sistema - configuracoes_sistema - INFO - Seção 'historico_correcoes' adicionada às configurações
2025-08-20 17:57:15,387 - sistema - logger_config - INFO - Concluído: Carregar configurações
2025-08-20 17:57:58,147 - sistema - logger_config - INFO - Iniciando: Carregar configurações
2025-08-20 17:57:58,147 - sistema - configuracoes_sistema - INFO - Seção 'historico_correcoes' adicionada às configurações
2025-08-20 17:57:58,147 - sistema - logger_config - INFO - Concluído: Carregar configurações
2025-08-20 17:58:45,881 - sistema - Sistema_Entrada_Dados - INFO - Iniciando envio de dados - Cliente: BRUNO SANTANA RINALDI, Registros: 1
2025-08-20 17:58:45,881 - sistema - Sistema_Entrada_Dados - INFO - Obtendo dados do visualizador
2025-08-20 17:58:45,881 - sistema - Sistema_Entrada_Dados - INFO - Total de registros a processar: 1
2025-08-20 17:58:45,881 - sistema - Sistema_Entrada_Dados - INFO - Datas que serão afetadas pela inserção: ['20/08/2025']
2025-08-20 17:58:45,881 - sistema - Sistema_Entrada_Dados - INFO - Salvando em: C:\Users\Obras\sistema_gestao_testes\testes\Financeiro\Clientes\BRUNO SANTANA RINALDI.xlsx
2025-08-20 17:58:45,881 - sistema - Sistema_Entrada_Dados - INFO - Verificando integridade dos IDs antes da inserção
2025-08-20 17:58:46,346 - sistema - Sistema_Entrada_Dados - INFO - Lançamento inserido com ID 236 na linha 236
2025-08-20 17:58:46,686 - sistema - Sistema_Entrada_Dados - INFO - Iniciando verificação de recálculo para 1 datas
2025-08-20 17:58:47,192 - sistema - Sistema_Entrada_Dados - INFO - Verificando necessidade de recálculo para 2025-08-20
2025-08-20 17:58:47,349 - sistema - Sistema_Entrada_Dados - INFO - ℹ️ 2025-08-20: Sem taxas na data - recálculo desnecessário
