2025-11-18 11:57:34,153 - sistema - logger_config - INFO - Sistema de logging inicializado
2025-11-18 11:57:34,153 - sistema_relatorios - logger_config - INFO - Usuário alterado para: sistema_relatorios
2025-11-18 11:57:34,153 - sistema_relatorios - relatorios_interface - INFO - Sistema de relatórios inicializando usando logger configurado
2025-11-18 11:57:34,170 - sistema_relatorios - relatorios_interface - INFO - Configurações de janela importadas com sucesso
2025-11-18 11:57:34,170 - sistema_relatorios - relatorios_interface - INFO - === Sistema de Relatórios Inicializando ===
2025-11-18 12:01:48,801 - sistema - logger_config - INFO - Sistema de logging inicializado
2025-11-18 12:01:48,801 - sistema_relatorios - logger_config - INFO - Usuário alterado para: sistema_relatorios
2025-11-18 12:01:48,801 - sistema_relatorios - relatorios_interface - INFO - Sistema de relatórios inicializando usando logger configurado
2025-11-18 12:01:48,801 - sistema_relatorios - relatorios_interface - INFO - Configurações de janela importadas com sucesso
2025-11-18 12:01:48,801 - sistema_relatorios - relatorios_interface - INFO - === Sistema de Relatórios Inicializando ===
2025-11-18 12:03:10,666 - sistema - logger_config - INFO - Sistema de logging inicializado
2025-11-18 12:03:10,666 - sistema_relatorios - logger_config - INFO - Usuário alterado para: sistema_relatorios
2025-11-18 12:03:10,666 - sistema_relatorios - relatorios_interface - INFO - Sistema de relatórios inicializando usando logger configurado
2025-11-18 12:03:10,666 - sistema_relatorios - relatorios_interface - INFO - Configurações de janela importadas com sucesso
2025-11-18 12:03:10,666 - sistema_relatorios - relatorios_interface - INFO - === Sistema de Relatórios Inicializando ===
2025-11-18 12:16:32,843 - sistema - logger_config - INFO - Sistema de logging inicializado
2025-11-18 12:16:32,843 - sistema_relatorios - logger_config - INFO - Usuário alterado para: sistema_relatorios
2025-11-18 12:16:32,843 - sistema_relatorios - relatorios_interface - INFO - Sistema de relatórios inicializando usando logger configurado
2025-11-18 12:16:32,843 - sistema_relatorios - relatorios_interface - INFO - Configurações de janela importadas com sucesso
2025-11-18 12:16:32,843 - sistema_relatorios - relatorios_interface - INFO - === Sistema de Relatórios Inicializando ===
2025-11-18 12:16:38,334 - sistema_relatorios - logger_config - INFO - Iniciando: Carregar configurações
2025-11-18 12:16:38,380 - sistema_relatorios - logger_config - INFO - Concluído: Carregar configurações
2025-11-18 12:16:38,380 - sistema_relatorios - logger_config - INFO - Iniciando: Carregar configurações
2025-11-18 12:16:38,389 - sistema_relatorios - logger_config - INFO - Concluído: Carregar configurações
2025-11-18 12:16:38,400 - sistema_relatorios - Sistema_Entrada_Dados - INFO - Proteções contra perda de dados configuradas
2025-11-18 12:16:42,610 - sistema_relatorios - Sistema_Entrada_Dados - INFO - Cliente selecionado com sucesso: BRUNO SANTANA RINALDI
2025-11-18 15:13:38,042 - sistema - logger_config - INFO - Sistema de logging inicializado
2025-11-18 15:13:38,044 - sistema_relatorios - logger_config - INFO - Usuário alterado para: sistema_relatorios
2025-11-18 15:13:38,045 - sistema_relatorios - relatorios_interface - INFO - Sistema de relatórios inicializando usando logger configurado
2025-11-18 15:13:38,045 - sistema_relatorios - relatorios_interface - INFO - Configurações de janela importadas com sucesso
2025-11-18 15:13:38,046 - sistema_relatorios - relatorios_interface - INFO - === Sistema de Relatórios Inicializando ===
2025-11-18 15:13:40,245 - sistema_relatorios - logger_config - INFO - Iniciando: Carregar configurações
2025-11-18 15:13:40,261 - sistema_relatorios - logger_config - INFO - Concluído: Carregar configurações
2025-11-18 15:13:40,261 - sistema_relatorios - logger_config - INFO - Iniciando: Carregar configurações
2025-11-18 15:13:40,261 - sistema_relatorios - logger_config - INFO - Concluído: Carregar configurações
2025-11-18 15:13:40,275 - sistema_relatorios - Sistema_Entrada_Dados - INFO - Proteções contra perda de dados configuradas
2025-11-18 15:13:42,963 - sistema_relatorios - Sistema_Entrada_Dados - INFO - Cliente selecionado com sucesso: BRUNO SANTANA RINALDI
2025-11-18 15:15:29,017 - sistema - logger_config - INFO - Sistema de logging inicializado
2025-11-18 15:15:29,017 - sistema_relatorios - logger_config - INFO - Usuário alterado para: sistema_relatorios
2025-11-18 15:15:29,017 - sistema_relatorios - relatorios_interface - INFO - Sistema de relatórios inicializando usando logger configurado
2025-11-18 15:15:29,017 - sistema_relatorios - relatorios_interface - INFO - Configurações de janela importadas com sucesso
2025-11-18 15:15:29,034 - sistema_relatorios - relatorios_interface - INFO - === Sistema de Relatórios Inicializando ===
2025-11-18 15:15:31,730 - sistema_relatorios - logger_config - INFO - Iniciando: Carregar configurações
2025-11-18 15:15:31,730 - sistema_relatorios - logger_config - INFO - Concluído: Carregar configurações
2025-11-18 15:15:31,730 - sistema_relatorios - logger_config - INFO - Iniciando: Carregar configurações
2025-11-18 15:15:31,730 - sistema_relatorios - logger_config - INFO - Concluído: Carregar configurações
2025-11-18 15:15:31,769 - sistema_relatorios - Sistema_Entrada_Dados - INFO - Proteções contra perda de dados configuradas
2025-11-18 15:15:34,983 - sistema_relatorios - Sistema_Entrada_Dados - INFO - Cliente selecionado com sucesso: BRUNO SANTANA RINALDI
2025-11-18 15:16:26,058 - sistema - logger_config - INFO - Sistema de logging inicializado
2025-11-18 15:16:26,058 - sistema_relatorios - logger_config - INFO - Usuário alterado para: sistema_relatorios
2025-11-18 15:16:26,058 - sistema_relatorios - relatorios_interface - INFO - Sistema de relatórios inicializando usando logger configurado
2025-11-18 15:16:26,058 - sistema_relatorios - relatorios_interface - INFO - Configurações de janela importadas com sucesso
2025-11-18 15:16:26,058 - sistema_relatorios - relatorios_interface - INFO - === Sistema de Relatórios Inicializando ===
2025-11-18 15:16:27,975 - sistema_relatorios - logger_config - INFO - Iniciando: Carregar configurações
2025-11-18 15:16:27,975 - sistema_relatorios - logger_config - INFO - Concluído: Carregar configurações
2025-11-18 15:16:27,975 - sistema_relatorios - logger_config - INFO - Iniciando: Carregar configurações
2025-11-18 15:16:27,975 - sistema_relatorios - logger_config - INFO - Concluído: Carregar configurações
2025-11-18 15:16:28,002 - sistema_relatorios - Sistema_Entrada_Dados - INFO - Proteções contra perda de dados configuradas
2025-11-18 15:16:30,425 - sistema_relatorios - Sistema_Entrada_Dados - INFO - Cliente selecionado com sucesso: BRUNO SANTANA RINALDI
2025-11-18 15:17:17,664 - sistema - logger_config - INFO - Sistema de logging inicializado
2025-11-18 15:17:17,664 - sistema_relatorios - logger_config - INFO - Usuário alterado para: sistema_relatorios
2025-11-18 15:17:17,664 - sistema_relatorios - relatorios_interface - INFO - Sistema de relatórios inicializando usando logger configurado
2025-11-18 15:17:17,664 - sistema_relatorios - relatorios_interface - INFO - Configurações de janela importadas com sucesso
2025-11-18 15:17:17,680 - sistema_relatorios - relatorios_interface - INFO - === Sistema de Relatórios Inicializando ===
2025-11-18 15:17:19,641 - sistema_relatorios - logger_config - INFO - Iniciando: Carregar configurações
2025-11-18 15:17:19,641 - sistema_relatorios - logger_config - INFO - Concluído: Carregar configurações
2025-11-18 15:17:19,641 - sistema_relatorios - logger_config - INFO - Iniciando: Carregar configurações
2025-11-18 15:17:19,641 - sistema_relatorios - logger_config - INFO - Concluído: Carregar configurações
2025-11-18 15:17:19,665 - sistema_relatorios - Sistema_Entrada_Dados - INFO - Proteções contra perda de dados configuradas
2025-11-18 15:17:22,313 - sistema_relatorios - Sistema_Entrada_Dados - INFO - Cliente selecionado com sucesso: BRUNO SANTANA RINALDI
2025-11-18 15:19:58,920 - sistema - logger_config - INFO - Sistema de logging inicializado
2025-11-18 15:19:58,931 - sistema_relatorios - logger_config - INFO - Usuário alterado para: sistema_relatorios
2025-11-18 15:19:58,932 - sistema_relatorios - relatorios_interface - INFO - Sistema de relatórios inicializando usando logger configurado
2025-11-18 15:19:58,933 - sistema_relatorios - relatorios_interface - INFO - Configurações de janela importadas com sucesso
2025-11-18 15:19:58,933 - sistema_relatorios - relatorios_interface - INFO - === Sistema de Relatórios Inicializando ===
2025-11-18 15:20:00,940 - sistema_relatorios - logger_config - INFO - Iniciando: Carregar configurações
2025-11-18 15:20:00,956 - sistema_relatorios - logger_config - INFO - Concluído: Carregar configurações
2025-11-18 15:20:00,956 - sistema_relatorios - logger_config - INFO - Iniciando: Carregar configurações
2025-11-18 15:20:00,956 - sistema_relatorios - logger_config - INFO - Concluído: Carregar configurações
2025-11-18 15:20:00,966 - sistema_relatorios - Sistema_Entrada_Dados - INFO - Proteções contra perda de dados configuradas
2025-11-18 15:20:02,971 - sistema_relatorios - Sistema_Entrada_Dados - INFO - Cliente selecionado com sucesso: BRUNO SANTANA RINALDI
2025-11-18 15:29:51,942 - sistema - logger_config - INFO - Sistema de logging inicializado
2025-11-18 15:29:51,942 - sistema_relatorios - logger_config - INFO - Usuário alterado para: sistema_relatorios
2025-11-18 15:29:51,942 - sistema_relatorios - relatorios_interface - INFO - Sistema de relatórios inicializando usando logger configurado
2025-11-18 15:29:51,955 - sistema_relatorios - relatorios_interface - INFO - Configurações de janela importadas com sucesso
2025-11-18 15:29:51,956 - sistema_relatorios - relatorios_interface - INFO - === Sistema de Relatórios Inicializando ===
2025-11-18 15:29:53,999 - sistema_relatorios - logger_config - INFO - Iniciando: Carregar configurações
2025-11-18 15:29:53,999 - sistema_relatorios - logger_config - INFO - Concluído: Carregar configurações
2025-11-18 15:29:53,999 - sistema_relatorios - logger_config - INFO - Iniciando: Carregar configurações
2025-11-18 15:29:53,999 - sistema_relatorios - logger_config - INFO - Concluído: Carregar configurações
2025-11-18 15:29:54,023 - sistema_relatorios - Sistema_Entrada_Dados - INFO - Proteções contra perda de dados configuradas
2025-11-18 15:29:56,436 - sistema_relatorios - Sistema_Entrada_Dados - INFO - Cliente selecionado com sucesso: BRUNO SANTANA RINALDI
2025-11-18 15:31:31,256 - sistema - logger_config - INFO - Sistema de logging inicializado
2025-11-18 15:31:31,272 - sistema_relatorios - logger_config - INFO - Usuário alterado para: sistema_relatorios
2025-11-18 15:31:31,272 - sistema_relatorios - relatorios_interface - INFO - Sistema de relatórios inicializando usando logger configurado
2025-11-18 15:31:31,272 - sistema_relatorios - relatorios_interface - INFO - Configurações de janela importadas com sucesso
2025-11-18 15:31:31,276 - sistema_relatorios - relatorios_interface - INFO - === Sistema de Relatórios Inicializando ===
2025-11-18 15:31:33,414 - sistema_relatorios - logger_config - INFO - Iniciando: Carregar configurações
2025-11-18 15:31:33,414 - sistema_relatorios - logger_config - INFO - Concluído: Carregar configurações
2025-11-18 15:31:33,414 - sistema_relatorios - logger_config - INFO - Iniciando: Carregar configurações
2025-11-18 15:31:33,414 - sistema_relatorios - logger_config - INFO - Concluído: Carregar configurações
2025-11-18 15:31:33,431 - sistema_relatorios - Sistema_Entrada_Dados - INFO - Proteções contra perda de dados configuradas
2025-11-18 15:31:36,506 - sistema_relatorios - Sistema_Entrada_Dados - INFO - Cliente selecionado com sucesso: BRUNO SANTANA RINALDI
2025-11-18 15:38:34,518 - sistema - logger_config - INFO - Sistema de logging inicializado
2025-11-18 15:38:34,518 - sistema_relatorios - logger_config - INFO - Usuário alterado para: sistema_relatorios
2025-11-18 15:38:34,518 - sistema_relatorios - relatorios_interface - INFO - Sistema de relatórios inicializando usando logger configurado
2025-11-18 15:38:34,518 - sistema_relatorios - relatorios_interface - INFO - Configurações de janela importadas com sucesso
2025-11-18 15:38:34,518 - sistema_relatorios - relatorios_interface - INFO - === Sistema de Relatórios Inicializando ===
2025-11-18 15:38:37,258 - sistema_relatorios - logger_config - INFO - Iniciando: Carregar configurações
2025-11-18 15:38:37,261 - sistema_relatorios - logger_config - INFO - Concluído: Carregar configurações
2025-11-18 15:38:37,263 - sistema_relatorios - logger_config - INFO - Iniciando: Carregar configurações
2025-11-18 15:38:37,264 - sistema_relatorios - logger_config - INFO - Concluído: Carregar configurações
2025-11-18 15:38:37,276 - sistema_relatorios - Sistema_Entrada_Dados - INFO - Proteções contra perda de dados configuradas
2025-11-18 15:38:40,166 - sistema_relatorios - Sistema_Entrada_Dados - INFO - Cliente selecionado com sucesso: BRUNO SANTANA RINALDI
2025-11-18 15:54:35,173 - sistema - logger_config - INFO - Sistema de logging inicializado
2025-11-18 15:54:35,173 - sistema_relatorios - logger_config - INFO - Usuário alterado para: sistema_relatorios
2025-11-18 15:54:35,173 - sistema_relatorios - relatorios_interface - INFO - Sistema de relatórios inicializando usando logger configurado
2025-11-18 15:54:35,173 - sistema_relatorios - relatorios_interface - INFO - Configurações de janela importadas com sucesso
2025-11-18 15:54:35,173 - sistema_relatorios - relatorios_interface - INFO - === Sistema de Relatórios Inicializando ===
2025-11-18 15:54:37,233 - sistema_relatorios - logger_config - INFO - Iniciando: Carregar configurações
2025-11-18 15:54:37,233 - sistema_relatorios - logger_config - INFO - Concluído: Carregar configurações
2025-11-18 15:54:37,248 - sistema_relatorios - logger_config - INFO - Iniciando: Carregar configurações
2025-11-18 15:54:37,248 - sistema_relatorios - logger_config - INFO - Concluído: Carregar configurações
2025-11-18 15:54:37,263 - sistema_relatorios - Sistema_Entrada_Dados - INFO - Proteções contra perda de dados configuradas
2025-11-18 15:54:39,763 - sistema_relatorios - Sistema_Entrada_Dados - INFO - Cliente selecionado com sucesso: BRUNO SANTANA RINALDI
2025-11-18 15:58:16,354 - sistema - logger_config - INFO - Sistema de logging inicializado
2025-11-18 15:58:16,370 - sistema_relatorios - logger_config - INFO - Usuário alterado para: sistema_relatorios
2025-11-18 15:58:16,370 - sistema_relatorios - relatorios_interface - INFO - Sistema de relatórios inicializando usando logger configurado
2025-11-18 15:58:16,371 - sistema_relatorios - relatorios_interface - INFO - Configurações de janela importadas com sucesso
2025-11-18 15:58:16,372 - sistema_relatorios - relatorios_interface - INFO - === Sistema de Relatórios Inicializando ===
2025-11-18 15:58:19,596 - sistema_relatorios - logger_config - INFO - Iniciando: Carregar configurações
2025-11-18 15:58:19,596 - sistema_relatorios - logger_config - INFO - Concluído: Carregar configurações
2025-11-18 15:58:19,596 - sistema_relatorios - logger_config - INFO - Iniciando: Carregar configurações
2025-11-18 15:58:19,596 - sistema_relatorios - logger_config - INFO - Concluído: Carregar configurações
2025-11-18 15:58:19,620 - sistema_relatorios - Sistema_Entrada_Dados - INFO - Proteções contra perda de dados configuradas
2025-11-18 15:58:22,080 - sistema_relatorios - Sistema_Entrada_Dados - INFO - Cliente selecionado com sucesso: BRUNO SANTANA RINALDI
2025-11-18 16:01:03,569 - sistema - logger_config - INFO - Sistema de logging inicializado
2025-11-18 16:01:03,569 - sistema_relatorios - logger_config - INFO - Usuário alterado para: sistema_relatorios
2025-11-18 16:01:03,569 - sistema_relatorios - relatorios_interface - INFO - Sistema de relatórios inicializando usando logger configurado
2025-11-18 16:01:03,569 - sistema_relatorios - relatorios_interface - INFO - Configurações de janela importadas com sucesso
2025-11-18 16:01:03,569 - sistema_relatorios - relatorios_interface - INFO - === Sistema de Relatórios Inicializando ===
2025-11-18 16:01:05,960 - sistema_relatorios - logger_config - INFO - Iniciando: Carregar configurações
2025-11-18 16:01:05,960 - sistema_relatorios - logger_config - INFO - Concluído: Carregar configurações
2025-11-18 16:01:05,960 - sistema_relatorios - logger_config - INFO - Iniciando: Carregar configurações
2025-11-18 16:01:05,960 - sistema_relatorios - logger_config - INFO - Concluído: Carregar configurações
2025-11-18 16:01:05,985 - sistema_relatorios - Sistema_Entrada_Dados - INFO - Proteções contra perda de dados configuradas
2025-11-18 16:01:08,023 - sistema_relatorios - Sistema_Entrada_Dados - INFO - Cliente selecionado com sucesso: BRUNO SANTANA RINALDI
2025-11-18 17:10:24,376 - sistema - logger_config - INFO - Sistema de logging inicializado
2025-11-18 17:10:24,378 - sistema_relatorios - logger_config - INFO - Usuário alterado para: sistema_relatorios
2025-11-18 17:10:24,379 - sistema_relatorios - relatorios_interface - INFO - Sistema de relatórios inicializando usando logger configurado
2025-11-18 17:10:24,380 - sistema_relatorios - relatorios_interface - INFO - Configurações de janela importadas com sucesso
2025-11-18 17:10:24,381 - sistema_relatorios - relatorios_interface - INFO - === Sistema de Relatórios Inicializando ===
2025-11-18 17:10:27,245 - sistema_relatorios - logger_config - INFO - Iniciando: Carregar configurações
2025-11-18 17:10:27,245 - sistema_relatorios - logger_config - INFO - Concluído: Carregar configurações
2025-11-18 17:10:27,261 - sistema_relatorios - logger_config - INFO - Iniciando: Carregar configurações
2025-11-18 17:10:27,261 - sistema_relatorios - logger_config - INFO - Concluído: Carregar configurações
2025-11-18 17:10:27,274 - sistema_relatorios - Sistema_Entrada_Dados - INFO - Proteções contra perda de dados configuradas
2025-11-18 17:11:36,867 - sistema_relatorios - Sistema_Entrada_Dados - INFO - Cliente selecionado com sucesso: BRUNO SANTANA RINALDI
2025-11-18 17:16:37,980 - sistema - logger_config - INFO - Sistema de logging inicializado
2025-11-18 17:16:37,980 - sistema_relatorios - logger_config - INFO - Usuário alterado para: sistema_relatorios
2025-11-18 17:16:37,980 - sistema_relatorios - relatorios_interface - INFO - Sistema de relatórios inicializando usando logger configurado
2025-11-18 17:16:37,999 - sistema_relatorios - relatorios_interface - INFO - Configurações de janela importadas com sucesso
2025-11-18 17:16:38,000 - sistema_relatorios - relatorios_interface - INFO - === Sistema de Relatórios Inicializando ===
2025-11-18 17:16:40,308 - sistema_relatorios - logger_config - INFO - Iniciando: Carregar configurações
2025-11-18 17:16:40,308 - sistema_relatorios - logger_config - INFO - Concluído: Carregar configurações
2025-11-18 17:16:40,308 - sistema_relatorios - logger_config - INFO - Iniciando: Carregar configurações
2025-11-18 17:16:40,308 - sistema_relatorios - logger_config - INFO - Concluído: Carregar configurações
2025-11-18 17:16:40,323 - sistema_relatorios - Sistema_Entrada_Dados - INFO - Proteções contra perda de dados configuradas
2025-11-18 17:16:42,277 - sistema_relatorios - Sistema_Entrada_Dados - INFO - Cliente selecionado com sucesso: BRUNO SANTANA RINALDI
2025-11-18 17:30:44,610 - sistema - logger_config - INFO - Sistema de logging inicializado
2025-11-18 17:30:44,611 - sistema_relatorios - logger_config - INFO - Usuário alterado para: sistema_relatorios
2025-11-18 17:30:44,612 - sistema_relatorios - relatorios_interface - INFO - Sistema de relatórios inicializando usando logger configurado
2025-11-18 17:30:44,612 - sistema_relatorios - relatorios_interface - INFO - Configurações de janela importadas com sucesso
2025-11-18 17:30:44,613 - sistema_relatorios - relatorios_interface - INFO - === Sistema de Relatórios Inicializando ===
2025-11-18 17:30:47,282 - sistema_relatorios - logger_config - INFO - Iniciando: Carregar configurações
2025-11-18 17:30:47,282 - sistema_relatorios - logger_config - INFO - Concluído: Carregar configurações
2025-11-18 17:30:47,282 - sistema_relatorios - logger_config - INFO - Iniciando: Carregar configurações
2025-11-18 17:30:47,293 - sistema_relatorios - logger_config - INFO - Concluído: Carregar configurações
2025-11-18 17:30:47,309 - sistema_relatorios - Sistema_Entrada_Dados - INFO - Proteções contra perda de dados configuradas
2025-11-18 17:30:52,905 - sistema_relatorios - Sistema_Entrada_Dados - INFO - Cliente selecionado com sucesso: BRUNO SANTANA RINALDI
2025-11-18 17:36:50,234 - sistema - logger_config - INFO - Sistema de logging inicializado
2025-11-18 17:36:50,235 - sistema_relatorios - logger_config - INFO - Usuário alterado para: sistema_relatorios
2025-11-18 17:36:50,236 - sistema_relatorios - relatorios_interface - INFO - Sistema de relatórios inicializando usando logger configurado
2025-11-18 17:36:50,237 - sistema_relatorios - relatorios_interface - INFO - Configurações de janela importadas com sucesso
2025-11-18 17:36:50,239 - sistema_relatorios - relatorios_interface - INFO - === Sistema de Relatórios Inicializando ===
2025-11-18 17:36:52,511 - sistema_relatorios - logger_config - INFO - Iniciando: Carregar configurações
2025-11-18 17:36:52,511 - sistema_relatorios - logger_config - INFO - Concluído: Carregar configurações
2025-11-18 17:36:52,511 - sistema_relatorios - logger_config - INFO - Iniciando: Carregar configurações
2025-11-18 17:36:52,511 - sistema_relatorios - logger_config - INFO - Concluído: Carregar configurações
2025-11-18 17:36:52,526 - sistema_relatorios - Sistema_Entrada_Dados - INFO - Proteções contra perda de dados configuradas
2025-11-18 17:36:54,915 - sistema_relatorios - Sistema_Entrada_Dados - INFO - Cliente selecionado com sucesso: BRUNO SANTANA RINALDI
2025-11-18 18:29:12,599 - sistema - logger_config - INFO - Sistema de logging inicializado
2025-11-18 18:29:12,599 - sistema_relatorios - logger_config - INFO - Usuário alterado para: sistema_relatorios
2025-11-18 18:29:12,599 - sistema_relatorios - relatorios_interface - INFO - Sistema de relatórios inicializando usando logger configurado
2025-11-18 18:29:12,599 - sistema_relatorios - relatorios_interface - INFO - Configurações de janela importadas com sucesso
2025-11-18 18:29:12,599 - sistema_relatorios - relatorios_interface - INFO - === Sistema de Relatórios Inicializando ===
2025-11-18 18:29:17,307 - sistema_relatorios - logger_config - INFO - Iniciando: Carregar configurações
2025-11-18 18:29:17,307 - sistema_relatorios - logger_config - INFO - Concluído: Carregar configurações
2025-11-18 18:29:17,307 - sistema_relatorios - logger_config - INFO - Iniciando: Carregar configurações
2025-11-18 18:29:17,307 - sistema_relatorios - logger_config - INFO - Concluído: Carregar configurações
2025-11-18 18:29:17,323 - sistema_relatorios - Sistema_Entrada_Dados - INFO - Proteções contra perda de dados configuradas
2025-11-18 18:30:21,701 - sistema_relatorios - Sistema_Entrada_Dados - INFO - Cliente selecionado com sucesso: BRUNO SANTANA RINALDI
2025-11-18 18:41:14,423 - sistema - logger_config - INFO - Sistema de logging inicializado
2025-11-18 18:41:14,439 - sistema_relatorios - logger_config - INFO - Usuário alterado para: sistema_relatorios
2025-11-18 18:41:14,439 - sistema_relatorios - relatorios_interface - INFO - Sistema de relatórios inicializando usando logger configurado
2025-11-18 18:41:14,439 - sistema_relatorios - relatorios_interface - INFO - Configurações de janela importadas com sucesso
2025-11-18 18:41:14,439 - sistema_relatorios - relatorios_interface - INFO - === Sistema de Relatórios Inicializando ===
2025-11-18 18:41:16,664 - sistema_relatorios - logger_config - INFO - Iniciando: Carregar configurações
2025-11-18 18:41:16,664 - sistema_relatorios - logger_config - INFO - Concluído: Carregar configurações
2025-11-18 18:41:16,664 - sistema_relatorios - logger_config - INFO - Iniciando: Carregar configurações
2025-11-18 18:41:16,680 - sistema_relatorios - logger_config - INFO - Concluído: Carregar configurações
2025-11-18 18:41:16,693 - sistema_relatorios - Sistema_Entrada_Dados - INFO - Proteções contra perda de dados configuradas
2025-11-18 18:41:21,054 - sistema_relatorios - Sistema_Entrada_Dados - INFO - Cliente selecionado com sucesso: BRUNO SANTANA RINALDI
2025-11-18 18:49:14,617 - sistema - logger_config - INFO - Sistema de logging inicializado
2025-11-18 18:49:14,618 - sistema_relatorios - logger_config - INFO - Usuário alterado para: sistema_relatorios
2025-11-18 18:49:14,618 - sistema_relatorios - relatorios_interface - INFO - Sistema de relatórios inicializando usando logger configurado
2025-11-18 18:49:14,618 - sistema_relatorios - relatorios_interface - INFO - Configurações de janela importadas com sucesso
2025-11-18 18:49:14,618 - sistema_relatorios - relatorios_interface - INFO - === Sistema de Relatórios Inicializando ===
2025-11-18 18:49:16,759 - sistema_relatorios - logger_config - INFO - Iniciando: Carregar configurações
2025-11-18 18:49:16,759 - sistema_relatorios - logger_config - INFO - Concluído: Carregar configurações
2025-11-18 18:49:16,775 - sistema_relatorios - logger_config - INFO - Iniciando: Carregar configurações
2025-11-18 18:49:16,775 - sistema_relatorios - logger_config - INFO - Concluído: Carregar configurações
2025-11-18 18:49:16,790 - sistema_relatorios - Sistema_Entrada_Dados - INFO - Proteções contra perda de dados configuradas
2025-11-18 18:49:20,229 - sistema_relatorios - Sistema_Entrada_Dados - INFO - Cliente selecionado com sucesso: BRUNO SANTANA RINALDI
2025-11-18 18:50:55,716 - sistema - logger_config - INFO - Sistema de logging inicializado
2025-11-18 18:50:55,717 - sistema_relatorios - logger_config - INFO - Usuário alterado para: sistema_relatorios
2025-11-18 18:50:55,717 - sistema_relatorios - relatorios_interface - INFO - Sistema de relatórios inicializando usando logger configurado
2025-11-18 18:50:55,717 - sistema_relatorios - relatorios_interface - INFO - Configurações de janela importadas com sucesso
2025-11-18 18:50:55,717 - sistema_relatorios - relatorios_interface - INFO - === Sistema de Relatórios Inicializando ===
2025-11-18 18:50:57,391 - sistema_relatorios - logger_config - INFO - Iniciando: Carregar configurações
2025-11-18 18:50:57,391 - sistema_relatorios - logger_config - INFO - Concluído: Carregar configurações
2025-11-18 18:50:57,391 - sistema_relatorios - logger_config - INFO - Iniciando: Carregar configurações
2025-11-18 18:50:57,391 - sistema_relatorios - logger_config - INFO - Concluído: Carregar configurações
2025-11-18 18:50:57,406 - sistema_relatorios - Sistema_Entrada_Dados - INFO - Proteções contra perda de dados configuradas
2025-11-18 18:50:59,421 - sistema_relatorios - Sistema_Entrada_Dados - INFO - Cliente selecionado com sucesso: BRUNO SANTANA RINALDI
