2025-09-04 15:59:16,735 - sistema - logger_config - INFO - Sistema de logging inicializado
2025-09-04 15:59:18,556 - sistema - logger_config - INFO - Iniciando: Carregar configurações
2025-09-04 15:59:18,579 - sistema - configuracoes_sistema - INFO - Seção 'historico_correcoes' adicionada às configurações
2025-09-04 15:59:18,580 - sistema - logger_config - INFO - Concluído: Carregar configurações
2025-09-04 15:59:18,582 - sistema - logger_config - INFO - Iniciando: Carregar configurações
2025-09-04 15:59:18,583 - sistema - logger_config - INFO - Concluído: Carregar configurações
2025-09-04 16:01:52,033 - sistema - logger_config - INFO - Iniciando: Carregar configurações
2025-09-04 16:01:52,033 - sistema - logger_config - INFO - Concluído: Carregar configurações
2025-09-04 16:07:24,767 - sistema - logger_config - INFO - Iniciando: Carregar configurações
2025-09-04 16:07:24,783 - sistema - logger_config - INFO - Concluído: Carregar configurações
2025-09-04 16:07:49,780 - sistema - Sistema_Entrada_Dados - INFO - Iniciando adição de dados - Cliente: ANA AUGUSTA PIRES COUTINHO
2025-09-04 16:07:51,511 - sistema - Sistema_Entrada_Dados - INFO - Dados adicionados com sucesso - Cliente: ANA AUGUSTA PIRES COUTINHO, Total: 1
2025-09-04 16:08:51,430 - sistema - logger_config - INFO - Iniciando: Carregar configurações
2025-09-04 16:08:51,431 - sistema - logger_config - INFO - Concluído: Carregar configurações
2025-09-04 16:10:22,926 - sistema - Sistema_Entrada_Dados - INFO - Iniciando adição de dados - Cliente: ANA AUGUSTA PIRES COUTINHO
2025-09-04 16:10:25,019 - sistema - Sistema_Entrada_Dados - INFO - Dados adicionados com sucesso - Cliente: ANA AUGUSTA PIRES COUTINHO, Total: 2
2025-09-04 16:10:35,314 - sistema - Sistema_Entrada_Dados - INFO - Iniciando envio de dados - Cliente: ANA AUGUSTA PIRES COUTINHO, Registros: 2
2025-09-04 16:10:35,314 - sistema - Sistema_Entrada_Dados - INFO - Obtendo dados do visualizador
2025-09-04 16:10:35,314 - sistema - Sistema_Entrada_Dados - INFO - Total de registros a processar: 2
2025-09-04 16:10:35,314 - sistema - Sistema_Entrada_Dados - INFO - Datas que serão afetadas pela inserção: ['05/09/2025']
2025-09-04 16:10:35,314 - sistema - Sistema_Entrada_Dados - INFO - Salvando em: C:\Users\Obras\sistema_gestao_testes\testes\Financeiro\Clientes\ANA AUGUSTA PIRES COUTINHO.xlsx
2025-09-04 16:10:35,330 - sistema - Sistema_Entrada_Dados - INFO - Verificando integridade dos IDs antes da inserção
2025-09-04 16:10:36,183 - sistema - Sistema_Entrada_Dados - ERROR - 🔍 MÉTODO DE VERIFICAÇÃO FOI CHAMADO!
2025-09-04 16:10:36,183 - sistema - Sistema_Entrada_Dados - INFO - === INICIANDO VERIFICAÇÃO DE DUPLICIDADE ===
2025-09-04 16:10:36,183 - sistema - Sistema_Entrada_Dados - INFO - Dados novos: LOCFER | MANGOTE, MOTOR E MISTURADOR | R$ 500.00 | 28/08/2025
2025-09-04 16:10:36,229 - sistema - Sistema_Entrada_Dados - INFO - ✅ Nenhuma duplicata encontrada para: LOCFER - MANGOTE, MOTOR E MISTURADOR
2025-09-04 16:10:36,237 - sistema - Sistema_Entrada_Dados - ERROR - 🔍 MÉTODO DE VERIFICAÇÃO FOI CHAMADO!
2025-09-04 16:10:36,239 - sistema - Sistema_Entrada_Dados - INFO - === INICIANDO VERIFICAÇÃO DE DUPLICIDADE ===
2025-09-04 16:10:36,240 - sistema - Sistema_Entrada_Dados - INFO - Dados novos: IMPERMEABILIZANTES IMPERVIA | VIAPLUS, VEDACIT | R$ 1589.93 | 28/08/2025
2025-09-04 16:10:36,263 - sistema - Sistema_Entrada_Dados - INFO - ✅ Nenhuma duplicata encontrada para: IMPERMEABILIZANTES IMPERVIA - VIAPLUS, VEDACIT
2025-09-04 16:10:36,268 - sistema - Sistema_Entrada_Dados - INFO - Lançamento inserido com ID 406 na linha 407
2025-09-04 16:10:36,273 - sistema - Sistema_Entrada_Dados - INFO - Lançamento inserido com ID 407 na linha 408
2025-09-04 16:10:36,659 - sistema - Sistema_Entrada_Dados - INFO - Iniciando verificação de recálculo para 1 datas
2025-09-04 16:10:37,164 - sistema - Sistema_Entrada_Dados - INFO - Verificando necessidade de recálculo para 2025-09-05
2025-09-04 16:10:37,626 - sistema - Sistema_Entrada_Dados - INFO - 2025-09-05: Sem taxas na data - recálculo desnecessário
2025-09-04 16:11:07,258 - sistema - logger_config - INFO - Iniciando: Carregar configurações
2025-09-04 16:11:07,279 - sistema - logger_config - INFO - Concluído: Carregar configurações
2025-09-04 17:34:01,756 - sistema - logger_config - INFO - Sistema de logging inicializado
2025-09-04 17:34:03,167 - sistema - logger_config - INFO - Iniciando: Carregar configurações
2025-09-04 17:34:03,204 - sistema - logger_config - INFO - Concluído: Carregar configurações
2025-09-04 17:34:03,220 - sistema - logger_config - INFO - Iniciando: Carregar configurações
2025-09-04 17:34:03,220 - sistema - logger_config - INFO - Concluído: Carregar configurações
