2025-08-03 16:46:04,017 - sistema - logger_config - INFO - Sistema de logging inicializado
2025-08-03 16:55:22,537 - sistema - logger_config - INFO - Iniciando: Carregar configurações
2025-08-03 16:55:22,538 - sistema - logger_config - INFO - Iniciando: Carregar configurações
2025-08-03 16:55:22,563 - sistema - logger_config - INFO - Concluído: Carregar configurações
2025-08-03 16:55:22,566 - sistema - logger_config - INFO - Concluído: Carregar configurações
2025-08-03 16:55:22,566 - sistema - logger_config - INFO - Iniciando: Carregar configurações
2025-08-03 16:55:22,567 - sistema - logger_config - INFO - Concluído: Carregar configurações
2025-08-03 16:55:22,574 - sistema - logger_config - INFO - Iniciando: Carregar configurações
2025-08-03 16:55:22,576 - sistema - logger_config - INFO - Concluído: Carregar configurações
2025-08-03 16:58:23,180 - sistema - logger_config - INFO - Iniciando: Carregar configurações
2025-08-03 16:58:23,181 - sistema - logger_config - INFO - Iniciando: Carregar configurações
2025-08-03 16:58:23,181 - sistema - logger_config - INFO - Concluído: Carregar configurações
2025-08-03 16:58:23,182 - sistema - logger_config - INFO - Concluído: Carregar configurações
2025-08-03 16:58:23,183 - sistema - logger_config - INFO - Iniciando: Carregar configurações
2025-08-03 16:58:23,183 - sistema - logger_config - INFO - Concluído: Carregar configurações
2025-08-03 16:58:23,190 - sistema - logger_config - INFO - Iniciando: Carregar configurações
2025-08-03 16:58:23,190 - sistema - logger_config - INFO - Concluído: Carregar configurações
2025-08-03 16:58:35,185 - sistema - logger_config - INFO - Iniciando: Carregar configurações
2025-08-03 16:58:35,275 - sistema - logger_config - INFO - Concluído: Carregar configurações
2025-08-03 16:59:03,868 - sistema - logger_config - INFO - Sistema de logging inicializado
2025-08-03 16:59:03,881 - sistema - logger_config - INFO - Iniciando: Carregar configurações
2025-08-03 16:59:03,966 - sistema - configuracoes_sistema - INFO - Seção 'historico_correcoes' adicionada às configurações
2025-08-03 16:59:03,975 - sistema - logger_config - INFO - Concluído: Carregar configurações
2025-08-03 16:59:30,956 - sistema - logger_config - INFO - Iniciando: Carregar configurações
2025-08-03 16:59:30,959 - sistema - logger_config - INFO - Iniciando: Carregar configurações
2025-08-03 16:59:30,963 - sistema - logger_config - INFO - Concluído: Carregar configurações
2025-08-03 16:59:30,979 - sistema - logger_config - INFO - Concluído: Carregar configurações
2025-08-03 16:59:30,992 - sistema - logger_config - INFO - Iniciando: Carregar configurações
2025-08-03 16:59:30,996 - sistema - logger_config - INFO - Concluído: Carregar configurações
2025-08-03 16:59:31,008 - sistema - logger_config - INFO - Iniciando: Carregar configurações
2025-08-03 16:59:31,015 - sistema - logger_config - INFO - Concluído: Carregar configurações
2025-08-03 17:00:26,645 - sistema - logger_config - INFO - Iniciando: Carregar configurações
2025-08-03 17:00:26,646 - sistema - logger_config - INFO - Concluído: Carregar configurações
2025-08-03 17:00:55,156 - sistema - Sistema_Entrada_Dados - INFO - Iniciando adição de dados - Cliente: LUCAS COSTA OLIVEIRA SANTOS
2025-08-03 17:00:56,710 - sistema - Sistema_Entrada_Dados - INFO - Dados adicionados com sucesso - Cliente: LUCAS COSTA OLIVEIRA SANTOS, Total: 1
2025-08-03 17:01:19,002 - sistema - logger_config - INFO - Iniciando: Carregar configurações
2025-08-03 17:01:19,003 - sistema - logger_config - INFO - Concluído: Carregar configurações
2025-08-03 17:01:33,107 - sistema - Sistema_Entrada_Dados - INFO - Iniciando adição de dados - Cliente: LUCAS COSTA OLIVEIRA SANTOS
2025-08-03 17:01:34,188 - sistema - Sistema_Entrada_Dados - INFO - Dados adicionados com sucesso - Cliente: LUCAS COSTA OLIVEIRA SANTOS, Total: 2
2025-08-03 17:01:44,107 - sistema - logger_config - INFO - Iniciando: Carregar configurações
2025-08-03 17:01:44,108 - sistema - logger_config - INFO - Concluído: Carregar configurações
2025-08-03 17:02:05,963 - sistema - Sistema_Entrada_Dados - INFO - Iniciando adição de dados - Cliente: LUCAS COSTA OLIVEIRA SANTOS
2025-08-03 17:02:07,476 - sistema - Sistema_Entrada_Dados - INFO - Dados adicionados com sucesso - Cliente: LUCAS COSTA OLIVEIRA SANTOS, Total: 3
2025-08-03 17:02:24,499 - sistema - Sistema_Entrada_Dados - INFO - Iniciando envio de dados - Cliente: LUCAS COSTA OLIVEIRA SANTOS, Registros: 3
2025-08-03 17:02:24,500 - sistema - Sistema_Entrada_Dados - INFO - Obtendo dados do visualizador
2025-08-03 17:02:24,502 - sistema - Sistema_Entrada_Dados - INFO - Total de registros a processar: 3
2025-08-03 17:02:24,502 - sistema - Sistema_Entrada_Dados - INFO - Datas que serão afetadas pela inserção: ['20/05/2021']
2025-08-03 17:02:24,503 - sistema - Sistema_Entrada_Dados - INFO - Salvando em: C:\Users\Obras\sistema_gestao_testes\testes\Financeiro\Clientes\LUCAS COSTA OLIVEIRA SANTOS.xlsx
2025-08-03 17:02:24,504 - sistema - Sistema_Entrada_Dados - INFO - Verificando integridade dos IDs antes da inserção
2025-08-03 17:02:24,894 - sistema - Sistema_Entrada_Dados - INFO - Lançamento inserido com ID 45 na linha 46
2025-08-03 17:02:24,895 - sistema - Sistema_Entrada_Dados - INFO - Lançamento inserido com ID 46 na linha 47
2025-08-03 17:02:24,897 - sistema - Sistema_Entrada_Dados - INFO - Lançamento inserido com ID 47 na linha 48
2025-08-03 17:02:25,061 - sistema - Sistema_Entrada_Dados - INFO - Iniciando verificação de recálculo para 1 datas
2025-08-03 17:02:25,563 - sistema - Sistema_Entrada_Dados - INFO - Verificando necessidade de recálculo para 2021-05-20
2025-08-03 17:02:25,571 - sistema - Sistema_Entrada_Dados - ERROR - ❌ Erro ao verificar recálculo para 2021-05-20: 'SistemaEntradaDados' object has no attribute 'gestor_taxas'
2025-08-03 17:02:39,986 - sistema - logger_config - INFO - Iniciando: Carregar configurações
2025-08-03 17:02:39,987 - sistema - logger_config - INFO - Concluído: Carregar configurações
2025-08-03 17:04:11,666 - sistema - Sistema_Entrada_Dados - INFO - Iniciando adição de dados - Cliente: LUCAS COSTA OLIVEIRA SANTOS
2025-08-03 17:04:13,018 - sistema - Sistema_Entrada_Dados - INFO - Dados adicionados com sucesso - Cliente: LUCAS COSTA OLIVEIRA SANTOS, Total: 1
2025-08-03 17:04:33,148 - sistema - logger_config - INFO - Iniciando: Carregar configurações
2025-08-03 17:04:33,149 - sistema - logger_config - INFO - Concluído: Carregar configurações
2025-08-03 17:05:04,065 - sistema - Sistema_Entrada_Dados - INFO - Iniciando adição de dados - Cliente: LUCAS COSTA OLIVEIRA SANTOS
2025-08-03 17:05:05,154 - sistema - Sistema_Entrada_Dados - INFO - Dados adicionados com sucesso - Cliente: LUCAS COSTA OLIVEIRA SANTOS, Total: 2
2025-08-03 17:05:15,809 - sistema - logger_config - INFO - Iniciando: Carregar configurações
2025-08-03 17:05:15,810 - sistema - logger_config - INFO - Concluído: Carregar configurações
2025-08-03 17:06:20,536 - sistema - Sistema_Entrada_Dados - INFO - Iniciando adição de dados - Cliente: LUCAS COSTA OLIVEIRA SANTOS
2025-08-03 17:06:21,657 - sistema - Sistema_Entrada_Dados - INFO - Dados adicionados com sucesso - Cliente: LUCAS COSTA OLIVEIRA SANTOS, Total: 3
2025-08-03 17:06:46,891 - sistema - logger_config - INFO - Iniciando: Carregar configurações
2025-08-03 17:06:46,893 - sistema - logger_config - INFO - Iniciando: Carregar configurações
2025-08-03 17:06:46,894 - sistema - logger_config - INFO - Concluído: Carregar configurações
2025-08-03 17:06:46,894 - sistema - logger_config - INFO - Concluído: Carregar configurações
2025-08-03 17:06:46,895 - sistema - logger_config - INFO - Iniciando: Carregar configurações
2025-08-03 17:06:46,896 - sistema - logger_config - INFO - Concluído: Carregar configurações
2025-08-03 17:06:46,904 - sistema - logger_config - INFO - Iniciando: Carregar configurações
2025-08-03 17:06:46,906 - sistema - logger_config - INFO - Concluído: Carregar configurações
2025-08-03 17:15:39,338 - sistema - logger_config - INFO - Iniciando: Carregar configurações
2025-08-03 17:15:39,340 - sistema - logger_config - INFO - Iniciando: Carregar configurações
2025-08-03 17:15:39,341 - sistema - logger_config - INFO - Concluído: Carregar configurações
2025-08-03 17:15:39,341 - sistema - logger_config - INFO - Concluído: Carregar configurações
2025-08-03 17:15:39,343 - sistema - logger_config - INFO - Iniciando: Carregar configurações
2025-08-03 17:15:39,343 - sistema - logger_config - INFO - Concluído: Carregar configurações
2025-08-03 17:15:39,354 - sistema - logger_config - INFO - Iniciando: Carregar configurações
2025-08-03 17:15:39,355 - sistema - logger_config - INFO - Concluído: Carregar configurações
2025-08-03 17:16:39,670 - sistema - logger_config - INFO - Iniciando: Carregar configurações
2025-08-03 17:16:39,671 - sistema - logger_config - INFO - Concluído: Carregar configurações
2025-08-03 17:17:50,001 - sistema - logger_config - INFO - Iniciando: Carregar configurações
2025-08-03 17:17:50,002 - sistema - logger_config - INFO - Concluído: Carregar configurações
2025-08-03 17:18:45,487 - sistema - Sistema_Entrada_Dados - INFO - Iniciando adição de dados - Cliente: LUCAS COSTA OLIVEIRA SANTOS
2025-08-03 17:18:47,040 - sistema - Sistema_Entrada_Dados - INFO - Dados adicionados com sucesso - Cliente: LUCAS COSTA OLIVEIRA SANTOS, Total: 4
2025-08-03 17:18:56,969 - sistema - logger_config - INFO - Iniciando: Carregar configurações
2025-08-03 17:18:56,970 - sistema - logger_config - INFO - Concluído: Carregar configurações
2025-08-03 17:19:37,679 - sistema - Sistema_Entrada_Dados - INFO - Iniciando adição de dados - Cliente: LUCAS COSTA OLIVEIRA SANTOS
2025-08-03 17:19:38,783 - sistema - Sistema_Entrada_Dados - INFO - Dados adicionados com sucesso - Cliente: LUCAS COSTA OLIVEIRA SANTOS, Total: 5
2025-08-03 17:19:48,144 - sistema - logger_config - INFO - Iniciando: Carregar configurações
2025-08-03 17:19:48,145 - sistema - logger_config - INFO - Concluído: Carregar configurações
2025-08-03 17:20:33,727 - sistema - Sistema_Entrada_Dados - INFO - Iniciando adição de dados - Cliente: LUCAS COSTA OLIVEIRA SANTOS
2025-08-03 17:20:35,631 - sistema - Sistema_Entrada_Dados - INFO - Dados adicionados com sucesso - Cliente: LUCAS COSTA OLIVEIRA SANTOS, Total: 6
2025-08-03 17:21:07,774 - sistema - Sistema_Entrada_Dados - INFO - Iniciando envio de dados - Cliente: LUCAS COSTA OLIVEIRA SANTOS, Registros: 6
2025-08-03 17:21:07,775 - sistema - Sistema_Entrada_Dados - INFO - Obtendo dados do visualizador
2025-08-03 17:21:07,776 - sistema - Sistema_Entrada_Dados - INFO - Total de registros a processar: 6
2025-08-03 17:21:07,777 - sistema - Sistema_Entrada_Dados - INFO - Datas que serão afetadas pela inserção: ['20/05/2021']
2025-08-03 17:21:07,778 - sistema - Sistema_Entrada_Dados - INFO - Salvando em: C:\Users\Obras\sistema_gestao_testes\testes\Financeiro\Clientes\LUCAS COSTA OLIVEIRA SANTOS.xlsx
2025-08-03 17:21:07,778 - sistema - Sistema_Entrada_Dados - INFO - Verificando integridade dos IDs antes da inserção
2025-08-03 17:21:08,013 - sistema - Sistema_Entrada_Dados - INFO - Lançamento inserido com ID 48 na linha 49
2025-08-03 17:21:08,014 - sistema - Sistema_Entrada_Dados - INFO - Lançamento inserido com ID 49 na linha 50
2025-08-03 17:21:08,015 - sistema - Sistema_Entrada_Dados - INFO - Lançamento inserido com ID 50 na linha 51
2025-08-03 17:21:08,016 - sistema - Sistema_Entrada_Dados - INFO - Lançamento inserido com ID 51 na linha 52
2025-08-03 17:21:08,018 - sistema - Sistema_Entrada_Dados - INFO - Lançamento inserido com ID 52 na linha 53
2025-08-03 17:21:08,019 - sistema - Sistema_Entrada_Dados - INFO - Lançamento inserido com ID 53 na linha 54
2025-08-03 17:21:08,191 - sistema - Sistema_Entrada_Dados - INFO - Iniciando verificação de recálculo para 1 datas
2025-08-03 17:21:08,693 - sistema - Sistema_Entrada_Dados - INFO - Verificando necessidade de recálculo para 2021-05-20
2025-08-03 17:21:08,694 - sistema - Sistema_Entrada_Dados - ERROR - ❌ Erro ao verificar recálculo para 2021-05-20: 'SistemaEntradaDados' object has no attribute 'gestor_taxas'
2025-08-03 17:21:22,548 - sistema - logger_config - INFO - Iniciando: Carregar configurações
2025-08-03 17:21:22,549 - sistema - logger_config - INFO - Concluído: Carregar configurações
2025-08-03 17:22:09,622 - sistema - Sistema_Entrada_Dados - INFO - Iniciando adição de dados - Cliente: LUCAS COSTA OLIVEIRA SANTOS
2025-08-03 17:22:11,047 - sistema - Sistema_Entrada_Dados - INFO - Dados adicionados com sucesso - Cliente: LUCAS COSTA OLIVEIRA SANTOS, Total: 1
2025-08-03 17:22:24,765 - sistema - logger_config - INFO - Iniciando: Carregar configurações
2025-08-03 17:22:24,766 - sistema - logger_config - INFO - Concluído: Carregar configurações
2025-08-03 17:23:04,525 - sistema - Sistema_Entrada_Dados - INFO - Iniciando adição de dados - Cliente: LUCAS COSTA OLIVEIRA SANTOS
2025-08-03 17:23:05,044 - sistema - Sistema_Entrada_Dados - INFO - Dados adicionados com sucesso - Cliente: LUCAS COSTA OLIVEIRA SANTOS, Total: 2
2025-08-03 17:23:08,081 - sistema - logger_config - INFO - Iniciando: Carregar configurações
2025-08-03 17:23:08,082 - sistema - logger_config - INFO - Concluído: Carregar configurações
2025-08-03 17:23:26,908 - sistema - Sistema_Entrada_Dados - INFO - Iniciando adição de dados - Cliente: LUCAS COSTA OLIVEIRA SANTOS
2025-08-03 17:23:28,045 - sistema - Sistema_Entrada_Dados - INFO - Dados adicionados com sucesso - Cliente: LUCAS COSTA OLIVEIRA SANTOS, Total: 3
2025-08-03 17:23:40,247 - sistema - logger_config - INFO - Iniciando: Carregar configurações
2025-08-03 17:23:40,248 - sistema - logger_config - INFO - Concluído: Carregar configurações
2025-08-03 17:24:59,315 - sistema - Sistema_Entrada_Dados - INFO - Iniciando adição de dados - Cliente: LUCAS COSTA OLIVEIRA SANTOS
2025-08-03 17:25:00,684 - sistema - Sistema_Entrada_Dados - INFO - Dados adicionados com sucesso - Cliente: LUCAS COSTA OLIVEIRA SANTOS, Total: 4
2025-08-03 17:26:22,962 - sistema - Sistema_Entrada_Dados - INFO - Iniciando envio de dados - Cliente: LUCAS COSTA OLIVEIRA SANTOS, Registros: 4
2025-08-03 17:26:22,964 - sistema - Sistema_Entrada_Dados - INFO - Obtendo dados do visualizador
2025-08-03 17:26:22,964 - sistema - Sistema_Entrada_Dados - INFO - Total de registros a processar: 4
2025-08-03 17:26:22,965 - sistema - Sistema_Entrada_Dados - INFO - Datas que serão afetadas pela inserção: ['20/05/2021']
2025-08-03 17:26:22,966 - sistema - Sistema_Entrada_Dados - INFO - Salvando em: C:\Users\Obras\sistema_gestao_testes\testes\Financeiro\Clientes\LUCAS COSTA OLIVEIRA SANTOS.xlsx
2025-08-03 17:26:22,967 - sistema - Sistema_Entrada_Dados - INFO - Verificando integridade dos IDs antes da inserção
2025-08-03 17:26:23,213 - sistema - Sistema_Entrada_Dados - INFO - Lançamento inserido com ID 54 na linha 55
2025-08-03 17:26:23,215 - sistema - Sistema_Entrada_Dados - INFO - Lançamento inserido com ID 55 na linha 56
2025-08-03 17:26:23,216 - sistema - Sistema_Entrada_Dados - INFO - Lançamento inserido com ID 56 na linha 57
2025-08-03 17:26:23,217 - sistema - Sistema_Entrada_Dados - INFO - Lançamento inserido com ID 57 na linha 58
2025-08-03 17:26:23,422 - sistema - Sistema_Entrada_Dados - INFO - Iniciando verificação de recálculo para 1 datas
2025-08-03 17:26:23,924 - sistema - Sistema_Entrada_Dados - INFO - Verificando necessidade de recálculo para 2021-05-20
2025-08-03 17:26:23,924 - sistema - Sistema_Entrada_Dados - ERROR - ❌ Erro ao verificar recálculo para 2021-05-20: 'SistemaEntradaDados' object has no attribute 'gestor_taxas'
2025-08-03 17:31:37,218 - sistema - logger_config - INFO - Iniciando: Carregar configurações
2025-08-03 17:31:37,219 - sistema - logger_config - INFO - Concluído: Carregar configurações
2025-08-03 17:32:19,622 - sistema - Sistema_Entrada_Dados - INFO - Iniciando adição de dados - Cliente: LUCAS COSTA OLIVEIRA SANTOS
2025-08-03 17:32:21,121 - sistema - Sistema_Entrada_Dados - INFO - Dados adicionados com sucesso - Cliente: LUCAS COSTA OLIVEIRA SANTOS, Total: 1
2025-08-03 17:32:24,459 - sistema - logger_config - INFO - Iniciando: Carregar configurações
2025-08-03 17:32:24,460 - sistema - logger_config - INFO - Concluído: Carregar configurações
2025-08-03 17:32:40,246 - sistema - Sistema_Entrada_Dados - INFO - Iniciando adição de dados - Cliente: LUCAS COSTA OLIVEIRA SANTOS
2025-08-03 17:32:40,250 - sistema - logger_config - INFO - Iniciando: Carregar configurações
2025-08-03 17:32:40,251 - sistema - logger_config - INFO - Concluído: Carregar configurações
2025-08-03 17:32:48,406 - sistema - Sistema_Entrada_Dados - INFO - Dados adicionados com sucesso - Cliente: LUCAS COSTA OLIVEIRA SANTOS, Total: 3
2025-08-03 17:33:03,344 - sistema - logger_config - INFO - Iniciando: Carregar configurações
2025-08-03 17:33:03,345 - sistema - logger_config - INFO - Concluído: Carregar configurações
2025-08-03 17:33:24,038 - sistema - Sistema_Entrada_Dados - INFO - Iniciando adição de dados - Cliente: LUCAS COSTA OLIVEIRA SANTOS
2025-08-03 17:33:24,798 - sistema - Sistema_Entrada_Dados - INFO - Dados adicionados com sucesso - Cliente: LUCAS COSTA OLIVEIRA SANTOS, Total: 4
2025-08-03 17:33:28,273 - sistema - logger_config - INFO - Iniciando: Carregar configurações
2025-08-03 17:33:28,273 - sistema - logger_config - INFO - Concluído: Carregar configurações
2025-08-03 17:33:45,197 - sistema - Sistema_Entrada_Dados - INFO - Iniciando adição de dados - Cliente: LUCAS COSTA OLIVEIRA SANTOS
2025-08-03 17:33:45,198 - sistema - logger_config - INFO - Iniciando: Carregar configurações
2025-08-03 17:33:45,199 - sistema - logger_config - INFO - Concluído: Carregar configurações
2025-08-03 17:33:48,152 - sistema - Sistema_Entrada_Dados - INFO - Dados adicionados com sucesso - Cliente: LUCAS COSTA OLIVEIRA SANTOS, Total: 6
2025-08-03 17:33:56,669 - sistema - logger_config - INFO - Iniciando: Carregar configurações
2025-08-03 17:33:56,670 - sistema - logger_config - INFO - Concluído: Carregar configurações
2025-08-03 17:34:12,341 - sistema - Sistema_Entrada_Dados - INFO - Iniciando adição de dados - Cliente: LUCAS COSTA OLIVEIRA SANTOS
2025-08-03 17:34:13,694 - sistema - Sistema_Entrada_Dados - INFO - Dados adicionados com sucesso - Cliente: LUCAS COSTA OLIVEIRA SANTOS, Total: 7
2025-08-03 17:34:17,021 - sistema - logger_config - INFO - Iniciando: Carregar configurações
2025-08-03 17:34:17,022 - sistema - logger_config - INFO - Concluído: Carregar configurações
2025-08-03 17:34:30,981 - sistema - Sistema_Entrada_Dados - INFO - Iniciando adição de dados - Cliente: LUCAS COSTA OLIVEIRA SANTOS
2025-08-03 17:34:30,982 - sistema - logger_config - INFO - Iniciando: Carregar configurações
2025-08-03 17:34:30,982 - sistema - logger_config - INFO - Concluído: Carregar configurações
2025-08-03 17:34:33,174 - sistema - Sistema_Entrada_Dados - INFO - Dados adicionados com sucesso - Cliente: LUCAS COSTA OLIVEIRA SANTOS, Total: 9
2025-08-03 17:35:11,452 - sistema - Sistema_Entrada_Dados - INFO - Iniciando envio de dados - Cliente: LUCAS COSTA OLIVEIRA SANTOS, Registros: 9
2025-08-03 17:35:11,453 - sistema - Sistema_Entrada_Dados - INFO - Obtendo dados do visualizador
2025-08-03 17:35:11,454 - sistema - Sistema_Entrada_Dados - INFO - Total de registros a processar: 9
2025-08-03 17:35:11,455 - sistema - Sistema_Entrada_Dados - INFO - Datas que serão afetadas pela inserção: ['05/06/2021']
2025-08-03 17:35:11,456 - sistema - Sistema_Entrada_Dados - INFO - Salvando em: C:\Users\Obras\sistema_gestao_testes\testes\Financeiro\Clientes\LUCAS COSTA OLIVEIRA SANTOS.xlsx
2025-08-03 17:35:11,457 - sistema - Sistema_Entrada_Dados - INFO - Verificando integridade dos IDs antes da inserção
2025-08-03 17:35:11,575 - sistema - Sistema_Entrada_Dados - INFO - Corrigindo 2 IDs inválidos/duplicados
2025-08-03 17:35:11,576 - sistema - Sistema_Entrada_Dados - INFO - ID 58 atribuído à linha 59
2025-08-03 17:35:11,576 - sistema - Sistema_Entrada_Dados - INFO - ID 59 atribuído à linha 60
2025-08-03 17:35:11,752 - sistema - Sistema_Entrada_Dados - INFO - Correções de ID salvas com sucesso
2025-08-03 17:35:11,913 - sistema - Sistema_Entrada_Dados - INFO - Lançamento inserido com ID 60 na linha 61
2025-08-03 17:35:11,914 - sistema - Sistema_Entrada_Dados - INFO - Lançamento inserido com ID 61 na linha 62
2025-08-03 17:35:11,915 - sistema - Sistema_Entrada_Dados - INFO - Lançamento inserido com ID 62 na linha 63
2025-08-03 17:35:11,916 - sistema - Sistema_Entrada_Dados - INFO - Lançamento inserido com ID 63 na linha 64
2025-08-03 17:35:11,917 - sistema - Sistema_Entrada_Dados - INFO - Lançamento inserido com ID 64 na linha 65
2025-08-03 17:35:11,919 - sistema - Sistema_Entrada_Dados - INFO - Lançamento inserido com ID 65 na linha 66
2025-08-03 17:35:11,921 - sistema - Sistema_Entrada_Dados - INFO - Lançamento inserido com ID 66 na linha 67
2025-08-03 17:35:11,923 - sistema - Sistema_Entrada_Dados - INFO - Lançamento inserido com ID 67 na linha 68
2025-08-03 17:35:11,924 - sistema - Sistema_Entrada_Dados - INFO - Lançamento inserido com ID 68 na linha 69
2025-08-03 17:35:12,139 - sistema - Sistema_Entrada_Dados - INFO - Iniciando verificação de recálculo para 1 datas
2025-08-03 17:35:12,641 - sistema - Sistema_Entrada_Dados - INFO - Verificando necessidade de recálculo para 2021-06-05
2025-08-03 17:35:12,641 - sistema - Sistema_Entrada_Dados - ERROR - ❌ Erro ao verificar recálculo para 2021-06-05: 'SistemaEntradaDados' object has no attribute 'gestor_taxas'
2025-08-03 17:35:25,538 - sistema - logger_config - INFO - Iniciando: Carregar configurações
2025-08-03 17:35:25,539 - sistema - logger_config - INFO - Concluído: Carregar configurações
2025-08-03 17:35:51,476 - sistema - Sistema_Entrada_Dados - INFO - Iniciando adição de dados - Cliente: LUCAS COSTA OLIVEIRA SANTOS
2025-08-03 17:35:52,413 - sistema - Sistema_Entrada_Dados - INFO - Dados adicionados com sucesso - Cliente: LUCAS COSTA OLIVEIRA SANTOS, Total: 1
2025-08-03 17:36:06,007 - sistema - logger_config - INFO - Iniciando: Carregar configurações
2025-08-03 17:36:06,008 - sistema - logger_config - INFO - Concluído: Carregar configurações
2025-08-03 17:36:20,915 - sistema - Sistema_Entrada_Dados - INFO - Iniciando adição de dados - Cliente: LUCAS COSTA OLIVEIRA SANTOS
2025-08-03 17:36:21,901 - sistema - Sistema_Entrada_Dados - INFO - Dados adicionados com sucesso - Cliente: LUCAS COSTA OLIVEIRA SANTOS, Total: 2
2025-08-03 17:36:41,788 - sistema - Sistema_Entrada_Dados - INFO - Iniciando envio de dados - Cliente: LUCAS COSTA OLIVEIRA SANTOS, Registros: 2
2025-08-03 17:36:41,789 - sistema - Sistema_Entrada_Dados - INFO - Obtendo dados do visualizador
2025-08-03 17:36:41,790 - sistema - Sistema_Entrada_Dados - INFO - Total de registros a processar: 2
2025-08-03 17:36:41,791 - sistema - Sistema_Entrada_Dados - INFO - Datas que serão afetadas pela inserção: ['05/06/2021']
2025-08-03 17:36:41,792 - sistema - Sistema_Entrada_Dados - INFO - Salvando em: C:\Users\Obras\sistema_gestao_testes\testes\Financeiro\Clientes\LUCAS COSTA OLIVEIRA SANTOS.xlsx
2025-08-03 17:36:41,793 - sistema - Sistema_Entrada_Dados - INFO - Verificando integridade dos IDs antes da inserção
2025-08-03 17:36:42,178 - sistema - Sistema_Entrada_Dados - INFO - Lançamento inserido com ID 69 na linha 70
2025-08-03 17:36:42,180 - sistema - Sistema_Entrada_Dados - INFO - Lançamento inserido com ID 70 na linha 71
2025-08-03 17:36:42,375 - sistema - Sistema_Entrada_Dados - INFO - Iniciando verificação de recálculo para 1 datas
2025-08-03 17:36:42,877 - sistema - Sistema_Entrada_Dados - INFO - Verificando necessidade de recálculo para 2021-06-05
2025-08-03 17:36:42,878 - sistema - Sistema_Entrada_Dados - ERROR - ❌ Erro ao verificar recálculo para 2021-06-05: 'SistemaEntradaDados' object has no attribute 'gestor_taxas'
2025-08-03 17:36:53,224 - sistema - logger_config - INFO - Iniciando: Carregar configurações
2025-08-03 17:36:53,225 - sistema - logger_config - INFO - Concluído: Carregar configurações
2025-08-03 17:37:22,763 - sistema - Sistema_Entrada_Dados - INFO - Iniciando adição de dados - Cliente: LUCAS COSTA OLIVEIRA SANTOS
2025-08-03 17:37:23,749 - sistema - Sistema_Entrada_Dados - INFO - Dados adicionados com sucesso - Cliente: LUCAS COSTA OLIVEIRA SANTOS, Total: 1
2025-08-03 17:37:42,767 - sistema - logger_config - INFO - Iniciando: Carregar configurações
2025-08-03 17:37:42,768 - sistema - logger_config - INFO - Concluído: Carregar configurações
2025-08-03 17:38:08,019 - sistema - Sistema_Entrada_Dados - INFO - Iniciando adição de dados - Cliente: LUCAS COSTA OLIVEIRA SANTOS
2025-08-03 17:38:09,051 - sistema - Sistema_Entrada_Dados - INFO - Dados adicionados com sucesso - Cliente: LUCAS COSTA OLIVEIRA SANTOS, Total: 2
2025-08-03 17:38:21,096 - sistema - logger_config - INFO - Iniciando: Carregar configurações
2025-08-03 17:38:21,097 - sistema - logger_config - INFO - Concluído: Carregar configurações
2025-08-03 17:38:41,586 - sistema - Sistema_Entrada_Dados - INFO - Iniciando adição de dados - Cliente: LUCAS COSTA OLIVEIRA SANTOS
2025-08-03 17:38:42,547 - sistema - Sistema_Entrada_Dados - INFO - Dados adicionados com sucesso - Cliente: LUCAS COSTA OLIVEIRA SANTOS, Total: 3
2025-08-03 17:38:51,402 - sistema - Sistema_Entrada_Dados - INFO - Iniciando envio de dados - Cliente: LUCAS COSTA OLIVEIRA SANTOS, Registros: 3
2025-08-03 17:38:51,404 - sistema - Sistema_Entrada_Dados - INFO - Obtendo dados do visualizador
2025-08-03 17:38:51,404 - sistema - Sistema_Entrada_Dados - INFO - Total de registros a processar: 3
2025-08-03 17:38:51,405 - sistema - Sistema_Entrada_Dados - INFO - Datas que serão afetadas pela inserção: ['05/06/2021']
2025-08-03 17:38:51,406 - sistema - Sistema_Entrada_Dados - INFO - Salvando em: C:\Users\Obras\sistema_gestao_testes\testes\Financeiro\Clientes\LUCAS COSTA OLIVEIRA SANTOS.xlsx
2025-08-03 17:38:51,407 - sistema - Sistema_Entrada_Dados - INFO - Verificando integridade dos IDs antes da inserção
2025-08-03 17:38:51,789 - sistema - Sistema_Entrada_Dados - INFO - Lançamento inserido com ID 71 na linha 72
2025-08-03 17:38:51,791 - sistema - Sistema_Entrada_Dados - INFO - Lançamento inserido com ID 72 na linha 73
2025-08-03 17:38:51,794 - sistema - Sistema_Entrada_Dados - INFO - Lançamento inserido com ID 73 na linha 74
2025-08-03 17:38:52,000 - sistema - Sistema_Entrada_Dados - INFO - Iniciando verificação de recálculo para 1 datas
2025-08-03 17:38:52,501 - sistema - Sistema_Entrada_Dados - INFO - Verificando necessidade de recálculo para 2021-06-05
2025-08-03 17:38:52,501 - sistema - Sistema_Entrada_Dados - ERROR - ❌ Erro ao verificar recálculo para 2021-06-05: 'SistemaEntradaDados' object has no attribute 'gestor_taxas'
2025-08-03 17:39:30,146 - sistema - logger_config - INFO - Iniciando: Carregar configurações
2025-08-03 17:39:30,146 - sistema - logger_config - INFO - Concluído: Carregar configurações
2025-08-03 17:40:55,760 - sistema - Sistema_Entrada_Dados - INFO - Iniciando adição de dados - Cliente: LUCAS COSTA OLIVEIRA SANTOS
2025-08-03 17:40:57,114 - sistema - Sistema_Entrada_Dados - INFO - Dados adicionados com sucesso - Cliente: LUCAS COSTA OLIVEIRA SANTOS, Total: 1
2025-08-03 17:41:05,512 - sistema - logger_config - INFO - Iniciando: Carregar configurações
2025-08-03 17:41:05,513 - sistema - logger_config - INFO - Concluído: Carregar configurações
2025-08-03 17:41:49,880 - sistema - Sistema_Entrada_Dados - INFO - Iniciando adição de dados - Cliente: LUCAS COSTA OLIVEIRA SANTOS
2025-08-03 17:41:50,721 - sistema - Sistema_Entrada_Dados - INFO - Dados adicionados com sucesso - Cliente: LUCAS COSTA OLIVEIRA SANTOS, Total: 2
2025-08-03 17:42:03,135 - sistema - logger_config - INFO - Iniciando: Carregar configurações
2025-08-03 17:42:03,137 - sistema - logger_config - INFO - Concluído: Carregar configurações
2025-08-03 17:43:21,471 - sistema - Sistema_Entrada_Dados - INFO - Iniciando adição de dados - Cliente: LUCAS COSTA OLIVEIRA SANTOS
2025-08-03 17:43:23,120 - sistema - Sistema_Entrada_Dados - INFO - Dados adicionados com sucesso - Cliente: LUCAS COSTA OLIVEIRA SANTOS, Total: 3
2025-08-03 17:43:35,735 - sistema - Sistema_Entrada_Dados - INFO - Iniciando envio de dados - Cliente: LUCAS COSTA OLIVEIRA SANTOS, Registros: 3
2025-08-03 17:43:35,736 - sistema - Sistema_Entrada_Dados - INFO - Obtendo dados do visualizador
2025-08-03 17:43:35,737 - sistema - Sistema_Entrada_Dados - INFO - Total de registros a processar: 3
2025-08-03 17:43:35,738 - sistema - Sistema_Entrada_Dados - INFO - Datas que serão afetadas pela inserção: ['05/06/2021']
2025-08-03 17:43:35,739 - sistema - Sistema_Entrada_Dados - INFO - Salvando em: C:\Users\Obras\sistema_gestao_testes\testes\Financeiro\Clientes\LUCAS COSTA OLIVEIRA SANTOS.xlsx
2025-08-03 17:43:35,740 - sistema - Sistema_Entrada_Dados - INFO - Verificando integridade dos IDs antes da inserção
2025-08-03 17:43:36,134 - sistema - Sistema_Entrada_Dados - INFO - Lançamento inserido com ID 74 na linha 75
2025-08-03 17:43:36,142 - sistema - Sistema_Entrada_Dados - INFO - Lançamento inserido com ID 75 na linha 76
2025-08-03 17:43:36,151 - sistema - Sistema_Entrada_Dados - INFO - Lançamento inserido com ID 76 na linha 77
2025-08-03 17:43:36,365 - sistema - Sistema_Entrada_Dados - INFO - Iniciando verificação de recálculo para 1 datas
2025-08-03 17:43:36,866 - sistema - Sistema_Entrada_Dados - INFO - Verificando necessidade de recálculo para 2021-06-05
2025-08-03 17:43:36,866 - sistema - Sistema_Entrada_Dados - ERROR - ❌ Erro ao verificar recálculo para 2021-06-05: 'SistemaEntradaDados' object has no attribute 'gestor_taxas'
2025-08-03 17:48:50,311 - sistema - logger_config - INFO - Iniciando: Carregar configurações
2025-08-03 17:48:50,312 - sistema - logger_config - INFO - Concluído: Carregar configurações
2025-08-03 17:49:22,475 - sistema - Sistema_Entrada_Dados - INFO - Iniciando adição de dados - Cliente: LUCAS COSTA OLIVEIRA SANTOS
2025-08-03 17:49:23,132 - sistema - Sistema_Entrada_Dados - INFO - Dados adicionados com sucesso - Cliente: LUCAS COSTA OLIVEIRA SANTOS, Total: 1
2025-08-03 17:49:34,222 - sistema - logger_config - INFO - Iniciando: Carregar configurações
2025-08-03 17:49:34,223 - sistema - logger_config - INFO - Concluído: Carregar configurações
2025-08-03 17:49:47,907 - sistema - Sistema_Entrada_Dados - INFO - Iniciando adição de dados - Cliente: LUCAS COSTA OLIVEIRA SANTOS
2025-08-03 17:49:48,500 - sistema - Sistema_Entrada_Dados - INFO - Dados adicionados com sucesso - Cliente: LUCAS COSTA OLIVEIRA SANTOS, Total: 2
2025-08-03 17:49:56,927 - sistema - logger_config - INFO - Iniciando: Carregar configurações
2025-08-03 17:49:56,928 - sistema - logger_config - INFO - Concluído: Carregar configurações
2025-08-03 17:50:07,371 - sistema - Sistema_Entrada_Dados - INFO - Iniciando adição de dados - Cliente: LUCAS COSTA OLIVEIRA SANTOS
2025-08-03 17:50:08,325 - sistema - Sistema_Entrada_Dados - INFO - Dados adicionados com sucesso - Cliente: LUCAS COSTA OLIVEIRA SANTOS, Total: 3
2025-08-03 17:50:20,389 - sistema - logger_config - INFO - Iniciando: Carregar configurações
2025-08-03 17:50:20,390 - sistema - logger_config - INFO - Concluído: Carregar configurações
2025-08-03 17:50:57,722 - sistema - Sistema_Entrada_Dados - INFO - Iniciando adição de dados - Cliente: LUCAS COSTA OLIVEIRA SANTOS
2025-08-03 17:50:58,547 - sistema - Sistema_Entrada_Dados - INFO - Dados adicionados com sucesso - Cliente: LUCAS COSTA OLIVEIRA SANTOS, Total: 4
2025-08-03 17:51:10,172 - sistema - logger_config - INFO - Iniciando: Carregar configurações
2025-08-03 17:51:10,173 - sistema - logger_config - INFO - Concluído: Carregar configurações
2025-08-03 17:52:09,929 - sistema - Sistema_Entrada_Dados - INFO - Iniciando adição de dados - Cliente: LUCAS COSTA OLIVEIRA SANTOS
2025-08-03 17:52:11,050 - sistema - Sistema_Entrada_Dados - INFO - Dados adicionados com sucesso - Cliente: LUCAS COSTA OLIVEIRA SANTOS, Total: 5
2025-08-03 17:52:32,202 - sistema - Sistema_Entrada_Dados - INFO - Iniciando envio de dados - Cliente: LUCAS COSTA OLIVEIRA SANTOS, Registros: 5
2025-08-03 17:52:32,203 - sistema - Sistema_Entrada_Dados - INFO - Obtendo dados do visualizador
2025-08-03 17:52:32,204 - sistema - Sistema_Entrada_Dados - INFO - Total de registros a processar: 5
2025-08-03 17:52:32,205 - sistema - Sistema_Entrada_Dados - INFO - Datas que serão afetadas pela inserção: ['20/06/2021']
2025-08-03 17:52:32,205 - sistema - Sistema_Entrada_Dados - INFO - Salvando em: C:\Users\Obras\sistema_gestao_testes\testes\Financeiro\Clientes\LUCAS COSTA OLIVEIRA SANTOS.xlsx
2025-08-03 17:52:32,206 - sistema - Sistema_Entrada_Dados - INFO - Verificando integridade dos IDs antes da inserção
2025-08-03 17:52:32,341 - sistema - Sistema_Entrada_Dados - INFO - Corrigindo 2 IDs inválidos/duplicados
2025-08-03 17:52:32,341 - sistema - Sistema_Entrada_Dados - INFO - ID 77 atribuído à linha 78
2025-08-03 17:52:32,342 - sistema - Sistema_Entrada_Dados - INFO - ID 78 atribuído à linha 79
2025-08-03 17:52:32,513 - sistema - Sistema_Entrada_Dados - INFO - Correções de ID salvas com sucesso
2025-08-03 17:52:32,681 - sistema - Sistema_Entrada_Dados - INFO - Lançamento inserido com ID 79 na linha 80
2025-08-03 17:52:32,682 - sistema - Sistema_Entrada_Dados - INFO - Lançamento inserido com ID 80 na linha 81
2025-08-03 17:52:32,685 - sistema - Sistema_Entrada_Dados - INFO - Lançamento inserido com ID 81 na linha 82
2025-08-03 17:52:32,686 - sistema - Sistema_Entrada_Dados - INFO - Lançamento inserido com ID 82 na linha 83
2025-08-03 17:52:32,688 - sistema - Sistema_Entrada_Dados - INFO - Lançamento inserido com ID 83 na linha 84
2025-08-03 17:52:32,859 - sistema - Sistema_Entrada_Dados - INFO - Iniciando verificação de recálculo para 1 datas
2025-08-03 17:52:33,362 - sistema - Sistema_Entrada_Dados - INFO - Verificando necessidade de recálculo para 2021-06-20
2025-08-03 17:52:33,363 - sistema - Sistema_Entrada_Dados - ERROR - ❌ Erro ao verificar recálculo para 2021-06-20: 'SistemaEntradaDados' object has no attribute 'gestor_taxas'
2025-08-03 17:52:42,844 - sistema - logger_config - INFO - Iniciando: Carregar configurações
2025-08-03 17:52:42,845 - sistema - logger_config - INFO - Concluído: Carregar configurações
2025-08-03 17:53:59,688 - sistema - Sistema_Entrada_Dados - INFO - Iniciando adição de dados - Cliente: LUCAS COSTA OLIVEIRA SANTOS
2025-08-03 17:54:01,106 - sistema - Sistema_Entrada_Dados - INFO - Dados adicionados com sucesso - Cliente: LUCAS COSTA OLIVEIRA SANTOS, Total: 1
2025-08-03 17:54:21,344 - sistema - logger_config - INFO - Iniciando: Carregar configurações
2025-08-03 17:54:21,345 - sistema - logger_config - INFO - Concluído: Carregar configurações
2025-08-03 17:54:45,791 - sistema - Sistema_Entrada_Dados - INFO - Iniciando adição de dados - Cliente: LUCAS COSTA OLIVEIRA SANTOS
2025-08-03 17:54:47,801 - sistema - Sistema_Entrada_Dados - INFO - Dados adicionados com sucesso - Cliente: LUCAS COSTA OLIVEIRA SANTOS, Total: 2
2025-08-03 17:55:04,142 - sistema - logger_config - INFO - Iniciando: Carregar configurações
2025-08-03 17:55:04,143 - sistema - logger_config - INFO - Concluído: Carregar configurações
2025-08-03 17:55:28,847 - sistema - Sistema_Entrada_Dados - INFO - Iniciando adição de dados - Cliente: LUCAS COSTA OLIVEIRA SANTOS
2025-08-03 17:55:29,817 - sistema - Sistema_Entrada_Dados - INFO - Dados adicionados com sucesso - Cliente: LUCAS COSTA OLIVEIRA SANTOS, Total: 3
2025-08-03 17:55:53,104 - sistema - logger_config - INFO - Iniciando: Carregar configurações
2025-08-03 17:55:53,106 - sistema - logger_config - INFO - Iniciando: Carregar configurações
2025-08-03 17:55:53,107 - sistema - logger_config - INFO - Concluído: Carregar configurações
2025-08-03 17:55:53,108 - sistema - logger_config - INFO - Concluído: Carregar configurações
2025-08-03 17:55:53,109 - sistema - logger_config - INFO - Iniciando: Carregar configurações
2025-08-03 17:55:53,110 - sistema - logger_config - INFO - Concluído: Carregar configurações
2025-08-03 17:55:53,118 - sistema - logger_config - INFO - Iniciando: Carregar configurações
2025-08-03 17:55:53,120 - sistema - logger_config - INFO - Concluído: Carregar configurações
2025-08-03 17:56:56,687 - sistema - logger_config - INFO - Iniciando: Carregar configurações
2025-08-03 17:56:56,688 - sistema - logger_config - INFO - Concluído: Carregar configurações
2025-08-03 17:57:13,878 - sistema - Sistema_Entrada_Dados - INFO - Iniciando adição de dados - Cliente: LUCAS COSTA OLIVEIRA SANTOS
2025-08-03 17:57:15,063 - sistema - Sistema_Entrada_Dados - INFO - Dados adicionados com sucesso - Cliente: LUCAS COSTA OLIVEIRA SANTOS, Total: 4
2025-08-03 17:57:45,985 - sistema - logger_config - INFO - Iniciando: Carregar configurações
2025-08-03 17:57:45,986 - sistema - logger_config - INFO - Iniciando: Carregar configurações
2025-08-03 17:57:45,986 - sistema - logger_config - INFO - Concluído: Carregar configurações
2025-08-03 17:57:45,987 - sistema - logger_config - INFO - Concluído: Carregar configurações
2025-08-03 17:57:45,988 - sistema - logger_config - INFO - Iniciando: Carregar configurações
2025-08-03 17:57:45,989 - sistema - logger_config - INFO - Concluído: Carregar configurações
2025-08-03 17:57:45,995 - sistema - logger_config - INFO - Iniciando: Carregar configurações
2025-08-03 17:57:45,996 - sistema - logger_config - INFO - Concluído: Carregar configurações
2025-08-03 17:58:08,382 - sistema - logger_config - INFO - Iniciando: Carregar configurações
2025-08-03 17:58:08,383 - sistema - logger_config - INFO - Concluído: Carregar configurações
2025-08-03 17:58:46,405 - sistema - Sistema_Entrada_Dados - INFO - Iniciando adição de dados - Cliente: LUCAS COSTA OLIVEIRA SANTOS
2025-08-03 17:58:47,430 - sistema - Sistema_Entrada_Dados - INFO - Dados adicionados com sucesso - Cliente: LUCAS COSTA OLIVEIRA SANTOS, Total: 5
2025-08-03 17:59:32,236 - sistema - Sistema_Entrada_Dados - INFO - Iniciando envio de dados - Cliente: LUCAS COSTA OLIVEIRA SANTOS, Registros: 5
2025-08-03 17:59:32,238 - sistema - Sistema_Entrada_Dados - INFO - Obtendo dados do visualizador
2025-08-03 17:59:32,238 - sistema - Sistema_Entrada_Dados - INFO - Total de registros a processar: 5
2025-08-03 17:59:32,239 - sistema - Sistema_Entrada_Dados - INFO - Datas que serão afetadas pela inserção: ['20/06/2021']
2025-08-03 17:59:32,240 - sistema - Sistema_Entrada_Dados - INFO - Salvando em: C:\Users\Obras\sistema_gestao_testes\testes\Financeiro\Clientes\LUCAS COSTA OLIVEIRA SANTOS.xlsx
2025-08-03 17:59:32,241 - sistema - Sistema_Entrada_Dados - INFO - Verificando integridade dos IDs antes da inserção
2025-08-03 17:59:32,561 - sistema - Sistema_Entrada_Dados - INFO - Lançamento inserido com ID 84 na linha 85
2025-08-03 17:59:32,563 - sistema - Sistema_Entrada_Dados - INFO - Lançamento inserido com ID 85 na linha 86
2025-08-03 17:59:32,564 - sistema - Sistema_Entrada_Dados - INFO - Lançamento inserido com ID 86 na linha 87
2025-08-03 17:59:32,566 - sistema - Sistema_Entrada_Dados - INFO - Lançamento inserido com ID 87 na linha 88
2025-08-03 17:59:32,567 - sistema - Sistema_Entrada_Dados - INFO - Lançamento inserido com ID 88 na linha 89
2025-08-03 17:59:32,777 - sistema - Sistema_Entrada_Dados - INFO - Iniciando verificação de recálculo para 1 datas
2025-08-03 17:59:33,280 - sistema - Sistema_Entrada_Dados - INFO - Verificando necessidade de recálculo para 2021-06-20
2025-08-03 17:59:33,280 - sistema - Sistema_Entrada_Dados - ERROR - ❌ Erro ao verificar recálculo para 2021-06-20: 'SistemaEntradaDados' object has no attribute 'gestor_taxas'
