2025-08-28 10:12:35,235 - sistema - logger_config - INFO - Sistema de logging inicializado
2025-08-28 10:12:37,005 - sistema - logger_config - INFO - Iniciando: Carregar configurações
2025-08-28 10:12:37,088 - sistema - logger_config - INFO - Concluído: Carregar configurações
2025-08-28 10:12:37,091 - sistema - logger_config - INFO - Iniciando: Carregar configurações
2025-08-28 10:12:37,092 - sistema - logger_config - INFO - Concluído: Carregar configurações
2025-08-28 10:21:03,345 - sistema - logger_config - INFO - Sistema de logging inicializado
2025-08-28 10:21:06,139 - sistema - logger_config - INFO - Iniciando: Carregar configurações
2025-08-28 10:21:06,162 - sistema - configuracoes_sistema - INFO - Seção 'historico_correcoes' adicionada às configurações
2025-08-28 10:21:06,164 - sistema - logger_config - INFO - Concluído: Carregar configurações
2025-08-28 10:21:06,166 - sistema - logger_config - INFO - Iniciando: Carregar configurações
2025-08-28 10:21:06,167 - sistema - logger_config - INFO - Concluído: Carregar configurações
2025-08-28 10:21:27,437 - sistema - logger_config - INFO - Iniciando: Carregar configurações
2025-08-28 10:21:27,437 - sistema - logger_config - INFO - Concluído: Carregar configurações
2025-08-28 10:22:03,587 - sistema - Sistema_Entrada_Dados - INFO - Iniciando adição de dados - Cliente: BRUNO SANTANA RINALDI
2025-08-28 10:22:04,741 - sistema - Sistema_Entrada_Dados - INFO - Dados adicionados com sucesso - Cliente: BRUNO SANTANA RINALDI, Total: 1
2025-08-28 10:22:11,678 - sistema - logger_config - INFO - Iniciando: Carregar configurações
2025-08-28 10:22:11,678 - sistema - logger_config - INFO - Concluído: Carregar configurações
2025-08-28 10:36:34,569 - sistema - logger_config - INFO - Sistema de logging inicializado
2025-08-28 10:36:37,168 - sistema - logger_config - INFO - Iniciando: Carregar configurações
2025-08-28 10:36:37,191 - sistema - configuracoes_sistema - INFO - Seção 'historico_correcoes' adicionada às configurações
2025-08-28 10:36:37,191 - sistema - logger_config - INFO - Concluído: Carregar configurações
2025-08-28 10:36:37,194 - sistema - logger_config - INFO - Iniciando: Carregar configurações
2025-08-28 10:36:37,194 - sistema - logger_config - INFO - Concluído: Carregar configurações
2025-08-28 10:37:55,745 - sistema - logger_config - INFO - Iniciando: Carregar configurações
2025-08-28 10:37:55,745 - sistema - logger_config - INFO - Concluído: Carregar configurações
2025-08-28 10:39:44,827 - sistema - Sistema_Entrada_Dados - INFO - Iniciando adição de dados - Cliente: BRUNO SANTANA RINALDI
2025-08-28 10:39:46,612 - sistema - Sistema_Entrada_Dados - INFO - Dados adicionados com sucesso - Cliente: BRUNO SANTANA RINALDI, Total: 1
2025-08-28 10:39:54,229 - sistema - logger_config - INFO - Iniciando: Carregar configurações
2025-08-28 10:39:54,230 - sistema - logger_config - INFO - Concluído: Carregar configurações
2025-08-28 10:43:39,089 - sistema - Sistema_Entrada_Dados - INFO - Iniciando adição de dados - Cliente: BRUNO SANTANA RINALDI
2025-08-28 10:43:40,885 - sistema - Sistema_Entrada_Dados - INFO - Dados adicionados com sucesso - Cliente: BRUNO SANTANA RINALDI, Total: 2
2025-08-28 10:43:49,232 - sistema - logger_config - INFO - Iniciando: Carregar configurações
2025-08-28 10:43:49,233 - sistema - logger_config - INFO - Concluído: Carregar configurações
2025-08-28 10:44:44,784 - sistema - Sistema_Entrada_Dados - INFO - Iniciando adição de dados - Cliente: BRUNO SANTANA RINALDI
2025-08-28 10:44:47,339 - sistema - Sistema_Entrada_Dados - INFO - Dados adicionados com sucesso - Cliente: BRUNO SANTANA RINALDI, Total: 3
2025-08-28 10:44:50,246 - sistema - logger_config - INFO - Iniciando: Carregar configurações
2025-08-28 10:44:50,247 - sistema - logger_config - INFO - Concluído: Carregar configurações
2025-08-28 10:45:09,784 - sistema - Sistema_Entrada_Dados - INFO - Iniciando adição de dados - Cliente: BRUNO SANTANA RINALDI
2025-08-28 10:45:11,155 - sistema - Sistema_Entrada_Dados - INFO - Dados adicionados com sucesso - Cliente: BRUNO SANTANA RINALDI, Total: 4
2025-08-28 10:45:14,842 - sistema - logger_config - INFO - Iniciando: Carregar configurações
2025-08-28 10:45:14,843 - sistema - logger_config - INFO - Concluído: Carregar configurações
2025-08-28 10:47:03,096 - sistema - Sistema_Entrada_Dados - INFO - Iniciando adição de dados - Cliente: BRUNO SANTANA RINALDI
2025-08-28 10:47:05,170 - sistema - Sistema_Entrada_Dados - INFO - Dados adicionados com sucesso - Cliente: BRUNO SANTANA RINALDI, Total: 5
2025-08-28 10:47:17,044 - sistema - logger_config - INFO - Iniciando: Carregar configurações
2025-08-28 10:47:17,045 - sistema - logger_config - INFO - Concluído: Carregar configurações
2025-08-28 10:52:16,566 - sistema - logger_config - INFO - Sistema de logging inicializado
2025-08-28 10:52:18,150 - sistema - logger_config - INFO - Iniciando: Carregar configurações
2025-08-28 10:52:18,153 - sistema - configuracoes_sistema - INFO - Seção 'historico_correcoes' adicionada às configurações
2025-08-28 10:52:18,154 - sistema - logger_config - INFO - Concluído: Carregar configurações
2025-08-28 10:52:18,155 - sistema - logger_config - INFO - Iniciando: Carregar configurações
2025-08-28 10:52:18,156 - sistema - logger_config - INFO - Concluído: Carregar configurações
2025-08-28 10:52:28,745 - sistema - logger_config - INFO - Iniciando: Carregar configurações
2025-08-28 10:52:28,746 - sistema - logger_config - INFO - Concluído: Carregar configurações
2025-08-28 10:53:00,804 - sistema - Sistema_Entrada_Dados - INFO - Iniciando adição de dados - Cliente: BRUNO SANTANA RINALDI
2025-08-28 10:53:02,017 - sistema - Sistema_Entrada_Dados - INFO - Dados adicionados com sucesso - Cliente: BRUNO SANTANA RINALDI, Total: 1
2025-08-28 10:53:09,413 - sistema - logger_config - INFO - Iniciando: Carregar configurações
2025-08-28 10:53:09,414 - sistema - logger_config - INFO - Concluído: Carregar configurações
2025-08-28 10:53:31,644 - sistema - Sistema_Entrada_Dados - INFO - Iniciando adição de dados - Cliente: BRUNO SANTANA RINALDI
2025-08-28 10:53:32,888 - sistema - Sistema_Entrada_Dados - INFO - Dados adicionados com sucesso - Cliente: BRUNO SANTANA RINALDI, Total: 2
2025-08-28 10:53:40,302 - sistema - logger_config - INFO - Iniciando: Carregar configurações
2025-08-28 10:53:40,303 - sistema - logger_config - INFO - Concluído: Carregar configurações
2025-08-28 10:54:01,612 - sistema - Sistema_Entrada_Dados - INFO - Iniciando adição de dados - Cliente: BRUNO SANTANA RINALDI
2025-08-28 10:54:03,833 - sistema - Sistema_Entrada_Dados - INFO - Dados adicionados com sucesso - Cliente: BRUNO SANTANA RINALDI, Total: 3
2025-08-28 10:58:56,729 - sistema - Sistema_Entrada_Dados - INFO - Iniciando envio de dados - Cliente: BRUNO SANTANA RINALDI, Registros: 3
2025-08-28 10:58:56,731 - sistema - Sistema_Entrada_Dados - INFO - Obtendo dados do visualizador
2025-08-28 10:58:56,731 - sistema - Sistema_Entrada_Dados - INFO - Total de registros a processar: 3
2025-08-28 10:58:56,733 - sistema - Sistema_Entrada_Dados - INFO - Datas que serão afetadas pela inserção: ['05/09/2025']
2025-08-28 10:58:56,733 - sistema - Sistema_Entrada_Dados - INFO - Salvando em: C:\Users\Obras\sistema_gestao_testes\testes\Financeiro\Clientes\BRUNO SANTANA RINALDI.xlsx
2025-08-28 10:58:56,734 - sistema - Sistema_Entrada_Dados - INFO - Verificando integridade dos IDs antes da inserção
2025-08-28 10:58:57,598 - sistema - Sistema_Entrada_Dados - INFO - Lançamento inserido com ID 244 na linha 244
2025-08-28 10:58:57,600 - sistema - Sistema_Entrada_Dados - INFO - Lançamento inserido com ID 245 na linha 245
2025-08-28 10:58:57,602 - sistema - Sistema_Entrada_Dados - INFO - Lançamento inserido com ID 246 na linha 246
2025-08-28 10:58:58,048 - sistema - Sistema_Entrada_Dados - INFO - Iniciando verificação de recálculo para 1 datas
2025-08-28 10:58:58,549 - sistema - Sistema_Entrada_Dados - INFO - Verificando necessidade de recálculo para 2025-09-05
2025-08-28 10:59:54,303 - sistema - Sistema_Entrada_Dados - INFO - 2025-09-05: Recálculo cancelado pelo usuário
2025-08-28 12:13:17,035 - sistema - logger_config - INFO - Sistema de logging inicializado
2025-08-28 12:13:20,062 - sistema - logger_config - INFO - Iniciando: Carregar configurações
2025-08-28 12:13:20,083 - sistema - configuracoes_sistema - INFO - Seção 'historico_correcoes' adicionada às configurações
2025-08-28 12:13:20,084 - sistema - logger_config - INFO - Concluído: Carregar configurações
2025-08-28 12:13:20,086 - sistema - logger_config - INFO - Iniciando: Carregar configurações
2025-08-28 12:13:20,086 - sistema - logger_config - INFO - Concluído: Carregar configurações
2025-08-28 12:35:01,754 - sistema - logger_config - INFO - Sistema de logging inicializado
2025-08-28 12:35:03,768 - sistema - logger_config - INFO - Iniciando: Carregar configurações
2025-08-28 12:35:03,770 - sistema - configuracoes_sistema - INFO - Seção 'historico_correcoes' adicionada às configurações
2025-08-28 12:35:03,771 - sistema - logger_config - INFO - Concluído: Carregar configurações
2025-08-28 12:35:03,772 - sistema - logger_config - INFO - Iniciando: Carregar configurações
2025-08-28 12:35:03,773 - sistema - logger_config - INFO - Concluído: Carregar configurações
2025-08-28 13:00:38,322 - sistema - logger_config - INFO - Sistema de logging inicializado
2025-08-28 13:00:40,229 - sistema - logger_config - INFO - Iniciando: Carregar configurações
2025-08-28 13:00:40,232 - sistema - configuracoes_sistema - INFO - Seção 'historico_correcoes' adicionada às configurações
2025-08-28 13:00:40,233 - sistema - logger_config - INFO - Concluído: Carregar configurações
2025-08-28 13:00:40,235 - sistema - logger_config - INFO - Iniciando: Carregar configurações
2025-08-28 13:00:40,237 - sistema - logger_config - INFO - Concluído: Carregar configurações
2025-08-28 13:01:07,837 - sistema - logger_config - INFO - Iniciando: Carregar configurações
2025-08-28 13:01:07,838 - sistema - logger_config - INFO - Concluído: Carregar configurações
2025-08-28 13:01:07,840 - sistema - logger_config - INFO - Iniciando: Carregar configurações
2025-08-28 13:01:07,841 - sistema - logger_config - INFO - Concluído: Carregar configurações
