2026-08-03 08:40:41,991 - sistema - logger_config - INFO - Sistema de logging inicializado
2026-08-03 08:40:41,993 - sistema_relatorios - logger_config - INFO - Usuário alterado para: sistema_relatorios
2026-08-03 08:40:41,997 - sistema_relatorios - relatorios_interface - INFO - Sistema de relatórios inicializando usando logger configurado
2026-08-03 08:40:42,002 - sistema_relatorios - relatorios_interface - INFO - Configurações de janela importadas com sucesso
2026-08-03 08:40:42,002 - sistema_relatorios - relatorios_interface - INFO - === Sistema de Relatórios Inicializando ===
2026-08-03 08:40:59,315 - sistema_relatorios - relatorios_interface - INFO - Carregando clientes de: C:\Users\Obras\sistema_gestao_testes\testes\Financeiro\Planilhas_Base\Clientes.xlsx
2026-08-03 08:40:59,454 - sistema_relatorios - relatorios_interface - INFO - Colunas disponíveis: ['Nome', 'Endereço', 'Data Inicial', 'Observações', 'Data Final', 'Tipo Taxa', 'CPF', 'CNO', 'Estado Civil', 'Cidade', 'Grupo', 'Logradouro', 'Numero', 'Complemento', 'Localidade', 'CEP', 'Estado', 'Metragem_Alvara', 'Banco', 'Agencia', 'Conta', 'Tipo_Conta', 'PIX', 'TIPO_CLIENTE', 'CLIENTE_VINCULADO', 'CAIXA_CONTROLADO']
2026-08-03 08:40:59,455 - sistema_relatorios - relatorios_interface - INFO - Coluna de status: Data Final
2026-08-03 08:40:59,473 - sistema_relatorios - relatorios_interface - INFO - Coluna de nome: Nome
2026-08-03 08:40:59,474 - sistema_relatorios - relatorios_interface - INFO - Total de clientes ativos encontrados: 22
2026-08-03 08:40:59,474 - sistema_relatorios - relatorios_interface - INFO - Lista de clientes atualizada com 23 clientes
2026-08-03 08:41:00,780 - sistema_relatorios - relatorios_interface - INFO - Data calculada automaticamente: 05/08/2026
2026-08-03 08:41:00,781 - sistema_relatorios - relatorios_interface - INFO - Data calculada automaticamente: 05/08/2026
2026-08-03 08:41:01,605 - sistema_relatorios - relatorios_interface - INFO - Carregando clientes de: C:\Users\Obras\sistema_gestao_testes\testes\Financeiro\Planilhas_Base\Clientes.xlsx
2026-08-03 08:41:01,640 - sistema_relatorios - relatorios_interface - INFO - Colunas disponíveis: ['Nome', 'Endereço', 'Data Inicial', 'Observações', 'Data Final', 'Tipo Taxa', 'CPF', 'CNO', 'Estado Civil', 'Cidade', 'Grupo', 'Logradouro', 'Numero', 'Complemento', 'Localidade', 'CEP', 'Estado', 'Metragem_Alvara', 'Banco', 'Agencia', 'Conta', 'Tipo_Conta', 'PIX', 'TIPO_CLIENTE', 'CLIENTE_VINCULADO', 'CAIXA_CONTROLADO']
2026-08-03 08:41:01,641 - sistema_relatorios - relatorios_interface - INFO - Coluna de status: Data Final
2026-08-03 08:41:01,643 - sistema_relatorios - relatorios_interface - INFO - Coluna de nome: Nome
2026-08-03 08:41:01,644 - sistema_relatorios - relatorios_interface - INFO - Total de clientes ativos encontrados: 22
2026-08-03 08:41:06,045 - sistema_relatorios - relatorios_interface - INFO - Cliente selecionado: RONALDO ROLIM DE OLIVEIRA
2026-08-03 08:41:06,046 - sistema_relatorios - relatorios_interface - INFO - Arquivo encontrado: C:\Users\Obras\sistema_gestao_testes\testes\Financeiro\Clientes\RONALDO ROLIM DE OLIVEIRA.xlsx
2026-08-03 08:41:06,053 - sistema_relatorios - relatorios_interface - INFO - Arquivo encontrado: C:\Users\Obras\sistema_gestao_testes\testes\Financeiro\Clientes\RONALDO ROLIM DE OLIVEIRA.xlsx
2026-08-03 08:41:07,558 - sistema_relatorios - relatorios_interface - INFO - Data final obtida: 2026-08-05 00:00:00 (tipo: <class 'datetime.datetime'>)
2026-08-03 08:42:08,451 - sistema_relatorios - relatorios_interface - INFO - Solicitado retorno ao menu principal
2026-08-03 08:42:08,452 - sistema_relatorios - relatorios_interface - INFO - Retornando ao menu principal existente
2026-08-03 08:42:08,556 - sistema_relatorios - relatorios_interface - INFO - Retorno ao menu principal concluído
2026-08-03 14:41:44,139 - sistema - logger_config - INFO - Sistema de logging inicializado
2026-08-03 14:41:44,140 - sistema_relatorios - logger_config - INFO - Usuário alterado para: sistema_relatorios
2026-08-03 14:41:44,140 - sistema_relatorios - relatorios_interface - INFO - Sistema de relatórios inicializando usando logger configurado
2026-08-03 14:41:44,141 - sistema_relatorios - relatorios_interface - INFO - Configurações de janela importadas com sucesso
2026-08-03 14:41:44,142 - sistema_relatorios - relatorios_interface - INFO - === Sistema de Relatórios Inicializando ===
2026-08-03 14:41:55,315 - sistema_relatorios - gestao_medicoes - INFO - Logger importado com sucesso em gestao_medicoes.py
2026-08-03 14:41:55,387 - sistema_relatorios - gestao_medicoes - INFO - ✅ Janela Gestão de Medições inicializada com tripla proteção de visibilidade
2026-08-03 14:51:17,023 - sistema_relatorios - gestao_medicoes - INFO - ✅ Janela de Gestão de Medições fechada
2026-08-03 14:51:17,154 - sistema_relatorios - gestao_medicoes - INFO - ✅ Menu principal restaurado
2026-08-03 16:55:26,683 - sistema - logger_config - INFO - Sistema de logging inicializado
2026-08-03 16:55:26,684 - sistema_relatorios - logger_config - INFO - Usuário alterado para: sistema_relatorios
2026-08-03 16:55:26,684 - sistema_relatorios - relatorios_interface - INFO - Sistema de relatórios inicializando usando logger configurado
2026-08-03 16:55:26,685 - sistema_relatorios - relatorios_interface - INFO - Configurações de janela importadas com sucesso
2026-08-03 16:55:26,685 - sistema_relatorios - relatorios_interface - INFO - === Sistema de Relatórios Inicializando ===
2026-08-03 16:55:39,217 - sistema_relatorios - gestao_medicoes - INFO - Logger importado com sucesso em gestao_medicoes.py
2026-08-03 16:55:39,240 - sistema_relatorios - gestao_medicoes - INFO - ✅ Janela Gestão de Medições inicializada com tripla proteção de visibilidade
2026-08-03 16:55:45,105 - sistema_relatorios - gestao_medicoes - INFO - ✅ Coluna Data_Rel adicionada à aba Medicoes de 'BRUNO SANTANA RINALDI'
2026-08-03 16:56:19,265 - sistema_relatorios - gestao_medicoes - INFO - ✅ Janela de Gestão de Medições fechada
2026-08-03 16:56:19,274 - sistema_relatorios - gestao_medicoes - INFO - ✅ Menu principal restaurado
2026-08-03 17:32:26,407 - sistema - logger_config - INFO - Sistema de logging inicializado
2026-08-03 17:32:26,409 - sistema_relatorios - logger_config - INFO - Usuário alterado para: sistema_relatorios
2026-08-03 17:32:26,414 - sistema_relatorios - relatorios_interface - INFO - Sistema de relatórios inicializando usando logger configurado
2026-08-03 17:32:26,419 - sistema_relatorios - relatorios_interface - INFO - Configurações de janela importadas com sucesso
2026-08-03 17:32:26,424 - sistema_relatorios - relatorios_interface - INFO - === Sistema de Relatórios Inicializando ===
2026-08-03 17:32:58,556 - sistema_relatorios - logger_config - INFO - Iniciando: Carregar configurações
2026-08-03 17:32:58,575 - sistema_relatorios - logger_config - INFO - Concluído: Carregar configurações
2026-08-03 17:32:58,758 - sistema_relatorios - logger_config - INFO - Iniciando: Carregar configurações
2026-08-03 17:32:58,759 - sistema_relatorios - logger_config - INFO - Concluído: Carregar configurações
2026-08-03 17:32:58,761 - sistema_relatorios - logger_config - INFO - Iniciando: Carregar configurações
2026-08-03 17:32:58,763 - sistema_relatorios - logger_config - INFO - Concluído: Carregar configurações
2026-08-03 17:33:06,457 - sistema_relatorios - logger_config - INFO - Iniciando: Carregar configurações
2026-08-03 17:33:06,457 - sistema_relatorios - logger_config - INFO - Concluído: Carregar configurações
2026-08-03 17:33:59,735 - sistema_relatorios - logger_config - INFO - Iniciando: Carregar configurações
2026-08-03 17:33:59,736 - sistema_relatorios - logger_config - INFO - Concluído: Carregar configurações
2026-08-03 17:35:13,612 - sistema_relatorios - logger_config - INFO - Iniciando: Carregar configurações
2026-08-03 17:35:13,613 - sistema_relatorios - logger_config - INFO - Concluído: Carregar configurações
2026-08-03 17:35:54,586 - sistema_relatorios - logger_config - INFO - Iniciando: Carregar configurações
2026-08-03 17:35:54,587 - sistema_relatorios - logger_config - INFO - Concluído: Carregar configurações
2026-08-03 17:36:04,308 - sistema_relatorios - logger_config - INFO - Iniciando: Carregar configurações
2026-08-03 17:36:04,311 - sistema_relatorios - logger_config - INFO - Concluído: Carregar configurações
2026-08-03 17:36:05,748 - sistema_relatorios - logger_config - INFO - Iniciando: Carregar configurações
2026-08-03 17:36:05,749 - sistema_relatorios - logger_config - INFO - Concluído: Carregar configurações
2026-08-03 17:36:34,538 - sistema_relatorios - logger_config - INFO - Iniciando: Carregar configurações
2026-08-03 17:36:34,539 - sistema_relatorios - logger_config - INFO - Concluído: Carregar configurações
2026-08-03 17:36:38,322 - sistema_relatorios - logger_config - INFO - Iniciando: Carregar configurações
2026-08-03 17:36:38,322 - sistema_relatorios - logger_config - INFO - Concluído: Carregar configurações
2026-08-03 17:36:38,409 - sistema_relatorios - logger_config - INFO - Iniciando: Carregar configurações
2026-08-03 17:36:38,410 - sistema_relatorios - logger_config - INFO - Concluído: Carregar configurações
2026-08-03 17:39:34,657 - sistema_relatorios - logger_config - INFO - Iniciando: Carregar configurações
2026-08-03 17:39:34,658 - sistema_relatorios - logger_config - INFO - Concluído: Carregar configurações
2026-08-03 17:39:34,862 - sistema_relatorios - logger_config - INFO - Iniciando: Carregar configurações
2026-08-03 17:39:34,862 - sistema_relatorios - logger_config - INFO - Concluído: Carregar configurações
2026-08-03 17:39:34,865 - sistema_relatorios - logger_config - INFO - Iniciando: Carregar configurações
2026-08-03 17:39:34,865 - sistema_relatorios - logger_config - INFO - Concluído: Carregar configurações
2026-08-03 17:39:43,857 - sistema_relatorios - logger_config - INFO - Iniciando: Carregar configurações
2026-08-03 17:39:43,857 - sistema_relatorios - logger_config - INFO - Concluído: Carregar configurações
2026-08-03 17:39:51,639 - sistema_relatorios - logger_config - INFO - Iniciando: Carregar configurações
2026-08-03 17:39:51,639 - sistema_relatorios - logger_config - INFO - Concluído: Carregar configurações
2026-08-03 17:43:03,898 - sistema_relatorios - logger_config - INFO - Iniciando: Carregar configurações
2026-08-03 17:43:03,898 - sistema_relatorios - logger_config - INFO - Concluído: Carregar configurações
2026-08-03 17:43:08,079 - sistema_relatorios - logger_config - INFO - Iniciando: Carregar configurações
2026-08-03 17:43:08,080 - sistema_relatorios - logger_config - INFO - Concluído: Carregar configurações
2026-08-03 17:43:08,134 - sistema_relatorios - logger_config - INFO - Iniciando: Carregar configurações
2026-08-03 17:43:08,135 - sistema_relatorios - logger_config - INFO - Concluído: Carregar configurações
2026-08-03 18:03:03,435 - sistema - logger_config - INFO - Sistema de logging inicializado
2026-08-03 18:03:03,437 - sistema_relatorios - logger_config - INFO - Usuário alterado para: sistema_relatorios
2026-08-03 18:03:03,438 - sistema_relatorios - relatorios_interface - INFO - Sistema de relatórios inicializando usando logger configurado
2026-08-03 18:03:03,438 - sistema_relatorios - relatorios_interface - INFO - Configurações de janela importadas com sucesso
2026-08-03 18:03:03,438 - sistema_relatorios - relatorios_interface - INFO - === Sistema de Relatórios Inicializando ===
2026-08-03 18:03:30,219 - sistema_relatorios - logger_config - INFO - Iniciando: Carregar configurações
2026-08-03 18:03:30,221 - sistema_relatorios - logger_config - INFO - Concluído: Carregar configurações
2026-08-03 18:03:30,812 - sistema_relatorios - logger_config - INFO - Iniciando: Carregar configurações
2026-08-03 18:03:30,812 - sistema_relatorios - logger_config - INFO - Concluído: Carregar configurações
2026-08-03 18:03:50,393 - sistema_relatorios - logger_config - INFO - Iniciando: Carregar configurações
2026-08-03 18:03:50,393 - sistema_relatorios - logger_config - INFO - Concluído: Carregar configurações
2026-08-03 18:04:18,687 - sistema_relatorios - logger_config - INFO - Iniciando: Carregar configurações
2026-08-03 18:04:18,688 - sistema_relatorios - logger_config - INFO - Concluído: Carregar configurações
2026-08-03 18:04:18,694 - sistema_relatorios - logger_config - INFO - Iniciando: Carregar configurações
2026-08-03 18:04:18,694 - sistema_relatorios - logger_config - INFO - Concluído: Carregar configurações
2026-08-03 18:05:29,475 - sistema_relatorios - logger_config - INFO - Iniciando: Carregar configurações
2026-08-03 18:05:29,475 - sistema_relatorios - logger_config - INFO - Concluído: Carregar configurações
2026-08-03 18:05:29,691 - sistema_relatorios - logger_config - INFO - Iniciando: Carregar configurações
2026-08-03 18:05:29,692 - sistema_relatorios - logger_config - INFO - Concluído: Carregar configurações
2026-08-03 18:05:29,697 - sistema_relatorios - logger_config - INFO - Iniciando: Carregar configurações
2026-08-03 18:05:29,699 - sistema_relatorios - logger_config - INFO - Concluído: Carregar configurações
2026-08-03 18:05:36,213 - sistema_relatorios - logger_config - INFO - Iniciando: Carregar configurações
2026-08-03 18:05:36,214 - sistema_relatorios - logger_config - INFO - Concluído: Carregar configurações
2026-08-03 18:07:02,518 - sistema_relatorios - logger_config - INFO - Iniciando: Carregar configurações
2026-08-03 18:07:02,519 - sistema_relatorios - logger_config - INFO - Concluído: Carregar configurações
2026-08-03 18:07:02,588 - sistema_relatorios - logger_config - INFO - Iniciando: Carregar configurações
2026-08-03 18:07:02,589 - sistema_relatorios - logger_config - INFO - Concluído: Carregar configurações
2026-08-03 18:07:54,281 - sistema_relatorios - logger_config - INFO - Iniciando: Carregar configurações
2026-08-03 18:07:54,282 - sistema_relatorios - logger_config - INFO - Concluído: Carregar configurações
2026-08-03 18:07:55,054 - sistema_relatorios - logger_config - INFO - Iniciando: Carregar configurações
2026-08-03 18:07:55,054 - sistema_relatorios - logger_config - INFO - Concluído: Carregar configurações
2026-08-03 18:07:55,103 - sistema_relatorios - logger_config - INFO - Iniciando: Carregar configurações
2026-08-03 18:07:55,104 - sistema_relatorios - logger_config - INFO - Concluído: Carregar configurações
2026-08-03 18:08:34,543 - sistema_relatorios - logger_config - INFO - Iniciando: Carregar configurações
2026-08-03 18:08:34,544 - sistema_relatorios - logger_config - INFO - Concluído: Carregar configurações
2026-08-03 18:31:04,423 - sistema - logger_config - INFO - Sistema de logging inicializado
2026-08-03 18:31:04,425 - sistema_relatorios - logger_config - INFO - Usuário alterado para: sistema_relatorios
2026-08-03 18:31:04,425 - sistema_relatorios - relatorios_interface - INFO - Sistema de relatórios inicializando usando logger configurado
2026-08-03 18:31:04,425 - sistema_relatorios - relatorios_interface - INFO - Configurações de janela importadas com sucesso
2026-08-03 18:31:04,426 - sistema_relatorios - relatorios_interface - INFO - === Sistema de Relatórios Inicializando ===
2026-08-03 18:31:17,731 - sistema_relatorios - gestao_medicoes - INFO - Logger importado com sucesso em gestao_medicoes.py
2026-08-03 18:31:17,757 - sistema_relatorios - gestao_medicoes - INFO - ✅ Janela Gestão de Medições inicializada com tripla proteção de visibilidade
2026-08-03 18:32:29,171 - sistema_relatorios - gestao_medicoes - INFO - ✅ Janela de Gestão de Medições fechada
2026-08-03 18:32:29,178 - sistema_relatorios - gestao_medicoes - INFO - ✅ Menu principal restaurado
2026-08-03 18:32:31,908 - sistema_relatorios - logger_config - INFO - Iniciando: Carregar configurações
2026-08-03 18:32:31,940 - sistema_relatorios - logger_config - INFO - Concluído: Carregar configurações
2026-08-03 18:32:32,161 - sistema_relatorios - logger_config - INFO - Iniciando: Carregar configurações
2026-08-03 18:32:32,198 - sistema_relatorios - logger_config - INFO - Concluído: Carregar configurações
2026-08-03 18:32:32,202 - sistema_relatorios - logger_config - INFO - Iniciando: Carregar configurações
2026-08-03 18:32:32,240 - sistema_relatorios - logger_config - INFO - Concluído: Carregar configurações
2026-08-03 18:32:36,033 - sistema_relatorios - logger_config - INFO - Iniciando: Carregar configurações
2026-08-03 18:32:36,033 - sistema_relatorios - logger_config - INFO - Concluído: Carregar configurações
2026-08-03 18:33:04,704 - sistema_relatorios - gestao_medicoes - INFO - ✅ Janela Gestão de Medições inicializada com tripla proteção de visibilidade
2026-08-03 18:33:12,297 - sistema_relatorios - gestao_medicoes - INFO - ✅ Coluna Data_Rel adicionada à aba Medicoes de 'CLEVER LUIZ SALVADOR'
2026-08-03 18:33:49,372 - sistema_relatorios - gestao_medicoes - INFO - ✅ Janela de Gestão de Medições fechada
2026-08-03 18:33:49,382 - sistema_relatorios - gestao_medicoes - INFO - ✅ Menu principal restaurado
