2025-05-30 09:20:02,889 - sistema_relatorios - INFO - Carregando clientes de: H:\.shortcut-targets-by-id\195uuohIL_ZKum7lhwu-OzJCH_CGAb97G\Relatórios\Financeiro\Planilhas_Base\clientes.xlsx
2025-05-30 09:20:03,247 - sistema_relatorios - INFO - Colunas disponíveis: ['Nome', 'Endereço', 'Data Inicial', 'Observações', 'Data Final']
2025-05-30 09:20:03,250 - sistema_relatorios - INFO - Coluna de status: Data Final
2025-05-30 09:20:03,269 - sistema_relatorios - INFO - Coluna de nome: Nome
2025-05-30 09:20:03,290 - sistema_relatorios - INFO - Total de clientes ativos encontrados: 12
2025-05-30 09:20:03,301 - sistema_relatorios - INFO - Lista de clientes atualizada com 13 clientes
2025-05-30 09:20:03,351 - sistema_relatorios - INFO - Carregando clientes de: H:\.shortcut-targets-by-id\195uuohIL_ZKum7lhwu-OzJCH_CGAb97G\Relatórios\Financeiro\Planilhas_Base\clientes.xlsx
2025-05-30 09:20:03,407 - sistema_relatorios - INFO - Colunas disponíveis: ['Nome', 'Endereço', 'Data Inicial', 'Observações', 'Data Final']
2025-05-30 09:20:03,411 - sistema_relatorios - INFO - Coluna de status: Data Final
2025-05-30 09:20:03,415 - sistema_relatorios - INFO - Coluna de nome: Nome
2025-05-30 09:20:03,424 - sistema_relatorios - INFO - Total de clientes ativos encontrados: 12
2025-05-30 09:20:03,425 - sistema_relatorios - INFO - Lista de clientes carregada com 13 itens
2025-05-30 09:29:29,805 - sistema - INFO - Saída confirmada, finalizando sistema
2025-05-30 09:29:29,846 - sistema - INFO - Ação concluída: Gerar relatório
2025-05-30 09:33:14,612 - sistema_relatorios - INFO - Carregando clientes de: H:\.shortcut-targets-by-id\195uuohIL_ZKum7lhwu-OzJCH_CGAb97G\Relatórios\Financeiro\Planilhas_Base\clientes.xlsx
2025-05-30 09:33:14,743 - sistema_relatorios - INFO - Colunas disponíveis: ['Nome', 'Endereço', 'Data Inicial', 'Observações', 'Data Final']
2025-05-30 09:33:14,744 - sistema_relatorios - INFO - Coluna de status: Data Final
2025-05-30 09:33:14,747 - sistema_relatorios - INFO - Coluna de nome: Nome
2025-05-30 09:33:14,748 - sistema_relatorios - INFO - Total de clientes ativos encontrados: 12
2025-05-30 09:33:14,748 - sistema_relatorios - INFO - Lista de clientes atualizada com 13 clientes
2025-05-30 09:33:14,787 - sistema_relatorios - INFO - Carregando clientes de: H:\.shortcut-targets-by-id\195uuohIL_ZKum7lhwu-OzJCH_CGAb97G\Relatórios\Financeiro\Planilhas_Base\clientes.xlsx
2025-05-30 09:33:14,829 - sistema_relatorios - INFO - Colunas disponíveis: ['Nome', 'Endereço', 'Data Inicial', 'Observações', 'Data Final']
2025-05-30 09:33:14,830 - sistema_relatorios - INFO - Coluna de status: Data Final
2025-05-30 09:33:14,832 - sistema_relatorios - INFO - Coluna de nome: Nome
2025-05-30 09:33:14,833 - sistema_relatorios - INFO - Total de clientes ativos encontrados: 12
2025-05-30 09:33:14,833 - sistema_relatorios - INFO - Lista de clientes carregada com 13 itens
2025-05-30 09:33:41,426 - sistema - INFO - Saída confirmada, finalizando sistema
2025-05-30 09:33:41,475 - sistema - INFO - Ação concluída: Gerar relatório
2025-05-30 09:35:46,789 - sistema_relatorios - INFO - Carregando clientes de: H:\.shortcut-targets-by-id\195uuohIL_ZKum7lhwu-OzJCH_CGAb97G\Relatórios\Financeiro\Planilhas_Base\clientes.xlsx
2025-05-30 09:35:46,888 - sistema_relatorios - INFO - Colunas disponíveis: ['Nome', 'Endereço', 'Data Inicial', 'Observações', 'Data Final']
2025-05-30 09:35:46,889 - sistema_relatorios - INFO - Coluna de status: Data Final
2025-05-30 09:35:46,891 - sistema_relatorios - INFO - Coluna de nome: Nome
2025-05-30 09:35:46,892 - sistema_relatorios - INFO - Total de clientes ativos encontrados: 12
2025-05-30 09:35:46,893 - sistema_relatorios - INFO - Lista de clientes atualizada com 13 clientes
2025-05-30 09:35:46,923 - sistema_relatorios - INFO - Carregando clientes de: H:\.shortcut-targets-by-id\195uuohIL_ZKum7lhwu-OzJCH_CGAb97G\Relatórios\Financeiro\Planilhas_Base\clientes.xlsx
2025-05-30 09:35:46,954 - sistema_relatorios - INFO - Colunas disponíveis: ['Nome', 'Endereço', 'Data Inicial', 'Observações', 'Data Final']
2025-05-30 09:35:46,954 - sistema_relatorios - INFO - Coluna de status: Data Final
2025-05-30 09:35:46,956 - sistema_relatorios - INFO - Coluna de nome: Nome
2025-05-30 09:35:46,956 - sistema_relatorios - INFO - Total de clientes ativos encontrados: 12
2025-05-30 09:35:46,957 - sistema_relatorios - INFO - Lista de clientes carregada com 13 itens
2025-05-30 09:37:03,864 - sistema - INFO - Saída confirmada, finalizando sistema
2025-05-30 09:37:03,915 - sistema - INFO - Ação concluída: Gerar relatório
2025-05-30 09:38:37,091 - sistema_relatorios - INFO - Carregando clientes de: H:\.shortcut-targets-by-id\195uuohIL_ZKum7lhwu-OzJCH_CGAb97G\Relatórios\Financeiro\Planilhas_Base\clientes.xlsx
2025-05-30 09:38:37,194 - sistema_relatorios - INFO - Colunas disponíveis: ['Nome', 'Endereço', 'Data Inicial', 'Observações', 'Data Final']
2025-05-30 09:38:37,195 - sistema_relatorios - INFO - Coluna de status: Data Final
2025-05-30 09:38:37,197 - sistema_relatorios - INFO - Coluna de nome: Nome
2025-05-30 09:38:37,198 - sistema_relatorios - INFO - Total de clientes ativos encontrados: 12
2025-05-30 09:38:37,198 - sistema_relatorios - INFO - Lista de clientes atualizada com 13 clientes
2025-05-30 09:38:37,232 - sistema_relatorios - INFO - Carregando clientes de: H:\.shortcut-targets-by-id\195uuohIL_ZKum7lhwu-OzJCH_CGAb97G\Relatórios\Financeiro\Planilhas_Base\clientes.xlsx
2025-05-30 09:38:37,261 - sistema_relatorios - INFO - Colunas disponíveis: ['Nome', 'Endereço', 'Data Inicial', 'Observações', 'Data Final']
2025-05-30 09:38:37,261 - sistema_relatorios - INFO - Coluna de status: Data Final
2025-05-30 09:38:37,263 - sistema_relatorios - INFO - Coluna de nome: Nome
2025-05-30 09:38:37,264 - sistema_relatorios - INFO - Total de clientes ativos encontrados: 12
2025-05-30 09:38:37,264 - sistema_relatorios - INFO - Lista de clientes carregada com 13 itens
2025-05-30 09:39:40,745 - sistema - INFO - Saída confirmada, finalizando sistema
2025-05-30 09:39:40,803 - sistema - INFO - Ação concluída: Gerar relatório
2025-05-30 09:40:35,903 - sistema_relatorios - INFO - Carregando clientes de: H:\.shortcut-targets-by-id\195uuohIL_ZKum7lhwu-OzJCH_CGAb97G\Relatórios\Financeiro\Planilhas_Base\clientes.xlsx
2025-05-30 09:40:36,003 - sistema_relatorios - INFO - Colunas disponíveis: ['Nome', 'Endereço', 'Data Inicial', 'Observações', 'Data Final']
2025-05-30 09:40:36,005 - sistema_relatorios - INFO - Coluna de status: Data Final
2025-05-30 09:40:36,008 - sistema_relatorios - INFO - Coluna de nome: Nome
2025-05-30 09:40:36,009 - sistema_relatorios - INFO - Total de clientes ativos encontrados: 12
2025-05-30 09:40:36,010 - sistema_relatorios - INFO - Lista de clientes atualizada com 13 clientes
2025-05-30 09:40:36,041 - sistema_relatorios - INFO - Carregando clientes de: H:\.shortcut-targets-by-id\195uuohIL_ZKum7lhwu-OzJCH_CGAb97G\Relatórios\Financeiro\Planilhas_Base\clientes.xlsx
2025-05-30 09:40:36,069 - sistema_relatorios - INFO - Colunas disponíveis: ['Nome', 'Endereço', 'Data Inicial', 'Observações', 'Data Final']
2025-05-30 09:40:36,069 - sistema_relatorios - INFO - Coluna de status: Data Final
2025-05-30 09:40:36,071 - sistema_relatorios - INFO - Coluna de nome: Nome
2025-05-30 09:40:36,073 - sistema_relatorios - INFO - Total de clientes ativos encontrados: 12
2025-05-30 09:40:36,074 - sistema_relatorios - INFO - Lista de clientes carregada com 13 itens
2025-05-30 09:41:30,158 - sistema - INFO - Saída confirmada, finalizando sistema
2025-05-30 09:41:30,213 - sistema - INFO - Ação concluída: Gerar relatório
2025-05-30 09:41:52,237 - sistema_relatorios - INFO - Carregando clientes de: H:\.shortcut-targets-by-id\195uuohIL_ZKum7lhwu-OzJCH_CGAb97G\Relatórios\Financeiro\Planilhas_Base\clientes.xlsx
2025-05-30 09:41:52,329 - sistema_relatorios - INFO - Colunas disponíveis: ['Nome', 'Endereço', 'Data Inicial', 'Observações', 'Data Final']
2025-05-30 09:41:52,330 - sistema_relatorios - INFO - Coluna de status: Data Final
2025-05-30 09:41:52,331 - sistema_relatorios - INFO - Coluna de nome: Nome
2025-05-30 09:41:52,332 - sistema_relatorios - INFO - Total de clientes ativos encontrados: 12
2025-05-30 09:41:52,333 - sistema_relatorios - INFO - Lista de clientes atualizada com 13 clientes
2025-05-30 09:41:52,364 - sistema_relatorios - INFO - Carregando clientes de: H:\.shortcut-targets-by-id\195uuohIL_ZKum7lhwu-OzJCH_CGAb97G\Relatórios\Financeiro\Planilhas_Base\clientes.xlsx
2025-05-30 09:41:52,393 - sistema_relatorios - INFO - Colunas disponíveis: ['Nome', 'Endereço', 'Data Inicial', 'Observações', 'Data Final']
2025-05-30 09:41:52,393 - sistema_relatorios - INFO - Coluna de status: Data Final
2025-05-30 09:41:52,395 - sistema_relatorios - INFO - Coluna de nome: Nome
2025-05-30 09:41:52,396 - sistema_relatorios - INFO - Total de clientes ativos encontrados: 12
2025-05-30 09:41:52,396 - sistema_relatorios - INFO - Lista de clientes carregada com 13 itens
2025-05-30 09:45:26,865 - sistema - INFO - Saída confirmada, finalizando sistema
2025-05-30 09:45:27,130 - sistema - INFO - Forçando encerramento do programa...
2025-05-30 10:01:01,178 - sistema_relatorios - INFO - Carregando clientes de: H:\.shortcut-targets-by-id\195uuohIL_ZKum7lhwu-OzJCH_CGAb97G\Relatórios\Financeiro\Planilhas_Base\clientes.xlsx
2025-05-30 10:01:01,336 - sistema_relatorios - INFO - Colunas disponíveis: ['Nome', 'Endereço', 'Data Inicial', 'Observações', 'Data Final']
2025-05-30 10:01:01,337 - sistema_relatorios - INFO - Coluna de status: Data Final
2025-05-30 10:01:01,349 - sistema_relatorios - INFO - Coluna de nome: Nome
2025-05-30 10:01:01,350 - sistema_relatorios - INFO - Total de clientes ativos encontrados: 12
2025-05-30 10:01:01,351 - sistema_relatorios - INFO - Lista de clientes atualizada com 13 clientes
2025-05-30 10:01:01,386 - sistema_relatorios - INFO - Carregando clientes de: H:\.shortcut-targets-by-id\195uuohIL_ZKum7lhwu-OzJCH_CGAb97G\Relatórios\Financeiro\Planilhas_Base\clientes.xlsx
2025-05-30 10:01:01,416 - sistema_relatorios - INFO - Colunas disponíveis: ['Nome', 'Endereço', 'Data Inicial', 'Observações', 'Data Final']
2025-05-30 10:01:01,417 - sistema_relatorios - INFO - Coluna de status: Data Final
2025-05-30 10:01:01,420 - sistema_relatorios - INFO - Coluna de nome: Nome
2025-05-30 10:01:01,455 - sistema_relatorios - INFO - Total de clientes ativos encontrados: 12
2025-05-30 10:01:01,461 - sistema_relatorios - INFO - Lista de clientes carregada com 13 itens
2025-05-30 10:01:37,614 - sistema - INFO - Saída confirmada, finalizando sistema
2025-05-30 10:01:37,654 - sistema - INFO - Ação concluída: Gerar relatório
2025-05-30 10:02:54,314 - sistema_relatorios - INFO - Carregando clientes de: H:\.shortcut-targets-by-id\195uuohIL_ZKum7lhwu-OzJCH_CGAb97G\Relatórios\Financeiro\Planilhas_Base\clientes.xlsx
2025-05-30 10:02:54,439 - sistema_relatorios - INFO - Colunas disponíveis: ['Nome', 'Endereço', 'Data Inicial', 'Observações', 'Data Final']
2025-05-30 10:02:54,439 - sistema_relatorios - INFO - Coluna de status: Data Final
2025-05-30 10:02:54,442 - sistema_relatorios - INFO - Coluna de nome: Nome
2025-05-30 10:02:54,442 - sistema_relatorios - INFO - Total de clientes ativos encontrados: 12
2025-05-30 10:02:54,443 - sistema_relatorios - INFO - Lista de clientes atualizada com 13 clientes
2025-05-30 10:02:54,471 - sistema_relatorios - INFO - Carregando clientes de: H:\.shortcut-targets-by-id\195uuohIL_ZKum7lhwu-OzJCH_CGAb97G\Relatórios\Financeiro\Planilhas_Base\clientes.xlsx
2025-05-30 10:02:54,500 - sistema_relatorios - INFO - Colunas disponíveis: ['Nome', 'Endereço', 'Data Inicial', 'Observações', 'Data Final']
2025-05-30 10:02:54,501 - sistema_relatorios - INFO - Coluna de status: Data Final
2025-05-30 10:02:54,502 - sistema_relatorios - INFO - Coluna de nome: Nome
2025-05-30 10:02:54,503 - sistema_relatorios - INFO - Total de clientes ativos encontrados: 12
2025-05-30 10:02:54,503 - sistema_relatorios - INFO - Lista de clientes carregada com 13 itens
2025-05-30 10:11:39,326 - sistema - INFO - Saída confirmada, finalizando sistema
2025-05-30 10:11:39,582 - sistema - INFO - Forçando encerramento do programa...
2025-05-30 10:16:52,294 - sistema_relatorios - INFO - Carregando clientes de: H:\.shortcut-targets-by-id\195uuohIL_ZKum7lhwu-OzJCH_CGAb97G\Relatórios\Financeiro\Planilhas_Base\clientes.xlsx
2025-05-30 10:16:52,454 - sistema_relatorios - INFO - Colunas disponíveis: ['Nome', 'Endereço', 'Data Inicial', 'Observações', 'Data Final']
2025-05-30 10:16:52,454 - sistema_relatorios - INFO - Coluna de status: Data Final
2025-05-30 10:16:52,456 - sistema_relatorios - INFO - Coluna de nome: Nome
2025-05-30 10:16:52,457 - sistema_relatorios - INFO - Total de clientes ativos encontrados: 12
2025-05-30 10:16:52,458 - sistema_relatorios - INFO - Lista de clientes atualizada com 13 clientes
2025-05-30 10:16:52,486 - sistema_relatorios - INFO - Carregando clientes de: H:\.shortcut-targets-by-id\195uuohIL_ZKum7lhwu-OzJCH_CGAb97G\Relatórios\Financeiro\Planilhas_Base\clientes.xlsx
2025-05-30 10:16:52,515 - sistema_relatorios - INFO - Colunas disponíveis: ['Nome', 'Endereço', 'Data Inicial', 'Observações', 'Data Final']
2025-05-30 10:16:52,516 - sistema_relatorios - INFO - Coluna de status: Data Final
2025-05-30 10:16:52,517 - sistema_relatorios - INFO - Coluna de nome: Nome
2025-05-30 10:16:52,518 - sistema_relatorios - INFO - Total de clientes ativos encontrados: 12
2025-05-30 10:16:52,519 - sistema_relatorios - INFO - Lista de clientes carregada com 13 itens
2025-05-30 10:57:21,023 - sistema - INFO - Saída confirmada, finalizando sistema
2025-05-30 10:57:21,274 - sistema - INFO - Forçando encerramento do programa...
2025-05-30 11:13:37,810 - sistema_relatorios - INFO - Carregando clientes de: H:\.shortcut-targets-by-id\195uuohIL_ZKum7lhwu-OzJCH_CGAb97G\Relatórios\Financeiro\Planilhas_Base\clientes.xlsx
2025-05-30 11:13:37,959 - sistema_relatorios - INFO - Colunas disponíveis: ['Nome', 'Endereço', 'Data Inicial', 'Observações', 'Data Final']
2025-05-30 11:13:37,960 - sistema_relatorios - INFO - Coluna de status: Data Final
2025-05-30 11:13:37,971 - sistema_relatorios - INFO - Coluna de nome: Nome
2025-05-30 11:13:37,972 - sistema_relatorios - INFO - Total de clientes ativos encontrados: 12
2025-05-30 11:13:37,973 - sistema_relatorios - INFO - Lista de clientes atualizada com 13 clientes
2025-05-30 11:13:38,003 - sistema_relatorios - INFO - Carregando clientes de: H:\.shortcut-targets-by-id\195uuohIL_ZKum7lhwu-OzJCH_CGAb97G\Relatórios\Financeiro\Planilhas_Base\clientes.xlsx
2025-05-30 11:13:38,035 - sistema_relatorios - INFO - Colunas disponíveis: ['Nome', 'Endereço', 'Data Inicial', 'Observações', 'Data Final']
2025-05-30 11:13:38,035 - sistema_relatorios - INFO - Coluna de status: Data Final
2025-05-30 11:13:38,037 - sistema_relatorios - INFO - Coluna de nome: Nome
2025-05-30 11:13:38,038 - sistema_relatorios - INFO - Total de clientes ativos encontrados: 12
2025-05-30 11:13:38,039 - sistema_relatorios - INFO - Lista de clientes carregada com 13 itens
2025-05-30 11:17:05,615 - sistema - INFO - Saída confirmada, finalizando sistema
2025-05-30 11:17:05,680 - sistema - INFO - Ação concluída: Gerar relatório
2025-05-30 11:19:13,100 - sistema_relatorios - INFO - Carregando clientes de: H:\.shortcut-targets-by-id\195uuohIL_ZKum7lhwu-OzJCH_CGAb97G\Relatórios\Financeiro\Planilhas_Base\clientes.xlsx
2025-05-30 11:19:13,203 - sistema_relatorios - INFO - Colunas disponíveis: ['Nome', 'Endereço', 'Data Inicial', 'Observações', 'Data Final']
2025-05-30 11:19:13,203 - sistema_relatorios - INFO - Coluna de status: Data Final
2025-05-30 11:19:13,205 - sistema_relatorios - INFO - Coluna de nome: Nome
2025-05-30 11:19:13,206 - sistema_relatorios - INFO - Total de clientes ativos encontrados: 12
2025-05-30 11:19:13,206 - sistema_relatorios - INFO - Lista de clientes atualizada com 13 clientes
2025-05-30 11:19:13,240 - sistema_relatorios - INFO - Carregando clientes de: H:\.shortcut-targets-by-id\195uuohIL_ZKum7lhwu-OzJCH_CGAb97G\Relatórios\Financeiro\Planilhas_Base\clientes.xlsx
2025-05-30 11:19:13,272 - sistema_relatorios - INFO - Colunas disponíveis: ['Nome', 'Endereço', 'Data Inicial', 'Observações', 'Data Final']
2025-05-30 11:19:13,274 - sistema_relatorios - INFO - Coluna de status: Data Final
2025-05-30 11:19:13,276 - sistema_relatorios - INFO - Coluna de nome: Nome
2025-05-30 11:19:13,277 - sistema_relatorios - INFO - Total de clientes ativos encontrados: 12
2025-05-30 11:19:13,277 - sistema_relatorios - INFO - Lista de clientes carregada com 13 itens
2025-05-30 11:19:34,884 - matplotlib.category - INFO - Using categorical units to plot a list of strings that are all parsable as floats or dates. If these strings should be plotted as numbers, cast to the appropriate data type before plotting.
2025-05-30 11:19:34,887 - matplotlib.category - INFO - Using categorical units to plot a list of strings that are all parsable as floats or dates. If these strings should be plotted as numbers, cast to the appropriate data type before plotting.
2025-05-30 11:19:34,889 - matplotlib.category - INFO - Using categorical units to plot a list of strings that are all parsable as floats or dates. If these strings should be plotted as numbers, cast to the appropriate data type before plotting.
2025-05-30 11:19:34,891 - matplotlib.category - INFO - Using categorical units to plot a list of strings that are all parsable as floats or dates. If these strings should be plotted as numbers, cast to the appropriate data type before plotting.
2025-05-30 11:19:34,893 - matplotlib.category - INFO - Using categorical units to plot a list of strings that are all parsable as floats or dates. If these strings should be plotted as numbers, cast to the appropriate data type before plotting.
2025-05-30 11:19:34,896 - matplotlib.category - INFO - Using categorical units to plot a list of strings that are all parsable as floats or dates. If these strings should be plotted as numbers, cast to the appropriate data type before plotting.
2025-05-30 11:19:34,898 - matplotlib.category - INFO - Using categorical units to plot a list of strings that are all parsable as floats or dates. If these strings should be plotted as numbers, cast to the appropriate data type before plotting.
2025-05-30 11:19:34,904 - matplotlib.category - INFO - Using categorical units to plot a list of strings that are all parsable as floats or dates. If these strings should be plotted as numbers, cast to the appropriate data type before plotting.
2025-05-30 11:19:34,907 - matplotlib.category - INFO - Using categorical units to plot a list of strings that are all parsable as floats or dates. If these strings should be plotted as numbers, cast to the appropriate data type before plotting.
2025-05-30 11:19:34,910 - matplotlib.category - INFO - Using categorical units to plot a list of strings that are all parsable as floats or dates. If these strings should be plotted as numbers, cast to the appropriate data type before plotting.
2025-05-30 11:19:34,912 - matplotlib.category - INFO - Using categorical units to plot a list of strings that are all parsable as floats or dates. If these strings should be plotted as numbers, cast to the appropriate data type before plotting.
2025-05-30 11:19:34,915 - matplotlib.category - INFO - Using categorical units to plot a list of strings that are all parsable as floats or dates. If these strings should be plotted as numbers, cast to the appropriate data type before plotting.
2025-05-30 11:19:34,918 - matplotlib.category - INFO - Using categorical units to plot a list of strings that are all parsable as floats or dates. If these strings should be plotted as numbers, cast to the appropriate data type before plotting.
2025-05-30 11:19:34,923 - matplotlib.category - INFO - Using categorical units to plot a list of strings that are all parsable as floats or dates. If these strings should be plotted as numbers, cast to the appropriate data type before plotting.
2025-05-30 11:19:34,926 - matplotlib.category - INFO - Using categorical units to plot a list of strings that are all parsable as floats or dates. If these strings should be plotted as numbers, cast to the appropriate data type before plotting.
2025-05-30 11:19:34,928 - matplotlib.category - INFO - Using categorical units to plot a list of strings that are all parsable as floats or dates. If these strings should be plotted as numbers, cast to the appropriate data type before plotting.
2025-05-30 11:20:39,936 - matplotlib.category - INFO - Using categorical units to plot a list of strings that are all parsable as floats or dates. If these strings should be plotted as numbers, cast to the appropriate data type before plotting.
2025-05-30 11:20:39,938 - matplotlib.category - INFO - Using categorical units to plot a list of strings that are all parsable as floats or dates. If these strings should be plotted as numbers, cast to the appropriate data type before plotting.
2025-05-30 11:20:39,941 - matplotlib.category - INFO - Using categorical units to plot a list of strings that are all parsable as floats or dates. If these strings should be plotted as numbers, cast to the appropriate data type before plotting.
2025-05-30 11:20:39,942 - matplotlib.category - INFO - Using categorical units to plot a list of strings that are all parsable as floats or dates. If these strings should be plotted as numbers, cast to the appropriate data type before plotting.
2025-05-30 11:20:39,944 - matplotlib.category - INFO - Using categorical units to plot a list of strings that are all parsable as floats or dates. If these strings should be plotted as numbers, cast to the appropriate data type before plotting.
2025-05-30 11:20:39,946 - matplotlib.category - INFO - Using categorical units to plot a list of strings that are all parsable as floats or dates. If these strings should be plotted as numbers, cast to the appropriate data type before plotting.
2025-05-30 11:20:39,948 - matplotlib.category - INFO - Using categorical units to plot a list of strings that are all parsable as floats or dates. If these strings should be plotted as numbers, cast to the appropriate data type before plotting.
2025-05-30 11:20:39,951 - matplotlib.category - INFO - Using categorical units to plot a list of strings that are all parsable as floats or dates. If these strings should be plotted as numbers, cast to the appropriate data type before plotting.
2025-05-30 11:20:39,954 - matplotlib.category - INFO - Using categorical units to plot a list of strings that are all parsable as floats or dates. If these strings should be plotted as numbers, cast to the appropriate data type before plotting.
2025-05-30 11:20:39,959 - matplotlib.category - INFO - Using categorical units to plot a list of strings that are all parsable as floats or dates. If these strings should be plotted as numbers, cast to the appropriate data type before plotting.
2025-05-30 11:20:39,962 - matplotlib.category - INFO - Using categorical units to plot a list of strings that are all parsable as floats or dates. If these strings should be plotted as numbers, cast to the appropriate data type before plotting.
2025-05-30 11:20:39,964 - matplotlib.category - INFO - Using categorical units to plot a list of strings that are all parsable as floats or dates. If these strings should be plotted as numbers, cast to the appropriate data type before plotting.
2025-05-30 11:20:39,968 - matplotlib.category - INFO - Using categorical units to plot a list of strings that are all parsable as floats or dates. If these strings should be plotted as numbers, cast to the appropriate data type before plotting.
2025-05-30 11:20:39,973 - matplotlib.category - INFO - Using categorical units to plot a list of strings that are all parsable as floats or dates. If these strings should be plotted as numbers, cast to the appropriate data type before plotting.
2025-05-30 11:20:39,975 - matplotlib.category - INFO - Using categorical units to plot a list of strings that are all parsable as floats or dates. If these strings should be plotted as numbers, cast to the appropriate data type before plotting.
2025-05-30 11:20:39,976 - matplotlib.category - INFO - Using categorical units to plot a list of strings that are all parsable as floats or dates. If these strings should be plotted as numbers, cast to the appropriate data type before plotting.
2025-05-30 11:23:11,811 - sistema - INFO - Saída confirmada, finalizando sistema
2025-05-30 11:23:12,070 - sistema - INFO - Forçando encerramento do programa...
2025-05-30 11:25:41,765 - sistema_relatorios - INFO - Carregando clientes de: H:\.shortcut-targets-by-id\195uuohIL_ZKum7lhwu-OzJCH_CGAb97G\Relatórios\Financeiro\Planilhas_Base\clientes.xlsx
2025-05-30 11:25:41,875 - sistema_relatorios - INFO - Colunas disponíveis: ['Nome', 'Endereço', 'Data Inicial', 'Observações', 'Data Final']
2025-05-30 11:25:41,876 - sistema_relatorios - INFO - Coluna de status: Data Final
2025-05-30 11:25:41,878 - sistema_relatorios - INFO - Coluna de nome: Nome
2025-05-30 11:25:41,879 - sistema_relatorios - INFO - Total de clientes ativos encontrados: 12
2025-05-30 11:25:41,880 - sistema_relatorios - INFO - Lista de clientes atualizada com 13 clientes
2025-05-30 11:25:41,911 - sistema_relatorios - INFO - Carregando clientes de: H:\.shortcut-targets-by-id\195uuohIL_ZKum7lhwu-OzJCH_CGAb97G\Relatórios\Financeiro\Planilhas_Base\clientes.xlsx
2025-05-30 11:25:41,943 - sistema_relatorios - INFO - Colunas disponíveis: ['Nome', 'Endereço', 'Data Inicial', 'Observações', 'Data Final']
2025-05-30 11:25:41,943 - sistema_relatorios - INFO - Coluna de status: Data Final
2025-05-30 11:25:41,945 - sistema_relatorios - INFO - Coluna de nome: Nome
2025-05-30 11:25:41,945 - sistema_relatorios - INFO - Total de clientes ativos encontrados: 12
2025-05-30 11:25:41,946 - sistema_relatorios - INFO - Lista de clientes carregada com 13 itens
2025-05-30 11:28:51,960 - sistema - INFO - Saída confirmada, finalizando sistema
2025-05-30 11:28:52,223 - sistema - INFO - Forçando encerramento do programa...
2025-05-30 11:35:12,095 - sistema_relatorios - INFO - Carregando clientes de: H:\.shortcut-targets-by-id\195uuohIL_ZKum7lhwu-OzJCH_CGAb97G\Relatórios\Financeiro\Planilhas_Base\clientes.xlsx
2025-05-30 11:35:12,209 - sistema_relatorios - INFO - Colunas disponíveis: ['Nome', 'Endereço', 'Data Inicial', 'Observações', 'Data Final']
2025-05-30 11:35:12,209 - sistema_relatorios - INFO - Coluna de status: Data Final
2025-05-30 11:35:12,212 - sistema_relatorios - INFO - Coluna de nome: Nome
2025-05-30 11:35:12,212 - sistema_relatorios - INFO - Total de clientes ativos encontrados: 12
2025-05-30 11:35:12,213 - sistema_relatorios - INFO - Lista de clientes atualizada com 13 clientes
2025-05-30 11:35:12,240 - sistema_relatorios - INFO - Carregando clientes de: H:\.shortcut-targets-by-id\195uuohIL_ZKum7lhwu-OzJCH_CGAb97G\Relatórios\Financeiro\Planilhas_Base\clientes.xlsx
2025-05-30 11:35:12,270 - sistema_relatorios - INFO - Colunas disponíveis: ['Nome', 'Endereço', 'Data Inicial', 'Observações', 'Data Final']
2025-05-30 11:35:12,271 - sistema_relatorios - INFO - Coluna de status: Data Final
2025-05-30 11:35:12,274 - sistema_relatorios - INFO - Coluna de nome: Nome
2025-05-30 11:35:12,275 - sistema_relatorios - INFO - Total de clientes ativos encontrados: 12
2025-05-30 11:35:12,277 - sistema_relatorios - INFO - Lista de clientes carregada com 13 itens
2025-05-30 11:36:54,602 - sistema - INFO - Saída confirmada, finalizando sistema
2025-05-30 11:36:54,878 - sistema - INFO - Forçando encerramento do programa...
2025-05-30 11:42:55,248 - sistema_relatorios - INFO - Carregando clientes de: H:\.shortcut-targets-by-id\195uuohIL_ZKum7lhwu-OzJCH_CGAb97G\Relatórios\Financeiro\Planilhas_Base\clientes.xlsx
2025-05-30 11:42:55,335 - sistema_relatorios - INFO - Colunas disponíveis: ['Nome', 'Endereço', 'Data Inicial', 'Observações', 'Data Final']
2025-05-30 11:42:55,335 - sistema_relatorios - INFO - Coluna de status: Data Final
2025-05-30 11:42:55,337 - sistema_relatorios - INFO - Coluna de nome: Nome
2025-05-30 11:42:55,338 - sistema_relatorios - INFO - Total de clientes ativos encontrados: 12
2025-05-30 11:42:55,339 - sistema_relatorios - INFO - Lista de clientes atualizada com 13 clientes
2025-05-30 11:42:55,374 - sistema_relatorios - INFO - Carregando clientes de: H:\.shortcut-targets-by-id\195uuohIL_ZKum7lhwu-OzJCH_CGAb97G\Relatórios\Financeiro\Planilhas_Base\clientes.xlsx
2025-05-30 11:42:55,402 - sistema_relatorios - INFO - Colunas disponíveis: ['Nome', 'Endereço', 'Data Inicial', 'Observações', 'Data Final']
2025-05-30 11:42:55,403 - sistema_relatorios - INFO - Coluna de status: Data Final
2025-05-30 11:42:55,405 - sistema_relatorios - INFO - Coluna de nome: Nome
2025-05-30 11:42:55,406 - sistema_relatorios - INFO - Total de clientes ativos encontrados: 12
2025-05-30 11:42:55,406 - sistema_relatorios - INFO - Lista de clientes carregada com 13 itens
2025-05-30 11:43:19,918 - matplotlib.category - INFO - Using categorical units to plot a list of strings that are all parsable as floats or dates. If these strings should be plotted as numbers, cast to the appropriate data type before plotting.
2025-05-30 11:43:19,921 - matplotlib.category - INFO - Using categorical units to plot a list of strings that are all parsable as floats or dates. If these strings should be plotted as numbers, cast to the appropriate data type before plotting.
2025-05-30 11:43:19,923 - matplotlib.category - INFO - Using categorical units to plot a list of strings that are all parsable as floats or dates. If these strings should be plotted as numbers, cast to the appropriate data type before plotting.
2025-05-30 11:43:19,925 - matplotlib.category - INFO - Using categorical units to plot a list of strings that are all parsable as floats or dates. If these strings should be plotted as numbers, cast to the appropriate data type before plotting.
2025-05-30 11:43:19,927 - matplotlib.category - INFO - Using categorical units to plot a list of strings that are all parsable as floats or dates. If these strings should be plotted as numbers, cast to the appropriate data type before plotting.
2025-05-30 11:43:19,929 - matplotlib.category - INFO - Using categorical units to plot a list of strings that are all parsable as floats or dates. If these strings should be plotted as numbers, cast to the appropriate data type before plotting.
2025-05-30 11:43:19,932 - matplotlib.category - INFO - Using categorical units to plot a list of strings that are all parsable as floats or dates. If these strings should be plotted as numbers, cast to the appropriate data type before plotting.
2025-05-30 11:43:19,934 - matplotlib.category - INFO - Using categorical units to plot a list of strings that are all parsable as floats or dates. If these strings should be plotted as numbers, cast to the appropriate data type before plotting.
2025-05-30 11:43:19,939 - matplotlib.category - INFO - Using categorical units to plot a list of strings that are all parsable as floats or dates. If these strings should be plotted as numbers, cast to the appropriate data type before plotting.
2025-05-30 11:43:19,941 - matplotlib.category - INFO - Using categorical units to plot a list of strings that are all parsable as floats or dates. If these strings should be plotted as numbers, cast to the appropriate data type before plotting.
2025-05-30 11:43:19,944 - matplotlib.category - INFO - Using categorical units to plot a list of strings that are all parsable as floats or dates. If these strings should be plotted as numbers, cast to the appropriate data type before plotting.
2025-05-30 11:43:19,946 - matplotlib.category - INFO - Using categorical units to plot a list of strings that are all parsable as floats or dates. If these strings should be plotted as numbers, cast to the appropriate data type before plotting.
2025-05-30 11:43:19,948 - matplotlib.category - INFO - Using categorical units to plot a list of strings that are all parsable as floats or dates. If these strings should be plotted as numbers, cast to the appropriate data type before plotting.
2025-05-30 11:43:19,950 - matplotlib.category - INFO - Using categorical units to plot a list of strings that are all parsable as floats or dates. If these strings should be plotted as numbers, cast to the appropriate data type before plotting.
2025-05-30 11:43:19,956 - matplotlib.category - INFO - Using categorical units to plot a list of strings that are all parsable as floats or dates. If these strings should be plotted as numbers, cast to the appropriate data type before plotting.
2025-05-30 11:43:19,958 - matplotlib.category - INFO - Using categorical units to plot a list of strings that are all parsable as floats or dates. If these strings should be plotted as numbers, cast to the appropriate data type before plotting.
2025-05-30 11:52:30,590 - sistema - INFO - Saída confirmada, finalizando sistema
2025-05-30 11:52:30,856 - sistema - INFO - Forçando encerramento do programa...
2025-05-30 12:10:57,060 - sistema_relatorios - INFO - Carregando clientes de: H:\.shortcut-targets-by-id\195uuohIL_ZKum7lhwu-OzJCH_CGAb97G\Relatórios\Financeiro\Planilhas_Base\clientes.xlsx
2025-05-30 12:10:57,211 - sistema_relatorios - INFO - Colunas disponíveis: ['Nome', 'Endereço', 'Data Inicial', 'Observações', 'Data Final']
2025-05-30 12:10:57,211 - sistema_relatorios - INFO - Coluna de status: Data Final
2025-05-30 12:10:57,221 - sistema_relatorios - INFO - Coluna de nome: Nome
2025-05-30 12:10:57,222 - sistema_relatorios - INFO - Total de clientes ativos encontrados: 12
2025-05-30 12:10:57,223 - sistema_relatorios - INFO - Lista de clientes atualizada com 13 clientes
2025-05-30 12:10:57,256 - sistema_relatorios - INFO - Carregando clientes de: H:\.shortcut-targets-by-id\195uuohIL_ZKum7lhwu-OzJCH_CGAb97G\Relatórios\Financeiro\Planilhas_Base\clientes.xlsx
2025-05-30 12:10:57,286 - sistema_relatorios - INFO - Colunas disponíveis: ['Nome', 'Endereço', 'Data Inicial', 'Observações', 'Data Final']
2025-05-30 12:10:57,287 - sistema_relatorios - INFO - Coluna de status: Data Final
2025-05-30 12:10:57,289 - sistema_relatorios - INFO - Coluna de nome: Nome
2025-05-30 12:10:57,290 - sistema_relatorios - INFO - Total de clientes ativos encontrados: 12
2025-05-30 12:10:57,290 - sistema_relatorios - INFO - Lista de clientes carregada com 13 itens
2025-05-30 12:11:20,641 - matplotlib.category - INFO - Using categorical units to plot a list of strings that are all parsable as floats or dates. If these strings should be plotted as numbers, cast to the appropriate data type before plotting.
2025-05-30 12:11:20,644 - matplotlib.category - INFO - Using categorical units to plot a list of strings that are all parsable as floats or dates. If these strings should be plotted as numbers, cast to the appropriate data type before plotting.
2025-05-30 12:11:20,645 - matplotlib.category - INFO - Using categorical units to plot a list of strings that are all parsable as floats or dates. If these strings should be plotted as numbers, cast to the appropriate data type before plotting.
2025-05-30 12:11:20,647 - matplotlib.category - INFO - Using categorical units to plot a list of strings that are all parsable as floats or dates. If these strings should be plotted as numbers, cast to the appropriate data type before plotting.
2025-05-30 12:11:20,649 - matplotlib.category - INFO - Using categorical units to plot a list of strings that are all parsable as floats or dates. If these strings should be plotted as numbers, cast to the appropriate data type before plotting.
2025-05-30 12:11:20,651 - matplotlib.category - INFO - Using categorical units to plot a list of strings that are all parsable as floats or dates. If these strings should be plotted as numbers, cast to the appropriate data type before plotting.
2025-05-30 12:11:20,653 - matplotlib.category - INFO - Using categorical units to plot a list of strings that are all parsable as floats or dates. If these strings should be plotted as numbers, cast to the appropriate data type before plotting.
2025-05-30 12:11:20,655 - matplotlib.category - INFO - Using categorical units to plot a list of strings that are all parsable as floats or dates. If these strings should be plotted as numbers, cast to the appropriate data type before plotting.
2025-05-30 12:11:20,657 - matplotlib.category - INFO - Using categorical units to plot a list of strings that are all parsable as floats or dates. If these strings should be plotted as numbers, cast to the appropriate data type before plotting.
2025-05-30 12:11:20,659 - matplotlib.category - INFO - Using categorical units to plot a list of strings that are all parsable as floats or dates. If these strings should be plotted as numbers, cast to the appropriate data type before plotting.
2025-05-30 12:11:20,663 - matplotlib.category - INFO - Using categorical units to plot a list of strings that are all parsable as floats or dates. If these strings should be plotted as numbers, cast to the appropriate data type before plotting.
2025-05-30 12:11:20,666 - matplotlib.category - INFO - Using categorical units to plot a list of strings that are all parsable as floats or dates. If these strings should be plotted as numbers, cast to the appropriate data type before plotting.
2025-05-30 12:11:20,669 - matplotlib.category - INFO - Using categorical units to plot a list of strings that are all parsable as floats or dates. If these strings should be plotted as numbers, cast to the appropriate data type before plotting.
2025-05-30 12:11:20,672 - matplotlib.category - INFO - Using categorical units to plot a list of strings that are all parsable as floats or dates. If these strings should be plotted as numbers, cast to the appropriate data type before plotting.
2025-05-30 12:11:20,676 - matplotlib.category - INFO - Using categorical units to plot a list of strings that are all parsable as floats or dates. If these strings should be plotted as numbers, cast to the appropriate data type before plotting.
2025-05-30 12:11:20,679 - matplotlib.category - INFO - Using categorical units to plot a list of strings that are all parsable as floats or dates. If these strings should be plotted as numbers, cast to the appropriate data type before plotting.
2025-05-30 12:11:37,537 - sistema - INFO - Saída confirmada, finalizando sistema
2025-05-30 12:11:37,800 - sistema - INFO - Forçando encerramento do programa...
2025-05-30 14:52:35,165 - sistema_relatorios - INFO - Carregando clientes de: H:\.shortcut-targets-by-id\195uuohIL_ZKum7lhwu-OzJCH_CGAb97G\Relatórios\Financeiro\Planilhas_Base\clientes.xlsx
2025-05-30 14:52:35,396 - sistema_relatorios - INFO - Colunas disponíveis: ['Nome', 'Endereço', 'Data Inicial', 'Observações', 'Data Final']
2025-05-30 14:52:35,397 - sistema_relatorios - INFO - Coluna de status: Data Final
2025-05-30 14:52:35,410 - sistema_relatorios - INFO - Coluna de nome: Nome
2025-05-30 14:52:35,411 - sistema_relatorios - INFO - Total de clientes ativos encontrados: 12
2025-05-30 14:52:35,412 - sistema_relatorios - INFO - Lista de clientes atualizada com 13 clientes
2025-05-30 14:52:35,441 - sistema_relatorios - INFO - Carregando clientes de: H:\.shortcut-targets-by-id\195uuohIL_ZKum7lhwu-OzJCH_CGAb97G\Relatórios\Financeiro\Planilhas_Base\clientes.xlsx
2025-05-30 14:52:35,486 - sistema_relatorios - INFO - Colunas disponíveis: ['Nome', 'Endereço', 'Data Inicial', 'Observações', 'Data Final']
2025-05-30 14:52:35,486 - sistema_relatorios - INFO - Coluna de status: Data Final
2025-05-30 14:52:35,489 - sistema_relatorios - INFO - Coluna de nome: Nome
2025-05-30 14:52:35,489 - sistema_relatorios - INFO - Total de clientes ativos encontrados: 12
2025-05-30 14:52:35,491 - sistema_relatorios - INFO - Lista de clientes carregada com 13 itens
2025-05-30 14:53:46,253 - sistema - INFO - Saída confirmada, finalizando sistema
2025-05-30 14:53:46,515 - sistema - INFO - Forçando encerramento do programa...
