2026-06-22 17:37:58,697 - sistema - logger_config - INFO - Sistema de logging inicializado
2026-06-22 17:37:58,698 - sistema_relatorios - logger_config - INFO - Usuário alterado para: sistema_relatorios
2026-06-22 17:37:58,699 - sistema_relatorios - relatorios_interface - INFO - Sistema de relatórios inicializando usando logger configurado
2026-06-22 17:37:58,699 - sistema_relatorios - relatorios_interface - INFO - Configurações de janela importadas com sucesso
2026-06-22 17:37:58,700 - sistema_relatorios - relatorios_interface - INFO - === Sistema de Relatórios Inicializando ===
2026-06-22 17:38:18,272 - sistema_relatorios - gestao_medicoes - INFO - Logger importado com sucesso em gestao_medicoes.py
2026-06-22 17:38:18,331 - sistema_relatorios - gestao_medicoes - INFO - ✅ Janela Gestão de Medições inicializada com tripla proteção de visibilidade
2026-06-22 17:38:39,746 - sistema_relatorios - gestao_medicoes - INFO - Fornecedor selecionado na aba: PEDRINHO CAÇAMBAS (41.279.565/0001-37)
2026-06-22 17:38:42,102 - sistema_relatorios - gestao_medicoes - INFO - Fornecedor selecionado na aba: PEDRINHO CAÇAMBAS (41.279.565/0001-37)
2026-06-22 17:38:48,451 - sistema_relatorios - gestao_medicoes - INFO - Prazo calculado: 22 dias úteis (excluindo data início)
2026-06-22 17:38:48,452 - sistema_relatorios - gestao_medicoes - INFO - Formulário de contrato limpo
2026-06-22 17:38:48,751 - sistema_relatorios - gerador_contrato - INFO - Carregando serviços de: C:\Users\Obras\sistema_gestao_testes\testes\Financeiro\Planilhas_Base\servicos_construcao.json
2026-06-22 17:38:48,860 - sistema_relatorios - gerador_contrato - INFO - Serviços carregados: 10 categorias
2026-06-22 17:38:48,861 - sistema_relatorios - gerador_contrato - INFO - Pasta de contratos verificada: C:\Users\Obras\sistema_gestao_testes\testes\Financeiro\Clientes\Contratos
2026-06-22 17:38:48,862 - sistema_relatorios - gerador_contrato - INFO - GeradorContrato inicializado com sucesso (usando python-docx)
2026-06-22 17:38:48,862 - sistema_relatorios - gerador_contrato - INFO - Obtendo dados do cliente: BRUNO SANTANA RINALDI
2026-06-22 17:38:48,890 - sistema_relatorios - gerador_contrato - INFO - Colunas disponíveis: ['Nome', 'Endereço', 'Data Inicial', 'Observações', 'Data Final', 'Tipo Taxa', 'CPF', 'CNO', 'Estado Civil', 'Cidade', 'Grupo', 'Logradouro', 'Numero', 'Complemento', 'Localidade', 'CEP', 'Estado', 'Metragem_Alvara', 'Banco', 'Agencia', 'Conta', 'Tipo_Conta', 'PIX']
2026-06-22 17:38:48,892 - sistema_relatorios - gerador_contrato - INFO - CPF bruto obtido: 123.456.789-00 (tipo: <class 'str'>)
2026-06-22 17:38:48,892 - sistema_relatorios - gerador_contrato - INFO - CPF como string: 123.456.789-00
2026-06-22 17:38:48,893 - sistema_relatorios - gerador_contrato - INFO - CPF apenas números: 12345678900
2026-06-22 17:38:48,893 - sistema_relatorios - gerador_contrato - INFO - ✅ CPF formatado: 123.456.789-00
2026-06-22 17:38:48,894 - sistema_relatorios - gerador_contrato - INFO - CNO já formatado: 90.018.91862/63
2026-06-22 17:38:48,895 - sistema_relatorios - gerador_contrato - INFO - ✅ Dados do cliente processados - CPF final: 123.456.789-00
2026-06-22 17:38:48,895 - sistema_relatorios - gerador_contrato - INFO - Dados do cliente obtidos com sucesso: BRUNO SANTANA RINALDI
2026-06-22 17:38:59,160 - sistema_relatorios - gestao_medicoes - INFO - Data Fim calculada: 23/07/2026 (22 dias úteis, excluindo data início)
2026-06-22 17:38:59,858 - sistema_relatorios - gestao_medicoes - INFO - Data Fim calculada: 10/06/2027 (252 dias úteis, excluindo data início)
2026-06-22 17:39:05,135 - sistema_relatorios - gestao_medicoes - INFO - Data Fim calculada: 10/06/2027 (252 dias úteis, excluindo data início)
2026-06-22 17:49:21,915 - sistema_relatorios - gestao_medicoes - INFO - Medição excluída: Contrato 9, Medição #2, Valor: 10000
2026-06-22 17:49:36,814 - sistema_relatorios - gestao_medicoes - INFO - Medição excluída: Contrato 10, Medição #1, Valor: 3500
2026-06-22 17:49:51,248 - sistema_relatorios - gestao_medicoes - INFO - Medição excluída: Contrato 13, Medição #1, Valor: 5500
2026-06-22 18:45:34,197 - sistema_relatorios - gestao_medicoes - INFO - ✅ Janela de Gestão de Medições fechada
2026-06-22 18:45:34,233 - sistema_relatorios - gestao_medicoes - INFO - ✅ Menu principal restaurado
2026-06-22 18:48:09,757 - sistema - logger_config - INFO - Sistema de logging inicializado
2026-06-22 18:48:09,765 - sistema_relatorios - logger_config - INFO - Usuário alterado para: sistema_relatorios
2026-06-22 18:48:09,766 - sistema_relatorios - relatorios_interface - INFO - Sistema de relatórios inicializando usando logger configurado
2026-06-22 18:48:09,767 - sistema_relatorios - relatorios_interface - INFO - Configurações de janela importadas com sucesso
2026-06-22 18:48:09,767 - sistema_relatorios - relatorios_interface - INFO - === Sistema de Relatórios Inicializando ===
2026-06-22 18:48:19,236 - sistema_relatorios - gestao_medicoes - INFO - Logger importado com sucesso em gestao_medicoes.py
2026-06-22 18:48:19,352 - sistema_relatorios - gestao_medicoes - INFO - ✅ Janela Gestão de Medições inicializada com tripla proteção de visibilidade
2026-06-22 18:50:05,713 - sistema_relatorios - gestao_medicoes - INFO - ✅ Janela de Gestão de Medições fechada
2026-06-22 18:50:05,725 - sistema_relatorios - gestao_medicoes - INFO - ✅ Menu principal restaurado
2026-06-22 18:52:16,747 - sistema - logger_config - INFO - Sistema de logging inicializado
2026-06-22 18:52:16,758 - sistema_relatorios - logger_config - INFO - Usuário alterado para: sistema_relatorios
2026-06-22 18:52:16,766 - sistema_relatorios - relatorios_interface - INFO - Sistema de relatórios inicializando usando logger configurado
2026-06-22 18:52:16,767 - sistema_relatorios - relatorios_interface - INFO - Configurações de janela importadas com sucesso
2026-06-22 18:52:16,770 - sistema_relatorios - relatorios_interface - INFO - === Sistema de Relatórios Inicializando ===
2026-06-22 18:53:03,594 - sistema_relatorios - gestao_medicoes - INFO - Logger importado com sucesso em gestao_medicoes.py
2026-06-22 18:53:03,618 - sistema_relatorios - gestao_medicoes - INFO - ✅ Janela Gestão de Medições inicializada com tripla proteção de visibilidade
2026-06-22 18:55:21,968 - sistema_relatorios - gestao_medicoes - INFO - Fornecedor selecionado na aba: JOSÉ TEIXEIRA (524.475.616-87)
2026-06-22 18:55:24,228 - sistema_relatorios - gestao_medicoes - INFO - Fornecedor selecionado na aba: JOSÉ TEIXEIRA (524.475.616-87)
2026-06-22 18:55:36,600 - sistema_relatorios - gestao_medicoes - INFO - Prazo calculado: 22 dias úteis (excluindo data início)
2026-06-22 18:55:36,600 - sistema_relatorios - gestao_medicoes - INFO - Formulário de contrato limpo
2026-06-22 18:55:36,937 - sistema_relatorios - gerador_contrato - INFO - Carregando serviços de: C:\Users\Obras\sistema_gestao_testes\testes\Financeiro\Planilhas_Base\servicos_construcao.json
2026-06-22 18:55:36,939 - sistema_relatorios - gerador_contrato - INFO - Serviços carregados: 10 categorias
2026-06-22 18:55:36,940 - sistema_relatorios - gerador_contrato - INFO - Pasta de contratos verificada: C:\Users\Obras\sistema_gestao_testes\testes\Financeiro\Clientes\Contratos
2026-06-22 18:55:36,940 - sistema_relatorios - gerador_contrato - INFO - GeradorContrato inicializado com sucesso (usando python-docx)
2026-06-22 18:55:36,941 - sistema_relatorios - gerador_contrato - INFO - Obtendo dados do cliente: BRUNO SANTANA RINALDI
2026-06-22 18:55:36,968 - sistema_relatorios - gerador_contrato - INFO - Colunas disponíveis: ['Nome', 'Endereço', 'Data Inicial', 'Observações', 'Data Final', 'Tipo Taxa', 'CPF', 'CNO', 'Estado Civil', 'Cidade', 'Grupo', 'Logradouro', 'Numero', 'Complemento', 'Localidade', 'CEP', 'Estado', 'Metragem_Alvara', 'Banco', 'Agencia', 'Conta', 'Tipo_Conta', 'PIX']
2026-06-22 18:55:36,971 - sistema_relatorios - gerador_contrato - INFO - CPF bruto obtido: 123.456.789-00 (tipo: <class 'str'>)
2026-06-22 18:55:36,972 - sistema_relatorios - gerador_contrato - INFO - CPF como string: 123.456.789-00
2026-06-22 18:55:36,973 - sistema_relatorios - gerador_contrato - INFO - CPF apenas números: 12345678900
2026-06-22 18:55:36,973 - sistema_relatorios - gerador_contrato - INFO - ✅ CPF formatado: 123.456.789-00
2026-06-22 18:55:36,974 - sistema_relatorios - gerador_contrato - INFO - CNO já formatado: 90.018.91862/63
2026-06-22 18:55:36,975 - sistema_relatorios - gerador_contrato - INFO - ✅ Dados do cliente processados - CPF final: 123.456.789-00
2026-06-22 18:55:36,975 - sistema_relatorios - gerador_contrato - INFO - Dados do cliente obtidos com sucesso: BRUNO SANTANA RINALDI
2026-06-22 18:55:43,916 - sistema_relatorios - gestao_medicoes - INFO - Data Fim calculada: 02/07/2026 (7 dias úteis, excluindo data início)
2026-06-22 18:55:44,197 - sistema_relatorios - gestao_medicoes - INFO - Data Fim calculada: 06/10/2026 (75 dias úteis, excluindo data início)
2026-06-22 18:55:49,549 - sistema_relatorios - gestao_medicoes - INFO - Data Fim calculada: 06/10/2026 (75 dias úteis, excluindo data início)
2026-06-22 18:56:36,892 - sistema_relatorios - gestao_medicoes - INFO - 1 serviços selecionados
2026-06-22 18:57:35,585 - sistema_relatorios - gestao_medicoes - INFO - Fornecedor selecionado na aba: ALFATEC INSTALACOES (14.051.624/0001-42)
2026-06-22 18:57:50,500 - sistema_relatorios - gestao_medicoes - INFO - Prazo calculado: 22 dias úteis (excluindo data início)
2026-06-22 18:57:50,501 - sistema_relatorios - gestao_medicoes - INFO - Formulário de contrato limpo
2026-06-22 18:57:50,556 - sistema_relatorios - gerador_contrato - INFO - Obtendo dados do cliente: BRUNO SANTANA RINALDI
2026-06-22 18:57:50,583 - sistema_relatorios - gerador_contrato - INFO - Colunas disponíveis: ['Nome', 'Endereço', 'Data Inicial', 'Observações', 'Data Final', 'Tipo Taxa', 'CPF', 'CNO', 'Estado Civil', 'Cidade', 'Grupo', 'Logradouro', 'Numero', 'Complemento', 'Localidade', 'CEP', 'Estado', 'Metragem_Alvara', 'Banco', 'Agencia', 'Conta', 'Tipo_Conta', 'PIX']
2026-06-22 18:57:50,586 - sistema_relatorios - gerador_contrato - INFO - CPF bruto obtido: 123.456.789-00 (tipo: <class 'str'>)
2026-06-22 18:57:50,586 - sistema_relatorios - gerador_contrato - INFO - CPF como string: 123.456.789-00
2026-06-22 18:57:50,587 - sistema_relatorios - gerador_contrato - INFO - CPF apenas números: 12345678900
2026-06-22 18:57:50,587 - sistema_relatorios - gerador_contrato - INFO - ✅ CPF formatado: 123.456.789-00
2026-06-22 18:57:50,588 - sistema_relatorios - gerador_contrato - INFO - CNO já formatado: 90.018.91862/63
2026-06-22 18:57:50,590 - sistema_relatorios - gerador_contrato - INFO - ✅ Dados do cliente processados - CPF final: 123.456.789-00
2026-06-22 18:57:50,591 - sistema_relatorios - gerador_contrato - INFO - Dados do cliente obtidos com sucesso: BRUNO SANTANA RINALDI
2026-06-22 18:57:56,579 - sistema_relatorios - gestao_medicoes - INFO - Data Fim calculada: 29/06/2026 (4 dias úteis, excluindo data início)
2026-06-22 18:57:56,804 - sistema_relatorios - gestao_medicoes - INFO - Data Fim calculada: 25/08/2026 (45 dias úteis, excluindo data início)
2026-06-22 18:57:58,820 - sistema_relatorios - gestao_medicoes - INFO - Data Fim calculada: 25/08/2026 (45 dias úteis, excluindo data início)
2026-06-22 18:58:32,267 - sistema_relatorios - gerador_contrato - INFO - Obtendo dados do cliente: BRUNO SANTANA RINALDI
2026-06-22 18:58:32,297 - sistema_relatorios - gerador_contrato - INFO - Colunas disponíveis: ['Nome', 'Endereço', 'Data Inicial', 'Observações', 'Data Final', 'Tipo Taxa', 'CPF', 'CNO', 'Estado Civil', 'Cidade', 'Grupo', 'Logradouro', 'Numero', 'Complemento', 'Localidade', 'CEP', 'Estado', 'Metragem_Alvara', 'Banco', 'Agencia', 'Conta', 'Tipo_Conta', 'PIX']
2026-06-22 18:58:32,299 - sistema_relatorios - gerador_contrato - INFO - CPF bruto obtido: 123.456.789-00 (tipo: <class 'str'>)
2026-06-22 18:58:32,300 - sistema_relatorios - gerador_contrato - INFO - CPF como string: 123.456.789-00
2026-06-22 18:58:32,301 - sistema_relatorios - gerador_contrato - INFO - CPF apenas números: 12345678900
2026-06-22 18:58:32,301 - sistema_relatorios - gerador_contrato - INFO - ✅ CPF formatado: 123.456.789-00
2026-06-22 18:58:32,302 - sistema_relatorios - gerador_contrato - INFO - CNO já formatado: 90.018.91862/63
2026-06-22 18:58:32,303 - sistema_relatorios - gerador_contrato - INFO - ✅ Dados do cliente processados - CPF final: 123.456.789-00
2026-06-22 18:58:32,304 - sistema_relatorios - gerador_contrato - INFO - Dados do cliente obtidos com sucesso: BRUNO SANTANA RINALDI
2026-06-22 18:58:32,305 - sistema_relatorios - gerador_contrato - INFO - Obtendo dados do fornecedor por nome: ALFATEC INSTALACOES
2026-06-22 18:58:32,820 - sistema_relatorios - gerador_contrato - INFO - Colunas disponíveis na planilha de fornecedores: ['CNPJ/CPF', 'tipo_pessoa', 'RAZÃO SOCIAL', 'NOME', 'TELEFONE:', 'EMAIL:', 'BANCO:', 'OP', 'AGENCIA:', 'CONTA:', 'Chave_PIX', 'CATEGORIA: ', 'ESPECIFICACAO', 'VÍNCULO', 'DADOS BANCÁRIOS', 'ENDEREÇO', 'STATUS', 'RESPONSAVEL']
2026-06-22 18:58:32,829 - sistema_relatorios - gerador_contrato - INFO - ✅ Fornecedor encontrado na planilha
2026-06-22 18:58:32,830 - sistema_relatorios - gerador_contrato - INFO - CPF/CNPJ: 14051624000142 → 14.051.624/0001-42
2026-06-22 18:58:32,830 - sistema_relatorios - gerador_contrato - INFO - ✅ Endereço encontrado: RUA LAURO RODRIGUES DA CUNHA, 111, ACAIACA - 31995-120 - BELO HORIZONTE MG
2026-06-22 18:58:32,831 - sistema_relatorios - gerador_contrato - INFO - ✅ Dados obtidos: Nome=ALFATEC INSTALACOES, CNPJ/CPF=14.051.624/0001-42, Endereço=RUA LAURO RODRIGUES DA CUNHA, 111, ACAIACA - 31995-120 - BELO HORIZONTE MG
2026-06-22 18:58:34,006 - sistema_relatorios - gerador_contrato - INFO - === INICIANDO GERAÇÃO DE CONTRATO ===
2026-06-22 18:58:34,006 - sistema_relatorios - gerador_contrato - INFO - 📋 Dados do contrato recebidos: ['data', 'cidade', 'cliente_nome', 'cliente_cno', 'cliente_cpf', 'cliente_estado_civil', 'cliente_endereco', 'fornecedor_nome', 'fornecedor_cnpj_cpf', 'fornecedor_endereco', 'endereco_obra', 'dias', 'valor', 'multa', 'dados_bancarios', 'data_condicionada', 'data_inicio', 'data_fim', 'descricao']
2026-06-22 18:58:34,007 - sistema_relatorios - gerador_contrato - INFO - Usando formato dict - Cliente: BRUNO SANTANA RINALDI
2026-06-22 18:58:34,007 - sistema_relatorios - gerador_contrato - INFO - Fornecedor CPF/CNPJ do dict: 14.051.624/0001-42
2026-06-22 18:58:34,008 - sistema_relatorios - gerador_contrato - INFO - Prazo informado: 45 dias
2026-06-22 18:58:34,008 - sistema_relatorios - gerador_contrato - INFO - Multa informada: 0
2026-06-22 18:58:34,009 - sistema_relatorios - gerador_contrato - INFO - ✅ Dados cliente processados: BRUNO SANTANA RINALDI
2026-06-22 18:58:34,009 - sistema_relatorios - gerador_contrato - INFO - ✅ Dados fornecedor processados: ALFATEC INSTALACOES - 14.051.624/0001-42
2026-06-22 18:58:34,010 - sistema_relatorios - gerador_contrato - INFO - ✅ Usando prazo do formulário: 45 dias úteis
2026-06-22 18:58:34,154 - sistema_relatorios - gerador_contrato - INFO - ✅ Usando multa do formulário: R$ 0.0
2026-06-22 18:58:34,155 - sistema_relatorios - gerador_contrato - INFO - ✅ Data do contrato: 22/06/2026 (22 de junho de 2026)
2026-06-22 18:58:34,155 - sistema_relatorios - gerador_contrato - INFO - ✅ Data início dos serviços: 23/06/2026
2026-06-22 18:58:34,254 - sistema_relatorios - gerador_contrato - INFO - ✓ Contrato datado de 22/06/2026, serviços de 23/06/2026 a 25/08/2026
2026-06-22 18:58:34,304 - sistema_relatorios - gerador_contrato - INFO - ✅ Contrato gerado com sucesso: C:\Users\Obras\sistema_gestao_testes\testes\Financeiro\Clientes\Contratos\Contrato_BRUNO_SANTANA_RINALDI_20260622_185834.docx
2026-06-22 18:58:38,049 - sistema_relatorios - gestao_medicoes - INFO - Pasta de contratos aberta: C:\Users\Obras\sistema_gestao_testes\testes\Financeiro\Clientes\Contratos
2026-06-22 19:04:55,328 - sistema_relatorios - gestao_medicoes - INFO - Prazo calculado: 22 dias úteis (excluindo data início)
2026-06-22 19:04:55,340 - sistema_relatorios - gestao_medicoes - INFO - Formulário de contrato limpo
2026-06-22 19:05:07,541 - sistema_relatorios - gestao_medicoes - INFO - ✅ Janela de Gestão de Medições fechada
2026-06-22 19:05:07,548 - sistema_relatorios - gestao_medicoes - INFO - ✅ Menu principal restaurado
