2025-12-08 10:28:55,538 - sistema - logger_config - INFO - Sistema de logging inicializado
2025-12-08 10:28:55,539 - sistema_relatorios - logger_config - INFO - Usuário alterado para: sistema_relatorios
2025-12-08 10:28:55,539 - sistema_relatorios - relatorios_interface - INFO - Sistema de relatórios inicializando usando logger configurado
2025-12-08 10:28:55,540 - sistema_relatorios - relatorios_interface - INFO - Configurações de janela importadas com sucesso
2025-12-08 10:28:55,540 - sistema_relatorios - relatorios_interface - INFO - === Sistema de Relatórios Inicializando ===
2025-12-08 10:33:04,014 - sistema - logger_config - INFO - Sistema de logging inicializado
2025-12-08 10:33:04,016 - sistema_relatorios - logger_config - INFO - Usuário alterado para: sistema_relatorios
2025-12-08 10:33:04,016 - sistema_relatorios - relatorios_interface - INFO - Sistema de relatórios inicializando usando logger configurado
2025-12-08 10:33:04,016 - sistema_relatorios - relatorios_interface - INFO - Configurações de janela importadas com sucesso
2025-12-08 10:33:04,017 - sistema_relatorios - relatorios_interface - INFO - === Sistema de Relatórios Inicializando ===
2025-12-08 10:33:10,376 - sistema_relatorios - gestao_medicoes - INFO - Logger importado com sucesso em gestao_medicoes.py
2025-12-08 10:33:10,604 - sistema_relatorios - gestao_medicoes - INFO - ✅ Janela Gestão de Medições inicializada com tripla proteção de visibilidade
2025-12-08 10:33:12,176 - sistema_relatorios - gerador_contrato - INFO - Carregando serviços de: C:\Users\Obras\sistema_gestao_testes\testes\Financeiro\Planilhas_Base\servicos_construcao.json
2025-12-08 10:33:12,234 - sistema_relatorios - gerador_contrato - INFO - Serviços carregados: 10 categorias
2025-12-08 10:33:12,236 - sistema_relatorios - gerador_contrato - INFO - Pasta de contratos verificada: C:\Users\Obras\sistema_gestao_testes\testes\Financeiro\Clientes\Contratos
2025-12-08 10:33:12,238 - sistema_relatorios - gerador_contrato - INFO - GeradorContrato inicializado com sucesso (usando python-docx)
2025-12-08 10:34:21,064 - sistema_relatorios - gerador_contrato - INFO - Obtendo dados do cliente: BRUNO SANTANA RINALDI
2025-12-08 10:34:21,084 - sistema_relatorios - gerador_contrato - INFO - Colunas disponíveis: ['Nome', 'Endereço', 'Data Inicial', 'Observações', 'Data Final', 'Tipo Taxa', 'CPF', 'CNO', 'Estado Civil', 'Cidade', 'Grupo']
2025-12-08 10:34:21,103 - sistema_relatorios - gerador_contrato - INFO - CPF bruto obtido: 12345678900.0 (tipo: <class 'numpy.float64'>)
2025-12-08 10:34:21,110 - sistema_relatorios - gerador_contrato - INFO - CPF convertido de float: 12345678900.0 → 12345678900
2025-12-08 10:34:21,111 - sistema_relatorios - gerador_contrato - INFO - CPF apenas números: 12345678900
2025-12-08 10:34:21,112 - sistema_relatorios - gerador_contrato - INFO - ✅ CPF formatado: 123.456.789-00
2025-12-08 10:34:21,114 - sistema_relatorios - gerador_contrato - INFO - CNO já formatado: 90.018.91862/63
2025-12-08 10:34:21,119 - sistema_relatorios - gerador_contrato - INFO - ✅ Dados do cliente processados - CPF final: 123.456.789-00
2025-12-08 10:34:21,122 - sistema_relatorios - gerador_contrato - INFO - Dados do cliente obtidos com sucesso: BRUNO SANTANA RINALDI
2025-12-08 10:34:21,125 - sistema_relatorios - gestao_medicoes - INFO - Dados do cliente carregados na aba de contrato: BRUNO SANTANA RINALDI
2025-12-08 10:34:28,160 - sistema_relatorios - gestao_medicoes - INFO - Buscando fornecedores com termo: al
2025-12-08 10:34:29,296 - sistema_relatorios - gestao_medicoes - INFO - ✅ 227 fornecedores encontrados
2025-12-08 10:34:29,297 - sistema_relatorios - gestao_medicoes - INFO - Buscando fornecedores com termo: al
2025-12-08 10:34:30,505 - sistema_relatorios - gestao_medicoes - INFO - ✅ 227 fornecedores encontrados
2025-12-08 10:34:30,508 - sistema_relatorios - gestao_medicoes - INFO - Buscando fornecedores com termo: ali
2025-12-08 10:34:31,676 - sistema_relatorios - gestao_medicoes - INFO - ✅ 14 fornecedores encontrados
2025-12-08 10:34:31,678 - sistema_relatorios - gestao_medicoes - INFO - Buscando fornecedores com termo: alis
2025-12-08 10:34:32,737 - sistema_relatorios - gestao_medicoes - INFO - ✅ 2 fornecedores encontrados
2025-12-08 10:34:34,409 - sistema_relatorios - gestao_medicoes - INFO - Carregando dados do fornecedor: ALISON FRANCISCO LEITE (CNPJ: 073.385.186-02)
2025-12-08 10:34:35,510 - sistema_relatorios - gestao_medicoes - WARNING - Fornecedor 'ALISON FRANCISCO LEITE' sem endereço cadastrado
2025-12-08 10:34:36,773 - sistema_relatorios - gestao_medicoes - INFO - ✅ Dados do fornecedor 'ALISON FRANCISCO LEITE' carregados
2025-12-08 10:34:36,775 - sistema_relatorios - gestao_medicoes - INFO - Carregando dados do fornecedor: ALISON FRANCISCO LEITE (CNPJ: 073.385.186-02)
2025-12-08 10:34:37,811 - sistema_relatorios - gestao_medicoes - WARNING - Fornecedor 'ALISON FRANCISCO LEITE' sem endereço cadastrado
2025-12-08 10:34:38,920 - sistema_relatorios - gestao_medicoes - INFO - ✅ Dados do fornecedor 'ALISON FRANCISCO LEITE' carregados
2025-12-08 10:34:46,729 - sistema_relatorios - gestao_medicoes - INFO - Data do Contrato/Início sincronizadas: 2025-11-03
2025-12-08 10:34:50,539 - sistema_relatorios - gestao_medicoes - INFO - Data Fim calculada: 07/11/2025 (4 dias úteis, excluindo data início)
2025-12-08 10:34:50,745 - sistema_relatorios - gestao_medicoes - INFO - Data Fim calculada: 05/01/2026 (45 dias úteis, excluindo data início)
2025-12-08 10:34:52,998 - sistema_relatorios - gestao_medicoes - INFO - Data Fim calculada: 05/01/2026 (45 dias úteis, excluindo data início)
2025-12-08 10:35:18,680 - sistema_relatorios - gerador_contrato - INFO - Obtendo dados do cliente: BRUNO SANTANA RINALDI
2025-12-08 10:35:18,715 - sistema_relatorios - gerador_contrato - INFO - Colunas disponíveis: ['Nome', 'Endereço', 'Data Inicial', 'Observações', 'Data Final', 'Tipo Taxa', 'CPF', 'CNO', 'Estado Civil', 'Cidade', 'Grupo']
2025-12-08 10:35:18,721 - sistema_relatorios - gerador_contrato - INFO - CPF bruto obtido: 12345678900.0 (tipo: <class 'numpy.float64'>)
2025-12-08 10:35:18,730 - sistema_relatorios - gerador_contrato - INFO - CPF convertido de float: 12345678900.0 → 12345678900
2025-12-08 10:35:18,731 - sistema_relatorios - gerador_contrato - INFO - CPF apenas números: 12345678900
2025-12-08 10:35:18,732 - sistema_relatorios - gerador_contrato - INFO - ✅ CPF formatado: 123.456.789-00
2025-12-08 10:35:18,733 - sistema_relatorios - gerador_contrato - INFO - CNO já formatado: 90.018.91862/63
2025-12-08 10:35:18,734 - sistema_relatorios - gerador_contrato - INFO - ✅ Dados do cliente processados - CPF final: 123.456.789-00
2025-12-08 10:35:18,738 - sistema_relatorios - gerador_contrato - INFO - Dados do cliente obtidos com sucesso: BRUNO SANTANA RINALDI
2025-12-08 10:35:18,741 - sistema_relatorios - gerador_contrato - INFO - Obtendo dados do fornecedor por nome: ALISON FRANCISCO LEITE
2025-12-08 10:35:19,228 - sistema_relatorios - gerador_contrato - INFO - Colunas disponíveis na planilha de fornecedores: ['CNPJ/CPF', 'tipo_pessoa', 'RAZÃO SOCIAL', 'NOME', 'TELEFONE:', 'EMAIL:', 'BANCO:', 'OP', 'AGENCIA:', 'CONTA:', 'Chave_PIX', 'CATEGORIA: ', 'ESPECIFICACAO', 'VÍNCULO', 'DADOS BANCÁRIOS', 'ENDEREÇO']
2025-12-08 10:35:19,236 - sistema_relatorios - gerador_contrato - INFO - ✅ Fornecedor encontrado na planilha
2025-12-08 10:35:19,237 - sistema_relatorios - gerador_contrato - INFO - CPF/CNPJ: 7338518602 → 07338518602
2025-12-08 10:35:19,238 - sistema_relatorios - gerador_contrato - WARNING - Endereço não encontrado para fornecedor ALISON FRANCISCO LEITE
2025-12-08 10:35:19,239 - sistema_relatorios - gerador_contrato - INFO - ✅ Dados obtidos: Nome=ALISON FRANCISCO LEITE, CNPJ/CPF=07338518602, Endereço=não informado
2025-12-08 10:35:19,241 - sistema_relatorios - gerador_contrato - INFO - === INICIANDO GERAÇÃO DE CONTRATO ===
2025-12-08 10:35:19,242 - sistema_relatorios - gerador_contrato - INFO - 📋 Dados do contrato recebidos: ['data', 'cidade', 'cliente_nome', 'cliente_cno', 'cliente_cpf', 'cliente_estado_civil', 'cliente_endereco', 'fornecedor_nome', 'fornecedor_cnpj_cpf', 'fornecedor_endereco', 'endereco_obra', 'dias', 'data_inicio', 'data_fim', 'valor', 'multa', 'dados_bancarios', 'descricao']
2025-12-08 10:35:19,244 - sistema_relatorios - gerador_contrato - INFO - Usando formato dict - Cliente: BRUNO SANTANA RINALDI
2025-12-08 10:35:19,245 - sistema_relatorios - gerador_contrato - INFO - Fornecedor CPF/CNPJ do dict: 07338518602
2025-12-08 10:35:19,246 - sistema_relatorios - gerador_contrato - INFO - Prazo informado: 45 dias
2025-12-08 10:35:19,247 - sistema_relatorios - gerador_contrato - INFO - Multa informada: R$ 4.000,00
2025-12-08 10:35:19,247 - sistema_relatorios - gerador_contrato - INFO - ✅ Dados cliente processados: BRUNO SANTANA RINALDI
2025-12-08 10:35:19,248 - sistema_relatorios - gerador_contrato - INFO - ✅ Dados fornecedor processados: ALISON FRANCISCO LEITE - 07338518602
2025-12-08 10:35:19,249 - sistema_relatorios - gerador_contrato - INFO - ✅ Usando prazo do formulário: 45 dias úteis
2025-12-08 10:35:19,386 - sistema_relatorios - gerador_contrato - INFO - ✅ Usando multa do formulário: R$ 4000.0
2025-12-08 10:35:19,388 - sistema_relatorios - gerador_contrato - INFO - ✅ Data do contrato: 03/11/2025 (3 de novembro de 2025)
2025-12-08 10:35:19,519 - sistema_relatorios - gerador_contrato - INFO - ✅ Contrato gerado com sucesso: C:\Users\Obras\sistema_gestao_testes\testes\Financeiro\Clientes\Contratos\Contrato_BRUNO_SANTANA_RINALDI_20251208_103519.docx
2025-12-08 10:35:24,128 - sistema_relatorios - gestao_medicoes - INFO - Pasta de contratos aberta: C:\Users\Obras\sistema_gestao_testes\testes\Financeiro\Clientes\Contratos
2025-12-08 10:49:02,095 - sistema_relatorios - gestao_medicoes - INFO - ✅ Janela de Gestão de Medições fechada
2025-12-08 10:49:02,138 - sistema_relatorios - gestao_medicoes - INFO - ✅ Menu principal restaurado
2025-12-08 10:49:18,791 - sistema - logger_config - INFO - Sistema de logging inicializado
2025-12-08 10:49:18,792 - sistema_relatorios - logger_config - INFO - Usuário alterado para: sistema_relatorios
2025-12-08 10:49:18,793 - sistema_relatorios - relatorios_interface - INFO - Sistema de relatórios inicializando usando logger configurado
2025-12-08 10:49:18,793 - sistema_relatorios - relatorios_interface - INFO - Configurações de janela importadas com sucesso
2025-12-08 10:49:18,793 - sistema_relatorios - relatorios_interface - INFO - === Sistema de Relatórios Inicializando ===
2025-12-08 10:49:23,649 - sistema_relatorios - gestao_medicoes - INFO - Logger importado com sucesso em gestao_medicoes.py
2025-12-08 10:49:23,846 - sistema_relatorios - gestao_medicoes - INFO - ✅ Janela Gestão de Medições inicializada com tripla proteção de visibilidade
2025-12-08 10:49:25,238 - sistema_relatorios - gerador_contrato - INFO - Carregando serviços de: C:\Users\Obras\sistema_gestao_testes\testes\Financeiro\Planilhas_Base\servicos_construcao.json
2025-12-08 10:49:25,240 - sistema_relatorios - gerador_contrato - INFO - Serviços carregados: 10 categorias
2025-12-08 10:49:25,242 - sistema_relatorios - gerador_contrato - INFO - Pasta de contratos verificada: C:\Users\Obras\sistema_gestao_testes\testes\Financeiro\Clientes\Contratos
2025-12-08 10:49:25,242 - sistema_relatorios - gerador_contrato - INFO - GeradorContrato inicializado com sucesso (usando python-docx)
2025-12-08 10:49:50,987 - sistema_relatorios - gestao_medicoes - INFO - ✅ Janela de Gestão de Medições fechada
2025-12-08 10:49:50,992 - sistema_relatorios - gestao_medicoes - INFO - ✅ Menu principal restaurado
2025-12-08 10:52:45,332 - sistema - logger_config - INFO - Sistema de logging inicializado
2025-12-08 10:52:45,333 - sistema_relatorios - logger_config - INFO - Usuário alterado para: sistema_relatorios
2025-12-08 10:52:45,333 - sistema_relatorios - relatorios_interface - INFO - Sistema de relatórios inicializando usando logger configurado
2025-12-08 10:52:45,334 - sistema_relatorios - relatorios_interface - INFO - Configurações de janela importadas com sucesso
2025-12-08 10:52:45,334 - sistema_relatorios - relatorios_interface - INFO - === Sistema de Relatórios Inicializando ===
2025-12-08 10:53:35,983 - sistema - logger_config - INFO - Sistema de logging inicializado
2025-12-08 10:53:35,983 - sistema_relatorios - logger_config - INFO - Usuário alterado para: sistema_relatorios
2025-12-08 10:53:35,984 - sistema_relatorios - relatorios_interface - INFO - Sistema de relatórios inicializando usando logger configurado
2025-12-08 10:53:35,984 - sistema_relatorios - relatorios_interface - INFO - Configurações de janela importadas com sucesso
2025-12-08 10:53:35,985 - sistema_relatorios - relatorios_interface - INFO - === Sistema de Relatórios Inicializando ===
2025-12-08 10:53:40,033 - sistema_relatorios - gestao_medicoes - INFO - Logger importado com sucesso em gestao_medicoes.py
2025-12-08 10:53:40,232 - sistema_relatorios - gestao_medicoes - INFO - ✅ Janela Gestão de Medições inicializada com tripla proteção de visibilidade
2025-12-08 10:53:41,861 - sistema_relatorios - gerador_contrato - INFO - Carregando serviços de: C:\Users\Obras\sistema_gestao_testes\testes\Financeiro\Planilhas_Base\servicos_construcao.json
2025-12-08 10:53:41,863 - sistema_relatorios - gerador_contrato - INFO - Serviços carregados: 10 categorias
2025-12-08 10:53:41,865 - sistema_relatorios - gerador_contrato - INFO - Pasta de contratos verificada: C:\Users\Obras\sistema_gestao_testes\testes\Financeiro\Clientes\Contratos
2025-12-08 10:53:41,866 - sistema_relatorios - gerador_contrato - INFO - GeradorContrato inicializado com sucesso (usando python-docx)
2025-12-08 10:53:54,192 - sistema_relatorios - gerador_contrato - INFO - Obtendo dados do cliente: BRUNO SANTANA RINALDI
2025-12-08 10:53:54,211 - sistema_relatorios - gerador_contrato - INFO - Colunas disponíveis: ['Nome', 'Endereço', 'Data Inicial', 'Observações', 'Data Final', 'Tipo Taxa', 'CPF', 'CNO', 'Estado Civil', 'Cidade', 'Grupo']
2025-12-08 10:53:54,229 - sistema_relatorios - gerador_contrato - INFO - CPF bruto obtido: 12345678900.0 (tipo: <class 'numpy.float64'>)
2025-12-08 10:53:54,230 - sistema_relatorios - gerador_contrato - INFO - CPF convertido de float: 12345678900.0 → 12345678900
2025-12-08 10:53:54,231 - sistema_relatorios - gerador_contrato - INFO - CPF apenas números: 12345678900
2025-12-08 10:53:54,231 - sistema_relatorios - gerador_contrato - INFO - ✅ CPF formatado: 123.456.789-00
2025-12-08 10:53:54,232 - sistema_relatorios - gerador_contrato - INFO - CNO já formatado: 90.018.91862/63
2025-12-08 10:53:54,235 - sistema_relatorios - gerador_contrato - INFO - ✅ Dados do cliente processados - CPF final: 123.456.789-00
2025-12-08 10:53:54,238 - sistema_relatorios - gerador_contrato - INFO - Dados do cliente obtidos com sucesso: BRUNO SANTANA RINALDI
2025-12-08 10:53:54,240 - sistema_relatorios - gestao_medicoes - INFO - Dados do cliente carregados na aba de contrato: BRUNO SANTANA RINALDI
2025-12-08 10:54:02,865 - sistema_relatorios - gestao_medicoes - INFO - Buscando fornecedores com termo: e
2025-12-08 10:54:03,900 - sistema_relatorios - gestao_medicoes - INFO - ✅ 855 fornecedores encontrados
2025-12-08 10:54:03,902 - sistema_relatorios - gestao_medicoes - INFO - Buscando fornecedores com termo: em
2025-12-08 10:54:04,958 - sistema_relatorios - gestao_medicoes - INFO - ✅ 56 fornecedores encontrados
2025-12-08 10:54:04,961 - sistema_relatorios - gestao_medicoes - INFO - Buscando fornecedores com termo: emi
2025-12-08 10:54:06,012 - sistema_relatorios - gestao_medicoes - INFO - ✅ 9 fornecedores encontrados
2025-12-08 10:54:06,014 - sistema_relatorios - gestao_medicoes - INFO - Buscando fornecedores com termo: emil
2025-12-08 10:54:07,168 - sistema_relatorios - gestao_medicoes - INFO - ✅ 3 fornecedores encontrados
2025-12-08 10:54:07,170 - sistema_relatorios - gestao_medicoes - INFO - Buscando fornecedores com termo: emili
2025-12-08 10:54:08,231 - sistema_relatorios - gestao_medicoes - INFO - ✅ 1 fornecedores encontrados
2025-12-08 10:54:08,233 - sistema_relatorios - gestao_medicoes - INFO - Buscando fornecedores com termo: emilia
2025-12-08 10:54:09,358 - sistema_relatorios - gestao_medicoes - INFO - ✅ 1 fornecedores encontrados
2025-12-08 10:54:10,842 - sistema_relatorios - gestao_medicoes - INFO - Carregando dados do fornecedor: EMILIA MARGARETH GONZAGA ALVES (CNPJ: 413.966.186-00)
2025-12-08 10:54:12,926 - sistema_relatorios - gestao_medicoes - INFO - ✅ Dados do fornecedor 'EMILIA MARGARETH GONZAGA ALVES' carregados
2025-12-08 10:54:12,928 - sistema_relatorios - gestao_medicoes - INFO - Carregando dados do fornecedor: EMILIA MARGARETH GONZAGA ALVES (CNPJ: 413.966.186-00)
2025-12-08 10:54:14,917 - sistema_relatorios - gestao_medicoes - INFO - ✅ Dados do fornecedor 'EMILIA MARGARETH GONZAGA ALVES' carregados
2025-12-08 10:54:22,842 - sistema_relatorios - gestao_medicoes - INFO - Data do Contrato/Início sincronizadas: 2025-10-03
2025-12-08 10:54:25,092 - sistema_relatorios - gestao_medicoes - INFO - Data Fim calculada: 09/10/2025 (4 dias úteis, excluindo data início)
2025-12-08 10:54:25,282 - sistema_relatorios - gestao_medicoes - INFO - Data Fim calculada: 05/12/2025 (45 dias úteis, excluindo data início)
2025-12-08 10:54:28,777 - sistema_relatorios - gestao_medicoes - INFO - Data Fim calculada: 09/10/2025 (4 dias úteis, excluindo data início)
2025-12-08 10:54:30,465 - sistema_relatorios - gestao_medicoes - INFO - Data Fim calculada: 10/10/2025 (5 dias úteis, excluindo data início)
2025-12-08 10:54:30,722 - sistema_relatorios - gestao_medicoes - INFO - Data Fim calculada: 12/12/2025 (50 dias úteis, excluindo data início)
2025-12-08 10:54:33,506 - sistema_relatorios - gestao_medicoes - INFO - Data Fim calculada: 12/12/2025 (50 dias úteis, excluindo data início)
2025-12-08 10:54:43,841 - sistema_relatorios - gerador_contrato - INFO - Obtendo dados do cliente: BRUNO SANTANA RINALDI
2025-12-08 10:54:43,859 - sistema_relatorios - gerador_contrato - INFO - Colunas disponíveis: ['Nome', 'Endereço', 'Data Inicial', 'Observações', 'Data Final', 'Tipo Taxa', 'CPF', 'CNO', 'Estado Civil', 'Cidade', 'Grupo']
2025-12-08 10:54:43,862 - sistema_relatorios - gerador_contrato - INFO - CPF bruto obtido: 12345678900.0 (tipo: <class 'numpy.float64'>)
2025-12-08 10:54:43,863 - sistema_relatorios - gerador_contrato - INFO - CPF convertido de float: 12345678900.0 → 12345678900
2025-12-08 10:54:43,864 - sistema_relatorios - gerador_contrato - INFO - CPF apenas números: 12345678900
2025-12-08 10:54:43,865 - sistema_relatorios - gerador_contrato - INFO - ✅ CPF formatado: 123.456.789-00
2025-12-08 10:54:43,867 - sistema_relatorios - gerador_contrato - INFO - CNO já formatado: 90.018.91862/63
2025-12-08 10:54:43,869 - sistema_relatorios - gerador_contrato - INFO - ✅ Dados do cliente processados - CPF final: 123.456.789-00
2025-12-08 10:54:43,869 - sistema_relatorios - gerador_contrato - INFO - Dados do cliente obtidos com sucesso: BRUNO SANTANA RINALDI
2025-12-08 10:54:43,870 - sistema_relatorios - gerador_contrato - INFO - Obtendo dados do fornecedor por nome: EMILIA MARGARETH GONZAGA ALVES
2025-12-08 10:54:44,354 - sistema_relatorios - gerador_contrato - INFO - Colunas disponíveis na planilha de fornecedores: ['CNPJ/CPF', 'tipo_pessoa', 'RAZÃO SOCIAL', 'NOME', 'TELEFONE:', 'EMAIL:', 'BANCO:', 'OP', 'AGENCIA:', 'CONTA:', 'Chave_PIX', 'CATEGORIA: ', 'ESPECIFICACAO', 'VÍNCULO', 'DADOS BANCÁRIOS', 'ENDEREÇO']
2025-12-08 10:54:44,361 - sistema_relatorios - gerador_contrato - INFO - ✅ Fornecedor encontrado na planilha
2025-12-08 10:54:44,362 - sistema_relatorios - gerador_contrato - INFO - CPF/CNPJ: 41396618600 → 413.966.186-00
2025-12-08 10:54:44,363 - sistema_relatorios - gerador_contrato - INFO - ✅ Endereço encontrado: AV. URUGUAI, 1115/301 - SION - BELO HORIZONTE/MG - 30310-300
2025-12-08 10:54:44,364 - sistema_relatorios - gerador_contrato - INFO - ✅ Dados obtidos: Nome=EMILIA MARGARETH GONZAGA ALVES, CNPJ/CPF=413.966.186-00, Endereço=AV. URUGUAI, 1115/301 - SION - BELO HORIZONTE/MG - 30310-300
2025-12-08 10:54:44,369 - sistema_relatorios - gerador_contrato - INFO - === INICIANDO GERAÇÃO DE CONTRATO ===
2025-12-08 10:54:44,370 - sistema_relatorios - gerador_contrato - INFO - 📋 Dados do contrato recebidos: ['data', 'cidade', 'cliente_nome', 'cliente_cno', 'cliente_cpf', 'cliente_estado_civil', 'cliente_endereco', 'fornecedor_nome', 'fornecedor_cnpj_cpf', 'fornecedor_endereco', 'endereco_obra', 'dias', 'data_inicio', 'data_fim', 'valor', 'multa', 'dados_bancarios', 'descricao']
2025-12-08 10:54:44,371 - sistema_relatorios - gerador_contrato - INFO - Usando formato dict - Cliente: BRUNO SANTANA RINALDI
2025-12-08 10:54:44,372 - sistema_relatorios - gerador_contrato - INFO - Fornecedor CPF/CNPJ do dict: 413.966.186-00
2025-12-08 10:54:44,373 - sistema_relatorios - gerador_contrato - INFO - Prazo informado: 50 dias
2025-12-08 10:54:44,373 - sistema_relatorios - gerador_contrato - INFO - Multa informada: R$ 4.000,00
2025-12-08 10:54:44,374 - sistema_relatorios - gerador_contrato - INFO - ✅ Dados cliente processados: BRUNO SANTANA RINALDI
2025-12-08 10:54:44,375 - sistema_relatorios - gerador_contrato - INFO - ✅ Dados fornecedor processados: EMILIA MARGARETH GONZAGA ALVES - 413.966.186-00
2025-12-08 10:54:44,375 - sistema_relatorios - gerador_contrato - INFO - ✅ Usando prazo do formulário: 50 dias úteis
2025-12-08 10:54:44,510 - sistema_relatorios - gerador_contrato - INFO - ✅ Usando multa do formulário: R$ 4000.0
2025-12-08 10:54:44,511 - sistema_relatorios - gerador_contrato - INFO - ✅ Data do contrato: 03/10/2025 (3 de outubro de 2025)
2025-12-08 10:54:44,610 - sistema_relatorios - gerador_contrato - INFO - ✅ Contrato gerado com sucesso: C:\Users\Obras\sistema_gestao_testes\testes\Financeiro\Clientes\Contratos\Contrato_BRUNO_SANTANA_RINALDI_20251208_105444.docx
2025-12-08 10:54:47,893 - sistema_relatorios - gestao_medicoes - INFO - Pasta de contratos aberta: C:\Users\Obras\sistema_gestao_testes\testes\Financeiro\Clientes\Contratos
2025-12-08 11:01:33,167 - sistema_relatorios - gestao_medicoes - INFO - ✅ Janela de Gestão de Medições fechada
2025-12-08 11:01:33,185 - sistema_relatorios - gestao_medicoes - INFO - ✅ Menu principal restaurado
2025-12-08 11:01:46,575 - sistema - logger_config - INFO - Sistema de logging inicializado
2025-12-08 11:01:46,576 - sistema_relatorios - logger_config - INFO - Usuário alterado para: sistema_relatorios
2025-12-08 11:01:46,577 - sistema_relatorios - relatorios_interface - INFO - Sistema de relatórios inicializando usando logger configurado
2025-12-08 11:01:46,578 - sistema_relatorios - relatorios_interface - INFO - Configurações de janela importadas com sucesso
2025-12-08 11:01:46,578 - sistema_relatorios - relatorios_interface - INFO - === Sistema de Relatórios Inicializando ===
2025-12-08 11:01:53,972 - sistema_relatorios - gestao_medicoes - INFO - Logger importado com sucesso em gestao_medicoes.py
2025-12-08 11:01:54,168 - sistema_relatorios - gestao_medicoes - INFO - ✅ Janela Gestão de Medições inicializada com tripla proteção de visibilidade
2025-12-08 11:01:55,483 - sistema_relatorios - gerador_contrato - INFO - Carregando serviços de: C:\Users\Obras\sistema_gestao_testes\testes\Financeiro\Planilhas_Base\servicos_construcao.json
2025-12-08 11:01:55,486 - sistema_relatorios - gerador_contrato - INFO - Serviços carregados: 10 categorias
2025-12-08 11:01:55,487 - sistema_relatorios - gerador_contrato - INFO - Pasta de contratos verificada: C:\Users\Obras\sistema_gestao_testes\testes\Financeiro\Clientes\Contratos
2025-12-08 11:01:55,488 - sistema_relatorios - gerador_contrato - INFO - GeradorContrato inicializado com sucesso (usando python-docx)
2025-12-08 11:04:05,109 - sistema_relatorios - gestao_medicoes - INFO - ✅ Janela de Gestão de Medições fechada
2025-12-08 11:04:05,116 - sistema_relatorios - gestao_medicoes - INFO - ✅ Menu principal restaurado
2025-12-08 11:04:06,702 - sistema_relatorios - logger_config - INFO - Iniciando: Carregar configurações
2025-12-08 11:04:06,733 - sistema_relatorios - logger_config - INFO - Concluído: Carregar configurações
2025-12-08 11:04:06,898 - sistema_relatorios - logger_config - INFO - Iniciando: Carregar configurações
2025-12-08 11:04:06,899 - sistema_relatorios - logger_config - INFO - Concluído: Carregar configurações
2025-12-08 11:04:06,901 - sistema_relatorios - logger_config - INFO - Iniciando: Carregar configurações
2025-12-08 11:04:06,901 - sistema_relatorios - logger_config - INFO - Concluído: Carregar configurações
2025-12-08 11:04:26,498 - sistema_relatorios - gestao_medicoes - INFO - ✅ Janela Gestão de Medições inicializada com tripla proteção de visibilidade
2025-12-08 11:04:27,175 - sistema_relatorios - gerador_contrato - INFO - Carregando serviços de: C:\Users\Obras\sistema_gestao_testes\testes\Financeiro\Planilhas_Base\servicos_construcao.json
2025-12-08 11:04:27,177 - sistema_relatorios - gerador_contrato - INFO - Serviços carregados: 10 categorias
2025-12-08 11:04:27,178 - sistema_relatorios - gerador_contrato - INFO - Pasta de contratos verificada: C:\Users\Obras\sistema_gestao_testes\testes\Financeiro\Clientes\Contratos
2025-12-08 11:04:27,179 - sistema_relatorios - gerador_contrato - INFO - GeradorContrato inicializado com sucesso (usando python-docx)
2025-12-08 11:05:42,389 - sistema_relatorios - gestao_medicoes - INFO - ✅ Janela de Gestão de Medições fechada
2025-12-08 11:05:42,394 - sistema_relatorios - gestao_medicoes - INFO - ✅ Menu principal restaurado
2025-12-08 11:05:45,170 - sistema_relatorios - gestao_medicoes - INFO - ✅ Janela Gestão de Medições inicializada com tripla proteção de visibilidade
2025-12-08 11:05:45,851 - sistema_relatorios - gerador_contrato - INFO - Carregando serviços de: C:\Users\Obras\sistema_gestao_testes\testes\Financeiro\Planilhas_Base\servicos_construcao.json
2025-12-08 11:05:45,853 - sistema_relatorios - gerador_contrato - INFO - Serviços carregados: 10 categorias
2025-12-08 11:05:45,854 - sistema_relatorios - gerador_contrato - INFO - Pasta de contratos verificada: C:\Users\Obras\sistema_gestao_testes\testes\Financeiro\Clientes\Contratos
2025-12-08 11:05:45,855 - sistema_relatorios - gerador_contrato - INFO - GeradorContrato inicializado com sucesso (usando python-docx)
2025-12-08 11:14:39,295 - sistema_relatorios - gestao_medicoes - INFO - ✅ Janela de Gestão de Medições fechada
2025-12-08 11:14:39,322 - sistema_relatorios - gestao_medicoes - INFO - ✅ Menu principal restaurado
2025-12-08 11:14:50,682 - sistema - logger_config - INFO - Sistema de logging inicializado
2025-12-08 11:14:50,683 - sistema_relatorios - logger_config - INFO - Usuário alterado para: sistema_relatorios
2025-12-08 11:14:50,684 - sistema_relatorios - relatorios_interface - INFO - Sistema de relatórios inicializando usando logger configurado
2025-12-08 11:14:50,684 - sistema_relatorios - relatorios_interface - INFO - Configurações de janela importadas com sucesso
2025-12-08 11:14:50,684 - sistema_relatorios - relatorios_interface - INFO - === Sistema de Relatórios Inicializando ===
2025-12-08 11:14:59,650 - sistema_relatorios - gestao_medicoes - INFO - Logger importado com sucesso em gestao_medicoes.py
2025-12-08 11:14:59,844 - sistema_relatorios - gestao_medicoes - INFO - ✅ Janela Gestão de Medições inicializada com tripla proteção de visibilidade
2025-12-08 11:15:01,157 - sistema_relatorios - gerador_contrato - INFO - Carregando serviços de: C:\Users\Obras\sistema_gestao_testes\testes\Financeiro\Planilhas_Base\servicos_construcao.json
2025-12-08 11:15:01,159 - sistema_relatorios - gerador_contrato - INFO - Serviços carregados: 10 categorias
2025-12-08 11:15:01,161 - sistema_relatorios - gerador_contrato - INFO - Pasta de contratos verificada: C:\Users\Obras\sistema_gestao_testes\testes\Financeiro\Clientes\Contratos
2025-12-08 11:15:01,161 - sistema_relatorios - gerador_contrato - INFO - GeradorContrato inicializado com sucesso (usando python-docx)
2025-12-08 11:16:58,104 - sistema_relatorios - gestao_medicoes - INFO - ✅ Janela de Gestão de Medições fechada
2025-12-08 11:16:58,112 - sistema_relatorios - gestao_medicoes - INFO - ✅ Menu principal restaurado
2025-12-08 11:19:41,952 - sistema - logger_config - INFO - Sistema de logging inicializado
2025-12-08 11:19:41,953 - sistema_relatorios - logger_config - INFO - Usuário alterado para: sistema_relatorios
2025-12-08 11:19:41,953 - sistema_relatorios - relatorios_interface - INFO - Sistema de relatórios inicializando usando logger configurado
2025-12-08 11:19:41,954 - sistema_relatorios - relatorios_interface - INFO - Configurações de janela importadas com sucesso
2025-12-08 11:19:41,954 - sistema_relatorios - relatorios_interface - INFO - === Sistema de Relatórios Inicializando ===
2025-12-08 11:19:45,975 - sistema_relatorios - gestao_medicoes - INFO - Logger importado com sucesso em gestao_medicoes.py
2025-12-08 11:19:46,134 - sistema_relatorios - gestao_medicoes - INFO - ✅ Janela Gestão de Medições inicializada com tripla proteção de visibilidade
2025-12-08 11:19:47,372 - sistema_relatorios - gerador_contrato - INFO - Carregando serviços de: C:\Users\Obras\sistema_gestao_testes\testes\Financeiro\Planilhas_Base\servicos_construcao.json
2025-12-08 11:19:47,374 - sistema_relatorios - gerador_contrato - INFO - Serviços carregados: 10 categorias
2025-12-08 11:19:47,375 - sistema_relatorios - gerador_contrato - INFO - Pasta de contratos verificada: C:\Users\Obras\sistema_gestao_testes\testes\Financeiro\Clientes\Contratos
2025-12-08 11:19:47,375 - sistema_relatorios - gerador_contrato - INFO - GeradorContrato inicializado com sucesso (usando python-docx)
2025-12-08 11:23:23,128 - sistema_relatorios - gestao_medicoes - INFO - ✅ Janela de Gestão de Medições fechada
2025-12-08 11:23:23,133 - sistema_relatorios - gestao_medicoes - INFO - ✅ Menu principal restaurado
2025-12-08 11:26:24,106 - sistema - logger_config - INFO - Sistema de logging inicializado
2025-12-08 11:26:24,107 - sistema_relatorios - logger_config - INFO - Usuário alterado para: sistema_relatorios
2025-12-08 11:26:24,107 - sistema_relatorios - relatorios_interface - INFO - Sistema de relatórios inicializando usando logger configurado
2025-12-08 11:26:24,108 - sistema_relatorios - relatorios_interface - INFO - Configurações de janela importadas com sucesso
2025-12-08 11:26:24,108 - sistema_relatorios - relatorios_interface - INFO - === Sistema de Relatórios Inicializando ===
2025-12-08 11:26:28,341 - sistema_relatorios - gestao_medicoes - INFO - Logger importado com sucesso em gestao_medicoes.py
2025-12-08 11:26:28,530 - sistema_relatorios - gestao_medicoes - INFO - ✅ Janela Gestão de Medições inicializada com tripla proteção de visibilidade
2025-12-08 11:26:29,745 - sistema_relatorios - gerador_contrato - INFO - Carregando serviços de: C:\Users\Obras\sistema_gestao_testes\testes\Financeiro\Planilhas_Base\servicos_construcao.json
2025-12-08 11:26:29,747 - sistema_relatorios - gerador_contrato - INFO - Serviços carregados: 10 categorias
2025-12-08 11:26:29,748 - sistema_relatorios - gerador_contrato - INFO - Pasta de contratos verificada: C:\Users\Obras\sistema_gestao_testes\testes\Financeiro\Clientes\Contratos
2025-12-08 11:26:29,749 - sistema_relatorios - gerador_contrato - INFO - GeradorContrato inicializado com sucesso (usando python-docx)
2025-12-08 11:32:53,884 - sistema_relatorios - gestao_medicoes - INFO - ✅ Janela de Gestão de Medições fechada
2025-12-08 11:32:53,911 - sistema_relatorios - gestao_medicoes - INFO - ✅ Menu principal restaurado
2025-12-08 11:33:06,096 - sistema - logger_config - INFO - Sistema de logging inicializado
2025-12-08 11:33:06,097 - sistema_relatorios - logger_config - INFO - Usuário alterado para: sistema_relatorios
2025-12-08 11:33:06,098 - sistema_relatorios - relatorios_interface - INFO - Sistema de relatórios inicializando usando logger configurado
2025-12-08 11:33:06,098 - sistema_relatorios - relatorios_interface - INFO - Configurações de janela importadas com sucesso
2025-12-08 11:33:06,098 - sistema_relatorios - relatorios_interface - INFO - === Sistema de Relatórios Inicializando ===
2025-12-08 11:33:10,517 - sistema_relatorios - gestao_medicoes - INFO - Logger importado com sucesso em gestao_medicoes.py
2025-12-08 11:33:10,715 - sistema_relatorios - gestao_medicoes - INFO - ✅ Janela Gestão de Medições inicializada com tripla proteção de visibilidade
2025-12-08 11:33:11,973 - sistema_relatorios - gerador_contrato - INFO - Carregando serviços de: C:\Users\Obras\sistema_gestao_testes\testes\Financeiro\Planilhas_Base\servicos_construcao.json
2025-12-08 11:33:11,975 - sistema_relatorios - gerador_contrato - INFO - Serviços carregados: 10 categorias
2025-12-08 11:33:11,976 - sistema_relatorios - gerador_contrato - INFO - Pasta de contratos verificada: C:\Users\Obras\sistema_gestao_testes\testes\Financeiro\Clientes\Contratos
2025-12-08 11:33:11,977 - sistema_relatorios - gerador_contrato - INFO - GeradorContrato inicializado com sucesso (usando python-docx)
2025-12-08 11:34:56,256 - sistema_relatorios - gestao_medicoes - INFO - ✅ Janela de Gestão de Medições fechada
2025-12-08 11:34:56,265 - sistema_relatorios - gestao_medicoes - INFO - ✅ Menu principal restaurado
2025-12-08 11:34:58,049 - sistema_relatorios - relatorios_interface - INFO - Carregando clientes de: C:\Users\Obras\sistema_gestao_testes\testes\Financeiro\Planilhas_Base\Clientes.xlsx
2025-12-08 11:34:58,074 - sistema_relatorios - relatorios_interface - INFO - Colunas disponíveis: ['Nome', 'Endereço', 'Data Inicial', 'Observações', 'Data Final', 'Tipo Taxa', 'CPF', 'CNO', 'Estado Civil', 'Cidade', 'Grupo']
2025-12-08 11:34:58,075 - sistema_relatorios - relatorios_interface - INFO - Coluna de status: Data Final
2025-12-08 11:34:58,092 - sistema_relatorios - relatorios_interface - INFO - Coluna de nome: Nome
2025-12-08 11:34:58,093 - sistema_relatorios - relatorios_interface - INFO - Total de clientes ativos encontrados: 15
2025-12-08 11:34:58,094 - sistema_relatorios - relatorios_interface - INFO - Lista de clientes atualizada com 16 clientes
2025-12-08 11:34:59,858 - sistema_relatorios - relatorios_interface - INFO - ✅ Opções do relatório gerencial PDF configuradas
2025-12-08 11:35:01,386 - sistema_relatorios - relatorios_interface - INFO - 🔍 INICIANDO gerar_relatorio para: gerencial_pdf
2025-12-08 11:35:01,387 - sistema_relatorios - relatorios_interface - INFO - 📋 Processando outros relatórios: gerencial_pdf
2025-12-08 11:35:01,388 - sistema_relatorios - relatorios_interface - INFO - 🚀 Iniciando Relatório Gerencial PDF
2025-12-08 11:35:01,478 - sistema_relatorios - relatorios_interface - INFO - ✅ Módulo RelatorioGerencialPDF importado
2025-12-08 11:35:02,142 - sistema_relatorios - relatorios_interface - INFO - ✅ Interface do relatório gerencial PDF aberta
2025-12-08 11:36:20,389 - sistema_relatorios - relatorios_interface - INFO - ✅ Retornado à interface principal
2025-12-08 11:36:22,954 - sistema_relatorios - relatorios_interface - INFO - Solicitado retorno ao menu principal
2025-12-08 11:36:22,955 - sistema_relatorios - relatorios_interface - INFO - Retornando ao menu principal existente
2025-12-08 11:36:23,012 - sistema_relatorios - relatorios_interface - INFO - Retorno ao menu principal concluído
2025-12-08 11:40:38,082 - sistema - logger_config - INFO - Sistema de logging inicializado
2025-12-08 11:40:38,083 - sistema_relatorios - logger_config - INFO - Usuário alterado para: sistema_relatorios
2025-12-08 11:40:38,084 - sistema_relatorios - relatorios_interface - INFO - Sistema de relatórios inicializando usando logger configurado
2025-12-08 11:40:38,084 - sistema_relatorios - relatorios_interface - INFO - Configurações de janela importadas com sucesso
2025-12-08 11:40:38,085 - sistema_relatorios - relatorios_interface - INFO - === Sistema de Relatórios Inicializando ===
2025-12-08 11:40:43,527 - sistema_relatorios - relatorios_interface - INFO - Carregando clientes de: C:\Users\Obras\sistema_gestao_testes\testes\Financeiro\Planilhas_Base\Clientes.xlsx
2025-12-08 11:40:43,587 - sistema_relatorios - relatorios_interface - INFO - Colunas disponíveis: ['Nome', 'Endereço', 'Data Inicial', 'Observações', 'Data Final', 'Tipo Taxa', 'CPF', 'CNO', 'Estado Civil', 'Cidade', 'Grupo']
2025-12-08 11:40:43,589 - sistema_relatorios - relatorios_interface - INFO - Coluna de status: Data Final
2025-12-08 11:40:43,591 - sistema_relatorios - relatorios_interface - INFO - Coluna de nome: Nome
2025-12-08 11:40:43,592 - sistema_relatorios - relatorios_interface - INFO - Total de clientes ativos encontrados: 15
2025-12-08 11:40:43,593 - sistema_relatorios - relatorios_interface - INFO - Lista de clientes atualizada com 16 clientes
2025-12-08 11:40:45,545 - sistema_relatorios - relatorios_interface - INFO - ✅ Opções do relatório gerencial PDF configuradas
2025-12-08 11:40:47,272 - sistema_relatorios - relatorios_interface - INFO - 🔍 INICIANDO gerar_relatorio para: gerencial_pdf
2025-12-08 11:40:47,273 - sistema_relatorios - relatorios_interface - INFO - 📋 Processando outros relatórios: gerencial_pdf
2025-12-08 11:40:47,274 - sistema_relatorios - relatorios_interface - INFO - 🚀 Iniciando Relatório Gerencial PDF
2025-12-08 11:40:47,277 - sistema_relatorios - relatorios_interface - INFO - ✅ Módulo RelatorioGerencialPDF importado
2025-12-08 11:40:47,967 - sistema_relatorios - relatorios_interface - INFO - ✅ Interface do relatório gerencial PDF aberta
2025-12-08 11:41:43,013 - sistema_relatorios - relatorios_interface - INFO - ✅ Retornado à interface principal
2025-12-08 11:41:47,856 - sistema_relatorios - relatorios_interface - INFO - Solicitado retorno ao menu principal
2025-12-08 11:41:47,857 - sistema_relatorios - relatorios_interface - INFO - Retornando ao menu principal existente
2025-12-08 11:41:47,905 - sistema_relatorios - relatorios_interface - INFO - Retorno ao menu principal concluído
2025-12-08 11:41:51,189 - sistema_relatorios - relatorios_interface - INFO - Carregando clientes de: C:\Users\Obras\sistema_gestao_testes\testes\Financeiro\Planilhas_Base\Clientes.xlsx
2025-12-08 11:41:51,223 - sistema_relatorios - relatorios_interface - INFO - Colunas disponíveis: ['Nome', 'Endereço', 'Data Inicial', 'Observações', 'Data Final', 'Tipo Taxa', 'CPF', 'CNO', 'Estado Civil', 'Cidade', 'Grupo']
2025-12-08 11:41:51,224 - sistema_relatorios - relatorios_interface - INFO - Coluna de status: Data Final
2025-12-08 11:41:51,227 - sistema_relatorios - relatorios_interface - INFO - Coluna de nome: Nome
2025-12-08 11:41:51,229 - sistema_relatorios - relatorios_interface - INFO - Total de clientes ativos encontrados: 15
2025-12-08 11:41:51,234 - sistema_relatorios - relatorios_interface - INFO - Lista de clientes atualizada com 16 clientes
2025-12-08 11:41:53,731 - sistema_relatorios - relatorios_interface - INFO - Data calculada automaticamente: 20/12/2025
2025-12-08 11:41:53,732 - sistema_relatorios - relatorios_interface - INFO - Data calculada automaticamente: 20/12/2025
2025-12-08 11:41:53,870 - sistema_relatorios - relatorios_interface - INFO - Carregando clientes de: C:\Users\Obras\sistema_gestao_testes\testes\Financeiro\Planilhas_Base\Clientes.xlsx
2025-12-08 11:41:53,893 - sistema_relatorios - relatorios_interface - INFO - Colunas disponíveis: ['Nome', 'Endereço', 'Data Inicial', 'Observações', 'Data Final', 'Tipo Taxa', 'CPF', 'CNO', 'Estado Civil', 'Cidade', 'Grupo']
2025-12-08 11:41:53,894 - sistema_relatorios - relatorios_interface - INFO - Coluna de status: Data Final
2025-12-08 11:41:53,898 - sistema_relatorios - relatorios_interface - INFO - Coluna de nome: Nome
2025-12-08 11:41:53,900 - sistema_relatorios - relatorios_interface - INFO - Total de clientes ativos encontrados: 15
2025-12-08 11:41:57,073 - sistema_relatorios - relatorios_interface - INFO - Cliente selecionado: ANA AUGUSTA PIRES COUTINHO
2025-12-08 11:41:57,074 - sistema_relatorios - relatorios_interface - INFO - Arquivo encontrado: C:\Users\Obras\sistema_gestao_testes\testes\Financeiro\Clientes\ANA AUGUSTA PIRES COUTINHO.xlsx
2025-12-08 11:41:57,082 - sistema_relatorios - relatorios_interface - INFO - Arquivo encontrado: C:\Users\Obras\sistema_gestao_testes\testes\Financeiro\Clientes\ANA AUGUSTA PIRES COUTINHO.xlsx
2025-12-08 11:42:01,080 - sistema_relatorios - relatorios_interface - INFO - Modo manual ativado
2025-12-08 11:42:06,840 - sistema_relatorios - relatorios_interface - INFO - 🔍 INICIANDO gerar_relatorio para: despesas
2025-12-08 11:42:06,841 - sistema_relatorios - relatorios_interface - INFO - 🎯 PROCESSANDO: Relatório de despesas
2025-12-08 11:42:06,841 - sistema_relatorios - relatorios_interface - INFO - 🎯 PROCESSANDO DESPESAS - ARQUITETURA LIMPA
2025-12-08 11:42:06,842 - sistema_relatorios - relatorios_interface - INFO - Data final obtida: 2025-12-05 00:00:00 (tipo: <class 'datetime.datetime'>)
2025-12-08 11:42:06,843 - sistema_relatorios - relatorios_interface - INFO - ✅ Arquivo encontrado em arquivo_cliente_selecionado: C:\Users\Obras\sistema_gestao_testes\testes\Financeiro\Clientes\ANA AUGUSTA PIRES COUTINHO.xlsx
2025-12-08 11:42:06,844 - sistema_relatorios - relatorios_interface - INFO - ✅ Arquivo final nas configurações: C:\Users\Obras\sistema_gestao_testes\testes\Financeiro\Clientes\ANA AUGUSTA PIRES COUTINHO.xlsx
2025-12-08 11:42:06,845 - sistema_relatorios - relatorios_interface - INFO - ✅ Configurações coletadas
2025-12-08 11:42:06,846 - sistema_relatorios - relatorios_interface - INFO - ✅ Arquivo confirmado: ANA AUGUSTA PIRES COUTINHO.xlsx
2025-12-08 11:42:08,468 - sistema_relatorios - relatorios_interface - INFO - Modo selecionado: Preview
2025-12-08 11:42:08,470 - sistema_relatorios - relatorios_interface - INFO - 🎯 EXECUTANDO COM PREVIEW DIRETO - PDF TEMPORÁRIO
2025-12-08 11:42:09,950 - sistema_relatorios - relatorios_interface - INFO - ✅ Janela de decisão criada
2025-12-08 11:42:31,008 - sistema_relatorios - relatorios_interface - INFO - 🗑️ PDF temporário agendado para remoção: PREVIEW_ANA_AUGUSTA_PIRES_COUTINHO_20251208_114209.pdf
2025-12-08 11:42:33,017 - sistema_relatorios - relatorios_interface - WARNING - Aviso: Não foi possível remover arquivo temporário: [WinError 32] O arquivo já está sendo usado por outro processo: 'C:\\Users\\Obras\\AppData\\Local\\Temp\\PREVIEW_ANA_AUGUSTA_PIRES_COUTINHO_20251208_114209.pdf'
2025-12-08 11:42:40,192 - sistema_relatorios - relatorios_interface - INFO - Data calculada automaticamente: 20/12/2025
2025-12-08 11:42:40,193 - sistema_relatorios - relatorios_interface - INFO - Modo automático ativado: 20/12/2025
2025-12-08 11:42:41,968 - sistema_relatorios - relatorios_interface - INFO - Solicitado retorno ao menu principal
2025-12-08 11:42:41,968 - sistema_relatorios - relatorios_interface - INFO - Retornando ao menu principal existente
2025-12-08 11:42:42,042 - sistema_relatorios - relatorios_interface - INFO - Retorno ao menu principal concluído
2025-12-08 11:42:54,258 - sistema_relatorios - relatorios_interface - INFO - Carregando clientes de: C:\Users\Obras\sistema_gestao_testes\testes\Financeiro\Planilhas_Base\Clientes.xlsx
2025-12-08 11:42:54,285 - sistema_relatorios - relatorios_interface - INFO - Colunas disponíveis: ['Nome', 'Endereço', 'Data Inicial', 'Observações', 'Data Final', 'Tipo Taxa', 'CPF', 'CNO', 'Estado Civil', 'Cidade', 'Grupo']
2025-12-08 11:42:54,286 - sistema_relatorios - relatorios_interface - INFO - Coluna de status: Data Final
2025-12-08 11:42:54,288 - sistema_relatorios - relatorios_interface - INFO - Coluna de nome: Nome
2025-12-08 11:42:54,289 - sistema_relatorios - relatorios_interface - INFO - Total de clientes ativos encontrados: 15
2025-12-08 11:42:54,290 - sistema_relatorios - relatorios_interface - INFO - Lista de clientes atualizada com 16 clientes
2025-12-08 11:42:55,824 - sistema_relatorios - relatorios_interface - INFO - Carregando clientes de: C:\Users\Obras\sistema_gestao_testes\testes\Financeiro\Planilhas_Base\Clientes.xlsx
2025-12-08 11:42:55,848 - sistema_relatorios - relatorios_interface - INFO - Colunas disponíveis: ['Nome', 'Endereço', 'Data Inicial', 'Observações', 'Data Final', 'Tipo Taxa', 'CPF', 'CNO', 'Estado Civil', 'Cidade', 'Grupo']
2025-12-08 11:42:55,849 - sistema_relatorios - relatorios_interface - INFO - Coluna de status: Data Final
2025-12-08 11:42:55,851 - sistema_relatorios - relatorios_interface - INFO - Coluna de nome: Nome
2025-12-08 11:42:55,852 - sistema_relatorios - relatorios_interface - INFO - Total de clientes ativos encontrados: 15
2025-12-08 11:42:59,992 - sistema_relatorios - relatorios_interface - INFO - 🔍 INICIANDO gerar_relatorio para: contratos
2025-12-08 11:42:59,992 - sistema_relatorios - relatorios_interface - INFO - 📋 Processando outros relatórios: contratos
2025-12-08 11:44:28,268 - sistema_relatorios - relatorios_interface - INFO - ✅ Opções do relatório gerencial configuradas
2025-12-08 11:44:29,791 - sistema_relatorios - relatorios_interface - INFO - 🔍 INICIANDO gerar_relatorio para: gerencial_engenheiro
2025-12-08 11:44:29,792 - sistema_relatorios - relatorios_interface - INFO - 📋 Processando outros relatórios: gerencial_engenheiro
2025-12-08 11:44:29,793 - sistema_relatorios - relatorios_interface - INFO - 🚀 Iniciando Relatório Gerencial por Engenheiro
2025-12-08 11:44:29,852 - sistema_relatorios - relatorios_interface - INFO - ✅ Módulo RelatorioGerencialEngenheiro importado
2025-12-08 11:44:30,140 - sistema_relatorios - relatorios_interface - INFO - ✅ Interface do relatório gerencial aberta
2025-12-08 11:45:29,310 - sistema_relatorios - relatorios_interface - INFO - ✅ Retornado à interface principal
2025-12-08 11:45:33,863 - sistema_relatorios - relatorios_interface - INFO - Solicitado retorno ao menu principal
2025-12-08 11:45:33,863 - sistema_relatorios - relatorios_interface - INFO - Retornando ao menu principal existente
2025-12-08 11:45:33,902 - sistema_relatorios - relatorios_interface - INFO - Retorno ao menu principal concluído
2025-12-08 12:45:11,423 - sistema - logger_config - INFO - Sistema de logging inicializado
2025-12-08 14:12:13,877 - sistema - logger_config - INFO - Sistema de logging inicializado
2025-12-08 14:12:13,878 - sistema_relatorios - logger_config - INFO - Usuário alterado para: sistema_relatorios
2025-12-08 14:12:13,879 - sistema_relatorios - relatorios_interface - INFO - Sistema de relatórios inicializando usando logger configurado
2025-12-08 14:12:13,879 - sistema_relatorios - relatorios_interface - INFO - Configurações de janela importadas com sucesso
2025-12-08 14:12:13,880 - sistema_relatorios - relatorios_interface - INFO - === Sistema de Relatórios Inicializando ===
2025-12-08 14:12:20,561 - sistema_relatorios - relatorios_interface - INFO - Carregando clientes de: C:\Users\Obras\sistema_gestao_testes\testes\Financeiro\Planilhas_Base\Clientes.xlsx
2025-12-08 14:12:20,647 - sistema_relatorios - relatorios_interface - INFO - Colunas disponíveis: ['Nome', 'Endereço', 'Data Inicial', 'Observações', 'Data Final', 'Tipo Taxa', 'CPF', 'CNO', 'Estado Civil', 'Cidade', 'Grupo']
2025-12-08 14:12:20,649 - sistema_relatorios - relatorios_interface - INFO - Coluna de status: Data Final
2025-12-08 14:12:20,667 - sistema_relatorios - relatorios_interface - INFO - Coluna de nome: Nome
2025-12-08 14:12:20,668 - sistema_relatorios - relatorios_interface - INFO - Total de clientes ativos encontrados: 15
2025-12-08 14:12:20,669 - sistema_relatorios - relatorios_interface - INFO - Lista de clientes atualizada com 16 clientes
2025-12-08 14:12:22,192 - sistema_relatorios - relatorios_interface - INFO - ✅ Opções do relatório gerencial PDF configuradas
2025-12-08 14:12:23,794 - sistema_relatorios - relatorios_interface - INFO - 🔍 INICIANDO gerar_relatorio para: gerencial_pdf
2025-12-08 14:12:23,795 - sistema_relatorios - relatorios_interface - INFO - 📋 Processando outros relatórios: gerencial_pdf
2025-12-08 14:12:23,795 - sistema_relatorios - relatorios_interface - INFO - 🚀 Iniciando Relatório Gerencial PDF
2025-12-08 14:12:23,825 - sistema_relatorios - relatorios_interface - INFO - ✅ Módulo RelatorioGerencialPDF importado
2025-12-08 14:12:24,845 - sistema_relatorios - relatorios_interface - INFO - ✅ Interface do relatório gerencial PDF aberta
2025-12-08 14:12:57,062 - sistema_relatorios - relatorios_interface - INFO - ✅ Retornado à interface principal
2025-12-08 14:12:58,881 - sistema_relatorios - relatorios_interface - INFO - Solicitado retorno ao menu principal
2025-12-08 14:12:58,882 - sistema_relatorios - relatorios_interface - INFO - Retornando ao menu principal existente
2025-12-08 14:12:58,947 - sistema_relatorios - relatorios_interface - INFO - Retorno ao menu principal concluído
2025-12-08 14:19:19,536 - sistema - logger_config - INFO - Sistema de logging inicializado
2025-12-08 14:19:19,538 - sistema_relatorios - logger_config - INFO - Usuário alterado para: sistema_relatorios
2025-12-08 14:19:19,538 - sistema_relatorios - relatorios_interface - INFO - Sistema de relatórios inicializando usando logger configurado
2025-12-08 14:19:19,539 - sistema_relatorios - relatorios_interface - INFO - Configurações de janela importadas com sucesso
2025-12-08 14:19:19,539 - sistema_relatorios - relatorios_interface - INFO - === Sistema de Relatórios Inicializando ===
2025-12-08 14:19:25,255 - sistema_relatorios - relatorios_interface - INFO - Carregando clientes de: C:\Users\Obras\sistema_gestao_testes\testes\Financeiro\Planilhas_Base\Clientes.xlsx
2025-12-08 14:19:25,413 - sistema_relatorios - relatorios_interface - INFO - Colunas disponíveis: ['Nome', 'Endereço', 'Data Inicial', 'Observações', 'Data Final', 'Tipo Taxa', 'CPF', 'CNO', 'Estado Civil', 'Cidade', 'Grupo']
2025-12-08 14:19:25,415 - sistema_relatorios - relatorios_interface - INFO - Coluna de status: Data Final
2025-12-08 14:19:25,467 - sistema_relatorios - relatorios_interface - INFO - Coluna de nome: Nome
2025-12-08 14:19:25,469 - sistema_relatorios - relatorios_interface - INFO - Total de clientes ativos encontrados: 15
2025-12-08 14:19:25,470 - sistema_relatorios - relatorios_interface - INFO - Lista de clientes atualizada com 16 clientes
2025-12-08 14:19:27,369 - sistema_relatorios - relatorios_interface - INFO - ✅ Opções do relatório gerencial PDF configuradas
2025-12-08 14:19:29,279 - sistema_relatorios - relatorios_interface - INFO - 🔍 INICIANDO gerar_relatorio para: gerencial_pdf
2025-12-08 14:19:29,280 - sistema_relatorios - relatorios_interface - INFO - 📋 Processando outros relatórios: gerencial_pdf
2025-12-08 14:19:29,281 - sistema_relatorios - relatorios_interface - INFO - 🚀 Iniciando Relatório Gerencial PDF
2025-12-08 14:19:29,314 - sistema_relatorios - relatorios_interface - INFO - ✅ Módulo RelatorioGerencialPDF importado
2025-12-08 14:19:30,052 - sistema_relatorios - relatorios_interface - INFO - ✅ Interface do relatório gerencial PDF aberta
2025-12-08 14:21:11,450 - sistema_relatorios - relatorios_interface - INFO - ✅ Retornado à interface principal
2025-12-08 14:21:13,535 - sistema_relatorios - relatorios_interface - INFO - Solicitado retorno ao menu principal
2025-12-08 14:21:13,535 - sistema_relatorios - relatorios_interface - INFO - Retornando ao menu principal existente
2025-12-08 14:21:13,614 - sistema_relatorios - relatorios_interface - INFO - Retorno ao menu principal concluído
2025-12-08 14:25:35,226 - sistema - logger_config - INFO - Sistema de logging inicializado
