2026-07-13 07:25:38,944 - sistema - logger_config - INFO - Sistema de logging inicializado
2026-07-13 07:25:38,945 - sistema_relatorios - logger_config - INFO - Usuário alterado para: sistema_relatorios
2026-07-13 07:25:38,946 - sistema_relatorios - relatorios_interface - INFO - Sistema de relatórios inicializando usando logger configurado
2026-07-13 07:25:38,946 - sistema_relatorios - relatorios_interface - INFO - Configurações de janela importadas com sucesso
2026-07-13 07:25:38,946 - sistema_relatorios - relatorios_interface - INFO - === Sistema de Relatórios Inicializando ===
2026-07-13 07:26:15,850 - sistema_relatorios - logger_config - INFO - Iniciando: Carregar configurações
2026-07-13 07:26:15,867 - sistema_relatorios - logger_config - INFO - Concluído: Carregar configurações
2026-07-13 07:26:16,052 - sistema_relatorios - logger_config - INFO - Iniciando: Carregar configurações
2026-07-13 07:26:16,052 - sistema_relatorios - logger_config - INFO - Concluído: Carregar configurações
2026-07-13 07:26:16,056 - sistema_relatorios - logger_config - INFO - Iniciando: Carregar configurações
2026-07-13 07:26:16,056 - sistema_relatorios - logger_config - INFO - Concluído: Carregar configurações
2026-07-13 07:26:43,470 - sistema_relatorios - logger_config - INFO - Iniciando: Carregar configurações
2026-07-13 07:26:43,474 - sistema_relatorios - logger_config - INFO - Concluído: Carregar configurações
2026-07-13 07:26:43,477 - sistema_relatorios - logger_config - INFO - Iniciando: Carregar configurações
2026-07-13 07:26:43,477 - sistema_relatorios - logger_config - INFO - Concluído: Carregar configurações
2026-07-13 07:30:09,521 - sistema_relatorios - logger_config - INFO - Iniciando: Carregar configurações
2026-07-13 07:30:09,522 - sistema_relatorios - logger_config - INFO - Concluído: Carregar configurações
2026-07-13 07:30:09,523 - sistema_relatorios - logger_config - INFO - Iniciando: Carregar configurações
2026-07-13 07:30:09,524 - sistema_relatorios - logger_config - INFO - Concluído: Carregar configurações
2026-07-13 09:09:42,996 - sistema - logger_config - INFO - Sistema de logging inicializado
2026-07-13 09:09:42,997 - sistema_relatorios - logger_config - INFO - Usuário alterado para: sistema_relatorios
2026-07-13 09:09:42,998 - sistema_relatorios - relatorios_interface - INFO - Sistema de relatórios inicializando usando logger configurado
2026-07-13 09:09:42,998 - sistema_relatorios - relatorios_interface - INFO - Configurações de janela importadas com sucesso
2026-07-13 09:09:42,999 - sistema_relatorios - relatorios_interface - INFO - === Sistema de Relatórios Inicializando ===
2026-07-13 09:10:53,862 - sistema_relatorios - logger_config - INFO - Iniciando: Carregar configurações
2026-07-13 09:10:53,883 - sistema_relatorios - logger_config - INFO - Concluído: Carregar configurações
2026-07-13 09:10:54,062 - sistema_relatorios - logger_config - INFO - Iniciando: Carregar configurações
2026-07-13 09:10:54,063 - sistema_relatorios - logger_config - INFO - Concluído: Carregar configurações
2026-07-13 09:10:54,065 - sistema_relatorios - logger_config - INFO - Iniciando: Carregar configurações
2026-07-13 09:10:54,065 - sistema_relatorios - logger_config - INFO - Concluído: Carregar configurações
2026-07-13 09:12:33,975 - sistema_relatorios - logger_config - INFO - Iniciando: Carregar configurações
2026-07-13 09:12:33,978 - sistema_relatorios - logger_config - INFO - Concluído: Carregar configurações
2026-07-13 09:56:06,499 - sistema - logger_config - INFO - Sistema de logging inicializado
2026-07-13 09:56:06,500 - sistema_relatorios - logger_config - INFO - Usuário alterado para: sistema_relatorios
2026-07-13 09:56:06,500 - sistema_relatorios - relatorios_interface - INFO - Sistema de relatórios inicializando usando logger configurado
2026-07-13 09:56:06,500 - sistema_relatorios - relatorios_interface - INFO - Configurações de janela importadas com sucesso
2026-07-13 09:56:06,501 - sistema_relatorios - relatorios_interface - INFO - === Sistema de Relatórios Inicializando ===
2026-07-13 09:56:19,660 - sistema_relatorios - logger_config - INFO - Iniciando: Carregar configurações
2026-07-13 09:56:19,701 - sistema_relatorios - logger_config - INFO - Concluído: Carregar configurações
2026-07-13 09:56:20,017 - sistema_relatorios - logger_config - INFO - Iniciando: Carregar configurações
2026-07-13 09:56:20,017 - sistema_relatorios - logger_config - INFO - Concluído: Carregar configurações
2026-07-13 09:56:20,020 - sistema_relatorios - logger_config - INFO - Iniciando: Carregar configurações
2026-07-13 09:56:20,020 - sistema_relatorios - logger_config - INFO - Concluído: Carregar configurações
2026-07-13 10:13:27,087 - sistema - logger_config - INFO - Sistema de logging inicializado
2026-07-13 10:13:27,090 - sistema_relatorios - logger_config - INFO - Usuário alterado para: sistema_relatorios
2026-07-13 10:13:27,090 - sistema_relatorios - relatorios_interface - INFO - Sistema de relatórios inicializando usando logger configurado
2026-07-13 10:13:27,091 - sistema_relatorios - relatorios_interface - INFO - Configurações de janela importadas com sucesso
2026-07-13 10:13:27,092 - sistema_relatorios - relatorios_interface - INFO - === Sistema de Relatórios Inicializando ===
2026-07-13 10:13:37,832 - sistema_relatorios - logger_config - INFO - Iniciando: Carregar configurações
2026-07-13 10:13:37,837 - sistema_relatorios - logger_config - INFO - Concluído: Carregar configurações
2026-07-13 10:13:38,053 - sistema_relatorios - logger_config - INFO - Iniciando: Carregar configurações
2026-07-13 10:13:38,054 - sistema_relatorios - logger_config - INFO - Concluído: Carregar configurações
2026-07-13 10:13:38,056 - sistema_relatorios - logger_config - INFO - Iniciando: Carregar configurações
2026-07-13 10:13:38,057 - sistema_relatorios - logger_config - INFO - Concluído: Carregar configurações
2026-07-13 11:02:49,706 - sistema_relatorios - gestao_medicoes - INFO - Logger importado com sucesso em gestao_medicoes.py
2026-07-13 11:02:49,836 - sistema_relatorios - gestao_medicoes - INFO - ✅ Janela Gestão de Medições inicializada com tripla proteção de visibilidade
2026-07-13 11:04:16,489 - sistema_relatorios - gestao_medicoes - INFO - Fornecedor selecionado na aba: FENIX SERRALHERIA E ELETRICIDADE (43.615.005/0001-31)
2026-07-13 11:04:25,384 - sistema_relatorios - gestao_medicoes - INFO - Prazo calculado: 22 dias úteis (excluindo data início)
2026-07-13 11:04:25,385 - sistema_relatorios - gestao_medicoes - INFO - Formulário de contrato limpo
2026-07-13 11:04:25,749 - sistema_relatorios - gerador_contrato - INFO - Carregando serviços de: C:\Users\Obras\sistema_gestao_testes\testes\Financeiro\Planilhas_Base\servicos_construcao.json
2026-07-13 11:04:25,779 - sistema_relatorios - gerador_contrato - INFO - Serviços carregados: 10 categorias
2026-07-13 11:04:25,780 - sistema_relatorios - gerador_contrato - INFO - Pasta de contratos verificada: C:\Users\Obras\sistema_gestao_testes\testes\Financeiro\Clientes\Contratos
2026-07-13 11:04:25,780 - sistema_relatorios - gerador_contrato - INFO - GeradorContrato inicializado com sucesso (usando python-docx)
2026-07-13 11:04:25,781 - sistema_relatorios - gerador_contrato - INFO - Obtendo dados do cliente: BRUNO SANTANA RINALDI
2026-07-13 11:04:25,813 - sistema_relatorios - gerador_contrato - INFO - Colunas disponíveis: ['Nome', 'Endereço', 'Data Inicial', 'Observações', 'Data Final', 'Tipo Taxa', 'CPF', 'CNO', 'Estado Civil', 'Cidade', 'Grupo', 'Logradouro', 'Numero', 'Complemento', 'Localidade', 'CEP', 'Estado', 'Metragem_Alvara', 'Banco', 'Agencia', 'Conta', 'Tipo_Conta', 'PIX', 'TIPO_CLIENTE', 'CLIENTE_VINCULADO', 'CAIXA_CONTROLADO']
2026-07-13 11:04:25,815 - sistema_relatorios - gerador_contrato - INFO - CPF bruto obtido: 123.456.789-00 (tipo: <class 'str'>)
2026-07-13 11:04:25,816 - sistema_relatorios - gerador_contrato - INFO - CPF como string: 123.456.789-00
2026-07-13 11:04:25,816 - sistema_relatorios - gerador_contrato - INFO - CPF apenas números: 12345678900
2026-07-13 11:04:25,817 - sistema_relatorios - gerador_contrato - INFO - ✅ CPF formatado: 123.456.789-00
2026-07-13 11:04:25,818 - sistema_relatorios - gerador_contrato - INFO - CNO já formatado: 90.018.91862/63
2026-07-13 11:04:25,822 - sistema_relatorios - gerador_contrato - INFO - ✅ Dados do cliente processados - CPF final: 123.456.789-00
2026-07-13 11:04:25,822 - sistema_relatorios - gerador_contrato - INFO - Dados do cliente obtidos com sucesso: BRUNO SANTANA RINALDI
2026-07-13 11:05:04,060 - sistema_relatorios - gerador_contrato - INFO - Obtendo dados do cliente: BRUNO SANTANA RINALDI
2026-07-13 11:05:04,092 - sistema_relatorios - gerador_contrato - INFO - Colunas disponíveis: ['Nome', 'Endereço', 'Data Inicial', 'Observações', 'Data Final', 'Tipo Taxa', 'CPF', 'CNO', 'Estado Civil', 'Cidade', 'Grupo', 'Logradouro', 'Numero', 'Complemento', 'Localidade', 'CEP', 'Estado', 'Metragem_Alvara', 'Banco', 'Agencia', 'Conta', 'Tipo_Conta', 'PIX', 'TIPO_CLIENTE', 'CLIENTE_VINCULADO', 'CAIXA_CONTROLADO']
2026-07-13 11:05:04,093 - sistema_relatorios - gerador_contrato - INFO - CPF bruto obtido: 123.456.789-00 (tipo: <class 'str'>)
2026-07-13 11:05:04,094 - sistema_relatorios - gerador_contrato - INFO - CPF como string: 123.456.789-00
2026-07-13 11:05:04,094 - sistema_relatorios - gerador_contrato - INFO - CPF apenas números: 12345678900
2026-07-13 11:05:04,095 - sistema_relatorios - gerador_contrato - INFO - ✅ CPF formatado: 123.456.789-00
2026-07-13 11:05:04,096 - sistema_relatorios - gerador_contrato - INFO - CNO já formatado: 90.018.91862/63
2026-07-13 11:05:04,096 - sistema_relatorios - gerador_contrato - INFO - ✅ Dados do cliente processados - CPF final: 123.456.789-00
2026-07-13 11:05:04,097 - sistema_relatorios - gerador_contrato - INFO - Dados do cliente obtidos com sucesso: BRUNO SANTANA RINALDI
2026-07-13 11:05:04,097 - sistema_relatorios - gerador_contrato - INFO - Obtendo dados do fornecedor por nome: FENIX SERRALHERIA E ELETRICIDADE
2026-07-13 11:05:04,681 - sistema_relatorios - gerador_contrato - INFO - Colunas disponíveis na planilha de fornecedores: ['CNPJ/CPF', 'tipo_pessoa', 'RAZÃO SOCIAL', 'NOME', 'TELEFONE:', 'EMAIL:', 'BANCO:', 'OP', 'AGENCIA:', 'CONTA:', 'Chave_PIX', 'CATEGORIA: ', 'ESPECIFICACAO', 'VÍNCULO', 'DADOS BANCÁRIOS', 'ENDEREÇO', 'STATUS', 'RESPONSAVEL']
2026-07-13 11:05:04,692 - sistema_relatorios - gerador_contrato - INFO - ✅ Fornecedor encontrado na planilha
2026-07-13 11:05:04,692 - sistema_relatorios - gerador_contrato - INFO - CPF/CNPJ: 43615005000131 → 43.615.005/0001-31
2026-07-13 11:05:04,693 - sistema_relatorios - gerador_contrato - INFO - ✅ Endereço encontrado: RUA UM, 405 - SOARES, RIBEIRÃO DAS NEVES/MG
2026-07-13 11:05:04,694 - sistema_relatorios - gerador_contrato - INFO - ✅ Dados obtidos: Nome=FENIX SERRALHERIA E ELETRICIDADE, CNPJ/CPF=43.615.005/0001-31, Endereço=RUA UM, 405 - SOARES, RIBEIRÃO DAS NEVES/MG
2026-07-13 11:05:05,891 - sistema_relatorios - gerador_contrato - INFO - === INICIANDO GERAÇÃO DE CONTRATO ===
2026-07-13 11:05:05,892 - sistema_relatorios - gerador_contrato - INFO - 📋 Dados do contrato recebidos: ['data', 'cidade', 'cliente_nome', 'cliente_cno', 'cliente_cpf', 'cliente_estado_civil', 'cliente_endereco', 'fornecedor_nome', 'fornecedor_cnpj_cpf', 'fornecedor_endereco', 'endereco_obra', 'dias', 'valor', 'multa', 'dados_bancarios', 'data_condicionada', 'data_inicio', 'data_fim', 'descricao']
2026-07-13 11:05:05,892 - sistema_relatorios - gerador_contrato - INFO - Usando formato dict - Cliente: BRUNO SANTANA RINALDI
2026-07-13 11:05:05,893 - sistema_relatorios - gerador_contrato - INFO - Fornecedor CPF/CNPJ do dict: 43.615.005/0001-31
2026-07-13 11:05:05,893 - sistema_relatorios - gerador_contrato - INFO - Prazo informado: 22 dias
2026-07-13 11:05:05,894 - sistema_relatorios - gerador_contrato - INFO - Multa informada: 0
2026-07-13 11:05:05,894 - sistema_relatorios - gerador_contrato - INFO - ✅ Dados cliente processados: BRUNO SANTANA RINALDI
2026-07-13 11:05:05,894 - sistema_relatorios - gerador_contrato - INFO - ✅ Dados fornecedor processados: FENIX SERRALHERIA E ELETRICIDADE - 43.615.005/0001-31
2026-07-13 11:05:05,895 - sistema_relatorios - gerador_contrato - INFO - ✅ Usando prazo do formulário: 22 dias úteis
2026-07-13 11:05:06,054 - sistema_relatorios - gerador_contrato - INFO - ✅ Usando multa do formulário: R$ 0.0
2026-07-13 11:05:06,055 - sistema_relatorios - gerador_contrato - INFO - ✅ Data do contrato: 13/07/2026 (13 de julho de 2026)
2026-07-13 11:05:06,056 - sistema_relatorios - gerador_contrato - INFO - ✅ Data início dos serviços: 14/07/2026
2026-07-13 11:05:06,159 - sistema_relatorios - gerador_contrato - INFO - Fornecedor identificado como PESSOA JURÍDICA: 43.615.005/0001-31
2026-07-13 11:05:06,178 - sistema_relatorios - gerador_contrato - INFO - ✓ Contrato datado de 13/07/2026, serviços de 14/07/2026 a 13/08/2026
2026-07-13 11:05:06,196 - sistema_relatorios - gerador_contrato - INFO - ℹ️ Multa = R$ 0,00 — PARÁGRAFO ÚNICO omitido do contrato
2026-07-13 11:05:06,240 - sistema_relatorios - gerador_contrato - INFO - ✅ Contrato gerado com sucesso: C:\Users\Obras\sistema_gestao_testes\testes\Financeiro\Clientes\Contratos\Contrato_BRUNO_SANTANA_RINALDI_20260713_110506.docx
2026-07-13 11:05:12,147 - sistema_relatorios - gestao_medicoes - INFO - Pasta de contratos aberta: C:\Users\Obras\sistema_gestao_testes\testes\Financeiro\Clientes\Contratos
2026-07-13 11:12:45,892 - sistema_relatorios - gestao_medicoes - INFO - ✅ Janela de Gestão de Medições fechada
2026-07-13 11:12:45,958 - sistema_relatorios - gestao_medicoes - INFO - ✅ Menu principal restaurado
2026-07-13 11:24:38,061 - sistema - logger_config - INFO - Sistema de logging inicializado
2026-07-13 11:24:38,062 - sistema_relatorios - logger_config - INFO - Usuário alterado para: sistema_relatorios
2026-07-13 11:24:38,062 - sistema_relatorios - relatorios_interface - INFO - Sistema de relatórios inicializando usando logger configurado
2026-07-13 11:24:38,063 - sistema_relatorios - relatorios_interface - INFO - Configurações de janela importadas com sucesso
2026-07-13 11:24:38,063 - sistema_relatorios - relatorios_interface - INFO - === Sistema de Relatórios Inicializando ===
2026-07-13 11:24:48,378 - sistema_relatorios - gestao_medicoes - INFO - Logger importado com sucesso em gestao_medicoes.py
2026-07-13 11:24:48,485 - sistema_relatorios - gestao_medicoes - INFO - ✅ Janela Gestão de Medições inicializada com tripla proteção de visibilidade
2026-07-13 11:25:13,136 - sistema_relatorios - gestao_medicoes - INFO - Fornecedor selecionado na aba: FENIX SERRALHERIA E ELETRICIDADE (43.615.005/0001-31)
2026-07-13 11:25:18,338 - sistema_relatorios - gestao_medicoes - INFO - Prazo calculado: 22 dias úteis (excluindo data início)
2026-07-13 11:25:18,339 - sistema_relatorios - gestao_medicoes - INFO - Formulário de contrato limpo
2026-07-13 11:25:18,621 - sistema_relatorios - gerador_contrato - INFO - Carregando serviços de: C:\Users\Obras\sistema_gestao_testes\testes\Financeiro\Planilhas_Base\servicos_construcao.json
2026-07-13 11:25:18,622 - sistema_relatorios - gerador_contrato - INFO - Serviços carregados: 10 categorias
2026-07-13 11:25:18,624 - sistema_relatorios - gerador_contrato - INFO - Pasta de contratos verificada: C:\Users\Obras\sistema_gestao_testes\testes\Financeiro\Clientes\Contratos
2026-07-13 11:25:18,624 - sistema_relatorios - gerador_contrato - INFO - GeradorContrato inicializado com sucesso (usando python-docx)
2026-07-13 11:25:18,625 - sistema_relatorios - gerador_contrato - INFO - Obtendo dados do cliente: BRUNO SANTANA RINALDI
2026-07-13 11:25:18,656 - sistema_relatorios - gerador_contrato - INFO - Colunas disponíveis: ['Nome', 'Endereço', 'Data Inicial', 'Observações', 'Data Final', 'Tipo Taxa', 'CPF', 'CNO', 'Estado Civil', 'Cidade', 'Grupo', 'Logradouro', 'Numero', 'Complemento', 'Localidade', 'CEP', 'Estado', 'Metragem_Alvara', 'Banco', 'Agencia', 'Conta', 'Tipo_Conta', 'PIX', 'TIPO_CLIENTE', 'CLIENTE_VINCULADO', 'CAIXA_CONTROLADO']
2026-07-13 11:25:18,658 - sistema_relatorios - gerador_contrato - INFO - CPF bruto obtido: 123.456.789-00 (tipo: <class 'str'>)
2026-07-13 11:25:18,658 - sistema_relatorios - gerador_contrato - INFO - CPF como string: 123.456.789-00
2026-07-13 11:25:18,659 - sistema_relatorios - gerador_contrato - INFO - CPF apenas números: 12345678900
2026-07-13 11:25:18,660 - sistema_relatorios - gerador_contrato - INFO - ✅ CPF formatado: 123.456.789-00
2026-07-13 11:25:18,660 - sistema_relatorios - gerador_contrato - INFO - CNO já formatado: 90.018.91862/63
2026-07-13 11:25:18,663 - sistema_relatorios - gerador_contrato - INFO - ✅ Dados do cliente processados - CPF final: 123.456.789-00
2026-07-13 11:25:18,664 - sistema_relatorios - gerador_contrato - INFO - Dados do cliente obtidos com sucesso: BRUNO SANTANA RINALDI
2026-07-13 11:25:49,605 - sistema_relatorios - gerador_contrato - INFO - Obtendo dados do cliente: BRUNO SANTANA RINALDI
2026-07-13 11:25:49,633 - sistema_relatorios - gerador_contrato - INFO - Colunas disponíveis: ['Nome', 'Endereço', 'Data Inicial', 'Observações', 'Data Final', 'Tipo Taxa', 'CPF', 'CNO', 'Estado Civil', 'Cidade', 'Grupo', 'Logradouro', 'Numero', 'Complemento', 'Localidade', 'CEP', 'Estado', 'Metragem_Alvara', 'Banco', 'Agencia', 'Conta', 'Tipo_Conta', 'PIX', 'TIPO_CLIENTE', 'CLIENTE_VINCULADO', 'CAIXA_CONTROLADO']
2026-07-13 11:25:49,635 - sistema_relatorios - gerador_contrato - INFO - CPF bruto obtido: 123.456.789-00 (tipo: <class 'str'>)
2026-07-13 11:25:49,635 - sistema_relatorios - gerador_contrato - INFO - CPF como string: 123.456.789-00
2026-07-13 11:25:49,636 - sistema_relatorios - gerador_contrato - INFO - CPF apenas números: 12345678900
2026-07-13 11:25:49,636 - sistema_relatorios - gerador_contrato - INFO - ✅ CPF formatado: 123.456.789-00
2026-07-13 11:25:49,637 - sistema_relatorios - gerador_contrato - INFO - CNO já formatado: 90.018.91862/63
2026-07-13 11:25:49,638 - sistema_relatorios - gerador_contrato - INFO - ✅ Dados do cliente processados - CPF final: 123.456.789-00
2026-07-13 11:25:49,638 - sistema_relatorios - gerador_contrato - INFO - Dados do cliente obtidos com sucesso: BRUNO SANTANA RINALDI
2026-07-13 11:25:49,639 - sistema_relatorios - gerador_contrato - INFO - Obtendo dados do fornecedor por nome: FENIX SERRALHERIA E ELETRICIDADE
2026-07-13 11:25:50,317 - sistema_relatorios - gerador_contrato - INFO - Colunas disponíveis na planilha de fornecedores: ['CNPJ/CPF', 'tipo_pessoa', 'RAZÃO SOCIAL', 'NOME', 'TELEFONE:', 'EMAIL:', 'BANCO:', 'OP', 'AGENCIA:', 'CONTA:', 'Chave_PIX', 'CATEGORIA: ', 'ESPECIFICACAO', 'VÍNCULO', 'DADOS BANCÁRIOS', 'ENDEREÇO', 'STATUS', 'RESPONSAVEL']
2026-07-13 11:25:50,328 - sistema_relatorios - gerador_contrato - INFO - ✅ Fornecedor encontrado na planilha
2026-07-13 11:25:50,329 - sistema_relatorios - gerador_contrato - INFO - CPF/CNPJ: 43615005000131 → 43.615.005/0001-31
2026-07-13 11:25:50,329 - sistema_relatorios - gerador_contrato - INFO - ✅ Endereço encontrado: RUA UM, 405 - SOARES, RIBEIRÃO DAS NEVES/MG
2026-07-13 11:25:50,330 - sistema_relatorios - gerador_contrato - INFO - ✅ Dados obtidos: Nome=FENIX SERRALHERIA E ELETRICIDADE, CNPJ/CPF=43.615.005/0001-31, Endereço=RUA UM, 405 - SOARES, RIBEIRÃO DAS NEVES/MG
2026-07-13 11:25:51,500 - sistema_relatorios - gerador_contrato - INFO - === INICIANDO GERAÇÃO DE CONTRATO ===
2026-07-13 11:25:51,500 - sistema_relatorios - gerador_contrato - INFO - 📋 Dados do contrato recebidos: ['data', 'cidade', 'cliente_nome', 'cliente_cno', 'cliente_cpf', 'cliente_estado_civil', 'cliente_endereco', 'fornecedor_nome', 'fornecedor_razao_social', 'fornecedor_cnpj_cpf', 'fornecedor_endereco', 'endereco_obra', 'dias', 'valor', 'multa', 'dados_bancarios', 'data_condicionada', 'data_inicio', 'data_fim', 'descricao']
2026-07-13 11:25:51,501 - sistema_relatorios - gerador_contrato - INFO - Usando formato dict - Cliente: BRUNO SANTANA RINALDI
2026-07-13 11:25:51,501 - sistema_relatorios - gerador_contrato - INFO - Fornecedor CPF/CNPJ do dict: 43.615.005/0001-31
2026-07-13 11:25:51,502 - sistema_relatorios - gerador_contrato - INFO - Prazo informado: 22 dias
2026-07-13 11:25:51,502 - sistema_relatorios - gerador_contrato - INFO - Multa informada: 0
2026-07-13 11:25:51,503 - sistema_relatorios - gerador_contrato - INFO - ✅ Dados cliente processados: BRUNO SANTANA RINALDI
2026-07-13 11:25:51,503 - sistema_relatorios - gerador_contrato - INFO - ✅ Dados fornecedor processados: ANDREA APARECIDA BARBOSA (nome fantasia: FENIX SERRALHERIA E ELETRICIDADE) - 43.615.005/0001-31
2026-07-13 11:25:51,504 - sistema_relatorios - gerador_contrato - INFO - ✅ Usando prazo do formulário: 22 dias úteis
2026-07-13 11:25:51,644 - sistema_relatorios - gerador_contrato - INFO - ✅ Usando multa do formulário: R$ 0.0
2026-07-13 11:25:51,646 - sistema_relatorios - gerador_contrato - INFO - ✅ Data do contrato: 13/07/2026 (13 de julho de 2026)
2026-07-13 11:25:51,646 - sistema_relatorios - gerador_contrato - INFO - ✅ Data início dos serviços: 14/07/2026
2026-07-13 11:25:51,678 - sistema_relatorios - gerador_contrato - INFO - Fornecedor identificado como PESSOA JURÍDICA: 43.615.005/0001-31
2026-07-13 11:25:51,698 - sistema_relatorios - gerador_contrato - INFO - ✓ Contrato datado de 13/07/2026, serviços de 14/07/2026 a 13/08/2026
2026-07-13 11:25:51,717 - sistema_relatorios - gerador_contrato - INFO - ℹ️ Multa = R$ 0,00 — PARÁGRAFO ÚNICO omitido do contrato
2026-07-13 11:25:51,754 - sistema_relatorios - gerador_contrato - INFO - ✅ Contrato gerado com sucesso: C:\Users\Obras\sistema_gestao_testes\testes\Financeiro\Clientes\Contratos\Contrato_BRUNO_SANTANA_RINALDI_20260713_112551.docx
2026-07-13 11:25:55,491 - sistema_relatorios - gestao_medicoes - INFO - Pasta de contratos aberta: C:\Users\Obras\sistema_gestao_testes\testes\Financeiro\Clientes\Contratos
2026-07-13 11:35:37,061 - sistema_relatorios - gestao_medicoes - INFO - ✅ Janela de Gestão de Medições fechada
2026-07-13 11:35:37,076 - sistema_relatorios - gestao_medicoes - INFO - ✅ Menu principal restaurado
2026-07-13 11:35:50,463 - sistema - logger_config - INFO - Sistema de logging inicializado
2026-07-13 11:35:50,464 - sistema_relatorios - logger_config - INFO - Usuário alterado para: sistema_relatorios
2026-07-13 11:35:50,464 - sistema_relatorios - relatorios_interface - INFO - Sistema de relatórios inicializando usando logger configurado
2026-07-13 11:35:50,465 - sistema_relatorios - relatorios_interface - INFO - Configurações de janela importadas com sucesso
2026-07-13 11:35:50,465 - sistema_relatorios - relatorios_interface - INFO - === Sistema de Relatórios Inicializando ===
2026-07-13 11:35:56,792 - sistema_relatorios - gestao_medicoes - INFO - Logger importado com sucesso em gestao_medicoes.py
2026-07-13 11:35:56,861 - sistema_relatorios - gestao_medicoes - INFO - ✅ Janela Gestão de Medições inicializada com tripla proteção de visibilidade
2026-07-13 11:36:22,725 - sistema_relatorios - gestao_medicoes - INFO - Fornecedor selecionado na aba: FENIX SERRALHERIA E ELETRICIDADE (43.615.005/0001-31)
2026-07-13 11:36:29,566 - sistema_relatorios - gestao_medicoes - INFO - Prazo calculado: 22 dias úteis (excluindo data início)
2026-07-13 11:36:29,566 - sistema_relatorios - gestao_medicoes - INFO - Formulário de contrato limpo
2026-07-13 11:36:29,848 - sistema_relatorios - gerador_contrato - INFO - Carregando serviços de: C:\Users\Obras\sistema_gestao_testes\testes\Financeiro\Planilhas_Base\servicos_construcao.json
2026-07-13 11:36:29,850 - sistema_relatorios - gerador_contrato - INFO - Serviços carregados: 10 categorias
2026-07-13 11:36:29,851 - sistema_relatorios - gerador_contrato - INFO - Pasta de contratos verificada: C:\Users\Obras\sistema_gestao_testes\testes\Financeiro\Clientes\Contratos
2026-07-13 11:36:29,851 - sistema_relatorios - gerador_contrato - INFO - GeradorContrato inicializado com sucesso (usando python-docx)
2026-07-13 11:36:29,852 - sistema_relatorios - gerador_contrato - INFO - Obtendo dados do cliente: BRUNO SANTANA RINALDI
2026-07-13 11:36:29,884 - sistema_relatorios - gerador_contrato - INFO - Colunas disponíveis: ['Nome', 'Endereço', 'Data Inicial', 'Observações', 'Data Final', 'Tipo Taxa', 'CPF', 'CNO', 'Estado Civil', 'Cidade', 'Grupo', 'Logradouro', 'Numero', 'Complemento', 'Localidade', 'CEP', 'Estado', 'Metragem_Alvara', 'Banco', 'Agencia', 'Conta', 'Tipo_Conta', 'PIX', 'TIPO_CLIENTE', 'CLIENTE_VINCULADO', 'CAIXA_CONTROLADO']
2026-07-13 11:36:29,886 - sistema_relatorios - gerador_contrato - INFO - CPF bruto obtido: 123.456.789-00 (tipo: <class 'str'>)
2026-07-13 11:36:29,887 - sistema_relatorios - gerador_contrato - INFO - CPF como string: 123.456.789-00
2026-07-13 11:36:29,887 - sistema_relatorios - gerador_contrato - INFO - CPF apenas números: 12345678900
2026-07-13 11:36:29,887 - sistema_relatorios - gerador_contrato - INFO - ✅ CPF formatado: 123.456.789-00
2026-07-13 11:36:29,888 - sistema_relatorios - gerador_contrato - INFO - CNO já formatado: 90.018.91862/63
2026-07-13 11:36:29,888 - sistema_relatorios - gerador_contrato - INFO - ✅ Dados do cliente processados - CPF final: 123.456.789-00
2026-07-13 11:36:29,889 - sistema_relatorios - gerador_contrato - INFO - Dados do cliente obtidos com sucesso: BRUNO SANTANA RINALDI
2026-07-13 11:37:20,730 - sistema_relatorios - gerador_contrato - INFO - Obtendo dados do cliente: BRUNO SANTANA RINALDI
2026-07-13 11:37:20,762 - sistema_relatorios - gerador_contrato - INFO - Colunas disponíveis: ['Nome', 'Endereço', 'Data Inicial', 'Observações', 'Data Final', 'Tipo Taxa', 'CPF', 'CNO', 'Estado Civil', 'Cidade', 'Grupo', 'Logradouro', 'Numero', 'Complemento', 'Localidade', 'CEP', 'Estado', 'Metragem_Alvara', 'Banco', 'Agencia', 'Conta', 'Tipo_Conta', 'PIX', 'TIPO_CLIENTE', 'CLIENTE_VINCULADO', 'CAIXA_CONTROLADO']
2026-07-13 11:37:20,764 - sistema_relatorios - gerador_contrato - INFO - CPF bruto obtido: 123.456.789-00 (tipo: <class 'str'>)
2026-07-13 11:37:20,764 - sistema_relatorios - gerador_contrato - INFO - CPF como string: 123.456.789-00
2026-07-13 11:37:20,765 - sistema_relatorios - gerador_contrato - INFO - CPF apenas números: 12345678900
2026-07-13 11:37:20,765 - sistema_relatorios - gerador_contrato - INFO - ✅ CPF formatado: 123.456.789-00
2026-07-13 11:37:20,766 - sistema_relatorios - gerador_contrato - INFO - CNO já formatado: 90.018.91862/63
2026-07-13 11:37:20,767 - sistema_relatorios - gerador_contrato - INFO - ✅ Dados do cliente processados - CPF final: 123.456.789-00
2026-07-13 11:37:20,767 - sistema_relatorios - gerador_contrato - INFO - Dados do cliente obtidos com sucesso: BRUNO SANTANA RINALDI
2026-07-13 11:37:20,768 - sistema_relatorios - gerador_contrato - INFO - Obtendo dados do fornecedor por nome: FENIX SERRALHERIA E ELETRICIDADE
2026-07-13 11:37:21,316 - sistema_relatorios - gerador_contrato - INFO - Colunas disponíveis na planilha de fornecedores: ['CNPJ/CPF', 'tipo_pessoa', 'RAZÃO SOCIAL', 'NOME', 'TELEFONE:', 'EMAIL:', 'BANCO:', 'OP', 'AGENCIA:', 'CONTA:', 'Chave_PIX', 'CATEGORIA: ', 'ESPECIFICACAO', 'VÍNCULO', 'DADOS BANCÁRIOS', 'ENDEREÇO', 'STATUS', 'RESPONSAVEL']
2026-07-13 11:37:21,323 - sistema_relatorios - gerador_contrato - INFO - ✅ Fornecedor encontrado na planilha
2026-07-13 11:37:21,324 - sistema_relatorios - gerador_contrato - INFO - CPF/CNPJ: 43615005000131 → 43.615.005/0001-31
2026-07-13 11:37:21,324 - sistema_relatorios - gerador_contrato - INFO - ✅ Endereço encontrado: RUA UM, 405 - SOARES, RIBEIRÃO DAS NEVES/MG
2026-07-13 11:37:21,325 - sistema_relatorios - gerador_contrato - INFO - ✅ Dados obtidos: Nome=FENIX SERRALHERIA E ELETRICIDADE, CNPJ/CPF=43.615.005/0001-31, Endereço=RUA UM, 405 - SOARES, RIBEIRÃO DAS NEVES/MG
2026-07-13 11:37:22,588 - sistema_relatorios - gerador_contrato - INFO - === INICIANDO GERAÇÃO DE CONTRATO ===
2026-07-13 11:37:22,589 - sistema_relatorios - gerador_contrato - INFO - 📋 Dados do contrato recebidos: ['data', 'cidade', 'cliente_nome', 'cliente_cno', 'cliente_cpf', 'cliente_estado_civil', 'cliente_endereco', 'fornecedor_nome', 'fornecedor_razao_social', 'fornecedor_cnpj_cpf', 'fornecedor_endereco', 'endereco_obra', 'dias', 'valor', 'multa', 'dados_bancarios', 'data_condicionada', 'data_inicio', 'data_fim', 'descricao']
2026-07-13 11:37:22,590 - sistema_relatorios - gerador_contrato - INFO - Usando formato dict - Cliente: BRUNO SANTANA RINALDI
2026-07-13 11:37:22,591 - sistema_relatorios - gerador_contrato - INFO - Fornecedor CPF/CNPJ do dict: 43.615.005/0001-31
2026-07-13 11:37:22,591 - sistema_relatorios - gerador_contrato - INFO - Prazo informado: 22 dias
2026-07-13 11:37:22,592 - sistema_relatorios - gerador_contrato - INFO - Multa informada: 0
2026-07-13 11:37:22,592 - sistema_relatorios - gerador_contrato - INFO - ✅ Dados cliente processados: BRUNO SANTANA RINALDI
2026-07-13 11:37:22,592 - sistema_relatorios - gerador_contrato - INFO - ✅ Dados fornecedor processados: ANDREA APARECIDA BARBOSA (nome fantasia: FENIX SERRALHERIA E ELETRICIDADE) - 43.615.005/0001-31
2026-07-13 11:37:22,593 - sistema_relatorios - gerador_contrato - INFO - ✅ Usando prazo do formulário: 22 dias úteis
2026-07-13 11:37:22,729 - sistema_relatorios - gerador_contrato - INFO - ✅ Usando multa do formulário: R$ 0.0
2026-07-13 11:37:22,730 - sistema_relatorios - gerador_contrato - INFO - ✅ Data do contrato: 13/07/2026 (13 de julho de 2026)
2026-07-13 11:37:22,730 - sistema_relatorios - gerador_contrato - INFO - ✅ Data início dos serviços: 14/07/2026
2026-07-13 11:37:22,763 - sistema_relatorios - gerador_contrato - INFO - Fornecedor identificado como PESSOA JURÍDICA: 43.615.005/0001-31
2026-07-13 11:37:22,764 - sistema_relatorios - gerador_contrato - INFO - ℹ️ Nome fantasia incluído na qualificação: FENIX SERRALHERIA E ELETRICIDADE
2026-07-13 11:37:22,780 - sistema_relatorios - gerador_contrato - INFO - ✓ Contrato datado de 13/07/2026, serviços de 14/07/2026 a 13/08/2026
2026-07-13 11:37:22,798 - sistema_relatorios - gerador_contrato - INFO - ℹ️ Multa = R$ 0,00 — PARÁGRAFO ÚNICO omitido do contrato
2026-07-13 11:37:22,833 - sistema_relatorios - gerador_contrato - INFO - ✅ Contrato gerado com sucesso: C:\Users\Obras\sistema_gestao_testes\testes\Financeiro\Clientes\Contratos\Contrato_BRUNO_SANTANA_RINALDI_20260713_113722.docx
2026-07-13 11:37:26,810 - sistema_relatorios - gestao_medicoes - INFO - Pasta de contratos aberta: C:\Users\Obras\sistema_gestao_testes\testes\Financeiro\Clientes\Contratos
2026-07-13 11:38:36,551 - sistema_relatorios - gestao_medicoes - INFO - ✅ Janela de Gestão de Medições fechada
2026-07-13 11:38:36,567 - sistema_relatorios - gestao_medicoes - INFO - ✅ Menu principal restaurado
2026-07-13 14:43:16,309 - sistema - logger_config - INFO - Sistema de logging inicializado
2026-07-13 14:43:16,311 - sistema_relatorios - logger_config - INFO - Usuário alterado para: sistema_relatorios
2026-07-13 14:43:16,312 - sistema_relatorios - relatorios_interface - INFO - Sistema de relatórios inicializando usando logger configurado
2026-07-13 14:43:16,312 - sistema_relatorios - relatorios_interface - INFO - Configurações de janela importadas com sucesso
2026-07-13 14:43:16,313 - sistema_relatorios - relatorios_interface - INFO - === Sistema de Relatórios Inicializando ===
2026-07-13 14:43:23,656 - sistema_relatorios - relatorios_interface - INFO - Carregando clientes de: C:\Users\Obras\sistema_gestao_testes\testes\Financeiro\Planilhas_Base\Clientes.xlsx
2026-07-13 14:43:23,852 - sistema_relatorios - relatorios_interface - INFO - Colunas disponíveis: ['Nome', 'Endereço', 'Data Inicial', 'Observações', 'Data Final', 'Tipo Taxa', 'CPF', 'CNO', 'Estado Civil', 'Cidade', 'Grupo', 'Logradouro', 'Numero', 'Complemento', 'Localidade', 'CEP', 'Estado', 'Metragem_Alvara', 'Banco', 'Agencia', 'Conta', 'Tipo_Conta', 'PIX', 'TIPO_CLIENTE', 'CLIENTE_VINCULADO', 'CAIXA_CONTROLADO']
2026-07-13 14:43:23,856 - sistema_relatorios - relatorios_interface - INFO - Coluna de status: Data Final
2026-07-13 14:43:23,888 - sistema_relatorios - relatorios_interface - INFO - Coluna de nome: Nome
2026-07-13 14:43:23,914 - sistema_relatorios - relatorios_interface - INFO - Total de clientes ativos encontrados: 21
2026-07-13 14:43:23,950 - sistema_relatorios - relatorios_interface - INFO - Lista de clientes atualizada com 22 clientes
2026-07-13 14:43:27,177 - sistema_relatorios - relatorios_interface - INFO - Data calculada automaticamente: 20/07/2026
2026-07-13 14:43:27,180 - sistema_relatorios - relatorios_interface - INFO - Data calculada automaticamente: 20/07/2026
2026-07-13 14:43:28,679 - sistema_relatorios - relatorios_interface - INFO - Carregando clientes de: C:\Users\Obras\sistema_gestao_testes\testes\Financeiro\Planilhas_Base\Clientes.xlsx
2026-07-13 14:43:28,747 - sistema_relatorios - relatorios_interface - INFO - Colunas disponíveis: ['Nome', 'Endereço', 'Data Inicial', 'Observações', 'Data Final', 'Tipo Taxa', 'CPF', 'CNO', 'Estado Civil', 'Cidade', 'Grupo', 'Logradouro', 'Numero', 'Complemento', 'Localidade', 'CEP', 'Estado', 'Metragem_Alvara', 'Banco', 'Agencia', 'Conta', 'Tipo_Conta', 'PIX', 'TIPO_CLIENTE', 'CLIENTE_VINCULADO', 'CAIXA_CONTROLADO']
2026-07-13 14:43:28,755 - sistema_relatorios - relatorios_interface - INFO - Coluna de status: Data Final
2026-07-13 14:43:28,764 - sistema_relatorios - relatorios_interface - INFO - Coluna de nome: Nome
2026-07-13 14:43:28,767 - sistema_relatorios - relatorios_interface - INFO - Total de clientes ativos encontrados: 21
2026-07-13 14:43:32,317 - sistema_relatorios - relatorios_interface - INFO - Cliente selecionado: EMILIA MARGARETH GONZAGA ALVES
2026-07-13 14:43:32,321 - sistema_relatorios - relatorios_interface - INFO - Arquivo encontrado: C:\Users\Obras\sistema_gestao_testes\testes\Financeiro\Clientes\EMILIA MARGARETH GONZAGA ALVES.xlsx
2026-07-13 14:43:32,332 - sistema_relatorios - relatorios_interface - INFO - Arquivo encontrado: C:\Users\Obras\sistema_gestao_testes\testes\Financeiro\Clientes\EMILIA MARGARETH GONZAGA ALVES.xlsx
2026-07-13 14:43:32,674 - sistema_relatorios - relatorios_interface - INFO - Data final obtida: 2026-07-20 00:00:00 (tipo: <class 'datetime.datetime'>)
2026-07-13 14:48:12,556 - sistema_relatorios - relatorios_interface - INFO - Solicitado retorno ao menu principal
2026-07-13 14:48:12,561 - sistema_relatorios - relatorios_interface - INFO - Retornando ao menu principal existente
2026-07-13 14:48:12,681 - sistema_relatorios - relatorios_interface - INFO - Retorno ao menu principal concluído
2026-07-13 15:00:13,886 - sistema - logger_config - INFO - Sistema de logging inicializado
2026-07-13 15:00:13,887 - sistema_relatorios - logger_config - INFO - Usuário alterado para: sistema_relatorios
2026-07-13 15:00:13,887 - sistema_relatorios - relatorios_interface - INFO - Sistema de relatórios inicializando usando logger configurado
2026-07-13 15:00:13,887 - sistema_relatorios - relatorios_interface - INFO - Configurações de janela importadas com sucesso
2026-07-13 15:00:13,889 - sistema_relatorios - relatorios_interface - INFO - === Sistema de Relatórios Inicializando ===
2026-07-13 15:00:32,690 - sistema_relatorios - relatorios_interface - INFO - Carregando clientes de: C:\Users\Obras\sistema_gestao_testes\testes\Financeiro\Planilhas_Base\Clientes.xlsx
2026-07-13 15:00:32,821 - sistema_relatorios - relatorios_interface - INFO - Colunas disponíveis: ['Nome', 'Endereço', 'Data Inicial', 'Observações', 'Data Final', 'Tipo Taxa', 'CPF', 'CNO', 'Estado Civil', 'Cidade', 'Grupo', 'Logradouro', 'Numero', 'Complemento', 'Localidade', 'CEP', 'Estado', 'Metragem_Alvara', 'Banco', 'Agencia', 'Conta', 'Tipo_Conta', 'PIX', 'TIPO_CLIENTE', 'CLIENTE_VINCULADO', 'CAIXA_CONTROLADO']
2026-07-13 15:00:32,823 - sistema_relatorios - relatorios_interface - INFO - Coluna de status: Data Final
2026-07-13 15:00:32,840 - sistema_relatorios - relatorios_interface - INFO - Coluna de nome: Nome
2026-07-13 15:00:32,841 - sistema_relatorios - relatorios_interface - INFO - Total de clientes ativos encontrados: 21
2026-07-13 15:00:32,842 - sistema_relatorios - relatorios_interface - INFO - Lista de clientes atualizada com 22 clientes
2026-07-13 15:00:34,439 - sistema_relatorios - relatorios_interface - INFO - Data calculada automaticamente: 20/07/2026
2026-07-13 15:00:34,440 - sistema_relatorios - relatorios_interface - INFO - Data calculada automaticamente: 20/07/2026
2026-07-13 15:00:35,086 - sistema_relatorios - relatorios_interface - INFO - Carregando clientes de: C:\Users\Obras\sistema_gestao_testes\testes\Financeiro\Planilhas_Base\Clientes.xlsx
2026-07-13 15:00:35,122 - sistema_relatorios - relatorios_interface - INFO - Colunas disponíveis: ['Nome', 'Endereço', 'Data Inicial', 'Observações', 'Data Final', 'Tipo Taxa', 'CPF', 'CNO', 'Estado Civil', 'Cidade', 'Grupo', 'Logradouro', 'Numero', 'Complemento', 'Localidade', 'CEP', 'Estado', 'Metragem_Alvara', 'Banco', 'Agencia', 'Conta', 'Tipo_Conta', 'PIX', 'TIPO_CLIENTE', 'CLIENTE_VINCULADO', 'CAIXA_CONTROLADO']
2026-07-13 15:00:35,123 - sistema_relatorios - relatorios_interface - INFO - Coluna de status: Data Final
2026-07-13 15:00:35,125 - sistema_relatorios - relatorios_interface - INFO - Coluna de nome: Nome
2026-07-13 15:00:35,126 - sistema_relatorios - relatorios_interface - INFO - Total de clientes ativos encontrados: 21
2026-07-13 15:00:38,367 - sistema_relatorios - relatorios_interface - INFO - Cliente selecionado: EMILIA MARGARETH GONZAGA ALVES
2026-07-13 15:00:38,368 - sistema_relatorios - relatorios_interface - INFO - Arquivo encontrado: C:\Users\Obras\sistema_gestao_testes\testes\Financeiro\Clientes\EMILIA MARGARETH GONZAGA ALVES.xlsx
2026-07-13 15:00:38,376 - sistema_relatorios - relatorios_interface - INFO - Arquivo encontrado: C:\Users\Obras\sistema_gestao_testes\testes\Financeiro\Clientes\EMILIA MARGARETH GONZAGA ALVES.xlsx
2026-07-13 15:00:38,453 - sistema_relatorios - relatorios_interface - INFO - Data final obtida: 2026-07-20 00:00:00 (tipo: <class 'datetime.datetime'>)
2026-07-13 15:01:48,295 - sistema_relatorios - relatorios_interface - INFO - Data final obtida: 2026-07-20 00:00:00 (tipo: <class 'datetime.datetime'>)
2026-07-13 15:01:54,925 - sistema_relatorios - relatorios_interface - INFO - 🔍 INICIANDO gerar_relatorio para: despesas
2026-07-13 15:01:54,926 - sistema_relatorios - relatorios_interface - INFO - 🎯 PROCESSANDO: Relatório de despesas
2026-07-13 15:01:54,926 - sistema_relatorios - relatorios_interface - INFO - 🎯 PROCESSANDO DESPESAS - ARQUITETURA LIMPA
2026-07-13 15:01:54,927 - sistema_relatorios - relatorios_interface - INFO - Data final obtida: 2026-07-20 00:00:00 (tipo: <class 'datetime.datetime'>)
2026-07-13 15:01:54,927 - sistema_relatorios - relatorios_interface - INFO - ✅ Arquivo encontrado em arquivo_cliente_selecionado: C:\Users\Obras\sistema_gestao_testes\testes\Financeiro\Clientes\EMILIA MARGARETH GONZAGA ALVES.xlsx
2026-07-13 15:01:54,928 - sistema_relatorios - relatorios_interface - INFO - ✅ Arquivo final nas configurações: C:\Users\Obras\sistema_gestao_testes\testes\Financeiro\Clientes\EMILIA MARGARETH GONZAGA ALVES.xlsx
2026-07-13 15:01:54,929 - sistema_relatorios - relatorios_interface - INFO - ✅ Configurações coletadas
2026-07-13 15:01:54,929 - sistema_relatorios - relatorios_interface - INFO - ✅ Arquivo confirmado: EMILIA MARGARETH GONZAGA ALVES.xlsx
2026-07-13 15:01:57,578 - sistema_relatorios - relatorios_interface - INFO - Modo selecionado: Preview
2026-07-13 15:01:57,579 - sistema_relatorios - relatorios_interface - INFO - 🎯 EXECUTANDO COM PREVIEW DIRETO - PDF TEMPORÁRIO
2026-07-13 15:01:59,583 - sistema_relatorios - relatorios_interface - INFO - ✅ Janela de decisão criada
2026-07-13 15:03:13,931 - sistema_relatorios - relatorios_interface - ERROR - Erro ao atualizar progresso: 'Toplevel' object has no attribute 'percent_label'
2026-07-13 15:03:16,590 - sistema_relatorios - relatorios_interface - INFO - 🗑️ PDF temporário agendado para remoção: PREVIEW_EMILIA_MARGARETH_GONZAGA_ALVES_20260713_150157.pdf
2026-07-13 15:03:18,614 - sistema_relatorios - relatorios_interface - WARNING - Aviso: Não foi possível remover arquivo temporário: [WinError 32] O arquivo já está sendo usado por outro processo: 'C:\\Users\\Obras\\AppData\\Local\\Temp\\PREVIEW_EMILIA_MARGARETH_GONZAGA_ALVES_20260713_150157.pdf'
2026-07-13 15:11:57,305 - sistema_relatorios - relatorios_interface - INFO - Cliente selecionado: RVR - SPRC - CASA JD PETROPOLIS
2026-07-13 15:11:57,310 - sistema_relatorios - relatorios_interface - INFO - Arquivo encontrado: C:\Users\Obras\sistema_gestao_testes\testes\Financeiro\Clientes\RVR - SPRC - CASA JD PETROPOLIS.xlsx
2026-07-13 15:11:57,312 - sistema_relatorios - relatorios_interface - INFO - Arquivo encontrado: C:\Users\Obras\sistema_gestao_testes\testes\Financeiro\Clientes\RVR - SPRC - CASA JD PETROPOLIS.xlsx
2026-07-13 15:11:57,617 - sistema_relatorios - relatorios_interface - INFO - Data final obtida: 2026-07-20 00:00:00 (tipo: <class 'datetime.datetime'>)
2026-07-13 15:17:56,088 - sistema_relatorios - relatorios_interface - INFO - Solicitado retorno ao menu principal
2026-07-13 15:17:56,111 - sistema_relatorios - relatorios_interface - INFO - Retornando ao menu principal existente
2026-07-13 15:17:56,311 - sistema_relatorios - relatorios_interface - INFO - Retorno ao menu principal concluído
2026-07-13 15:28:08,206 - sistema - logger_config - INFO - Sistema de logging inicializado
2026-07-13 15:28:08,207 - sistema_relatorios - logger_config - INFO - Usuário alterado para: sistema_relatorios
2026-07-13 15:28:08,207 - sistema_relatorios - relatorios_interface - INFO - Sistema de relatórios inicializando usando logger configurado
2026-07-13 15:28:08,208 - sistema_relatorios - relatorios_interface - INFO - Configurações de janela importadas com sucesso
2026-07-13 15:28:08,208 - sistema_relatorios - relatorios_interface - INFO - === Sistema de Relatórios Inicializando ===
2026-07-13 15:28:27,761 - sistema_relatorios - relatorios_interface - INFO - Carregando clientes de: C:\Users\Obras\sistema_gestao_testes\testes\Financeiro\Planilhas_Base\Clientes.xlsx
2026-07-13 15:28:27,941 - sistema_relatorios - relatorios_interface - INFO - Colunas disponíveis: ['Nome', 'Endereço', 'Data Inicial', 'Observações', 'Data Final', 'Tipo Taxa', 'CPF', 'CNO', 'Estado Civil', 'Cidade', 'Grupo', 'Logradouro', 'Numero', 'Complemento', 'Localidade', 'CEP', 'Estado', 'Metragem_Alvara', 'Banco', 'Agencia', 'Conta', 'Tipo_Conta', 'PIX', 'TIPO_CLIENTE', 'CLIENTE_VINCULADO', 'CAIXA_CONTROLADO']
2026-07-13 15:28:27,942 - sistema_relatorios - relatorios_interface - INFO - Coluna de status: Data Final
2026-07-13 15:28:27,964 - sistema_relatorios - relatorios_interface - INFO - Coluna de nome: Nome
2026-07-13 15:28:27,965 - sistema_relatorios - relatorios_interface - INFO - Total de clientes ativos encontrados: 21
2026-07-13 15:28:27,966 - sistema_relatorios - relatorios_interface - INFO - Lista de clientes atualizada com 22 clientes
2026-07-13 15:28:29,484 - sistema_relatorios - relatorios_interface - INFO - Data calculada automaticamente: 20/07/2026
2026-07-13 15:28:29,485 - sistema_relatorios - relatorios_interface - INFO - Data calculada automaticamente: 20/07/2026
2026-07-13 15:28:30,351 - sistema_relatorios - relatorios_interface - INFO - Carregando clientes de: C:\Users\Obras\sistema_gestao_testes\testes\Financeiro\Planilhas_Base\Clientes.xlsx
2026-07-13 15:28:30,380 - sistema_relatorios - relatorios_interface - INFO - Colunas disponíveis: ['Nome', 'Endereço', 'Data Inicial', 'Observações', 'Data Final', 'Tipo Taxa', 'CPF', 'CNO', 'Estado Civil', 'Cidade', 'Grupo', 'Logradouro', 'Numero', 'Complemento', 'Localidade', 'CEP', 'Estado', 'Metragem_Alvara', 'Banco', 'Agencia', 'Conta', 'Tipo_Conta', 'PIX', 'TIPO_CLIENTE', 'CLIENTE_VINCULADO', 'CAIXA_CONTROLADO']
2026-07-13 15:28:30,381 - sistema_relatorios - relatorios_interface - INFO - Coluna de status: Data Final
2026-07-13 15:28:30,382 - sistema_relatorios - relatorios_interface - INFO - Coluna de nome: Nome
2026-07-13 15:28:30,384 - sistema_relatorios - relatorios_interface - INFO - Total de clientes ativos encontrados: 21
2026-07-13 15:28:34,614 - sistema_relatorios - relatorios_interface - INFO - Cliente selecionado: RVR - SPRC - CASA JD PETROPOLIS
2026-07-13 15:28:34,615 - sistema_relatorios - relatorios_interface - INFO - Arquivo encontrado: C:\Users\Obras\sistema_gestao_testes\testes\Financeiro\Clientes\RVR - SPRC - CASA JD PETROPOLIS.xlsx
2026-07-13 15:28:34,622 - sistema_relatorios - relatorios_interface - INFO - Arquivo encontrado: C:\Users\Obras\sistema_gestao_testes\testes\Financeiro\Clientes\RVR - SPRC - CASA JD PETROPOLIS.xlsx
2026-07-13 15:28:34,715 - sistema_relatorios - relatorios_interface - INFO - Data final obtida: 2026-07-20 00:00:00 (tipo: <class 'datetime.datetime'>)
2026-07-13 15:28:38,180 - sistema_relatorios - relatorios_interface - INFO - 🔍 INICIANDO gerar_relatorio para: despesas
2026-07-13 15:28:38,181 - sistema_relatorios - relatorios_interface - INFO - 🎯 PROCESSANDO: Relatório de despesas
2026-07-13 15:28:38,182 - sistema_relatorios - relatorios_interface - INFO - 🎯 PROCESSANDO DESPESAS - ARQUITETURA LIMPA
2026-07-13 15:28:38,182 - sistema_relatorios - relatorios_interface - INFO - Data final obtida: 2026-07-20 00:00:00 (tipo: <class 'datetime.datetime'>)
2026-07-13 15:28:38,183 - sistema_relatorios - relatorios_interface - INFO - ✅ Arquivo encontrado em arquivo_cliente_selecionado: C:\Users\Obras\sistema_gestao_testes\testes\Financeiro\Clientes\RVR - SPRC - CASA JD PETROPOLIS.xlsx
2026-07-13 15:28:38,183 - sistema_relatorios - relatorios_interface - INFO - ✅ Arquivo final nas configurações: C:\Users\Obras\sistema_gestao_testes\testes\Financeiro\Clientes\RVR - SPRC - CASA JD PETROPOLIS.xlsx
2026-07-13 15:28:38,184 - sistema_relatorios - relatorios_interface - INFO - ✅ Configurações coletadas
2026-07-13 15:28:38,184 - sistema_relatorios - relatorios_interface - INFO - ✅ Arquivo confirmado: RVR - SPRC - CASA JD PETROPOLIS.xlsx
2026-07-13 15:28:39,867 - sistema_relatorios - relatorios_interface - INFO - Modo selecionado: Preview
2026-07-13 15:28:39,868 - sistema_relatorios - relatorios_interface - INFO - 🎯 EXECUTANDO COM PREVIEW DIRETO - PDF TEMPORÁRIO
2026-07-13 15:28:40,705 - sistema_relatorios - relatorios_interface - INFO - ✅ Janela de decisão criada
2026-07-13 15:28:47,310 - sistema_relatorios - relatorios_interface - ERROR - Erro ao atualizar progresso: 'Toplevel' object has no attribute 'percent_label'
2026-07-13 15:28:47,529 - sistema_relatorios - relatorios_interface - INFO - 🗑️ PDF temporário agendado para remoção: PREVIEW_RVR_-_SPRC_-_CASA_JD_PETROPOLIS_20260713_152840.pdf
2026-07-13 15:28:49,545 - sistema_relatorios - relatorios_interface - WARNING - Aviso: Não foi possível remover arquivo temporário: [WinError 32] O arquivo já está sendo usado por outro processo: 'C:\\Users\\Obras\\AppData\\Local\\Temp\\PREVIEW_RVR_-_SPRC_-_CASA_JD_PETROPOLIS_20260713_152840.pdf'
2026-07-13 15:28:59,462 - sistema_relatorios - relatorios_interface - INFO - Cliente selecionado: EMILIA MARGARETH GONZAGA ALVES
2026-07-13 15:28:59,465 - sistema_relatorios - relatorios_interface - INFO - Arquivo encontrado: C:\Users\Obras\sistema_gestao_testes\testes\Financeiro\Clientes\EMILIA MARGARETH GONZAGA ALVES.xlsx
2026-07-13 15:28:59,466 - sistema_relatorios - relatorios_interface - INFO - Arquivo encontrado: C:\Users\Obras\sistema_gestao_testes\testes\Financeiro\Clientes\EMILIA MARGARETH GONZAGA ALVES.xlsx
2026-07-13 15:28:59,569 - sistema_relatorios - relatorios_interface - INFO - Data final obtida: 2026-07-20 00:00:00 (tipo: <class 'datetime.datetime'>)
2026-07-13 15:29:01,756 - sistema_relatorios - relatorios_interface - INFO - 🔍 INICIANDO gerar_relatorio para: despesas
2026-07-13 15:29:01,757 - sistema_relatorios - relatorios_interface - INFO - 🎯 PROCESSANDO: Relatório de despesas
2026-07-13 15:29:01,757 - sistema_relatorios - relatorios_interface - INFO - 🎯 PROCESSANDO DESPESAS - ARQUITETURA LIMPA
2026-07-13 15:29:01,758 - sistema_relatorios - relatorios_interface - INFO - Data final obtida: 2026-07-20 00:00:00 (tipo: <class 'datetime.datetime'>)
2026-07-13 15:29:01,759 - sistema_relatorios - relatorios_interface - INFO - ✅ Arquivo encontrado em arquivo_cliente_selecionado: C:\Users\Obras\sistema_gestao_testes\testes\Financeiro\Clientes\EMILIA MARGARETH GONZAGA ALVES.xlsx
2026-07-13 15:29:01,760 - sistema_relatorios - relatorios_interface - INFO - ✅ Arquivo final nas configurações: C:\Users\Obras\sistema_gestao_testes\testes\Financeiro\Clientes\EMILIA MARGARETH GONZAGA ALVES.xlsx
2026-07-13 15:29:01,760 - sistema_relatorios - relatorios_interface - INFO - ✅ Configurações coletadas
2026-07-13 15:29:01,761 - sistema_relatorios - relatorios_interface - INFO - ✅ Arquivo confirmado: EMILIA MARGARETH GONZAGA ALVES.xlsx
2026-07-13 15:29:03,201 - sistema_relatorios - relatorios_interface - INFO - Modo selecionado: Preview
2026-07-13 15:29:03,202 - sistema_relatorios - relatorios_interface - INFO - 🎯 EXECUTANDO COM PREVIEW DIRETO - PDF TEMPORÁRIO
2026-07-13 15:29:03,721 - sistema_relatorios - relatorios_interface - INFO - ✅ Janela de decisão criada
2026-07-13 15:29:10,691 - sistema_relatorios - relatorios_interface - ERROR - Erro ao atualizar progresso: 'Toplevel' object has no attribute 'percent_label'
2026-07-13 15:29:11,049 - sistema_relatorios - relatorios_interface - INFO - 🗑️ PDF temporário agendado para remoção: PREVIEW_EMILIA_MARGARETH_GONZAGA_ALVES_20260713_152903.pdf
2026-07-13 15:29:13,061 - sistema_relatorios - relatorios_interface - WARNING - Aviso: Não foi possível remover arquivo temporário: [WinError 32] O arquivo já está sendo usado por outro processo: 'C:\\Users\\Obras\\AppData\\Local\\Temp\\PREVIEW_EMILIA_MARGARETH_GONZAGA_ALVES_20260713_152903.pdf'
2026-07-13 15:38:16,896 - sistema_relatorios - relatorios_interface - INFO - Solicitado retorno ao menu principal
2026-07-13 15:38:16,923 - sistema_relatorios - relatorios_interface - INFO - Retornando ao menu principal existente
2026-07-13 15:38:17,140 - sistema_relatorios - relatorios_interface - INFO - Retorno ao menu principal concluído
2026-07-13 15:44:13,483 - sistema - logger_config - INFO - Sistema de logging inicializado
2026-07-13 15:44:13,484 - sistema_relatorios - logger_config - INFO - Usuário alterado para: sistema_relatorios
2026-07-13 15:44:13,484 - sistema_relatorios - relatorios_interface - INFO - Sistema de relatórios inicializando usando logger configurado
2026-07-13 15:44:13,485 - sistema_relatorios - relatorios_interface - INFO - Configurações de janela importadas com sucesso
2026-07-13 15:44:13,485 - sistema_relatorios - relatorios_interface - INFO - === Sistema de Relatórios Inicializando ===
2026-07-13 15:44:22,095 - sistema_relatorios - relatorios_interface - INFO - Carregando clientes de: C:\Users\Obras\sistema_gestao_testes\testes\Financeiro\Planilhas_Base\Clientes.xlsx
2026-07-13 15:44:22,565 - sistema_relatorios - relatorios_interface - INFO - Colunas disponíveis: ['Nome', 'Endereço', 'Data Inicial', 'Observações', 'Data Final', 'Tipo Taxa', 'CPF', 'CNO', 'Estado Civil', 'Cidade', 'Grupo', 'Logradouro', 'Numero', 'Complemento', 'Localidade', 'CEP', 'Estado', 'Metragem_Alvara', 'Banco', 'Agencia', 'Conta', 'Tipo_Conta', 'PIX', 'TIPO_CLIENTE', 'CLIENTE_VINCULADO', 'CAIXA_CONTROLADO']
2026-07-13 15:44:22,646 - sistema_relatorios - relatorios_interface - INFO - Coluna de status: Data Final
2026-07-13 15:44:22,695 - sistema_relatorios - relatorios_interface - INFO - Coluna de nome: Nome
2026-07-13 15:44:22,763 - sistema_relatorios - relatorios_interface - INFO - Total de clientes ativos encontrados: 21
2026-07-13 15:44:22,887 - sistema_relatorios - relatorios_interface - INFO - Lista de clientes atualizada com 22 clientes
2026-07-13 15:44:24,418 - sistema_relatorios - relatorios_interface - INFO - Data calculada automaticamente: 20/07/2026
2026-07-13 15:44:24,423 - sistema_relatorios - relatorios_interface - INFO - Data calculada automaticamente: 20/07/2026
2026-07-13 15:44:26,155 - sistema_relatorios - relatorios_interface - INFO - Carregando clientes de: C:\Users\Obras\sistema_gestao_testes\testes\Financeiro\Planilhas_Base\Clientes.xlsx
2026-07-13 15:44:26,207 - sistema_relatorios - relatorios_interface - INFO - Colunas disponíveis: ['Nome', 'Endereço', 'Data Inicial', 'Observações', 'Data Final', 'Tipo Taxa', 'CPF', 'CNO', 'Estado Civil', 'Cidade', 'Grupo', 'Logradouro', 'Numero', 'Complemento', 'Localidade', 'CEP', 'Estado', 'Metragem_Alvara', 'Banco', 'Agencia', 'Conta', 'Tipo_Conta', 'PIX', 'TIPO_CLIENTE', 'CLIENTE_VINCULADO', 'CAIXA_CONTROLADO']
2026-07-13 15:44:26,209 - sistema_relatorios - relatorios_interface - INFO - Coluna de status: Data Final
2026-07-13 15:44:26,212 - sistema_relatorios - relatorios_interface - INFO - Coluna de nome: Nome
2026-07-13 15:44:26,213 - sistema_relatorios - relatorios_interface - INFO - Total de clientes ativos encontrados: 21
2026-07-13 15:44:30,816 - sistema_relatorios - relatorios_interface - INFO - Cliente selecionado: EMILIA MARGARETH GONZAGA ALVES
2026-07-13 15:44:30,819 - sistema_relatorios - relatorios_interface - INFO - Arquivo encontrado: C:\Users\Obras\sistema_gestao_testes\testes\Financeiro\Clientes\EMILIA MARGARETH GONZAGA ALVES.xlsx
2026-07-13 15:44:30,829 - sistema_relatorios - relatorios_interface - INFO - Arquivo encontrado: C:\Users\Obras\sistema_gestao_testes\testes\Financeiro\Clientes\EMILIA MARGARETH GONZAGA ALVES.xlsx
2026-07-13 15:44:31,011 - sistema_relatorios - relatorios_interface - INFO - Data final obtida: 2026-07-20 00:00:00 (tipo: <class 'datetime.datetime'>)
2026-07-13 15:44:33,767 - sistema_relatorios - relatorios_interface - INFO - 🔍 INICIANDO gerar_relatorio para: despesas
2026-07-13 15:44:33,767 - sistema_relatorios - relatorios_interface - INFO - 🎯 PROCESSANDO: Relatório de despesas
2026-07-13 15:44:33,768 - sistema_relatorios - relatorios_interface - INFO - 🎯 PROCESSANDO DESPESAS - ARQUITETURA LIMPA
2026-07-13 15:44:33,769 - sistema_relatorios - relatorios_interface - INFO - Data final obtida: 2026-07-20 00:00:00 (tipo: <class 'datetime.datetime'>)
2026-07-13 15:44:33,770 - sistema_relatorios - relatorios_interface - INFO - ✅ Arquivo encontrado em arquivo_cliente_selecionado: C:\Users\Obras\sistema_gestao_testes\testes\Financeiro\Clientes\EMILIA MARGARETH GONZAGA ALVES.xlsx
2026-07-13 15:44:33,770 - sistema_relatorios - relatorios_interface - INFO - ✅ Arquivo final nas configurações: C:\Users\Obras\sistema_gestao_testes\testes\Financeiro\Clientes\EMILIA MARGARETH GONZAGA ALVES.xlsx
2026-07-13 15:44:33,771 - sistema_relatorios - relatorios_interface - INFO - ✅ Configurações coletadas
2026-07-13 15:44:33,772 - sistema_relatorios - relatorios_interface - INFO - ✅ Arquivo confirmado: EMILIA MARGARETH GONZAGA ALVES.xlsx
2026-07-13 15:44:35,341 - sistema_relatorios - relatorios_interface - INFO - Modo selecionado: Preview
2026-07-13 15:44:35,348 - sistema_relatorios - relatorios_interface - INFO - 🎯 EXECUTANDO COM PREVIEW DIRETO - PDF TEMPORÁRIO
2026-07-13 15:44:36,969 - sistema_relatorios - relatorios_interface - INFO - ✅ Janela de decisão criada
2026-07-13 15:45:03,712 - sistema_relatorios - relatorios_interface - INFO - 🗑️ PDF temporário agendado para remoção: PREVIEW_EMILIA_MARGARETH_GONZAGA_ALVES_20260713_154435.pdf
2026-07-13 15:45:05,706 - sistema_relatorios - relatorios_interface - INFO - 🗑️ Arquivo temporário removido: PREVIEW_EMILIA_MARGARETH_GONZAGA_ALVES_20260713_154435.pdf
2026-07-13 15:45:06,000 - sistema_relatorios - relatorios_interface - INFO - Solicitado retorno ao menu principal
2026-07-13 15:45:06,001 - sistema_relatorios - relatorios_interface - INFO - Retornando ao menu principal existente
2026-07-13 15:45:06,160 - sistema_relatorios - relatorios_interface - INFO - Retorno ao menu principal concluído
2026-07-13 15:46:36,445 - sistema - logger_config - INFO - Sistema de logging inicializado
2026-07-13 15:46:36,446 - sistema_relatorios - logger_config - INFO - Usuário alterado para: sistema_relatorios
2026-07-13 15:46:36,446 - sistema_relatorios - relatorios_interface - INFO - Sistema de relatórios inicializando usando logger configurado
2026-07-13 15:46:36,447 - sistema_relatorios - relatorios_interface - INFO - Configurações de janela importadas com sucesso
2026-07-13 15:46:36,447 - sistema_relatorios - relatorios_interface - INFO - === Sistema de Relatórios Inicializando ===
2026-07-13 15:46:42,654 - sistema_relatorios - relatorios_interface - INFO - Carregando clientes de: C:\Users\Obras\sistema_gestao_testes\testes\Financeiro\Planilhas_Base\Clientes.xlsx
2026-07-13 15:46:42,753 - sistema_relatorios - relatorios_interface - INFO - Colunas disponíveis: ['Nome', 'Endereço', 'Data Inicial', 'Observações', 'Data Final', 'Tipo Taxa', 'CPF', 'CNO', 'Estado Civil', 'Cidade', 'Grupo', 'Logradouro', 'Numero', 'Complemento', 'Localidade', 'CEP', 'Estado', 'Metragem_Alvara', 'Banco', 'Agencia', 'Conta', 'Tipo_Conta', 'PIX', 'TIPO_CLIENTE', 'CLIENTE_VINCULADO', 'CAIXA_CONTROLADO']
2026-07-13 15:46:42,754 - sistema_relatorios - relatorios_interface - INFO - Coluna de status: Data Final
2026-07-13 15:46:42,770 - sistema_relatorios - relatorios_interface - INFO - Coluna de nome: Nome
2026-07-13 15:46:42,771 - sistema_relatorios - relatorios_interface - INFO - Total de clientes ativos encontrados: 21
2026-07-13 15:46:42,773 - sistema_relatorios - relatorios_interface - INFO - Lista de clientes atualizada com 22 clientes
2026-07-13 15:46:44,613 - sistema_relatorios - relatorios_interface - INFO - Data calculada automaticamente: 20/07/2026
2026-07-13 15:46:44,614 - sistema_relatorios - relatorios_interface - INFO - Data calculada automaticamente: 20/07/2026
2026-07-13 15:46:45,310 - sistema_relatorios - relatorios_interface - INFO - Carregando clientes de: C:\Users\Obras\sistema_gestao_testes\testes\Financeiro\Planilhas_Base\Clientes.xlsx
2026-07-13 15:46:45,342 - sistema_relatorios - relatorios_interface - INFO - Colunas disponíveis: ['Nome', 'Endereço', 'Data Inicial', 'Observações', 'Data Final', 'Tipo Taxa', 'CPF', 'CNO', 'Estado Civil', 'Cidade', 'Grupo', 'Logradouro', 'Numero', 'Complemento', 'Localidade', 'CEP', 'Estado', 'Metragem_Alvara', 'Banco', 'Agencia', 'Conta', 'Tipo_Conta', 'PIX', 'TIPO_CLIENTE', 'CLIENTE_VINCULADO', 'CAIXA_CONTROLADO']
2026-07-13 15:46:45,342 - sistema_relatorios - relatorios_interface - INFO - Coluna de status: Data Final
2026-07-13 15:46:45,345 - sistema_relatorios - relatorios_interface - INFO - Coluna de nome: Nome
2026-07-13 15:46:45,346 - sistema_relatorios - relatorios_interface - INFO - Total de clientes ativos encontrados: 21
2026-07-13 15:46:50,136 - sistema_relatorios - relatorios_interface - INFO - Cliente selecionado: EMILIA MARGARETH GONZAGA ALVES
2026-07-13 15:46:50,137 - sistema_relatorios - relatorios_interface - INFO - Arquivo encontrado: C:\Users\Obras\sistema_gestao_testes\testes\Financeiro\Clientes\EMILIA MARGARETH GONZAGA ALVES.xlsx
2026-07-13 15:46:50,145 - sistema_relatorios - relatorios_interface - INFO - Arquivo encontrado: C:\Users\Obras\sistema_gestao_testes\testes\Financeiro\Clientes\EMILIA MARGARETH GONZAGA ALVES.xlsx
2026-07-13 15:46:50,232 - sistema_relatorios - relatorios_interface - INFO - Data final obtida: 2026-07-20 00:00:00 (tipo: <class 'datetime.datetime'>)
2026-07-13 15:46:52,966 - sistema_relatorios - relatorios_interface - INFO - 🔍 INICIANDO gerar_relatorio para: despesas
2026-07-13 15:46:52,967 - sistema_relatorios - relatorios_interface - INFO - 🎯 PROCESSANDO: Relatório de despesas
2026-07-13 15:46:52,967 - sistema_relatorios - relatorios_interface - INFO - 🎯 PROCESSANDO DESPESAS - ARQUITETURA LIMPA
2026-07-13 15:46:52,968 - sistema_relatorios - relatorios_interface - INFO - Data final obtida: 2026-07-20 00:00:00 (tipo: <class 'datetime.datetime'>)
2026-07-13 15:46:52,969 - sistema_relatorios - relatorios_interface - INFO - ✅ Arquivo encontrado em arquivo_cliente_selecionado: C:\Users\Obras\sistema_gestao_testes\testes\Financeiro\Clientes\EMILIA MARGARETH GONZAGA ALVES.xlsx
2026-07-13 15:46:52,969 - sistema_relatorios - relatorios_interface - INFO - ✅ Arquivo final nas configurações: C:\Users\Obras\sistema_gestao_testes\testes\Financeiro\Clientes\EMILIA MARGARETH GONZAGA ALVES.xlsx
2026-07-13 15:46:52,970 - sistema_relatorios - relatorios_interface - INFO - ✅ Configurações coletadas
2026-07-13 15:46:52,970 - sistema_relatorios - relatorios_interface - INFO - ✅ Arquivo confirmado: EMILIA MARGARETH GONZAGA ALVES.xlsx
2026-07-13 15:46:54,509 - sistema_relatorios - relatorios_interface - INFO - Modo selecionado: Preview
2026-07-13 15:46:54,511 - sistema_relatorios - relatorios_interface - INFO - 🎯 EXECUTANDO COM PREVIEW DIRETO - PDF TEMPORÁRIO
2026-07-13 15:46:55,293 - sistema_relatorios - relatorios_interface - INFO - ✅ Janela de decisão criada
2026-07-13 15:47:03,055 - sistema_relatorios - relatorios_interface - INFO - 🗑️ PDF temporário agendado para remoção: PREVIEW_EMILIA_MARGARETH_GONZAGA_ALVES_20260713_154654.pdf
2026-07-13 15:47:05,056 - sistema_relatorios - relatorios_interface - WARNING - Aviso: Não foi possível remover arquivo temporário: [WinError 32] O arquivo já está sendo usado por outro processo: 'C:\\Users\\Obras\\AppData\\Local\\Temp\\PREVIEW_EMILIA_MARGARETH_GONZAGA_ALVES_20260713_154654.pdf'
2026-07-13 15:47:08,648 - sistema_relatorios - relatorios_interface - INFO - Cliente selecionado: RVR - SPRC - CASA JD PETROPOLIS
2026-07-13 15:47:08,649 - sistema_relatorios - relatorios_interface - INFO - Arquivo encontrado: C:\Users\Obras\sistema_gestao_testes\testes\Financeiro\Clientes\RVR - SPRC - CASA JD PETROPOLIS.xlsx
2026-07-13 15:47:08,651 - sistema_relatorios - relatorios_interface - INFO - Arquivo encontrado: C:\Users\Obras\sistema_gestao_testes\testes\Financeiro\Clientes\RVR - SPRC - CASA JD PETROPOLIS.xlsx
2026-07-13 15:47:08,745 - sistema_relatorios - relatorios_interface - INFO - Data final obtida: 2026-07-20 00:00:00 (tipo: <class 'datetime.datetime'>)
2026-07-13 15:47:10,894 - sistema_relatorios - relatorios_interface - INFO - 🔍 INICIANDO gerar_relatorio para: despesas
2026-07-13 15:47:10,898 - sistema_relatorios - relatorios_interface - INFO - 🎯 PROCESSANDO: Relatório de despesas
2026-07-13 15:47:10,900 - sistema_relatorios - relatorios_interface - INFO - 🎯 PROCESSANDO DESPESAS - ARQUITETURA LIMPA
2026-07-13 15:47:10,905 - sistema_relatorios - relatorios_interface - INFO - Data final obtida: 2026-07-20 00:00:00 (tipo: <class 'datetime.datetime'>)
2026-07-13 15:47:10,910 - sistema_relatorios - relatorios_interface - INFO - ✅ Arquivo encontrado em arquivo_cliente_selecionado: C:\Users\Obras\sistema_gestao_testes\testes\Financeiro\Clientes\RVR - SPRC - CASA JD PETROPOLIS.xlsx
2026-07-13 15:47:10,916 - sistema_relatorios - relatorios_interface - INFO - ✅ Arquivo final nas configurações: C:\Users\Obras\sistema_gestao_testes\testes\Financeiro\Clientes\RVR - SPRC - CASA JD PETROPOLIS.xlsx
2026-07-13 15:47:10,917 - sistema_relatorios - relatorios_interface - INFO - ✅ Configurações coletadas
2026-07-13 15:47:10,919 - sistema_relatorios - relatorios_interface - INFO - ✅ Arquivo confirmado: RVR - SPRC - CASA JD PETROPOLIS.xlsx
2026-07-13 15:47:12,757 - sistema_relatorios - relatorios_interface - INFO - Modo selecionado: Preview
2026-07-13 15:47:12,760 - sistema_relatorios - relatorios_interface - INFO - 🎯 EXECUTANDO COM PREVIEW DIRETO - PDF TEMPORÁRIO
2026-07-13 15:47:13,499 - sistema_relatorios - relatorios_interface - INFO - ✅ Janela de decisão criada
2026-07-13 15:47:22,694 - sistema_relatorios - relatorios_interface - INFO - 🗑️ PDF temporário agendado para remoção: PREVIEW_RVR_-_SPRC_-_CASA_JD_PETROPOLIS_20260713_154712.pdf
2026-07-13 15:47:24,366 - sistema_relatorios - relatorios_interface - INFO - Solicitado retorno ao menu principal
2026-07-13 15:47:24,573 - sistema_relatorios - relatorios_interface - INFO - Retornando ao menu principal existente
2026-07-13 15:47:24,670 - sistema_relatorios - relatorios_interface - INFO - Retorno ao menu principal concluído
