2026-05-27 11:17:30,368 - sistema - logger_config - INFO - Sistema de logging inicializado
2026-05-27 11:17:30,369 - sistema_relatorios - logger_config - INFO - Usuário alterado para: sistema_relatorios
2026-05-27 11:17:30,369 - sistema_relatorios - relatorios_interface - INFO - Sistema de relatórios inicializando usando logger configurado
2026-05-27 11:17:30,370 - sistema_relatorios - relatorios_interface - INFO - Configurações de janela importadas com sucesso
2026-05-27 11:17:30,370 - sistema_relatorios - relatorios_interface - INFO - === Sistema de Relatórios Inicializando ===
2026-05-27 11:17:52,406 - sistema_relatorios - gestao_medicoes - INFO - Logger importado com sucesso em gestao_medicoes.py
2026-05-27 11:17:52,501 - sistema_relatorios - gestao_medicoes - INFO - ✅ Janela Gestão de Medições inicializada com tripla proteção de visibilidade
2026-05-27 11:18:16,199 - sistema_relatorios - gestao_medicoes - INFO - Fornecedor selecionado na aba: GILBERTO ANANIAS RAMOS (605.056.566-04)
2026-05-27 11:18:23,427 - sistema_relatorios - gestao_medicoes - WARNING - ⚠️ Data final cai em sábado: 27/06/2026
2026-05-27 11:18:23,431 - sistema_relatorios - gestao_medicoes - INFO - Prazo calculado: 21 dias úteis (excluindo data início)
2026-05-27 11:18:23,432 - sistema_relatorios - gestao_medicoes - INFO - Formulário de contrato limpo
2026-05-27 11:19:23,346 - sistema_relatorios - gestao_medicoes - INFO - Fornecedor selecionado na aba: GILBERTO ANANIAS RAMOS (605.056.566-04)
2026-05-27 11:19:25,874 - sistema_relatorios - gestao_medicoes - INFO - Fornecedor selecionado na aba: GILBERTO ANANIAS RAMOS (605.056.566-04)
2026-05-27 11:19:31,193 - sistema_relatorios - gestao_medicoes - INFO - Fornecedor selecionado na aba: GILBERTO ANANIAS RAMOS (605.056.566-04)
2026-05-27 11:19:33,489 - sistema_relatorios - gestao_medicoes - INFO - Fornecedor selecionado na aba: GILBERTO ANANIAS RAMOS (605.056.566-04)
2026-05-27 11:19:39,058 - sistema_relatorios - gestao_medicoes - WARNING - ⚠️ Data final cai em sábado: 27/06/2026
2026-05-27 11:19:39,059 - sistema_relatorios - gestao_medicoes - INFO - Prazo calculado: 21 dias úteis (excluindo data início)
2026-05-27 11:19:39,060 - sistema_relatorios - gestao_medicoes - INFO - Formulário de contrato limpo
2026-05-27 11:22:33,397 - sistema_relatorios - gestao_medicoes - INFO - ✅ Janela de Gestão de Medições fechada
2026-05-27 11:22:33,431 - sistema_relatorios - gestao_medicoes - INFO - ✅ Menu principal restaurado
2026-05-27 11:26:09,107 - sistema - logger_config - INFO - Sistema de logging inicializado
2026-05-27 11:26:09,108 - sistema_relatorios - logger_config - INFO - Usuário alterado para: sistema_relatorios
2026-05-27 11:26:09,108 - sistema_relatorios - relatorios_interface - INFO - Sistema de relatórios inicializando usando logger configurado
2026-05-27 11:26:09,108 - sistema_relatorios - relatorios_interface - INFO - Configurações de janela importadas com sucesso
2026-05-27 11:26:09,109 - sistema_relatorios - relatorios_interface - INFO - === Sistema de Relatórios Inicializando ===
2026-05-27 11:26:13,655 - sistema_relatorios - gestao_medicoes - INFO - Logger importado com sucesso em gestao_medicoes.py
2026-05-27 11:26:13,677 - sistema_relatorios - gestao_medicoes - INFO - ✅ Janela Gestão de Medições inicializada com tripla proteção de visibilidade
2026-05-27 11:26:33,073 - sistema_relatorios - gestao_medicoes - INFO - Fornecedor selecionado na aba: GILBERTO ANANIAS RAMOS (605.056.566-04)
2026-05-27 11:26:43,824 - sistema_relatorios - gestao_medicoes - WARNING - ⚠️ Data final cai em sábado: 27/06/2026
2026-05-27 11:26:43,825 - sistema_relatorios - gestao_medicoes - INFO - Prazo calculado: 21 dias úteis (excluindo data início)
2026-05-27 11:26:43,825 - sistema_relatorios - gestao_medicoes - INFO - Formulário de contrato limpo
2026-05-27 11:26:44,210 - sistema_relatorios - gerador_contrato - INFO - Carregando serviços de: C:\Users\Obras\sistema_gestao_testes\testes\Financeiro\Planilhas_Base\servicos_construcao.json
2026-05-27 11:26:44,229 - sistema_relatorios - gerador_contrato - INFO - Serviços carregados: 10 categorias
2026-05-27 11:26:44,231 - sistema_relatorios - gerador_contrato - INFO - Pasta de contratos verificada: C:\Users\Obras\sistema_gestao_testes\testes\Financeiro\Clientes\Contratos
2026-05-27 11:26:44,231 - sistema_relatorios - gerador_contrato - INFO - GeradorContrato inicializado com sucesso (usando python-docx)
2026-05-27 11:26:44,232 - sistema_relatorios - gerador_contrato - INFO - Obtendo dados do cliente: FREDERICO LAVORATO ARANTES
2026-05-27 11:26:44,259 - sistema_relatorios - gerador_contrato - INFO - Colunas disponíveis: ['Nome', 'Endereço', 'Data Inicial', 'Observações', 'Data Final', 'Tipo Taxa', 'CPF', 'CNO', 'Estado Civil', 'Cidade', 'Grupo', 'Logradouro', 'Numero', 'Complemento', 'Localidade', 'CEP', 'Estado', 'Metragem_Alvara', 'Banco', 'Agencia', 'Conta', 'Tipo_Conta', 'PIX']
2026-05-27 11:26:44,263 - sistema_relatorios - gerador_contrato - INFO - CPF bruto obtido: 062.258.326-37 (tipo: <class 'str'>)
2026-05-27 11:26:44,264 - sistema_relatorios - gerador_contrato - INFO - CPF como string: 062.258.326-37
2026-05-27 11:26:44,264 - sistema_relatorios - gerador_contrato - INFO - CPF apenas números: 06225832637
2026-05-27 11:26:44,265 - sistema_relatorios - gerador_contrato - INFO - ✅ CPF formatado: 062.258.326-37
2026-05-27 11:26:44,267 - sistema_relatorios - gerador_contrato - INFO - CNO já formatado: 90.025.14402/61
2026-05-27 11:26:44,270 - sistema_relatorios - gerador_contrato - INFO - ✅ Dados do cliente processados - CPF final: 062.258.326-37
2026-05-27 11:26:44,271 - sistema_relatorios - gerador_contrato - INFO - Dados do cliente obtidos com sucesso: FREDERICO LAVORATO ARANTES
2026-05-27 11:27:22,008 - sistema_relatorios - gestao_medicoes - INFO - Data Início alterada: 2026-01-02
2026-05-27 11:27:22,009 - sistema_relatorios - gestao_medicoes - WARNING - ⚠️ Data final cai em sábado: 27/06/2026
2026-05-27 11:27:22,012 - sistema_relatorios - gestao_medicoes - INFO - Prazo calculado: 125 dias úteis (excluindo data início)
2026-05-27 11:27:30,197 - sistema_relatorios - gestao_medicoes - INFO - Prazo calculado: 127 dias úteis (excluindo data início)
2026-05-27 11:30:34,062 - sistema_relatorios - gestao_medicoes - WARNING - ⚠️ Data final cai em sábado: 27/06/2026
2026-05-27 11:30:34,063 - sistema_relatorios - gestao_medicoes - INFO - Prazo calculado: 21 dias úteis (excluindo data início)
2026-05-27 11:30:34,064 - sistema_relatorios - gestao_medicoes - INFO - Formulário de contrato limpo
2026-05-27 11:30:34,122 - sistema_relatorios - gerador_contrato - INFO - Obtendo dados do cliente: FREDERICO LAVORATO ARANTES
2026-05-27 11:30:34,151 - sistema_relatorios - gerador_contrato - INFO - Colunas disponíveis: ['Nome', 'Endereço', 'Data Inicial', 'Observações', 'Data Final', 'Tipo Taxa', 'CPF', 'CNO', 'Estado Civil', 'Cidade', 'Grupo', 'Logradouro', 'Numero', 'Complemento', 'Localidade', 'CEP', 'Estado', 'Metragem_Alvara', 'Banco', 'Agencia', 'Conta', 'Tipo_Conta', 'PIX']
2026-05-27 11:30:34,153 - sistema_relatorios - gerador_contrato - INFO - CPF bruto obtido: 062.258.326-37 (tipo: <class 'str'>)
2026-05-27 11:30:34,153 - sistema_relatorios - gerador_contrato - INFO - CPF como string: 062.258.326-37
2026-05-27 11:30:34,154 - sistema_relatorios - gerador_contrato - INFO - CPF apenas números: 06225832637
2026-05-27 11:30:34,154 - sistema_relatorios - gerador_contrato - INFO - ✅ CPF formatado: 062.258.326-37
2026-05-27 11:30:34,156 - sistema_relatorios - gerador_contrato - INFO - CNO já formatado: 90.025.14402/61
2026-05-27 11:30:34,156 - sistema_relatorios - gerador_contrato - INFO - ✅ Dados do cliente processados - CPF final: 062.258.326-37
2026-05-27 11:30:34,157 - sistema_relatorios - gerador_contrato - INFO - Dados do cliente obtidos com sucesso: FREDERICO LAVORATO ARANTES
2026-05-27 11:45:25,467 - sistema_relatorios - gestao_medicoes - INFO - ✅ Janela de Gestão de Medições fechada
2026-05-27 11:45:25,528 - sistema_relatorios - gestao_medicoes - INFO - ✅ Menu principal restaurado
2026-05-27 11:46:18,952 - sistema - logger_config - INFO - Sistema de logging inicializado
2026-05-27 11:46:18,953 - sistema_relatorios - logger_config - INFO - Usuário alterado para: sistema_relatorios
2026-05-27 11:46:18,953 - sistema_relatorios - relatorios_interface - INFO - Sistema de relatórios inicializando usando logger configurado
2026-05-27 11:46:18,954 - sistema_relatorios - relatorios_interface - INFO - Configurações de janela importadas com sucesso
2026-05-27 11:46:18,954 - sistema_relatorios - relatorios_interface - INFO - === Sistema de Relatórios Inicializando ===
2026-05-27 11:46:24,628 - sistema_relatorios - gestao_medicoes - INFO - Logger importado com sucesso em gestao_medicoes.py
2026-05-27 11:46:24,652 - sistema_relatorios - gestao_medicoes - INFO - ✅ Janela Gestão de Medições inicializada com tripla proteção de visibilidade
2026-05-27 11:46:44,577 - sistema_relatorios - gestao_medicoes - INFO - Fornecedor selecionado na aba: GILBERTO ANANIAS RAMOS (605.056.566-04)
2026-05-27 11:46:54,676 - sistema_relatorios - logger_config - INFO - Iniciando: Carregar configurações
2026-05-27 11:46:54,714 - sistema_relatorios - logger_config - INFO - Concluído: Carregar configurações
2026-05-27 11:46:55,154 - sistema_relatorios - logger_config - INFO - Iniciando: Carregar configurações
2026-05-27 11:46:55,154 - sistema_relatorios - logger_config - INFO - Concluído: Carregar configurações
2026-05-27 11:46:55,157 - sistema_relatorios - logger_config - INFO - Iniciando: Carregar configurações
2026-05-27 11:46:55,157 - sistema_relatorios - logger_config - INFO - Concluído: Carregar configurações
2026-05-27 11:46:56,935 - sistema_relatorios - logger_config - INFO - Iniciando: Carregar configurações
2026-05-27 11:46:56,936 - sistema_relatorios - logger_config - INFO - Iniciando: Carregar configurações
2026-05-27 11:46:56,937 - sistema_relatorios - logger_config - INFO - Concluído: Carregar configurações
2026-05-27 11:46:56,938 - sistema_relatorios - logger_config - INFO - Concluído: Carregar configurações
2026-05-27 11:46:56,938 - sistema_relatorios - logger_config - INFO - Iniciando: Carregar configurações
2026-05-27 11:46:56,939 - sistema_relatorios - logger_config - INFO - Concluído: Carregar configurações
2026-05-27 11:46:56,944 - sistema_relatorios - logger_config - INFO - Iniciando: Carregar configurações
2026-05-27 11:46:56,945 - sistema_relatorios - logger_config - INFO - Concluído: Carregar configurações
2026-05-27 11:48:43,349 - sistema_relatorios - logger_config - INFO - Iniciando: Carregar configurações
2026-05-27 11:48:43,349 - sistema_relatorios - logger_config - INFO - Concluído: Carregar configurações
2026-05-27 11:48:43,879 - sistema_relatorios - logger_config - INFO - Iniciando: Carregar configurações
2026-05-27 11:48:43,880 - sistema_relatorios - logger_config - INFO - Concluído: Carregar configurações
2026-05-27 11:48:43,881 - sistema_relatorios - logger_config - INFO - Iniciando: Carregar configurações
2026-05-27 11:48:43,882 - sistema_relatorios - logger_config - INFO - Concluído: Carregar configurações
2026-05-27 11:48:45,332 - sistema_relatorios - logger_config - INFO - Iniciando: Carregar configurações
2026-05-27 11:48:45,333 - sistema_relatorios - logger_config - INFO - Iniciando: Carregar configurações
2026-05-27 11:48:45,333 - sistema_relatorios - logger_config - INFO - Concluído: Carregar configurações
2026-05-27 11:48:45,334 - sistema_relatorios - logger_config - INFO - Concluído: Carregar configurações
2026-05-27 11:48:45,334 - sistema_relatorios - logger_config - INFO - Iniciando: Carregar configurações
2026-05-27 11:48:45,335 - sistema_relatorios - logger_config - INFO - Concluído: Carregar configurações
2026-05-27 11:48:45,344 - sistema_relatorios - logger_config - INFO - Iniciando: Carregar configurações
2026-05-27 11:48:45,344 - sistema_relatorios - logger_config - INFO - Concluído: Carregar configurações
2026-05-27 11:49:08,316 - sistema_relatorios - gestao_medicoes - INFO - Fornecedor selecionado na aba: GILBERTO ANANIAS RAMOS (605.056.566-04)
2026-05-27 11:51:46,880 - sistema_relatorios - gestao_medicoes - INFO - Fornecedor selecionado na aba: EMILIA MARGARETH GONZAGA ALVES (413.966.186-00)
2026-05-27 11:51:48,834 - sistema_relatorios - logger_config - INFO - Iniciando: Carregar configurações
2026-05-27 11:51:48,835 - sistema_relatorios - logger_config - INFO - Concluído: Carregar configurações
2026-05-27 11:51:49,471 - sistema_relatorios - logger_config - INFO - Iniciando: Carregar configurações
2026-05-27 11:51:49,472 - sistema_relatorios - logger_config - INFO - Concluído: Carregar configurações
2026-05-27 11:51:49,474 - sistema_relatorios - logger_config - INFO - Iniciando: Carregar configurações
2026-05-27 11:51:49,475 - sistema_relatorios - logger_config - INFO - Concluído: Carregar configurações
2026-05-27 11:51:50,865 - sistema_relatorios - logger_config - INFO - Iniciando: Carregar configurações
2026-05-27 11:51:50,866 - sistema_relatorios - logger_config - INFO - Iniciando: Carregar configurações
2026-05-27 11:51:50,867 - sistema_relatorios - logger_config - INFO - Concluído: Carregar configurações
2026-05-27 11:51:50,868 - sistema_relatorios - logger_config - INFO - Concluído: Carregar configurações
2026-05-27 11:51:50,870 - sistema_relatorios - logger_config - INFO - Iniciando: Carregar configurações
2026-05-27 11:51:50,871 - sistema_relatorios - logger_config - INFO - Concluído: Carregar configurações
2026-05-27 11:51:50,879 - sistema_relatorios - logger_config - INFO - Iniciando: Carregar configurações
2026-05-27 11:51:50,880 - sistema_relatorios - logger_config - INFO - Concluído: Carregar configurações
2026-05-27 11:52:59,861 - sistema_relatorios - gestao_medicoes - INFO - ✅ Janela de Gestão de Medições fechada
2026-05-27 11:52:59,867 - sistema_relatorios - gestao_medicoes - INFO - ✅ Menu principal restaurado
2026-05-27 11:54:15,738 - sistema - logger_config - INFO - Sistema de logging inicializado
2026-05-27 11:54:15,739 - sistema_relatorios - logger_config - INFO - Usuário alterado para: sistema_relatorios
2026-05-27 11:54:15,739 - sistema_relatorios - relatorios_interface - INFO - Sistema de relatórios inicializando usando logger configurado
2026-05-27 11:54:15,739 - sistema_relatorios - relatorios_interface - INFO - Configurações de janela importadas com sucesso
2026-05-27 11:54:15,740 - sistema_relatorios - relatorios_interface - INFO - === Sistema de Relatórios Inicializando ===
2026-05-27 11:59:27,691 - sistema - logger_config - INFO - Sistema de logging inicializado
2026-05-27 14:36:17,365 - sistema - logger_config - INFO - Sistema de logging inicializado
2026-05-27 14:36:17,366 - sistema_relatorios - logger_config - INFO - Usuário alterado para: sistema_relatorios
2026-05-27 14:36:17,366 - sistema_relatorios - relatorios_interface - INFO - Sistema de relatórios inicializando usando logger configurado
2026-05-27 14:36:17,366 - sistema_relatorios - relatorios_interface - INFO - Configurações de janela importadas com sucesso
2026-05-27 14:36:17,367 - sistema_relatorios - relatorios_interface - INFO - === Sistema de Relatórios Inicializando ===
2026-05-27 14:37:44,918 - sistema_relatorios - gestao_medicoes - INFO - Logger importado com sucesso em gestao_medicoes.py
2026-05-27 14:37:44,979 - sistema_relatorios - gestao_medicoes - INFO - ✅ Janela Gestão de Medições inicializada com tripla proteção de visibilidade
2026-05-27 14:42:54,193 - sistema_relatorios - gestao_medicoes - INFO - ✅ Janela de Gestão de Medições fechada
2026-05-27 14:42:54,200 - sistema_relatorios - gestao_medicoes - INFO - ✅ Menu principal restaurado
2026-05-27 16:31:31,135 - sistema - logger_config - INFO - Sistema de logging inicializado
2026-05-27 16:31:31,137 - sistema_relatorios - logger_config - INFO - Usuário alterado para: sistema_relatorios
2026-05-27 16:31:31,137 - sistema_relatorios - relatorios_interface - INFO - Sistema de relatórios inicializando usando logger configurado
2026-05-27 16:31:31,137 - sistema_relatorios - relatorios_interface - INFO - Configurações de janela importadas com sucesso
2026-05-27 16:31:31,138 - sistema_relatorios - relatorios_interface - INFO - === Sistema de Relatórios Inicializando ===
2026-05-27 16:31:36,726 - sistema_relatorios - gestao_medicoes - INFO - Logger importado com sucesso em gestao_medicoes.py
2026-05-27 16:31:36,765 - sistema_relatorios - gestao_medicoes - INFO - ✅ Janela Gestão de Medições inicializada com tripla proteção de visibilidade
2026-05-27 16:39:53,759 - sistema_relatorios - gestao_medicoes - INFO - Medição excluída: Contrato 29, Medição #1, Valor: 5269.78
2026-05-27 16:49:43,378 - sistema_relatorios - gestao_medicoes - INFO - ✅ Janela de Gestão de Medições fechada
2026-05-27 16:49:43,467 - sistema_relatorios - gestao_medicoes - INFO - ✅ Menu principal restaurado
2026-05-27 16:49:53,891 - sistema - logger_config - INFO - Sistema de logging inicializado
2026-05-27 16:49:53,892 - sistema_relatorios - logger_config - INFO - Usuário alterado para: sistema_relatorios
2026-05-27 16:49:53,893 - sistema_relatorios - relatorios_interface - INFO - Sistema de relatórios inicializando usando logger configurado
2026-05-27 16:49:53,893 - sistema_relatorios - relatorios_interface - INFO - Configurações de janela importadas com sucesso
2026-05-27 16:49:53,894 - sistema_relatorios - relatorios_interface - INFO - === Sistema de Relatórios Inicializando ===
2026-05-27 16:50:01,208 - sistema_relatorios - gestao_medicoes - INFO - Logger importado com sucesso em gestao_medicoes.py
2026-05-27 16:50:01,285 - sistema_relatorios - gestao_medicoes - INFO - ✅ Janela Gestão de Medições inicializada com tripla proteção de visibilidade
2026-05-27 16:51:07,401 - sistema_relatorios - gestao_medicoes - INFO - Fornecedor selecionado na aba: HENRIQUE FARIAS COELHO (110.136.286-32)
2026-05-27 16:51:21,828 - sistema_relatorios - gestao_medicoes - WARNING - ⚠️ Data final cai em sábado: 27/06/2026
2026-05-27 16:51:21,832 - sistema_relatorios - gestao_medicoes - INFO - Prazo calculado: 21 dias úteis (excluindo data início)
2026-05-27 16:51:21,832 - sistema_relatorios - gestao_medicoes - INFO - Formulário de contrato limpo
2026-05-27 16:51:22,159 - sistema_relatorios - gerador_contrato - INFO - Carregando serviços de: C:\Users\Obras\sistema_gestao_testes\testes\Financeiro\Planilhas_Base\servicos_construcao.json
2026-05-27 16:51:22,297 - sistema_relatorios - gerador_contrato - INFO - Serviços carregados: 10 categorias
2026-05-27 16:51:22,298 - sistema_relatorios - gerador_contrato - INFO - Pasta de contratos verificada: C:\Users\Obras\sistema_gestao_testes\testes\Financeiro\Clientes\Contratos
2026-05-27 16:51:22,299 - sistema_relatorios - gerador_contrato - INFO - GeradorContrato inicializado com sucesso (usando python-docx)
2026-05-27 16:51:22,299 - sistema_relatorios - gerador_contrato - INFO - Obtendo dados do cliente: GILMAR ALMEIDA PORTUGAL
2026-05-27 16:51:22,325 - sistema_relatorios - gerador_contrato - INFO - Colunas disponíveis: ['Nome', 'Endereço', 'Data Inicial', 'Observações', 'Data Final', 'Tipo Taxa', 'CPF', 'CNO', 'Estado Civil', 'Cidade', 'Grupo', 'Logradouro', 'Numero', 'Complemento', 'Localidade', 'CEP', 'Estado', 'Metragem_Alvara', 'Banco', 'Agencia', 'Conta', 'Tipo_Conta', 'PIX']
2026-05-27 16:51:22,327 - sistema_relatorios - gerador_contrato - INFO - CPF bruto obtido: 210.890.865-04 (tipo: <class 'str'>)
2026-05-27 16:51:22,328 - sistema_relatorios - gerador_contrato - INFO - CPF como string: 210.890.865-04
2026-05-27 16:51:22,329 - sistema_relatorios - gerador_contrato - INFO - CPF apenas números: 21089086504
2026-05-27 16:51:22,330 - sistema_relatorios - gerador_contrato - INFO - ✅ CPF formatado: 210.890.865-04
2026-05-27 16:51:22,331 - sistema_relatorios - gerador_contrato - INFO - CNO já formatado: 90.018.91862/63
2026-05-27 16:51:22,332 - sistema_relatorios - gerador_contrato - INFO - ✅ Dados do cliente processados - CPF final: 210.890.865-04
2026-05-27 16:51:22,333 - sistema_relatorios - gerador_contrato - INFO - Dados do cliente obtidos com sucesso: GILMAR ALMEIDA PORTUGAL
2026-05-27 16:53:55,718 - sistema_relatorios - gestao_medicoes - INFO - Rastreamento adicionado: Contrato 32, Medição 1, Linha 2643
2026-05-27 16:55:36,304 - sistema_relatorios - gestao_medicoes - INFO - ✅ Janela de Gestão de Medições fechada
2026-05-27 16:55:36,311 - sistema_relatorios - gestao_medicoes - INFO - ✅ Menu principal restaurado
2026-05-27 17:01:02,338 - sistema - logger_config - INFO - Sistema de logging inicializado
2026-05-27 17:57:24,317 - sistema - logger_config - INFO - Sistema de logging inicializado
