2026-02-17 10:39:57,284 - sistema - logger_config - INFO - Sistema de logging inicializado
2026-02-17 10:39:57,285 - sistema_relatorios - logger_config - INFO - Usuário alterado para: sistema_relatorios
2026-02-17 10:39:57,285 - sistema_relatorios - relatorios_interface - INFO - Sistema de relatórios inicializando usando logger configurado
2026-02-17 10:39:57,286 - sistema_relatorios - relatorios_interface - INFO - Configurações de janela importadas com sucesso
2026-02-17 10:39:57,286 - sistema_relatorios - relatorios_interface - INFO - === Sistema de Relatórios Inicializando ===
2026-02-17 10:40:06,584 - sistema_relatorios - gestao_medicoes - INFO - Logger importado com sucesso em gestao_medicoes.py
2026-02-17 10:40:06,820 - sistema_relatorios - gestao_medicoes - INFO - ✅ Janela Gestão de Medições inicializada com tripla proteção de visibilidade
2026-02-17 10:40:08,380 - sistema_relatorios - gerador_contrato - INFO - Carregando serviços de: C:\Users\Obras\sistema_gestao_testes\testes\Financeiro\Planilhas_Base\servicos_construcao.json
2026-02-17 10:40:08,398 - sistema_relatorios - gerador_contrato - INFO - Serviços carregados: 10 categorias
2026-02-17 10:40:08,400 - sistema_relatorios - gerador_contrato - INFO - Pasta de contratos verificada: C:\Users\Obras\sistema_gestao_testes\testes\Financeiro\Clientes\Contratos
2026-02-17 10:40:08,402 - sistema_relatorios - gerador_contrato - INFO - GeradorContrato inicializado com sucesso (usando python-docx)
2026-02-17 11:00:46,226 - sistema_relatorios - gestao_medicoes - INFO - ✅ Janela de Gestão de Medições fechada
2026-02-17 11:00:46,236 - sistema_relatorios - gestao_medicoes - INFO - ✅ Menu principal restaurado
2026-02-17 11:00:48,446 - sistema_relatorios - relatorios_interface - INFO - Carregando clientes de: C:\Users\Obras\sistema_gestao_testes\testes\Financeiro\Planilhas_Base\Clientes.xlsx
2026-02-17 11:00:48,485 - sistema_relatorios - relatorios_interface - INFO - Colunas disponíveis: ['Nome', 'Endereço', 'Data Inicial', 'Observações', 'Data Final', 'Tipo Taxa', 'CPF', 'CNO', 'Estado Civil', 'Cidade', 'Grupo', 'Logradouro', 'Numero', 'Complemento', 'Localidade', 'CEP', 'Estado', 'Metragem_Alvara', 'Banco', 'Agencia', 'Conta', 'Tipo_Conta', 'PIX']
2026-02-17 11:00:48,490 - sistema_relatorios - relatorios_interface - INFO - Coluna de status: Data Final
2026-02-17 11:00:48,509 - sistema_relatorios - relatorios_interface - INFO - Coluna de nome: Nome
2026-02-17 11:00:48,510 - sistema_relatorios - relatorios_interface - INFO - Total de clientes ativos encontrados: 16
2026-02-17 11:00:48,511 - sistema_relatorios - relatorios_interface - INFO - Lista de clientes atualizada com 17 clientes
2026-02-17 11:02:49,750 - sistema_relatorios - relatorios_interface - INFO - Solicitado retorno ao menu principal
2026-02-17 11:02:49,751 - sistema_relatorios - relatorios_interface - INFO - Retornando ao menu principal existente
2026-02-17 11:02:49,813 - sistema_relatorios - relatorios_interface - INFO - Retorno ao menu principal concluído
2026-02-17 11:02:50,884 - sistema_relatorios - gestao_medicoes - INFO - ✅ Janela Gestão de Medições inicializada com tripla proteção de visibilidade
2026-02-17 11:02:51,559 - sistema_relatorios - gerador_contrato - INFO - Carregando serviços de: C:\Users\Obras\sistema_gestao_testes\testes\Financeiro\Planilhas_Base\servicos_construcao.json
2026-02-17 11:02:51,562 - sistema_relatorios - gerador_contrato - INFO - Serviços carregados: 10 categorias
2026-02-17 11:02:51,563 - sistema_relatorios - gerador_contrato - INFO - Pasta de contratos verificada: C:\Users\Obras\sistema_gestao_testes\testes\Financeiro\Clientes\Contratos
2026-02-17 11:02:51,564 - sistema_relatorios - gerador_contrato - INFO - GeradorContrato inicializado com sucesso (usando python-docx)
2026-02-17 11:19:42,821 - sistema_relatorios - gestao_medicoes - INFO - ✅ Janela de Gestão de Medições fechada
2026-02-17 11:19:42,833 - sistema_relatorios - gestao_medicoes - INFO - ✅ Menu principal restaurado
2026-02-17 11:19:45,073 - sistema_relatorios - logger_config - INFO - Iniciando: Carregar configurações
2026-02-17 11:19:45,097 - sistema_relatorios - logger_config - INFO - Concluído: Carregar configurações
2026-02-17 11:19:45,257 - sistema_relatorios - logger_config - INFO - Iniciando: Carregar configurações
2026-02-17 11:19:45,257 - sistema_relatorios - logger_config - INFO - Concluído: Carregar configurações
2026-02-17 11:19:45,260 - sistema_relatorios - logger_config - INFO - Iniciando: Carregar configurações
2026-02-17 11:19:45,261 - sistema_relatorios - logger_config - INFO - Concluído: Carregar configurações
2026-02-17 11:30:24,283 - sistema_relatorios - relatorios_interface - INFO - Carregando clientes de: C:\Users\Obras\sistema_gestao_testes\testes\Financeiro\Planilhas_Base\Clientes.xlsx
2026-02-17 11:30:24,322 - sistema_relatorios - relatorios_interface - INFO - Colunas disponíveis: ['Nome', 'Endereço', 'Data Inicial', 'Observações', 'Data Final', 'Tipo Taxa', 'CPF', 'CNO', 'Estado Civil', 'Cidade', 'Grupo', 'Logradouro', 'Numero', 'Complemento', 'Localidade', 'CEP', 'Estado', 'Metragem_Alvara', 'Banco', 'Agencia', 'Conta', 'Tipo_Conta', 'PIX']
2026-02-17 11:30:24,324 - sistema_relatorios - relatorios_interface - INFO - Coluna de status: Data Final
2026-02-17 11:30:24,328 - sistema_relatorios - relatorios_interface - INFO - Coluna de nome: Nome
2026-02-17 11:30:24,330 - sistema_relatorios - relatorios_interface - INFO - Total de clientes ativos encontrados: 16
2026-02-17 11:30:24,332 - sistema_relatorios - relatorios_interface - INFO - Lista de clientes atualizada com 17 clientes
2026-02-17 11:30:26,396 - sistema_relatorios - relatorios_interface - INFO - ✅ Opções do Relatório Quinzenal configuradas
2026-02-17 12:02:47,458 - sistema_relatorios - relatorios_interface - INFO - Solicitado retorno ao menu principal
2026-02-17 12:02:47,468 - sistema_relatorios - relatorios_interface - INFO - Retornando ao menu principal existente
2026-02-17 12:02:47,580 - sistema_relatorios - relatorios_interface - INFO - Retorno ao menu principal concluído
