2026-06-26 11:06:41,766 - sistema - logger_config - INFO - Sistema de logging inicializado
2026-06-26 11:06:41,768 - sistema_relatorios - logger_config - INFO - Usuário alterado para: sistema_relatorios
2026-06-26 11:06:41,769 - sistema_relatorios - relatorios_interface - INFO - Sistema de relatórios inicializando usando logger configurado
2026-06-26 11:06:41,770 - sistema_relatorios - relatorios_interface - INFO - Configurações de janela importadas com sucesso
2026-06-26 11:06:41,771 - sistema_relatorios - relatorios_interface - INFO - === Sistema de Relatórios Inicializando ===
2026-06-26 11:07:37,622 - sistema_relatorios - logger_config - INFO - Iniciando: Carregar configurações
2026-06-26 11:07:37,925 - sistema_relatorios - logger_config - INFO - Concluído: Carregar configurações
2026-06-26 11:07:38,195 - sistema_relatorios - logger_config - INFO - Iniciando: Carregar configurações
2026-06-26 11:07:38,196 - sistema_relatorios - logger_config - INFO - Concluído: Carregar configurações
2026-06-26 11:07:38,200 - sistema_relatorios - logger_config - INFO - Iniciando: Carregar configurações
2026-06-26 11:07:38,200 - sistema_relatorios - logger_config - INFO - Concluído: Carregar configurações
2026-06-26 11:07:59,901 - sistema_relatorios - logger_config - INFO - Iniciando: Carregar configurações
2026-06-26 11:07:59,901 - sistema_relatorios - logger_config - INFO - Concluído: Carregar configurações
2026-06-26 11:08:37,532 - sistema_relatorios - relatorios_interface - INFO - Carregando clientes de: C:\Users\Obras\sistema_gestao_testes\testes\Financeiro\Planilhas_Base\Clientes.xlsx
2026-06-26 11:08:37,660 - sistema_relatorios - relatorios_interface - INFO - Colunas disponíveis: ['Nome', 'Endereço', 'Data Inicial', 'Observações', 'Data Final', 'Tipo Taxa', 'CPF', 'CNO', 'Estado Civil', 'Cidade', 'Grupo', 'Logradouro', 'Numero', 'Complemento', 'Localidade', 'CEP', 'Estado', 'Metragem_Alvara', 'Banco', 'Agencia', 'Conta', 'Tipo_Conta', 'PIX']
2026-06-26 11:08:37,662 - sistema_relatorios - relatorios_interface - INFO - Coluna de status: Data Final
2026-06-26 11:08:37,712 - sistema_relatorios - relatorios_interface - INFO - Coluna de nome: Nome
2026-06-26 11:08:37,713 - sistema_relatorios - relatorios_interface - INFO - Total de clientes ativos encontrados: 20
2026-06-26 11:08:37,714 - sistema_relatorios - relatorios_interface - INFO - Lista de clientes atualizada com 21 clientes
2026-06-26 11:08:39,322 - sistema_relatorios - relatorios_interface - INFO - Data calculada automaticamente: 05/07/2026
2026-06-26 11:08:39,323 - sistema_relatorios - relatorios_interface - INFO - Data calculada automaticamente: 05/07/2026
2026-06-26 11:08:39,523 - sistema_relatorios - relatorios_interface - INFO - Carregando clientes de: C:\Users\Obras\sistema_gestao_testes\testes\Financeiro\Planilhas_Base\Clientes.xlsx
2026-06-26 11:08:39,551 - sistema_relatorios - relatorios_interface - INFO - Colunas disponíveis: ['Nome', 'Endereço', 'Data Inicial', 'Observações', 'Data Final', 'Tipo Taxa', 'CPF', 'CNO', 'Estado Civil', 'Cidade', 'Grupo', 'Logradouro', 'Numero', 'Complemento', 'Localidade', 'CEP', 'Estado', 'Metragem_Alvara', 'Banco', 'Agencia', 'Conta', 'Tipo_Conta', 'PIX']
2026-06-26 11:08:39,552 - sistema_relatorios - relatorios_interface - INFO - Coluna de status: Data Final
2026-06-26 11:08:39,554 - sistema_relatorios - relatorios_interface - INFO - Coluna de nome: Nome
2026-06-26 11:08:39,555 - sistema_relatorios - relatorios_interface - INFO - Total de clientes ativos encontrados: 20
2026-06-26 11:08:44,558 - sistema_relatorios - relatorios_interface - INFO - Cliente selecionado: FERNANDA LUCENA PEREIRA DA FONSECA BOTELHO
2026-06-26 11:08:44,560 - sistema_relatorios - relatorios_interface - INFO - Arquivo encontrado: C:\Users\Obras\sistema_gestao_testes\testes\Financeiro\Clientes\FERNANDA LUCENA PEREIRA DA FONSECA BOTELHO.xlsx
2026-06-26 11:08:44,567 - sistema_relatorios - relatorios_interface - INFO - Arquivo encontrado: C:\Users\Obras\sistema_gestao_testes\testes\Financeiro\Clientes\FERNANDA LUCENA PEREIRA DA FONSECA BOTELHO.xlsx
2026-06-26 11:08:46,517 - sistema_relatorios - relatorios_interface - INFO - 🔍 INICIANDO gerar_relatorio para: despesas
2026-06-26 11:08:46,517 - sistema_relatorios - relatorios_interface - INFO - 🎯 PROCESSANDO: Relatório de despesas
2026-06-26 11:08:46,518 - sistema_relatorios - relatorios_interface - INFO - 🎯 PROCESSANDO DESPESAS - ARQUITETURA LIMPA
2026-06-26 11:08:46,519 - sistema_relatorios - relatorios_interface - INFO - Data final obtida: 2026-07-05 00:00:00 (tipo: <class 'datetime.datetime'>)
2026-06-26 11:08:46,520 - sistema_relatorios - relatorios_interface - INFO - ✅ Arquivo encontrado em arquivo_cliente_selecionado: C:\Users\Obras\sistema_gestao_testes\testes\Financeiro\Clientes\FERNANDA LUCENA PEREIRA DA FONSECA BOTELHO.xlsx
2026-06-26 11:08:46,521 - sistema_relatorios - relatorios_interface - INFO - ✅ Arquivo final nas configurações: C:\Users\Obras\sistema_gestao_testes\testes\Financeiro\Clientes\FERNANDA LUCENA PEREIRA DA FONSECA BOTELHO.xlsx
2026-06-26 11:08:46,521 - sistema_relatorios - relatorios_interface - INFO - ✅ Configurações coletadas
2026-06-26 11:08:46,522 - sistema_relatorios - relatorios_interface - INFO - ✅ Arquivo confirmado: FERNANDA LUCENA PEREIRA DA FONSECA BOTELHO.xlsx
2026-06-26 11:08:48,234 - sistema_relatorios - relatorios_interface - INFO - Modo selecionado: Preview
2026-06-26 11:08:48,235 - sistema_relatorios - relatorios_interface - INFO - 🎯 EXECUTANDO COM PREVIEW DIRETO - PDF TEMPORÁRIO
2026-06-26 11:08:49,330 - sistema_relatorios - relatorios_interface - INFO - ✅ Janela de decisão criada
2026-06-26 11:10:02,295 - sistema_relatorios - relatorios_interface - ERROR - Erro ao atualizar progresso: 'Toplevel' object has no attribute 'percent_label'
2026-06-26 11:10:02,578 - sistema_relatorios - relatorios_interface - INFO - 🗑️ PDF temporário agendado para remoção: PREVIEW_FERNANDA_LUCENA_PEREIRA_DA_FONSECA_BOTELHO_20260626_110848.pdf
2026-06-26 11:10:04,587 - sistema_relatorios - relatorios_interface - WARNING - Aviso: Não foi possível remover arquivo temporário: [WinError 32] O arquivo já está sendo usado por outro processo: 'C:\\Users\\Obras\\AppData\\Local\\Temp\\PREVIEW_FERNANDA_LUCENA_PEREIRA_DA_FONSECA_BOTELHO_20260626_110848.pdf'
2026-06-26 11:19:14,034 - sistema_relatorios - relatorios_interface - INFO - Solicitado retorno ao menu principal
2026-06-26 11:19:14,053 - sistema_relatorios - relatorios_interface - INFO - Retornando ao menu principal existente
2026-06-26 11:19:14,229 - sistema_relatorios - relatorios_interface - INFO - Retorno ao menu principal concluído
2026-06-26 19:22:17,072 - sistema - logger_config - INFO - Sistema de logging inicializado
2026-06-26 19:22:17,157 - sistema_relatorios - logger_config - INFO - Usuário alterado para: sistema_relatorios
2026-06-26 19:22:17,174 - sistema_relatorios - relatorios_interface - INFO - Sistema de relatórios inicializando usando logger configurado
2026-06-26 19:22:17,273 - sistema_relatorios - relatorios_interface - INFO - Configurações de janela importadas com sucesso
2026-06-26 19:22:17,324 - sistema_relatorios - relatorios_interface - INFO - === Sistema de Relatórios Inicializando ===
2026-06-26 19:22:31,808 - sistema_relatorios - logger_config - INFO - Iniciando: Carregar configurações
2026-06-26 19:22:31,813 - sistema_relatorios - logger_config - INFO - Concluído: Carregar configurações
2026-06-26 19:22:32,128 - sistema_relatorios - logger_config - INFO - Iniciando: Carregar configurações
2026-06-26 19:22:32,129 - sistema_relatorios - logger_config - INFO - Concluído: Carregar configurações
2026-06-26 19:22:32,132 - sistema_relatorios - logger_config - INFO - Iniciando: Carregar configurações
2026-06-26 19:22:32,132 - sistema_relatorios - logger_config - INFO - Concluído: Carregar configurações
