2026-02-12 08:49:29,205 - sistema - logger_config - INFO - Sistema de logging inicializado
2026-02-12 08:49:29,208 - sistema_relatorios - logger_config - INFO - Usuário alterado para: sistema_relatorios
2026-02-12 08:49:29,209 - sistema_relatorios - relatorios_interface - INFO - Sistema de relatórios inicializando usando logger configurado
2026-02-12 08:49:29,211 - sistema_relatorios - relatorios_interface - INFO - Configurações de janela importadas com sucesso
2026-02-12 08:49:29,213 - sistema_relatorios - relatorios_interface - INFO - === Sistema de Relatórios Inicializando ===
2026-02-12 08:49:52,627 - sistema_relatorios - logger_config - INFO - Iniciando: Carregar configurações
2026-02-12 08:49:52,649 - sistema_relatorios - logger_config - INFO - Concluído: Carregar configurações
2026-02-12 08:49:52,813 - sistema_relatorios - logger_config - INFO - Iniciando: Carregar configurações
2026-02-12 08:49:52,814 - sistema_relatorios - logger_config - INFO - Concluído: Carregar configurações
2026-02-12 08:49:52,817 - sistema_relatorios - logger_config - INFO - Iniciando: Carregar configurações
2026-02-12 08:49:52,817 - sistema_relatorios - logger_config - INFO - Concluído: Carregar configurações
2026-02-12 09:31:24,745 - sistema_relatorios - gestao_medicoes - INFO - Logger importado com sucesso em gestao_medicoes.py
2026-02-12 09:31:25,016 - sistema_relatorios - gestao_medicoes - INFO - ✅ Janela Gestão de Medições inicializada com tripla proteção de visibilidade
2026-02-12 09:31:25,899 - sistema_relatorios - gerador_contrato - INFO - Carregando serviços de: C:\Users\Obras\sistema_gestao_testes\testes\Financeiro\Planilhas_Base\servicos_construcao.json
2026-02-12 09:31:25,918 - sistema_relatorios - gerador_contrato - INFO - Serviços carregados: 10 categorias
2026-02-12 09:31:25,919 - sistema_relatorios - gerador_contrato - INFO - Pasta de contratos verificada: C:\Users\Obras\sistema_gestao_testes\testes\Financeiro\Clientes\Contratos
2026-02-12 09:31:25,920 - sistema_relatorios - gerador_contrato - INFO - GeradorContrato inicializado com sucesso (usando python-docx)
2026-02-12 13:56:10,591 - sistema_relatorios - gerador_contrato - INFO - Obtendo dados do cliente: BRUNO SANTANA RINALDI
2026-02-12 13:56:10,768 - sistema_relatorios - gerador_contrato - INFO - Colunas disponíveis: ['Nome', 'Endereço', 'Data Inicial', 'Observações', 'Data Final', 'Tipo Taxa', 'CPF', 'CNO', 'Estado Civil', 'Cidade', 'Grupo', 'Logradouro', 'Numero', 'Complemento', 'Localidade', 'CEP', 'Estado', 'Metragem_Alvara', 'Banco', 'Agencia', 'Conta', 'Tipo_Conta', 'PIX']
2026-02-12 13:56:10,801 - sistema_relatorios - gerador_contrato - INFO - CPF bruto obtido: 123.456.789-00 (tipo: <class 'str'>)
2026-02-12 13:56:10,802 - sistema_relatorios - gerador_contrato - INFO - CPF como string: 123.456.789-00
2026-02-12 13:56:10,803 - sistema_relatorios - gerador_contrato - INFO - CPF apenas números: 12345678900
2026-02-12 13:56:10,805 - sistema_relatorios - gerador_contrato - INFO - ✅ CPF formatado: 123.456.789-00
2026-02-12 13:56:10,807 - sistema_relatorios - gerador_contrato - INFO - CNO já formatado: 90.018.91862/63
2026-02-12 13:56:10,811 - sistema_relatorios - gerador_contrato - INFO - ✅ Dados do cliente processados - CPF final: 123.456.789-00
2026-02-12 13:56:10,813 - sistema_relatorios - gerador_contrato - INFO - Dados do cliente obtidos com sucesso: BRUNO SANTANA RINALDI
2026-02-12 13:56:10,816 - sistema_relatorios - gestao_medicoes - INFO - Dados do cliente carregados na aba de contrato: BRUNO SANTANA RINALDI
2026-02-12 13:57:30,228 - sistema_relatorios - gestao_medicoes - INFO - ✅ Janela de Gestão de Medições fechada
2026-02-12 13:57:30,241 - sistema_relatorios - gestao_medicoes - INFO - ✅ Menu principal restaurado
2026-02-12 13:57:31,835 - sistema_relatorios - relatorios_interface - INFO - Carregando clientes de: C:\Users\Obras\sistema_gestao_testes\testes\Financeiro\Planilhas_Base\Clientes.xlsx
2026-02-12 13:57:31,866 - sistema_relatorios - relatorios_interface - INFO - Colunas disponíveis: ['Nome', 'Endereço', 'Data Inicial', 'Observações', 'Data Final', 'Tipo Taxa', 'CPF', 'CNO', 'Estado Civil', 'Cidade', 'Grupo', 'Logradouro', 'Numero', 'Complemento', 'Localidade', 'CEP', 'Estado', 'Metragem_Alvara', 'Banco', 'Agencia', 'Conta', 'Tipo_Conta', 'PIX']
2026-02-12 13:57:31,867 - sistema_relatorios - relatorios_interface - INFO - Coluna de status: Data Final
2026-02-12 13:57:31,875 - sistema_relatorios - relatorios_interface - INFO - Coluna de nome: Nome
2026-02-12 13:57:31,877 - sistema_relatorios - relatorios_interface - INFO - Total de clientes ativos encontrados: 16
2026-02-12 13:57:31,878 - sistema_relatorios - relatorios_interface - INFO - Lista de clientes atualizada com 17 clientes
2026-02-12 13:57:51,952 - sistema_relatorios - relatorios_interface - INFO - Carregando clientes de: C:\Users\Obras\sistema_gestao_testes\testes\Financeiro\Planilhas_Base\Clientes.xlsx
2026-02-12 13:57:51,974 - sistema_relatorios - relatorios_interface - INFO - Colunas disponíveis: ['Nome', 'Endereço', 'Data Inicial', 'Observações', 'Data Final', 'Tipo Taxa', 'CPF', 'CNO', 'Estado Civil', 'Cidade', 'Grupo', 'Logradouro', 'Numero', 'Complemento', 'Localidade', 'CEP', 'Estado', 'Metragem_Alvara', 'Banco', 'Agencia', 'Conta', 'Tipo_Conta', 'PIX']
2026-02-12 13:57:51,977 - sistema_relatorios - relatorios_interface - INFO - Coluna de status: Data Final
2026-02-12 13:57:51,981 - sistema_relatorios - relatorios_interface - INFO - Coluna de nome: Nome
2026-02-12 13:57:51,982 - sistema_relatorios - relatorios_interface - INFO - Total de clientes ativos encontrados: 16
2026-02-12 13:58:01,921 - sistema_relatorios - relatorios_interface - INFO - 🔍 INICIANDO gerar_relatorio para: contratos
2026-02-12 13:58:01,922 - sistema_relatorios - relatorios_interface - INFO - 📋 Processando outros relatórios: contratos
2026-02-12 13:59:04,027 - sistema_relatorios - relatorios_interface - INFO - ✅ Opções do Relatório Quinzenal configuradas
2026-02-12 13:59:35,096 - sistema_relatorios - relatorios_interface - INFO - Solicitado retorno ao menu principal
2026-02-12 13:59:35,096 - sistema_relatorios - relatorios_interface - INFO - Retornando ao menu principal existente
2026-02-12 13:59:35,164 - sistema_relatorios - relatorios_interface - INFO - Retorno ao menu principal concluído
