2026-01-12 09:24:16,695 - sistema - logger_config - INFO - Sistema de logging inicializado
2026-01-12 09:24:16,696 - sistema_relatorios - logger_config - INFO - Usuário alterado para: sistema_relatorios
2026-01-12 09:24:16,696 - sistema_relatorios - relatorios_interface - INFO - Sistema de relatórios inicializando usando logger configurado
2026-01-12 09:24:16,697 - sistema_relatorios - relatorios_interface - INFO - Configurações de janela importadas com sucesso
2026-01-12 09:24:16,697 - sistema_relatorios - relatorios_interface - INFO - === Sistema de Relatórios Inicializando ===
2026-01-12 09:24:33,893 - sistema_relatorios - logger_config - INFO - Iniciando: Carregar configurações
2026-01-12 09:24:33,913 - sistema_relatorios - logger_config - INFO - Concluído: Carregar configurações
2026-01-12 09:24:34,084 - sistema_relatorios - logger_config - INFO - Iniciando: Carregar configurações
2026-01-12 09:24:34,084 - sistema_relatorios - logger_config - INFO - Concluído: Carregar configurações
2026-01-12 09:24:34,086 - sistema_relatorios - logger_config - INFO - Iniciando: Carregar configurações
2026-01-12 09:24:34,087 - sistema_relatorios - logger_config - INFO - Concluído: Carregar configurações
2026-01-12 12:13:14,800 - sistema - logger_config - INFO - Sistema de logging inicializado
2026-01-12 12:13:14,801 - sistema_relatorios - logger_config - INFO - Usuário alterado para: sistema_relatorios
2026-01-12 12:13:14,802 - sistema_relatorios - relatorios_interface - INFO - Sistema de relatórios inicializando usando logger configurado
2026-01-12 12:13:14,802 - sistema_relatorios - relatorios_interface - INFO - Configurações de janela importadas com sucesso
2026-01-12 12:13:14,803 - sistema_relatorios - relatorios_interface - INFO - === Sistema de Relatórios Inicializando ===
2026-01-12 12:15:01,315 - sistema_relatorios - logger_config - INFO - Iniciando: Carregar configurações
2026-01-12 12:15:01,318 - sistema_relatorios - logger_config - INFO - Concluído: Carregar configurações
2026-01-12 12:15:01,500 - sistema_relatorios - logger_config - INFO - Iniciando: Carregar configurações
2026-01-12 12:15:01,501 - sistema_relatorios - logger_config - INFO - Concluído: Carregar configurações
2026-01-12 12:15:01,503 - sistema_relatorios - logger_config - INFO - Iniciando: Carregar configurações
2026-01-12 12:15:01,503 - sistema_relatorios - logger_config - INFO - Concluído: Carregar configurações
2026-01-12 14:39:02,927 - sistema_relatorios - logger_config - INFO - Iniciando: Carregar configurações
2026-01-12 14:39:02,928 - sistema_relatorios - logger_config - INFO - Concluído: Carregar configurações
2026-01-12 14:39:04,026 - sistema_relatorios - logger_config - INFO - Iniciando: Carregar configurações
2026-01-12 14:39:04,027 - sistema_relatorios - logger_config - INFO - Concluído: Carregar configurações
2026-01-12 14:39:05,101 - sistema_relatorios - logger_config - INFO - Iniciando: Carregar configurações
2026-01-12 14:39:05,102 - sistema_relatorios - logger_config - INFO - Concluído: Carregar configurações
2026-01-12 14:39:06,191 - sistema_relatorios - logger_config - INFO - Iniciando: Carregar configurações
2026-01-12 14:39:06,192 - sistema_relatorios - logger_config - INFO - Concluído: Carregar configurações
2026-01-12 14:39:07,345 - sistema_relatorios - logger_config - INFO - Iniciando: Carregar configurações
2026-01-12 14:39:07,345 - sistema_relatorios - logger_config - INFO - Concluído: Carregar configurações
2026-01-12 14:39:08,441 - sistema_relatorios - logger_config - INFO - Iniciando: Carregar configurações
2026-01-12 14:39:08,441 - sistema_relatorios - logger_config - INFO - Concluído: Carregar configurações
2026-01-12 14:39:08,473 - sistema_relatorios - logger_config - INFO - Iniciando: Carregar configurações
2026-01-12 14:39:08,474 - sistema_relatorios - logger_config - INFO - Concluído: Carregar configurações
2026-01-12 14:41:02,448 - sistema_relatorios - logger_config - INFO - Iniciando: Carregar configurações
2026-01-12 14:41:02,449 - sistema_relatorios - logger_config - INFO - Concluído: Carregar configurações
2026-01-12 14:42:12,763 - sistema_relatorios - relatorios_interface - INFO - Carregando clientes de: C:\Users\Obras\sistema_gestao_testes\testes\Financeiro\Planilhas_Base\Clientes.xlsx
2026-01-12 14:42:12,799 - sistema_relatorios - relatorios_interface - INFO - Colunas disponíveis: ['Nome', 'Endereço', 'Data Inicial', 'Observações', 'Data Final', 'Tipo Taxa', 'CPF', 'CNO', 'Estado Civil', 'Cidade', 'Grupo', 'Logradouro', 'Numero', 'Complemento', 'Localidade', 'CEP', 'Estado', 'Metragem_Alvara', 'Banco', 'Agencia', 'Conta', 'Tipo_Conta', 'PIX']
2026-01-12 14:42:12,802 - sistema_relatorios - relatorios_interface - INFO - Coluna de status: Data Final
2026-01-12 14:42:12,807 - sistema_relatorios - relatorios_interface - INFO - Coluna de nome: Nome
2026-01-12 14:42:12,808 - sistema_relatorios - relatorios_interface - INFO - Total de clientes ativos encontrados: 16
2026-01-12 14:42:12,809 - sistema_relatorios - relatorios_interface - INFO - Lista de clientes atualizada com 17 clientes
2026-01-12 14:42:14,514 - sistema_relatorios - relatorios_interface - INFO - Data calculada automaticamente: 20/01/2026
2026-01-12 14:42:14,515 - sistema_relatorios - relatorios_interface - INFO - Data calculada automaticamente: 20/01/2026
2026-01-12 14:42:14,672 - sistema_relatorios - relatorios_interface - INFO - Carregando clientes de: C:\Users\Obras\sistema_gestao_testes\testes\Financeiro\Planilhas_Base\Clientes.xlsx
2026-01-12 14:42:14,693 - sistema_relatorios - relatorios_interface - INFO - Colunas disponíveis: ['Nome', 'Endereço', 'Data Inicial', 'Observações', 'Data Final', 'Tipo Taxa', 'CPF', 'CNO', 'Estado Civil', 'Cidade', 'Grupo', 'Logradouro', 'Numero', 'Complemento', 'Localidade', 'CEP', 'Estado', 'Metragem_Alvara', 'Banco', 'Agencia', 'Conta', 'Tipo_Conta', 'PIX']
2026-01-12 14:42:14,695 - sistema_relatorios - relatorios_interface - INFO - Coluna de status: Data Final
2026-01-12 14:42:14,697 - sistema_relatorios - relatorios_interface - INFO - Coluna de nome: Nome
2026-01-12 14:42:14,698 - sistema_relatorios - relatorios_interface - INFO - Total de clientes ativos encontrados: 16
2026-01-12 14:42:18,264 - sistema_relatorios - relatorios_interface - INFO - Cliente selecionado: GUILHERME LEITE
2026-01-12 14:42:18,265 - sistema_relatorios - relatorios_interface - INFO - Arquivo encontrado: C:\Users\Obras\sistema_gestao_testes\testes\Financeiro\Clientes\GUILHERME LEITE.xlsx
2026-01-12 14:42:18,275 - sistema_relatorios - relatorios_interface - INFO - Arquivo encontrado: C:\Users\Obras\sistema_gestao_testes\testes\Financeiro\Clientes\GUILHERME LEITE.xlsx
2026-01-12 14:42:19,670 - sistema_relatorios - relatorios_interface - INFO - Modo manual ativado
2026-01-12 14:42:27,014 - sistema_relatorios - relatorios_interface - INFO - 🔍 INICIANDO gerar_relatorio para: despesas
2026-01-12 14:42:27,015 - sistema_relatorios - relatorios_interface - INFO - 🎯 PROCESSANDO: Relatório de despesas
2026-01-12 14:42:27,016 - sistema_relatorios - relatorios_interface - INFO - 🎯 PROCESSANDO DESPESAS - ARQUITETURA LIMPA
2026-01-12 14:42:27,017 - sistema_relatorios - relatorios_interface - INFO - Data final obtida: 2025-10-20 00:00:00 (tipo: <class 'datetime.datetime'>)
2026-01-12 14:42:27,018 - sistema_relatorios - relatorios_interface - INFO - ✅ Arquivo encontrado em arquivo_cliente_selecionado: C:\Users\Obras\sistema_gestao_testes\testes\Financeiro\Clientes\GUILHERME LEITE.xlsx
2026-01-12 14:42:27,019 - sistema_relatorios - relatorios_interface - INFO - ✅ Arquivo final nas configurações: C:\Users\Obras\sistema_gestao_testes\testes\Financeiro\Clientes\GUILHERME LEITE.xlsx
2026-01-12 14:42:27,019 - sistema_relatorios - relatorios_interface - INFO - ✅ Configurações coletadas
2026-01-12 14:42:27,020 - sistema_relatorios - relatorios_interface - INFO - ✅ Arquivo confirmado: GUILHERME LEITE.xlsx
2026-01-12 14:42:28,789 - sistema_relatorios - relatorios_interface - INFO - Modo selecionado: Preview
2026-01-12 14:42:28,790 - sistema_relatorios - relatorios_interface - INFO - 🎯 EXECUTANDO COM PREVIEW DIRETO - PDF TEMPORÁRIO
2026-01-12 14:42:29,705 - sistema_relatorios - relatorios_interface - INFO - ✅ Janela de decisão criada
2026-01-12 14:43:24,934 - sistema_relatorios - relatorios_interface - INFO - 🗑️ PDF temporário agendado para remoção: PREVIEW_GUILHERME_LEITE_20260112_144229.pdf
2026-01-12 14:43:26,944 - sistema_relatorios - relatorios_interface - INFO - 🗑️ Arquivo temporário removido: PREVIEW_GUILHERME_LEITE_20260112_144229.pdf
2026-01-12 14:43:27,261 - sistema_relatorios - relatorios_interface - INFO - Solicitado retorno ao menu principal
2026-01-12 14:43:27,262 - sistema_relatorios - relatorios_interface - INFO - Retornando ao menu principal existente
2026-01-12 14:43:27,357 - sistema_relatorios - relatorios_interface - INFO - Retorno ao menu principal concluído
2026-01-12 14:43:29,773 - sistema_relatorios - logger_config - INFO - Iniciando: Carregar configurações
2026-01-12 14:43:29,774 - sistema_relatorios - logger_config - INFO - Concluído: Carregar configurações
2026-01-12 14:43:29,931 - sistema_relatorios - logger_config - INFO - Iniciando: Carregar configurações
2026-01-12 14:43:29,932 - sistema_relatorios - logger_config - INFO - Concluído: Carregar configurações
2026-01-12 14:43:29,935 - sistema_relatorios - logger_config - INFO - Iniciando: Carregar configurações
2026-01-12 14:43:29,936 - sistema_relatorios - logger_config - INFO - Concluído: Carregar configurações
2026-01-12 14:50:49,290 - sistema_relatorios - relatorios_interface - INFO - Carregando clientes de: C:\Users\Obras\sistema_gestao_testes\testes\Financeiro\Planilhas_Base\Clientes.xlsx
2026-01-12 14:50:49,329 - sistema_relatorios - relatorios_interface - INFO - Colunas disponíveis: ['Nome', 'Endereço', 'Data Inicial', 'Observações', 'Data Final', 'Tipo Taxa', 'CPF', 'CNO', 'Estado Civil', 'Cidade', 'Grupo', 'Logradouro', 'Numero', 'Complemento', 'Localidade', 'CEP', 'Estado', 'Metragem_Alvara', 'Banco', 'Agencia', 'Conta', 'Tipo_Conta', 'PIX']
2026-01-12 14:50:49,333 - sistema_relatorios - relatorios_interface - INFO - Coluna de status: Data Final
2026-01-12 14:50:49,337 - sistema_relatorios - relatorios_interface - INFO - Coluna de nome: Nome
2026-01-12 14:50:49,339 - sistema_relatorios - relatorios_interface - INFO - Total de clientes ativos encontrados: 16
2026-01-12 14:50:49,341 - sistema_relatorios - relatorios_interface - INFO - Lista de clientes atualizada com 17 clientes
2026-01-12 14:50:50,587 - sistema_relatorios - relatorios_interface - INFO - Data calculada automaticamente: 20/01/2026
2026-01-12 14:50:50,588 - sistema_relatorios - relatorios_interface - INFO - Data calculada automaticamente: 20/01/2026
2026-01-12 14:50:50,704 - sistema_relatorios - relatorios_interface - INFO - Carregando clientes de: C:\Users\Obras\sistema_gestao_testes\testes\Financeiro\Planilhas_Base\Clientes.xlsx
2026-01-12 14:50:50,726 - sistema_relatorios - relatorios_interface - INFO - Colunas disponíveis: ['Nome', 'Endereço', 'Data Inicial', 'Observações', 'Data Final', 'Tipo Taxa', 'CPF', 'CNO', 'Estado Civil', 'Cidade', 'Grupo', 'Logradouro', 'Numero', 'Complemento', 'Localidade', 'CEP', 'Estado', 'Metragem_Alvara', 'Banco', 'Agencia', 'Conta', 'Tipo_Conta', 'PIX']
2026-01-12 14:50:50,729 - sistema_relatorios - relatorios_interface - INFO - Coluna de status: Data Final
2026-01-12 14:50:50,731 - sistema_relatorios - relatorios_interface - INFO - Coluna de nome: Nome
2026-01-12 14:50:50,732 - sistema_relatorios - relatorios_interface - INFO - Total de clientes ativos encontrados: 16
2026-01-12 14:50:52,848 - sistema_relatorios - relatorios_interface - INFO - Modo manual ativado
2026-01-12 14:51:00,913 - sistema_relatorios - relatorios_interface - INFO - Cliente selecionado: GUILHERME LEITE
2026-01-12 14:51:00,915 - sistema_relatorios - relatorios_interface - INFO - Arquivo encontrado: C:\Users\Obras\sistema_gestao_testes\testes\Financeiro\Clientes\GUILHERME LEITE.xlsx
2026-01-12 14:51:00,916 - sistema_relatorios - relatorios_interface - INFO - Arquivo encontrado: C:\Users\Obras\sistema_gestao_testes\testes\Financeiro\Clientes\GUILHERME LEITE.xlsx
2026-01-12 14:51:02,784 - sistema_relatorios - relatorios_interface - INFO - 🔍 INICIANDO gerar_relatorio para: despesas
2026-01-12 14:51:02,785 - sistema_relatorios - relatorios_interface - INFO - 🎯 PROCESSANDO: Relatório de despesas
2026-01-12 14:51:02,786 - sistema_relatorios - relatorios_interface - INFO - 🎯 PROCESSANDO DESPESAS - ARQUITETURA LIMPA
2026-01-12 14:51:02,787 - sistema_relatorios - relatorios_interface - INFO - Data final obtida: 2025-10-20 00:00:00 (tipo: <class 'datetime.datetime'>)
2026-01-12 14:51:02,787 - sistema_relatorios - relatorios_interface - INFO - ✅ Arquivo encontrado em arquivo_cliente_selecionado: C:\Users\Obras\sistema_gestao_testes\testes\Financeiro\Clientes\GUILHERME LEITE.xlsx
2026-01-12 14:51:02,788 - sistema_relatorios - relatorios_interface - INFO - ✅ Arquivo final nas configurações: C:\Users\Obras\sistema_gestao_testes\testes\Financeiro\Clientes\GUILHERME LEITE.xlsx
2026-01-12 14:51:02,789 - sistema_relatorios - relatorios_interface - INFO - ✅ Configurações coletadas
2026-01-12 14:51:02,790 - sistema_relatorios - relatorios_interface - INFO - ✅ Arquivo confirmado: GUILHERME LEITE.xlsx
2026-01-12 14:51:04,669 - sistema_relatorios - relatorios_interface - INFO - Modo selecionado: Preview
2026-01-12 14:51:04,670 - sistema_relatorios - relatorios_interface - INFO - 🎯 EXECUTANDO COM PREVIEW DIRETO - PDF TEMPORÁRIO
2026-01-12 14:51:05,405 - sistema_relatorios - relatorios_interface - INFO - ✅ Janela de decisão criada
2026-01-12 14:51:35,736 - sistema_relatorios - relatorios_interface - INFO - 🗑️ PDF temporário agendado para remoção: PREVIEW_GUILHERME_LEITE_20260112_145104.pdf
2026-01-12 14:51:37,416 - sistema_relatorios - relatorios_interface - INFO - Solicitado retorno ao menu principal
2026-01-12 14:51:37,416 - sistema_relatorios - relatorios_interface - INFO - Retornando ao menu principal existente
2026-01-12 14:51:37,490 - sistema_relatorios - relatorios_interface - INFO - Retorno ao menu principal concluído
2026-01-12 14:56:44,611 - sistema - logger_config - INFO - Sistema de logging inicializado
2026-01-12 14:56:44,612 - sistema_relatorios - logger_config - INFO - Usuário alterado para: sistema_relatorios
2026-01-12 14:56:44,613 - sistema_relatorios - relatorios_interface - INFO - Sistema de relatórios inicializando usando logger configurado
2026-01-12 14:56:44,613 - sistema_relatorios - relatorios_interface - INFO - Configurações de janela importadas com sucesso
2026-01-12 14:56:44,613 - sistema_relatorios - relatorios_interface - INFO - === Sistema de Relatórios Inicializando ===
2026-01-12 14:59:22,041 - sistema - logger_config - INFO - Sistema de logging inicializado
2026-01-12 14:59:22,042 - sistema_relatorios - logger_config - INFO - Usuário alterado para: sistema_relatorios
2026-01-12 14:59:22,042 - sistema_relatorios - relatorios_interface - INFO - Sistema de relatórios inicializando usando logger configurado
2026-01-12 14:59:22,043 - sistema_relatorios - relatorios_interface - INFO - Configurações de janela importadas com sucesso
2026-01-12 14:59:22,043 - sistema_relatorios - relatorios_interface - INFO - === Sistema de Relatórios Inicializando ===
2026-01-12 14:59:26,002 - sistema_relatorios - gestao_medicoes - INFO - Logger importado com sucesso em gestao_medicoes.py
2026-01-12 14:59:26,231 - sistema_relatorios - gestao_medicoes - INFO - ✅ Janela Gestão de Medições inicializada com tripla proteção de visibilidade
2026-01-12 14:59:27,696 - sistema_relatorios - gerador_contrato - INFO - Carregando serviços de: C:\Users\Obras\sistema_gestao_testes\testes\Financeiro\Planilhas_Base\servicos_construcao.json
2026-01-12 14:59:27,757 - sistema_relatorios - gerador_contrato - INFO - Serviços carregados: 10 categorias
2026-01-12 14:59:27,759 - sistema_relatorios - gerador_contrato - INFO - Pasta de contratos verificada: C:\Users\Obras\sistema_gestao_testes\testes\Financeiro\Clientes\Contratos
2026-01-12 14:59:27,760 - sistema_relatorios - gerador_contrato - INFO - GeradorContrato inicializado com sucesso (usando python-docx)
2026-01-12 14:59:57,629 - sistema_relatorios - gestao_medicoes - INFO - ✅ Janela de Gestão de Medições fechada
2026-01-12 14:59:57,633 - sistema_relatorios - gestao_medicoes - INFO - ✅ Menu principal restaurado
2026-01-12 15:00:00,588 - sistema_relatorios - logger_config - INFO - Iniciando: Carregar configurações
2026-01-12 15:00:00,593 - sistema_relatorios - logger_config - INFO - Concluído: Carregar configurações
2026-01-12 15:00:00,832 - sistema_relatorios - logger_config - INFO - Iniciando: Carregar configurações
2026-01-12 15:00:00,833 - sistema_relatorios - logger_config - INFO - Concluído: Carregar configurações
2026-01-12 15:00:00,835 - sistema_relatorios - logger_config - INFO - Iniciando: Carregar configurações
2026-01-12 15:00:00,836 - sistema_relatorios - logger_config - INFO - Concluído: Carregar configurações
2026-01-12 17:24:14,732 - sistema - logger_config - INFO - Sistema de logging inicializado
