2025-12-30 13:07:04,190 - sistema - logger_config - INFO - Sistema de logging inicializado
2025-12-30 13:07:04,191 - sistema_relatorios - logger_config - INFO - Usuário alterado para: sistema_relatorios
2025-12-30 13:07:04,211 - sistema_relatorios - relatorios_interface - INFO - Sistema de relatórios inicializando usando logger configurado
2025-12-30 13:07:04,214 - sistema_relatorios - relatorios_interface - INFO - Configurações de janela importadas com sucesso
2025-12-30 13:07:04,215 - sistema_relatorios - relatorios_interface - INFO - === Sistema de Relatórios Inicializando ===
2025-12-30 13:07:23,554 - sistema_relatorios - gestao_medicoes - INFO - Logger importado com sucesso em gestao_medicoes.py
2025-12-30 13:07:23,885 - sistema_relatorios - gestao_medicoes - INFO - ✅ Janela Gestão de Medições inicializada com tripla proteção de visibilidade
2025-12-30 13:07:25,482 - sistema_relatorios - gerador_contrato - INFO - Carregando serviços de: C:\Users\Obras\sistema_gestao_testes\testes\Financeiro\Planilhas_Base\servicos_construcao.json
2025-12-30 13:07:25,505 - sistema_relatorios - gerador_contrato - INFO - Serviços carregados: 10 categorias
2025-12-30 13:07:25,506 - sistema_relatorios - gerador_contrato - INFO - Pasta de contratos verificada: C:\Users\Obras\sistema_gestao_testes\testes\Financeiro\Clientes\Contratos
2025-12-30 13:07:25,508 - sistema_relatorios - gerador_contrato - INFO - GeradorContrato inicializado com sucesso (usando python-docx)
2025-12-30 13:07:32,105 - sistema_relatorios - gestao_medicoes - INFO - ✅ Janela de Gestão de Medições fechada
2025-12-30 13:07:32,115 - sistema_relatorios - gestao_medicoes - INFO - ✅ Menu principal restaurado
2025-12-30 13:07:34,588 - sistema_relatorios - logger_config - INFO - Iniciando: Carregar configurações
2025-12-30 13:07:34,610 - sistema_relatorios - logger_config - INFO - Concluído: Carregar configurações
2025-12-30 13:07:34,794 - sistema_relatorios - logger_config - INFO - Iniciando: Carregar configurações
2025-12-30 13:07:34,795 - sistema_relatorios - logger_config - INFO - Concluído: Carregar configurações
2025-12-30 13:07:34,797 - sistema_relatorios - logger_config - INFO - Iniciando: Carregar configurações
2025-12-30 13:07:34,798 - sistema_relatorios - logger_config - INFO - Concluído: Carregar configurações
2025-12-30 13:08:26,921 - sistema_relatorios - gestao_medicoes - INFO - ✅ Janela Gestão de Medições inicializada com tripla proteção de visibilidade
2025-12-30 13:08:27,737 - sistema_relatorios - gerador_contrato - INFO - Carregando serviços de: C:\Users\Obras\sistema_gestao_testes\testes\Financeiro\Planilhas_Base\servicos_construcao.json
2025-12-30 13:08:27,740 - sistema_relatorios - gerador_contrato - INFO - Serviços carregados: 10 categorias
2025-12-30 13:08:27,741 - sistema_relatorios - gerador_contrato - INFO - Pasta de contratos verificada: C:\Users\Obras\sistema_gestao_testes\testes\Financeiro\Clientes\Contratos
2025-12-30 13:08:27,742 - sistema_relatorios - gerador_contrato - INFO - GeradorContrato inicializado com sucesso (usando python-docx)
2025-12-30 13:11:29,639 - sistema_relatorios - gestao_medicoes - INFO - Rastreamento adicionado: Contrato 6, Medição 1, Linha 492
2025-12-30 13:11:39,645 - sistema_relatorios - gestao_medicoes - INFO - ✅ Janela de Gestão de Medições fechada
2025-12-30 13:11:39,650 - sistema_relatorios - gestao_medicoes - INFO - ✅ Menu principal restaurado
2025-12-30 13:20:56,809 - sistema - logger_config - INFO - Sistema de logging inicializado
2025-12-30 13:32:08,673 - sistema - logger_config - INFO - Sistema de logging inicializado
