2026-08-01 09:51:59,961 - sistema - logger_config - INFO - Sistema de logging inicializado
2026-08-01 09:51:59,962 - sistema_relatorios - logger_config - INFO - Usuário alterado para: sistema_relatorios
2026-08-01 09:51:59,963 - sistema_relatorios - relatorios_interface - INFO - Sistema de relatórios inicializando usando logger configurado
2026-08-01 09:51:59,964 - sistema_relatorios - relatorios_interface - INFO - Configurações de janela importadas com sucesso
2026-08-01 09:51:59,966 - sistema_relatorios - relatorios_interface - INFO - === Sistema de Relatórios Inicializando ===
2026-08-01 09:58:50,024 - sistema - logger_config - INFO - Sistema de logging inicializado
2026-08-01 09:58:50,025 - sistema_relatorios - logger_config - INFO - Usuário alterado para: sistema_relatorios
2026-08-01 09:58:50,026 - sistema_relatorios - relatorios_interface - INFO - Sistema de relatórios inicializando usando logger configurado
2026-08-01 09:58:50,026 - sistema_relatorios - relatorios_interface - INFO - Configurações de janela importadas com sucesso
2026-08-01 09:58:50,027 - sistema_relatorios - relatorios_interface - INFO - === Sistema de Relatórios Inicializando ===
2026-08-01 10:00:39,422 - sistema - logger_config - INFO - Sistema de logging inicializado
2026-08-01 10:00:39,423 - sistema_relatorios - logger_config - INFO - Usuário alterado para: sistema_relatorios
2026-08-01 10:00:39,424 - sistema_relatorios - relatorios_interface - INFO - Sistema de relatórios inicializando usando logger configurado
2026-08-01 10:00:39,424 - sistema_relatorios - relatorios_interface - INFO - Configurações de janela importadas com sucesso
2026-08-01 10:00:39,425 - sistema_relatorios - relatorios_interface - INFO - === Sistema de Relatórios Inicializando ===
2026-08-01 10:01:38,800 - sistema - logger_config - INFO - Sistema de logging inicializado
2026-08-01 10:01:38,801 - sistema_relatorios - logger_config - INFO - Usuário alterado para: sistema_relatorios
2026-08-01 10:01:38,801 - sistema_relatorios - relatorios_interface - INFO - Sistema de relatórios inicializando usando logger configurado
2026-08-01 10:01:38,802 - sistema_relatorios - relatorios_interface - INFO - Configurações de janela importadas com sucesso
2026-08-01 10:01:38,802 - sistema_relatorios - relatorios_interface - INFO - === Sistema de Relatórios Inicializando ===
2026-08-01 10:01:41,185 - sistema_relatorios - logger_config - INFO - Iniciando: Carregar configurações
2026-08-01 10:01:41,214 - sistema_relatorios - logger_config - INFO - Concluído: Carregar configurações
2026-08-01 10:01:41,383 - sistema_relatorios - logger_config - INFO - Iniciando: Carregar configurações
2026-08-01 10:01:41,384 - sistema_relatorios - logger_config - INFO - Concluído: Carregar configurações
2026-08-01 10:01:41,385 - sistema_relatorios - logger_config - INFO - Iniciando: Carregar configurações
2026-08-01 10:01:41,386 - sistema_relatorios - logger_config - INFO - Concluído: Carregar configurações
2026-08-01 10:04:12,540 - sistema - logger_config - INFO - Sistema de logging inicializado
2026-08-01 10:04:12,542 - sistema_relatorios - logger_config - INFO - Usuário alterado para: sistema_relatorios
2026-08-01 10:04:12,545 - sistema_relatorios - relatorios_interface - INFO - Sistema de relatórios inicializando usando logger configurado
2026-08-01 10:04:12,549 - sistema_relatorios - relatorios_interface - INFO - Configurações de janela importadas com sucesso
2026-08-01 10:04:12,562 - sistema_relatorios - relatorios_interface - INFO - === Sistema de Relatórios Inicializando ===
2026-08-01 10:04:21,482 - sistema_relatorios - logger_config - INFO - Iniciando: Carregar configurações
2026-08-01 10:04:21,484 - sistema_relatorios - logger_config - INFO - Concluído: Carregar configurações
2026-08-01 10:04:21,697 - sistema_relatorios - logger_config - INFO - Iniciando: Carregar configurações
2026-08-01 10:04:21,698 - sistema_relatorios - logger_config - INFO - Concluído: Carregar configurações
2026-08-01 10:04:21,700 - sistema_relatorios - logger_config - INFO - Iniciando: Carregar configurações
2026-08-01 10:04:21,701 - sistema_relatorios - logger_config - INFO - Concluído: Carregar configurações
2026-08-01 10:06:08,461 - sistema - logger_config - INFO - Sistema de logging inicializado
2026-08-01 10:06:08,463 - sistema_relatorios - logger_config - INFO - Usuário alterado para: sistema_relatorios
2026-08-01 10:06:08,464 - sistema_relatorios - relatorios_interface - INFO - Sistema de relatórios inicializando usando logger configurado
2026-08-01 10:06:08,464 - sistema_relatorios - relatorios_interface - INFO - Configurações de janela importadas com sucesso
2026-08-01 10:06:08,465 - sistema_relatorios - relatorios_interface - INFO - === Sistema de Relatórios Inicializando ===
2026-08-01 10:06:16,620 - sistema_relatorios - logger_config - INFO - Iniciando: Carregar configurações
2026-08-01 10:06:16,625 - sistema_relatorios - logger_config - INFO - Concluído: Carregar configurações
2026-08-01 10:06:16,799 - sistema_relatorios - logger_config - INFO - Iniciando: Carregar configurações
2026-08-01 10:06:16,800 - sistema_relatorios - logger_config - INFO - Concluído: Carregar configurações
2026-08-01 10:06:16,801 - sistema_relatorios - logger_config - INFO - Iniciando: Carregar configurações
2026-08-01 10:06:16,802 - sistema_relatorios - logger_config - INFO - Concluído: Carregar configurações
2026-08-01 10:12:23,479 - sistema - logger_config - INFO - Sistema de logging inicializado
2026-08-01 10:12:23,481 - sistema_relatorios - logger_config - INFO - Usuário alterado para: sistema_relatorios
2026-08-01 10:12:23,481 - sistema_relatorios - relatorios_interface - INFO - Sistema de relatórios inicializando usando logger configurado
2026-08-01 10:12:23,482 - sistema_relatorios - relatorios_interface - INFO - Configurações de janela importadas com sucesso
2026-08-01 10:12:23,482 - sistema_relatorios - relatorios_interface - INFO - === Sistema de Relatórios Inicializando ===
2026-08-01 10:13:49,546 - sistema - logger_config - INFO - Sistema de logging inicializado
2026-08-01 10:13:49,547 - sistema_relatorios - logger_config - INFO - Usuário alterado para: sistema_relatorios
2026-08-01 10:13:49,548 - sistema_relatorios - relatorios_interface - INFO - Sistema de relatórios inicializando usando logger configurado
2026-08-01 10:13:49,548 - sistema_relatorios - relatorios_interface - INFO - Configurações de janela importadas com sucesso
2026-08-01 10:13:49,549 - sistema_relatorios - relatorios_interface - INFO - === Sistema de Relatórios Inicializando ===
2026-08-01 10:20:13,932 - sistema - logger_config - INFO - Sistema de logging inicializado
2026-08-01 10:20:13,933 - sistema_relatorios - logger_config - INFO - Usuário alterado para: sistema_relatorios
2026-08-01 10:20:13,934 - sistema_relatorios - relatorios_interface - INFO - Sistema de relatórios inicializando usando logger configurado
2026-08-01 10:20:13,934 - sistema_relatorios - relatorios_interface - INFO - Configurações de janela importadas com sucesso
2026-08-01 10:20:13,935 - sistema_relatorios - relatorios_interface - INFO - === Sistema de Relatórios Inicializando ===
2026-08-01 10:39:24,576 - sistema - logger_config - INFO - Sistema de logging inicializado
2026-08-01 10:39:24,577 - sistema_relatorios - logger_config - INFO - Usuário alterado para: sistema_relatorios
2026-08-01 10:39:24,578 - sistema_relatorios - relatorios_interface - INFO - Sistema de relatórios inicializando usando logger configurado
2026-08-01 10:39:24,579 - sistema_relatorios - relatorios_interface - INFO - Configurações de janela importadas com sucesso
2026-08-01 10:39:24,580 - sistema_relatorios - relatorios_interface - INFO - === Sistema de Relatórios Inicializando ===
2026-08-01 10:39:35,769 - sistema_relatorios - logger_config - INFO - Iniciando: Carregar configurações
2026-08-01 10:39:35,791 - sistema_relatorios - logger_config - INFO - Concluído: Carregar configurações
2026-08-01 10:39:36,060 - sistema_relatorios - logger_config - INFO - Iniciando: Carregar configurações
2026-08-01 10:39:36,064 - sistema_relatorios - logger_config - INFO - Concluído: Carregar configurações
2026-08-01 10:39:36,068 - sistema_relatorios - logger_config - INFO - Iniciando: Carregar configurações
2026-08-01 10:39:36,069 - sistema_relatorios - logger_config - INFO - Concluído: Carregar configurações
2026-08-01 10:48:35,589 - sistema - logger_config - INFO - Sistema de logging inicializado
2026-08-01 10:48:35,590 - sistema_relatorios - logger_config - INFO - Usuário alterado para: sistema_relatorios
2026-08-01 10:48:35,591 - sistema_relatorios - relatorios_interface - INFO - Sistema de relatórios inicializando usando logger configurado
2026-08-01 10:48:35,591 - sistema_relatorios - relatorios_interface - INFO - Configurações de janela importadas com sucesso
2026-08-01 10:48:35,593 - sistema_relatorios - relatorios_interface - INFO - === Sistema de Relatórios Inicializando ===
2026-08-01 10:48:44,630 - sistema_relatorios - logger_config - INFO - Iniciando: Carregar configurações
2026-08-01 10:48:44,633 - sistema_relatorios - logger_config - INFO - Concluído: Carregar configurações
2026-08-01 10:48:44,844 - sistema_relatorios - logger_config - INFO - Iniciando: Carregar configurações
2026-08-01 10:48:44,845 - sistema_relatorios - logger_config - INFO - Concluído: Carregar configurações
2026-08-01 10:48:44,847 - sistema_relatorios - logger_config - INFO - Iniciando: Carregar configurações
2026-08-01 10:48:44,848 - sistema_relatorios - logger_config - INFO - Concluído: Carregar configurações
2026-08-01 10:51:56,118 - sistema - logger_config - INFO - Sistema de logging inicializado
2026-08-01 10:51:56,119 - sistema_relatorios - logger_config - INFO - Usuário alterado para: sistema_relatorios
2026-08-01 10:51:56,119 - sistema_relatorios - relatorios_interface - INFO - Sistema de relatórios inicializando usando logger configurado
2026-08-01 10:51:56,120 - sistema_relatorios - relatorios_interface - INFO - Configurações de janela importadas com sucesso
2026-08-01 10:51:56,120 - sistema_relatorios - relatorios_interface - INFO - === Sistema de Relatórios Inicializando ===
2026-08-01 10:52:00,702 - sistema_relatorios - logger_config - INFO - Iniciando: Carregar configurações
2026-08-01 10:52:00,736 - sistema_relatorios - logger_config - INFO - Concluído: Carregar configurações
2026-08-01 10:52:01,066 - sistema_relatorios - logger_config - INFO - Iniciando: Carregar configurações
2026-08-01 10:52:01,092 - sistema_relatorios - logger_config - INFO - Concluído: Carregar configurações
2026-08-01 10:52:01,173 - sistema_relatorios - logger_config - INFO - Iniciando: Carregar configurações
2026-08-01 10:52:01,205 - sistema_relatorios - logger_config - INFO - Concluído: Carregar configurações
2026-08-01 10:56:20,574 - sistema - logger_config - INFO - Sistema de logging inicializado
2026-08-01 10:56:20,575 - sistema_relatorios - logger_config - INFO - Usuário alterado para: sistema_relatorios
2026-08-01 10:56:20,576 - sistema_relatorios - relatorios_interface - INFO - Sistema de relatórios inicializando usando logger configurado
2026-08-01 10:56:20,576 - sistema_relatorios - relatorios_interface - INFO - Configurações de janela importadas com sucesso
2026-08-01 10:56:20,577 - sistema_relatorios - relatorios_interface - INFO - === Sistema de Relatórios Inicializando ===
2026-08-01 10:56:30,242 - sistema_relatorios - logger_config - INFO - Iniciando: Carregar configurações
2026-08-01 10:56:30,245 - sistema_relatorios - logger_config - INFO - Concluído: Carregar configurações
2026-08-01 10:56:30,429 - sistema_relatorios - logger_config - INFO - Iniciando: Carregar configurações
2026-08-01 10:56:30,429 - sistema_relatorios - logger_config - INFO - Concluído: Carregar configurações
2026-08-01 10:56:30,431 - sistema_relatorios - logger_config - INFO - Iniciando: Carregar configurações
2026-08-01 10:56:30,431 - sistema_relatorios - logger_config - INFO - Concluído: Carregar configurações
2026-08-01 10:58:26,086 - sistema - logger_config - INFO - Sistema de logging inicializado
2026-08-01 10:58:26,089 - sistema_relatorios - logger_config - INFO - Usuário alterado para: sistema_relatorios
2026-08-01 10:58:26,089 - sistema_relatorios - relatorios_interface - INFO - Sistema de relatórios inicializando usando logger configurado
2026-08-01 10:58:26,090 - sistema_relatorios - relatorios_interface - INFO - Configurações de janela importadas com sucesso
2026-08-01 10:58:26,090 - sistema_relatorios - relatorios_interface - INFO - === Sistema de Relatórios Inicializando ===
2026-08-01 11:04:57,467 - sistema_relatorios - logger_config - INFO - Iniciando: Carregar configurações
2026-08-01 11:04:57,486 - sistema_relatorios - logger_config - INFO - Concluído: Carregar configurações
2026-08-01 11:04:57,660 - sistema_relatorios - logger_config - INFO - Iniciando: Carregar configurações
2026-08-01 11:04:57,660 - sistema_relatorios - logger_config - INFO - Concluído: Carregar configurações
2026-08-01 11:04:57,662 - sistema_relatorios - logger_config - INFO - Iniciando: Carregar configurações
2026-08-01 11:04:57,663 - sistema_relatorios - logger_config - INFO - Concluído: Carregar configurações
2026-08-01 11:54:18,510 - sistema - logger_config - INFO - Sistema de logging inicializado
2026-08-01 11:54:18,512 - sistema_relatorios - logger_config - INFO - Usuário alterado para: sistema_relatorios
2026-08-01 11:54:18,512 - sistema_relatorios - relatorios_interface - INFO - Sistema de relatórios inicializando usando logger configurado
2026-08-01 11:54:18,512 - sistema_relatorios - relatorios_interface - INFO - Configurações de janela importadas com sucesso
2026-08-01 11:54:18,513 - sistema_relatorios - relatorios_interface - INFO - === Sistema de Relatórios Inicializando ===
2026-08-01 11:54:58,885 - sistema_relatorios - logger_config - INFO - Iniciando: Carregar configurações
2026-08-01 11:54:58,889 - sistema_relatorios - logger_config - INFO - Concluído: Carregar configurações
2026-08-01 11:54:59,087 - sistema_relatorios - logger_config - INFO - Iniciando: Carregar configurações
2026-08-01 11:54:59,088 - sistema_relatorios - logger_config - INFO - Concluído: Carregar configurações
2026-08-01 11:54:59,090 - sistema_relatorios - logger_config - INFO - Iniciando: Carregar configurações
2026-08-01 11:54:59,091 - sistema_relatorios - logger_config - INFO - Concluído: Carregar configurações
2026-08-01 12:28:26,699 - sistema - logger_config - INFO - Sistema de logging inicializado
2026-08-01 12:28:26,700 - sistema_relatorios - logger_config - INFO - Usuário alterado para: sistema_relatorios
2026-08-01 12:28:26,700 - sistema_relatorios - relatorios_interface - INFO - Sistema de relatórios inicializando usando logger configurado
2026-08-01 12:28:26,700 - sistema_relatorios - relatorios_interface - INFO - Configurações de janela importadas com sucesso
2026-08-01 12:28:26,700 - sistema_relatorios - relatorios_interface - INFO - === Sistema de Relatórios Inicializando ===
2026-08-01 12:29:27,776 - sistema_relatorios - logger_config - INFO - Iniciando: Carregar configurações
2026-08-01 12:29:27,779 - sistema_relatorios - logger_config - INFO - Concluído: Carregar configurações
2026-08-01 12:29:27,971 - sistema_relatorios - logger_config - INFO - Iniciando: Carregar configurações
2026-08-01 12:29:27,972 - sistema_relatorios - logger_config - INFO - Concluído: Carregar configurações
2026-08-01 12:29:27,974 - sistema_relatorios - logger_config - INFO - Iniciando: Carregar configurações
2026-08-01 12:29:27,975 - sistema_relatorios - logger_config - INFO - Concluído: Carregar configurações
2026-08-01 12:36:44,235 - sistema - logger_config - INFO - Sistema de logging inicializado
2026-08-01 12:36:44,238 - sistema_relatorios - logger_config - INFO - Usuário alterado para: sistema_relatorios
2026-08-01 12:36:44,239 - sistema_relatorios - relatorios_interface - INFO - Sistema de relatórios inicializando usando logger configurado
2026-08-01 12:36:44,240 - sistema_relatorios - relatorios_interface - INFO - Configurações de janela importadas com sucesso
2026-08-01 12:36:44,245 - sistema_relatorios - relatorios_interface - INFO - === Sistema de Relatórios Inicializando ===
2026-08-01 12:36:58,101 - sistema_relatorios - logger_config - INFO - Iniciando: Carregar configurações
2026-08-01 12:36:58,107 - sistema_relatorios - logger_config - INFO - Concluído: Carregar configurações
2026-08-01 12:36:58,279 - sistema_relatorios - logger_config - INFO - Iniciando: Carregar configurações
2026-08-01 12:36:58,280 - sistema_relatorios - logger_config - INFO - Concluído: Carregar configurações
2026-08-01 12:36:58,283 - sistema_relatorios - logger_config - INFO - Iniciando: Carregar configurações
2026-08-01 12:36:58,284 - sistema_relatorios - logger_config - INFO - Concluído: Carregar configurações
2026-08-01 12:48:55,258 - sistema - logger_config - INFO - Sistema de logging inicializado
2026-08-01 12:48:55,260 - sistema_relatorios - logger_config - INFO - Usuário alterado para: sistema_relatorios
2026-08-01 12:48:55,261 - sistema_relatorios - relatorios_interface - INFO - Sistema de relatórios inicializando usando logger configurado
2026-08-01 12:48:55,263 - sistema_relatorios - relatorios_interface - INFO - Configurações de janela importadas com sucesso
2026-08-01 12:48:55,264 - sistema_relatorios - relatorios_interface - INFO - === Sistema de Relatórios Inicializando ===
2026-08-01 12:49:10,180 - sistema_relatorios - logger_config - INFO - Iniciando: Carregar configurações
2026-08-01 12:49:10,183 - sistema_relatorios - logger_config - INFO - Concluído: Carregar configurações
2026-08-01 12:49:10,353 - sistema_relatorios - logger_config - INFO - Iniciando: Carregar configurações
2026-08-01 12:49:10,354 - sistema_relatorios - logger_config - INFO - Concluído: Carregar configurações
2026-08-01 12:49:10,355 - sistema_relatorios - logger_config - INFO - Iniciando: Carregar configurações
2026-08-01 12:49:10,356 - sistema_relatorios - logger_config - INFO - Concluído: Carregar configurações
2026-08-01 12:51:53,923 - sistema - logger_config - INFO - Sistema de logging inicializado
2026-08-01 12:51:53,924 - sistema_relatorios - logger_config - INFO - Usuário alterado para: sistema_relatorios
2026-08-01 12:51:53,925 - sistema_relatorios - relatorios_interface - INFO - Sistema de relatórios inicializando usando logger configurado
2026-08-01 12:51:53,926 - sistema_relatorios - relatorios_interface - INFO - Configurações de janela importadas com sucesso
2026-08-01 12:51:53,928 - sistema_relatorios - relatorios_interface - INFO - === Sistema de Relatórios Inicializando ===
2026-08-01 12:52:19,102 - sistema_relatorios - logger_config - INFO - Iniciando: Carregar configurações
2026-08-01 12:52:19,105 - sistema_relatorios - logger_config - INFO - Concluído: Carregar configurações
2026-08-01 12:52:19,277 - sistema_relatorios - logger_config - INFO - Iniciando: Carregar configurações
2026-08-01 12:52:19,278 - sistema_relatorios - logger_config - INFO - Concluído: Carregar configurações
2026-08-01 12:52:19,280 - sistema_relatorios - logger_config - INFO - Iniciando: Carregar configurações
2026-08-01 12:52:19,281 - sistema_relatorios - logger_config - INFO - Concluído: Carregar configurações
2026-08-01 13:31:48,467 - sistema - logger_config - INFO - Sistema de logging inicializado
2026-08-01 13:31:48,469 - sistema_relatorios - logger_config - INFO - Usuário alterado para: sistema_relatorios
2026-08-01 13:31:48,470 - sistema_relatorios - relatorios_interface - INFO - Sistema de relatórios inicializando usando logger configurado
2026-08-01 13:31:48,470 - sistema_relatorios - relatorios_interface - INFO - Configurações de janela importadas com sucesso
2026-08-01 13:31:48,470 - sistema_relatorios - relatorios_interface - INFO - === Sistema de Relatórios Inicializando ===
2026-08-01 13:32:37,433 - sistema_relatorios - logger_config - INFO - Iniciando: Carregar configurações
2026-08-01 13:32:37,436 - sistema_relatorios - logger_config - INFO - Concluído: Carregar configurações
2026-08-01 13:32:37,630 - sistema_relatorios - logger_config - INFO - Iniciando: Carregar configurações
2026-08-01 13:32:37,631 - sistema_relatorios - logger_config - INFO - Concluído: Carregar configurações
2026-08-01 13:32:37,633 - sistema_relatorios - logger_config - INFO - Iniciando: Carregar configurações
2026-08-01 13:32:37,634 - sistema_relatorios - logger_config - INFO - Concluído: Carregar configurações
2026-08-01 13:43:19,300 - sistema - logger_config - INFO - Sistema de logging inicializado
2026-08-01 13:43:19,302 - sistema_relatorios - logger_config - INFO - Usuário alterado para: sistema_relatorios
2026-08-01 13:43:19,302 - sistema_relatorios - relatorios_interface - INFO - Sistema de relatórios inicializando usando logger configurado
2026-08-01 13:43:19,302 - sistema_relatorios - relatorios_interface - INFO - Configurações de janela importadas com sucesso
2026-08-01 13:43:19,303 - sistema_relatorios - relatorios_interface - INFO - === Sistema de Relatórios Inicializando ===
2026-08-01 13:43:42,226 - sistema_relatorios - logger_config - INFO - Iniciando: Carregar configurações
2026-08-01 13:43:42,228 - sistema_relatorios - logger_config - INFO - Concluído: Carregar configurações
2026-08-01 13:43:42,396 - sistema_relatorios - logger_config - INFO - Iniciando: Carregar configurações
2026-08-01 13:43:42,397 - sistema_relatorios - logger_config - INFO - Concluído: Carregar configurações
2026-08-01 13:43:42,399 - sistema_relatorios - logger_config - INFO - Iniciando: Carregar configurações
2026-08-01 13:43:42,399 - sistema_relatorios - logger_config - INFO - Concluído: Carregar configurações
2026-08-01 13:50:18,670 - sistema - logger_config - INFO - Sistema de logging inicializado
2026-08-01 13:50:18,671 - sistema_relatorios - logger_config - INFO - Usuário alterado para: sistema_relatorios
2026-08-01 13:50:18,672 - sistema_relatorios - relatorios_interface - INFO - Sistema de relatórios inicializando usando logger configurado
2026-08-01 13:50:18,672 - sistema_relatorios - relatorios_interface - INFO - Configurações de janela importadas com sucesso
2026-08-01 13:50:18,672 - sistema_relatorios - relatorios_interface - INFO - === Sistema de Relatórios Inicializando ===
2026-08-01 13:50:34,467 - sistema_relatorios - logger_config - INFO - Iniciando: Carregar configurações
2026-08-01 13:50:34,470 - sistema_relatorios - logger_config - INFO - Concluído: Carregar configurações
2026-08-01 13:50:34,638 - sistema_relatorios - logger_config - INFO - Iniciando: Carregar configurações
2026-08-01 13:50:34,639 - sistema_relatorios - logger_config - INFO - Concluído: Carregar configurações
2026-08-01 13:50:34,640 - sistema_relatorios - logger_config - INFO - Iniciando: Carregar configurações
2026-08-01 13:50:34,641 - sistema_relatorios - logger_config - INFO - Concluído: Carregar configurações
2026-08-01 13:58:27,190 - sistema - logger_config - INFO - Sistema de logging inicializado
2026-08-01 13:58:27,191 - sistema_relatorios - logger_config - INFO - Usuário alterado para: sistema_relatorios
2026-08-01 13:58:27,191 - sistema_relatorios - relatorios_interface - INFO - Sistema de relatórios inicializando usando logger configurado
2026-08-01 13:58:27,192 - sistema_relatorios - relatorios_interface - INFO - Configurações de janela importadas com sucesso
2026-08-01 13:58:27,192 - sistema_relatorios - relatorios_interface - INFO - === Sistema de Relatórios Inicializando ===
2026-08-01 13:58:43,976 - sistema_relatorios - logger_config - INFO - Iniciando: Carregar configurações
2026-08-01 13:58:43,985 - sistema_relatorios - logger_config - INFO - Concluído: Carregar configurações
2026-08-01 13:58:44,196 - sistema_relatorios - logger_config - INFO - Iniciando: Carregar configurações
2026-08-01 13:58:44,197 - sistema_relatorios - logger_config - INFO - Concluído: Carregar configurações
2026-08-01 13:58:44,200 - sistema_relatorios - logger_config - INFO - Iniciando: Carregar configurações
2026-08-01 13:58:44,202 - sistema_relatorios - logger_config - INFO - Concluído: Carregar configurações
2026-08-01 15:26:18,141 - sistema_relatorios - relatorios_interface - INFO - Carregando clientes de: C:\Users\Obras\sistema_gestao_testes\testes\Financeiro\Planilhas_Base\Clientes.xlsx
2026-08-01 15:26:18,359 - sistema_relatorios - relatorios_interface - INFO - Colunas disponíveis: ['Nome', 'Endereço', 'Data Inicial', 'Observações', 'Data Final', 'Tipo Taxa', 'CPF', 'CNO', 'Estado Civil', 'Cidade', 'Grupo', 'Logradouro', 'Numero', 'Complemento', 'Localidade', 'CEP', 'Estado', 'Metragem_Alvara', 'Banco', 'Agencia', 'Conta', 'Tipo_Conta', 'PIX', 'TIPO_CLIENTE', 'CLIENTE_VINCULADO', 'CAIXA_CONTROLADO']
2026-08-01 15:26:18,365 - sistema_relatorios - relatorios_interface - INFO - Coluna de status: Data Final
2026-08-01 15:26:18,396 - sistema_relatorios - relatorios_interface - INFO - Coluna de nome: Nome
2026-08-01 15:26:18,399 - sistema_relatorios - relatorios_interface - INFO - Total de clientes ativos encontrados: 22
2026-08-01 15:26:18,400 - sistema_relatorios - relatorios_interface - INFO - Lista de clientes atualizada com 23 clientes
2026-08-01 15:26:26,559 - sistema_relatorios - relatorios_interface - INFO - 🔍 INICIANDO gerar_relatorio para: por_fornecedor_det
2026-08-01 15:26:26,560 - sistema_relatorios - relatorios_interface - INFO - 📋 Processando outros relatórios: por_fornecedor_det
2026-08-01 15:28:32,110 - sistema_relatorios - relatorios_interface - INFO - Solicitado retorno ao menu principal
2026-08-01 15:28:32,111 - sistema_relatorios - relatorios_interface - INFO - Retornando ao menu principal existente
2026-08-01 15:28:32,207 - sistema_relatorios - relatorios_interface - INFO - Retorno ao menu principal concluído
2026-08-01 15:28:33,807 - sistema_relatorios - logger_config - INFO - Iniciando: Carregar configurações
2026-08-01 15:28:33,808 - sistema_relatorios - logger_config - INFO - Concluído: Carregar configurações
2026-08-01 15:28:34,018 - sistema_relatorios - logger_config - INFO - Iniciando: Carregar configurações
2026-08-01 15:28:34,018 - sistema_relatorios - logger_config - INFO - Concluído: Carregar configurações
2026-08-01 15:28:34,021 - sistema_relatorios - logger_config - INFO - Iniciando: Carregar configurações
2026-08-01 15:28:34,021 - sistema_relatorios - logger_config - INFO - Concluído: Carregar configurações
2026-08-01 16:25:39,242 - sistema - logger_config - INFO - Sistema de logging inicializado
2026-08-01 16:25:39,244 - sistema_relatorios - logger_config - INFO - Usuário alterado para: sistema_relatorios
2026-08-01 16:25:39,245 - sistema_relatorios - relatorios_interface - INFO - Sistema de relatórios inicializando usando logger configurado
2026-08-01 16:25:39,245 - sistema_relatorios - relatorios_interface - INFO - Configurações de janela importadas com sucesso
2026-08-01 16:25:39,245 - sistema_relatorios - relatorios_interface - INFO - === Sistema de Relatórios Inicializando ===
2026-08-01 16:28:55,194 - sistema_relatorios - relatorios_interface - INFO - Carregando clientes de: C:\Users\Obras\sistema_gestao_testes\testes\Financeiro\Planilhas_Base\Clientes.xlsx
2026-08-01 16:28:55,765 - sistema_relatorios - relatorios_interface - INFO - Colunas disponíveis: ['Nome', 'Endereço', 'Data Inicial', 'Observações', 'Data Final', 'Tipo Taxa', 'CPF', 'CNO', 'Estado Civil', 'Cidade', 'Grupo', 'Logradouro', 'Numero', 'Complemento', 'Localidade', 'CEP', 'Estado', 'Metragem_Alvara', 'Banco', 'Agencia', 'Conta', 'Tipo_Conta', 'PIX', 'TIPO_CLIENTE', 'CLIENTE_VINCULADO', 'CAIXA_CONTROLADO']
2026-08-01 16:28:55,767 - sistema_relatorios - relatorios_interface - INFO - Coluna de status: Data Final
2026-08-01 16:28:55,809 - sistema_relatorios - relatorios_interface - INFO - Coluna de nome: Nome
2026-08-01 16:28:55,813 - sistema_relatorios - relatorios_interface - INFO - Total de clientes ativos encontrados: 22
2026-08-01 16:28:55,814 - sistema_relatorios - relatorios_interface - INFO - Lista de clientes atualizada com 23 clientes
2026-08-01 16:29:01,374 - sistema_relatorios - relatorios_interface - INFO - 🔍 INICIANDO gerar_relatorio para: por_fornecedor_det
2026-08-01 16:29:01,374 - sistema_relatorios - relatorios_interface - INFO - 📋 Processando outros relatórios: por_fornecedor_det
2026-08-01 16:38:32,016 - sistema_relatorios - relatorios_interface - INFO - Solicitado retorno ao menu principal
2026-08-01 16:38:32,051 - sistema_relatorios - relatorios_interface - INFO - Retornando ao menu principal existente
2026-08-01 16:38:32,148 - sistema_relatorios - relatorios_interface - INFO - Retorno ao menu principal concluído
2026-08-01 16:38:35,165 - sistema_relatorios - logger_config - INFO - Iniciando: Carregar configurações
2026-08-01 16:38:35,248 - sistema_relatorios - logger_config - INFO - Concluído: Carregar configurações
2026-08-01 16:38:35,528 - sistema_relatorios - logger_config - INFO - Iniciando: Carregar configurações
2026-08-01 16:38:35,529 - sistema_relatorios - logger_config - INFO - Concluído: Carregar configurações
2026-08-01 16:38:35,534 - sistema_relatorios - logger_config - INFO - Iniciando: Carregar configurações
2026-08-01 16:38:35,539 - sistema_relatorios - logger_config - INFO - Concluído: Carregar configurações
2026-08-01 16:52:27,570 - sistema - logger_config - INFO - Sistema de logging inicializado
2026-08-01 16:52:27,571 - sistema_relatorios - logger_config - INFO - Usuário alterado para: sistema_relatorios
2026-08-01 16:52:27,572 - sistema_relatorios - relatorios_interface - INFO - Sistema de relatórios inicializando usando logger configurado
2026-08-01 16:52:27,573 - sistema_relatorios - relatorios_interface - INFO - Configurações de janela importadas com sucesso
2026-08-01 16:52:27,573 - sistema_relatorios - relatorios_interface - INFO - === Sistema de Relatórios Inicializando ===
2026-08-01 16:54:20,123 - sistema_relatorios - logger_config - INFO - Iniciando: Carregar configurações
2026-08-01 16:54:20,127 - sistema_relatorios - logger_config - INFO - Concluído: Carregar configurações
2026-08-01 16:54:20,315 - sistema_relatorios - logger_config - INFO - Iniciando: Carregar configurações
2026-08-01 16:54:20,316 - sistema_relatorios - logger_config - INFO - Concluído: Carregar configurações
2026-08-01 16:54:20,318 - sistema_relatorios - logger_config - INFO - Iniciando: Carregar configurações
2026-08-01 16:54:20,318 - sistema_relatorios - logger_config - INFO - Concluído: Carregar configurações
2026-08-01 17:03:55,164 - sistema - logger_config - INFO - Sistema de logging inicializado
2026-08-01 17:03:55,165 - sistema_relatorios - logger_config - INFO - Usuário alterado para: sistema_relatorios
2026-08-01 17:03:55,166 - sistema_relatorios - relatorios_interface - INFO - Sistema de relatórios inicializando usando logger configurado
2026-08-01 17:03:55,167 - sistema_relatorios - relatorios_interface - INFO - Configurações de janela importadas com sucesso
2026-08-01 17:03:55,167 - sistema_relatorios - relatorios_interface - INFO - === Sistema de Relatórios Inicializando ===
2026-08-01 17:04:22,399 - sistema_relatorios - logger_config - INFO - Iniciando: Carregar configurações
2026-08-01 17:04:22,404 - sistema_relatorios - logger_config - INFO - Concluído: Carregar configurações
2026-08-01 17:04:22,599 - sistema_relatorios - logger_config - INFO - Iniciando: Carregar configurações
2026-08-01 17:04:22,599 - sistema_relatorios - logger_config - INFO - Concluído: Carregar configurações
2026-08-01 17:04:22,601 - sistema_relatorios - logger_config - INFO - Iniciando: Carregar configurações
2026-08-01 17:04:22,602 - sistema_relatorios - logger_config - INFO - Concluído: Carregar configurações
