2026-05-20 10:11:23,793 - sistema - logger_config - INFO - Sistema de logging inicializado
2026-05-20 10:11:23,795 - sistema_relatorios - logger_config - INFO - Usuário alterado para: sistema_relatorios
2026-05-20 10:11:23,795 - sistema_relatorios - relatorios_interface - INFO - Sistema de relatórios inicializando usando logger configurado
2026-05-20 10:11:23,796 - sistema_relatorios - relatorios_interface - INFO - Configurações de janela importadas com sucesso
2026-05-20 10:11:23,804 - sistema_relatorios - relatorios_interface - INFO - === Sistema de Relatórios Inicializando ===
2026-05-20 10:11:35,301 - sistema_relatorios - relatorios_interface - INFO - Carregando clientes de: C:\Users\Obras\sistema_gestao_testes\testes\Financeiro\Planilhas_Base\Clientes.xlsx
2026-05-20 10:11:35,449 - sistema_relatorios - relatorios_interface - INFO - Colunas disponíveis: ['Nome', 'Endereço', 'Data Inicial', 'Observações', 'Data Final', 'Tipo Taxa', 'CPF', 'CNO', 'Estado Civil', 'Cidade', 'Grupo', 'Logradouro', 'Numero', 'Complemento', 'Localidade', 'CEP', 'Estado', 'Metragem_Alvara', 'Banco', 'Agencia', 'Conta', 'Tipo_Conta', 'PIX']
2026-05-20 10:11:35,450 - sistema_relatorios - relatorios_interface - INFO - Coluna de status: Data Final
2026-05-20 10:11:35,467 - sistema_relatorios - relatorios_interface - INFO - Coluna de nome: Nome
2026-05-20 10:11:35,468 - sistema_relatorios - relatorios_interface - INFO - Total de clientes ativos encontrados: 18
2026-05-20 10:11:35,471 - sistema_relatorios - relatorios_interface - INFO - Lista de clientes atualizada com 19 clientes
2026-05-20 10:11:47,077 - sistema_relatorios - relatorios_interface - INFO - Solicitado retorno ao menu principal
2026-05-20 10:11:47,078 - sistema_relatorios - relatorios_interface - INFO - Retornando ao menu principal existente
2026-05-20 10:11:47,151 - sistema_relatorios - relatorios_interface - INFO - Retorno ao menu principal concluído
2026-05-20 10:11:55,010 - sistema_relatorios - gestao_medicoes - INFO - Logger importado com sucesso em gestao_medicoes.py
2026-05-20 10:11:55,074 - sistema_relatorios - gestao_medicoes - INFO - ✅ Janela Gestão de Medições inicializada com tripla proteção de visibilidade
2026-05-20 10:21:47,638 - sistema_relatorios - gestao_medicoes - INFO - ✅ Janela de Gestão de Medições fechada
2026-05-20 10:21:47,698 - sistema_relatorios - gestao_medicoes - INFO - ✅ Menu principal restaurado
2026-05-20 10:21:49,461 - sistema_relatorios - logger_config - INFO - Iniciando: Carregar configurações
2026-05-20 10:21:49,491 - sistema_relatorios - logger_config - INFO - Concluído: Carregar configurações
2026-05-20 10:21:49,676 - sistema_relatorios - logger_config - INFO - Iniciando: Carregar configurações
2026-05-20 10:21:49,676 - sistema_relatorios - logger_config - INFO - Concluído: Carregar configurações
2026-05-20 10:21:49,678 - sistema_relatorios - logger_config - INFO - Iniciando: Carregar configurações
2026-05-20 10:21:49,679 - sistema_relatorios - logger_config - INFO - Concluído: Carregar configurações
2026-05-20 10:22:03,284 - sistema_relatorios - logger_config - INFO - Iniciando: Carregar configurações
2026-05-20 10:22:03,285 - sistema_relatorios - logger_config - INFO - Iniciando: Carregar configurações
2026-05-20 10:22:03,287 - sistema_relatorios - logger_config - INFO - Concluído: Carregar configurações
2026-05-20 10:22:03,287 - sistema_relatorios - logger_config - INFO - Concluído: Carregar configurações
2026-05-20 10:22:03,288 - sistema_relatorios - logger_config - INFO - Iniciando: Carregar configurações
2026-05-20 10:22:03,288 - sistema_relatorios - logger_config - INFO - Concluído: Carregar configurações
2026-05-20 10:22:03,293 - sistema_relatorios - logger_config - INFO - Iniciando: Carregar configurações
2026-05-20 10:22:03,294 - sistema_relatorios - logger_config - INFO - Concluído: Carregar configurações
2026-05-20 10:23:06,248 - sistema_relatorios - logger_config - INFO - Iniciando: Carregar configurações
2026-05-20 10:23:06,249 - sistema_relatorios - logger_config - INFO - Iniciando: Carregar configurações
2026-05-20 10:23:06,250 - sistema_relatorios - logger_config - INFO - Concluído: Carregar configurações
2026-05-20 10:23:06,250 - sistema_relatorios - logger_config - INFO - Concluído: Carregar configurações
2026-05-20 10:23:06,251 - sistema_relatorios - logger_config - INFO - Iniciando: Carregar configurações
2026-05-20 10:23:06,252 - sistema_relatorios - logger_config - INFO - Concluído: Carregar configurações
2026-05-20 10:23:06,256 - sistema_relatorios - logger_config - INFO - Iniciando: Carregar configurações
2026-05-20 10:23:06,257 - sistema_relatorios - logger_config - INFO - Concluído: Carregar configurações
2026-05-20 10:23:42,709 - sistema_relatorios - logger_config - INFO - Iniciando: Carregar configurações
2026-05-20 10:23:42,709 - sistema_relatorios - logger_config - INFO - Iniciando: Carregar configurações
2026-05-20 10:23:42,710 - sistema_relatorios - logger_config - INFO - Concluído: Carregar configurações
2026-05-20 10:23:42,711 - sistema_relatorios - logger_config - INFO - Concluído: Carregar configurações
2026-05-20 10:23:42,712 - sistema_relatorios - logger_config - INFO - Iniciando: Carregar configurações
2026-05-20 10:23:42,712 - sistema_relatorios - logger_config - INFO - Concluído: Carregar configurações
2026-05-20 10:23:42,719 - sistema_relatorios - logger_config - INFO - Iniciando: Carregar configurações
2026-05-20 10:23:42,720 - sistema_relatorios - logger_config - INFO - Concluído: Carregar configurações
2026-05-20 10:24:33,671 - sistema_relatorios - logger_config - INFO - Iniciando: Carregar configurações
2026-05-20 10:24:33,672 - sistema_relatorios - logger_config - INFO - Iniciando: Carregar configurações
2026-05-20 10:24:33,672 - sistema_relatorios - logger_config - INFO - Concluído: Carregar configurações
2026-05-20 10:24:33,673 - sistema_relatorios - logger_config - INFO - Concluído: Carregar configurações
2026-05-20 10:24:33,673 - sistema_relatorios - logger_config - INFO - Iniciando: Carregar configurações
2026-05-20 10:24:33,674 - sistema_relatorios - logger_config - INFO - Concluído: Carregar configurações
2026-05-20 10:24:33,678 - sistema_relatorios - logger_config - INFO - Iniciando: Carregar configurações
2026-05-20 10:24:33,679 - sistema_relatorios - logger_config - INFO - Concluído: Carregar configurações
2026-05-20 10:25:15,617 - sistema_relatorios - logger_config - INFO - Iniciando: Carregar configurações
2026-05-20 10:25:15,618 - sistema_relatorios - logger_config - INFO - Iniciando: Carregar configurações
2026-05-20 10:25:15,618 - sistema_relatorios - logger_config - INFO - Concluído: Carregar configurações
2026-05-20 10:25:15,619 - sistema_relatorios - logger_config - INFO - Concluído: Carregar configurações
2026-05-20 10:25:15,619 - sistema_relatorios - logger_config - INFO - Iniciando: Carregar configurações
2026-05-20 10:25:15,620 - sistema_relatorios - logger_config - INFO - Concluído: Carregar configurações
2026-05-20 10:25:15,627 - sistema_relatorios - logger_config - INFO - Iniciando: Carregar configurações
2026-05-20 10:25:15,630 - sistema_relatorios - logger_config - INFO - Concluído: Carregar configurações
2026-05-20 10:25:39,429 - sistema_relatorios - logger_config - INFO - Iniciando: Carregar configurações
2026-05-20 10:25:39,429 - sistema_relatorios - logger_config - INFO - Iniciando: Carregar configurações
2026-05-20 10:25:39,430 - sistema_relatorios - logger_config - INFO - Concluído: Carregar configurações
2026-05-20 10:25:39,431 - sistema_relatorios - logger_config - INFO - Concluído: Carregar configurações
2026-05-20 10:25:39,432 - sistema_relatorios - logger_config - INFO - Iniciando: Carregar configurações
2026-05-20 10:25:39,433 - sistema_relatorios - logger_config - INFO - Concluído: Carregar configurações
2026-05-20 10:25:39,439 - sistema_relatorios - logger_config - INFO - Iniciando: Carregar configurações
2026-05-20 10:25:39,441 - sistema_relatorios - logger_config - INFO - Concluído: Carregar configurações
2026-05-20 10:25:50,891 - sistema_relatorios - logger_config - INFO - Iniciando: Carregar configurações
2026-05-20 10:25:50,892 - sistema_relatorios - logger_config - INFO - Iniciando: Carregar configurações
2026-05-20 10:25:50,892 - sistema_relatorios - logger_config - INFO - Concluído: Carregar configurações
2026-05-20 10:25:50,893 - sistema_relatorios - logger_config - INFO - Concluído: Carregar configurações
2026-05-20 10:25:50,893 - sistema_relatorios - logger_config - INFO - Iniciando: Carregar configurações
2026-05-20 10:25:50,894 - sistema_relatorios - logger_config - INFO - Concluído: Carregar configurações
2026-05-20 10:25:50,900 - sistema_relatorios - logger_config - INFO - Iniciando: Carregar configurações
2026-05-20 10:25:50,901 - sistema_relatorios - logger_config - INFO - Concluído: Carregar configurações
2026-05-20 10:28:04,163 - sistema_relatorios - logger_config - INFO - Iniciando: Carregar configurações
2026-05-20 10:28:04,165 - sistema_relatorios - logger_config - INFO - Iniciando: Carregar configurações
2026-05-20 10:28:04,166 - sistema_relatorios - logger_config - INFO - Concluído: Carregar configurações
2026-05-20 10:28:04,167 - sistema_relatorios - logger_config - INFO - Concluído: Carregar configurações
2026-05-20 10:28:04,168 - sistema_relatorios - logger_config - INFO - Iniciando: Carregar configurações
2026-05-20 10:28:04,174 - sistema_relatorios - logger_config - INFO - Concluído: Carregar configurações
2026-05-20 10:28:04,183 - sistema_relatorios - logger_config - INFO - Iniciando: Carregar configurações
2026-05-20 10:28:04,184 - sistema_relatorios - logger_config - INFO - Concluído: Carregar configurações
2026-05-20 10:28:28,789 - sistema_relatorios - logger_config - INFO - Iniciando: Carregar configurações
2026-05-20 10:28:28,789 - sistema_relatorios - logger_config - INFO - Iniciando: Carregar configurações
2026-05-20 10:28:28,790 - sistema_relatorios - logger_config - INFO - Concluído: Carregar configurações
2026-05-20 10:28:28,791 - sistema_relatorios - logger_config - INFO - Concluído: Carregar configurações
2026-05-20 10:28:28,791 - sistema_relatorios - logger_config - INFO - Iniciando: Carregar configurações
2026-05-20 10:28:28,792 - sistema_relatorios - logger_config - INFO - Concluído: Carregar configurações
2026-05-20 10:28:28,797 - sistema_relatorios - logger_config - INFO - Iniciando: Carregar configurações
2026-05-20 10:28:28,797 - sistema_relatorios - logger_config - INFO - Concluído: Carregar configurações
2026-05-20 10:28:58,351 - sistema_relatorios - logger_config - INFO - Iniciando: Carregar configurações
2026-05-20 10:28:58,351 - sistema_relatorios - logger_config - INFO - Iniciando: Carregar configurações
2026-05-20 10:28:58,352 - sistema_relatorios - logger_config - INFO - Concluído: Carregar configurações
2026-05-20 10:28:58,352 - sistema_relatorios - logger_config - INFO - Concluído: Carregar configurações
2026-05-20 10:28:58,353 - sistema_relatorios - logger_config - INFO - Iniciando: Carregar configurações
2026-05-20 10:28:58,353 - sistema_relatorios - logger_config - INFO - Concluído: Carregar configurações
2026-05-20 10:28:58,358 - sistema_relatorios - logger_config - INFO - Iniciando: Carregar configurações
2026-05-20 10:28:58,358 - sistema_relatorios - logger_config - INFO - Concluído: Carregar configurações
2026-05-20 10:29:23,383 - sistema_relatorios - logger_config - INFO - Iniciando: Carregar configurações
2026-05-20 10:29:23,383 - sistema_relatorios - logger_config - INFO - Iniciando: Carregar configurações
2026-05-20 10:29:23,384 - sistema_relatorios - logger_config - INFO - Concluído: Carregar configurações
2026-05-20 10:29:23,384 - sistema_relatorios - logger_config - INFO - Concluído: Carregar configurações
2026-05-20 10:29:23,385 - sistema_relatorios - logger_config - INFO - Iniciando: Carregar configurações
2026-05-20 10:29:23,385 - sistema_relatorios - logger_config - INFO - Concluído: Carregar configurações
2026-05-20 10:29:23,393 - sistema_relatorios - logger_config - INFO - Iniciando: Carregar configurações
2026-05-20 10:29:23,394 - sistema_relatorios - logger_config - INFO - Concluído: Carregar configurações
2026-05-20 10:29:52,134 - sistema_relatorios - logger_config - INFO - Iniciando: Carregar configurações
2026-05-20 10:29:52,134 - sistema_relatorios - logger_config - INFO - Iniciando: Carregar configurações
2026-05-20 10:29:52,135 - sistema_relatorios - logger_config - INFO - Concluído: Carregar configurações
2026-05-20 10:29:52,136 - sistema_relatorios - logger_config - INFO - Concluído: Carregar configurações
2026-05-20 10:29:52,138 - sistema_relatorios - logger_config - INFO - Iniciando: Carregar configurações
2026-05-20 10:29:52,139 - sistema_relatorios - logger_config - INFO - Concluído: Carregar configurações
2026-05-20 10:29:52,147 - sistema_relatorios - logger_config - INFO - Iniciando: Carregar configurações
2026-05-20 10:29:52,148 - sistema_relatorios - logger_config - INFO - Concluído: Carregar configurações
2026-05-20 10:30:17,347 - sistema_relatorios - logger_config - INFO - Iniciando: Carregar configurações
2026-05-20 10:30:17,348 - sistema_relatorios - logger_config - INFO - Iniciando: Carregar configurações
2026-05-20 10:30:17,349 - sistema_relatorios - logger_config - INFO - Concluído: Carregar configurações
2026-05-20 10:30:17,349 - sistema_relatorios - logger_config - INFO - Concluído: Carregar configurações
2026-05-20 10:30:17,350 - sistema_relatorios - logger_config - INFO - Iniciando: Carregar configurações
2026-05-20 10:30:17,350 - sistema_relatorios - logger_config - INFO - Concluído: Carregar configurações
2026-05-20 10:30:17,357 - sistema_relatorios - logger_config - INFO - Iniciando: Carregar configurações
2026-05-20 10:30:17,358 - sistema_relatorios - logger_config - INFO - Concluído: Carregar configurações
2026-05-20 10:31:22,920 - sistema_relatorios - logger_config - INFO - Iniciando: Carregar configurações
2026-05-20 10:31:22,920 - sistema_relatorios - logger_config - INFO - Iniciando: Carregar configurações
2026-05-20 10:31:22,921 - sistema_relatorios - logger_config - INFO - Concluído: Carregar configurações
2026-05-20 10:31:22,922 - sistema_relatorios - logger_config - INFO - Concluído: Carregar configurações
2026-05-20 10:31:22,922 - sistema_relatorios - logger_config - INFO - Iniciando: Carregar configurações
2026-05-20 10:31:22,923 - sistema_relatorios - logger_config - INFO - Concluído: Carregar configurações
2026-05-20 10:31:22,928 - sistema_relatorios - logger_config - INFO - Iniciando: Carregar configurações
2026-05-20 10:31:22,929 - sistema_relatorios - logger_config - INFO - Concluído: Carregar configurações
2026-05-20 10:43:22,784 - sistema - logger_config - INFO - Sistema de logging inicializado
2026-05-20 10:43:22,785 - sistema_relatorios - logger_config - INFO - Usuário alterado para: sistema_relatorios
2026-05-20 10:43:22,785 - sistema_relatorios - relatorios_interface - INFO - Sistema de relatórios inicializando usando logger configurado
2026-05-20 10:43:22,786 - sistema_relatorios - relatorios_interface - INFO - Configurações de janela importadas com sucesso
2026-05-20 10:43:22,786 - sistema_relatorios - relatorios_interface - INFO - === Sistema de Relatórios Inicializando ===
2026-05-20 10:43:32,123 - sistema_relatorios - relatorios_interface - INFO - Carregando clientes de: C:\Users\Obras\sistema_gestao_testes\testes\Financeiro\Planilhas_Base\Clientes.xlsx
2026-05-20 10:43:32,241 - sistema_relatorios - relatorios_interface - INFO - Colunas disponíveis: ['Nome', 'Endereço', 'Data Inicial', 'Observações', 'Data Final', 'Tipo Taxa', 'CPF', 'CNO', 'Estado Civil', 'Cidade', 'Grupo', 'Logradouro', 'Numero', 'Complemento', 'Localidade', 'CEP', 'Estado', 'Metragem_Alvara', 'Banco', 'Agencia', 'Conta', 'Tipo_Conta', 'PIX']
2026-05-20 10:43:32,242 - sistema_relatorios - relatorios_interface - INFO - Coluna de status: Data Final
2026-05-20 10:43:32,259 - sistema_relatorios - relatorios_interface - INFO - Coluna de nome: Nome
2026-05-20 10:43:32,261 - sistema_relatorios - relatorios_interface - INFO - Total de clientes ativos encontrados: 18
2026-05-20 10:43:32,263 - sistema_relatorios - relatorios_interface - INFO - Lista de clientes atualizada com 19 clientes
2026-05-20 11:40:09,053 - sistema_relatorios - relatorios_interface - INFO - Solicitado retorno ao menu principal
2026-05-20 11:40:09,092 - sistema_relatorios - relatorios_interface - INFO - Retornando ao menu principal existente
2026-05-20 11:40:09,151 - sistema_relatorios - relatorios_interface - INFO - Retorno ao menu principal concluído
2026-05-20 11:56:10,962 - sistema - logger_config - INFO - Sistema de logging inicializado
2026-05-20 11:56:10,963 - sistema_relatorios - logger_config - INFO - Usuário alterado para: sistema_relatorios
2026-05-20 11:56:10,964 - sistema_relatorios - relatorios_interface - INFO - Sistema de relatórios inicializando usando logger configurado
2026-05-20 11:56:10,964 - sistema_relatorios - relatorios_interface - INFO - Configurações de janela importadas com sucesso
2026-05-20 11:56:10,964 - sistema_relatorios - relatorios_interface - INFO - === Sistema de Relatórios Inicializando ===
2026-05-20 11:56:17,055 - sistema_relatorios - relatorios_interface - INFO - Carregando clientes de: C:\Users\Obras\sistema_gestao_testes\testes\Financeiro\Planilhas_Base\Clientes.xlsx
2026-05-20 11:56:17,209 - sistema_relatorios - relatorios_interface - INFO - Colunas disponíveis: ['Nome', 'Endereço', 'Data Inicial', 'Observações', 'Data Final', 'Tipo Taxa', 'CPF', 'CNO', 'Estado Civil', 'Cidade', 'Grupo', 'Logradouro', 'Numero', 'Complemento', 'Localidade', 'CEP', 'Estado', 'Metragem_Alvara', 'Banco', 'Agencia', 'Conta', 'Tipo_Conta', 'PIX']
2026-05-20 11:56:17,210 - sistema_relatorios - relatorios_interface - INFO - Coluna de status: Data Final
2026-05-20 11:56:17,230 - sistema_relatorios - relatorios_interface - INFO - Coluna de nome: Nome
2026-05-20 11:56:17,231 - sistema_relatorios - relatorios_interface - INFO - Total de clientes ativos encontrados: 18
2026-05-20 11:56:17,232 - sistema_relatorios - relatorios_interface - INFO - Lista de clientes atualizada com 19 clientes
2026-05-20 11:56:19,408 - sistema_relatorios - relatorios_interface - INFO - Carregando clientes de: C:\Users\Obras\sistema_gestao_testes\testes\Financeiro\Planilhas_Base\Clientes.xlsx
2026-05-20 11:56:19,441 - sistema_relatorios - relatorios_interface - INFO - Colunas disponíveis: ['Nome', 'Endereço', 'Data Inicial', 'Observações', 'Data Final', 'Tipo Taxa', 'CPF', 'CNO', 'Estado Civil', 'Cidade', 'Grupo', 'Logradouro', 'Numero', 'Complemento', 'Localidade', 'CEP', 'Estado', 'Metragem_Alvara', 'Banco', 'Agencia', 'Conta', 'Tipo_Conta', 'PIX']
2026-05-20 11:56:19,441 - sistema_relatorios - relatorios_interface - INFO - Coluna de status: Data Final
2026-05-20 11:56:19,444 - sistema_relatorios - relatorios_interface - INFO - Coluna de nome: Nome
2026-05-20 11:56:19,445 - sistema_relatorios - relatorios_interface - INFO - Total de clientes ativos encontrados: 18
2026-05-20 11:56:27,349 - sistema_relatorios - relatorios_interface - INFO - 🔍 INICIANDO gerar_relatorio para: consistencia_dados
2026-05-20 11:56:27,350 - sistema_relatorios - relatorios_interface - INFO - 📋 Processando outros relatórios: consistencia_dados
2026-05-20 12:04:01,099 - sistema_relatorios - relatorios_interface - INFO - Solicitado retorno ao menu principal
2026-05-20 12:04:01,100 - sistema_relatorios - relatorios_interface - INFO - Retornando ao menu principal existente
2026-05-20 12:04:01,168 - sistema_relatorios - relatorios_interface - INFO - Retorno ao menu principal concluído
2026-05-20 12:04:05,555 - sistema_relatorios - logger_config - INFO - Iniciando: Carregar configurações
2026-05-20 12:04:05,558 - sistema_relatorios - logger_config - INFO - Concluído: Carregar configurações
2026-05-20 12:04:05,804 - sistema_relatorios - logger_config - INFO - Iniciando: Carregar configurações
2026-05-20 12:04:05,807 - sistema_relatorios - logger_config - INFO - Concluído: Carregar configurações
2026-05-20 12:04:05,811 - sistema_relatorios - logger_config - INFO - Iniciando: Carregar configurações
2026-05-20 12:04:05,815 - sistema_relatorios - logger_config - INFO - Concluído: Carregar configurações
2026-05-20 12:11:12,128 - sistema_relatorios - relatorios_interface - INFO - Carregando clientes de: C:\Users\Obras\sistema_gestao_testes\testes\Financeiro\Planilhas_Base\Clientes.xlsx
2026-05-20 12:11:12,187 - sistema_relatorios - relatorios_interface - INFO - Colunas disponíveis: ['Nome', 'Endereço', 'Data Inicial', 'Observações', 'Data Final', 'Tipo Taxa', 'CPF', 'CNO', 'Estado Civil', 'Cidade', 'Grupo', 'Logradouro', 'Numero', 'Complemento', 'Localidade', 'CEP', 'Estado', 'Metragem_Alvara', 'Banco', 'Agencia', 'Conta', 'Tipo_Conta', 'PIX']
2026-05-20 12:11:12,188 - sistema_relatorios - relatorios_interface - INFO - Coluna de status: Data Final
2026-05-20 12:11:12,190 - sistema_relatorios - relatorios_interface - INFO - Coluna de nome: Nome
2026-05-20 12:11:12,191 - sistema_relatorios - relatorios_interface - INFO - Total de clientes ativos encontrados: 18
2026-05-20 12:11:12,191 - sistema_relatorios - relatorios_interface - INFO - Lista de clientes atualizada com 19 clientes
2026-05-20 12:11:16,055 - sistema_relatorios - relatorios_interface - INFO - Carregando clientes de: C:\Users\Obras\sistema_gestao_testes\testes\Financeiro\Planilhas_Base\Clientes.xlsx
2026-05-20 12:11:16,078 - sistema_relatorios - relatorios_interface - INFO - Colunas disponíveis: ['Nome', 'Endereço', 'Data Inicial', 'Observações', 'Data Final', 'Tipo Taxa', 'CPF', 'CNO', 'Estado Civil', 'Cidade', 'Grupo', 'Logradouro', 'Numero', 'Complemento', 'Localidade', 'CEP', 'Estado', 'Metragem_Alvara', 'Banco', 'Agencia', 'Conta', 'Tipo_Conta', 'PIX']
2026-05-20 12:11:16,079 - sistema_relatorios - relatorios_interface - INFO - Coluna de status: Data Final
2026-05-20 12:11:16,080 - sistema_relatorios - relatorios_interface - INFO - Coluna de nome: Nome
2026-05-20 12:11:16,081 - sistema_relatorios - relatorios_interface - INFO - Total de clientes ativos encontrados: 18
2026-05-20 12:11:24,330 - sistema_relatorios - relatorios_interface - INFO - 🔍 INICIANDO gerar_relatorio para: consistencia_dados
2026-05-20 12:11:24,330 - sistema_relatorios - relatorios_interface - INFO - 📋 Processando outros relatórios: consistencia_dados
2026-05-20 12:13:40,649 - sistema_relatorios - relatorios_interface - INFO - Solicitado retorno ao menu principal
2026-05-20 12:13:40,650 - sistema_relatorios - relatorios_interface - INFO - Retornando ao menu principal existente
2026-05-20 12:13:40,692 - sistema_relatorios - relatorios_interface - INFO - Retorno ao menu principal concluído
2026-05-20 12:13:42,256 - sistema_relatorios - gestao_medicoes - INFO - Logger importado com sucesso em gestao_medicoes.py
2026-05-20 12:13:42,277 - sistema_relatorios - gestao_medicoes - INFO - ✅ Janela Gestão de Medições inicializada com tripla proteção de visibilidade
2026-05-20 12:20:26,815 - sistema_relatorios - gestao_medicoes - INFO - ✅ Janela de Gestão de Medições fechada
2026-05-20 12:20:26,824 - sistema_relatorios - gestao_medicoes - INFO - ✅ Menu principal restaurado
2026-05-20 12:20:28,603 - sistema_relatorios - logger_config - INFO - Iniciando: Carregar configurações
2026-05-20 12:20:28,604 - sistema_relatorios - logger_config - INFO - Concluído: Carregar configurações
2026-05-20 12:20:28,774 - sistema_relatorios - logger_config - INFO - Iniciando: Carregar configurações
2026-05-20 12:20:28,774 - sistema_relatorios - logger_config - INFO - Concluído: Carregar configurações
2026-05-20 12:20:28,776 - sistema_relatorios - logger_config - INFO - Iniciando: Carregar configurações
2026-05-20 12:20:28,776 - sistema_relatorios - logger_config - INFO - Concluído: Carregar configurações
2026-05-20 12:47:34,643 - sistema - logger_config - INFO - Sistema de logging inicializado
2026-05-20 12:47:34,644 - sistema_relatorios - logger_config - INFO - Usuário alterado para: sistema_relatorios
2026-05-20 12:47:34,645 - sistema_relatorios - relatorios_interface - INFO - Sistema de relatórios inicializando usando logger configurado
2026-05-20 12:47:34,645 - sistema_relatorios - relatorios_interface - INFO - Configurações de janela importadas com sucesso
2026-05-20 12:47:34,646 - sistema_relatorios - relatorios_interface - INFO - === Sistema de Relatórios Inicializando ===
2026-05-20 12:47:39,859 - sistema_relatorios - relatorios_interface - INFO - Carregando clientes de: C:\Users\Obras\sistema_gestao_testes\testes\Financeiro\Planilhas_Base\Clientes.xlsx
2026-05-20 12:47:39,937 - sistema_relatorios - relatorios_interface - INFO - Colunas disponíveis: ['Nome', 'Endereço', 'Data Inicial', 'Observações', 'Data Final', 'Tipo Taxa', 'CPF', 'CNO', 'Estado Civil', 'Cidade', 'Grupo', 'Logradouro', 'Numero', 'Complemento', 'Localidade', 'CEP', 'Estado', 'Metragem_Alvara', 'Banco', 'Agencia', 'Conta', 'Tipo_Conta', 'PIX']
2026-05-20 12:47:39,937 - sistema_relatorios - relatorios_interface - INFO - Coluna de status: Data Final
2026-05-20 12:47:39,940 - sistema_relatorios - relatorios_interface - INFO - Coluna de nome: Nome
2026-05-20 12:47:39,941 - sistema_relatorios - relatorios_interface - INFO - Total de clientes ativos encontrados: 18
2026-05-20 12:47:39,941 - sistema_relatorios - relatorios_interface - INFO - Lista de clientes atualizada com 19 clientes
2026-05-20 12:47:41,480 - sistema_relatorios - relatorios_interface - INFO - Carregando clientes de: C:\Users\Obras\sistema_gestao_testes\testes\Financeiro\Planilhas_Base\Clientes.xlsx
2026-05-20 12:47:41,505 - sistema_relatorios - relatorios_interface - INFO - Colunas disponíveis: ['Nome', 'Endereço', 'Data Inicial', 'Observações', 'Data Final', 'Tipo Taxa', 'CPF', 'CNO', 'Estado Civil', 'Cidade', 'Grupo', 'Logradouro', 'Numero', 'Complemento', 'Localidade', 'CEP', 'Estado', 'Metragem_Alvara', 'Banco', 'Agencia', 'Conta', 'Tipo_Conta', 'PIX']
2026-05-20 12:47:41,505 - sistema_relatorios - relatorios_interface - INFO - Coluna de status: Data Final
2026-05-20 12:47:41,507 - sistema_relatorios - relatorios_interface - INFO - Coluna de nome: Nome
2026-05-20 12:47:41,508 - sistema_relatorios - relatorios_interface - INFO - Total de clientes ativos encontrados: 18
2026-05-20 12:47:45,073 - sistema_relatorios - relatorios_interface - INFO - 🔍 INICIANDO gerar_relatorio para: consistencia_dados
2026-05-20 12:47:45,074 - sistema_relatorios - relatorios_interface - INFO - 📋 Processando outros relatórios: consistencia_dados
2026-05-20 12:53:56,264 - sistema_relatorios - relatorios_interface - INFO - Solicitado retorno ao menu principal
2026-05-20 12:53:56,265 - sistema_relatorios - relatorios_interface - INFO - Retornando ao menu principal existente
2026-05-20 12:53:56,308 - sistema_relatorios - relatorios_interface - INFO - Retorno ao menu principal concluído
2026-05-20 12:54:04,647 - sistema_relatorios - relatorios_interface - INFO - Carregando clientes de: C:\Users\Obras\sistema_gestao_testes\testes\Financeiro\Planilhas_Base\Clientes.xlsx
2026-05-20 12:54:04,709 - sistema_relatorios - relatorios_interface - INFO - Colunas disponíveis: ['Nome', 'Endereço', 'Data Inicial', 'Observações', 'Data Final', 'Tipo Taxa', 'CPF', 'CNO', 'Estado Civil', 'Cidade', 'Grupo', 'Logradouro', 'Numero', 'Complemento', 'Localidade', 'CEP', 'Estado', 'Metragem_Alvara', 'Banco', 'Agencia', 'Conta', 'Tipo_Conta', 'PIX']
2026-05-20 12:54:04,710 - sistema_relatorios - relatorios_interface - INFO - Coluna de status: Data Final
2026-05-20 12:54:04,712 - sistema_relatorios - relatorios_interface - INFO - Coluna de nome: Nome
2026-05-20 12:54:04,713 - sistema_relatorios - relatorios_interface - INFO - Total de clientes ativos encontrados: 18
2026-05-20 12:54:04,713 - sistema_relatorios - relatorios_interface - INFO - Lista de clientes atualizada com 19 clientes
2026-05-20 12:54:06,004 - sistema_relatorios - relatorios_interface - INFO - Carregando clientes de: C:\Users\Obras\sistema_gestao_testes\testes\Financeiro\Planilhas_Base\Clientes.xlsx
2026-05-20 12:54:06,028 - sistema_relatorios - relatorios_interface - INFO - Colunas disponíveis: ['Nome', 'Endereço', 'Data Inicial', 'Observações', 'Data Final', 'Tipo Taxa', 'CPF', 'CNO', 'Estado Civil', 'Cidade', 'Grupo', 'Logradouro', 'Numero', 'Complemento', 'Localidade', 'CEP', 'Estado', 'Metragem_Alvara', 'Banco', 'Agencia', 'Conta', 'Tipo_Conta', 'PIX']
2026-05-20 12:54:06,029 - sistema_relatorios - relatorios_interface - INFO - Coluna de status: Data Final
2026-05-20 12:54:06,031 - sistema_relatorios - relatorios_interface - INFO - Coluna de nome: Nome
2026-05-20 12:54:06,032 - sistema_relatorios - relatorios_interface - INFO - Total de clientes ativos encontrados: 18
2026-05-20 12:54:08,304 - sistema_relatorios - relatorios_interface - INFO - 🔍 INICIANDO gerar_relatorio para: consistencia_dados
2026-05-20 12:54:08,304 - sistema_relatorios - relatorios_interface - INFO - 📋 Processando outros relatórios: consistencia_dados
2026-05-20 12:55:29,047 - sistema_relatorios - relatorios_interface - INFO - Solicitado retorno ao menu principal
2026-05-20 12:55:29,048 - sistema_relatorios - relatorios_interface - INFO - Retornando ao menu principal existente
2026-05-20 12:55:29,090 - sistema_relatorios - relatorios_interface - INFO - Retorno ao menu principal concluído
2026-05-20 12:55:30,221 - sistema_relatorios - gestao_medicoes - INFO - Logger importado com sucesso em gestao_medicoes.py
2026-05-20 12:55:30,242 - sistema_relatorios - gestao_medicoes - INFO - ✅ Janela Gestão de Medições inicializada com tripla proteção de visibilidade
2026-05-20 12:57:08,077 - sistema_relatorios - gestao_medicoes - INFO - ✅ Janela de Gestão de Medições fechada
2026-05-20 12:57:08,091 - sistema_relatorios - gestao_medicoes - INFO - ✅ Menu principal restaurado
2026-05-20 16:21:15,673 - sistema - logger_config - INFO - Sistema de logging inicializado
2026-05-20 16:21:15,674 - sistema_relatorios - logger_config - INFO - Usuário alterado para: sistema_relatorios
2026-05-20 16:21:15,675 - sistema_relatorios - relatorios_interface - INFO - Sistema de relatórios inicializando usando logger configurado
2026-05-20 16:21:15,675 - sistema_relatorios - relatorios_interface - INFO - Configurações de janela importadas com sucesso
2026-05-20 16:21:15,676 - sistema_relatorios - relatorios_interface - INFO - === Sistema de Relatórios Inicializando ===
2026-05-20 16:21:26,634 - sistema_relatorios - relatorios_interface - INFO - Carregando clientes de: C:\Users\Obras\sistema_gestao_testes\testes\Financeiro\Planilhas_Base\Clientes.xlsx
2026-05-20 16:21:26,742 - sistema_relatorios - relatorios_interface - INFO - Colunas disponíveis: ['Nome', 'Endereço', 'Data Inicial', 'Observações', 'Data Final', 'Tipo Taxa', 'CPF', 'CNO', 'Estado Civil', 'Cidade', 'Grupo', 'Logradouro', 'Numero', 'Complemento', 'Localidade', 'CEP', 'Estado', 'Metragem_Alvara', 'Banco', 'Agencia', 'Conta', 'Tipo_Conta', 'PIX']
2026-05-20 16:21:26,743 - sistema_relatorios - relatorios_interface - INFO - Coluna de status: Data Final
2026-05-20 16:21:26,762 - sistema_relatorios - relatorios_interface - INFO - Coluna de nome: Nome
2026-05-20 16:21:26,763 - sistema_relatorios - relatorios_interface - INFO - Total de clientes ativos encontrados: 18
2026-05-20 16:21:26,764 - sistema_relatorios - relatorios_interface - INFO - Lista de clientes atualizada com 19 clientes
2026-05-20 16:21:28,247 - sistema_relatorios - relatorios_interface - INFO - Carregando clientes de: C:\Users\Obras\sistema_gestao_testes\testes\Financeiro\Planilhas_Base\Clientes.xlsx
2026-05-20 16:21:28,273 - sistema_relatorios - relatorios_interface - INFO - Colunas disponíveis: ['Nome', 'Endereço', 'Data Inicial', 'Observações', 'Data Final', 'Tipo Taxa', 'CPF', 'CNO', 'Estado Civil', 'Cidade', 'Grupo', 'Logradouro', 'Numero', 'Complemento', 'Localidade', 'CEP', 'Estado', 'Metragem_Alvara', 'Banco', 'Agencia', 'Conta', 'Tipo_Conta', 'PIX']
2026-05-20 16:21:28,273 - sistema_relatorios - relatorios_interface - INFO - Coluna de status: Data Final
2026-05-20 16:21:28,275 - sistema_relatorios - relatorios_interface - INFO - Coluna de nome: Nome
2026-05-20 16:21:28,277 - sistema_relatorios - relatorios_interface - INFO - Total de clientes ativos encontrados: 18
2026-05-20 16:21:30,224 - sistema_relatorios - relatorios_interface - INFO - 🔍 INICIANDO gerar_relatorio para: consistencia_dados
2026-05-20 16:21:30,224 - sistema_relatorios - relatorios_interface - INFO - 📋 Processando outros relatórios: consistencia_dados
2026-05-20 16:32:30,453 - sistema_relatorios - relatorios_interface - INFO - Solicitado retorno ao menu principal
2026-05-20 16:32:30,454 - sistema_relatorios - relatorios_interface - INFO - Retornando ao menu principal existente
2026-05-20 16:32:30,505 - sistema_relatorios - relatorios_interface - INFO - Retorno ao menu principal concluído
2026-05-20 17:08:49,182 - sistema - logger_config - INFO - Sistema de logging inicializado
2026-05-20 17:08:49,183 - sistema_relatorios - logger_config - INFO - Usuário alterado para: sistema_relatorios
2026-05-20 17:08:49,184 - sistema_relatorios - relatorios_interface - INFO - Sistema de relatórios inicializando usando logger configurado
2026-05-20 17:08:49,184 - sistema_relatorios - relatorios_interface - INFO - Configurações de janela importadas com sucesso
2026-05-20 17:08:49,184 - sistema_relatorios - relatorios_interface - INFO - === Sistema de Relatórios Inicializando ===
2026-05-20 17:08:53,964 - sistema_relatorios - relatorios_interface - INFO - Carregando clientes de: C:\Users\Obras\sistema_gestao_testes\testes\Financeiro\Planilhas_Base\Clientes.xlsx
2026-05-20 17:08:54,061 - sistema_relatorios - relatorios_interface - INFO - Colunas disponíveis: ['Nome', 'Endereço', 'Data Inicial', 'Observações', 'Data Final', 'Tipo Taxa', 'CPF', 'CNO', 'Estado Civil', 'Cidade', 'Grupo', 'Logradouro', 'Numero', 'Complemento', 'Localidade', 'CEP', 'Estado', 'Metragem_Alvara', 'Banco', 'Agencia', 'Conta', 'Tipo_Conta', 'PIX']
2026-05-20 17:08:54,062 - sistema_relatorios - relatorios_interface - INFO - Coluna de status: Data Final
2026-05-20 17:08:54,079 - sistema_relatorios - relatorios_interface - INFO - Coluna de nome: Nome
2026-05-20 17:08:54,080 - sistema_relatorios - relatorios_interface - INFO - Total de clientes ativos encontrados: 18
2026-05-20 17:08:54,081 - sistema_relatorios - relatorios_interface - INFO - Lista de clientes atualizada com 19 clientes
2026-05-20 17:08:55,388 - sistema_relatorios - relatorios_interface - INFO - Carregando clientes de: C:\Users\Obras\sistema_gestao_testes\testes\Financeiro\Planilhas_Base\Clientes.xlsx
2026-05-20 17:08:55,413 - sistema_relatorios - relatorios_interface - INFO - Colunas disponíveis: ['Nome', 'Endereço', 'Data Inicial', 'Observações', 'Data Final', 'Tipo Taxa', 'CPF', 'CNO', 'Estado Civil', 'Cidade', 'Grupo', 'Logradouro', 'Numero', 'Complemento', 'Localidade', 'CEP', 'Estado', 'Metragem_Alvara', 'Banco', 'Agencia', 'Conta', 'Tipo_Conta', 'PIX']
2026-05-20 17:08:55,413 - sistema_relatorios - relatorios_interface - INFO - Coluna de status: Data Final
2026-05-20 17:08:55,415 - sistema_relatorios - relatorios_interface - INFO - Coluna de nome: Nome
2026-05-20 17:08:55,416 - sistema_relatorios - relatorios_interface - INFO - Total de clientes ativos encontrados: 18
2026-05-20 17:08:57,188 - sistema_relatorios - relatorios_interface - INFO - 🔍 INICIANDO gerar_relatorio para: consistencia_dados
2026-05-20 17:08:57,189 - sistema_relatorios - relatorios_interface - INFO - 📋 Processando outros relatórios: consistencia_dados
2026-05-20 17:11:50,100 - sistema_relatorios - relatorios_interface - INFO - Solicitado retorno ao menu principal
2026-05-20 17:11:50,100 - sistema_relatorios - relatorios_interface - INFO - Retornando ao menu principal existente
2026-05-20 17:11:50,152 - sistema_relatorios - relatorios_interface - INFO - Retorno ao menu principal concluído
