2025-08-01 09:37:32,458 - sistema - logger_config - INFO - Sistema de logging inicializado
2025-08-01 09:43:47,107 - sistema - logger_config - INFO - Iniciando: Carregar configurações
2025-08-01 09:43:47,131 - sistema - logger_config - INFO - Concluído: Carregar configurações
2025-08-01 09:44:38,675 - sistema - Sistema_Entrada_Dados - INFO - Iniciando adição de dados - Cliente: LUCAS COSTA OLIVEIRA SANTOS
2025-08-01 09:47:04,023 - sistema - Sistema_Entrada_Dados - INFO - Dados adicionados com sucesso - Cliente: LUCAS COSTA OLIVEIRA SANTOS, Total: 1
2025-08-01 09:48:12,763 - sistema - logger_config - INFO - Iniciando: Carregar configurações
2025-08-01 09:48:12,765 - sistema - logger_config - INFO - Concluído: Carregar configurações
2025-08-01 10:06:59,422 - sistema - logger_config - INFO - Sistema de logging inicializado
2025-08-01 10:12:52,158 - sistema - logger_config - INFO - Sistema de logging inicializado
2025-08-01 10:13:09,433 - sistema - logger_config - INFO - Iniciando: Carregar configurações
2025-08-01 10:13:09,435 - sistema - logger_config - INFO - Concluído: Carregar configurações
2025-08-01 10:13:35,543 - sistema - Sistema_Entrada_Dados - INFO - Iniciando adição de dados - Cliente: LUCAS COSTA OLIVEIRA SANTOS
2025-08-01 10:13:37,785 - sistema - Sistema_Entrada_Dados - INFO - Dados adicionados com sucesso - Cliente: LUCAS COSTA OLIVEIRA SANTOS, Total: 1
2025-08-01 10:13:55,679 - sistema - logger_config - INFO - Iniciando: Carregar configurações
2025-08-01 10:13:55,679 - sistema - logger_config - INFO - Concluído: Carregar configurações
2025-08-01 10:14:07,319 - sistema - Sistema_Entrada_Dados - INFO - Iniciando adição de dados - Cliente: LUCAS COSTA OLIVEIRA SANTOS
2025-08-01 10:14:08,631 - sistema - Sistema_Entrada_Dados - INFO - Dados adicionados com sucesso - Cliente: LUCAS COSTA OLIVEIRA SANTOS, Total: 2
2025-08-01 10:14:21,371 - sistema - logger_config - INFO - Iniciando: Carregar configurações
2025-08-01 10:14:21,371 - sistema - logger_config - INFO - Concluído: Carregar configurações
2025-08-01 10:14:43,254 - sistema - Sistema_Entrada_Dados - INFO - Iniciando adição de dados - Cliente: LUCAS COSTA OLIVEIRA SANTOS
2025-08-01 10:14:44,199 - sistema - Sistema_Entrada_Dados - INFO - Dados adicionados com sucesso - Cliente: LUCAS COSTA OLIVEIRA SANTOS, Total: 3
2025-08-01 10:15:55,094 - sistema - Sistema_Entrada_Dados - INFO - Iniciando envio de dados - Cliente: LUCAS COSTA OLIVEIRA SANTOS, Registros: 3
2025-08-01 10:15:55,095 - sistema - Sistema_Entrada_Dados - INFO - Obtendo dados do visualizador
2025-08-01 10:15:55,096 - sistema - Sistema_Entrada_Dados - INFO - Total de registros a processar: 3
2025-08-01 10:15:55,097 - sistema - Sistema_Entrada_Dados - INFO - Datas que serão afetadas pela inserção: ['05/05/2021']
2025-08-01 10:15:55,098 - sistema - Sistema_Entrada_Dados - INFO - Salvando em: C:\Users\Obras\sistema_gestao_testes\testes\Financeiro\Clientes\LUCAS COSTA OLIVEIRA SANTOS.xlsx
2025-08-01 10:15:55,099 - sistema - Sistema_Entrada_Dados - INFO - Verificando integridade dos IDs antes da inserção
2025-08-01 10:15:55,406 - sistema - Sistema_Entrada_Dados - INFO - Lançamento inserido com ID 18 na linha 19
2025-08-01 10:15:55,407 - sistema - Sistema_Entrada_Dados - INFO - Lançamento inserido com ID 19 na linha 20
2025-08-01 10:15:55,408 - sistema - Sistema_Entrada_Dados - INFO - Lançamento inserido com ID 20 na linha 21
2025-08-01 10:15:55,671 - sistema - Sistema_Entrada_Dados - INFO - Iniciando verificação de recálculo para 1 datas
2025-08-01 10:15:56,173 - sistema - Sistema_Entrada_Dados - INFO - Verificando necessidade de recálculo para 2021-05-05
2025-08-01 10:15:56,174 - sistema - Sistema_Entrada_Dados - ERROR - ❌ Erro ao verificar recálculo para 2021-05-05: 'SistemaEntradaDados' object has no attribute 'gestor_taxas'
2025-08-01 10:37:22,971 - sistema - logger_config - INFO - Iniciando: Carregar configurações
2025-08-01 10:37:22,972 - sistema - logger_config - INFO - Iniciando: Carregar configurações
2025-08-01 10:37:22,973 - sistema - logger_config - INFO - Concluído: Carregar configurações
2025-08-01 10:37:22,973 - sistema - logger_config - INFO - Concluído: Carregar configurações
2025-08-01 10:37:22,973 - sistema - logger_config - INFO - Iniciando: Carregar configurações
2025-08-01 10:37:22,974 - sistema - logger_config - INFO - Concluído: Carregar configurações
2025-08-01 10:37:22,978 - sistema - logger_config - INFO - Iniciando: Carregar configurações
2025-08-01 10:37:22,979 - sistema - logger_config - INFO - Concluído: Carregar configurações
2025-08-01 10:45:51,872 - sistema - logger_config - INFO - Sistema de logging inicializado
2025-08-01 11:05:53,254 - sistema - logger_config - INFO - Sistema de logging inicializado
2025-08-01 11:12:24,658 - sistema - logger_config - INFO - Iniciando: Carregar configurações
2025-08-01 11:12:24,687 - sistema - logger_config - INFO - Concluído: Carregar configurações
2025-08-01 11:27:23,133 - sistema - Sistema_Entrada_Dados - INFO - Iniciando adição de dados - Cliente: LUCAS COSTA OLIVEIRA SANTOS
2025-08-01 11:27:29,542 - sistema - Sistema_Entrada_Dados - INFO - Dados adicionados com sucesso - Cliente: LUCAS COSTA OLIVEIRA SANTOS, Total: 1
2025-08-01 11:43:36,965 - sistema - logger_config - INFO - Sistema de logging inicializado
2025-08-01 11:44:00,540 - sistema - logger_config - INFO - Iniciando: Carregar configurações
2025-08-01 11:44:00,544 - sistema - logger_config - INFO - Concluído: Carregar configurações
2025-08-01 11:51:51,303 - sistema - logger_config - INFO - Sistema de logging inicializado
2025-08-01 11:52:14,196 - sistema - logger_config - INFO - Iniciando: Carregar configurações
2025-08-01 11:52:14,200 - sistema - logger_config - INFO - Concluído: Carregar configurações
2025-08-01 11:56:25,522 - sistema - Sistema_Entrada_Dados - INFO - Iniciando adição de dados - Cliente: LUCAS COSTA OLIVEIRA SANTOS
2025-08-01 11:56:27,810 - sistema - Sistema_Entrada_Dados - INFO - Dados adicionados com sucesso - Cliente: LUCAS COSTA OLIVEIRA SANTOS, Total: 1
2025-08-01 12:03:20,005 - sistema - logger_config - INFO - Sistema de logging inicializado
2025-08-01 12:03:44,771 - sistema - logger_config - INFO - Iniciando: Carregar configurações
2025-08-01 12:03:44,775 - sistema - logger_config - INFO - Concluído: Carregar configurações
2025-08-01 12:18:15,741 - sistema - logger_config - INFO - Sistema de logging inicializado
2025-08-01 12:18:55,693 - sistema - logger_config - INFO - Iniciando: Carregar configurações
2025-08-01 12:18:55,697 - sistema - logger_config - INFO - Concluído: Carregar configurações
2025-08-01 12:25:13,330 - sistema - logger_config - INFO - Sistema de logging inicializado
2025-08-01 12:25:33,147 - sistema - logger_config - INFO - Iniciando: Carregar configurações
2025-08-01 12:25:33,150 - sistema - logger_config - INFO - Concluído: Carregar configurações
2025-08-01 12:25:48,496 - sistema - logger_config - INFO - Iniciando: Carregar configurações
2025-08-01 12:25:48,496 - sistema - logger_config - INFO - Concluído: Carregar configurações
2025-08-01 16:04:15,148 - sistema - logger_config - INFO - Sistema de logging inicializado
2025-08-01 16:05:08,943 - sistema - logger_config - INFO - Iniciando: Carregar configurações
2025-08-01 16:05:08,962 - sistema - logger_config - INFO - Concluído: Carregar configurações
2025-08-01 16:50:24,915 - sistema - logger_config - INFO - Sistema de logging inicializado
2025-08-01 16:50:53,503 - sistema - logger_config - INFO - Iniciando: Carregar configurações
2025-08-01 16:50:53,506 - sistema - logger_config - INFO - Concluído: Carregar configurações
2025-08-01 17:08:51,251 - sistema - logger_config - INFO - Sistema de logging inicializado
2025-08-01 17:09:07,347 - sistema - logger_config - INFO - Iniciando: Carregar configurações
2025-08-01 17:09:07,347 - sistema - logger_config - INFO - Concluído: Carregar configurações
2025-08-01 17:23:08,554 - sistema - logger_config - INFO - Sistema de logging inicializado
2025-08-01 17:23:26,581 - sistema - logger_config - INFO - Iniciando: Carregar configurações
2025-08-01 17:23:26,581 - sistema - logger_config - INFO - Concluído: Carregar configurações
2025-08-01 17:26:57,227 - sistema - Sistema_Entrada_Dados - INFO - Iniciando adição de dados - Cliente: LUCAS COSTA OLIVEIRA SANTOS
2025-08-01 17:26:58,830 - sistema - Sistema_Entrada_Dados - INFO - Dados adicionados com sucesso - Cliente: LUCAS COSTA OLIVEIRA SANTOS, Total: 1
2025-08-01 17:49:38,224 - sistema - logger_config - INFO - Sistema de logging inicializado
2025-08-01 17:49:59,289 - sistema - logger_config - INFO - Iniciando: Carregar configurações
2025-08-01 17:49:59,304 - sistema - logger_config - INFO - Concluído: Carregar configurações
2025-08-01 18:31:31,642 - sistema - logger_config - INFO - Sistema de logging inicializado
2025-08-01 18:31:48,858 - sistema - logger_config - INFO - Iniciando: Carregar configurações
2025-08-01 18:31:48,874 - sistema - logger_config - INFO - Concluído: Carregar configurações
2025-08-01 21:55:24,966 - sistema - logger_config - INFO - Sistema de logging inicializado
2025-08-01 21:55:42,503 - sistema - logger_config - INFO - Iniciando: Carregar configurações
2025-08-01 21:55:42,503 - sistema - logger_config - INFO - Concluído: Carregar configurações
2025-08-01 22:02:32,542 - sistema - Sistema_Entrada_Dados - INFO - Iniciando adição de dados - Cliente: LUCAS COSTA OLIVEIRA SANTOS
2025-08-01 22:02:35,340 - sistema - Sistema_Entrada_Dados - INFO - Dados adicionados com sucesso - Cliente: LUCAS COSTA OLIVEIRA SANTOS, Total: 1
2025-08-01 22:03:06,196 - sistema - Sistema_Entrada_Dados - INFO - Iniciando envio de dados - Cliente: LUCAS COSTA OLIVEIRA SANTOS, Registros: 1
2025-08-01 22:03:06,196 - sistema - Sistema_Entrada_Dados - INFO - Obtendo dados do visualizador
2025-08-01 22:03:06,196 - sistema - Sistema_Entrada_Dados - INFO - Total de registros a processar: 1
2025-08-01 22:03:06,196 - sistema - Sistema_Entrada_Dados - INFO - Datas que serão afetadas pela inserção: ['20/04/2021']
2025-08-01 22:03:06,196 - sistema - Sistema_Entrada_Dados - INFO - Salvando em: C:\Users\Obras\sistema_gestao_testes\testes\Financeiro\Clientes\LUCAS COSTA OLIVEIRA SANTOS.xlsx
2025-08-01 22:03:06,196 - sistema - Sistema_Entrada_Dados - INFO - Verificando integridade dos IDs antes da inserção
2025-08-01 22:03:07,057 - sistema - Sistema_Entrada_Dados - INFO - Lançamento inserido com ID 23 na linha 24
2025-08-01 22:03:07,269 - sistema - Sistema_Entrada_Dados - INFO - Iniciando verificação de recálculo para 1 datas
2025-08-01 22:03:07,784 - sistema - Sistema_Entrada_Dados - INFO - Verificando necessidade de recálculo para 2021-04-20
2025-08-01 22:03:07,784 - sistema - Sistema_Entrada_Dados - ERROR - ❌ Erro ao verificar recálculo para 2021-04-20: 'SistemaEntradaDados' object has no attribute 'gestor_taxas'
2025-08-01 22:05:09,377 - sistema - logger_config - INFO - Sistema de logging inicializado
