2025-10-23 08:48:47,299 - sistema - logger_config - INFO - Sistema de logging inicializado
2025-10-23 08:48:49,078 - sistema - logger_config - INFO - Iniciando: Carregar configurações
2025-10-23 08:48:49,078 - sistema - logger_config - INFO - Concluído: Carregar configurações
2025-10-23 08:48:49,078 - sistema - logger_config - INFO - Iniciando: Carregar configurações
2025-10-23 08:48:49,078 - sistema - logger_config - INFO - Concluído: Carregar configurações
2025-10-23 08:48:49,102 - sistema - Sistema_Entrada_Dados - INFO - Proteções contra perda de dados configuradas
2025-10-23 08:48:52,149 - sistema - Sistema_Entrada_Dados - INFO - Cliente selecionado com sucesso: BRUNO SANTANA RINALDI
2025-10-23 09:15:09,587 - sistema - logger_config - INFO - Sistema de logging inicializado
2025-10-23 09:15:11,116 - sistema - logger_config - INFO - Iniciando: Carregar configurações
2025-10-23 09:15:11,116 - sistema - logger_config - INFO - Concluído: Carregar configurações
2025-10-23 09:15:11,116 - sistema - logger_config - INFO - Iniciando: Carregar configurações
2025-10-23 09:15:11,116 - sistema - logger_config - INFO - Concluído: Carregar configurações
2025-10-23 09:15:11,139 - sistema - Sistema_Entrada_Dados - INFO - Proteções contra perda de dados configuradas
2025-10-23 09:15:13,697 - sistema - Sistema_Entrada_Dados - INFO - Cliente selecionado com sucesso: BRUNO SANTANA RINALDI
2025-10-23 09:24:37,980 - sistema - logger_config - INFO - Sistema de logging inicializado
2025-10-23 09:24:39,695 - sistema - logger_config - INFO - Iniciando: Carregar configurações
2025-10-23 09:24:39,695 - sistema - logger_config - INFO - Concluído: Carregar configurações
2025-10-23 09:24:39,695 - sistema - logger_config - INFO - Iniciando: Carregar configurações
2025-10-23 09:24:39,695 - sistema - logger_config - INFO - Concluído: Carregar configurações
2025-10-23 09:24:39,719 - sistema - Sistema_Entrada_Dados - INFO - Proteções contra perda de dados configuradas
2025-10-23 09:24:42,538 - sistema - Sistema_Entrada_Dados - INFO - Cliente selecionado com sucesso: BRUNO SANTANA RINALDI
2025-10-23 09:29:07,510 - sistema - logger_config - INFO - Sistema de logging inicializado
2025-10-23 09:29:08,776 - sistema - logger_config - INFO - Iniciando: Carregar configurações
2025-10-23 09:29:08,776 - sistema - logger_config - INFO - Concluído: Carregar configurações
2025-10-23 09:29:08,776 - sistema - logger_config - INFO - Iniciando: Carregar configurações
2025-10-23 09:29:08,776 - sistema - logger_config - INFO - Concluído: Carregar configurações
2025-10-23 09:29:08,798 - sistema - Sistema_Entrada_Dados - INFO - Proteções contra perda de dados configuradas
2025-10-23 09:29:14,078 - sistema - Sistema_Entrada_Dados - INFO - Cliente selecionado com sucesso: BRUNO SANTANA RINALDI
2025-10-23 09:51:03,393 - sistema - logger_config - INFO - Sistema de logging inicializado
2025-10-23 09:51:04,917 - sistema - logger_config - INFO - Iniciando: Carregar configurações
2025-10-23 09:51:04,917 - sistema - logger_config - INFO - Concluído: Carregar configurações
2025-10-23 09:51:04,917 - sistema - logger_config - INFO - Iniciando: Carregar configurações
2025-10-23 09:51:04,917 - sistema - logger_config - INFO - Concluído: Carregar configurações
2025-10-23 09:51:04,945 - sistema - Sistema_Entrada_Dados - INFO - Proteções contra perda de dados configuradas
2025-10-23 09:51:09,107 - sistema - Sistema_Entrada_Dados - INFO - Cliente selecionado com sucesso: BRUNO SANTANA RINALDI
2025-10-23 10:05:13,127 - sistema - logger_config - INFO - Sistema de logging inicializado
2025-10-23 10:05:14,670 - sistema - logger_config - INFO - Iniciando: Carregar configurações
2025-10-23 10:05:14,673 - sistema - logger_config - INFO - Concluído: Carregar configurações
2025-10-23 10:05:14,675 - sistema - logger_config - INFO - Iniciando: Carregar configurações
2025-10-23 10:05:14,675 - sistema - logger_config - INFO - Concluído: Carregar configurações
2025-10-23 10:05:14,690 - sistema - Sistema_Entrada_Dados - INFO - Proteções contra perda de dados configuradas
2025-10-23 10:05:17,053 - sistema - Sistema_Entrada_Dados - INFO - Cliente selecionado com sucesso: BRUNO SANTANA RINALDI
2025-10-23 10:13:03,049 - sistema - logger_config - INFO - Sistema de logging inicializado
2025-10-23 10:13:04,459 - sistema - logger_config - INFO - Iniciando: Carregar configurações
2025-10-23 10:13:04,459 - sistema - logger_config - INFO - Concluído: Carregar configurações
2025-10-23 10:13:04,459 - sistema - logger_config - INFO - Iniciando: Carregar configurações
2025-10-23 10:13:04,459 - sistema - logger_config - INFO - Concluído: Carregar configurações
2025-10-23 10:13:04,483 - sistema - Sistema_Entrada_Dados - INFO - Proteções contra perda de dados configuradas
2025-10-23 10:13:08,187 - sistema - Sistema_Entrada_Dados - INFO - Cliente selecionado com sucesso: BRUNO SANTANA RINALDI
2025-10-23 10:28:28,434 - sistema - logger_config - INFO - Sistema de logging inicializado
2025-10-23 10:28:30,188 - sistema - logger_config - INFO - Iniciando: Carregar configurações
2025-10-23 10:28:30,188 - sistema - logger_config - INFO - Concluído: Carregar configurações
2025-10-23 10:28:30,188 - sistema - logger_config - INFO - Iniciando: Carregar configurações
2025-10-23 10:28:30,188 - sistema - logger_config - INFO - Concluído: Carregar configurações
2025-10-23 10:28:30,219 - sistema - Sistema_Entrada_Dados - INFO - Proteções contra perda de dados configuradas
2025-10-23 10:28:32,782 - sistema - Sistema_Entrada_Dados - INFO - Cliente selecionado com sucesso: BRUNO SANTANA RINALDI
2025-10-23 10:34:01,702 - sistema - logger_config - INFO - Iniciando: Carregar configurações
2025-10-23 10:34:01,717 - sistema - logger_config - INFO - Concluído: Carregar configurações
2025-10-23 10:34:25,589 - sistema - Sistema_Entrada_Dados - INFO - Iniciando adição de dados - Cliente: BRUNO SANTANA RINALDI
2025-10-23 10:34:26,998 - sistema - Sistema_Entrada_Dados - INFO - Dados adicionados com sucesso - Cliente: BRUNO SANTANA RINALDI, Total: 1
2025-10-23 10:34:34,122 - sistema - logger_config - INFO - Iniciando: Carregar configurações
2025-10-23 10:34:34,122 - sistema - logger_config - INFO - Concluído: Carregar configurações
2025-10-23 10:34:53,116 - sistema - Sistema_Entrada_Dados - INFO - Iniciando adição de dados - Cliente: BRUNO SANTANA RINALDI
2025-10-23 10:34:54,582 - sistema - Sistema_Entrada_Dados - INFO - Dados adicionados com sucesso - Cliente: BRUNO SANTANA RINALDI, Total: 2
2025-10-23 10:35:01,331 - sistema - Sistema_Entrada_Dados - INFO - Iniciando envio de dados - Cliente: BRUNO SANTANA RINALDI, Registros: 2
2025-10-23 10:35:01,346 - sistema - Sistema_Entrada_Dados - INFO - Obtendo dados do visualizador
2025-10-23 10:35:01,346 - sistema - Sistema_Entrada_Dados - INFO - Total de registros a processar: 2
2025-10-23 10:35:01,346 - sistema - Sistema_Entrada_Dados - INFO - Datas que serão afetadas pela inserção: ['05/11/2025']
2025-10-23 10:35:01,346 - sistema - Sistema_Entrada_Dados - INFO - Salvando em: C:\Users\Obras\sistema_gestao_testes\testes\Financeiro\Clientes\BRUNO SANTANA RINALDI.xlsx
2025-10-23 10:35:01,346 - sistema - Sistema_Entrada_Dados - INFO - Verificando integridade dos IDs antes da inserção
2025-10-23 10:35:01,787 - sistema - Sistema_Entrada_Dados - ERROR - 🔍 MÉTODO DE VERIFICAÇÃO FOI CHAMADO!
2025-10-23 10:35:01,787 - sistema - Sistema_Entrada_Dados - INFO - === INICIANDO VERIFICAÇÃO DE DUPLICIDADE ===
2025-10-23 10:35:01,787 - sistema - Sistema_Entrada_Dados - INFO - Dados novos: LOJA ELETRICA LTDA | MATERIAL ELÉTRICO | R$ 580.00 | 07/11/2025
2025-10-23 10:35:01,818 - sistema - Sistema_Entrada_Dados - INFO - ✅ Nenhuma duplicata encontrada para: LOJA ELETRICA LTDA - MATERIAL ELÉTRICO
2025-10-23 10:35:01,819 - sistema - Sistema_Entrada_Dados - ERROR - 🔍 MÉTODO DE VERIFICAÇÃO FOI CHAMADO!
2025-10-23 10:35:01,820 - sistema - Sistema_Entrada_Dados - INFO - === INICIANDO VERIFICAÇÃO DE DUPLICIDADE ===
2025-10-23 10:35:01,821 - sistema - Sistema_Entrada_Dados - INFO - Dados novos: CASA FERREIRA GONÇALVES | MATERIAL HIDRÁULICO | R$ 1500.00 | 10/11/2025
2025-10-23 10:35:01,840 - sistema - Sistema_Entrada_Dados - INFO - ✅ Nenhuma duplicata encontrada para: CASA FERREIRA GONÇALVES - MATERIAL HIDRÁULICO
2025-10-23 10:35:01,844 - sistema - Sistema_Entrada_Dados - INFO - Lançamento inserido com ID 286 na linha 286
2025-10-23 10:35:01,847 - sistema - Sistema_Entrada_Dados - INFO - Lançamento inserido com ID 287 na linha 287
2025-10-23 10:35:02,315 - sistema - Sistema_Entrada_Dados - INFO - Iniciando verificação de recálculo para 1 datas
2025-10-23 10:35:02,826 - sistema - Sistema_Entrada_Dados - INFO - Verificando necessidade de recálculo para 2025-11-05
2025-10-23 10:35:02,826 - sistema - Sistema_Entrada_Dados - ERROR - Erro ao verificar recálculo para 2025-11-05: 'SistemaEntradaDados' object has no attribute 'chamar_apos_operacao_lancamento'
2025-10-23 10:35:05,460 - sistema - Sistema_Entrada_Dados - INFO - Limpando 2 registros salvos da visualização
2025-10-23 10:35:05,485 - sistema - Sistema_Entrada_Dados - INFO - Visualizador fechado - todos os registros foram processados
2025-10-23 10:35:05,486 - sistema - Sistema_Entrada_Dados - INFO - Dados salvos removidos com sucesso da visualização
2025-10-23 11:03:10,647 - sistema - logger_config - INFO - Sistema de logging inicializado
2025-10-23 11:03:12,557 - sistema - logger_config - INFO - Iniciando: Carregar configurações
2025-10-23 11:03:12,557 - sistema - logger_config - INFO - Concluído: Carregar configurações
2025-10-23 11:03:12,557 - sistema - logger_config - INFO - Iniciando: Carregar configurações
2025-10-23 11:03:12,557 - sistema - logger_config - INFO - Concluído: Carregar configurações
2025-10-23 11:03:12,582 - sistema - Sistema_Entrada_Dados - INFO - Proteções contra perda de dados configuradas
2025-10-23 11:06:22,542 - sistema - Sistema_Entrada_Dados - INFO - Cliente selecionado com sucesso: BRUNO SANTANA RINALDI
2025-10-23 11:20:47,143 - sistema - logger_config - INFO - Sistema de logging inicializado
2025-10-23 11:20:48,882 - sistema - logger_config - INFO - Iniciando: Carregar configurações
2025-10-23 11:20:48,886 - sistema - logger_config - INFO - Concluído: Carregar configurações
2025-10-23 11:20:48,888 - sistema - logger_config - INFO - Iniciando: Carregar configurações
2025-10-23 11:20:48,891 - sistema - logger_config - INFO - Concluído: Carregar configurações
2025-10-23 11:20:48,914 - sistema - Sistema_Entrada_Dados - INFO - Proteções contra perda de dados configuradas
2025-10-23 11:20:52,498 - sistema - Sistema_Entrada_Dados - INFO - Cliente selecionado com sucesso: BRUNO SANTANA RINALDI
2025-10-23 11:28:14,025 - sistema - logger_config - INFO - Sistema de logging inicializado
2025-10-23 11:28:16,452 - sistema - logger_config - INFO - Iniciando: Carregar configurações
2025-10-23 11:28:16,468 - sistema - logger_config - INFO - Concluído: Carregar configurações
2025-10-23 11:28:16,475 - sistema - logger_config - INFO - Iniciando: Carregar configurações
2025-10-23 11:28:16,475 - sistema - logger_config - INFO - Concluído: Carregar configurações
2025-10-23 11:28:16,489 - sistema - Sistema_Entrada_Dados - INFO - Proteções contra perda de dados configuradas
2025-10-23 11:28:20,011 - sistema - Sistema_Entrada_Dados - INFO - Cliente selecionado com sucesso: BRUNO SANTANA RINALDI
