2025-11-27 09:30:47,964 - sistema - logger_config - INFO - Sistema de logging inicializado
2025-11-27 09:30:47,966 - sistema_relatorios - logger_config - INFO - Usuário alterado para: sistema_relatorios
2025-11-27 09:30:47,967 - sistema_relatorios - relatorios_interface - INFO - Sistema de relatórios inicializando usando logger configurado
2025-11-27 09:30:47,968 - sistema_relatorios - relatorios_interface - INFO - Configurações de janela importadas com sucesso
2025-11-27 09:30:47,973 - sistema_relatorios - relatorios_interface - INFO - === Sistema de Relatórios Inicializando ===
2025-11-27 09:30:55,611 - sistema_relatorios - logger_config - INFO - Iniciando: Carregar configurações
2025-11-27 09:30:55,630 - sistema_relatorios - logger_config - INFO - Concluído: Carregar configurações
2025-11-27 09:30:55,635 - sistema_relatorios - logger_config - INFO - Iniciando: Carregar configurações
2025-11-27 09:30:55,640 - sistema_relatorios - logger_config - INFO - Concluído: Carregar configurações
2025-11-27 09:30:55,659 - sistema_relatorios - Sistema_Entrada_Dados - INFO - Proteções contra perda de dados configuradas
2025-11-27 09:31:15,382 - sistema_relatorios - Sistema_Entrada_Dados - INFO - Cliente selecionado com sucesso: BRUNO SANTANA RINALDI
2025-11-27 09:33:45,464 - sistema - logger_config - INFO - Sistema de logging inicializado
2025-11-27 09:33:45,466 - sistema_relatorios - logger_config - INFO - Usuário alterado para: sistema_relatorios
2025-11-27 09:33:45,467 - sistema_relatorios - relatorios_interface - INFO - Sistema de relatórios inicializando usando logger configurado
2025-11-27 09:33:45,468 - sistema_relatorios - relatorios_interface - INFO - Configurações de janela importadas com sucesso
2025-11-27 09:33:45,469 - sistema_relatorios - relatorios_interface - INFO - === Sistema de Relatórios Inicializando ===
2025-11-27 09:33:51,276 - sistema_relatorios - logger_config - INFO - Iniciando: Carregar configurações
2025-11-27 09:33:51,280 - sistema_relatorios - logger_config - INFO - Concluído: Carregar configurações
2025-11-27 09:33:51,282 - sistema_relatorios - logger_config - INFO - Iniciando: Carregar configurações
2025-11-27 09:33:51,283 - sistema_relatorios - logger_config - INFO - Concluído: Carregar configurações
2025-11-27 09:33:51,298 - sistema_relatorios - Sistema_Entrada_Dados - INFO - Proteções contra perda de dados configuradas
2025-11-27 09:33:53,950 - sistema_relatorios - Sistema_Entrada_Dados - INFO - Cliente selecionado com sucesso: BRUNO SANTANA RINALDI
2025-11-27 10:03:08,967 - sistema - logger_config - INFO - Sistema de logging inicializado
2025-11-27 10:03:08,969 - sistema_relatorios - logger_config - INFO - Usuário alterado para: sistema_relatorios
2025-11-27 10:03:08,970 - sistema_relatorios - relatorios_interface - INFO - Sistema de relatórios inicializando usando logger configurado
2025-11-27 10:03:08,971 - sistema_relatorios - relatorios_interface - INFO - Configurações de janela importadas com sucesso
2025-11-27 10:03:08,971 - sistema_relatorios - relatorios_interface - INFO - === Sistema de Relatórios Inicializando ===
2025-11-27 10:03:14,755 - sistema_relatorios - logger_config - INFO - Iniciando: Carregar configurações
2025-11-27 10:03:14,758 - sistema_relatorios - logger_config - INFO - Concluído: Carregar configurações
2025-11-27 10:03:14,762 - sistema_relatorios - logger_config - INFO - Iniciando: Carregar configurações
2025-11-27 10:03:14,762 - sistema_relatorios - logger_config - INFO - Concluído: Carregar configurações
2025-11-27 10:03:14,781 - sistema_relatorios - Sistema_Entrada_Dados - INFO - Proteções contra perda de dados configuradas
2025-11-27 10:06:57,646 - sistema - logger_config - INFO - Sistema de logging inicializado
2025-11-27 10:06:57,648 - sistema_relatorios - logger_config - INFO - Usuário alterado para: sistema_relatorios
2025-11-27 10:06:57,649 - sistema_relatorios - relatorios_interface - INFO - Sistema de relatórios inicializando usando logger configurado
2025-11-27 10:06:57,649 - sistema_relatorios - relatorios_interface - INFO - Configurações de janela importadas com sucesso
2025-11-27 10:06:57,650 - sistema_relatorios - relatorios_interface - INFO - === Sistema de Relatórios Inicializando ===
2025-11-27 10:07:03,690 - sistema_relatorios - logger_config - INFO - Iniciando: Carregar configurações
2025-11-27 10:07:03,694 - sistema_relatorios - logger_config - INFO - Concluído: Carregar configurações
2025-11-27 10:07:03,697 - sistema_relatorios - logger_config - INFO - Iniciando: Carregar configurações
2025-11-27 10:07:03,705 - sistema_relatorios - logger_config - INFO - Concluído: Carregar configurações
2025-11-27 10:07:03,722 - sistema_relatorios - Sistema_Entrada_Dados - INFO - Proteções contra perda de dados configuradas
2025-11-27 10:07:27,941 - sistema_relatorios - Sistema_Entrada_Dados - INFO - Cliente selecionado com sucesso: BRUNO SANTANA RINALDI
2025-11-27 10:09:47,513 - sistema - logger_config - INFO - Sistema de logging inicializado
2025-11-27 10:09:47,514 - sistema_relatorios - logger_config - INFO - Usuário alterado para: sistema_relatorios
2025-11-27 10:09:47,514 - sistema_relatorios - relatorios_interface - INFO - Sistema de relatórios inicializando usando logger configurado
2025-11-27 10:09:47,515 - sistema_relatorios - relatorios_interface - INFO - Configurações de janela importadas com sucesso
2025-11-27 10:09:47,516 - sistema_relatorios - relatorios_interface - INFO - === Sistema de Relatórios Inicializando ===
2025-11-27 10:09:53,460 - sistema_relatorios - logger_config - INFO - Iniciando: Carregar configurações
2025-11-27 10:09:53,463 - sistema_relatorios - logger_config - INFO - Concluído: Carregar configurações
2025-11-27 10:09:53,465 - sistema_relatorios - logger_config - INFO - Iniciando: Carregar configurações
2025-11-27 10:09:53,465 - sistema_relatorios - logger_config - INFO - Concluído: Carregar configurações
2025-11-27 10:09:53,479 - sistema_relatorios - Sistema_Entrada_Dados - INFO - Proteções contra perda de dados configuradas
2025-11-27 10:10:04,803 - sistema_relatorios - Sistema_Entrada_Dados - INFO - Cliente selecionado com sucesso: BRUNO SANTANA RINALDI
2025-11-27 10:11:04,525 - sistema - logger_config - INFO - Sistema de logging inicializado
2025-11-27 10:11:04,526 - sistema_relatorios - logger_config - INFO - Usuário alterado para: sistema_relatorios
2025-11-27 10:11:04,527 - sistema_relatorios - relatorios_interface - INFO - Sistema de relatórios inicializando usando logger configurado
2025-11-27 10:11:04,528 - sistema_relatorios - relatorios_interface - INFO - Configurações de janela importadas com sucesso
2025-11-27 10:11:04,529 - sistema_relatorios - relatorios_interface - INFO - === Sistema de Relatórios Inicializando ===
2025-11-27 10:11:10,021 - sistema_relatorios - logger_config - INFO - Iniciando: Carregar configurações
2025-11-27 10:11:10,024 - sistema_relatorios - logger_config - INFO - Concluído: Carregar configurações
2025-11-27 10:11:10,026 - sistema_relatorios - logger_config - INFO - Iniciando: Carregar configurações
2025-11-27 10:11:10,027 - sistema_relatorios - logger_config - INFO - Concluído: Carregar configurações
2025-11-27 10:11:10,041 - sistema_relatorios - Sistema_Entrada_Dados - INFO - Proteções contra perda de dados configuradas
2025-11-27 10:11:13,399 - sistema_relatorios - Sistema_Entrada_Dados - INFO - Cliente selecionado com sucesso: BRUNO SANTANA RINALDI
2025-11-27 10:14:40,215 - sistema - logger_config - INFO - Sistema de logging inicializado
2025-11-27 10:14:40,217 - sistema_relatorios - logger_config - INFO - Usuário alterado para: sistema_relatorios
2025-11-27 10:14:40,218 - sistema_relatorios - relatorios_interface - INFO - Sistema de relatórios inicializando usando logger configurado
2025-11-27 10:14:40,220 - sistema_relatorios - relatorios_interface - INFO - Configurações de janela importadas com sucesso
2025-11-27 10:14:40,224 - sistema_relatorios - relatorios_interface - INFO - === Sistema de Relatórios Inicializando ===
2025-11-27 10:14:41,708 - sistema_relatorios - logger_config - INFO - Iniciando: Carregar configurações
2025-11-27 10:14:41,710 - sistema_relatorios - logger_config - INFO - Concluído: Carregar configurações
2025-11-27 10:14:41,712 - sistema_relatorios - logger_config - INFO - Iniciando: Carregar configurações
2025-11-27 10:14:41,713 - sistema_relatorios - logger_config - INFO - Concluído: Carregar configurações
2025-11-27 10:14:41,726 - sistema_relatorios - Sistema_Entrada_Dados - INFO - Proteções contra perda de dados configuradas
2025-11-27 10:14:43,830 - sistema_relatorios - Sistema_Entrada_Dados - INFO - Cliente selecionado com sucesso: BRUNO SANTANA RINALDI
2025-11-27 11:23:05,896 - sistema - logger_config - INFO - Sistema de logging inicializado
2025-11-27 11:23:05,898 - sistema_relatorios - logger_config - INFO - Usuário alterado para: sistema_relatorios
2025-11-27 11:23:05,898 - sistema_relatorios - relatorios_interface - INFO - Sistema de relatórios inicializando usando logger configurado
2025-11-27 11:23:05,900 - sistema_relatorios - relatorios_interface - INFO - Configurações de janela importadas com sucesso
2025-11-27 11:23:05,902 - sistema_relatorios - relatorios_interface - INFO - === Sistema de Relatórios Inicializando ===
2025-11-27 11:23:12,399 - sistema_relatorios - logger_config - INFO - Iniciando: Carregar configurações
2025-11-27 11:23:12,403 - sistema_relatorios - logger_config - INFO - Concluído: Carregar configurações
2025-11-27 11:23:12,406 - sistema_relatorios - logger_config - INFO - Iniciando: Carregar configurações
2025-11-27 11:23:12,406 - sistema_relatorios - logger_config - INFO - Concluído: Carregar configurações
2025-11-27 11:23:12,421 - sistema_relatorios - Sistema_Entrada_Dados - INFO - Proteções contra perda de dados configuradas
2025-11-27 11:23:53,605 - sistema_relatorios - Sistema_Entrada_Dados - INFO - Cliente selecionado com sucesso: BRUNO SANTANA RINALDI
2025-11-27 11:29:01,821 - sistema - logger_config - INFO - Sistema de logging inicializado
2025-11-27 11:29:01,822 - sistema_relatorios - logger_config - INFO - Usuário alterado para: sistema_relatorios
2025-11-27 11:29:01,823 - sistema_relatorios - relatorios_interface - INFO - Sistema de relatórios inicializando usando logger configurado
2025-11-27 11:29:01,824 - sistema_relatorios - relatorios_interface - INFO - Configurações de janela importadas com sucesso
2025-11-27 11:29:01,825 - sistema_relatorios - relatorios_interface - INFO - === Sistema de Relatórios Inicializando ===
2025-11-27 11:29:08,485 - sistema_relatorios - logger_config - INFO - Iniciando: Carregar configurações
2025-11-27 11:29:08,535 - sistema_relatorios - logger_config - INFO - Concluído: Carregar configurações
2025-11-27 11:29:08,537 - sistema_relatorios - logger_config - INFO - Iniciando: Carregar configurações
2025-11-27 11:29:08,537 - sistema_relatorios - logger_config - INFO - Concluído: Carregar configurações
2025-11-27 11:29:08,546 - sistema_relatorios - Sistema_Entrada_Dados - INFO - Proteções contra perda de dados configuradas
2025-11-27 11:29:59,335 - sistema_relatorios - Sistema_Entrada_Dados - INFO - Cliente selecionado com sucesso: BRUNO SANTANA RINALDI
2025-11-27 11:31:46,535 - sistema - logger_config - INFO - Sistema de logging inicializado
2025-11-27 11:31:46,536 - sistema_relatorios - logger_config - INFO - Usuário alterado para: sistema_relatorios
2025-11-27 11:31:46,537 - sistema_relatorios - relatorios_interface - INFO - Sistema de relatórios inicializando usando logger configurado
2025-11-27 11:31:46,538 - sistema_relatorios - relatorios_interface - INFO - Configurações de janela importadas com sucesso
2025-11-27 11:31:46,538 - sistema_relatorios - relatorios_interface - INFO - === Sistema de Relatórios Inicializando ===
2025-11-27 11:31:48,136 - sistema_relatorios - logger_config - INFO - Iniciando: Carregar configurações
2025-11-27 11:31:48,158 - sistema_relatorios - logger_config - INFO - Concluído: Carregar configurações
2025-11-27 11:31:48,161 - sistema_relatorios - logger_config - INFO - Iniciando: Carregar configurações
2025-11-27 11:31:48,164 - sistema_relatorios - logger_config - INFO - Concluído: Carregar configurações
2025-11-27 11:31:48,173 - sistema_relatorios - Sistema_Entrada_Dados - INFO - Proteções contra perda de dados configuradas
2025-11-27 11:31:51,665 - sistema_relatorios - Sistema_Entrada_Dados - INFO - Cliente selecionado com sucesso: BRUNO SANTANA RINALDI
2025-11-27 11:33:33,636 - sistema - logger_config - INFO - Sistema de logging inicializado
2025-11-27 11:33:33,637 - sistema_relatorios - logger_config - INFO - Usuário alterado para: sistema_relatorios
2025-11-27 11:33:33,638 - sistema_relatorios - relatorios_interface - INFO - Sistema de relatórios inicializando usando logger configurado
2025-11-27 11:33:33,639 - sistema_relatorios - relatorios_interface - INFO - Configurações de janela importadas com sucesso
2025-11-27 11:33:33,639 - sistema_relatorios - relatorios_interface - INFO - === Sistema de Relatórios Inicializando ===
2025-11-27 11:33:35,347 - sistema_relatorios - logger_config - INFO - Iniciando: Carregar configurações
2025-11-27 11:33:35,375 - sistema_relatorios - logger_config - INFO - Concluído: Carregar configurações
2025-11-27 11:33:35,378 - sistema_relatorios - logger_config - INFO - Iniciando: Carregar configurações
2025-11-27 11:33:35,379 - sistema_relatorios - logger_config - INFO - Concluído: Carregar configurações
2025-11-27 11:33:35,388 - sistema_relatorios - Sistema_Entrada_Dados - INFO - Proteções contra perda de dados configuradas
2025-11-27 11:33:41,184 - sistema_relatorios - Sistema_Entrada_Dados - INFO - Cliente selecionado com sucesso: BRUNO SANTANA RINALDI
2025-11-27 11:33:45,590 - sistema_relatorios - Sistema_Entrada_Dados - INFO - Cliente selecionado com sucesso: GILMAR ALMEIDA PORTUGAL
2025-11-27 11:34:11,138 - sistema - logger_config - INFO - Sistema de logging inicializado
2025-11-27 11:34:11,139 - sistema_relatorios - logger_config - INFO - Usuário alterado para: sistema_relatorios
2025-11-27 11:34:11,140 - sistema_relatorios - relatorios_interface - INFO - Sistema de relatórios inicializando usando logger configurado
2025-11-27 11:34:11,141 - sistema_relatorios - relatorios_interface - INFO - Configurações de janela importadas com sucesso
2025-11-27 11:34:11,144 - sistema_relatorios - relatorios_interface - INFO - === Sistema de Relatórios Inicializando ===
2025-11-27 11:34:12,635 - sistema_relatorios - logger_config - INFO - Iniciando: Carregar configurações
2025-11-27 11:34:12,638 - sistema_relatorios - logger_config - INFO - Concluído: Carregar configurações
2025-11-27 11:34:12,640 - sistema_relatorios - logger_config - INFO - Iniciando: Carregar configurações
2025-11-27 11:34:12,641 - sistema_relatorios - logger_config - INFO - Concluído: Carregar configurações
2025-11-27 11:34:12,652 - sistema_relatorios - Sistema_Entrada_Dados - INFO - Proteções contra perda de dados configuradas
2025-11-27 11:34:15,087 - sistema_relatorios - Sistema_Entrada_Dados - INFO - Cliente selecionado com sucesso: BRUNO SANTANA RINALDI
2025-11-27 11:34:27,029 - sistema_relatorios - Sistema_Entrada_Dados - INFO - Cliente selecionado com sucesso: GILMAR ALMEIDA PORTUGAL
2025-11-27 11:42:35,301 - sistema - logger_config - INFO - Sistema de logging inicializado
2025-11-27 11:42:35,302 - sistema_relatorios - logger_config - INFO - Usuário alterado para: sistema_relatorios
2025-11-27 11:42:35,303 - sistema_relatorios - relatorios_interface - INFO - Sistema de relatórios inicializando usando logger configurado
2025-11-27 11:42:35,303 - sistema_relatorios - relatorios_interface - INFO - Configurações de janela importadas com sucesso
2025-11-27 11:42:35,304 - sistema_relatorios - relatorios_interface - INFO - === Sistema de Relatórios Inicializando ===
2025-11-27 11:42:40,148 - sistema_relatorios - gestao_medicoes - INFO - Logger importado com sucesso em gestao_medicoes.py
2025-11-27 11:42:41,456 - sistema_relatorios - gerador_contrato - INFO - Carregando serviços de: C:\Users\Obras\sistema_gestao_testes\testes\Financeiro\Planilhas_Base\servicos_construcao.json
2025-11-27 11:42:41,504 - sistema_relatorios - gerador_contrato - INFO - Serviços carregados: 10 categorias
2025-11-27 11:42:41,505 - sistema_relatorios - gerador_contrato - INFO - Pasta de contratos verificada: C:\Users\Obras\sistema_gestao_testes\testes\Financeiro\Clientes\Contratos
2025-11-27 11:42:41,527 - sistema_relatorios - gerador_contrato - INFO - Node.js encontrado em: C:\Program Files\nodejs\node.EXE
2025-11-27 11:42:41,528 - sistema_relatorios - gerador_contrato - INFO - GeradorContrato inicializado com sucesso
2025-11-27 11:42:53,670 - sistema_relatorios - gestao_medicoes - INFO - Carregando lista de fornecedores...
2025-11-27 11:42:54,845 - sistema_relatorios - gestao_medicoes - INFO - ✅ 830 fornecedores carregados
2025-11-27 12:02:47,735 - sistema - logger_config - INFO - Sistema de logging inicializado
2025-11-27 12:02:47,736 - sistema_relatorios - logger_config - INFO - Usuário alterado para: sistema_relatorios
2025-11-27 12:02:47,736 - sistema_relatorios - relatorios_interface - INFO - Sistema de relatórios inicializando usando logger configurado
2025-11-27 12:02:47,737 - sistema_relatorios - relatorios_interface - INFO - Configurações de janela importadas com sucesso
2025-11-27 12:02:47,737 - sistema_relatorios - relatorios_interface - INFO - === Sistema de Relatórios Inicializando ===
2025-11-27 12:02:52,144 - sistema_relatorios - gestao_medicoes - INFO - Logger importado com sucesso em gestao_medicoes.py
2025-11-27 12:02:53,544 - sistema_relatorios - gerador_contrato - INFO - Carregando serviços de: C:\Users\Obras\sistema_gestao_testes\testes\Financeiro\Planilhas_Base\servicos_construcao.json
2025-11-27 12:02:53,546 - sistema_relatorios - gerador_contrato - INFO - Serviços carregados: 10 categorias
2025-11-27 12:02:53,548 - sistema_relatorios - gerador_contrato - INFO - Pasta de contratos verificada: C:\Users\Obras\sistema_gestao_testes\testes\Financeiro\Clientes\Contratos
2025-11-27 12:02:53,581 - sistema_relatorios - gerador_contrato - INFO - Node.js encontrado em: C:\Program Files\nodejs\node.EXE
2025-11-27 12:02:53,581 - sistema_relatorios - gerador_contrato - INFO - GeradorContrato inicializado com sucesso
2025-11-27 12:03:03,408 - sistema_relatorios - gerador_contrato - INFO - Obtendo dados do cliente: BRUNO SANTANA RINALDI
2025-11-27 12:03:03,424 - sistema_relatorios - gerador_contrato - INFO - Colunas disponíveis: ['Nome', 'Endereço', 'Data Inicial', 'Observações', 'Data Final', 'Tipo Taxa', 'CPF', 'CNO', 'Estado Civil', 'Cidade', 'Grupo']
2025-11-27 12:03:03,441 - sistema_relatorios - gerador_contrato - INFO - Dados do cliente 'BRUNO SANTANA RINALDI' carregados com sucesso
2025-11-27 12:03:03,476 - sistema_relatorios - gestao_medicoes - INFO - Dados do cliente carregados na aba de contrato: BRUNO SANTANA RINALDI
2025-11-27 12:03:03,478 - sistema_relatorios - gestao_medicoes - INFO - Carregando lista de fornecedores...
2025-11-27 12:03:04,676 - sistema_relatorios - gestao_medicoes - INFO - ✅ 830 fornecedores carregados
2025-11-27 12:03:11,986 - sistema_relatorios - gestao_medicoes - INFO - Buscando fornecedores com termo: e
2025-11-27 12:03:13,144 - sistema_relatorios - gestao_medicoes - INFO - ✅ 739 fornecedores encontrados
2025-11-27 12:03:13,146 - sistema_relatorios - gestao_medicoes - INFO - Carregando lista de fornecedores...
2025-11-27 12:03:14,340 - sistema_relatorios - gestao_medicoes - INFO - ✅ 830 fornecedores carregados
2025-11-27 12:03:15,002 - sistema_relatorios - gestao_medicoes - INFO - Buscando fornecedores com termo: p
2025-11-27 12:03:16,204 - sistema_relatorios - gestao_medicoes - INFO - ✅ 263 fornecedores encontrados
2025-11-27 12:03:16,207 - sistema_relatorios - gestao_medicoes - INFO - Buscando fornecedores com termo: pa
2025-11-27 12:03:17,346 - sistema_relatorios - gestao_medicoes - INFO - ✅ 73 fornecedores encontrados
2025-11-27 12:03:17,349 - sistema_relatorios - gestao_medicoes - INFO - Buscando fornecedores com termo: pau
2025-11-27 12:03:18,602 - sistema_relatorios - gestao_medicoes - INFO - ✅ 14 fornecedores encontrados
2025-11-27 12:03:18,604 - sistema_relatorios - gestao_medicoes - INFO - Buscando fornecedores com termo: paul
2025-11-27 12:03:19,806 - sistema_relatorios - gestao_medicoes - INFO - ✅ 14 fornecedores encontrados
2025-11-27 12:03:19,808 - sistema_relatorios - gestao_medicoes - INFO - Buscando fornecedores com termo: paulo
2025-11-27 12:03:21,018 - sistema_relatorios - gestao_medicoes - INFO - ✅ 10 fornecedores encontrados
2025-11-27 12:03:23,346 - sistema_relatorios - gestao_medicoes - INFO - Buscando fornecedores com termo: paulo
2025-11-27 12:03:24,500 - sistema_relatorios - gestao_medicoes - INFO - ✅ 10 fornecedores encontrados
2025-11-27 12:03:27,889 - sistema_relatorios - gestao_medicoes - INFO - Buscando fornecedores com termo: paulo
2025-11-27 12:03:29,106 - sistema_relatorios - gestao_medicoes - INFO - ✅ 10 fornecedores encontrados
2025-11-27 12:20:25,475 - sistema - logger_config - INFO - Sistema de logging inicializado
2025-11-27 12:20:25,477 - sistema_relatorios - logger_config - INFO - Usuário alterado para: sistema_relatorios
2025-11-27 12:20:25,477 - sistema_relatorios - relatorios_interface - INFO - Sistema de relatórios inicializando usando logger configurado
2025-11-27 12:20:25,477 - sistema_relatorios - relatorios_interface - INFO - Configurações de janela importadas com sucesso
2025-11-27 12:20:25,478 - sistema_relatorios - relatorios_interface - INFO - === Sistema de Relatórios Inicializando ===
2025-11-27 12:20:32,861 - sistema_relatorios - gestao_medicoes - INFO - Logger importado com sucesso em gestao_medicoes.py
2025-11-27 12:20:34,273 - sistema_relatorios - gerador_contrato - INFO - Carregando serviços de: C:\Users\Obras\sistema_gestao_testes\testes\Financeiro\Planilhas_Base\servicos_construcao.json
2025-11-27 12:20:34,276 - sistema_relatorios - gerador_contrato - INFO - Serviços carregados: 10 categorias
2025-11-27 12:20:34,277 - sistema_relatorios - gerador_contrato - INFO - Pasta de contratos verificada: C:\Users\Obras\sistema_gestao_testes\testes\Financeiro\Clientes\Contratos
2025-11-27 12:20:34,297 - sistema_relatorios - gerador_contrato - INFO - Node.js encontrado em: C:\Program Files\nodejs\node.EXE
2025-11-27 12:20:34,299 - sistema_relatorios - gerador_contrato - INFO - GeradorContrato inicializado com sucesso
2025-11-27 12:20:57,116 - sistema_relatorios - gerador_contrato - INFO - Obtendo dados do cliente: BRUNO SANTANA RINALDI
2025-11-27 12:20:57,132 - sistema_relatorios - gerador_contrato - INFO - Colunas disponíveis: ['Nome', 'Endereço', 'Data Inicial', 'Observações', 'Data Final', 'Tipo Taxa', 'CPF', 'CNO', 'Estado Civil', 'Cidade', 'Grupo']
2025-11-27 12:20:57,296 - sistema_relatorios - gerador_contrato - INFO - Dados do cliente 'BRUNO SANTANA RINALDI' carregados com sucesso
2025-11-27 12:20:57,297 - sistema_relatorios - gestao_medicoes - INFO - Dados do cliente carregados na aba de contrato: BRUNO SANTANA RINALDI
2025-11-27 12:20:57,298 - sistema_relatorios - gestao_medicoes - INFO - Carregando lista de fornecedores...
2025-11-27 12:20:58,501 - sistema_relatorios - gestao_medicoes - INFO - ✅ 830 fornecedores carregados
2025-11-27 12:21:30,862 - sistema_relatorios - gestao_medicoes - INFO - Buscando fornecedores com termo: e
2025-11-27 12:21:32,057 - sistema_relatorios - gestao_medicoes - INFO - ✅ 739 fornecedores encontrados
2025-11-27 12:21:32,059 - sistema_relatorios - gestao_medicoes - INFO - Buscando fornecedores com termo: er
2025-11-27 12:21:33,313 - sistema_relatorios - gestao_medicoes - INFO - ✅ 295 fornecedores encontrados
2025-11-27 12:21:33,315 - sistema_relatorios - gestao_medicoes - INFO - Buscando fornecedores com termo: eri
2025-11-27 12:21:34,510 - sistema_relatorios - gestao_medicoes - INFO - ✅ 28 fornecedores encontrados
2025-11-27 12:21:34,512 - sistema_relatorios - gestao_medicoes - INFO - Buscando fornecedores com termo: eril
2025-11-27 12:21:35,699 - sistema_relatorios - gestao_medicoes - INFO - ✅ 1 fornecedores encontrados
2025-11-27 12:26:03,328 - sistema_relatorios - logger_config - INFO - Iniciando: Carregar configurações
2025-11-27 12:26:03,333 - sistema_relatorios - logger_config - INFO - Concluído: Carregar configurações
2025-11-27 12:26:03,336 - sistema_relatorios - logger_config - INFO - Iniciando: Carregar configurações
2025-11-27 12:26:03,342 - sistema_relatorios - logger_config - INFO - Concluído: Carregar configurações
2025-11-27 12:26:03,356 - sistema_relatorios - Sistema_Entrada_Dados - INFO - Proteções contra perda de dados configuradas
2025-11-27 12:26:05,974 - sistema_relatorios - Sistema_Entrada_Dados - INFO - Cliente selecionado com sucesso: BRUNO SANTANA RINALDI
2025-11-27 12:26:27,472 - sistema_relatorios - gerador_contrato - INFO - Carregando serviços de: C:\Users\Obras\sistema_gestao_testes\testes\Financeiro\Planilhas_Base\servicos_construcao.json
2025-11-27 12:26:27,473 - sistema_relatorios - gerador_contrato - INFO - Serviços carregados: 10 categorias
2025-11-27 12:26:27,475 - sistema_relatorios - gerador_contrato - INFO - Pasta de contratos verificada: C:\Users\Obras\sistema_gestao_testes\testes\Financeiro\Clientes\Contratos
2025-11-27 12:26:27,500 - sistema_relatorios - gerador_contrato - INFO - Node.js encontrado em: C:\Program Files\nodejs\node.EXE
2025-11-27 12:26:27,545 - sistema_relatorios - gerador_contrato - INFO - GeradorContrato inicializado com sucesso
2025-11-27 12:26:34,600 - sistema_relatorios - gerador_contrato - INFO - Obtendo dados do cliente: BRUNO SANTANA RINALDI
2025-11-27 12:26:34,617 - sistema_relatorios - gerador_contrato - INFO - Colunas disponíveis: ['Nome', 'Endereço', 'Data Inicial', 'Observações', 'Data Final', 'Tipo Taxa', 'CPF', 'CNO', 'Estado Civil', 'Cidade', 'Grupo']
2025-11-27 12:26:34,621 - sistema_relatorios - gerador_contrato - INFO - Dados do cliente 'BRUNO SANTANA RINALDI' carregados com sucesso
2025-11-27 12:26:34,624 - sistema_relatorios - gestao_medicoes - INFO - Dados do cliente carregados na aba de contrato: BRUNO SANTANA RINALDI
2025-11-27 12:26:34,624 - sistema_relatorios - gestao_medicoes - INFO - Carregando lista de fornecedores...
2025-11-27 12:26:35,865 - sistema_relatorios - gestao_medicoes - INFO - ✅ 830 fornecedores carregados
2025-11-27 12:27:00,593 - sistema_relatorios - gerador_contrato - INFO - Carregando serviços de: C:\Users\Obras\sistema_gestao_testes\testes\Financeiro\Planilhas_Base\servicos_construcao.json
2025-11-27 12:27:00,594 - sistema_relatorios - gerador_contrato - INFO - Serviços carregados: 10 categorias
2025-11-27 12:27:00,595 - sistema_relatorios - gerador_contrato - INFO - Pasta de contratos verificada: C:\Users\Obras\sistema_gestao_testes\testes\Financeiro\Clientes\Contratos
2025-11-27 12:27:00,617 - sistema_relatorios - gerador_contrato - INFO - Node.js encontrado em: C:\Program Files\nodejs\node.EXE
2025-11-27 12:27:00,617 - sistema_relatorios - gerador_contrato - INFO - GeradorContrato inicializado com sucesso
2025-11-27 12:28:46,724 - sistema - logger_config - INFO - Sistema de logging inicializado
2025-11-27 12:28:46,725 - sistema_relatorios - logger_config - INFO - Usuário alterado para: sistema_relatorios
2025-11-27 12:28:46,725 - sistema_relatorios - relatorios_interface - INFO - Sistema de relatórios inicializando usando logger configurado
2025-11-27 12:28:46,726 - sistema_relatorios - relatorios_interface - INFO - Configurações de janela importadas com sucesso
2025-11-27 12:28:46,726 - sistema_relatorios - relatorios_interface - INFO - === Sistema de Relatórios Inicializando ===
2025-11-27 12:28:50,854 - sistema_relatorios - gestao_medicoes - INFO - Logger importado com sucesso em gestao_medicoes.py
2025-11-27 12:28:52,129 - sistema_relatorios - gerador_contrato - INFO - Carregando serviços de: C:\Users\Obras\sistema_gestao_testes\testes\Financeiro\Planilhas_Base\servicos_construcao.json
2025-11-27 12:28:52,131 - sistema_relatorios - gerador_contrato - INFO - Serviços carregados: 10 categorias
2025-11-27 12:28:52,132 - sistema_relatorios - gerador_contrato - INFO - Pasta de contratos verificada: C:\Users\Obras\sistema_gestao_testes\testes\Financeiro\Clientes\Contratos
2025-11-27 12:28:52,151 - sistema_relatorios - gerador_contrato - INFO - Node.js encontrado em: C:\Program Files\nodejs\node.EXE
2025-11-27 12:28:52,152 - sistema_relatorios - gerador_contrato - INFO - GeradorContrato inicializado com sucesso
2025-11-27 12:29:19,303 - sistema_relatorios - gerador_contrato - INFO - Obtendo dados do cliente: BRUNO SANTANA RINALDI
2025-11-27 12:29:19,320 - sistema_relatorios - gerador_contrato - INFO - Colunas disponíveis: ['Nome', 'Endereço', 'Data Inicial', 'Observações', 'Data Final', 'Tipo Taxa', 'CPF', 'CNO', 'Estado Civil', 'Cidade', 'Grupo']
2025-11-27 12:29:19,325 - sistema_relatorios - gerador_contrato - INFO - Dados do cliente 'BRUNO SANTANA RINALDI' carregados com sucesso
2025-11-27 12:29:19,328 - sistema_relatorios - gestao_medicoes - INFO - Dados do cliente carregados na aba de contrato: BRUNO SANTANA RINALDI
2025-11-27 12:29:19,329 - sistema_relatorios - gestao_medicoes - INFO - Carregando lista de fornecedores...
2025-11-27 12:29:20,467 - sistema_relatorios - gestao_medicoes - INFO - ✅ 830 fornecedores carregados
2025-11-27 12:31:54,151 - sistema - logger_config - INFO - Sistema de logging inicializado
2025-11-27 12:31:54,152 - sistema_relatorios - logger_config - INFO - Usuário alterado para: sistema_relatorios
2025-11-27 12:31:54,153 - sistema_relatorios - relatorios_interface - INFO - Sistema de relatórios inicializando usando logger configurado
2025-11-27 12:31:54,153 - sistema_relatorios - relatorios_interface - INFO - Configurações de janela importadas com sucesso
2025-11-27 12:31:54,153 - sistema_relatorios - relatorios_interface - INFO - === Sistema de Relatórios Inicializando ===
2025-11-27 12:31:58,210 - sistema_relatorios - gestao_medicoes - INFO - Logger importado com sucesso em gestao_medicoes.py
2025-11-27 12:31:59,405 - sistema_relatorios - gerador_contrato - INFO - Carregando serviços de: C:\Users\Obras\sistema_gestao_testes\testes\Financeiro\Planilhas_Base\servicos_construcao.json
2025-11-27 12:31:59,407 - sistema_relatorios - gerador_contrato - INFO - Serviços carregados: 10 categorias
2025-11-27 12:31:59,408 - sistema_relatorios - gerador_contrato - INFO - Pasta de contratos verificada: C:\Users\Obras\sistema_gestao_testes\testes\Financeiro\Clientes\Contratos
2025-11-27 12:31:59,429 - sistema_relatorios - gerador_contrato - INFO - Node.js encontrado em: C:\Program Files\nodejs\node.EXE
2025-11-27 12:31:59,430 - sistema_relatorios - gerador_contrato - INFO - GeradorContrato inicializado com sucesso
2025-11-27 12:32:09,027 - sistema_relatorios - gerador_contrato - INFO - Obtendo dados do cliente: BRUNO SANTANA RINALDI
2025-11-27 12:32:09,044 - sistema_relatorios - gerador_contrato - INFO - Colunas disponíveis: ['Nome', 'Endereço', 'Data Inicial', 'Observações', 'Data Final', 'Tipo Taxa', 'CPF', 'CNO', 'Estado Civil', 'Cidade', 'Grupo']
2025-11-27 12:32:09,049 - sistema_relatorios - gerador_contrato - INFO - Dados do cliente 'BRUNO SANTANA RINALDI' carregados com sucesso
2025-11-27 12:32:09,050 - sistema_relatorios - gestao_medicoes - INFO - Dados do cliente carregados na aba de contrato: BRUNO SANTANA RINALDI
2025-11-27 12:32:09,051 - sistema_relatorios - gestao_medicoes - INFO - Carregando lista de fornecedores...
2025-11-27 12:32:10,327 - sistema_relatorios - gestao_medicoes - INFO - ✅ 830 fornecedores carregados
2025-11-27 12:32:52,398 - sistema_relatorios - gerador_contrato - INFO - Obtendo dados do cliente: BRUNO SANTANA RINALDI
2025-11-27 12:32:52,415 - sistema_relatorios - gerador_contrato - INFO - Colunas disponíveis: ['Nome', 'Endereço', 'Data Inicial', 'Observações', 'Data Final', 'Tipo Taxa', 'CPF', 'CNO', 'Estado Civil', 'Cidade', 'Grupo']
2025-11-27 12:32:52,418 - sistema_relatorios - gerador_contrato - INFO - Dados do cliente 'BRUNO SANTANA RINALDI' carregados com sucesso
2025-11-27 12:32:52,421 - sistema_relatorios - gestao_medicoes - INFO - Dados do cliente carregados na aba de contrato: BRUNO SANTANA RINALDI
2025-11-27 12:32:52,424 - sistema_relatorios - gestao_medicoes - INFO - Carregando lista de fornecedores...
2025-11-27 12:32:53,617 - sistema_relatorios - gestao_medicoes - INFO - ✅ 830 fornecedores carregados
2025-11-27 16:40:39,842 - sistema - logger_config - INFO - Sistema de logging inicializado
2025-11-27 16:40:39,843 - sistema_relatorios - logger_config - INFO - Usuário alterado para: sistema_relatorios
2025-11-27 16:40:39,843 - sistema_relatorios - relatorios_interface - INFO - Sistema de relatórios inicializando usando logger configurado
2025-11-27 16:40:39,844 - sistema_relatorios - relatorios_interface - INFO - Configurações de janela importadas com sucesso
2025-11-27 16:40:39,844 - sistema_relatorios - relatorios_interface - INFO - === Sistema de Relatórios Inicializando ===
2025-11-27 16:40:45,546 - sistema_relatorios - gestao_medicoes - INFO - Logger importado com sucesso em gestao_medicoes.py
2025-11-27 16:40:48,005 - sistema_relatorios - gerador_contrato - INFO - Carregando serviços de: C:\Users\Obras\sistema_gestao_testes\testes\Financeiro\Planilhas_Base\servicos_construcao.json
2025-11-27 16:40:48,034 - sistema_relatorios - gerador_contrato - INFO - Serviços carregados: 10 categorias
2025-11-27 16:40:48,036 - sistema_relatorios - gerador_contrato - INFO - Pasta de contratos verificada: C:\Users\Obras\sistema_gestao_testes\testes\Financeiro\Clientes\Contratos
2025-11-27 16:40:48,059 - sistema_relatorios - gerador_contrato - INFO - Node.js encontrado em: C:\Program Files\nodejs\node.EXE
2025-11-27 16:40:48,060 - sistema_relatorios - gerador_contrato - INFO - GeradorContrato inicializado com sucesso
2025-11-27 16:41:20,729 - sistema_relatorios - gestao_medicoes - INFO - Carregando lista de fornecedores...
2025-11-27 16:41:21,893 - sistema_relatorios - gestao_medicoes - INFO - ✅ 830 fornecedores carregados
2025-11-27 17:01:29,106 - sistema - logger_config - INFO - Sistema de logging inicializado
2025-11-27 17:01:29,108 - sistema_relatorios - logger_config - INFO - Usuário alterado para: sistema_relatorios
2025-11-27 17:01:29,108 - sistema_relatorios - relatorios_interface - INFO - Sistema de relatórios inicializando usando logger configurado
2025-11-27 17:01:29,108 - sistema_relatorios - relatorios_interface - INFO - Configurações de janela importadas com sucesso
2025-11-27 17:01:29,109 - sistema_relatorios - relatorios_interface - INFO - === Sistema de Relatórios Inicializando ===
2025-11-27 17:02:21,687 - sistema_relatorios - gestao_medicoes - INFO - Logger importado com sucesso em gestao_medicoes.py
2025-11-27 17:02:23,034 - sistema_relatorios - gerador_contrato - INFO - Carregando serviços de: C:\Users\Obras\sistema_gestao_testes\testes\Financeiro\Planilhas_Base\servicos_construcao.json
2025-11-27 17:02:23,036 - sistema_relatorios - gerador_contrato - INFO - Serviços carregados: 10 categorias
2025-11-27 17:02:23,040 - sistema_relatorios - gerador_contrato - INFO - Pasta de contratos verificada: C:\Users\Obras\sistema_gestao_testes\testes\Financeiro\Clientes\Contratos
2025-11-27 17:02:23,067 - sistema_relatorios - gerador_contrato - INFO - Node.js encontrado em: C:\Program Files\nodejs\node.EXE
2025-11-27 17:02:23,068 - sistema_relatorios - gerador_contrato - INFO - GeradorContrato inicializado com sucesso
2025-11-27 17:02:38,003 - sistema_relatorios - gerador_contrato - INFO - Obtendo dados do cliente: GILMAR ALMEIDA PORTUGAL
2025-11-27 17:02:38,023 - sistema_relatorios - gerador_contrato - INFO - Colunas disponíveis: ['Nome', 'Endereço', 'Data Inicial', 'Observações', 'Data Final', 'Tipo Taxa', 'CPF', 'CNO', 'Estado Civil', 'Cidade', 'Grupo']
2025-11-27 17:02:38,042 - sistema_relatorios - gerador_contrato - INFO - Dados do cliente 'GILMAR ALMEIDA PORTUGAL' carregados com sucesso
2025-11-27 17:02:38,045 - sistema_relatorios - gestao_medicoes - INFO - Dados do cliente carregados na aba de contrato: GILMAR ALMEIDA PORTUGAL
2025-11-27 17:02:47,661 - sistema_relatorios - gestao_medicoes - INFO - Buscando fornecedores com termo: a
2025-11-27 17:02:48,944 - sistema_relatorios - gestao_medicoes - INFO - ✅ 809 fornecedores encontrados
2025-11-27 17:02:48,947 - sistema_relatorios - gestao_medicoes - INFO - Buscando fornecedores com termo: al
2025-11-27 17:02:50,193 - sistema_relatorios - gestao_medicoes - INFO - ✅ 194 fornecedores encontrados
2025-11-27 17:02:51,797 - sistema_relatorios - gestao_medicoes - INFO - Buscando fornecedores com termo: alf
2025-11-27 17:02:53,008 - sistema_relatorios - gestao_medicoes - INFO - ✅ 3 fornecedores encontrados
2025-11-27 17:02:58,261 - sistema_relatorios - gestao_medicoes - INFO - Buscando fornecedores com termo: al
2025-11-27 17:02:59,667 - sistema_relatorios - gestao_medicoes - INFO - ✅ 194 fornecedores encontrados
2025-11-27 17:02:59,669 - sistema_relatorios - gestao_medicoes - INFO - Buscando fornecedores com termo: a
2025-11-27 17:03:00,909 - sistema_relatorios - gestao_medicoes - INFO - ✅ 809 fornecedores encontrados
2025-11-27 17:03:00,912 - sistema_relatorios - gestao_medicoes - INFO - Carregando lista de fornecedores...
2025-11-27 17:03:02,195 - sistema_relatorios - gestao_medicoes - INFO - ✅ 830 fornecedores carregados
2025-11-27 17:03:02,196 - sistema_relatorios - gestao_medicoes - INFO - Carregando lista de fornecedores...
2025-11-27 17:03:03,465 - sistema_relatorios - gestao_medicoes - INFO - ✅ 830 fornecedores carregados
2025-11-27 17:04:28,011 - sistema - logger_config - INFO - Sistema de logging inicializado
2025-11-27 17:04:28,012 - sistema_relatorios - logger_config - INFO - Usuário alterado para: sistema_relatorios
2025-11-27 17:04:28,012 - sistema_relatorios - relatorios_interface - INFO - Sistema de relatórios inicializando usando logger configurado
2025-11-27 17:04:28,013 - sistema_relatorios - relatorios_interface - INFO - Configurações de janela importadas com sucesso
2025-11-27 17:04:28,013 - sistema_relatorios - relatorios_interface - INFO - === Sistema de Relatórios Inicializando ===
2025-11-27 17:04:32,270 - sistema_relatorios - gestao_medicoes - INFO - Logger importado com sucesso em gestao_medicoes.py
2025-11-27 17:04:33,625 - sistema_relatorios - gerador_contrato - INFO - Carregando serviços de: C:\Users\Obras\sistema_gestao_testes\testes\Financeiro\Planilhas_Base\servicos_construcao.json
2025-11-27 17:04:33,627 - sistema_relatorios - gerador_contrato - INFO - Serviços carregados: 10 categorias
2025-11-27 17:04:33,628 - sistema_relatorios - gerador_contrato - INFO - Pasta de contratos verificada: C:\Users\Obras\sistema_gestao_testes\testes\Financeiro\Clientes\Contratos
2025-11-27 17:04:33,649 - sistema_relatorios - gerador_contrato - INFO - Node.js encontrado em: C:\Program Files\nodejs\node.EXE
2025-11-27 17:04:33,649 - sistema_relatorios - gerador_contrato - INFO - GeradorContrato inicializado com sucesso
2025-11-27 17:04:40,444 - sistema_relatorios - gerador_contrato - INFO - Obtendo dados do cliente: BRUNO SANTANA RINALDI
2025-11-27 17:04:40,463 - sistema_relatorios - gerador_contrato - INFO - Colunas disponíveis: ['Nome', 'Endereço', 'Data Inicial', 'Observações', 'Data Final', 'Tipo Taxa', 'CPF', 'CNO', 'Estado Civil', 'Cidade', 'Grupo']
2025-11-27 17:04:40,481 - sistema_relatorios - gerador_contrato - INFO - Dados do cliente 'BRUNO SANTANA RINALDI' carregados com sucesso
2025-11-27 17:04:40,483 - sistema_relatorios - gestao_medicoes - INFO - Dados do cliente carregados na aba de contrato: BRUNO SANTANA RINALDI
2025-11-27 17:05:18,756 - sistema_relatorios - gestao_medicoes - INFO - Buscando fornecedores com termo: p
2025-11-27 17:05:19,935 - sistema_relatorios - gestao_medicoes - INFO - ✅ 263 fornecedores encontrados
2025-11-27 17:05:19,937 - sistema_relatorios - gestao_medicoes - INFO - Buscando fornecedores com termo: pa
2025-11-27 17:05:21,091 - sistema_relatorios - gestao_medicoes - INFO - ✅ 73 fornecedores encontrados
2025-11-27 17:05:21,093 - sistema_relatorios - gestao_medicoes - INFO - Buscando fornecedores com termo: pau
2025-11-27 17:05:22,275 - sistema_relatorios - gestao_medicoes - INFO - ✅ 14 fornecedores encontrados
2025-11-27 17:05:22,278 - sistema_relatorios - gestao_medicoes - INFO - Buscando fornecedores com termo: paul
2025-11-27 17:05:23,455 - sistema_relatorios - gestao_medicoes - INFO - ✅ 14 fornecedores encontrados
2025-11-27 17:05:23,457 - sistema_relatorios - gestao_medicoes - INFO - Buscando fornecedores com termo: paulo
2025-11-27 17:05:24,606 - sistema_relatorios - gestao_medicoes - INFO - ✅ 10 fornecedores encontrados
2025-11-27 17:05:24,608 - sistema_relatorios - gestao_medicoes - INFO - Buscando fornecedores com termo: paulo
2025-11-27 17:05:25,839 - sistema_relatorios - gestao_medicoes - INFO - ✅ 10 fornecedores encontrados
