2025-12-10 08:56:27,389 - sistema - logger_config - INFO - Sistema de logging inicializado
2025-12-10 08:56:27,390 - sistema_relatorios - logger_config - INFO - Usuário alterado para: sistema_relatorios
2025-12-10 08:56:27,391 - sistema_relatorios - relatorios_interface - INFO - Sistema de relatórios inicializando usando logger configurado
2025-12-10 08:56:27,391 - sistema_relatorios - relatorios_interface - INFO - Configurações de janela importadas com sucesso
2025-12-10 08:56:27,392 - sistema_relatorios - relatorios_interface - INFO - === Sistema de Relatórios Inicializando ===
2025-12-10 08:56:42,176 - sistema_relatorios - gestao_medicoes - INFO - Logger importado com sucesso em gestao_medicoes.py
2025-12-10 08:56:42,438 - sistema_relatorios - gestao_medicoes - INFO - ✅ Janela Gestão de Medições inicializada com tripla proteção de visibilidade
2025-12-10 08:56:44,001 - sistema_relatorios - gerador_contrato - INFO - Carregando serviços de: C:\Users\Obras\sistema_gestao_testes\testes\Financeiro\Planilhas_Base\servicos_construcao.json
2025-12-10 08:56:44,015 - sistema_relatorios - gerador_contrato - INFO - Serviços carregados: 10 categorias
2025-12-10 08:56:44,018 - sistema_relatorios - gerador_contrato - INFO - Pasta de contratos verificada: C:\Users\Obras\sistema_gestao_testes\testes\Financeiro\Clientes\Contratos
2025-12-10 08:56:44,021 - sistema_relatorios - gerador_contrato - INFO - GeradorContrato inicializado com sucesso (usando python-docx)
2025-12-10 08:56:50,586 - sistema_relatorios - gerador_contrato - INFO - Obtendo dados do cliente: BRUNO SANTANA RINALDI
2025-12-10 08:56:50,607 - sistema_relatorios - gerador_contrato - INFO - Colunas disponíveis: ['Nome', 'Endereço', 'Data Inicial', 'Observações', 'Data Final', 'Tipo Taxa', 'CPF', 'CNO', 'Estado Civil', 'Cidade', 'Grupo']
2025-12-10 08:56:50,623 - sistema_relatorios - gerador_contrato - INFO - CPF bruto obtido: 12345678900.0 (tipo: <class 'numpy.float64'>)
2025-12-10 08:56:50,625 - sistema_relatorios - gerador_contrato - INFO - CPF convertido de float: 12345678900.0 → 12345678900
2025-12-10 08:56:50,625 - sistema_relatorios - gerador_contrato - INFO - CPF apenas números: 12345678900
2025-12-10 08:56:50,626 - sistema_relatorios - gerador_contrato - INFO - ✅ CPF formatado: 123.456.789-00
2025-12-10 08:56:50,627 - sistema_relatorios - gerador_contrato - INFO - CNO já formatado: 90.018.91862/63
2025-12-10 08:56:50,630 - sistema_relatorios - gerador_contrato - INFO - ✅ Dados do cliente processados - CPF final: 123.456.789-00
2025-12-10 08:56:50,630 - sistema_relatorios - gerador_contrato - INFO - Dados do cliente obtidos com sucesso: BRUNO SANTANA RINALDI
2025-12-10 08:56:50,633 - sistema_relatorios - gestao_medicoes - INFO - Dados do cliente carregados na aba de contrato: BRUNO SANTANA RINALDI
2025-12-10 08:57:00,006 - sistema_relatorios - gestao_medicoes - INFO - Buscando fornecedores com termo: j
2025-12-10 08:57:01,106 - sistema_relatorios - gestao_medicoes - INFO - ✅ 145 fornecedores encontrados
2025-12-10 08:57:01,108 - sistema_relatorios - gestao_medicoes - INFO - Buscando fornecedores com termo: jo
2025-12-10 08:57:02,194 - sistema_relatorios - gestao_medicoes - INFO - ✅ 76 fornecedores encontrados
2025-12-10 08:57:02,196 - sistema_relatorios - gestao_medicoes - INFO - Buscando fornecedores com termo: jos
2025-12-10 08:57:03,342 - sistema_relatorios - gestao_medicoes - INFO - ✅ 44 fornecedores encontrados
2025-12-10 08:57:03,343 - sistema_relatorios - gestao_medicoes - INFO - Buscando fornecedores com termo: jos
2025-12-10 08:57:04,453 - sistema_relatorios - gestao_medicoes - INFO - ✅ 44 fornecedores encontrados
2025-12-10 08:57:26,728 - sistema_relatorios - gestao_medicoes - INFO - Carregando dados do fornecedor: JOSÉ TEIXEIRA (CNPJ: 524.475.616-87)
2025-12-10 08:57:27,869 - sistema_relatorios - gestao_medicoes - WARNING - Fornecedor 'JOSÉ TEIXEIRA' sem endereço cadastrado
2025-12-10 08:57:28,954 - sistema_relatorios - gestao_medicoes - INFO - ✅ Dados do fornecedor 'JOSÉ TEIXEIRA' carregados
2025-12-10 08:57:28,955 - sistema_relatorios - gestao_medicoes - INFO - Carregando dados do fornecedor: JOSÉ TEIXEIRA (CNPJ: 524.475.616-87)
2025-12-10 08:57:30,009 - sistema_relatorios - gestao_medicoes - WARNING - Fornecedor 'JOSÉ TEIXEIRA' sem endereço cadastrado
2025-12-10 08:57:31,132 - sistema_relatorios - gestao_medicoes - INFO - ✅ Dados do fornecedor 'JOSÉ TEIXEIRA' carregados
2025-12-10 08:57:31,141 - sistema_relatorios - gestao_medicoes - INFO - Carregando dados do fornecedor: JOSÉ TEIXEIRA (CNPJ: 524.475.616-87)
2025-12-10 08:57:32,141 - sistema_relatorios - gestao_medicoes - WARNING - Fornecedor 'JOSÉ TEIXEIRA' sem endereço cadastrado
2025-12-10 08:57:33,157 - sistema_relatorios - gestao_medicoes - INFO - ✅ Dados do fornecedor 'JOSÉ TEIXEIRA' carregados
2025-12-10 08:57:40,915 - sistema_relatorios - gestao_medicoes - INFO - Data do Contrato/Início sincronizadas: 2025-12-01
2025-12-10 08:57:44,705 - sistema_relatorios - gestao_medicoes - INFO - Data Fim calculada: 11/12/2025 (8 dias úteis, excluindo data início)
2025-12-10 08:57:46,894 - sistema_relatorios - gestao_medicoes - INFO - Data Fim calculada: 10/12/2025 (7 dias úteis, excluindo data início)
2025-12-10 08:57:47,142 - sistema_relatorios - gestao_medicoes - INFO - Data Fim calculada: 16/03/2026 (75 dias úteis, excluindo data início)
2025-12-10 08:57:48,847 - sistema_relatorios - gestao_medicoes - INFO - Data Fim calculada: 16/03/2026 (75 dias úteis, excluindo data início)
2025-12-10 08:57:48,958 - sistema_relatorios - gestao_medicoes - INFO - ✓ Modo data condicionada ATIVADO
2025-12-10 08:58:18,949 - sistema_relatorios - gestao_medicoes - INFO - ⚠️ Contrato com data condicionada - datas não validadas
2025-12-10 08:58:18,950 - sistema_relatorios - gerador_contrato - INFO - Obtendo dados do cliente: BRUNO SANTANA RINALDI
2025-12-10 08:58:18,975 - sistema_relatorios - gerador_contrato - INFO - Colunas disponíveis: ['Nome', 'Endereço', 'Data Inicial', 'Observações', 'Data Final', 'Tipo Taxa', 'CPF', 'CNO', 'Estado Civil', 'Cidade', 'Grupo']
2025-12-10 08:58:18,977 - sistema_relatorios - gerador_contrato - INFO - CPF bruto obtido: 12345678900.0 (tipo: <class 'numpy.float64'>)
2025-12-10 08:58:18,978 - sistema_relatorios - gerador_contrato - INFO - CPF convertido de float: 12345678900.0 → 12345678900
2025-12-10 08:58:18,979 - sistema_relatorios - gerador_contrato - INFO - CPF apenas números: 12345678900
2025-12-10 08:58:18,980 - sistema_relatorios - gerador_contrato - INFO - ✅ CPF formatado: 123.456.789-00
2025-12-10 08:58:18,981 - sistema_relatorios - gerador_contrato - INFO - CNO já formatado: 90.018.91862/63
2025-12-10 08:58:18,982 - sistema_relatorios - gerador_contrato - INFO - ✅ Dados do cliente processados - CPF final: 123.456.789-00
2025-12-10 08:58:18,983 - sistema_relatorios - gerador_contrato - INFO - Dados do cliente obtidos com sucesso: BRUNO SANTANA RINALDI
2025-12-10 08:58:18,984 - sistema_relatorios - gerador_contrato - INFO - Obtendo dados do fornecedor por nome: JOSÉ TEIXEIRA
2025-12-10 08:58:19,494 - sistema_relatorios - gerador_contrato - INFO - Colunas disponíveis na planilha de fornecedores: ['CNPJ/CPF', 'tipo_pessoa', 'RAZÃO SOCIAL', 'NOME', 'TELEFONE:', 'EMAIL:', 'BANCO:', 'OP', 'AGENCIA:', 'CONTA:', 'Chave_PIX', 'CATEGORIA: ', 'ESPECIFICACAO', 'VÍNCULO', 'DADOS BANCÁRIOS', 'ENDEREÇO']
2025-12-10 08:58:19,503 - sistema_relatorios - gerador_contrato - INFO - ✅ Fornecedor encontrado na planilha
2025-12-10 08:58:19,503 - sistema_relatorios - gerador_contrato - INFO - CPF/CNPJ: 52447561687 → 524.475.616-87
2025-12-10 08:58:19,504 - sistema_relatorios - gerador_contrato - WARNING - Endereço não encontrado para fornecedor JOSÉ TEIXEIRA
2025-12-10 08:58:19,505 - sistema_relatorios - gerador_contrato - INFO - ✅ Dados obtidos: Nome=JOSÉ TEIXEIRA, CNPJ/CPF=524.475.616-87, Endereço=não informado
2025-12-10 08:58:19,507 - sistema_relatorios - gerador_contrato - INFO - === INICIANDO GERAÇÃO DE CONTRATO ===
2025-12-10 08:58:19,508 - sistema_relatorios - gerador_contrato - INFO - 📋 Dados do contrato recebidos: ['data', 'cidade', 'cliente_nome', 'cliente_cno', 'cliente_cpf', 'cliente_estado_civil', 'cliente_endereco', 'fornecedor_nome', 'fornecedor_cnpj_cpf', 'fornecedor_endereco', 'endereco_obra', 'dias', 'data_inicio', 'data_fim', 'valor', 'multa', 'dados_bancarios', 'data_condicionada', 'descricao']
2025-12-10 08:58:19,509 - sistema_relatorios - gerador_contrato - INFO - Usando formato dict - Cliente: BRUNO SANTANA RINALDI
2025-12-10 08:58:19,510 - sistema_relatorios - gerador_contrato - INFO - Fornecedor CPF/CNPJ do dict: 524.475.616-87
2025-12-10 08:58:19,511 - sistema_relatorios - gerador_contrato - INFO - Prazo informado: 75 dias
2025-12-10 08:58:19,512 - sistema_relatorios - gerador_contrato - INFO - Multa informada: R$ 4.000,00
2025-12-10 08:58:19,513 - sistema_relatorios - gerador_contrato - INFO - ✅ Dados cliente processados: BRUNO SANTANA RINALDI
2025-12-10 08:58:19,513 - sistema_relatorios - gerador_contrato - INFO - ✅ Dados fornecedor processados: JOSÉ TEIXEIRA - 524.475.616-87
2025-12-10 08:58:19,518 - sistema_relatorios - gerador_contrato - INFO - ✅ Usando prazo do formulário: 75 dias úteis
2025-12-10 08:58:19,666 - sistema_relatorios - gerador_contrato - INFO - ✅ Usando multa do formulário: R$ 4000.0
2025-12-10 08:58:19,667 - sistema_relatorios - gerador_contrato - INFO - ✅ Data do contrato: A definir conforme recebimento de material (A definir conforme recebimento de material)
2025-12-10 08:58:19,790 - sistema_relatorios - gerador_contrato - INFO - ✓ Contrato gerado com data condicionada ao recebimento de material
2025-12-10 08:58:19,852 - sistema_relatorios - gerador_contrato - INFO - ✅ Contrato gerado com sucesso: C:\Users\Obras\sistema_gestao_testes\testes\Financeiro\Clientes\Contratos\Contrato_BRUNO_SANTANA_RINALDI_20251210_085819.docx
2025-12-10 08:58:23,339 - sistema_relatorios - gestao_medicoes - INFO - Pasta de contratos aberta: C:\Users\Obras\sistema_gestao_testes\testes\Financeiro\Clientes\Contratos
2025-12-10 09:02:39,109 - sistema_relatorios - gestao_medicoes - INFO - ✅ Janela de Gestão de Medições fechada
2025-12-10 09:02:39,142 - sistema_relatorios - gestao_medicoes - INFO - ✅ Menu principal restaurado
2025-12-10 09:26:53,474 - sistema - logger_config - INFO - Sistema de logging inicializado
2025-12-10 09:26:53,475 - sistema_relatorios - logger_config - INFO - Usuário alterado para: sistema_relatorios
2025-12-10 09:26:53,475 - sistema_relatorios - relatorios_interface - INFO - Sistema de relatórios inicializando usando logger configurado
2025-12-10 09:26:53,476 - sistema_relatorios - relatorios_interface - INFO - Configurações de janela importadas com sucesso
2025-12-10 09:26:53,476 - sistema_relatorios - relatorios_interface - INFO - === Sistema de Relatórios Inicializando ===
2025-12-10 09:27:02,573 - sistema_relatorios - gestao_medicoes - INFO - Logger importado com sucesso em gestao_medicoes.py
2025-12-10 09:27:02,831 - sistema_relatorios - gestao_medicoes - INFO - ✅ Janela Gestão de Medições inicializada com tripla proteção de visibilidade
2025-12-10 09:27:04,339 - sistema_relatorios - gerador_contrato - INFO - Carregando serviços de: C:\Users\Obras\sistema_gestao_testes\testes\Financeiro\Planilhas_Base\servicos_construcao.json
2025-12-10 09:27:04,357 - sistema_relatorios - gerador_contrato - INFO - Serviços carregados: 10 categorias
2025-12-10 09:27:04,358 - sistema_relatorios - gerador_contrato - INFO - Pasta de contratos verificada: C:\Users\Obras\sistema_gestao_testes\testes\Financeiro\Clientes\Contratos
2025-12-10 09:27:04,359 - sistema_relatorios - gerador_contrato - INFO - GeradorContrato inicializado com sucesso (usando python-docx)
2025-12-10 09:27:12,791 - sistema_relatorios - gerador_contrato - INFO - Obtendo dados do cliente: BRUNO SANTANA RINALDI
2025-12-10 09:27:12,816 - sistema_relatorios - gerador_contrato - INFO - Colunas disponíveis: ['Nome', 'Endereço', 'Data Inicial', 'Observações', 'Data Final', 'Tipo Taxa', 'CPF', 'CNO', 'Estado Civil', 'Cidade', 'Grupo']
2025-12-10 09:27:12,835 - sistema_relatorios - gerador_contrato - INFO - CPF bruto obtido: 12345678900.0 (tipo: <class 'numpy.float64'>)
2025-12-10 09:27:12,836 - sistema_relatorios - gerador_contrato - INFO - CPF convertido de float: 12345678900.0 → 12345678900
2025-12-10 09:27:12,837 - sistema_relatorios - gerador_contrato - INFO - CPF apenas números: 12345678900
2025-12-10 09:27:12,838 - sistema_relatorios - gerador_contrato - INFO - ✅ CPF formatado: 123.456.789-00
2025-12-10 09:27:12,840 - sistema_relatorios - gerador_contrato - INFO - CNO já formatado: 90.018.91862/63
2025-12-10 09:27:12,844 - sistema_relatorios - gerador_contrato - INFO - ✅ Dados do cliente processados - CPF final: 123.456.789-00
2025-12-10 09:27:12,845 - sistema_relatorios - gerador_contrato - INFO - Dados do cliente obtidos com sucesso: BRUNO SANTANA RINALDI
2025-12-10 09:27:12,847 - sistema_relatorios - gestao_medicoes - INFO - Dados do cliente carregados na aba de contrato: BRUNO SANTANA RINALDI
2025-12-10 09:27:17,562 - sistema_relatorios - gestao_medicoes - INFO - Buscando fornecedores com termo: t
2025-12-10 09:27:18,661 - sistema_relatorios - gestao_medicoes - INFO - ✅ 608 fornecedores encontrados
2025-12-10 09:27:18,663 - sistema_relatorios - gestao_medicoes - INFO - Buscando fornecedores com termo: te
2025-12-10 09:27:19,751 - sistema_relatorios - gestao_medicoes - INFO - ✅ 142 fornecedores encontrados
2025-12-10 09:27:19,753 - sistema_relatorios - gestao_medicoes - INFO - Buscando fornecedores com termo: tei
2025-12-10 09:27:20,887 - sistema_relatorios - gestao_medicoes - INFO - ✅ 9 fornecedores encontrados
2025-12-10 09:27:20,890 - sistema_relatorios - gestao_medicoes - INFO - Buscando fornecedores com termo: teix
2025-12-10 09:27:21,963 - sistema_relatorios - gestao_medicoes - INFO - ✅ 7 fornecedores encontrados
2025-12-10 09:27:21,966 - sistema_relatorios - gestao_medicoes - INFO - Buscando fornecedores com termo: teixe
2025-12-10 09:27:23,078 - sistema_relatorios - gestao_medicoes - INFO - ✅ 7 fornecedores encontrados
2025-12-10 09:27:23,080 - sistema_relatorios - gestao_medicoes - INFO - Buscando fornecedores com termo: teixei
2025-12-10 09:27:24,289 - sistema_relatorios - gestao_medicoes - INFO - ✅ 7 fornecedores encontrados
2025-12-10 09:27:24,292 - sistema_relatorios - gestao_medicoes - INFO - Buscando fornecedores com termo: teixeir
2025-12-10 09:27:25,487 - sistema_relatorios - gestao_medicoes - INFO - ✅ 7 fornecedores encontrados
2025-12-10 09:27:25,490 - sistema_relatorios - gestao_medicoes - INFO - Buscando fornecedores com termo: teixeira
2025-12-10 09:27:26,774 - sistema_relatorios - gestao_medicoes - INFO - ✅ 7 fornecedores encontrados
2025-12-10 09:27:28,636 - sistema_relatorios - gestao_medicoes - INFO - Carregando dados do fornecedor: JOSÉ TEIXEIRA (CNPJ: 524.475.616-87)
2025-12-10 09:27:29,765 - sistema_relatorios - gestao_medicoes - WARNING - Fornecedor 'JOSÉ TEIXEIRA' sem endereço cadastrado
2025-12-10 09:27:30,865 - sistema_relatorios - gestao_medicoes - INFO - ✅ Dados do fornecedor 'JOSÉ TEIXEIRA' carregados
2025-12-10 09:27:30,868 - sistema_relatorios - gestao_medicoes - INFO - Carregando dados do fornecedor: JOSÉ TEIXEIRA (CNPJ: 524.475.616-87)
2025-12-10 09:27:31,867 - sistema_relatorios - gestao_medicoes - WARNING - Fornecedor 'JOSÉ TEIXEIRA' sem endereço cadastrado
2025-12-10 09:27:32,890 - sistema_relatorios - gestao_medicoes - INFO - ✅ Dados do fornecedor 'JOSÉ TEIXEIRA' carregados
2025-12-10 09:27:42,293 - sistema_relatorios - gestao_medicoes - INFO - Data Fim calculada: 22/12/2025 (7 dias úteis, excluindo data início)
2025-12-10 09:27:42,683 - sistema_relatorios - gestao_medicoes - INFO - Data Fim calculada: 26/03/2026 (75 dias úteis, excluindo data início)
2025-12-10 09:27:44,619 - sistema_relatorios - gestao_medicoes - INFO - Data Fim calculada: 26/03/2026 (75 dias úteis, excluindo data início)
2025-12-10 09:27:44,802 - sistema_relatorios - gestao_medicoes - INFO - ✓ Modo data condicionada ATIVADO
2025-12-10 09:28:05,586 - sistema_relatorios - gestao_medicoes - INFO - ⚠️ Contrato com data condicionada - datas não validadas
2025-12-10 09:28:05,587 - sistema_relatorios - gerador_contrato - INFO - Obtendo dados do cliente: BRUNO SANTANA RINALDI
2025-12-10 09:28:05,605 - sistema_relatorios - gerador_contrato - INFO - Colunas disponíveis: ['Nome', 'Endereço', 'Data Inicial', 'Observações', 'Data Final', 'Tipo Taxa', 'CPF', 'CNO', 'Estado Civil', 'Cidade', 'Grupo']
2025-12-10 09:28:05,608 - sistema_relatorios - gerador_contrato - INFO - CPF bruto obtido: 12345678900.0 (tipo: <class 'numpy.float64'>)
2025-12-10 09:28:05,609 - sistema_relatorios - gerador_contrato - INFO - CPF convertido de float: 12345678900.0 → 12345678900
2025-12-10 09:28:05,611 - sistema_relatorios - gerador_contrato - INFO - CPF apenas números: 12345678900
2025-12-10 09:28:05,613 - sistema_relatorios - gerador_contrato - INFO - ✅ CPF formatado: 123.456.789-00
2025-12-10 09:28:05,614 - sistema_relatorios - gerador_contrato - INFO - CNO já formatado: 90.018.91862/63
2025-12-10 09:28:05,615 - sistema_relatorios - gerador_contrato - INFO - ✅ Dados do cliente processados - CPF final: 123.456.789-00
2025-12-10 09:28:05,616 - sistema_relatorios - gerador_contrato - INFO - Dados do cliente obtidos com sucesso: BRUNO SANTANA RINALDI
2025-12-10 09:28:05,617 - sistema_relatorios - gerador_contrato - INFO - Obtendo dados do fornecedor por nome: JOSÉ TEIXEIRA
2025-12-10 09:28:06,064 - sistema_relatorios - gerador_contrato - INFO - Colunas disponíveis na planilha de fornecedores: ['CNPJ/CPF', 'tipo_pessoa', 'RAZÃO SOCIAL', 'NOME', 'TELEFONE:', 'EMAIL:', 'BANCO:', 'OP', 'AGENCIA:', 'CONTA:', 'Chave_PIX', 'CATEGORIA: ', 'ESPECIFICACAO', 'VÍNCULO', 'DADOS BANCÁRIOS', 'ENDEREÇO']
2025-12-10 09:28:06,072 - sistema_relatorios - gerador_contrato - INFO - ✅ Fornecedor encontrado na planilha
2025-12-10 09:28:06,073 - sistema_relatorios - gerador_contrato - INFO - CPF/CNPJ: 52447561687 → 524.475.616-87
2025-12-10 09:28:06,076 - sistema_relatorios - gerador_contrato - WARNING - Endereço não encontrado para fornecedor JOSÉ TEIXEIRA
2025-12-10 09:28:06,083 - sistema_relatorios - gerador_contrato - INFO - ✅ Dados obtidos: Nome=JOSÉ TEIXEIRA, CNPJ/CPF=524.475.616-87, Endereço=não informado
2025-12-10 09:28:06,085 - sistema_relatorios - gerador_contrato - INFO - === INICIANDO GERAÇÃO DE CONTRATO ===
2025-12-10 09:28:06,086 - sistema_relatorios - gerador_contrato - INFO - 📋 Dados do contrato recebidos: ['data', 'cidade', 'cliente_nome', 'cliente_cno', 'cliente_cpf', 'cliente_estado_civil', 'cliente_endereco', 'fornecedor_nome', 'fornecedor_cnpj_cpf', 'fornecedor_endereco', 'endereco_obra', 'dias', 'valor', 'multa', 'dados_bancarios', 'data_condicionada', 'data_inicio', 'data_fim', 'descricao']
2025-12-10 09:28:06,095 - sistema_relatorios - gerador_contrato - INFO - Usando formato dict - Cliente: BRUNO SANTANA RINALDI
2025-12-10 09:28:06,096 - sistema_relatorios - gerador_contrato - INFO - Fornecedor CPF/CNPJ do dict: 524.475.616-87
2025-12-10 09:28:06,097 - sistema_relatorios - gerador_contrato - INFO - Prazo informado: 75 dias
2025-12-10 09:28:06,098 - sistema_relatorios - gerador_contrato - INFO - Multa informada: R$ 4.000,00
2025-12-10 09:28:06,100 - sistema_relatorios - gerador_contrato - INFO - ✅ Dados cliente processados: BRUNO SANTANA RINALDI
2025-12-10 09:28:06,102 - sistema_relatorios - gerador_contrato - INFO - ✅ Dados fornecedor processados: JOSÉ TEIXEIRA - 524.475.616-87
2025-12-10 09:28:06,103 - sistema_relatorios - gerador_contrato - INFO - ✅ Usando prazo do formulário: 75 dias úteis
2025-12-10 09:28:06,276 - sistema_relatorios - gerador_contrato - INFO - ✅ Usando multa do formulário: R$ 4000.0
2025-12-10 09:28:06,277 - sistema_relatorios - gerador_contrato - INFO - ✅ Data do contrato: 01/12/2025 (1 de dezembro de 2025)
2025-12-10 09:28:06,278 - sistema_relatorios - gerador_contrato - INFO - ✅ Data início dos serviços: A definir conforme recebimento de material
2025-12-10 09:28:06,360 - sistema_relatorios - gerador_contrato - INFO - ✓ Contrato datado de 01/12/2025 com início condicionado
2025-12-10 09:28:06,414 - sistema_relatorios - gerador_contrato - INFO - ✅ Contrato gerado com sucesso: C:\Users\Obras\sistema_gestao_testes\testes\Financeiro\Clientes\Contratos\Contrato_BRUNO_SANTANA_RINALDI_20251210_092806.docx
2025-12-10 09:28:10,390 - sistema_relatorios - gestao_medicoes - INFO - Pasta de contratos aberta: C:\Users\Obras\sistema_gestao_testes\testes\Financeiro\Clientes\Contratos
2025-12-10 09:29:16,278 - sistema_relatorios - gestao_medicoes - INFO - ✅ Janela de Gestão de Medições fechada
2025-12-10 09:29:16,283 - sistema_relatorios - gestao_medicoes - INFO - ✅ Menu principal restaurado
2025-12-10 09:41:11,693 - sistema - logger_config - INFO - Sistema de logging inicializado
2025-12-10 09:41:11,694 - sistema_relatorios - logger_config - INFO - Usuário alterado para: sistema_relatorios
2025-12-10 09:41:11,695 - sistema_relatorios - relatorios_interface - INFO - Sistema de relatórios inicializando usando logger configurado
2025-12-10 09:41:11,695 - sistema_relatorios - relatorios_interface - INFO - Configurações de janela importadas com sucesso
2025-12-10 09:41:11,696 - sistema_relatorios - relatorios_interface - INFO - === Sistema de Relatórios Inicializando ===
2025-12-10 09:41:16,112 - sistema_relatorios - gestao_medicoes - INFO - Logger importado com sucesso em gestao_medicoes.py
2025-12-10 09:41:16,369 - sistema_relatorios - gestao_medicoes - INFO - ✅ Janela Gestão de Medições inicializada com tripla proteção de visibilidade
2025-12-10 09:41:17,893 - sistema_relatorios - gerador_contrato - INFO - Carregando serviços de: C:\Users\Obras\sistema_gestao_testes\testes\Financeiro\Planilhas_Base\servicos_construcao.json
2025-12-10 09:41:17,895 - sistema_relatorios - gerador_contrato - INFO - Serviços carregados: 10 categorias
2025-12-10 09:41:17,897 - sistema_relatorios - gerador_contrato - INFO - Pasta de contratos verificada: C:\Users\Obras\sistema_gestao_testes\testes\Financeiro\Clientes\Contratos
2025-12-10 09:41:17,897 - sistema_relatorios - gerador_contrato - INFO - GeradorContrato inicializado com sucesso (usando python-docx)
2025-12-10 09:41:24,795 - sistema_relatorios - gerador_contrato - INFO - Obtendo dados do cliente: BRUNO SANTANA RINALDI
2025-12-10 09:41:24,821 - sistema_relatorios - gerador_contrato - INFO - Colunas disponíveis: ['Nome', 'Endereço', 'Data Inicial', 'Observações', 'Data Final', 'Tipo Taxa', 'CPF', 'CNO', 'Estado Civil', 'Cidade', 'Grupo']
2025-12-10 09:41:24,827 - sistema_relatorios - gerador_contrato - INFO - CPF bruto obtido: 12345678900.0 (tipo: <class 'numpy.float64'>)
2025-12-10 09:41:24,828 - sistema_relatorios - gerador_contrato - INFO - CPF convertido de float: 12345678900.0 → 12345678900
2025-12-10 09:41:24,829 - sistema_relatorios - gerador_contrato - INFO - CPF apenas números: 12345678900
2025-12-10 09:41:24,830 - sistema_relatorios - gerador_contrato - INFO - ✅ CPF formatado: 123.456.789-00
2025-12-10 09:41:24,831 - sistema_relatorios - gerador_contrato - INFO - CNO já formatado: 90.018.91862/63
2025-12-10 09:41:24,832 - sistema_relatorios - gerador_contrato - INFO - ✅ Dados do cliente processados - CPF final: 123.456.789-00
2025-12-10 09:41:24,833 - sistema_relatorios - gerador_contrato - INFO - Dados do cliente obtidos com sucesso: BRUNO SANTANA RINALDI
2025-12-10 09:41:24,836 - sistema_relatorios - gestao_medicoes - INFO - Dados do cliente carregados na aba de contrato: BRUNO SANTANA RINALDI
2025-12-10 09:41:30,988 - sistema_relatorios - gestao_medicoes - INFO - Buscando fornecedores com termo: a
2025-12-10 09:41:32,072 - sistema_relatorios - gestao_medicoes - INFO - ✅ 930 fornecedores encontrados
2025-12-10 09:41:32,074 - sistema_relatorios - gestao_medicoes - INFO - Buscando fornecedores com termo: al
2025-12-10 09:41:33,180 - sistema_relatorios - gestao_medicoes - INFO - ✅ 227 fornecedores encontrados
2025-12-10 09:41:33,183 - sistema_relatorios - gestao_medicoes - INFO - Buscando fornecedores com termo: ali
2025-12-10 09:41:34,292 - sistema_relatorios - gestao_medicoes - INFO - ✅ 14 fornecedores encontrados
2025-12-10 09:41:37,804 - sistema_relatorios - gestao_medicoes - INFO - Buscando fornecedores com termo: al
2025-12-10 09:41:38,892 - sistema_relatorios - gestao_medicoes - INFO - ✅ 227 fornecedores encontrados
2025-12-10 09:41:38,894 - sistema_relatorios - gestao_medicoes - INFO - Buscando fornecedores com termo: alf
2025-12-10 09:41:40,021 - sistema_relatorios - gestao_medicoes - INFO - ✅ 3 fornecedores encontrados
2025-12-10 09:41:42,253 - sistema_relatorios - gestao_medicoes - INFO - Carregando dados do fornecedor: ALFATEC INSTALACOES (CNPJ: 14.051.624/0001-42)
2025-12-10 09:41:44,415 - sistema_relatorios - gestao_medicoes - INFO - ✅ Dados do fornecedor 'ALFATEC INSTALACOES' carregados
2025-12-10 09:41:44,417 - sistema_relatorios - gestao_medicoes - INFO - Carregando dados do fornecedor: ALFATEC INSTALACOES (CNPJ: 14.051.624/0001-42)
2025-12-10 09:41:46,523 - sistema_relatorios - gestao_medicoes - INFO - ✅ Dados do fornecedor 'ALFATEC INSTALACOES' carregados
2025-12-10 09:41:52,469 - sistema_relatorios - gestao_medicoes - INFO - Data Fim calculada: 19/12/2025 (6 dias úteis, excluindo data início)
2025-12-10 09:41:52,677 - sistema_relatorios - gestao_medicoes - INFO - Data Fim calculada: 12/03/2026 (65 dias úteis, excluindo data início)
2025-12-10 09:41:54,558 - sistema_relatorios - gestao_medicoes - INFO - Data Fim calculada: 12/03/2026 (65 dias úteis, excluindo data início)
2025-12-10 09:41:54,692 - sistema_relatorios - gestao_medicoes - INFO - ✓ Modo data condicionada ATIVADO
2025-12-10 09:42:31,532 - sistema_relatorios - gestao_medicoes - INFO - ⚠️ Contrato com data condicionada - datas não validadas
2025-12-10 09:42:31,536 - sistema_relatorios - gerador_contrato - INFO - Obtendo dados do cliente: BRUNO SANTANA RINALDI
2025-12-10 09:42:31,562 - sistema_relatorios - gerador_contrato - INFO - Colunas disponíveis: ['Nome', 'Endereço', 'Data Inicial', 'Observações', 'Data Final', 'Tipo Taxa', 'CPF', 'CNO', 'Estado Civil', 'Cidade', 'Grupo']
2025-12-10 09:42:31,567 - sistema_relatorios - gerador_contrato - INFO - CPF bruto obtido: 12345678900.0 (tipo: <class 'numpy.float64'>)
2025-12-10 09:42:31,570 - sistema_relatorios - gerador_contrato - INFO - CPF convertido de float: 12345678900.0 → 12345678900
2025-12-10 09:42:31,578 - sistema_relatorios - gerador_contrato - INFO - CPF apenas números: 12345678900
2025-12-10 09:42:31,589 - sistema_relatorios - gerador_contrato - INFO - ✅ CPF formatado: 123.456.789-00
2025-12-10 09:42:31,591 - sistema_relatorios - gerador_contrato - INFO - CNO já formatado: 90.018.91862/63
2025-12-10 09:42:31,592 - sistema_relatorios - gerador_contrato - INFO - ✅ Dados do cliente processados - CPF final: 123.456.789-00
2025-12-10 09:42:31,592 - sistema_relatorios - gerador_contrato - INFO - Dados do cliente obtidos com sucesso: BRUNO SANTANA RINALDI
2025-12-10 09:42:31,593 - sistema_relatorios - gerador_contrato - INFO - Obtendo dados do fornecedor por nome: ALFATEC INSTALACOES
2025-12-10 09:42:32,309 - sistema_relatorios - gerador_contrato - INFO - Colunas disponíveis na planilha de fornecedores: ['CNPJ/CPF', 'tipo_pessoa', 'RAZÃO SOCIAL', 'NOME', 'TELEFONE:', 'EMAIL:', 'BANCO:', 'OP', 'AGENCIA:', 'CONTA:', 'Chave_PIX', 'CATEGORIA: ', 'ESPECIFICACAO', 'VÍNCULO', 'DADOS BANCÁRIOS', 'ENDEREÇO']
2025-12-10 09:42:32,318 - sistema_relatorios - gerador_contrato - INFO - ✅ Fornecedor encontrado na planilha
2025-12-10 09:42:32,319 - sistema_relatorios - gerador_contrato - INFO - CPF/CNPJ: 14051624000142 → 14.051.624/0001-42
2025-12-10 09:42:32,320 - sistema_relatorios - gerador_contrato - INFO - ✅ Endereço encontrado: RUA LAURO RODRIGUES DA CUNHA, 111, ACAIACA - 31995-120 - BELO HORIZONTE MG
2025-12-10 09:42:32,321 - sistema_relatorios - gerador_contrato - INFO - ✅ Dados obtidos: Nome=ALFATEC INSTALACOES, CNPJ/CPF=14.051.624/0001-42, Endereço=RUA LAURO RODRIGUES DA CUNHA, 111, ACAIACA - 31995-120 - BELO HORIZONTE MG
2025-12-10 09:42:32,323 - sistema_relatorios - gerador_contrato - INFO - === INICIANDO GERAÇÃO DE CONTRATO ===
2025-12-10 09:42:32,325 - sistema_relatorios - gerador_contrato - INFO - 📋 Dados do contrato recebidos: ['data', 'cidade', 'cliente_nome', 'cliente_cno', 'cliente_cpf', 'cliente_estado_civil', 'cliente_endereco', 'fornecedor_nome', 'fornecedor_cnpj_cpf', 'fornecedor_endereco', 'endereco_obra', 'dias', 'valor', 'multa', 'dados_bancarios', 'data_condicionada', 'data_inicio', 'data_fim', 'descricao']
2025-12-10 09:42:32,327 - sistema_relatorios - gerador_contrato - INFO - Usando formato dict - Cliente: BRUNO SANTANA RINALDI
2025-12-10 09:42:32,328 - sistema_relatorios - gerador_contrato - INFO - Fornecedor CPF/CNPJ do dict: 14.051.624/0001-42
2025-12-10 09:42:32,329 - sistema_relatorios - gerador_contrato - INFO - Prazo informado: 65 dias
2025-12-10 09:42:32,330 - sistema_relatorios - gerador_contrato - INFO - Multa informada: R$ 4.000,00
2025-12-10 09:42:32,348 - sistema_relatorios - gerador_contrato - INFO - ✅ Dados cliente processados: BRUNO SANTANA RINALDI
2025-12-10 09:42:32,363 - sistema_relatorios - gerador_contrato - INFO - ✅ Dados fornecedor processados: ALFATEC INSTALACOES - 14.051.624/0001-42
2025-12-10 09:42:32,365 - sistema_relatorios - gerador_contrato - INFO - ✅ Usando prazo do formulário: 65 dias úteis
2025-12-10 09:42:32,509 - sistema_relatorios - gerador_contrato - INFO - ✅ Usando multa do formulário: R$ 4000.0
2025-12-10 09:42:32,511 - sistema_relatorios - gerador_contrato - INFO - ✅ Data do contrato: 01/12/2025 (1 de dezembro de 2025)
2025-12-10 09:42:32,512 - sistema_relatorios - gerador_contrato - INFO - ✅ Data início dos serviços: A definir conforme recebimento de material
2025-12-10 09:42:32,573 - sistema_relatorios - gerador_contrato - INFO - ✓ Contrato datado de 01/12/2025 com início condicionado
2025-12-10 09:42:32,647 - sistema_relatorios - gerador_contrato - INFO - ✅ Contrato gerado com sucesso: C:\Users\Obras\sistema_gestao_testes\testes\Financeiro\Clientes\Contratos\Contrato_BRUNO_SANTANA_RINALDI_20251210_094232.docx
2025-12-10 09:42:35,802 - sistema_relatorios - gestao_medicoes - INFO - Pasta de contratos aberta: C:\Users\Obras\sistema_gestao_testes\testes\Financeiro\Clientes\Contratos
2025-12-10 09:45:43,049 - sistema_relatorios - gestao_medicoes - INFO - ✅ Janela de Gestão de Medições fechada
2025-12-10 09:45:43,078 - sistema_relatorios - gestao_medicoes - INFO - ✅ Menu principal restaurado
2025-12-10 09:46:16,900 - sistema - logger_config - INFO - Sistema de logging inicializado
2025-12-10 09:46:16,901 - sistema_relatorios - logger_config - INFO - Usuário alterado para: sistema_relatorios
2025-12-10 09:46:16,901 - sistema_relatorios - relatorios_interface - INFO - Sistema de relatórios inicializando usando logger configurado
2025-12-10 09:46:16,902 - sistema_relatorios - relatorios_interface - INFO - Configurações de janela importadas com sucesso
2025-12-10 09:46:16,902 - sistema_relatorios - relatorios_interface - INFO - === Sistema de Relatórios Inicializando ===
2025-12-10 09:46:21,264 - sistema_relatorios - gestao_medicoes - INFO - Logger importado com sucesso em gestao_medicoes.py
2025-12-10 09:46:21,485 - sistema_relatorios - gestao_medicoes - INFO - ✅ Janela Gestão de Medições inicializada com tripla proteção de visibilidade
2025-12-10 09:46:22,759 - sistema_relatorios - gerador_contrato - INFO - Carregando serviços de: C:\Users\Obras\sistema_gestao_testes\testes\Financeiro\Planilhas_Base\servicos_construcao.json
2025-12-10 09:46:22,761 - sistema_relatorios - gerador_contrato - INFO - Serviços carregados: 10 categorias
2025-12-10 09:46:22,762 - sistema_relatorios - gerador_contrato - INFO - Pasta de contratos verificada: C:\Users\Obras\sistema_gestao_testes\testes\Financeiro\Clientes\Contratos
2025-12-10 09:46:22,763 - sistema_relatorios - gerador_contrato - INFO - GeradorContrato inicializado com sucesso (usando python-docx)
2025-12-10 09:46:30,117 - sistema_relatorios - gerador_contrato - INFO - Obtendo dados do cliente: BRUNO SANTANA RINALDI
2025-12-10 09:46:30,140 - sistema_relatorios - gerador_contrato - INFO - Colunas disponíveis: ['Nome', 'Endereço', 'Data Inicial', 'Observações', 'Data Final', 'Tipo Taxa', 'CPF', 'CNO', 'Estado Civil', 'Cidade', 'Grupo']
2025-12-10 09:46:30,143 - sistema_relatorios - gerador_contrato - INFO - CPF bruto obtido: 12345678900.0 (tipo: <class 'numpy.float64'>)
2025-12-10 09:46:30,144 - sistema_relatorios - gerador_contrato - INFO - CPF convertido de float: 12345678900.0 → 12345678900
2025-12-10 09:46:30,144 - sistema_relatorios - gerador_contrato - INFO - CPF apenas números: 12345678900
2025-12-10 09:46:30,145 - sistema_relatorios - gerador_contrato - INFO - ✅ CPF formatado: 123.456.789-00
2025-12-10 09:46:30,146 - sistema_relatorios - gerador_contrato - INFO - CNO já formatado: 90.018.91862/63
2025-12-10 09:46:30,148 - sistema_relatorios - gerador_contrato - INFO - ✅ Dados do cliente processados - CPF final: 123.456.789-00
2025-12-10 09:46:30,149 - sistema_relatorios - gerador_contrato - INFO - Dados do cliente obtidos com sucesso: BRUNO SANTANA RINALDI
2025-12-10 09:46:30,153 - sistema_relatorios - gestao_medicoes - INFO - Dados do cliente carregados na aba de contrato: BRUNO SANTANA RINALDI
2025-12-10 09:46:35,395 - sistema_relatorios - gestao_medicoes - INFO - Buscando fornecedores com termo: a
2025-12-10 09:46:36,445 - sistema_relatorios - gestao_medicoes - INFO - ✅ 930 fornecedores encontrados
2025-12-10 09:46:36,447 - sistema_relatorios - gestao_medicoes - INFO - Buscando fornecedores com termo: al
2025-12-10 09:46:37,513 - sistema_relatorios - gestao_medicoes - INFO - ✅ 227 fornecedores encontrados
2025-12-10 09:46:37,515 - sistema_relatorios - gestao_medicoes - INFO - Buscando fornecedores com termo: alf
2025-12-10 09:46:38,593 - sistema_relatorios - gestao_medicoes - INFO - ✅ 3 fornecedores encontrados
2025-12-10 09:46:38,596 - sistema_relatorios - gestao_medicoes - INFO - Buscando fornecedores com termo: alfa
2025-12-10 09:46:39,648 - sistema_relatorios - gestao_medicoes - INFO - ✅ 2 fornecedores encontrados
2025-12-10 09:46:40,931 - sistema_relatorios - gestao_medicoes - INFO - Carregando dados do fornecedor: ALFATEC INSTALACOES (CNPJ: 14.051.624/0001-42)
2025-12-10 09:46:42,975 - sistema_relatorios - gestao_medicoes - INFO - ✅ Dados do fornecedor 'ALFATEC INSTALACOES' carregados
2025-12-10 09:46:42,983 - sistema_relatorios - gestao_medicoes - INFO - Carregando dados do fornecedor: ALFATEC INSTALACOES (CNPJ: 14.051.624/0001-42)
2025-12-10 09:46:45,003 - sistema_relatorios - gestao_medicoes - INFO - ✅ Dados do fornecedor 'ALFATEC INSTALACOES' carregados
2025-12-10 09:46:50,355 - sistema_relatorios - gestao_medicoes - INFO - Data Fim calculada: 17/12/2025 (4 dias úteis, excluindo data início)
2025-12-10 09:46:50,555 - sistema_relatorios - gestao_medicoes - INFO - Data Fim calculada: 12/02/2026 (45 dias úteis, excluindo data início)
2025-12-10 09:46:54,971 - sistema_relatorios - gestao_medicoes - INFO - Data Fim calculada: 12/02/2026 (45 dias úteis, excluindo data início)
2025-12-10 09:46:55,090 - sistema_relatorios - gestao_medicoes - INFO - ✓ Modo data condicionada ATIVADO
2025-12-10 09:47:24,922 - sistema_relatorios - gestao_medicoes - INFO - ⚠️ Contrato com data condicionada - datas não validadas
2025-12-10 09:47:24,923 - sistema_relatorios - gerador_contrato - INFO - Obtendo dados do cliente: BRUNO SANTANA RINALDI
2025-12-10 09:47:24,945 - sistema_relatorios - gerador_contrato - INFO - Colunas disponíveis: ['Nome', 'Endereço', 'Data Inicial', 'Observações', 'Data Final', 'Tipo Taxa', 'CPF', 'CNO', 'Estado Civil', 'Cidade', 'Grupo']
2025-12-10 09:47:24,948 - sistema_relatorios - gerador_contrato - INFO - CPF bruto obtido: 12345678900.0 (tipo: <class 'numpy.float64'>)
2025-12-10 09:47:24,950 - sistema_relatorios - gerador_contrato - INFO - CPF convertido de float: 12345678900.0 → 12345678900
2025-12-10 09:47:24,951 - sistema_relatorios - gerador_contrato - INFO - CPF apenas números: 12345678900
2025-12-10 09:47:24,952 - sistema_relatorios - gerador_contrato - INFO - ✅ CPF formatado: 123.456.789-00
2025-12-10 09:47:24,953 - sistema_relatorios - gerador_contrato - INFO - CNO já formatado: 90.018.91862/63
2025-12-10 09:47:24,954 - sistema_relatorios - gerador_contrato - INFO - ✅ Dados do cliente processados - CPF final: 123.456.789-00
2025-12-10 09:47:24,954 - sistema_relatorios - gerador_contrato - INFO - Dados do cliente obtidos com sucesso: BRUNO SANTANA RINALDI
2025-12-10 09:47:24,955 - sistema_relatorios - gerador_contrato - INFO - Obtendo dados do fornecedor por nome: ALFATEC INSTALACOES
2025-12-10 09:47:25,407 - sistema_relatorios - gerador_contrato - INFO - Colunas disponíveis na planilha de fornecedores: ['CNPJ/CPF', 'tipo_pessoa', 'RAZÃO SOCIAL', 'NOME', 'TELEFONE:', 'EMAIL:', 'BANCO:', 'OP', 'AGENCIA:', 'CONTA:', 'Chave_PIX', 'CATEGORIA: ', 'ESPECIFICACAO', 'VÍNCULO', 'DADOS BANCÁRIOS', 'ENDEREÇO']
2025-12-10 09:47:25,412 - sistema_relatorios - gerador_contrato - INFO - ✅ Fornecedor encontrado na planilha
2025-12-10 09:47:25,413 - sistema_relatorios - gerador_contrato - INFO - CPF/CNPJ: 14051624000142 → 14.051.624/0001-42
2025-12-10 09:47:25,414 - sistema_relatorios - gerador_contrato - INFO - ✅ Endereço encontrado: RUA LAURO RODRIGUES DA CUNHA, 111, ACAIACA - 31995-120 - BELO HORIZONTE MG
2025-12-10 09:47:25,415 - sistema_relatorios - gerador_contrato - INFO - ✅ Dados obtidos: Nome=ALFATEC INSTALACOES, CNPJ/CPF=14.051.624/0001-42, Endereço=RUA LAURO RODRIGUES DA CUNHA, 111, ACAIACA - 31995-120 - BELO HORIZONTE MG
2025-12-10 09:47:25,417 - sistema_relatorios - gerador_contrato - INFO - === INICIANDO GERAÇÃO DE CONTRATO ===
2025-12-10 09:47:25,418 - sistema_relatorios - gerador_contrato - INFO - 📋 Dados do contrato recebidos: ['data', 'cidade', 'cliente_nome', 'cliente_cno', 'cliente_cpf', 'cliente_estado_civil', 'cliente_endereco', 'fornecedor_nome', 'fornecedor_cnpj_cpf', 'fornecedor_endereco', 'endereco_obra', 'dias', 'valor', 'multa', 'dados_bancarios', 'data_condicionada', 'data_inicio', 'data_fim', 'descricao']
2025-12-10 09:47:25,420 - sistema_relatorios - gerador_contrato - INFO - Usando formato dict - Cliente: BRUNO SANTANA RINALDI
2025-12-10 09:47:25,421 - sistema_relatorios - gerador_contrato - INFO - Fornecedor CPF/CNPJ do dict: 14.051.624/0001-42
2025-12-10 09:47:25,422 - sistema_relatorios - gerador_contrato - INFO - Prazo informado: 45 dias
2025-12-10 09:47:25,423 - sistema_relatorios - gerador_contrato - INFO - Multa informada: R$ 4.000,00
2025-12-10 09:47:25,423 - sistema_relatorios - gerador_contrato - INFO - ✅ Dados cliente processados: BRUNO SANTANA RINALDI
2025-12-10 09:47:25,424 - sistema_relatorios - gerador_contrato - INFO - ✅ Dados fornecedor processados: ALFATEC INSTALACOES - 14.051.624/0001-42
2025-12-10 09:47:25,425 - sistema_relatorios - gerador_contrato - INFO - ✅ Usando prazo do formulário: 45 dias úteis
2025-12-10 09:47:25,600 - sistema_relatorios - gerador_contrato - INFO - ✅ Usando multa do formulário: R$ 4000.0
2025-12-10 09:47:25,603 - sistema_relatorios - gerador_contrato - INFO - ✅ Data do contrato: 01/12/2025 (1 de dezembro de 2025)
2025-12-10 09:47:25,604 - sistema_relatorios - gerador_contrato - INFO - ✅ Data início dos serviços: A definir conforme recebimento de material
2025-12-10 09:47:25,669 - sistema_relatorios - gerador_contrato - INFO - ✓ Contrato datado de 01/12/2025 com início condicionado
2025-12-10 09:47:25,736 - sistema_relatorios - gerador_contrato - INFO - ✅ Contrato gerado com sucesso: C:\Users\Obras\sistema_gestao_testes\testes\Financeiro\Clientes\Contratos\Contrato_BRUNO_SANTANA_RINALDI_20251210_094725.docx
2025-12-10 09:47:28,921 - sistema_relatorios - gestao_medicoes - INFO - Pasta de contratos aberta: C:\Users\Obras\sistema_gestao_testes\testes\Financeiro\Clientes\Contratos
2025-12-10 09:48:43,831 - sistema_relatorios - gestao_medicoes - INFO - ✅ Janela de Gestão de Medições fechada
2025-12-10 09:48:43,837 - sistema_relatorios - gestao_medicoes - INFO - ✅ Menu principal restaurado
2025-12-10 09:49:36,850 - sistema - logger_config - INFO - Sistema de logging inicializado
2025-12-10 09:49:36,851 - sistema_relatorios - logger_config - INFO - Usuário alterado para: sistema_relatorios
2025-12-10 09:49:36,851 - sistema_relatorios - relatorios_interface - INFO - Sistema de relatórios inicializando usando logger configurado
2025-12-10 09:49:36,852 - sistema_relatorios - relatorios_interface - INFO - Configurações de janela importadas com sucesso
2025-12-10 09:49:36,852 - sistema_relatorios - relatorios_interface - INFO - === Sistema de Relatórios Inicializando ===
2025-12-10 09:58:20,062 - sistema - logger_config - INFO - Sistema de logging inicializado
2025-12-10 09:58:20,063 - sistema_relatorios - logger_config - INFO - Usuário alterado para: sistema_relatorios
2025-12-10 09:58:20,064 - sistema_relatorios - relatorios_interface - INFO - Sistema de relatórios inicializando usando logger configurado
2025-12-10 09:58:20,064 - sistema_relatorios - relatorios_interface - INFO - Configurações de janela importadas com sucesso
2025-12-10 09:58:20,065 - sistema_relatorios - relatorios_interface - INFO - === Sistema de Relatórios Inicializando ===
2025-12-10 09:58:24,532 - sistema_relatorios - gestao_medicoes - INFO - Logger importado com sucesso em gestao_medicoes.py
2025-12-10 09:58:24,796 - sistema_relatorios - gestao_medicoes - INFO - ✅ Janela Gestão de Medições inicializada com tripla proteção de visibilidade
2025-12-10 09:58:26,210 - sistema_relatorios - gerador_contrato - INFO - Carregando serviços de: C:\Users\Obras\sistema_gestao_testes\testes\Financeiro\Planilhas_Base\servicos_construcao.json
2025-12-10 09:58:26,213 - sistema_relatorios - gerador_contrato - INFO - Serviços carregados: 10 categorias
2025-12-10 09:58:26,215 - sistema_relatorios - gerador_contrato - INFO - Pasta de contratos verificada: C:\Users\Obras\sistema_gestao_testes\testes\Financeiro\Clientes\Contratos
2025-12-10 09:58:26,215 - sistema_relatorios - gerador_contrato - INFO - GeradorContrato inicializado com sucesso (usando python-docx)
2025-12-10 09:58:33,102 - sistema_relatorios - gerador_contrato - INFO - Obtendo dados do cliente: BRUNO SANTANA RINALDI
2025-12-10 09:58:33,123 - sistema_relatorios - gerador_contrato - INFO - Colunas disponíveis: ['Nome', 'Endereço', 'Data Inicial', 'Observações', 'Data Final', 'Tipo Taxa', 'CPF', 'CNO', 'Estado Civil', 'Cidade', 'Grupo']
2025-12-10 09:58:33,141 - sistema_relatorios - gerador_contrato - INFO - CPF bruto obtido: 12345678900.0 (tipo: <class 'numpy.float64'>)
2025-12-10 09:58:33,143 - sistema_relatorios - gerador_contrato - INFO - CPF convertido de float: 12345678900.0 → 12345678900
2025-12-10 09:58:33,143 - sistema_relatorios - gerador_contrato - INFO - CPF apenas números: 12345678900
2025-12-10 09:58:33,145 - sistema_relatorios - gerador_contrato - INFO - ✅ CPF formatado: 123.456.789-00
2025-12-10 09:58:33,146 - sistema_relatorios - gerador_contrato - INFO - CNO já formatado: 90.018.91862/63
2025-12-10 09:58:33,148 - sistema_relatorios - gerador_contrato - INFO - ✅ Dados do cliente processados - CPF final: 123.456.789-00
2025-12-10 09:58:33,149 - sistema_relatorios - gerador_contrato - INFO - Dados do cliente obtidos com sucesso: BRUNO SANTANA RINALDI
2025-12-10 09:58:33,151 - sistema_relatorios - gestao_medicoes - INFO - Dados do cliente carregados na aba de contrato: BRUNO SANTANA RINALDI
2025-12-10 09:58:37,150 - sistema_relatorios - gestao_medicoes - INFO - Buscando fornecedores com termo: a
2025-12-10 09:58:38,204 - sistema_relatorios - gestao_medicoes - INFO - ✅ 930 fornecedores encontrados
2025-12-10 09:58:38,206 - sistema_relatorios - gestao_medicoes - INFO - Buscando fornecedores com termo: al
2025-12-10 09:58:39,310 - sistema_relatorios - gestao_medicoes - INFO - ✅ 227 fornecedores encontrados
2025-12-10 09:58:39,313 - sistema_relatorios - gestao_medicoes - INFO - Buscando fornecedores com termo: alf
2025-12-10 09:58:40,400 - sistema_relatorios - gestao_medicoes - INFO - ✅ 3 fornecedores encontrados
2025-12-10 09:58:42,287 - sistema_relatorios - gestao_medicoes - INFO - Carregando dados do fornecedor: ALFATEC INSTALACOES (CNPJ: 14.051.624/0001-42)
2025-12-10 09:58:44,238 - sistema_relatorios - gestao_medicoes - INFO - ✅ Dados do fornecedor 'ALFATEC INSTALACOES' carregados
2025-12-10 09:58:44,240 - sistema_relatorios - gestao_medicoes - INFO - Carregando dados do fornecedor: ALFATEC INSTALACOES (CNPJ: 14.051.624/0001-42)
2025-12-10 09:58:46,349 - sistema_relatorios - gestao_medicoes - INFO - ✅ Dados do fornecedor 'ALFATEC INSTALACOES' carregados
2025-12-10 09:58:52,393 - sistema_relatorios - gestao_medicoes - INFO - Data Fim calculada: 17/12/2025 (4 dias úteis, excluindo data início)
2025-12-10 09:58:52,614 - sistema_relatorios - gestao_medicoes - INFO - Data Fim calculada: 12/02/2026 (45 dias úteis, excluindo data início)
2025-12-10 09:58:54,543 - sistema_relatorios - gestao_medicoes - INFO - Data Fim calculada: 12/02/2026 (45 dias úteis, excluindo data início)
2025-12-10 09:58:54,678 - sistema_relatorios - gestao_medicoes - INFO - ✓ Modo data condicionada ATIVADO
2025-12-10 09:59:28,198 - sistema_relatorios - gestao_medicoes - INFO - ⚠️ Contrato com data condicionada - datas não validadas
2025-12-10 09:59:28,198 - sistema_relatorios - gerador_contrato - INFO - Obtendo dados do cliente: BRUNO SANTANA RINALDI
2025-12-10 09:59:28,218 - sistema_relatorios - gerador_contrato - INFO - Colunas disponíveis: ['Nome', 'Endereço', 'Data Inicial', 'Observações', 'Data Final', 'Tipo Taxa', 'CPF', 'CNO', 'Estado Civil', 'Cidade', 'Grupo']
2025-12-10 09:59:28,222 - sistema_relatorios - gerador_contrato - INFO - CPF bruto obtido: 12345678900.0 (tipo: <class 'numpy.float64'>)
2025-12-10 09:59:28,223 - sistema_relatorios - gerador_contrato - INFO - CPF convertido de float: 12345678900.0 → 12345678900
2025-12-10 09:59:28,223 - sistema_relatorios - gerador_contrato - INFO - CPF apenas números: 12345678900
2025-12-10 09:59:28,224 - sistema_relatorios - gerador_contrato - INFO - ✅ CPF formatado: 123.456.789-00
2025-12-10 09:59:28,225 - sistema_relatorios - gerador_contrato - INFO - CNO já formatado: 90.018.91862/63
2025-12-10 09:59:28,226 - sistema_relatorios - gerador_contrato - INFO - ✅ Dados do cliente processados - CPF final: 123.456.789-00
2025-12-10 09:59:28,228 - sistema_relatorios - gerador_contrato - INFO - Dados do cliente obtidos com sucesso: BRUNO SANTANA RINALDI
2025-12-10 09:59:28,230 - sistema_relatorios - gerador_contrato - INFO - Obtendo dados do fornecedor por nome: ALFATEC INSTALACOES
2025-12-10 09:59:28,685 - sistema_relatorios - gerador_contrato - INFO - Colunas disponíveis na planilha de fornecedores: ['CNPJ/CPF', 'tipo_pessoa', 'RAZÃO SOCIAL', 'NOME', 'TELEFONE:', 'EMAIL:', 'BANCO:', 'OP', 'AGENCIA:', 'CONTA:', 'Chave_PIX', 'CATEGORIA: ', 'ESPECIFICACAO', 'VÍNCULO', 'DADOS BANCÁRIOS', 'ENDEREÇO']
2025-12-10 09:59:28,693 - sistema_relatorios - gerador_contrato - INFO - ✅ Fornecedor encontrado na planilha
2025-12-10 09:59:28,694 - sistema_relatorios - gerador_contrato - INFO - CPF/CNPJ: 14051624000142 → 14.051.624/0001-42
2025-12-10 09:59:28,695 - sistema_relatorios - gerador_contrato - INFO - ✅ Endereço encontrado: RUA LAURO RODRIGUES DA CUNHA, 111, ACAIACA - 31995-120 - BELO HORIZONTE MG
2025-12-10 09:59:28,696 - sistema_relatorios - gerador_contrato - INFO - ✅ Dados obtidos: Nome=ALFATEC INSTALACOES, CNPJ/CPF=14.051.624/0001-42, Endereço=RUA LAURO RODRIGUES DA CUNHA, 111, ACAIACA - 31995-120 - BELO HORIZONTE MG
2025-12-10 09:59:28,698 - sistema_relatorios - gerador_contrato - INFO - === INICIANDO GERAÇÃO DE CONTRATO ===
2025-12-10 09:59:28,699 - sistema_relatorios - gerador_contrato - INFO - 📋 Dados do contrato recebidos: ['data', 'cidade', 'cliente_nome', 'cliente_cno', 'cliente_cpf', 'cliente_estado_civil', 'cliente_endereco', 'fornecedor_nome', 'fornecedor_cnpj_cpf', 'fornecedor_endereco', 'endereco_obra', 'dias', 'valor', 'multa', 'dados_bancarios', 'data_condicionada', 'data_inicio', 'data_fim', 'descricao']
2025-12-10 09:59:28,701 - sistema_relatorios - gerador_contrato - INFO - Usando formato dict - Cliente: BRUNO SANTANA RINALDI
2025-12-10 09:59:28,702 - sistema_relatorios - gerador_contrato - INFO - Fornecedor CPF/CNPJ do dict: 14.051.624/0001-42
2025-12-10 09:59:28,702 - sistema_relatorios - gerador_contrato - INFO - Prazo informado: 45 dias
2025-12-10 09:59:28,703 - sistema_relatorios - gerador_contrato - INFO - Multa informada: R$ 4.000,00
2025-12-10 09:59:28,704 - sistema_relatorios - gerador_contrato - INFO - ✅ Dados cliente processados: BRUNO SANTANA RINALDI
2025-12-10 09:59:28,704 - sistema_relatorios - gerador_contrato - INFO - ✅ Dados fornecedor processados: ALFATEC INSTALACOES - 14.051.624/0001-42
2025-12-10 09:59:28,705 - sistema_relatorios - gerador_contrato - INFO - ✅ Usando prazo do formulário: 45 dias úteis
2025-12-10 09:59:28,832 - sistema_relatorios - gerador_contrato - INFO - ✅ Usando multa do formulário: R$ 4000.0
2025-12-10 09:59:28,833 - sistema_relatorios - gerador_contrato - INFO - ✅ Data do contrato: 01/12/2025 (1 de dezembro de 2025)
2025-12-10 09:59:28,834 - sistema_relatorios - gerador_contrato - INFO - ✅ Data início dos serviços: A definir conforme recebimento de material
2025-12-10 09:59:28,887 - sistema_relatorios - gerador_contrato - INFO - ✓ Contrato datado de 01/12/2025 com início condicionado
2025-12-10 09:59:28,940 - sistema_relatorios - gerador_contrato - INFO - ✅ Contrato gerado com sucesso: C:\Users\Obras\sistema_gestao_testes\testes\Financeiro\Clientes\Contratos\Contrato_BRUNO_SANTANA_RINALDI_20251210_095928.docx
2025-12-10 09:59:32,201 - sistema_relatorios - gestao_medicoes - INFO - Pasta de contratos aberta: C:\Users\Obras\sistema_gestao_testes\testes\Financeiro\Clientes\Contratos
2025-12-10 10:08:49,377 - sistema_relatorios - gestao_medicoes - INFO - ✅ Janela de Gestão de Medições fechada
2025-12-10 10:08:49,413 - sistema_relatorios - gestao_medicoes - INFO - ✅ Menu principal restaurado
