2025-07-31 11:05:56,677 - sistema - logger_config - INFO - Sistema de logging inicializado
2025-07-31 11:55:20,046 - sistema - logger_config - INFO - Sistema de logging inicializado
2025-07-31 11:55:20,047 - sistema_principal - logger_config - INFO - Usuário alterado para: sistema_principal
2025-07-31 11:55:20,048 - sistema_principal - sistema_principal - INFO - Abrindo sistema de relatórios
2025-07-31 11:55:20,221 - sistema_relatorios - logger_config - INFO - Usuário alterado para: sistema_relatorios
2025-07-31 11:55:20,237 - sistema_relatorios - relatorios_interface - INFO - Sistema de relatórios inicializando usando logger configurado
2025-07-31 11:55:20,237 - sistema_relatorios - relatorios_interface - INFO - Configurações de janela importadas com sucesso
2025-07-31 11:55:20,237 - sistema_relatorios - relatorios_interface - INFO - === Sistema de Relatórios Inicializando ===
2025-07-31 11:55:21,920 - sistema_relatorios - relatorios_interface - INFO - Carregando clientes de: C:\Users\Obras\sistema_gestao_testes\testes\Financeiro\Planilhas_Base\clientes.xlsx
2025-07-31 11:55:21,982 - sistema_relatorios - relatorios_interface - INFO - Colunas disponíveis: ['Nome', 'Endereço', 'Data Inicial', 'Observações', 'Data Final']
2025-07-31 11:55:21,982 - sistema_relatorios - relatorios_interface - INFO - Coluna de status: Data Final
2025-07-31 11:55:21,998 - sistema_relatorios - relatorios_interface - INFO - Coluna de nome: Nome
2025-07-31 11:55:21,998 - sistema_relatorios - relatorios_interface - INFO - Total de clientes ativos encontrados: 15
2025-07-31 11:55:21,998 - sistema_relatorios - relatorios_interface - INFO - Lista de clientes atualizada com 16 clientes
2025-07-31 11:55:22,038 - sistema_relatorios - relatorios_interface - INFO - Carregando clientes de: C:\Users\Obras\sistema_gestao_testes\testes\Financeiro\Planilhas_Base\clientes.xlsx
2025-07-31 11:55:22,060 - sistema_relatorios - relatorios_interface - INFO - Colunas disponíveis: ['Nome', 'Endereço', 'Data Inicial', 'Observações', 'Data Final']
2025-07-31 11:55:22,061 - sistema_relatorios - relatorios_interface - INFO - Coluna de status: Data Final
2025-07-31 11:55:22,062 - sistema_relatorios - relatorios_interface - INFO - Coluna de nome: Nome
2025-07-31 11:55:22,063 - sistema_relatorios - relatorios_interface - INFO - Total de clientes ativos encontrados: 15
2025-07-31 11:55:22,064 - sistema_relatorios - relatorios_interface - INFO - Lista de clientes carregada com 16 itens
2025-07-31 11:55:32,967 - sistema_relatorios - relatorios_interface - INFO - 🔍 INICIANDO gerar_relatorio para: tipo_despesa
2025-07-31 11:55:32,967 - sistema_relatorios - relatorios_interface - INFO - 📋 Processando outros relatórios: tipo_despesa
2025-07-31 11:58:00,950 - sistema_relatorios - relatorios_interface - INFO - 🔍 INICIANDO gerar_relatorio para: categoria
2025-07-31 11:58:00,950 - sistema_relatorios - relatorios_interface - INFO - 📋 Processando outros relatórios: categoria
2025-07-31 11:59:01,730 - sistema_relatorios - relatorios_interface - INFO - 🔍 INICIANDO gerar_relatorio para: fornecedores
2025-07-31 11:59:01,730 - sistema_relatorios - relatorios_interface - INFO - 📋 Processando outros relatórios: fornecedores
2025-07-31 11:59:42,183 - sistema_relatorios - relatorios_interface - INFO - Solicitado retorno ao menu principal
2025-07-31 11:59:42,183 - sistema_relatorios - relatorios_interface - INFO - Retornando ao menu principal existente
2025-07-31 11:59:42,242 - sistema_relatorios - relatorios_interface - INFO - Retorno ao menu principal concluído
