2025-12-09 10:33:32,353 - sistema - logger_config - INFO - Sistema de logging inicializado
2025-12-09 10:33:32,355 - sistema_relatorios - logger_config - INFO - Usuário alterado para: sistema_relatorios
2025-12-09 10:33:32,355 - sistema_relatorios - relatorios_interface - INFO - Sistema de relatórios inicializando usando logger configurado
2025-12-09 10:33:32,356 - sistema_relatorios - relatorios_interface - INFO - Configurações de janela importadas com sucesso
2025-12-09 10:33:32,356 - sistema_relatorios - relatorios_interface - INFO - === Sistema de Relatórios Inicializando ===
2025-12-09 10:33:47,697 - sistema_relatorios - gestao_medicoes - INFO - Logger importado com sucesso em gestao_medicoes.py
2025-12-09 10:33:47,954 - sistema_relatorios - gestao_medicoes - INFO - ✅ Janela Gestão de Medições inicializada com tripla proteção de visibilidade
2025-12-09 10:33:49,494 - sistema_relatorios - gerador_contrato - INFO - Carregando serviços de: C:\Users\Obras\sistema_gestao_testes\testes\Financeiro\Planilhas_Base\servicos_construcao.json
2025-12-09 10:33:49,510 - sistema_relatorios - gerador_contrato - INFO - Serviços carregados: 10 categorias
2025-12-09 10:33:49,512 - sistema_relatorios - gerador_contrato - INFO - Pasta de contratos verificada: C:\Users\Obras\sistema_gestao_testes\testes\Financeiro\Clientes\Contratos
2025-12-09 10:33:49,514 - sistema_relatorios - gerador_contrato - INFO - GeradorContrato inicializado com sucesso (usando python-docx)
2025-12-09 10:39:36,885 - sistema_relatorios - gestao_medicoes - INFO - ✅ Janela de Gestão de Medições fechada
2025-12-09 10:39:36,916 - sistema_relatorios - gestao_medicoes - INFO - ✅ Menu principal restaurado
2025-12-09 10:39:43,696 - sistema - logger_config - INFO - Sistema de logging inicializado
2025-12-09 10:39:43,696 - sistema_relatorios - logger_config - INFO - Usuário alterado para: sistema_relatorios
2025-12-09 10:39:43,697 - sistema_relatorios - relatorios_interface - INFO - Sistema de relatórios inicializando usando logger configurado
2025-12-09 10:39:43,697 - sistema_relatorios - relatorios_interface - INFO - Configurações de janela importadas com sucesso
2025-12-09 10:39:43,698 - sistema_relatorios - relatorios_interface - INFO - === Sistema de Relatórios Inicializando ===
2025-12-09 10:41:54,157 - sistema_relatorios - gestao_medicoes - INFO - Logger importado com sucesso em gestao_medicoes.py
2025-12-09 10:41:54,348 - sistema_relatorios - gestao_medicoes - INFO - ✅ Janela Gestão de Medições inicializada com tripla proteção de visibilidade
2025-12-09 10:41:55,663 - sistema_relatorios - gerador_contrato - INFO - Carregando serviços de: C:\Users\Obras\sistema_gestao_testes\testes\Financeiro\Planilhas_Base\servicos_construcao.json
2025-12-09 10:41:55,665 - sistema_relatorios - gerador_contrato - INFO - Serviços carregados: 10 categorias
2025-12-09 10:41:55,666 - sistema_relatorios - gerador_contrato - INFO - Pasta de contratos verificada: C:\Users\Obras\sistema_gestao_testes\testes\Financeiro\Clientes\Contratos
2025-12-09 10:41:55,667 - sistema_relatorios - gerador_contrato - INFO - GeradorContrato inicializado com sucesso (usando python-docx)
2025-12-09 10:56:36,588 - sistema_relatorios - gestao_medicoes - INFO - ✅ Janela de Gestão de Medições fechada
2025-12-09 10:56:36,632 - sistema_relatorios - gestao_medicoes - INFO - ✅ Menu principal restaurado
2025-12-09 11:03:53,226 - sistema - logger_config - INFO - Sistema de logging inicializado
2025-12-09 11:03:53,323 - sistema_relatorios - logger_config - INFO - Usuário alterado para: sistema_relatorios
2025-12-09 11:03:53,379 - sistema_relatorios - relatorios_interface - INFO - Sistema de relatórios inicializando usando logger configurado
2025-12-09 11:03:53,448 - sistema_relatorios - relatorios_interface - INFO - Configurações de janela importadas com sucesso
2025-12-09 11:03:53,512 - sistema_relatorios - relatorios_interface - INFO - === Sistema de Relatórios Inicializando ===
2025-12-09 16:48:41,758 - sistema - logger_config - INFO - Sistema de logging inicializado
2025-12-09 16:48:41,760 - sistema_relatorios - logger_config - INFO - Usuário alterado para: sistema_relatorios
2025-12-09 16:48:41,761 - sistema_relatorios - relatorios_interface - INFO - Sistema de relatórios inicializando usando logger configurado
2025-12-09 16:48:41,762 - sistema_relatorios - relatorios_interface - INFO - Configurações de janela importadas com sucesso
2025-12-09 16:48:41,762 - sistema_relatorios - relatorios_interface - INFO - === Sistema de Relatórios Inicializando ===
2025-12-09 16:50:24,171 - sistema_relatorios - gestao_medicoes - INFO - Logger importado com sucesso em gestao_medicoes.py
2025-12-09 16:50:24,407 - sistema_relatorios - gestao_medicoes - INFO - ✅ Janela Gestão de Medições inicializada com tripla proteção de visibilidade
2025-12-09 16:50:25,932 - sistema_relatorios - gerador_contrato - INFO - Carregando serviços de: C:\Users\Obras\sistema_gestao_testes\testes\Financeiro\Planilhas_Base\servicos_construcao.json
2025-12-09 16:50:25,934 - sistema_relatorios - gerador_contrato - INFO - Serviços carregados: 10 categorias
2025-12-09 16:50:25,936 - sistema_relatorios - gerador_contrato - INFO - Pasta de contratos verificada: C:\Users\Obras\sistema_gestao_testes\testes\Financeiro\Clientes\Contratos
2025-12-09 16:50:25,937 - sistema_relatorios - gerador_contrato - INFO - GeradorContrato inicializado com sucesso (usando python-docx)
2025-12-09 16:55:32,861 - sistema_relatorios - gestao_medicoes - INFO - ✅ Janela de Gestão de Medições fechada
2025-12-09 16:55:32,871 - sistema_relatorios - gestao_medicoes - INFO - ✅ Menu principal restaurado
