2025-07-30 12:12:22,865 - sistema - logger_config - INFO - Sistema de logging inicializado
2025-07-30 12:12:59,495 - sistema - logger_config - INFO - Iniciando: Carregar configurações
2025-07-30 12:12:59,499 - sistema - logger_config - INFO - Concluído: Carregar configurações
2025-07-30 12:13:30,248 - sistema - Sistema_Entrada_Dados - INFO - Iniciando adição de dados - Cliente: LUCAS COSTA OLIVEIRA SANTOS
2025-07-30 12:13:31,679 - sistema - Sistema_Entrada_Dados - INFO - Dados adicionados com sucesso - Cliente: LUCAS COSTA OLIVEIRA SANTOS, Total: 1
2025-07-30 12:13:44,302 - sistema - logger_config - INFO - Iniciando: Carregar configurações
2025-07-30 12:13:44,303 - sistema - logger_config - INFO - Concluído: Carregar configurações
2025-07-30 12:13:55,390 - sistema - Sistema_Entrada_Dados - INFO - Iniciando adição de dados - Cliente: LUCAS COSTA OLIVEIRA SANTOS
2025-07-30 12:13:56,688 - sistema - Sistema_Entrada_Dados - INFO - Dados adicionados com sucesso - Cliente: LUCAS COSTA OLIVEIRA SANTOS, Total: 2
2025-07-30 12:15:52,371 - sistema - logger_config - INFO - Iniciando: Carregar configurações
2025-07-30 12:15:52,372 - sistema - logger_config - INFO - Iniciando: Carregar configurações
2025-07-30 12:15:52,372 - sistema - logger_config - INFO - Concluído: Carregar configurações
2025-07-30 12:15:52,373 - sistema - logger_config - INFO - Concluído: Carregar configurações
2025-07-30 12:15:52,373 - sistema - logger_config - INFO - Iniciando: Carregar configurações
2025-07-30 12:15:52,374 - sistema - logger_config - INFO - Concluído: Carregar configurações
2025-07-30 12:15:52,378 - sistema - logger_config - INFO - Iniciando: Carregar configurações
2025-07-30 12:15:52,379 - sistema - logger_config - INFO - Concluído: Carregar configurações
2025-07-30 12:17:31,103 - sistema - logger_config - INFO - Iniciando: Carregar configurações
2025-07-30 12:17:31,103 - sistema - logger_config - INFO - Concluído: Carregar configurações
2025-07-30 12:19:28,867 - sistema - Sistema_Entrada_Dados - INFO - Iniciando adição de dados - Cliente: LUCAS COSTA OLIVEIRA SANTOS
2025-07-30 12:19:30,491 - sistema - Sistema_Entrada_Dados - INFO - Dados adicionados com sucesso - Cliente: LUCAS COSTA OLIVEIRA SANTOS, Total: 3
2025-07-30 12:21:48,824 - sistema - logger_config - INFO - Iniciando: Carregar configurações
2025-07-30 12:21:48,825 - sistema - logger_config - INFO - Iniciando: Carregar configurações
2025-07-30 12:21:48,825 - sistema - logger_config - INFO - Concluído: Carregar configurações
2025-07-30 12:21:48,827 - sistema - logger_config - INFO - Concluído: Carregar configurações
2025-07-30 12:21:48,828 - sistema - logger_config - INFO - Iniciando: Carregar configurações
2025-07-30 12:21:48,829 - sistema - logger_config - INFO - Concluído: Carregar configurações
2025-07-30 12:21:48,841 - sistema - logger_config - INFO - Iniciando: Carregar configurações
2025-07-30 12:21:48,846 - sistema - logger_config - INFO - Concluído: Carregar configurações
2025-07-30 12:23:19,446 - sistema - logger_config - INFO - Iniciando: Carregar configurações
2025-07-30 12:23:19,447 - sistema - logger_config - INFO - Concluído: Carregar configurações
2025-07-30 12:24:25,495 - sistema - Sistema_Entrada_Dados - INFO - Iniciando adição de dados - Cliente: LUCAS COSTA OLIVEIRA SANTOS
2025-07-30 12:24:27,088 - sistema - Sistema_Entrada_Dados - INFO - Dados adicionados com sucesso - Cliente: LUCAS COSTA OLIVEIRA SANTOS, Total: 4
2025-07-30 12:25:10,465 - sistema - logger_config - INFO - Iniciando: Carregar configurações
2025-07-30 12:25:10,466 - sistema - logger_config - INFO - Concluído: Carregar configurações
2025-07-30 12:25:57,430 - sistema - Sistema_Entrada_Dados - INFO - Iniciando adição de dados - Cliente: LUCAS COSTA OLIVEIRA SANTOS
2025-07-30 12:25:58,863 - sistema - Sistema_Entrada_Dados - INFO - Dados adicionados com sucesso - Cliente: LUCAS COSTA OLIVEIRA SANTOS, Total: 5
2025-07-30 12:26:20,180 - sistema - logger_config - INFO - Iniciando: Carregar configurações
2025-07-30 12:26:20,181 - sistema - logger_config - INFO - Concluído: Carregar configurações
2025-07-30 12:27:08,214 - sistema - Sistema_Entrada_Dados - INFO - Iniciando adição de dados - Cliente: LUCAS COSTA OLIVEIRA SANTOS
2025-07-30 12:27:11,518 - sistema - Sistema_Entrada_Dados - INFO - Dados adicionados com sucesso - Cliente: LUCAS COSTA OLIVEIRA SANTOS, Total: 6
2025-07-30 12:27:39,678 - sistema - Sistema_Entrada_Dados - INFO - Iniciando envio de dados - Cliente: LUCAS COSTA OLIVEIRA SANTOS, Registros: 6
2025-07-30 12:27:39,679 - sistema - Sistema_Entrada_Dados - INFO - Obtendo dados do visualizador
2025-07-30 12:27:39,680 - sistema - Sistema_Entrada_Dados - INFO - Total de registros a processar: 6
2025-07-30 12:27:39,681 - sistema - Sistema_Entrada_Dados - INFO - Datas que serão afetadas pela inserção: ['20/04/2021']
2025-07-30 12:27:39,681 - sistema - Sistema_Entrada_Dados - INFO - Salvando em: C:\Users\Obras\sistema_gestao_testes\testes\Financeiro\Clientes\LUCAS COSTA OLIVEIRA SANTOS.xlsx
2025-07-30 12:27:39,682 - sistema - Sistema_Entrada_Dados - INFO - Verificando integridade dos IDs antes da inserção
2025-07-30 12:27:39,876 - sistema - Sistema_Entrada_Dados - INFO - Coluna ID_LANCAMENTO criada
2025-07-30 12:27:39,956 - sistema - Sistema_Entrada_Dados - INFO - Lançamento inserido com ID 10 na linha 11
2025-07-30 12:27:39,958 - sistema - Sistema_Entrada_Dados - INFO - Lançamento inserido com ID 11 na linha 12
2025-07-30 12:27:39,958 - sistema - Sistema_Entrada_Dados - INFO - Lançamento inserido com ID 12 na linha 13
2025-07-30 12:27:39,959 - sistema - Sistema_Entrada_Dados - INFO - Lançamento inserido com ID 13 na linha 14
2025-07-30 12:27:39,960 - sistema - Sistema_Entrada_Dados - INFO - Lançamento inserido com ID 14 na linha 15
2025-07-30 12:27:39,961 - sistema - Sistema_Entrada_Dados - INFO - Lançamento inserido com ID 15 na linha 16
2025-07-30 12:27:40,147 - sistema - Sistema_Entrada_Dados - INFO - Iniciando verificação de recálculo para 1 datas
2025-07-30 12:27:40,648 - sistema - Sistema_Entrada_Dados - INFO - Verificando necessidade de recálculo para 2021-04-20
2025-07-30 12:27:40,650 - sistema - Sistema_Entrada_Dados - ERROR - ❌ Erro ao verificar recálculo para 2021-04-20: 'SistemaEntradaDados' object has no attribute 'gestor_taxas'
2025-07-30 12:37:41,586 - sistema - logger_config - INFO - Sistema de logging inicializado
2025-07-30 13:39:10,917 - sistema - logger_config - INFO - Sistema de logging inicializado
2025-07-30 15:24:44,909 - sistema - logger_config - INFO - Sistema de logging inicializado
2025-07-30 15:42:23,669 - sistema - logger_config - INFO - Sistema de logging inicializado
2025-07-30 15:47:16,050 - sistema - logger_config - INFO - Sistema de logging inicializado
2025-07-30 15:52:10,533 - sistema - logger_config - INFO - Iniciando: Carregar configurações
2025-07-30 15:52:10,562 - sistema - logger_config - INFO - Concluído: Carregar configurações
2025-07-30 15:53:26,380 - sistema - Sistema_Entrada_Dados - INFO - Iniciando adição de dados - Cliente: LUCAS COSTA OLIVEIRA SANTOS
2025-07-30 15:53:27,940 - sistema - Sistema_Entrada_Dados - INFO - Dados adicionados com sucesso - Cliente: LUCAS COSTA OLIVEIRA SANTOS, Total: 1
2025-07-30 15:53:40,878 - sistema - logger_config - INFO - Iniciando: Carregar configurações
2025-07-30 15:53:40,878 - sistema - logger_config - INFO - Concluído: Carregar configurações
2025-07-30 15:54:40,338 - sistema - Sistema_Entrada_Dados - INFO - Iniciando adição de dados - Cliente: LUCAS COSTA OLIVEIRA SANTOS
2025-07-30 15:54:42,189 - sistema - Sistema_Entrada_Dados - INFO - Dados adicionados com sucesso - Cliente: LUCAS COSTA OLIVEIRA SANTOS, Total: 2
2025-07-30 15:56:00,171 - sistema - Sistema_Entrada_Dados - INFO - Iniciando envio de dados - Cliente: LUCAS COSTA OLIVEIRA SANTOS, Registros: 2
2025-07-30 15:56:00,173 - sistema - Sistema_Entrada_Dados - INFO - Obtendo dados do visualizador
2025-07-30 15:56:00,173 - sistema - Sistema_Entrada_Dados - INFO - Total de registros a processar: 2
2025-07-30 15:56:00,175 - sistema - Sistema_Entrada_Dados - INFO - Datas que serão afetadas pela inserção: ['20/04/2021']
2025-07-30 15:56:00,175 - sistema - Sistema_Entrada_Dados - INFO - Salvando em: C:\Users\Obras\sistema_gestao_testes\testes\Financeiro\Clientes\LUCAS COSTA OLIVEIRA SANTOS.xlsx
2025-07-30 15:56:00,177 - sistema - Sistema_Entrada_Dados - INFO - Verificando integridade dos IDs antes da inserção
2025-07-30 15:56:00,481 - sistema - Sistema_Entrada_Dados - INFO - Lançamento inserido com ID 16 na linha 17
2025-07-30 15:56:00,482 - sistema - Sistema_Entrada_Dados - INFO - Lançamento inserido com ID 17 na linha 18
2025-07-30 15:56:00,825 - sistema - Sistema_Entrada_Dados - INFO - Iniciando verificação de recálculo para 1 datas
2025-07-30 15:56:01,327 - sistema - Sistema_Entrada_Dados - INFO - Verificando necessidade de recálculo para 2021-04-20
2025-07-30 15:56:01,327 - sistema - Sistema_Entrada_Dados - ERROR - ❌ Erro ao verificar recálculo para 2021-04-20: 'SistemaEntradaDados' object has no attribute 'gestor_taxas'
2025-07-30 15:56:24,327 - sistema - logger_config - INFO - Sistema de logging inicializado
2025-07-30 16:59:33,044 - sistema - logger_config - INFO - Sistema de logging inicializado
2025-07-30 17:00:13,691 - sistema - logger_config - INFO - Sistema de logging inicializado
2025-07-30 17:06:39,659 - sistema - logger_config - INFO - Sistema de logging inicializado
2025-07-30 18:06:38,945 - sistema - logger_config - INFO - Sistema de logging inicializado
2025-07-30 18:14:49,320 - sistema - logger_config - INFO - Sistema de logging inicializado
2025-07-30 18:29:17,252 - sistema - logger_config - INFO - Sistema de logging inicializado
2025-07-30 18:37:41,079 - sistema - logger_config - INFO - Sistema de logging inicializado
