2025-04-22 10:12:21,517 - relatorio_despesas_aprimorado - INFO - 
Obtendo número do relatório para data 2025-04-05
2025-04-22 10:12:21,517 - relatorio_despesas_aprimorado - INFO - Número do relatório calculado: 41
2025-04-22 10:12:21,518 - relatorio_despesas_aprimorado - INFO - Calculando acumulado para data 2025-04-05
2025-04-22 10:12:21,532 - relatorio_despesas_aprimorado - INFO - Valor acumulado calculado: 1,905,193.78
2025-04-22 10:12:21,538 - relatorio_despesas_aprimorado - INFO - Iniciando adição de detalhes ao relatório
2025-04-22 10:12:21,541 - relatorio_despesas_aprimorado - INFO - Detalhes adicionados com sucesso
2025-04-22 10:13:56,151 - relatorio_despesas_aprimorado - INFO - 
Obtendo número do relatório para data 2025-04-05
2025-04-22 10:13:56,151 - relatorio_despesas_aprimorado - INFO - Número do relatório calculado: 41
2025-04-22 10:13:56,152 - relatorio_despesas_aprimorado - INFO - Calculando acumulado para data 2025-04-05
2025-04-22 10:13:56,162 - relatorio_despesas_aprimorado - INFO - Valor acumulado calculado: 1,905,193.78
2025-04-22 10:13:56,169 - relatorio_despesas_aprimorado - INFO - Iniciando adição de detalhes ao relatório
2025-04-22 10:13:56,172 - relatorio_despesas_aprimorado - INFO - Detalhes adicionados com sucesso
2025-04-22 12:51:38,608 - sistema_relatorios - INFO - Carregando clientes de: H:\.shortcut-targets-by-id\195uuohIL_ZKum7lhwu-OzJCH_CGAb97G\Relatórios\Financeiro\Planilhas_Base\clientes.xlsx
2025-04-22 12:51:38,692 - sistema_relatorios - INFO - Colunas disponíveis: ['Nome', 'Endereço', 'Data Inicial', 'Observações', 'Data Final']
2025-04-22 12:51:38,693 - sistema_relatorios - INFO - Coluna de status: Data Final
2025-04-22 12:51:38,706 - sistema_relatorios - INFO - Coluna de nome: Nome
2025-04-22 12:51:38,707 - sistema_relatorios - INFO - Total de clientes ativos encontrados: 13
2025-04-22 12:57:29,092 - sistema_relatorios - INFO - Carregando clientes de: H:\.shortcut-targets-by-id\195uuohIL_ZKum7lhwu-OzJCH_CGAb97G\Relatórios\Financeiro\Planilhas_Base\clientes.xlsx
2025-04-22 12:57:29,156 - sistema_relatorios - INFO - Colunas disponíveis: ['Nome', 'Endereço', 'Data Inicial', 'Observações', 'Data Final']
2025-04-22 12:57:29,157 - sistema_relatorios - INFO - Coluna de status: Data Final
2025-04-22 12:57:29,159 - sistema_relatorios - INFO - Coluna de nome: Nome
2025-04-22 12:57:29,160 - sistema_relatorios - INFO - Total de clientes ativos encontrados: 13
2025-04-22 12:57:29,160 - sistema_relatorios - INFO - Lista de clientes carregada com 14 itens
2025-04-22 12:58:54,510 - sistema_relatorios - ERROR - Erro ao preencher combobox de clientes: invalid command name ".!frame.!labelframe2.!labelframe.!frame2.!combobox"
2025-04-22 12:59:02,738 - sistema_relatorios - ERROR - Erro ao preencher combobox de clientes: invalid command name ".!frame.!labelframe2.!labelframe.!frame2.!combobox"
2025-04-22 13:01:15,103 - sistema_relatorios - INFO - Carregando clientes de: H:\.shortcut-targets-by-id\195uuohIL_ZKum7lhwu-OzJCH_CGAb97G\Relatórios\Financeiro\Planilhas_Base\clientes.xlsx
2025-04-22 13:01:15,158 - sistema_relatorios - INFO - Colunas disponíveis: ['Nome', 'Endereço', 'Data Inicial', 'Observações', 'Data Final']
2025-04-22 13:01:15,158 - sistema_relatorios - INFO - Coluna de status: Data Final
2025-04-22 13:01:15,161 - sistema_relatorios - INFO - Coluna de nome: Nome
2025-04-22 13:01:15,162 - sistema_relatorios - INFO - Total de clientes ativos encontrados: 13
2025-04-22 13:01:15,163 - sistema_relatorios - INFO - Lista de clientes carregada com 14 itens
2025-04-22 13:02:49,089 - sistema_relatorios - ERROR - Erro ao preencher combobox de clientes: invalid command name ".!frame.!labelframe2.!labelframe2.!frame2.!combobox"
2025-04-22 13:04:13,858 - relatorio_despesas_aprimorado - INFO - 
Obtendo número do relatório para data 2025-04-05
2025-04-22 13:04:13,859 - relatorio_despesas_aprimorado - INFO - Número do relatório calculado: 2
2025-04-22 13:04:13,860 - relatorio_despesas_aprimorado - INFO - Calculando acumulado para data 2025-04-05
2025-04-22 13:04:13,874 - relatorio_despesas_aprimorado - INFO - Valor acumulado calculado: 444,736.00
2025-04-22 13:04:13,885 - relatorio_despesas_aprimorado - INFO - Iniciando adição de detalhes ao relatório
2025-04-22 13:04:13,977 - relatorio_despesas_aprimorado - INFO - Detalhes adicionados com sucesso
2025-04-22 13:04:23,301 - sistema_relatorios - ERROR - Erro ao preencher combobox de clientes: invalid command name ".!frame.!labelframe2.!labelframe5.!frame2.!combobox"
2025-04-22 13:05:17,701 - sistema_relatorios - INFO - Carregando clientes de: H:\.shortcut-targets-by-id\195uuohIL_ZKum7lhwu-OzJCH_CGAb97G\Relatórios\Financeiro\Planilhas_Base\clientes.xlsx
2025-04-22 13:05:17,758 - sistema_relatorios - INFO - Colunas disponíveis: ['Nome', 'Endereço', 'Data Inicial', 'Observações', 'Data Final']
2025-04-22 13:05:17,759 - sistema_relatorios - INFO - Coluna de status: Data Final
2025-04-22 13:05:17,762 - sistema_relatorios - INFO - Coluna de nome: Nome
2025-04-22 13:05:17,764 - sistema_relatorios - INFO - Total de clientes ativos encontrados: 13
2025-04-22 13:05:17,765 - sistema_relatorios - INFO - Lista de clientes carregada com 14 itens
2025-04-22 13:17:13,749 - sistema_relatorios - INFO - Carregando clientes de: H:\.shortcut-targets-by-id\195uuohIL_ZKum7lhwu-OzJCH_CGAb97G\Relatórios\Financeiro\Planilhas_Base\clientes.xlsx
2025-04-22 13:17:13,945 - sistema_relatorios - INFO - Colunas disponíveis: ['Nome', 'Endereço', 'Data Inicial', 'Observações', 'Data Final']
2025-04-22 13:17:13,946 - sistema_relatorios - INFO - Coluna de status: Data Final
2025-04-22 13:17:13,960 - sistema_relatorios - INFO - Coluna de nome: Nome
2025-04-22 13:17:13,961 - sistema_relatorios - INFO - Total de clientes ativos encontrados: 13
2025-04-22 13:17:13,963 - sistema_relatorios - INFO - Lista de clientes carregada com 14 itens
2025-04-22 13:20:06,781 - sistema_relatorios - INFO - Carregando clientes de: H:\.shortcut-targets-by-id\195uuohIL_ZKum7lhwu-OzJCH_CGAb97G\Relatórios\Financeiro\Planilhas_Base\clientes.xlsx
2025-04-22 13:20:06,967 - sistema_relatorios - INFO - Colunas disponíveis: ['Nome', 'Endereço', 'Data Inicial', 'Observações', 'Data Final']
2025-04-22 13:20:06,968 - sistema_relatorios - INFO - Coluna de status: Data Final
2025-04-22 13:20:06,970 - sistema_relatorios - INFO - Coluna de nome: Nome
2025-04-22 13:20:06,971 - sistema_relatorios - INFO - Total de clientes ativos encontrados: 13
2025-04-22 13:20:06,971 - sistema_relatorios - INFO - Lista de clientes carregada com 14 itens
2025-04-22 13:26:02,831 - sistema_relatorios - INFO - Carregando clientes de: H:\.shortcut-targets-by-id\195uuohIL_ZKum7lhwu-OzJCH_CGAb97G\Relatórios\Financeiro\Planilhas_Base\clientes.xlsx
2025-04-22 13:26:02,913 - sistema_relatorios - INFO - Colunas disponíveis: ['Nome', 'Endereço', 'Data Inicial', 'Observações', 'Data Final']
2025-04-22 13:26:02,914 - sistema_relatorios - INFO - Coluna de status: Data Final
2025-04-22 13:26:02,927 - sistema_relatorios - INFO - Coluna de nome: Nome
2025-04-22 13:26:02,928 - sistema_relatorios - INFO - Total de clientes ativos encontrados: 13
2025-04-22 13:26:02,930 - sistema_relatorios - INFO - Lista de clientes atualizada com 14 clientes
2025-04-22 13:26:33,254 - sistema_relatorios - INFO - Carregando clientes de: H:\.shortcut-targets-by-id\195uuohIL_ZKum7lhwu-OzJCH_CGAb97G\Relatórios\Financeiro\Planilhas_Base\clientes.xlsx
2025-04-22 13:26:33,317 - sistema_relatorios - INFO - Colunas disponíveis: ['Nome', 'Endereço', 'Data Inicial', 'Observações', 'Data Final']
2025-04-22 13:26:33,318 - sistema_relatorios - INFO - Coluna de status: Data Final
2025-04-22 13:26:33,322 - sistema_relatorios - INFO - Coluna de nome: Nome
2025-04-22 13:26:33,323 - sistema_relatorios - INFO - Total de clientes ativos encontrados: 13
2025-04-22 13:26:33,324 - sistema_relatorios - INFO - Lista de clientes atualizada com 14 clientes
2025-04-22 13:26:33,363 - sistema_relatorios - INFO - Carregando clientes de: H:\.shortcut-targets-by-id\195uuohIL_ZKum7lhwu-OzJCH_CGAb97G\Relatórios\Financeiro\Planilhas_Base\clientes.xlsx
2025-04-22 13:26:33,400 - sistema_relatorios - INFO - Colunas disponíveis: ['Nome', 'Endereço', 'Data Inicial', 'Observações', 'Data Final']
2025-04-22 13:26:33,402 - sistema_relatorios - INFO - Coluna de status: Data Final
2025-04-22 13:26:33,403 - sistema_relatorios - INFO - Coluna de nome: Nome
2025-04-22 13:26:33,404 - sistema_relatorios - INFO - Total de clientes ativos encontrados: 13
2025-04-22 13:26:33,405 - sistema_relatorios - INFO - Lista de clientes carregada com 14 itens
2025-04-22 14:25:23,617 - sistema_relatorios - INFO - Carregando clientes de: H:\.shortcut-targets-by-id\195uuohIL_ZKum7lhwu-OzJCH_CGAb97G\Relatórios\Financeiro\Planilhas_Base\clientes.xlsx
2025-04-22 14:25:23,750 - sistema_relatorios - INFO - Colunas disponíveis: ['Nome', 'Endereço', 'Data Inicial', 'Observações', 'Data Final']
2025-04-22 14:25:23,751 - sistema_relatorios - INFO - Coluna de status: Data Final
2025-04-22 14:25:23,766 - sistema_relatorios - INFO - Coluna de nome: Nome
2025-04-22 14:25:23,767 - sistema_relatorios - INFO - Total de clientes ativos encontrados: 13
2025-04-22 14:25:23,769 - sistema_relatorios - INFO - Lista de clientes atualizada com 14 clientes
2025-04-22 14:25:23,809 - sistema_relatorios - INFO - Carregando clientes de: H:\.shortcut-targets-by-id\195uuohIL_ZKum7lhwu-OzJCH_CGAb97G\Relatórios\Financeiro\Planilhas_Base\clientes.xlsx
2025-04-22 14:25:23,843 - sistema_relatorios - INFO - Colunas disponíveis: ['Nome', 'Endereço', 'Data Inicial', 'Observações', 'Data Final']
2025-04-22 14:25:23,843 - sistema_relatorios - INFO - Coluna de status: Data Final
2025-04-22 14:25:23,846 - sistema_relatorios - INFO - Coluna de nome: Nome
2025-04-22 14:25:23,847 - sistema_relatorios - INFO - Total de clientes ativos encontrados: 13
2025-04-22 14:25:23,848 - sistema_relatorios - INFO - Lista de clientes carregada com 14 itens
2025-04-22 14:26:05,403 - relatorio_despesas_aprimorado - INFO - 
Obtendo número do relatório para data 2025-04-20
2025-04-22 14:26:05,404 - relatorio_despesas_aprimorado - INFO - Número do relatório calculado: 44
2025-04-22 14:26:05,405 - relatorio_despesas_aprimorado - INFO - Calculando acumulado para data 2025-04-20
2025-04-22 14:26:05,426 - relatorio_despesas_aprimorado - INFO - Valor acumulado calculado: 3,226,407.72
2025-04-22 14:26:05,440 - relatorio_despesas_aprimorado - INFO - Iniciando adição de detalhes ao relatório
2025-04-22 14:26:05,509 - relatorio_despesas_aprimorado - INFO - Detalhes adicionados com sucesso
2025-04-22 14:26:05,982 - relatorio_despesas_aprimorado - INFO - 
Obtendo número do relatório para data 2025-04-20
2025-04-22 14:26:05,983 - relatorio_despesas_aprimorado - INFO - Número do relatório calculado: 3
2025-04-22 14:26:05,983 - relatorio_despesas_aprimorado - INFO - Calculando acumulado para data 2025-04-20
2025-04-22 14:26:06,004 - relatorio_despesas_aprimorado - INFO - Valor acumulado calculado: 463,759.00
2025-04-22 14:26:06,015 - relatorio_despesas_aprimorado - INFO - Iniciando adição de detalhes ao relatório
2025-04-22 14:26:06,146 - relatorio_despesas_aprimorado - INFO - Detalhes adicionados com sucesso
2025-04-22 14:26:06,771 - relatorio_despesas_aprimorado - INFO - 
Obtendo número do relatório para data 2025-04-20
2025-04-22 14:26:06,773 - relatorio_despesas_aprimorado - INFO - Número do relatório calculado: 13
2025-04-22 14:26:06,773 - relatorio_despesas_aprimorado - INFO - Calculando acumulado para data 2025-04-20
2025-04-22 14:26:06,782 - relatorio_despesas_aprimorado - INFO - Valor acumulado calculado: 650,321.68
2025-04-22 14:26:06,791 - relatorio_despesas_aprimorado - INFO - Iniciando adição de detalhes ao relatório
2025-04-22 14:26:06,899 - relatorio_despesas_aprimorado - INFO - Detalhes adicionados com sucesso
2025-04-22 14:26:08,315 - relatorio_despesas_aprimorado - INFO - 
Obtendo número do relatório para data 2025-04-20
2025-04-22 14:26:08,315 - relatorio_despesas_aprimorado - INFO - Número do relatório calculado: 5
2025-04-22 14:26:08,316 - relatorio_despesas_aprimorado - INFO - Calculando acumulado para data 2025-04-20
2025-04-22 14:26:08,325 - relatorio_despesas_aprimorado - INFO - Valor acumulado calculado: 173,705.86
2025-04-22 14:26:08,337 - relatorio_despesas_aprimorado - INFO - Iniciando adição de detalhes ao relatório
2025-04-22 14:26:08,449 - relatorio_despesas_aprimorado - INFO - Detalhes adicionados com sucesso
2025-04-22 14:26:09,106 - relatorio_despesas_aprimorado - INFO - 
Obtendo número do relatório para data 2025-04-20
2025-04-22 14:26:09,107 - relatorio_despesas_aprimorado - INFO - Número do relatório calculado: 18
2025-04-22 14:26:09,108 - relatorio_despesas_aprimorado - INFO - Calculando acumulado para data 2025-04-20
2025-04-22 14:26:09,117 - relatorio_despesas_aprimorado - INFO - Valor acumulado calculado: 817,315.78
2025-04-22 14:26:09,125 - relatorio_despesas_aprimorado - INFO - Iniciando adição de detalhes ao relatório
2025-04-22 14:26:09,242 - relatorio_despesas_aprimorado - INFO - Detalhes adicionados com sucesso
2025-04-22 14:33:41,844 - sistema_relatorios - INFO - Carregando clientes de: H:\.shortcut-targets-by-id\195uuohIL_ZKum7lhwu-OzJCH_CGAb97G\Relatórios\Financeiro\Planilhas_Base\clientes.xlsx
2025-04-22 14:33:41,924 - sistema_relatorios - INFO - Colunas disponíveis: ['Nome', 'Endereço', 'Data Inicial', 'Observações', 'Data Final']
2025-04-22 14:33:41,925 - sistema_relatorios - INFO - Coluna de status: Data Final
2025-04-22 14:33:41,940 - sistema_relatorios - INFO - Coluna de nome: Nome
2025-04-22 14:33:41,941 - sistema_relatorios - INFO - Total de clientes ativos encontrados: 13
2025-04-22 14:33:41,942 - sistema_relatorios - INFO - Lista de clientes atualizada com 14 clientes
2025-04-22 14:33:41,976 - sistema_relatorios - INFO - Carregando clientes de: H:\.shortcut-targets-by-id\195uuohIL_ZKum7lhwu-OzJCH_CGAb97G\Relatórios\Financeiro\Planilhas_Base\clientes.xlsx
2025-04-22 14:33:42,006 - sistema_relatorios - INFO - Colunas disponíveis: ['Nome', 'Endereço', 'Data Inicial', 'Observações', 'Data Final']
2025-04-22 14:33:42,008 - sistema_relatorios - INFO - Coluna de status: Data Final
2025-04-22 14:33:42,010 - sistema_relatorios - INFO - Coluna de nome: Nome
2025-04-22 14:33:42,011 - sistema_relatorios - INFO - Total de clientes ativos encontrados: 13
2025-04-22 14:33:42,012 - sistema_relatorios - INFO - Lista de clientes carregada com 14 itens
2025-04-22 14:34:04,594 - relatorio_despesas_aprimorado - INFO - 
Obtendo número do relatório para data 2025-04-20
2025-04-22 14:34:04,595 - relatorio_despesas_aprimorado - INFO - Número do relatório calculado: 44
2025-04-22 14:34:04,595 - relatorio_despesas_aprimorado - INFO - Calculando acumulado para data 2025-04-20
2025-04-22 14:34:04,617 - relatorio_despesas_aprimorado - INFO - Valor acumulado calculado: 3,226,407.72
2025-04-22 14:34:04,630 - relatorio_despesas_aprimorado - INFO - Iniciando adição de detalhes ao relatório
2025-04-22 14:34:04,679 - relatorio_despesas_aprimorado - INFO - Detalhes adicionados com sucesso
2025-04-22 14:34:05,054 - relatorio_despesas_aprimorado - INFO - 
Obtendo número do relatório para data 2025-04-20
2025-04-22 14:34:05,056 - relatorio_despesas_aprimorado - INFO - Número do relatório calculado: 3
2025-04-22 14:34:05,056 - relatorio_despesas_aprimorado - INFO - Calculando acumulado para data 2025-04-20
2025-04-22 14:34:05,067 - relatorio_despesas_aprimorado - INFO - Valor acumulado calculado: 463,759.00
2025-04-22 14:34:05,077 - relatorio_despesas_aprimorado - INFO - Iniciando adição de detalhes ao relatório
2025-04-22 14:34:05,186 - relatorio_despesas_aprimorado - INFO - Detalhes adicionados com sucesso
2025-04-22 18:24:56,907 - sistema_relatorios - INFO - Carregando clientes de: H:\.shortcut-targets-by-id\195uuohIL_ZKum7lhwu-OzJCH_CGAb97G\Relatórios\Financeiro\Planilhas_Base\clientes.xlsx
2025-04-22 18:24:57,002 - sistema_relatorios - INFO - Colunas disponíveis: ['Nome', 'Endereço', 'Data Inicial', 'Observações', 'Data Final']
2025-04-22 18:24:57,004 - sistema_relatorios - INFO - Coluna de status: Data Final
2025-04-22 18:24:57,011 - sistema_relatorios - INFO - Coluna de nome: Nome
2025-04-22 18:24:57,011 - sistema_relatorios - INFO - Total de clientes ativos encontrados: 13
2025-04-22 18:24:57,011 - sistema_relatorios - INFO - Lista de clientes atualizada com 14 clientes
2025-04-22 18:24:57,042 - sistema_relatorios - INFO - Carregando clientes de: H:\.shortcut-targets-by-id\195uuohIL_ZKum7lhwu-OzJCH_CGAb97G\Relatórios\Financeiro\Planilhas_Base\clientes.xlsx
2025-04-22 18:24:57,072 - sistema_relatorios - INFO - Colunas disponíveis: ['Nome', 'Endereço', 'Data Inicial', 'Observações', 'Data Final']
2025-04-22 18:24:57,072 - sistema_relatorios - INFO - Coluna de status: Data Final
2025-04-22 18:24:57,073 - sistema_relatorios - INFO - Coluna de nome: Nome
2025-04-22 18:24:57,074 - sistema_relatorios - INFO - Total de clientes ativos encontrados: 13
2025-04-22 18:24:57,074 - sistema_relatorios - INFO - Lista de clientes carregada com 14 itens
2025-04-22 20:15:25,569 - sistema_relatorios - INFO - Carregando clientes de: H:\.shortcut-targets-by-id\195uuohIL_ZKum7lhwu-OzJCH_CGAb97G\Relatórios\Financeiro\Planilhas_Base\clientes.xlsx
2025-04-22 20:15:25,800 - sistema_relatorios - INFO - Colunas disponíveis: ['Nome', 'Endereço', 'Data Inicial', 'Observações', 'Data Final']
2025-04-22 20:15:25,802 - sistema_relatorios - INFO - Coluna de status: Data Final
2025-04-22 20:15:25,811 - sistema_relatorios - INFO - Coluna de nome: Nome
2025-04-22 20:15:25,815 - sistema_relatorios - INFO - Total de clientes ativos encontrados: 13
2025-04-22 20:15:25,822 - sistema_relatorios - INFO - Lista de clientes atualizada com 14 clientes
2025-04-22 20:15:25,901 - sistema_relatorios - INFO - Carregando clientes de: H:\.shortcut-targets-by-id\195uuohIL_ZKum7lhwu-OzJCH_CGAb97G\Relatórios\Financeiro\Planilhas_Base\clientes.xlsx
2025-04-22 20:15:26,013 - sistema_relatorios - INFO - Colunas disponíveis: ['Nome', 'Endereço', 'Data Inicial', 'Observações', 'Data Final']
2025-04-22 20:15:26,016 - sistema_relatorios - INFO - Coluna de status: Data Final
2025-04-22 20:15:26,018 - sistema_relatorios - INFO - Coluna de nome: Nome
2025-04-22 20:15:26,019 - sistema_relatorios - INFO - Total de clientes ativos encontrados: 13
2025-04-22 20:15:26,020 - sistema_relatorios - INFO - Lista de clientes carregada com 14 itens
2025-04-22 20:20:06,019 - sistema_relatorios - INFO - Carregando clientes de: H:\.shortcut-targets-by-id\195uuohIL_ZKum7lhwu-OzJCH_CGAb97G\Relatórios\Financeiro\Planilhas_Base\clientes.xlsx
2025-04-22 20:20:06,100 - sistema_relatorios - INFO - Colunas disponíveis: ['Nome', 'Endereço', 'Data Inicial', 'Observações', 'Data Final']
2025-04-22 20:20:06,101 - sistema_relatorios - INFO - Coluna de status: Data Final
2025-04-22 20:20:06,107 - sistema_relatorios - INFO - Coluna de nome: Nome
2025-04-22 20:20:06,108 - sistema_relatorios - INFO - Total de clientes ativos encontrados: 13
2025-04-22 20:20:06,109 - sistema_relatorios - INFO - Lista de clientes atualizada com 14 clientes
2025-04-22 20:20:06,137 - sistema_relatorios - INFO - Carregando clientes de: H:\.shortcut-targets-by-id\195uuohIL_ZKum7lhwu-OzJCH_CGAb97G\Relatórios\Financeiro\Planilhas_Base\clientes.xlsx
2025-04-22 20:20:06,165 - sistema_relatorios - INFO - Colunas disponíveis: ['Nome', 'Endereço', 'Data Inicial', 'Observações', 'Data Final']
2025-04-22 20:20:06,165 - sistema_relatorios - INFO - Coluna de status: Data Final
2025-04-22 20:20:06,166 - sistema_relatorios - INFO - Coluna de nome: Nome
2025-04-22 20:20:06,167 - sistema_relatorios - INFO - Total de clientes ativos encontrados: 13
2025-04-22 20:20:06,167 - sistema_relatorios - INFO - Lista de clientes carregada com 14 itens
