2025-12-18 09:56:31,131 - sistema - logger_config - INFO - Sistema de logging inicializado
2025-12-18 09:56:31,133 - sistema_relatorios - logger_config - INFO - Usuário alterado para: sistema_relatorios
2025-12-18 09:56:31,133 - sistema_relatorios - relatorios_interface - INFO - Sistema de relatórios inicializando usando logger configurado
2025-12-18 09:56:31,134 - sistema_relatorios - relatorios_interface - INFO - Configurações de janela importadas com sucesso
2025-12-18 09:56:31,136 - sistema_relatorios - relatorios_interface - INFO - === Sistema de Relatórios Inicializando ===
2025-12-18 09:56:44,374 - sistema_relatorios - gestao_medicoes - INFO - Logger importado com sucesso em gestao_medicoes.py
2025-12-18 09:56:44,748 - sistema_relatorios - gestao_medicoes - INFO - ✅ Janela Gestão de Medições inicializada com tripla proteção de visibilidade
2025-12-18 09:56:47,024 - sistema_relatorios - gerador_contrato - INFO - Carregando serviços de: C:\Users\Obras\sistema_gestao_testes\testes\Financeiro\Planilhas_Base\servicos_construcao.json
2025-12-18 09:56:47,048 - sistema_relatorios - gerador_contrato - INFO - Serviços carregados: 10 categorias
2025-12-18 09:56:47,051 - sistema_relatorios - gerador_contrato - INFO - Pasta de contratos verificada: C:\Users\Obras\sistema_gestao_testes\testes\Financeiro\Clientes\Contratos
2025-12-18 09:56:47,055 - sistema_relatorios - gerador_contrato - INFO - GeradorContrato inicializado com sucesso (usando python-docx)
2025-12-18 09:57:35,036 - sistema_relatorios - gestao_medicoes - INFO - Medição excluída: Contrato 16, Medição #1, Valor: 400
2025-12-18 09:59:13,268 - sistema_relatorios - gestao_medicoes - INFO - ✅ Janela de Gestão de Medições fechada
2025-12-18 09:59:13,273 - sistema_relatorios - gestao_medicoes - INFO - ✅ Menu principal restaurado
2025-12-18 09:59:16,900 - sistema_relatorios - relatorios_interface - INFO - Carregando clientes de: C:\Users\Obras\sistema_gestao_testes\testes\Financeiro\Planilhas_Base\Clientes.xlsx
2025-12-18 09:59:16,929 - sistema_relatorios - relatorios_interface - INFO - Colunas disponíveis: ['Nome', 'Endereço', 'Data Inicial', 'Observações', 'Data Final', 'Tipo Taxa', 'CPF', 'CNO', 'Estado Civil', 'Cidade', 'Grupo', 'Logradouro', 'Numero', 'Complemento', 'Localidade', 'CEP', 'Estado', 'Metragem_Alvara', 'Banco', 'Agencia', 'Conta', 'Tipo_Conta', 'PIX']
2025-12-18 09:59:16,930 - sistema_relatorios - relatorios_interface - INFO - Coluna de status: Data Final
2025-12-18 09:59:16,948 - sistema_relatorios - relatorios_interface - INFO - Coluna de nome: Nome
2025-12-18 09:59:16,950 - sistema_relatorios - relatorios_interface - INFO - Total de clientes ativos encontrados: 16
2025-12-18 09:59:16,951 - sistema_relatorios - relatorios_interface - INFO - Lista de clientes atualizada com 17 clientes
2025-12-18 09:59:18,659 - sistema_relatorios - relatorios_interface - INFO - Carregando clientes de: C:\Users\Obras\sistema_gestao_testes\testes\Financeiro\Planilhas_Base\Clientes.xlsx
2025-12-18 09:59:18,681 - sistema_relatorios - relatorios_interface - INFO - Colunas disponíveis: ['Nome', 'Endereço', 'Data Inicial', 'Observações', 'Data Final', 'Tipo Taxa', 'CPF', 'CNO', 'Estado Civil', 'Cidade', 'Grupo', 'Logradouro', 'Numero', 'Complemento', 'Localidade', 'CEP', 'Estado', 'Metragem_Alvara', 'Banco', 'Agencia', 'Conta', 'Tipo_Conta', 'PIX']
2025-12-18 09:59:18,685 - sistema_relatorios - relatorios_interface - INFO - Coluna de status: Data Final
2025-12-18 09:59:18,688 - sistema_relatorios - relatorios_interface - INFO - Coluna de nome: Nome
2025-12-18 09:59:18,690 - sistema_relatorios - relatorios_interface - INFO - Total de clientes ativos encontrados: 16
2025-12-18 09:59:25,723 - sistema_relatorios - relatorios_interface - INFO - 🔍 INICIANDO gerar_relatorio para: contratos
2025-12-18 09:59:25,724 - sistema_relatorios - relatorios_interface - INFO - 📋 Processando outros relatórios: contratos
2025-12-18 09:59:47,723 - sistema_relatorios - relatorios_interface - INFO - ✅ Opções do relatório gerencial PDF configuradas
2025-12-18 09:59:49,531 - sistema_relatorios - relatorios_interface - INFO - 🔍 INICIANDO gerar_relatorio para: gerencial_pdf
2025-12-18 09:59:49,532 - sistema_relatorios - relatorios_interface - INFO - 📋 Processando outros relatórios: gerencial_pdf
2025-12-18 09:59:49,533 - sistema_relatorios - relatorios_interface - INFO - 🚀 Iniciando Relatório Gerencial PDF
2025-12-18 09:59:49,588 - sistema_relatorios - relatorios_interface - INFO - ✅ Módulo RelatorioGerencialPDF importado
2025-12-18 09:59:50,556 - sistema_relatorios - relatorios_interface - INFO - ✅ Interface do relatório gerencial PDF aberta
2025-12-18 10:00:49,387 - sistema_relatorios - relatorios_interface - INFO - ✅ Retornado à interface principal
2025-12-18 10:00:51,637 - sistema_relatorios - relatorios_interface - INFO - ✅ Opções do Relatório Quinzenal configuradas
2025-12-18 10:03:14,182 - sistema_relatorios - relatorios_interface - INFO - ✅ Opções do relatório gerencial configuradas
2025-12-18 10:03:16,409 - sistema_relatorios - relatorios_interface - INFO - 🔍 INICIANDO gerar_relatorio para: gerencial_engenheiro
2025-12-18 10:03:16,410 - sistema_relatorios - relatorios_interface - INFO - 📋 Processando outros relatórios: gerencial_engenheiro
2025-12-18 10:03:16,410 - sistema_relatorios - relatorios_interface - INFO - 🚀 Iniciando Relatório Gerencial por Engenheiro
2025-12-18 10:03:16,480 - sistema_relatorios - relatorios_interface - INFO - ✅ Módulo RelatorioGerencialEngenheiro importado
2025-12-18 10:03:16,824 - sistema_relatorios - relatorios_interface - INFO - ✅ Interface do relatório gerencial aberta
2025-12-18 10:04:11,048 - sistema_relatorios - relatorios_interface - INFO - ✅ Retornado à interface principal
2025-12-18 10:04:35,968 - sistema_relatorios - relatorios_interface - INFO - Solicitado retorno ao menu principal
2025-12-18 10:04:35,969 - sistema_relatorios - relatorios_interface - INFO - Retornando ao menu principal existente
2025-12-18 10:04:36,047 - sistema_relatorios - relatorios_interface - INFO - Retorno ao menu principal concluído
2025-12-18 10:20:44,937 - sistema - logger_config - INFO - Sistema de logging inicializado
2025-12-18 10:20:44,938 - sistema_relatorios - logger_config - INFO - Usuário alterado para: sistema_relatorios
2025-12-18 10:20:44,938 - sistema_relatorios - relatorios_interface - INFO - Sistema de relatórios inicializando usando logger configurado
2025-12-18 10:20:44,939 - sistema_relatorios - relatorios_interface - INFO - Configurações de janela importadas com sucesso
2025-12-18 10:20:44,939 - sistema_relatorios - relatorios_interface - INFO - === Sistema de Relatórios Inicializando ===
2025-12-18 10:20:52,006 - sistema_relatorios - relatorios_interface - INFO - Carregando clientes de: C:\Users\Obras\sistema_gestao_testes\testes\Financeiro\Planilhas_Base\Clientes.xlsx
2025-12-18 10:20:52,152 - sistema_relatorios - relatorios_interface - INFO - Colunas disponíveis: ['Nome', 'Endereço', 'Data Inicial', 'Observações', 'Data Final', 'Tipo Taxa', 'CPF', 'CNO', 'Estado Civil', 'Cidade', 'Grupo', 'Logradouro', 'Numero', 'Complemento', 'Localidade', 'CEP', 'Estado', 'Metragem_Alvara', 'Banco', 'Agencia', 'Conta', 'Tipo_Conta', 'PIX']
2025-12-18 10:20:52,172 - sistema_relatorios - relatorios_interface - INFO - Coluna de status: Data Final
2025-12-18 10:20:52,199 - sistema_relatorios - relatorios_interface - INFO - Coluna de nome: Nome
2025-12-18 10:20:52,205 - sistema_relatorios - relatorios_interface - INFO - Total de clientes ativos encontrados: 16
2025-12-18 10:20:52,209 - sistema_relatorios - relatorios_interface - INFO - Lista de clientes atualizada com 17 clientes
2025-12-18 10:20:55,382 - sistema_relatorios - relatorios_interface - INFO - ✅ Opções do Relatório Quinzenal configuradas
2025-12-18 10:24:29,180 - sistema_relatorios - relatorios_interface - INFO - Solicitado retorno ao menu principal
2025-12-18 10:24:29,182 - sistema_relatorios - relatorios_interface - INFO - Retornando ao menu principal existente
2025-12-18 10:24:29,304 - sistema_relatorios - relatorios_interface - INFO - Retorno ao menu principal concluído
2025-12-18 10:35:04,074 - sistema - logger_config - INFO - Sistema de logging inicializado
2025-12-18 10:35:04,076 - sistema_relatorios - logger_config - INFO - Usuário alterado para: sistema_relatorios
2025-12-18 10:35:04,076 - sistema_relatorios - relatorios_interface - INFO - Sistema de relatórios inicializando usando logger configurado
2025-12-18 10:35:04,077 - sistema_relatorios - relatorios_interface - INFO - Configurações de janela importadas com sucesso
2025-12-18 10:35:04,077 - sistema_relatorios - relatorios_interface - INFO - === Sistema de Relatórios Inicializando ===
2025-12-18 10:35:09,160 - sistema_relatorios - relatorios_interface - INFO - Carregando clientes de: C:\Users\Obras\sistema_gestao_testes\testes\Financeiro\Planilhas_Base\Clientes.xlsx
2025-12-18 10:35:09,238 - sistema_relatorios - relatorios_interface - INFO - Colunas disponíveis: ['Nome', 'Endereço', 'Data Inicial', 'Observações', 'Data Final', 'Tipo Taxa', 'CPF', 'CNO', 'Estado Civil', 'Cidade', 'Grupo', 'Logradouro', 'Numero', 'Complemento', 'Localidade', 'CEP', 'Estado', 'Metragem_Alvara', 'Banco', 'Agencia', 'Conta', 'Tipo_Conta', 'PIX']
2025-12-18 10:35:09,240 - sistema_relatorios - relatorios_interface - INFO - Coluna de status: Data Final
2025-12-18 10:35:09,243 - sistema_relatorios - relatorios_interface - INFO - Coluna de nome: Nome
2025-12-18 10:35:09,245 - sistema_relatorios - relatorios_interface - INFO - Total de clientes ativos encontrados: 16
2025-12-18 10:35:09,248 - sistema_relatorios - relatorios_interface - INFO - Lista de clientes atualizada com 17 clientes
2025-12-18 10:35:10,819 - sistema_relatorios - relatorios_interface - INFO - Carregando clientes de: C:\Users\Obras\sistema_gestao_testes\testes\Financeiro\Planilhas_Base\Clientes.xlsx
2025-12-18 10:35:10,844 - sistema_relatorios - relatorios_interface - INFO - Colunas disponíveis: ['Nome', 'Endereço', 'Data Inicial', 'Observações', 'Data Final', 'Tipo Taxa', 'CPF', 'CNO', 'Estado Civil', 'Cidade', 'Grupo', 'Logradouro', 'Numero', 'Complemento', 'Localidade', 'CEP', 'Estado', 'Metragem_Alvara', 'Banco', 'Agencia', 'Conta', 'Tipo_Conta', 'PIX']
2025-12-18 10:35:10,846 - sistema_relatorios - relatorios_interface - INFO - Coluna de status: Data Final
2025-12-18 10:35:10,849 - sistema_relatorios - relatorios_interface - INFO - Coluna de nome: Nome
2025-12-18 10:35:10,850 - sistema_relatorios - relatorios_interface - INFO - Total de clientes ativos encontrados: 16
2025-12-18 10:35:15,421 - sistema_relatorios - relatorios_interface - INFO - ✅ Opções do Relatório Quinzenal configuradas
2025-12-18 10:36:51,611 - sistema_relatorios - relatorios_interface - INFO - Solicitado retorno ao menu principal
2025-12-18 10:36:51,612 - sistema_relatorios - relatorios_interface - INFO - Retornando ao menu principal existente
2025-12-18 10:36:51,706 - sistema_relatorios - relatorios_interface - INFO - Retorno ao menu principal concluído
2025-12-18 10:40:32,521 - sistema - logger_config - INFO - Sistema de logging inicializado
2025-12-18 10:40:32,521 - sistema_relatorios - logger_config - INFO - Usuário alterado para: sistema_relatorios
2025-12-18 10:40:32,522 - sistema_relatorios - relatorios_interface - INFO - Sistema de relatórios inicializando usando logger configurado
2025-12-18 10:40:32,522 - sistema_relatorios - relatorios_interface - INFO - Configurações de janela importadas com sucesso
2025-12-18 10:40:32,523 - sistema_relatorios - relatorios_interface - INFO - === Sistema de Relatórios Inicializando ===
2025-12-18 10:40:36,658 - sistema_relatorios - relatorios_interface - INFO - Carregando clientes de: C:\Users\Obras\sistema_gestao_testes\testes\Financeiro\Planilhas_Base\Clientes.xlsx
2025-12-18 10:40:36,741 - sistema_relatorios - relatorios_interface - INFO - Colunas disponíveis: ['Nome', 'Endereço', 'Data Inicial', 'Observações', 'Data Final', 'Tipo Taxa', 'CPF', 'CNO', 'Estado Civil', 'Cidade', 'Grupo', 'Logradouro', 'Numero', 'Complemento', 'Localidade', 'CEP', 'Estado', 'Metragem_Alvara', 'Banco', 'Agencia', 'Conta', 'Tipo_Conta', 'PIX']
2025-12-18 10:40:36,743 - sistema_relatorios - relatorios_interface - INFO - Coluna de status: Data Final
2025-12-18 10:40:36,746 - sistema_relatorios - relatorios_interface - INFO - Coluna de nome: Nome
2025-12-18 10:40:36,747 - sistema_relatorios - relatorios_interface - INFO - Total de clientes ativos encontrados: 16
2025-12-18 10:40:36,748 - sistema_relatorios - relatorios_interface - INFO - Lista de clientes atualizada com 17 clientes
2025-12-18 10:40:38,882 - sistema_relatorios - relatorios_interface - INFO - ✅ Opções do Relatório Quinzenal configuradas
2025-12-18 10:41:30,023 - sistema_relatorios - relatorios_interface - INFO - Solicitado retorno ao menu principal
2025-12-18 10:41:30,024 - sistema_relatorios - relatorios_interface - INFO - Retornando ao menu principal existente
2025-12-18 10:41:30,103 - sistema_relatorios - relatorios_interface - INFO - Retorno ao menu principal concluído
2025-12-18 10:43:39,093 - sistema - logger_config - INFO - Sistema de logging inicializado
2025-12-18 10:43:39,094 - sistema_relatorios - logger_config - INFO - Usuário alterado para: sistema_relatorios
2025-12-18 10:43:39,094 - sistema_relatorios - relatorios_interface - INFO - Sistema de relatórios inicializando usando logger configurado
2025-12-18 10:43:39,094 - sistema_relatorios - relatorios_interface - INFO - Configurações de janela importadas com sucesso
2025-12-18 10:43:39,095 - sistema_relatorios - relatorios_interface - INFO - === Sistema de Relatórios Inicializando ===
2025-12-18 10:43:43,426 - sistema_relatorios - relatorios_interface - INFO - Carregando clientes de: C:\Users\Obras\sistema_gestao_testes\testes\Financeiro\Planilhas_Base\Clientes.xlsx
2025-12-18 10:43:43,503 - sistema_relatorios - relatorios_interface - INFO - Colunas disponíveis: ['Nome', 'Endereço', 'Data Inicial', 'Observações', 'Data Final', 'Tipo Taxa', 'CPF', 'CNO', 'Estado Civil', 'Cidade', 'Grupo', 'Logradouro', 'Numero', 'Complemento', 'Localidade', 'CEP', 'Estado', 'Metragem_Alvara', 'Banco', 'Agencia', 'Conta', 'Tipo_Conta', 'PIX']
2025-12-18 10:43:43,504 - sistema_relatorios - relatorios_interface - INFO - Coluna de status: Data Final
2025-12-18 10:43:43,512 - sistema_relatorios - relatorios_interface - INFO - Coluna de nome: Nome
2025-12-18 10:43:43,514 - sistema_relatorios - relatorios_interface - INFO - Total de clientes ativos encontrados: 16
2025-12-18 10:43:43,515 - sistema_relatorios - relatorios_interface - INFO - Lista de clientes atualizada com 17 clientes
2025-12-18 10:43:45,953 - sistema_relatorios - relatorios_interface - INFO - ✅ Opções do Relatório Quinzenal configuradas
2025-12-18 10:44:39,341 - sistema_relatorios - relatorios_interface - INFO - Solicitado retorno ao menu principal
2025-12-18 10:44:39,342 - sistema_relatorios - relatorios_interface - INFO - Retornando ao menu principal existente
2025-12-18 10:44:39,437 - sistema_relatorios - relatorios_interface - INFO - Retorno ao menu principal concluído
2025-12-18 10:50:03,540 - sistema - logger_config - INFO - Sistema de logging inicializado
2025-12-18 10:50:03,541 - sistema_relatorios - logger_config - INFO - Usuário alterado para: sistema_relatorios
2025-12-18 10:50:03,542 - sistema_relatorios - relatorios_interface - INFO - Sistema de relatórios inicializando usando logger configurado
2025-12-18 10:50:03,542 - sistema_relatorios - relatorios_interface - INFO - Configurações de janela importadas com sucesso
2025-12-18 10:50:03,542 - sistema_relatorios - relatorios_interface - INFO - === Sistema de Relatórios Inicializando ===
2025-12-18 10:50:08,158 - sistema_relatorios - relatorios_interface - INFO - Carregando clientes de: C:\Users\Obras\sistema_gestao_testes\testes\Financeiro\Planilhas_Base\Clientes.xlsx
2025-12-18 10:50:08,258 - sistema_relatorios - relatorios_interface - INFO - Colunas disponíveis: ['Nome', 'Endereço', 'Data Inicial', 'Observações', 'Data Final', 'Tipo Taxa', 'CPF', 'CNO', 'Estado Civil', 'Cidade', 'Grupo', 'Logradouro', 'Numero', 'Complemento', 'Localidade', 'CEP', 'Estado', 'Metragem_Alvara', 'Banco', 'Agencia', 'Conta', 'Tipo_Conta', 'PIX']
2025-12-18 10:50:08,260 - sistema_relatorios - relatorios_interface - INFO - Coluna de status: Data Final
2025-12-18 10:50:08,276 - sistema_relatorios - relatorios_interface - INFO - Coluna de nome: Nome
2025-12-18 10:50:08,278 - sistema_relatorios - relatorios_interface - INFO - Total de clientes ativos encontrados: 16
2025-12-18 10:50:08,279 - sistema_relatorios - relatorios_interface - INFO - Lista de clientes atualizada com 17 clientes
2025-12-18 10:50:10,437 - sistema_relatorios - relatorios_interface - INFO - ✅ Opções do Relatório Quinzenal configuradas
2025-12-18 10:52:04,248 - sistema - logger_config - INFO - Sistema de logging inicializado
2025-12-18 10:52:04,249 - sistema_relatorios - logger_config - INFO - Usuário alterado para: sistema_relatorios
2025-12-18 10:52:04,249 - sistema_relatorios - relatorios_interface - INFO - Sistema de relatórios inicializando usando logger configurado
2025-12-18 10:52:04,250 - sistema_relatorios - relatorios_interface - INFO - Configurações de janela importadas com sucesso
2025-12-18 10:52:04,250 - sistema_relatorios - relatorios_interface - INFO - === Sistema de Relatórios Inicializando ===
2025-12-18 10:52:08,165 - sistema_relatorios - relatorios_interface - INFO - Carregando clientes de: C:\Users\Obras\sistema_gestao_testes\testes\Financeiro\Planilhas_Base\Clientes.xlsx
2025-12-18 10:52:08,235 - sistema_relatorios - relatorios_interface - INFO - Colunas disponíveis: ['Nome', 'Endereço', 'Data Inicial', 'Observações', 'Data Final', 'Tipo Taxa', 'CPF', 'CNO', 'Estado Civil', 'Cidade', 'Grupo', 'Logradouro', 'Numero', 'Complemento', 'Localidade', 'CEP', 'Estado', 'Metragem_Alvara', 'Banco', 'Agencia', 'Conta', 'Tipo_Conta', 'PIX']
2025-12-18 10:52:08,239 - sistema_relatorios - relatorios_interface - INFO - Coluna de status: Data Final
2025-12-18 10:52:08,241 - sistema_relatorios - relatorios_interface - INFO - Coluna de nome: Nome
2025-12-18 10:52:08,243 - sistema_relatorios - relatorios_interface - INFO - Total de clientes ativos encontrados: 16
2025-12-18 10:52:08,244 - sistema_relatorios - relatorios_interface - INFO - Lista de clientes atualizada com 17 clientes
2025-12-18 10:52:09,773 - sistema_relatorios - relatorios_interface - INFO - Carregando clientes de: C:\Users\Obras\sistema_gestao_testes\testes\Financeiro\Planilhas_Base\Clientes.xlsx
2025-12-18 10:52:09,799 - sistema_relatorios - relatorios_interface - INFO - Colunas disponíveis: ['Nome', 'Endereço', 'Data Inicial', 'Observações', 'Data Final', 'Tipo Taxa', 'CPF', 'CNO', 'Estado Civil', 'Cidade', 'Grupo', 'Logradouro', 'Numero', 'Complemento', 'Localidade', 'CEP', 'Estado', 'Metragem_Alvara', 'Banco', 'Agencia', 'Conta', 'Tipo_Conta', 'PIX']
2025-12-18 10:52:09,800 - sistema_relatorios - relatorios_interface - INFO - Coluna de status: Data Final
2025-12-18 10:52:09,803 - sistema_relatorios - relatorios_interface - INFO - Coluna de nome: Nome
2025-12-18 10:52:09,805 - sistema_relatorios - relatorios_interface - INFO - Total de clientes ativos encontrados: 16
2025-12-18 10:52:12,430 - sistema_relatorios - relatorios_interface - INFO - ✅ Opções do Relatório Quinzenal configuradas
2025-12-18 10:52:47,488 - sistema_relatorios - relatorios_interface - INFO - Solicitado retorno ao menu principal
2025-12-18 10:52:47,489 - sistema_relatorios - relatorios_interface - INFO - Retornando ao menu principal existente
2025-12-18 10:52:47,552 - sistema_relatorios - relatorios_interface - INFO - Retorno ao menu principal concluído
2025-12-18 10:53:43,613 - sistema - logger_config - INFO - Sistema de logging inicializado
2025-12-18 10:53:43,614 - sistema_relatorios - logger_config - INFO - Usuário alterado para: sistema_relatorios
2025-12-18 10:53:43,614 - sistema_relatorios - relatorios_interface - INFO - Sistema de relatórios inicializando usando logger configurado
2025-12-18 10:53:43,614 - sistema_relatorios - relatorios_interface - INFO - Configurações de janela importadas com sucesso
2025-12-18 10:53:43,615 - sistema_relatorios - relatorios_interface - INFO - === Sistema de Relatórios Inicializando ===
2025-12-18 10:53:48,677 - sistema_relatorios - relatorios_interface - INFO - Carregando clientes de: C:\Users\Obras\sistema_gestao_testes\testes\Financeiro\Planilhas_Base\Clientes.xlsx
2025-12-18 10:53:48,747 - sistema_relatorios - relatorios_interface - INFO - Colunas disponíveis: ['Nome', 'Endereço', 'Data Inicial', 'Observações', 'Data Final', 'Tipo Taxa', 'CPF', 'CNO', 'Estado Civil', 'Cidade', 'Grupo', 'Logradouro', 'Numero', 'Complemento', 'Localidade', 'CEP', 'Estado', 'Metragem_Alvara', 'Banco', 'Agencia', 'Conta', 'Tipo_Conta', 'PIX']
2025-12-18 10:53:48,748 - sistema_relatorios - relatorios_interface - INFO - Coluna de status: Data Final
2025-12-18 10:53:48,752 - sistema_relatorios - relatorios_interface - INFO - Coluna de nome: Nome
2025-12-18 10:53:48,753 - sistema_relatorios - relatorios_interface - INFO - Total de clientes ativos encontrados: 16
2025-12-18 10:53:48,754 - sistema_relatorios - relatorios_interface - INFO - Lista de clientes atualizada com 17 clientes
2025-12-18 10:53:51,199 - sistema_relatorios - relatorios_interface - INFO - ✅ Opções do Relatório Quinzenal configuradas
2025-12-18 10:54:36,639 - sistema_relatorios - relatorios_interface - INFO - Solicitado retorno ao menu principal
2025-12-18 10:54:36,640 - sistema_relatorios - relatorios_interface - INFO - Retornando ao menu principal existente
2025-12-18 10:54:36,704 - sistema_relatorios - relatorios_interface - INFO - Retorno ao menu principal concluído
2025-12-18 11:19:04,723 - sistema - logger_config - INFO - Sistema de logging inicializado
2025-12-18 11:19:04,723 - sistema_relatorios - logger_config - INFO - Usuário alterado para: sistema_relatorios
2025-12-18 11:19:04,724 - sistema_relatorios - relatorios_interface - INFO - Sistema de relatórios inicializando usando logger configurado
2025-12-18 11:19:04,724 - sistema_relatorios - relatorios_interface - INFO - Configurações de janela importadas com sucesso
2025-12-18 11:19:04,725 - sistema_relatorios - relatorios_interface - INFO - === Sistema de Relatórios Inicializando ===
2025-12-18 11:19:09,363 - sistema_relatorios - relatorios_interface - INFO - Carregando clientes de: C:\Users\Obras\sistema_gestao_testes\testes\Financeiro\Planilhas_Base\Clientes.xlsx
2025-12-18 11:19:09,464 - sistema_relatorios - relatorios_interface - INFO - Colunas disponíveis: ['Nome', 'Endereço', 'Data Inicial', 'Observações', 'Data Final', 'Tipo Taxa', 'CPF', 'CNO', 'Estado Civil', 'Cidade', 'Grupo', 'Logradouro', 'Numero', 'Complemento', 'Localidade', 'CEP', 'Estado', 'Metragem_Alvara', 'Banco', 'Agencia', 'Conta', 'Tipo_Conta', 'PIX']
2025-12-18 11:19:09,467 - sistema_relatorios - relatorios_interface - INFO - Coluna de status: Data Final
2025-12-18 11:19:09,483 - sistema_relatorios - relatorios_interface - INFO - Coluna de nome: Nome
2025-12-18 11:19:09,491 - sistema_relatorios - relatorios_interface - INFO - Total de clientes ativos encontrados: 16
2025-12-18 11:19:09,492 - sistema_relatorios - relatorios_interface - INFO - Lista de clientes atualizada com 17 clientes
2025-12-18 11:19:12,865 - sistema_relatorios - relatorios_interface - INFO - ✅ Opções do Relatório Quinzenal configuradas
2025-12-18 11:20:12,070 - sistema_relatorios - relatorios_interface - INFO - Solicitado retorno ao menu principal
2025-12-18 11:20:12,071 - sistema_relatorios - relatorios_interface - INFO - Retornando ao menu principal existente
2025-12-18 11:20:12,138 - sistema_relatorios - relatorios_interface - INFO - Retorno ao menu principal concluído
2025-12-18 11:33:26,653 - sistema - logger_config - INFO - Sistema de logging inicializado
2025-12-18 11:33:26,654 - sistema_relatorios - logger_config - INFO - Usuário alterado para: sistema_relatorios
2025-12-18 11:33:26,654 - sistema_relatorios - relatorios_interface - INFO - Sistema de relatórios inicializando usando logger configurado
2025-12-18 11:33:26,655 - sistema_relatorios - relatorios_interface - INFO - Configurações de janela importadas com sucesso
2025-12-18 11:33:26,655 - sistema_relatorios - relatorios_interface - INFO - === Sistema de Relatórios Inicializando ===
2025-12-18 11:33:31,515 - sistema_relatorios - relatorios_interface - INFO - Carregando clientes de: C:\Users\Obras\sistema_gestao_testes\testes\Financeiro\Planilhas_Base\Clientes.xlsx
2025-12-18 11:33:31,619 - sistema_relatorios - relatorios_interface - INFO - Colunas disponíveis: ['Nome', 'Endereço', 'Data Inicial', 'Observações', 'Data Final', 'Tipo Taxa', 'CPF', 'CNO', 'Estado Civil', 'Cidade', 'Grupo', 'Logradouro', 'Numero', 'Complemento', 'Localidade', 'CEP', 'Estado', 'Metragem_Alvara', 'Banco', 'Agencia', 'Conta', 'Tipo_Conta', 'PIX']
2025-12-18 11:33:31,621 - sistema_relatorios - relatorios_interface - INFO - Coluna de status: Data Final
2025-12-18 11:33:31,634 - sistema_relatorios - relatorios_interface - INFO - Coluna de nome: Nome
2025-12-18 11:33:31,638 - sistema_relatorios - relatorios_interface - INFO - Total de clientes ativos encontrados: 16
2025-12-18 11:33:31,639 - sistema_relatorios - relatorios_interface - INFO - Lista de clientes atualizada com 17 clientes
2025-12-18 11:33:34,624 - sistema_relatorios - relatorios_interface - INFO - ✅ Opções do Relatório Quinzenal configuradas
2025-12-18 11:35:39,105 - sistema_relatorios - relatorios_interface - INFO - Data calculada automaticamente: 20/12/2025
2025-12-18 11:35:39,107 - sistema_relatorios - relatorios_interface - INFO - Data calculada automaticamente: 20/12/2025
2025-12-18 11:35:39,300 - sistema_relatorios - relatorios_interface - INFO - Carregando clientes de: C:\Users\Obras\sistema_gestao_testes\testes\Financeiro\Planilhas_Base\Clientes.xlsx
2025-12-18 11:35:39,333 - sistema_relatorios - relatorios_interface - INFO - Colunas disponíveis: ['Nome', 'Endereço', 'Data Inicial', 'Observações', 'Data Final', 'Tipo Taxa', 'CPF', 'CNO', 'Estado Civil', 'Cidade', 'Grupo', 'Logradouro', 'Numero', 'Complemento', 'Localidade', 'CEP', 'Estado', 'Metragem_Alvara', 'Banco', 'Agencia', 'Conta', 'Tipo_Conta', 'PIX']
2025-12-18 11:35:39,335 - sistema_relatorios - relatorios_interface - INFO - Coluna de status: Data Final
2025-12-18 11:35:39,337 - sistema_relatorios - relatorios_interface - INFO - Coluna de nome: Nome
2025-12-18 11:35:39,338 - sistema_relatorios - relatorios_interface - INFO - Total de clientes ativos encontrados: 16
2025-12-18 12:00:58,127 - sistema_relatorios - relatorios_interface - INFO - Solicitado retorno ao menu principal
2025-12-18 12:00:58,134 - sistema_relatorios - relatorios_interface - INFO - Retornando ao menu principal existente
2025-12-18 12:00:58,218 - sistema_relatorios - relatorios_interface - INFO - Retorno ao menu principal concluído
2025-12-18 12:06:06,152 - sistema - logger_config - INFO - Sistema de logging inicializado
2025-12-18 12:06:06,153 - sistema_relatorios - logger_config - INFO - Usuário alterado para: sistema_relatorios
2025-12-18 12:06:06,153 - sistema_relatorios - relatorios_interface - INFO - Sistema de relatórios inicializando usando logger configurado
2025-12-18 12:06:06,154 - sistema_relatorios - relatorios_interface - INFO - Configurações de janela importadas com sucesso
2025-12-18 12:06:06,154 - sistema_relatorios - relatorios_interface - INFO - === Sistema de Relatórios Inicializando ===
2025-12-18 12:06:10,377 - sistema_relatorios - relatorios_interface - INFO - Carregando clientes de: C:\Users\Obras\sistema_gestao_testes\testes\Financeiro\Planilhas_Base\Clientes.xlsx
2025-12-18 12:06:10,439 - sistema_relatorios - relatorios_interface - INFO - Colunas disponíveis: ['Nome', 'Endereço', 'Data Inicial', 'Observações', 'Data Final', 'Tipo Taxa', 'CPF', 'CNO', 'Estado Civil', 'Cidade', 'Grupo', 'Logradouro', 'Numero', 'Complemento', 'Localidade', 'CEP', 'Estado', 'Metragem_Alvara', 'Banco', 'Agencia', 'Conta', 'Tipo_Conta', 'PIX']
2025-12-18 12:06:10,441 - sistema_relatorios - relatorios_interface - INFO - Coluna de status: Data Final
2025-12-18 12:06:10,444 - sistema_relatorios - relatorios_interface - INFO - Coluna de nome: Nome
2025-12-18 12:06:10,446 - sistema_relatorios - relatorios_interface - INFO - Total de clientes ativos encontrados: 16
2025-12-18 12:06:10,446 - sistema_relatorios - relatorios_interface - INFO - Lista de clientes atualizada com 17 clientes
2025-12-18 12:06:12,620 - sistema_relatorios - relatorios_interface - INFO - ✅ Opções do Relatório Quinzenal configuradas
2025-12-18 12:09:28,445 - sistema_relatorios - relatorios_interface - INFO - Solicitado retorno ao menu principal
2025-12-18 12:09:28,446 - sistema_relatorios - relatorios_interface - INFO - Retornando ao menu principal existente
2025-12-18 12:09:28,526 - sistema_relatorios - relatorios_interface - INFO - Retorno ao menu principal concluído
2025-12-18 12:11:50,533 - sistema - logger_config - INFO - Sistema de logging inicializado
2025-12-18 12:11:50,534 - sistema_relatorios - logger_config - INFO - Usuário alterado para: sistema_relatorios
2025-12-18 12:11:50,534 - sistema_relatorios - relatorios_interface - INFO - Sistema de relatórios inicializando usando logger configurado
2025-12-18 12:11:50,535 - sistema_relatorios - relatorios_interface - INFO - Configurações de janela importadas com sucesso
2025-12-18 12:11:50,535 - sistema_relatorios - relatorios_interface - INFO - === Sistema de Relatórios Inicializando ===
2025-12-18 12:11:54,932 - sistema_relatorios - relatorios_interface - INFO - Carregando clientes de: C:\Users\Obras\sistema_gestao_testes\testes\Financeiro\Planilhas_Base\Clientes.xlsx
2025-12-18 12:11:54,995 - sistema_relatorios - relatorios_interface - INFO - Colunas disponíveis: ['Nome', 'Endereço', 'Data Inicial', 'Observações', 'Data Final', 'Tipo Taxa', 'CPF', 'CNO', 'Estado Civil', 'Cidade', 'Grupo', 'Logradouro', 'Numero', 'Complemento', 'Localidade', 'CEP', 'Estado', 'Metragem_Alvara', 'Banco', 'Agencia', 'Conta', 'Tipo_Conta', 'PIX']
2025-12-18 12:11:54,997 - sistema_relatorios - relatorios_interface - INFO - Coluna de status: Data Final
2025-12-18 12:11:55,001 - sistema_relatorios - relatorios_interface - INFO - Coluna de nome: Nome
2025-12-18 12:11:55,003 - sistema_relatorios - relatorios_interface - INFO - Total de clientes ativos encontrados: 16
2025-12-18 12:11:55,004 - sistema_relatorios - relatorios_interface - INFO - Lista de clientes atualizada com 17 clientes
2025-12-18 12:11:57,195 - sistema_relatorios - relatorios_interface - INFO - ✅ Opções do Relatório Quinzenal configuradas
2025-12-18 12:15:01,142 - sistema - logger_config - INFO - Sistema de logging inicializado
2025-12-18 12:15:01,142 - sistema_relatorios - logger_config - INFO - Usuário alterado para: sistema_relatorios
2025-12-18 12:15:01,143 - sistema_relatorios - relatorios_interface - INFO - Sistema de relatórios inicializando usando logger configurado
2025-12-18 12:15:01,143 - sistema_relatorios - relatorios_interface - INFO - Configurações de janela importadas com sucesso
2025-12-18 12:15:01,144 - sistema_relatorios - relatorios_interface - INFO - === Sistema de Relatórios Inicializando ===
2025-12-18 12:15:05,611 - sistema_relatorios - relatorios_interface - INFO - Carregando clientes de: C:\Users\Obras\sistema_gestao_testes\testes\Financeiro\Planilhas_Base\Clientes.xlsx
2025-12-18 12:15:05,669 - sistema_relatorios - relatorios_interface - INFO - Colunas disponíveis: ['Nome', 'Endereço', 'Data Inicial', 'Observações', 'Data Final', 'Tipo Taxa', 'CPF', 'CNO', 'Estado Civil', 'Cidade', 'Grupo', 'Logradouro', 'Numero', 'Complemento', 'Localidade', 'CEP', 'Estado', 'Metragem_Alvara', 'Banco', 'Agencia', 'Conta', 'Tipo_Conta', 'PIX']
2025-12-18 12:15:05,671 - sistema_relatorios - relatorios_interface - INFO - Coluna de status: Data Final
2025-12-18 12:15:05,673 - sistema_relatorios - relatorios_interface - INFO - Coluna de nome: Nome
2025-12-18 12:15:05,675 - sistema_relatorios - relatorios_interface - INFO - Total de clientes ativos encontrados: 16
2025-12-18 12:15:05,676 - sistema_relatorios - relatorios_interface - INFO - Lista de clientes atualizada com 17 clientes
2025-12-18 12:15:09,254 - sistema_relatorios - relatorios_interface - INFO - ✅ Opções do Relatório Quinzenal configuradas
2025-12-18 12:15:57,377 - sistema_relatorios - relatorios_interface - INFO - Solicitado retorno ao menu principal
2025-12-18 12:15:57,378 - sistema_relatorios - relatorios_interface - INFO - Retornando ao menu principal existente
2025-12-18 12:15:57,445 - sistema_relatorios - relatorios_interface - INFO - Retorno ao menu principal concluído
2025-12-18 12:16:40,807 - sistema - logger_config - INFO - Sistema de logging inicializado
2025-12-18 12:16:40,807 - sistema_relatorios - logger_config - INFO - Usuário alterado para: sistema_relatorios
2025-12-18 12:16:40,808 - sistema_relatorios - relatorios_interface - INFO - Sistema de relatórios inicializando usando logger configurado
2025-12-18 12:16:40,808 - sistema_relatorios - relatorios_interface - INFO - Configurações de janela importadas com sucesso
2025-12-18 12:16:40,809 - sistema_relatorios - relatorios_interface - INFO - === Sistema de Relatórios Inicializando ===
2025-12-18 12:23:35,123 - sistema - logger_config - INFO - Sistema de logging inicializado
