2026-06-17 13:55:12,298 - sistema - logger_config - INFO - Sistema de logging inicializado
2026-06-17 13:55:12,352 - sistema_relatorios - logger_config - INFO - Usuário alterado para: sistema_relatorios
2026-06-17 13:55:12,371 - sistema_relatorios - relatorios_interface - INFO - Sistema de relatórios inicializando usando logger configurado
2026-06-17 13:55:12,433 - sistema_relatorios - relatorios_interface - INFO - Configurações de janela importadas com sucesso
2026-06-17 13:55:12,449 - sistema_relatorios - relatorios_interface - INFO - === Sistema de Relatórios Inicializando ===
2026-06-17 13:56:49,825 - sistema_relatorios - logger_config - INFO - Iniciando: Carregar configurações
2026-06-17 13:56:50,070 - sistema_relatorios - logger_config - INFO - Concluído: Carregar configurações
2026-06-17 13:56:50,505 - sistema_relatorios - logger_config - INFO - Iniciando: Carregar configurações
2026-06-17 13:56:50,607 - sistema_relatorios - logger_config - INFO - Concluído: Carregar configurações
2026-06-17 13:56:50,610 - sistema_relatorios - logger_config - INFO - Iniciando: Carregar configurações
2026-06-17 13:56:50,651 - sistema_relatorios - logger_config - INFO - Concluído: Carregar configurações
2026-06-17 13:59:51,058 - sistema_relatorios - logger_config - INFO - Iniciando: Carregar configurações
2026-06-17 13:59:51,059 - sistema_relatorios - logger_config - INFO - Concluído: Carregar configurações
2026-06-17 13:59:51,059 - sistema_relatorios - logger_config - INFO - Iniciando: Carregar configurações
2026-06-17 13:59:51,060 - sistema_relatorios - logger_config - INFO - Concluído: Carregar configurações
2026-06-17 13:59:51,062 - sistema_relatorios - logger_config - INFO - Iniciando: Carregar configurações
2026-06-17 13:59:51,062 - sistema_relatorios - logger_config - INFO - Concluído: Carregar configurações
2026-06-17 13:59:51,063 - sistema_relatorios - logger_config - INFO - Iniciando: Carregar configurações
2026-06-17 13:59:51,064 - sistema_relatorios - logger_config - INFO - Concluído: Carregar configurações
2026-06-17 14:00:07,298 - sistema_relatorios - logger_config - INFO - Iniciando: Carregar configurações
2026-06-17 14:00:07,298 - sistema_relatorios - logger_config - INFO - Concluído: Carregar configurações
2026-06-17 14:00:07,299 - sistema_relatorios - logger_config - INFO - Iniciando: Carregar configurações
2026-06-17 14:00:07,299 - sistema_relatorios - logger_config - INFO - Concluído: Carregar configurações
2026-06-17 14:00:07,302 - sistema_relatorios - logger_config - INFO - Iniciando: Carregar configurações
2026-06-17 14:00:07,303 - sistema_relatorios - logger_config - INFO - Concluído: Carregar configurações
2026-06-17 14:00:07,304 - sistema_relatorios - logger_config - INFO - Iniciando: Carregar configurações
2026-06-17 14:00:07,305 - sistema_relatorios - logger_config - INFO - Concluído: Carregar configurações
2026-06-17 14:00:19,808 - sistema_relatorios - logger_config - INFO - Iniciando: Carregar configurações
2026-06-17 14:00:19,809 - sistema_relatorios - logger_config - INFO - Concluído: Carregar configurações
2026-06-17 14:00:19,809 - sistema_relatorios - logger_config - INFO - Iniciando: Carregar configurações
2026-06-17 14:00:19,810 - sistema_relatorios - logger_config - INFO - Concluído: Carregar configurações
2026-06-17 14:00:19,812 - sistema_relatorios - logger_config - INFO - Iniciando: Carregar configurações
2026-06-17 14:00:19,812 - sistema_relatorios - logger_config - INFO - Concluído: Carregar configurações
2026-06-17 14:00:19,813 - sistema_relatorios - logger_config - INFO - Iniciando: Carregar configurações
2026-06-17 14:00:19,813 - sistema_relatorios - logger_config - INFO - Concluído: Carregar configurações
2026-06-17 14:00:36,023 - sistema_relatorios - logger_config - INFO - Iniciando: Carregar configurações
2026-06-17 14:00:36,023 - sistema_relatorios - logger_config - INFO - Concluído: Carregar configurações
2026-06-17 14:00:36,024 - sistema_relatorios - logger_config - INFO - Iniciando: Carregar configurações
2026-06-17 14:00:36,024 - sistema_relatorios - logger_config - INFO - Concluído: Carregar configurações
2026-06-17 14:00:36,026 - sistema_relatorios - logger_config - INFO - Iniciando: Carregar configurações
2026-06-17 14:00:36,026 - sistema_relatorios - logger_config - INFO - Concluído: Carregar configurações
2026-06-17 14:00:36,027 - sistema_relatorios - logger_config - INFO - Iniciando: Carregar configurações
2026-06-17 14:00:36,027 - sistema_relatorios - logger_config - INFO - Concluído: Carregar configurações
2026-06-17 14:00:46,873 - sistema_relatorios - logger_config - INFO - Iniciando: Carregar configurações
2026-06-17 14:00:46,874 - sistema_relatorios - logger_config - INFO - Concluído: Carregar configurações
2026-06-17 14:00:46,874 - sistema_relatorios - logger_config - INFO - Iniciando: Carregar configurações
2026-06-17 14:00:46,875 - sistema_relatorios - logger_config - INFO - Concluído: Carregar configurações
2026-06-17 14:00:46,877 - sistema_relatorios - logger_config - INFO - Iniciando: Carregar configurações
2026-06-17 14:00:46,877 - sistema_relatorios - logger_config - INFO - Concluído: Carregar configurações
2026-06-17 14:00:46,878 - sistema_relatorios - logger_config - INFO - Iniciando: Carregar configurações
2026-06-17 14:00:46,879 - sistema_relatorios - logger_config - INFO - Concluído: Carregar configurações
2026-06-17 14:01:00,609 - sistema_relatorios - logger_config - INFO - Iniciando: Carregar configurações
2026-06-17 14:01:00,609 - sistema_relatorios - logger_config - INFO - Concluído: Carregar configurações
2026-06-17 14:01:00,610 - sistema_relatorios - logger_config - INFO - Iniciando: Carregar configurações
2026-06-17 14:01:00,610 - sistema_relatorios - logger_config - INFO - Concluído: Carregar configurações
2026-06-17 14:01:00,612 - sistema_relatorios - logger_config - INFO - Iniciando: Carregar configurações
2026-06-17 14:01:00,613 - sistema_relatorios - logger_config - INFO - Concluído: Carregar configurações
2026-06-17 14:01:00,614 - sistema_relatorios - logger_config - INFO - Iniciando: Carregar configurações
2026-06-17 14:01:00,614 - sistema_relatorios - logger_config - INFO - Concluído: Carregar configurações
2026-06-17 14:01:12,995 - sistema_relatorios - logger_config - INFO - Iniciando: Carregar configurações
2026-06-17 14:01:12,995 - sistema_relatorios - logger_config - INFO - Concluído: Carregar configurações
2026-06-17 14:01:12,996 - sistema_relatorios - logger_config - INFO - Iniciando: Carregar configurações
2026-06-17 14:01:12,996 - sistema_relatorios - logger_config - INFO - Concluído: Carregar configurações
2026-06-17 14:01:12,998 - sistema_relatorios - logger_config - INFO - Iniciando: Carregar configurações
2026-06-17 14:01:12,998 - sistema_relatorios - logger_config - INFO - Concluído: Carregar configurações
2026-06-17 14:01:12,999 - sistema_relatorios - logger_config - INFO - Iniciando: Carregar configurações
2026-06-17 14:01:12,999 - sistema_relatorios - logger_config - INFO - Concluído: Carregar configurações
2026-06-17 14:01:26,271 - sistema_relatorios - logger_config - INFO - Iniciando: Carregar configurações
2026-06-17 14:01:26,271 - sistema_relatorios - logger_config - INFO - Concluído: Carregar configurações
2026-06-17 14:01:26,272 - sistema_relatorios - logger_config - INFO - Iniciando: Carregar configurações
2026-06-17 14:01:26,272 - sistema_relatorios - logger_config - INFO - Concluído: Carregar configurações
2026-06-17 14:01:26,274 - sistema_relatorios - logger_config - INFO - Iniciando: Carregar configurações
2026-06-17 14:01:26,275 - sistema_relatorios - logger_config - INFO - Concluído: Carregar configurações
2026-06-17 14:01:26,275 - sistema_relatorios - logger_config - INFO - Iniciando: Carregar configurações
2026-06-17 14:01:26,276 - sistema_relatorios - logger_config - INFO - Concluído: Carregar configurações
2026-06-17 14:01:39,775 - sistema_relatorios - logger_config - INFO - Iniciando: Carregar configurações
2026-06-17 14:01:39,776 - sistema_relatorios - logger_config - INFO - Concluído: Carregar configurações
2026-06-17 14:01:39,776 - sistema_relatorios - logger_config - INFO - Iniciando: Carregar configurações
2026-06-17 14:01:39,777 - sistema_relatorios - logger_config - INFO - Concluído: Carregar configurações
2026-06-17 14:01:39,779 - sistema_relatorios - logger_config - INFO - Iniciando: Carregar configurações
2026-06-17 14:01:39,779 - sistema_relatorios - logger_config - INFO - Concluído: Carregar configurações
2026-06-17 14:01:39,779 - sistema_relatorios - logger_config - INFO - Iniciando: Carregar configurações
2026-06-17 14:01:39,780 - sistema_relatorios - logger_config - INFO - Concluído: Carregar configurações
2026-06-17 14:01:51,541 - sistema_relatorios - logger_config - INFO - Iniciando: Carregar configurações
2026-06-17 14:01:51,542 - sistema_relatorios - logger_config - INFO - Concluído: Carregar configurações
2026-06-17 14:01:51,543 - sistema_relatorios - logger_config - INFO - Iniciando: Carregar configurações
2026-06-17 14:01:51,543 - sistema_relatorios - logger_config - INFO - Concluído: Carregar configurações
2026-06-17 14:01:51,545 - sistema_relatorios - logger_config - INFO - Iniciando: Carregar configurações
2026-06-17 14:01:51,545 - sistema_relatorios - logger_config - INFO - Concluído: Carregar configurações
2026-06-17 14:01:51,546 - sistema_relatorios - logger_config - INFO - Iniciando: Carregar configurações
2026-06-17 14:01:51,546 - sistema_relatorios - logger_config - INFO - Concluído: Carregar configurações
2026-06-17 14:02:08,687 - sistema_relatorios - relatorios_interface - INFO - Carregando clientes de: C:\Users\Obras\sistema_gestao_testes\testes\Financeiro\Planilhas_Base\Clientes.xlsx
2026-06-17 14:02:08,733 - sistema_relatorios - relatorios_interface - INFO - Colunas disponíveis: ['Nome', 'Endereço', 'Data Inicial', 'Observações', 'Data Final', 'Tipo Taxa', 'CPF', 'CNO', 'Estado Civil', 'Cidade', 'Grupo', 'Logradouro', 'Numero', 'Complemento', 'Localidade', 'CEP', 'Estado', 'Metragem_Alvara', 'Banco', 'Agencia', 'Conta', 'Tipo_Conta', 'PIX']
2026-06-17 14:02:08,734 - sistema_relatorios - relatorios_interface - INFO - Coluna de status: Data Final
2026-06-17 14:02:08,742 - sistema_relatorios - relatorios_interface - INFO - Coluna de nome: Nome
2026-06-17 14:02:08,743 - sistema_relatorios - relatorios_interface - INFO - Total de clientes ativos encontrados: 19
2026-06-17 14:02:08,743 - sistema_relatorios - relatorios_interface - INFO - Lista de clientes atualizada com 20 clientes
2026-06-17 14:02:10,085 - sistema_relatorios - relatorios_interface - INFO - Data calculada automaticamente: 20/06/2026
2026-06-17 14:02:10,087 - sistema_relatorios - relatorios_interface - INFO - Data calculada automaticamente: 20/06/2026
2026-06-17 14:02:10,240 - sistema_relatorios - relatorios_interface - INFO - Carregando clientes de: C:\Users\Obras\sistema_gestao_testes\testes\Financeiro\Planilhas_Base\Clientes.xlsx
2026-06-17 14:02:10,302 - sistema_relatorios - relatorios_interface - INFO - Colunas disponíveis: ['Nome', 'Endereço', 'Data Inicial', 'Observações', 'Data Final', 'Tipo Taxa', 'CPF', 'CNO', 'Estado Civil', 'Cidade', 'Grupo', 'Logradouro', 'Numero', 'Complemento', 'Localidade', 'CEP', 'Estado', 'Metragem_Alvara', 'Banco', 'Agencia', 'Conta', 'Tipo_Conta', 'PIX']
2026-06-17 14:02:10,303 - sistema_relatorios - relatorios_interface - INFO - Coluna de status: Data Final
2026-06-17 14:02:10,304 - sistema_relatorios - relatorios_interface - INFO - Coluna de nome: Nome
2026-06-17 14:02:10,305 - sistema_relatorios - relatorios_interface - INFO - Total de clientes ativos encontrados: 19
2026-06-17 14:02:13,890 - sistema_relatorios - relatorios_interface - INFO - Cliente selecionado: EDUARDO DE CARVALHO LIMA
2026-06-17 14:02:13,891 - sistema_relatorios - relatorios_interface - INFO - Arquivo encontrado: C:\Users\Obras\sistema_gestao_testes\testes\Financeiro\Clientes\EDUARDO DE CARVALHO LIMA.xlsx
2026-06-17 14:02:13,898 - sistema_relatorios - relatorios_interface - INFO - Arquivo encontrado: C:\Users\Obras\sistema_gestao_testes\testes\Financeiro\Clientes\EDUARDO DE CARVALHO LIMA.xlsx
2026-06-17 14:02:15,305 - sistema_relatorios - relatorios_interface - INFO - 🔍 INICIANDO gerar_relatorio para: despesas
2026-06-17 14:02:15,306 - sistema_relatorios - relatorios_interface - INFO - 🎯 PROCESSANDO: Relatório de despesas
2026-06-17 14:02:15,306 - sistema_relatorios - relatorios_interface - INFO - 🎯 PROCESSANDO DESPESAS - ARQUITETURA LIMPA
2026-06-17 14:02:15,307 - sistema_relatorios - relatorios_interface - INFO - Data final obtida: 2026-06-20 00:00:00 (tipo: <class 'datetime.datetime'>)
2026-06-17 14:02:15,308 - sistema_relatorios - relatorios_interface - INFO - ✅ Arquivo encontrado em arquivo_cliente_selecionado: C:\Users\Obras\sistema_gestao_testes\testes\Financeiro\Clientes\EDUARDO DE CARVALHO LIMA.xlsx
2026-06-17 14:02:15,308 - sistema_relatorios - relatorios_interface - INFO - ✅ Arquivo final nas configurações: C:\Users\Obras\sistema_gestao_testes\testes\Financeiro\Clientes\EDUARDO DE CARVALHO LIMA.xlsx
2026-06-17 14:02:15,309 - sistema_relatorios - relatorios_interface - INFO - ✅ Configurações coletadas
2026-06-17 14:02:15,309 - sistema_relatorios - relatorios_interface - INFO - ✅ Arquivo confirmado: EDUARDO DE CARVALHO LIMA.xlsx
2026-06-17 14:02:17,239 - sistema_relatorios - relatorios_interface - INFO - Modo selecionado: Preview
2026-06-17 14:02:17,239 - sistema_relatorios - relatorios_interface - INFO - 🎯 EXECUTANDO COM PREVIEW DIRETO - PDF TEMPORÁRIO
2026-06-17 14:02:18,150 - sistema_relatorios - relatorios_interface - INFO - ✅ Janela de decisão criada
2026-06-17 14:03:12,793 - sistema_relatorios - relatorios_interface - INFO - 🗑️ PDF temporário agendado para remoção: PREVIEW_EDUARDO_DE_CARVALHO_LIMA_20260617_140217.pdf
2026-06-17 14:03:14,800 - sistema_relatorios - relatorios_interface - INFO - 🗑️ Arquivo temporário removido: PREVIEW_EDUARDO_DE_CARVALHO_LIMA_20260617_140217.pdf
2026-06-17 14:04:13,832 - sistema_relatorios - relatorios_interface - INFO - 🔍 INICIANDO gerar_relatorio para: despesas
2026-06-17 14:04:13,833 - sistema_relatorios - relatorios_interface - INFO - 🎯 PROCESSANDO: Relatório de despesas
2026-06-17 14:04:13,834 - sistema_relatorios - relatorios_interface - INFO - 🎯 PROCESSANDO DESPESAS - ARQUITETURA LIMPA
2026-06-17 14:04:13,835 - sistema_relatorios - relatorios_interface - INFO - Data final obtida: 2026-06-20 00:00:00 (tipo: <class 'datetime.datetime'>)
2026-06-17 14:04:13,835 - sistema_relatorios - relatorios_interface - INFO - ✅ Arquivo encontrado em arquivo_cliente_selecionado: C:\Users\Obras\sistema_gestao_testes\testes\Financeiro\Clientes\EDUARDO DE CARVALHO LIMA.xlsx
2026-06-17 14:04:13,836 - sistema_relatorios - relatorios_interface - INFO - ✅ Arquivo final nas configurações: C:\Users\Obras\sistema_gestao_testes\testes\Financeiro\Clientes\EDUARDO DE CARVALHO LIMA.xlsx
2026-06-17 14:04:13,836 - sistema_relatorios - relatorios_interface - INFO - ✅ Configurações coletadas
2026-06-17 14:04:13,837 - sistema_relatorios - relatorios_interface - INFO - ✅ Arquivo confirmado: EDUARDO DE CARVALHO LIMA.xlsx
2026-06-17 14:04:16,094 - sistema_relatorios - relatorios_interface - INFO - Modo selecionado: Preview
2026-06-17 14:04:16,094 - sistema_relatorios - relatorios_interface - INFO - 🎯 EXECUTANDO COM PREVIEW DIRETO - PDF TEMPORÁRIO
2026-06-17 14:04:16,647 - sistema_relatorios - relatorios_interface - INFO - ✅ Janela de decisão criada
2026-06-17 14:06:25,201 - sistema_relatorios - relatorios_interface - INFO - 🗑️ PDF temporário agendado para remoção: PREVIEW_EDUARDO_DE_CARVALHO_LIMA_20260617_140416.pdf
2026-06-17 14:06:27,215 - sistema_relatorios - relatorios_interface - INFO - 🗑️ Arquivo temporário removido: PREVIEW_EDUARDO_DE_CARVALHO_LIMA_20260617_140416.pdf
2026-06-17 14:16:04,036 - sistema_relatorios - relatorios_interface - INFO - Solicitado retorno ao menu principal
2026-06-17 14:16:04,067 - sistema_relatorios - relatorios_interface - INFO - Retornando ao menu principal existente
2026-06-17 14:16:04,329 - sistema_relatorios - relatorios_interface - INFO - Retorno ao menu principal concluído
2026-06-17 14:21:29,432 - sistema - logger_config - INFO - Sistema de logging inicializado
2026-06-17 14:21:29,433 - sistema_relatorios - logger_config - INFO - Usuário alterado para: sistema_relatorios
2026-06-17 14:21:29,434 - sistema_relatorios - relatorios_interface - INFO - Sistema de relatórios inicializando usando logger configurado
2026-06-17 14:21:29,435 - sistema_relatorios - relatorios_interface - INFO - Configurações de janela importadas com sucesso
2026-06-17 14:21:29,435 - sistema_relatorios - relatorios_interface - INFO - === Sistema de Relatórios Inicializando ===
2026-06-17 14:22:13,341 - sistema_relatorios - relatorios_interface - INFO - Carregando clientes de: C:\Users\Obras\sistema_gestao_testes\testes\Financeiro\Planilhas_Base\Clientes.xlsx
2026-06-17 14:22:13,464 - sistema_relatorios - relatorios_interface - INFO - Colunas disponíveis: ['Nome', 'Endereço', 'Data Inicial', 'Observações', 'Data Final', 'Tipo Taxa', 'CPF', 'CNO', 'Estado Civil', 'Cidade', 'Grupo', 'Logradouro', 'Numero', 'Complemento', 'Localidade', 'CEP', 'Estado', 'Metragem_Alvara', 'Banco', 'Agencia', 'Conta', 'Tipo_Conta', 'PIX']
2026-06-17 14:22:13,465 - sistema_relatorios - relatorios_interface - INFO - Coluna de status: Data Final
2026-06-17 14:22:13,480 - sistema_relatorios - relatorios_interface - INFO - Coluna de nome: Nome
2026-06-17 14:22:13,482 - sistema_relatorios - relatorios_interface - INFO - Total de clientes ativos encontrados: 19
2026-06-17 14:22:13,483 - sistema_relatorios - relatorios_interface - INFO - Lista de clientes atualizada com 20 clientes
2026-06-17 14:22:15,480 - sistema_relatorios - relatorios_interface - INFO - Data calculada automaticamente: 20/06/2026
2026-06-17 14:22:15,481 - sistema_relatorios - relatorios_interface - INFO - Data calculada automaticamente: 20/06/2026
2026-06-17 14:22:16,165 - sistema_relatorios - relatorios_interface - INFO - Carregando clientes de: C:\Users\Obras\sistema_gestao_testes\testes\Financeiro\Planilhas_Base\Clientes.xlsx
2026-06-17 14:22:16,199 - sistema_relatorios - relatorios_interface - INFO - Colunas disponíveis: ['Nome', 'Endereço', 'Data Inicial', 'Observações', 'Data Final', 'Tipo Taxa', 'CPF', 'CNO', 'Estado Civil', 'Cidade', 'Grupo', 'Logradouro', 'Numero', 'Complemento', 'Localidade', 'CEP', 'Estado', 'Metragem_Alvara', 'Banco', 'Agencia', 'Conta', 'Tipo_Conta', 'PIX']
2026-06-17 14:22:16,199 - sistema_relatorios - relatorios_interface - INFO - Coluna de status: Data Final
2026-06-17 14:22:16,201 - sistema_relatorios - relatorios_interface - INFO - Coluna de nome: Nome
2026-06-17 14:22:16,202 - sistema_relatorios - relatorios_interface - INFO - Total de clientes ativos encontrados: 19
2026-06-17 14:22:20,819 - sistema_relatorios - relatorios_interface - INFO - Cliente selecionado: EDUARDO DE CARVALHO LIMA
2026-06-17 14:22:20,820 - sistema_relatorios - relatorios_interface - INFO - Arquivo encontrado: C:\Users\Obras\sistema_gestao_testes\testes\Financeiro\Clientes\EDUARDO DE CARVALHO LIMA.xlsx
2026-06-17 14:22:20,828 - sistema_relatorios - relatorios_interface - INFO - Arquivo encontrado: C:\Users\Obras\sistema_gestao_testes\testes\Financeiro\Clientes\EDUARDO DE CARVALHO LIMA.xlsx
2026-06-17 14:22:22,658 - sistema_relatorios - relatorios_interface - INFO - 🔍 INICIANDO gerar_relatorio para: despesas
2026-06-17 14:22:22,658 - sistema_relatorios - relatorios_interface - INFO - 🎯 PROCESSANDO: Relatório de despesas
2026-06-17 14:22:22,659 - sistema_relatorios - relatorios_interface - INFO - 🎯 PROCESSANDO DESPESAS - ARQUITETURA LIMPA
2026-06-17 14:22:22,660 - sistema_relatorios - relatorios_interface - INFO - Data final obtida: 2026-06-20 00:00:00 (tipo: <class 'datetime.datetime'>)
2026-06-17 14:22:22,660 - sistema_relatorios - relatorios_interface - INFO - ✅ Arquivo encontrado em arquivo_cliente_selecionado: C:\Users\Obras\sistema_gestao_testes\testes\Financeiro\Clientes\EDUARDO DE CARVALHO LIMA.xlsx
2026-06-17 14:22:22,661 - sistema_relatorios - relatorios_interface - INFO - ✅ Arquivo final nas configurações: C:\Users\Obras\sistema_gestao_testes\testes\Financeiro\Clientes\EDUARDO DE CARVALHO LIMA.xlsx
2026-06-17 14:22:22,662 - sistema_relatorios - relatorios_interface - INFO - ✅ Configurações coletadas
2026-06-17 14:22:22,662 - sistema_relatorios - relatorios_interface - INFO - ✅ Arquivo confirmado: EDUARDO DE CARVALHO LIMA.xlsx
2026-06-17 14:22:24,936 - sistema_relatorios - relatorios_interface - INFO - Modo selecionado: Preview
2026-06-17 14:22:24,937 - sistema_relatorios - relatorios_interface - INFO - 🎯 EXECUTANDO COM PREVIEW DIRETO - PDF TEMPORÁRIO
2026-06-17 14:22:25,723 - sistema_relatorios - relatorios_interface - INFO - ✅ Janela de decisão criada
2026-06-17 14:30:10,160 - sistema_relatorios - relatorios_interface - INFO - 🗑️ PDF temporário agendado para remoção: PREVIEW_EDUARDO_DE_CARVALHO_LIMA_20260617_142225.pdf
2026-06-17 14:30:12,118 - sistema_relatorios - relatorios_interface - WARNING - Aviso: Não foi possível remover arquivo temporário: [WinError 32] O arquivo já está sendo usado por outro processo: 'C:\\Users\\Obras\\AppData\\Local\\Temp\\PREVIEW_EDUARDO_DE_CARVALHO_LIMA_20260617_142225.pdf'
2026-06-17 14:30:12,449 - sistema_relatorios - relatorios_interface - INFO - Solicitado retorno ao menu principal
2026-06-17 14:30:12,456 - sistema_relatorios - relatorios_interface - INFO - Retornando ao menu principal existente
2026-06-17 14:30:12,651 - sistema_relatorios - relatorios_interface - INFO - Retorno ao menu principal concluído
2026-06-17 15:15:01,207 - sistema - logger_config - INFO - Sistema de logging inicializado
2026-06-17 15:26:29,014 - sistema - logger_config - INFO - Sistema de logging inicializado
2026-06-17 15:26:29,016 - sistema_relatorios - logger_config - INFO - Usuário alterado para: sistema_relatorios
2026-06-17 15:26:29,017 - sistema_relatorios - relatorios_interface - INFO - Sistema de relatórios inicializando usando logger configurado
2026-06-17 15:26:29,018 - sistema_relatorios - relatorios_interface - INFO - Configurações de janela importadas com sucesso
2026-06-17 15:26:29,019 - sistema_relatorios - relatorios_interface - INFO - === Sistema de Relatórios Inicializando ===
2026-06-17 15:26:48,912 - sistema_relatorios - relatorios_interface - INFO - Carregando clientes de: C:\Users\Obras\sistema_gestao_testes\testes\Financeiro\Planilhas_Base\Clientes.xlsx
2026-06-17 15:26:49,009 - sistema_relatorios - relatorios_interface - INFO - Colunas disponíveis: ['Nome', 'Endereço', 'Data Inicial', 'Observações', 'Data Final', 'Tipo Taxa', 'CPF', 'CNO', 'Estado Civil', 'Cidade', 'Grupo', 'Logradouro', 'Numero', 'Complemento', 'Localidade', 'CEP', 'Estado', 'Metragem_Alvara', 'Banco', 'Agencia', 'Conta', 'Tipo_Conta', 'PIX']
2026-06-17 15:26:49,010 - sistema_relatorios - relatorios_interface - INFO - Coluna de status: Data Final
2026-06-17 15:26:49,027 - sistema_relatorios - relatorios_interface - INFO - Coluna de nome: Nome
2026-06-17 15:26:49,028 - sistema_relatorios - relatorios_interface - INFO - Total de clientes ativos encontrados: 19
2026-06-17 15:26:49,029 - sistema_relatorios - relatorios_interface - INFO - Lista de clientes atualizada com 20 clientes
2026-06-17 15:26:51,128 - sistema_relatorios - relatorios_interface - INFO - Data calculada automaticamente: 20/06/2026
2026-06-17 15:26:51,128 - sistema_relatorios - relatorios_interface - INFO - Data calculada automaticamente: 20/06/2026
2026-06-17 15:26:51,761 - sistema_relatorios - relatorios_interface - INFO - Carregando clientes de: C:\Users\Obras\sistema_gestao_testes\testes\Financeiro\Planilhas_Base\Clientes.xlsx
2026-06-17 15:26:51,795 - sistema_relatorios - relatorios_interface - INFO - Colunas disponíveis: ['Nome', 'Endereço', 'Data Inicial', 'Observações', 'Data Final', 'Tipo Taxa', 'CPF', 'CNO', 'Estado Civil', 'Cidade', 'Grupo', 'Logradouro', 'Numero', 'Complemento', 'Localidade', 'CEP', 'Estado', 'Metragem_Alvara', 'Banco', 'Agencia', 'Conta', 'Tipo_Conta', 'PIX']
2026-06-17 15:26:51,796 - sistema_relatorios - relatorios_interface - INFO - Coluna de status: Data Final
2026-06-17 15:26:51,797 - sistema_relatorios - relatorios_interface - INFO - Coluna de nome: Nome
2026-06-17 15:26:51,798 - sistema_relatorios - relatorios_interface - INFO - Total de clientes ativos encontrados: 19
2026-06-17 15:26:55,900 - sistema_relatorios - relatorios_interface - INFO - Cliente selecionado: EDUARDO DE CARVALHO LIMA
2026-06-17 15:26:55,902 - sistema_relatorios - relatorios_interface - INFO - Arquivo encontrado: C:\Users\Obras\sistema_gestao_testes\testes\Financeiro\Clientes\EDUARDO DE CARVALHO LIMA.xlsx
2026-06-17 15:26:55,909 - sistema_relatorios - relatorios_interface - INFO - Arquivo encontrado: C:\Users\Obras\sistema_gestao_testes\testes\Financeiro\Clientes\EDUARDO DE CARVALHO LIMA.xlsx
2026-06-17 15:26:58,251 - sistema_relatorios - relatorios_interface - INFO - 🔍 INICIANDO gerar_relatorio para: despesas
2026-06-17 15:26:58,251 - sistema_relatorios - relatorios_interface - INFO - 🎯 PROCESSANDO: Relatório de despesas
2026-06-17 15:26:58,252 - sistema_relatorios - relatorios_interface - INFO - 🎯 PROCESSANDO DESPESAS - ARQUITETURA LIMPA
2026-06-17 15:26:58,253 - sistema_relatorios - relatorios_interface - INFO - Data final obtida: 2026-06-20 00:00:00 (tipo: <class 'datetime.datetime'>)
2026-06-17 15:26:58,253 - sistema_relatorios - relatorios_interface - INFO - ✅ Arquivo encontrado em arquivo_cliente_selecionado: C:\Users\Obras\sistema_gestao_testes\testes\Financeiro\Clientes\EDUARDO DE CARVALHO LIMA.xlsx
2026-06-17 15:26:58,254 - sistema_relatorios - relatorios_interface - INFO - ✅ Arquivo final nas configurações: C:\Users\Obras\sistema_gestao_testes\testes\Financeiro\Clientes\EDUARDO DE CARVALHO LIMA.xlsx
2026-06-17 15:26:58,255 - sistema_relatorios - relatorios_interface - INFO - ✅ Configurações coletadas
2026-06-17 15:26:58,255 - sistema_relatorios - relatorios_interface - INFO - ✅ Arquivo confirmado: EDUARDO DE CARVALHO LIMA.xlsx
2026-06-17 15:27:00,729 - sistema_relatorios - relatorios_interface - INFO - Modo selecionado: Preview
2026-06-17 15:27:00,730 - sistema_relatorios - relatorios_interface - INFO - 🎯 EXECUTANDO COM PREVIEW DIRETO - PDF TEMPORÁRIO
2026-06-17 15:27:01,615 - sistema_relatorios - relatorios_interface - INFO - ✅ Janela de decisão criada
2026-06-17 15:27:28,891 - sistema_relatorios - relatorios_interface - INFO - 🗑️ PDF temporário agendado para remoção: PREVIEW_EDUARDO_DE_CARVALHO_LIMA_20260617_152701.pdf
2026-06-17 15:27:30,891 - sistema_relatorios - relatorios_interface - INFO - 🗑️ Arquivo temporário removido: PREVIEW_EDUARDO_DE_CARVALHO_LIMA_20260617_152701.pdf
2026-06-17 15:27:31,730 - sistema_relatorios - relatorios_interface - INFO - Solicitado retorno ao menu principal
2026-06-17 15:27:31,731 - sistema_relatorios - relatorios_interface - INFO - Retornando ao menu principal existente
2026-06-17 15:27:31,796 - sistema_relatorios - relatorios_interface - INFO - Retorno ao menu principal concluído
2026-06-17 15:27:34,513 - sistema_relatorios - logger_config - INFO - Iniciando: Carregar configurações
2026-06-17 15:27:34,515 - sistema_relatorios - logger_config - INFO - Concluído: Carregar configurações
2026-06-17 15:27:34,746 - sistema_relatorios - logger_config - INFO - Iniciando: Carregar configurações
2026-06-17 15:27:34,747 - sistema_relatorios - logger_config - INFO - Concluído: Carregar configurações
2026-06-17 15:27:34,750 - sistema_relatorios - logger_config - INFO - Iniciando: Carregar configurações
2026-06-17 15:27:34,750 - sistema_relatorios - logger_config - INFO - Concluído: Carregar configurações
2026-06-17 15:27:56,793 - sistema_relatorios - logger_config - INFO - Iniciando: Carregar configurações
2026-06-17 15:27:56,793 - sistema_relatorios - logger_config - INFO - Concluído: Carregar configurações
2026-06-17 15:28:29,294 - sistema_relatorios - relatorios_interface - INFO - Carregando clientes de: C:\Users\Obras\sistema_gestao_testes\testes\Financeiro\Planilhas_Base\Clientes.xlsx
2026-06-17 15:28:29,337 - sistema_relatorios - relatorios_interface - INFO - Colunas disponíveis: ['Nome', 'Endereço', 'Data Inicial', 'Observações', 'Data Final', 'Tipo Taxa', 'CPF', 'CNO', 'Estado Civil', 'Cidade', 'Grupo', 'Logradouro', 'Numero', 'Complemento', 'Localidade', 'CEP', 'Estado', 'Metragem_Alvara', 'Banco', 'Agencia', 'Conta', 'Tipo_Conta', 'PIX']
2026-06-17 15:28:29,340 - sistema_relatorios - relatorios_interface - INFO - Coluna de status: Data Final
2026-06-17 15:28:29,343 - sistema_relatorios - relatorios_interface - INFO - Coluna de nome: Nome
2026-06-17 15:28:29,344 - sistema_relatorios - relatorios_interface - INFO - Total de clientes ativos encontrados: 19
2026-06-17 15:28:29,344 - sistema_relatorios - relatorios_interface - INFO - Lista de clientes atualizada com 20 clientes
2026-06-17 15:28:30,861 - sistema_relatorios - relatorios_interface - INFO - Data calculada automaticamente: 20/06/2026
2026-06-17 15:28:30,862 - sistema_relatorios - relatorios_interface - INFO - Data calculada automaticamente: 20/06/2026
2026-06-17 15:28:30,980 - sistema_relatorios - relatorios_interface - INFO - Carregando clientes de: C:\Users\Obras\sistema_gestao_testes\testes\Financeiro\Planilhas_Base\Clientes.xlsx
2026-06-17 15:28:31,009 - sistema_relatorios - relatorios_interface - INFO - Colunas disponíveis: ['Nome', 'Endereço', 'Data Inicial', 'Observações', 'Data Final', 'Tipo Taxa', 'CPF', 'CNO', 'Estado Civil', 'Cidade', 'Grupo', 'Logradouro', 'Numero', 'Complemento', 'Localidade', 'CEP', 'Estado', 'Metragem_Alvara', 'Banco', 'Agencia', 'Conta', 'Tipo_Conta', 'PIX']
2026-06-17 15:28:31,010 - sistema_relatorios - relatorios_interface - INFO - Coluna de status: Data Final
2026-06-17 15:28:31,013 - sistema_relatorios - relatorios_interface - INFO - Coluna de nome: Nome
2026-06-17 15:28:31,014 - sistema_relatorios - relatorios_interface - INFO - Total de clientes ativos encontrados: 19
2026-06-17 15:28:34,515 - sistema_relatorios - relatorios_interface - INFO - Cliente selecionado: EDUARDO DE CARVALHO LIMA
2026-06-17 15:28:34,516 - sistema_relatorios - relatorios_interface - INFO - Arquivo encontrado: C:\Users\Obras\sistema_gestao_testes\testes\Financeiro\Clientes\EDUARDO DE CARVALHO LIMA.xlsx
2026-06-17 15:28:34,517 - sistema_relatorios - relatorios_interface - INFO - Arquivo encontrado: C:\Users\Obras\sistema_gestao_testes\testes\Financeiro\Clientes\EDUARDO DE CARVALHO LIMA.xlsx
2026-06-17 15:28:36,090 - sistema_relatorios - relatorios_interface - INFO - 🔍 INICIANDO gerar_relatorio para: despesas
2026-06-17 15:28:36,091 - sistema_relatorios - relatorios_interface - INFO - 🎯 PROCESSANDO: Relatório de despesas
2026-06-17 15:28:36,091 - sistema_relatorios - relatorios_interface - INFO - 🎯 PROCESSANDO DESPESAS - ARQUITETURA LIMPA
2026-06-17 15:28:36,092 - sistema_relatorios - relatorios_interface - INFO - Data final obtida: 2026-06-20 00:00:00 (tipo: <class 'datetime.datetime'>)
2026-06-17 15:28:36,093 - sistema_relatorios - relatorios_interface - INFO - ✅ Arquivo encontrado em arquivo_cliente_selecionado: C:\Users\Obras\sistema_gestao_testes\testes\Financeiro\Clientes\EDUARDO DE CARVALHO LIMA.xlsx
2026-06-17 15:28:36,093 - sistema_relatorios - relatorios_interface - INFO - ✅ Arquivo final nas configurações: C:\Users\Obras\sistema_gestao_testes\testes\Financeiro\Clientes\EDUARDO DE CARVALHO LIMA.xlsx
2026-06-17 15:28:36,094 - sistema_relatorios - relatorios_interface - INFO - ✅ Configurações coletadas
2026-06-17 15:28:36,094 - sistema_relatorios - relatorios_interface - INFO - ✅ Arquivo confirmado: EDUARDO DE CARVALHO LIMA.xlsx
2026-06-17 15:28:38,143 - sistema_relatorios - relatorios_interface - INFO - Modo selecionado: Preview
2026-06-17 15:28:38,144 - sistema_relatorios - relatorios_interface - INFO - 🎯 EXECUTANDO COM PREVIEW DIRETO - PDF TEMPORÁRIO
2026-06-17 15:28:38,859 - sistema_relatorios - relatorios_interface - INFO - ✅ Janela de decisão criada
2026-06-17 15:28:53,178 - sistema_relatorios - relatorios_interface - INFO - 🗑️ PDF temporário agendado para remoção: PREVIEW_EDUARDO_DE_CARVALHO_LIMA_20260617_152838.pdf
2026-06-17 15:28:54,834 - sistema_relatorios - relatorios_interface - INFO - Solicitado retorno ao menu principal
2026-06-17 15:28:54,835 - sistema_relatorios - relatorios_interface - INFO - Retornando ao menu principal existente
2026-06-17 15:28:54,929 - sistema_relatorios - relatorios_interface - INFO - Retorno ao menu principal concluído
2026-06-17 15:28:57,190 - sistema_relatorios - logger_config - INFO - Iniciando: Carregar configurações
2026-06-17 15:28:57,190 - sistema_relatorios - logger_config - INFO - Concluído: Carregar configurações
2026-06-17 15:28:57,351 - sistema_relatorios - logger_config - INFO - Iniciando: Carregar configurações
2026-06-17 15:28:57,352 - sistema_relatorios - logger_config - INFO - Concluído: Carregar configurações
2026-06-17 15:28:57,355 - sistema_relatorios - logger_config - INFO - Iniciando: Carregar configurações
2026-06-17 15:28:57,356 - sistema_relatorios - logger_config - INFO - Concluído: Carregar configurações
2026-06-17 15:34:19,389 - sistema_relatorios - logger_config - INFO - Iniciando: Carregar configurações
2026-06-17 15:34:19,390 - sistema_relatorios - logger_config - INFO - Concluído: Carregar configurações
2026-06-17 15:34:41,202 - sistema_relatorios - relatorios_interface - INFO - Carregando clientes de: C:\Users\Obras\sistema_gestao_testes\testes\Financeiro\Planilhas_Base\Clientes.xlsx
2026-06-17 15:34:41,259 - sistema_relatorios - relatorios_interface - INFO - Colunas disponíveis: ['Nome', 'Endereço', 'Data Inicial', 'Observações', 'Data Final', 'Tipo Taxa', 'CPF', 'CNO', 'Estado Civil', 'Cidade', 'Grupo', 'Logradouro', 'Numero', 'Complemento', 'Localidade', 'CEP', 'Estado', 'Metragem_Alvara', 'Banco', 'Agencia', 'Conta', 'Tipo_Conta', 'PIX']
2026-06-17 15:34:41,259 - sistema_relatorios - relatorios_interface - INFO - Coluna de status: Data Final
2026-06-17 15:34:41,261 - sistema_relatorios - relatorios_interface - INFO - Coluna de nome: Nome
2026-06-17 15:34:41,262 - sistema_relatorios - relatorios_interface - INFO - Total de clientes ativos encontrados: 20
2026-06-17 15:34:41,263 - sistema_relatorios - relatorios_interface - INFO - Lista de clientes atualizada com 21 clientes
2026-06-17 15:34:42,507 - sistema_relatorios - relatorios_interface - INFO - Data calculada automaticamente: 20/06/2026
2026-06-17 15:34:42,508 - sistema_relatorios - relatorios_interface - INFO - Data calculada automaticamente: 20/06/2026
2026-06-17 15:34:42,625 - sistema_relatorios - relatorios_interface - INFO - Carregando clientes de: C:\Users\Obras\sistema_gestao_testes\testes\Financeiro\Planilhas_Base\Clientes.xlsx
2026-06-17 15:34:42,651 - sistema_relatorios - relatorios_interface - INFO - Colunas disponíveis: ['Nome', 'Endereço', 'Data Inicial', 'Observações', 'Data Final', 'Tipo Taxa', 'CPF', 'CNO', 'Estado Civil', 'Cidade', 'Grupo', 'Logradouro', 'Numero', 'Complemento', 'Localidade', 'CEP', 'Estado', 'Metragem_Alvara', 'Banco', 'Agencia', 'Conta', 'Tipo_Conta', 'PIX']
2026-06-17 15:34:42,652 - sistema_relatorios - relatorios_interface - INFO - Coluna de status: Data Final
2026-06-17 15:34:42,654 - sistema_relatorios - relatorios_interface - INFO - Coluna de nome: Nome
2026-06-17 15:34:42,655 - sistema_relatorios - relatorios_interface - INFO - Total de clientes ativos encontrados: 20
2026-06-17 15:34:45,569 - sistema_relatorios - relatorios_interface - INFO - Cliente selecionado: ANA CLAUDIA NEVES DO VALE
2026-06-17 15:34:45,570 - sistema_relatorios - relatorios_interface - INFO - Arquivo encontrado: C:\Users\Obras\sistema_gestao_testes\testes\Financeiro\Clientes\ANA CLAUDIA NEVES DO VALE.xlsx
2026-06-17 15:34:45,571 - sistema_relatorios - relatorios_interface - INFO - Arquivo encontrado: C:\Users\Obras\sistema_gestao_testes\testes\Financeiro\Clientes\ANA CLAUDIA NEVES DO VALE.xlsx
2026-06-17 15:34:48,096 - sistema_relatorios - relatorios_interface - INFO - 🔍 INICIANDO gerar_relatorio para: despesas
2026-06-17 15:34:48,096 - sistema_relatorios - relatorios_interface - INFO - 🎯 PROCESSANDO: Relatório de despesas
2026-06-17 15:34:48,097 - sistema_relatorios - relatorios_interface - INFO - 🎯 PROCESSANDO DESPESAS - ARQUITETURA LIMPA
2026-06-17 15:34:48,098 - sistema_relatorios - relatorios_interface - INFO - Data final obtida: 2026-06-20 00:00:00 (tipo: <class 'datetime.datetime'>)
2026-06-17 15:34:48,098 - sistema_relatorios - relatorios_interface - INFO - ✅ Arquivo encontrado em arquivo_cliente_selecionado: C:\Users\Obras\sistema_gestao_testes\testes\Financeiro\Clientes\ANA CLAUDIA NEVES DO VALE.xlsx
2026-06-17 15:34:48,099 - sistema_relatorios - relatorios_interface - INFO - ✅ Arquivo final nas configurações: C:\Users\Obras\sistema_gestao_testes\testes\Financeiro\Clientes\ANA CLAUDIA NEVES DO VALE.xlsx
2026-06-17 15:34:48,099 - sistema_relatorios - relatorios_interface - INFO - ✅ Configurações coletadas
2026-06-17 15:34:48,100 - sistema_relatorios - relatorios_interface - INFO - ✅ Arquivo confirmado: ANA CLAUDIA NEVES DO VALE.xlsx
2026-06-17 15:34:50,125 - sistema_relatorios - relatorios_interface - INFO - Modo selecionado: Preview
2026-06-17 15:34:50,126 - sistema_relatorios - relatorios_interface - INFO - 🎯 EXECUTANDO COM PREVIEW DIRETO - PDF TEMPORÁRIO
2026-06-17 15:34:50,588 - sistema_relatorios - relatorios_interface - INFO - ✅ Janela de decisão criada
2026-06-17 15:36:06,716 - sistema_relatorios - relatorios_interface - ERROR - Erro ao atualizar progresso: 'Toplevel' object has no attribute 'percent_label'
2026-06-17 15:36:07,008 - sistema_relatorios - relatorios_interface - INFO - 🗑️ PDF temporário agendado para remoção: PREVIEW_ANA_CLAUDIA_NEVES_DO_VALE_20260617_153450.pdf
2026-06-17 15:36:09,035 - sistema_relatorios - relatorios_interface - WARNING - Aviso: Não foi possível remover arquivo temporário: [WinError 32] O arquivo já está sendo usado por outro processo: 'C:\\Users\\Obras\\AppData\\Local\\Temp\\PREVIEW_ANA_CLAUDIA_NEVES_DO_VALE_20260617_153450.pdf'
2026-06-17 15:45:18,861 - sistema_relatorios - relatorios_interface - INFO - Solicitado retorno ao menu principal
2026-06-17 15:45:18,862 - sistema_relatorios - relatorios_interface - INFO - Retornando ao menu principal existente
2026-06-17 15:45:18,972 - sistema_relatorios - relatorios_interface - INFO - Retorno ao menu principal concluído
2026-06-17 15:49:26,640 - sistema - logger_config - INFO - Sistema de logging inicializado
2026-06-17 15:49:26,641 - sistema_relatorios - logger_config - INFO - Usuário alterado para: sistema_relatorios
2026-06-17 15:49:26,641 - sistema_relatorios - relatorios_interface - INFO - Sistema de relatórios inicializando usando logger configurado
2026-06-17 15:49:26,642 - sistema_relatorios - relatorios_interface - INFO - Configurações de janela importadas com sucesso
2026-06-17 15:49:26,642 - sistema_relatorios - relatorios_interface - INFO - === Sistema de Relatórios Inicializando ===
2026-06-17 15:49:30,996 - sistema_relatorios - relatorios_interface - INFO - Carregando clientes de: C:\Users\Obras\sistema_gestao_testes\testes\Financeiro\Planilhas_Base\Clientes.xlsx
2026-06-17 15:49:31,065 - sistema_relatorios - relatorios_interface - INFO - Colunas disponíveis: ['Nome', 'Endereço', 'Data Inicial', 'Observações', 'Data Final', 'Tipo Taxa', 'CPF', 'CNO', 'Estado Civil', 'Cidade', 'Grupo', 'Logradouro', 'Numero', 'Complemento', 'Localidade', 'CEP', 'Estado', 'Metragem_Alvara', 'Banco', 'Agencia', 'Conta', 'Tipo_Conta', 'PIX']
2026-06-17 15:49:31,066 - sistema_relatorios - relatorios_interface - INFO - Coluna de status: Data Final
2026-06-17 15:49:31,070 - sistema_relatorios - relatorios_interface - INFO - Coluna de nome: Nome
2026-06-17 15:49:31,071 - sistema_relatorios - relatorios_interface - INFO - Total de clientes ativos encontrados: 20
2026-06-17 15:49:31,072 - sistema_relatorios - relatorios_interface - INFO - Lista de clientes atualizada com 21 clientes
2026-06-17 15:49:33,447 - sistema_relatorios - relatorios_interface - INFO - Data calculada automaticamente: 20/06/2026
2026-06-17 15:49:33,448 - sistema_relatorios - relatorios_interface - INFO - Data calculada automaticamente: 20/06/2026
2026-06-17 15:49:34,067 - sistema_relatorios - relatorios_interface - INFO - Carregando clientes de: C:\Users\Obras\sistema_gestao_testes\testes\Financeiro\Planilhas_Base\Clientes.xlsx
2026-06-17 15:49:34,094 - sistema_relatorios - relatorios_interface - INFO - Colunas disponíveis: ['Nome', 'Endereço', 'Data Inicial', 'Observações', 'Data Final', 'Tipo Taxa', 'CPF', 'CNO', 'Estado Civil', 'Cidade', 'Grupo', 'Logradouro', 'Numero', 'Complemento', 'Localidade', 'CEP', 'Estado', 'Metragem_Alvara', 'Banco', 'Agencia', 'Conta', 'Tipo_Conta', 'PIX']
2026-06-17 15:49:34,094 - sistema_relatorios - relatorios_interface - INFO - Coluna de status: Data Final
2026-06-17 15:49:34,097 - sistema_relatorios - relatorios_interface - INFO - Coluna de nome: Nome
2026-06-17 15:49:34,098 - sistema_relatorios - relatorios_interface - INFO - Total de clientes ativos encontrados: 20
2026-06-17 15:49:37,444 - sistema_relatorios - relatorios_interface - INFO - Cliente selecionado: ANA CLAUDIA NEVES DO VALE
2026-06-17 15:49:37,445 - sistema_relatorios - relatorios_interface - INFO - Arquivo encontrado: C:\Users\Obras\sistema_gestao_testes\testes\Financeiro\Clientes\ANA CLAUDIA NEVES DO VALE.xlsx
2026-06-17 15:49:37,453 - sistema_relatorios - relatorios_interface - INFO - Arquivo encontrado: C:\Users\Obras\sistema_gestao_testes\testes\Financeiro\Clientes\ANA CLAUDIA NEVES DO VALE.xlsx
2026-06-17 15:49:39,691 - sistema_relatorios - relatorios_interface - INFO - 🔍 INICIANDO gerar_relatorio para: despesas
2026-06-17 15:49:39,691 - sistema_relatorios - relatorios_interface - INFO - 🎯 PROCESSANDO: Relatório de despesas
2026-06-17 15:49:39,692 - sistema_relatorios - relatorios_interface - INFO - 🎯 PROCESSANDO DESPESAS - ARQUITETURA LIMPA
2026-06-17 15:49:39,692 - sistema_relatorios - relatorios_interface - INFO - Data final obtida: 2026-06-20 00:00:00 (tipo: <class 'datetime.datetime'>)
2026-06-17 15:49:39,693 - sistema_relatorios - relatorios_interface - INFO - ✅ Arquivo encontrado em arquivo_cliente_selecionado: C:\Users\Obras\sistema_gestao_testes\testes\Financeiro\Clientes\ANA CLAUDIA NEVES DO VALE.xlsx
2026-06-17 15:49:39,694 - sistema_relatorios - relatorios_interface - INFO - ✅ Arquivo final nas configurações: C:\Users\Obras\sistema_gestao_testes\testes\Financeiro\Clientes\ANA CLAUDIA NEVES DO VALE.xlsx
2026-06-17 15:49:39,694 - sistema_relatorios - relatorios_interface - INFO - ✅ Configurações coletadas
2026-06-17 15:49:39,695 - sistema_relatorios - relatorios_interface - INFO - ✅ Arquivo confirmado: ANA CLAUDIA NEVES DO VALE.xlsx
2026-06-17 15:49:42,713 - sistema_relatorios - relatorios_interface - INFO - Modo selecionado: Preview
2026-06-17 15:49:42,714 - sistema_relatorios - relatorios_interface - INFO - 🎯 EXECUTANDO COM PREVIEW DIRETO - PDF TEMPORÁRIO
2026-06-17 15:49:43,391 - sistema_relatorios - relatorios_interface - INFO - ✅ Janela de decisão criada
2026-06-17 15:50:15,778 - sistema_relatorios - relatorios_interface - ERROR - Erro ao atualizar progresso: 'Toplevel' object has no attribute 'percent_label'
2026-06-17 15:50:16,051 - sistema_relatorios - relatorios_interface - INFO - 🗑️ PDF temporário agendado para remoção: PREVIEW_ANA_CLAUDIA_NEVES_DO_VALE_20260617_154942.pdf
2026-06-17 15:50:18,079 - sistema_relatorios - relatorios_interface - WARNING - Aviso: Não foi possível remover arquivo temporário: [WinError 32] O arquivo já está sendo usado por outro processo: 'C:\\Users\\Obras\\AppData\\Local\\Temp\\PREVIEW_ANA_CLAUDIA_NEVES_DO_VALE_20260617_154942.pdf'
2026-06-17 15:51:36,290 - sistema_relatorios - relatorios_interface - INFO - Solicitado retorno ao menu principal
2026-06-17 15:51:36,290 - sistema_relatorios - relatorios_interface - INFO - Retornando ao menu principal existente
2026-06-17 15:51:36,386 - sistema_relatorios - relatorios_interface - INFO - Retorno ao menu principal concluído
2026-06-17 16:05:03,316 - sistema - logger_config - INFO - Sistema de logging inicializado
