2025-10-12 14:52:00,517 - sistema - logger_config - INFO - Sistema de logging inicializado
2025-10-12 14:52:05,718 - sistema - logger_config - INFO - Iniciando: Carregar configurações
2025-10-12 14:52:05,757 - sistema - logger_config - INFO - Concluído: Carregar configurações
2025-10-12 14:52:05,787 - sistema - logger_config - INFO - Iniciando: Carregar configurações
2025-10-12 14:52:05,791 - sistema - logger_config - INFO - Concluído: Carregar configurações
2025-10-12 14:52:14,192 - sistema - logger_config - INFO - Iniciando: Carregar configurações
2025-10-12 14:52:14,208 - sistema - logger_config - INFO - Concluído: Carregar configurações
2025-10-12 14:52:24,624 - sistema - logger_config - INFO - Iniciando: Carregar configurações
2025-10-12 14:52:24,624 - sistema - logger_config - INFO - Concluído: Carregar configurações
2025-10-12 14:52:27,994 - sistema - logger_config - INFO - Iniciando: Carregar configurações
2025-10-12 14:52:27,994 - sistema - logger_config - INFO - Concluído: Carregar configurações
2025-10-12 14:52:56,893 - sistema - Sistema_Entrada_Dados - INFO - Iniciando adição de dados - Cliente: BRUNO SANTANA RINALDI
2025-10-12 14:52:58,506 - sistema - Sistema_Entrada_Dados - INFO - Dados adicionados com sucesso - Cliente: BRUNO SANTANA RINALDI, Total: 1
2025-10-12 14:52:58,506 - sistema - Sistema_Entrada_Dados - INFO - Iniciando envio de dados - Cliente: BRUNO SANTANA RINALDI, Registros: 1
2025-10-12 14:52:58,506 - sistema - Sistema_Entrada_Dados - INFO - Usando dados_para_incluir existentes
2025-10-12 14:52:58,506 - sistema - Sistema_Entrada_Dados - INFO - Total de registros a processar: 1
2025-10-12 14:52:58,516 - sistema - Sistema_Entrada_Dados - INFO - Datas que serão afetadas pela inserção: ['20/10/2025']
2025-10-12 14:52:58,520 - sistema - Sistema_Entrada_Dados - INFO - Salvando em: C:\Users\Obras\sistema_gestao_testes\testes\Financeiro\Clientes\BRUNO SANTANA RINALDI.xlsx
2025-10-12 14:52:58,522 - sistema - Sistema_Entrada_Dados - INFO - Verificando integridade dos IDs antes da inserção
2025-10-12 14:52:59,221 - sistema - Sistema_Entrada_Dados - ERROR - 🔍 MÉTODO DE VERIFICAÇÃO FOI CHAMADO!
2025-10-12 14:52:59,226 - sistema - Sistema_Entrada_Dados - INFO - === INICIANDO VERIFICAÇÃO DE DUPLICIDADE ===
2025-10-12 14:52:59,227 - sistema - Sistema_Entrada_Dados - INFO - Dados novos: CESTAS BÁSIAS | CESTAS BÁSIAS - 10/2025 | R$ 1546.00 | 31/10/2025
2025-10-12 14:52:59,256 - sistema - Sistema_Entrada_Dados - INFO - ✅ Nenhuma duplicata encontrada para: CESTAS BÁSIAS - CESTAS BÁSIAS - 10/2025
2025-10-12 14:52:59,260 - sistema - Sistema_Entrada_Dados - INFO - Lançamento inserido com ID 273 na linha 273
2025-10-12 14:52:59,621 - sistema - Sistema_Entrada_Dados - INFO - Iniciando verificação de recálculo para 1 datas
2025-10-12 14:53:00,135 - sistema - Sistema_Entrada_Dados - INFO - Verificando necessidade de recálculo para 2025-10-20
2025-10-12 14:53:00,345 - sistema - Sistema_Entrada_Dados - INFO - 2025-10-20: Sem taxas na data - recálculo desnecessário
2025-10-12 14:53:04,567 - sistema - logger_config - INFO - Iniciando: Carregar configurações
2025-10-12 14:53:04,580 - sistema - logger_config - INFO - Concluído: Carregar configurações
2025-10-12 14:53:09,343 - sistema - logger_config - INFO - Iniciando: Carregar configurações
2025-10-12 14:53:09,343 - sistema - logger_config - INFO - Concluído: Carregar configurações
2025-10-12 14:53:16,060 - sistema - logger_config - INFO - Iniciando: Carregar configurações
2025-10-12 14:53:16,060 - sistema - logger_config - INFO - Concluído: Carregar configurações
2025-10-12 14:54:21,869 - sistema - logger_config - INFO - Iniciando: Carregar configurações
2025-10-12 14:54:21,870 - sistema - logger_config - INFO - Concluído: Carregar configurações
2025-10-12 15:44:50,583 - sistema - logger_config - INFO - Sistema de logging inicializado
2025-10-12 15:44:53,644 - sistema - logger_config - INFO - Iniciando: Carregar configurações
2025-10-12 15:44:53,745 - sistema - logger_config - INFO - Concluído: Carregar configurações
2025-10-12 15:44:53,748 - sistema - logger_config - INFO - Iniciando: Carregar configurações
2025-10-12 15:44:53,749 - sistema - logger_config - INFO - Concluído: Carregar configurações
2025-10-12 15:45:01,362 - sistema - logger_config - INFO - Iniciando: Carregar configurações
2025-10-12 15:45:01,363 - sistema - logger_config - INFO - Concluído: Carregar configurações
2025-10-12 15:49:58,934 - sistema - logger_config - INFO - Sistema de logging inicializado
2025-10-12 15:50:00,646 - sistema - logger_config - INFO - Iniciando: Carregar configurações
2025-10-12 15:50:00,646 - sistema - logger_config - INFO - Concluído: Carregar configurações
2025-10-12 15:50:00,646 - sistema - logger_config - INFO - Iniciando: Carregar configurações
2025-10-12 15:50:00,646 - sistema - logger_config - INFO - Concluído: Carregar configurações
2025-10-12 15:50:08,746 - sistema - logger_config - INFO - Iniciando: Carregar configurações
2025-10-12 15:50:08,747 - sistema - logger_config - INFO - Concluído: Carregar configurações
2025-10-12 15:54:16,041 - sistema - logger_config - INFO - Sistema de logging inicializado
2025-10-12 15:54:17,943 - sistema - logger_config - INFO - Iniciando: Carregar configurações
2025-10-12 15:54:17,943 - sistema - logger_config - INFO - Concluído: Carregar configurações
2025-10-12 15:54:17,943 - sistema - logger_config - INFO - Iniciando: Carregar configurações
2025-10-12 15:54:17,943 - sistema - logger_config - INFO - Concluído: Carregar configurações
2025-10-12 15:54:30,040 - sistema - logger_config - INFO - Iniciando: Carregar configurações
2025-10-12 15:54:30,041 - sistema - logger_config - INFO - Concluído: Carregar configurações
