2026-01-05 09:39:14,838 - sistema - logger_config - INFO - Sistema de logging inicializado
2026-01-05 09:39:14,839 - sistema_relatorios - logger_config - INFO - Usuário alterado para: sistema_relatorios
2026-01-05 09:39:14,841 - sistema_relatorios - relatorios_interface - INFO - Sistema de relatórios inicializando usando logger configurado
2026-01-05 09:39:14,842 - sistema_relatorios - relatorios_interface - INFO - Configurações de janela importadas com sucesso
2026-01-05 09:39:14,844 - sistema_relatorios - relatorios_interface - INFO - === Sistema de Relatórios Inicializando ===
2026-01-05 09:39:28,046 - sistema_relatorios - logger_config - INFO - Iniciando: Carregar configurações
2026-01-05 09:39:28,066 - sistema_relatorios - logger_config - INFO - Concluído: Carregar configurações
2026-01-05 09:39:28,223 - sistema_relatorios - logger_config - INFO - Iniciando: Carregar configurações
2026-01-05 09:39:28,224 - sistema_relatorios - logger_config - INFO - Concluído: Carregar configurações
2026-01-05 09:39:28,226 - sistema_relatorios - logger_config - INFO - Iniciando: Carregar configurações
2026-01-05 09:39:28,227 - sistema_relatorios - logger_config - INFO - Concluído: Carregar configurações
2026-01-05 09:39:35,985 - sistema_relatorios - logger_config - INFO - Iniciando: Carregar configurações
2026-01-05 09:39:35,986 - sistema_relatorios - logger_config - INFO - Concluído: Carregar configurações
2026-01-05 09:42:05,602 - sistema_relatorios - logger_config - INFO - Iniciando: Carregar configurações
2026-01-05 09:42:05,609 - sistema_relatorios - logger_config - INFO - Concluído: Carregar configurações
2026-01-05 09:42:37,546 - sistema_relatorios - logger_config - INFO - Iniciando: Carregar configurações
2026-01-05 09:42:37,547 - sistema_relatorios - logger_config - INFO - Concluído: Carregar configurações
2026-01-05 09:45:46,900 - sistema_relatorios - logger_config - INFO - Iniciando: Carregar configurações
2026-01-05 09:45:46,901 - sistema_relatorios - logger_config - INFO - Concluído: Carregar configurações
2026-01-05 09:46:51,708 - sistema_relatorios - logger_config - INFO - Iniciando: Carregar configurações
2026-01-05 09:46:51,709 - sistema_relatorios - logger_config - INFO - Concluído: Carregar configurações
2026-01-05 10:07:19,902 - sistema_relatorios - logger_config - INFO - Iniciando: Carregar configurações
2026-01-05 10:07:19,902 - sistema_relatorios - logger_config - INFO - Concluído: Carregar configurações
2026-01-05 10:14:27,431 - sistema - logger_config - INFO - Sistema de logging inicializado
2026-01-05 10:14:27,434 - sistema_relatorios - logger_config - INFO - Usuário alterado para: sistema_relatorios
2026-01-05 10:14:27,438 - sistema_relatorios - relatorios_interface - INFO - Sistema de relatórios inicializando usando logger configurado
2026-01-05 10:14:27,440 - sistema_relatorios - relatorios_interface - INFO - Configurações de janela importadas com sucesso
2026-01-05 10:14:27,442 - sistema_relatorios - relatorios_interface - INFO - === Sistema de Relatórios Inicializando ===
2026-01-05 10:14:38,964 - sistema_relatorios - logger_config - INFO - Iniciando: Carregar configurações
2026-01-05 10:14:38,969 - sistema_relatorios - logger_config - INFO - Concluído: Carregar configurações
2026-01-05 10:14:39,234 - sistema_relatorios - logger_config - INFO - Iniciando: Carregar configurações
2026-01-05 10:14:39,242 - sistema_relatorios - logger_config - INFO - Concluído: Carregar configurações
2026-01-05 10:14:39,246 - sistema_relatorios - logger_config - INFO - Iniciando: Carregar configurações
2026-01-05 10:14:39,249 - sistema_relatorios - logger_config - INFO - Concluído: Carregar configurações
2026-01-05 10:14:46,297 - sistema_relatorios - logger_config - INFO - Iniciando: Carregar configurações
2026-01-05 10:14:46,298 - sistema_relatorios - logger_config - INFO - Concluído: Carregar configurações
2026-01-05 11:38:35,899 - sistema - logger_config - INFO - Sistema de logging inicializado
2026-01-05 11:38:35,900 - sistema_relatorios - logger_config - INFO - Usuário alterado para: sistema_relatorios
2026-01-05 11:38:35,902 - sistema_relatorios - relatorios_interface - INFO - Sistema de relatórios inicializando usando logger configurado
2026-01-05 11:38:35,907 - sistema_relatorios - relatorios_interface - INFO - Configurações de janela importadas com sucesso
2026-01-05 11:38:35,908 - sistema_relatorios - relatorios_interface - INFO - === Sistema de Relatórios Inicializando ===
2026-01-05 11:38:46,882 - sistema_relatorios - logger_config - INFO - Iniciando: Carregar configurações
2026-01-05 11:38:46,903 - sistema_relatorios - logger_config - INFO - Concluído: Carregar configurações
2026-01-05 11:38:47,076 - sistema_relatorios - logger_config - INFO - Iniciando: Carregar configurações
2026-01-05 11:38:47,077 - sistema_relatorios - logger_config - INFO - Concluído: Carregar configurações
2026-01-05 11:38:47,079 - sistema_relatorios - logger_config - INFO - Iniciando: Carregar configurações
2026-01-05 11:38:47,080 - sistema_relatorios - logger_config - INFO - Concluído: Carregar configurações
2026-01-05 11:38:53,751 - sistema_relatorios - logger_config - INFO - Iniciando: Carregar configurações
2026-01-05 11:38:53,752 - sistema_relatorios - logger_config - INFO - Concluído: Carregar configurações
2026-01-05 11:39:13,718 - sistema_relatorios - logger_config - INFO - Iniciando: Carregar configurações
2026-01-05 11:39:13,719 - sistema_relatorios - logger_config - INFO - Concluído: Carregar configurações
2026-01-05 11:39:43,149 - sistema_relatorios - logger_config - INFO - Iniciando: Carregar configurações
2026-01-05 11:39:43,150 - sistema_relatorios - logger_config - INFO - Concluído: Carregar configurações
2026-01-05 11:39:59,066 - sistema_relatorios - logger_config - INFO - Iniciando: Carregar configurações
2026-01-05 11:39:59,067 - sistema_relatorios - logger_config - INFO - Concluído: Carregar configurações
2026-01-05 11:42:02,071 - sistema - logger_config - INFO - Sistema de logging inicializado
2026-01-05 11:42:02,073 - sistema_relatorios - logger_config - INFO - Usuário alterado para: sistema_relatorios
2026-01-05 11:42:02,074 - sistema_relatorios - relatorios_interface - INFO - Sistema de relatórios inicializando usando logger configurado
2026-01-05 11:42:02,074 - sistema_relatorios - relatorios_interface - INFO - Configurações de janela importadas com sucesso
2026-01-05 11:42:02,076 - sistema_relatorios - relatorios_interface - INFO - === Sistema de Relatórios Inicializando ===
2026-01-05 11:42:09,499 - sistema_relatorios - logger_config - INFO - Iniciando: Carregar configurações
2026-01-05 11:42:09,503 - sistema_relatorios - logger_config - INFO - Concluído: Carregar configurações
2026-01-05 11:42:09,722 - sistema_relatorios - logger_config - INFO - Iniciando: Carregar configurações
2026-01-05 11:42:09,723 - sistema_relatorios - logger_config - INFO - Concluído: Carregar configurações
2026-01-05 11:42:09,725 - sistema_relatorios - logger_config - INFO - Iniciando: Carregar configurações
2026-01-05 11:42:09,725 - sistema_relatorios - logger_config - INFO - Concluído: Carregar configurações
2026-01-05 11:42:16,831 - sistema_relatorios - logger_config - INFO - Iniciando: Carregar configurações
2026-01-05 11:42:16,832 - sistema_relatorios - logger_config - INFO - Concluído: Carregar configurações
2026-01-05 11:45:37,647 - sistema - logger_config - INFO - Sistema de logging inicializado
2026-01-05 11:45:37,650 - sistema_relatorios - logger_config - INFO - Usuário alterado para: sistema_relatorios
2026-01-05 11:45:37,651 - sistema_relatorios - relatorios_interface - INFO - Sistema de relatórios inicializando usando logger configurado
2026-01-05 11:45:37,652 - sistema_relatorios - relatorios_interface - INFO - Configurações de janela importadas com sucesso
2026-01-05 11:45:37,653 - sistema_relatorios - relatorios_interface - INFO - === Sistema de Relatórios Inicializando ===
2026-01-05 11:45:45,903 - sistema_relatorios - logger_config - INFO - Iniciando: Carregar configurações
2026-01-05 11:45:45,906 - sistema_relatorios - logger_config - INFO - Concluído: Carregar configurações
2026-01-05 11:45:46,079 - sistema_relatorios - logger_config - INFO - Iniciando: Carregar configurações
2026-01-05 11:45:46,080 - sistema_relatorios - logger_config - INFO - Concluído: Carregar configurações
2026-01-05 11:45:46,084 - sistema_relatorios - logger_config - INFO - Iniciando: Carregar configurações
2026-01-05 11:45:46,085 - sistema_relatorios - logger_config - INFO - Concluído: Carregar configurações
2026-01-05 11:49:07,386 - sistema - logger_config - INFO - Sistema de logging inicializado
2026-01-05 11:49:07,388 - sistema_relatorios - logger_config - INFO - Usuário alterado para: sistema_relatorios
2026-01-05 11:49:07,389 - sistema_relatorios - relatorios_interface - INFO - Sistema de relatórios inicializando usando logger configurado
2026-01-05 11:49:07,389 - sistema_relatorios - relatorios_interface - INFO - Configurações de janela importadas com sucesso
2026-01-05 11:49:07,390 - sistema_relatorios - relatorios_interface - INFO - === Sistema de Relatórios Inicializando ===
2026-01-05 11:49:14,552 - sistema_relatorios - logger_config - INFO - Iniciando: Carregar configurações
2026-01-05 11:49:14,555 - sistema_relatorios - logger_config - INFO - Concluído: Carregar configurações
2026-01-05 11:49:14,728 - sistema_relatorios - logger_config - INFO - Iniciando: Carregar configurações
2026-01-05 11:49:14,729 - sistema_relatorios - logger_config - INFO - Concluído: Carregar configurações
2026-01-05 11:49:14,732 - sistema_relatorios - logger_config - INFO - Iniciando: Carregar configurações
2026-01-05 11:49:14,732 - sistema_relatorios - logger_config - INFO - Concluído: Carregar configurações
2026-01-05 11:51:39,514 - sistema - logger_config - INFO - Sistema de logging inicializado
2026-01-05 11:51:39,516 - sistema_relatorios - logger_config - INFO - Usuário alterado para: sistema_relatorios
2026-01-05 11:51:39,518 - sistema_relatorios - relatorios_interface - INFO - Sistema de relatórios inicializando usando logger configurado
2026-01-05 11:51:39,519 - sistema_relatorios - relatorios_interface - INFO - Configurações de janela importadas com sucesso
2026-01-05 11:51:39,520 - sistema_relatorios - relatorios_interface - INFO - === Sistema de Relatórios Inicializando ===
2026-01-05 11:51:49,021 - sistema_relatorios - logger_config - INFO - Iniciando: Carregar configurações
2026-01-05 11:51:49,026 - sistema_relatorios - logger_config - INFO - Concluído: Carregar configurações
2026-01-05 11:51:49,252 - sistema_relatorios - logger_config - INFO - Iniciando: Carregar configurações
2026-01-05 11:51:49,254 - sistema_relatorios - logger_config - INFO - Concluído: Carregar configurações
2026-01-05 11:51:49,256 - sistema_relatorios - logger_config - INFO - Iniciando: Carregar configurações
2026-01-05 11:51:49,257 - sistema_relatorios - logger_config - INFO - Concluído: Carregar configurações
2026-01-05 11:51:56,419 - sistema_relatorios - logger_config - INFO - Iniciando: Carregar configurações
2026-01-05 11:51:56,420 - sistema_relatorios - logger_config - INFO - Concluído: Carregar configurações
2026-01-05 11:52:10,982 - sistema_relatorios - logger_config - INFO - Iniciando: Carregar configurações
2026-01-05 11:52:10,982 - sistema_relatorios - logger_config - INFO - Concluído: Carregar configurações
2026-01-05 14:28:53,504 - sistema - logger_config - INFO - Sistema de logging inicializado
2026-01-05 14:28:53,509 - sistema_relatorios - logger_config - INFO - Usuário alterado para: sistema_relatorios
2026-01-05 14:28:53,509 - sistema_relatorios - relatorios_interface - INFO - Sistema de relatórios inicializando usando logger configurado
2026-01-05 14:28:53,511 - sistema_relatorios - relatorios_interface - INFO - Configurações de janela importadas com sucesso
2026-01-05 14:28:53,512 - sistema_relatorios - relatorios_interface - INFO - === Sistema de Relatórios Inicializando ===
2026-01-05 14:29:03,690 - sistema_relatorios - logger_config - INFO - Iniciando: Carregar configurações
2026-01-05 14:29:03,693 - sistema_relatorios - logger_config - INFO - Concluído: Carregar configurações
2026-01-05 14:29:03,924 - sistema_relatorios - logger_config - INFO - Iniciando: Carregar configurações
2026-01-05 14:29:03,925 - sistema_relatorios - logger_config - INFO - Concluído: Carregar configurações
2026-01-05 14:29:03,929 - sistema_relatorios - logger_config - INFO - Iniciando: Carregar configurações
2026-01-05 14:29:03,931 - sistema_relatorios - logger_config - INFO - Concluído: Carregar configurações
2026-01-05 14:29:11,716 - sistema_relatorios - logger_config - INFO - Iniciando: Carregar configurações
2026-01-05 14:29:11,717 - sistema_relatorios - logger_config - INFO - Concluído: Carregar configurações
2026-01-05 14:31:34,006 - sistema_relatorios - logger_config - INFO - Iniciando: Carregar configurações
2026-01-05 14:31:34,006 - sistema_relatorios - logger_config - INFO - Concluído: Carregar configurações
2026-01-05 14:38:38,747 - sistema - logger_config - INFO - Sistema de logging inicializado
2026-01-05 14:38:38,748 - sistema_relatorios - logger_config - INFO - Usuário alterado para: sistema_relatorios
2026-01-05 14:38:38,749 - sistema_relatorios - relatorios_interface - INFO - Sistema de relatórios inicializando usando logger configurado
2026-01-05 14:38:38,750 - sistema_relatorios - relatorios_interface - INFO - Configurações de janela importadas com sucesso
2026-01-05 14:38:38,751 - sistema_relatorios - relatorios_interface - INFO - === Sistema de Relatórios Inicializando ===
2026-01-05 14:38:40,485 - sistema_relatorios - logger_config - INFO - Iniciando: Carregar configurações
2026-01-05 14:38:40,488 - sistema_relatorios - logger_config - INFO - Concluído: Carregar configurações
2026-01-05 14:38:40,682 - sistema_relatorios - logger_config - INFO - Iniciando: Carregar configurações
2026-01-05 14:38:40,683 - sistema_relatorios - logger_config - INFO - Concluído: Carregar configurações
2026-01-05 14:38:40,685 - sistema_relatorios - logger_config - INFO - Iniciando: Carregar configurações
2026-01-05 14:38:40,686 - sistema_relatorios - logger_config - INFO - Concluído: Carregar configurações
2026-01-05 15:05:10,823 - sistema - logger_config - INFO - Sistema de logging inicializado
2026-01-05 15:05:10,825 - sistema_relatorios - logger_config - INFO - Usuário alterado para: sistema_relatorios
2026-01-05 15:05:10,827 - sistema_relatorios - relatorios_interface - INFO - Sistema de relatórios inicializando usando logger configurado
2026-01-05 15:05:10,830 - sistema_relatorios - relatorios_interface - INFO - Configurações de janela importadas com sucesso
2026-01-05 15:05:10,831 - sistema_relatorios - relatorios_interface - INFO - === Sistema de Relatórios Inicializando ===
2026-01-05 15:05:18,222 - sistema_relatorios - logger_config - INFO - Iniciando: Carregar configurações
2026-01-05 15:05:18,226 - sistema_relatorios - logger_config - INFO - Concluído: Carregar configurações
2026-01-05 15:05:18,405 - sistema_relatorios - logger_config - INFO - Iniciando: Carregar configurações
2026-01-05 15:05:18,406 - sistema_relatorios - logger_config - INFO - Concluído: Carregar configurações
2026-01-05 15:05:18,409 - sistema_relatorios - logger_config - INFO - Iniciando: Carregar configurações
2026-01-05 15:05:18,410 - sistema_relatorios - logger_config - INFO - Concluído: Carregar configurações
2026-01-05 15:06:20,254 - sistema - logger_config - INFO - Sistema de logging inicializado
2026-01-05 15:06:20,256 - sistema_relatorios - logger_config - INFO - Usuário alterado para: sistema_relatorios
2026-01-05 15:06:20,259 - sistema_relatorios - relatorios_interface - INFO - Sistema de relatórios inicializando usando logger configurado
2026-01-05 15:06:20,260 - sistema_relatorios - relatorios_interface - INFO - Configurações de janela importadas com sucesso
2026-01-05 15:06:20,261 - sistema_relatorios - relatorios_interface - INFO - === Sistema de Relatórios Inicializando ===
2026-01-05 15:06:28,351 - sistema_relatorios - logger_config - INFO - Iniciando: Carregar configurações
2026-01-05 15:06:28,353 - sistema_relatorios - logger_config - INFO - Concluído: Carregar configurações
2026-01-05 15:06:28,531 - sistema_relatorios - logger_config - INFO - Iniciando: Carregar configurações
2026-01-05 15:06:28,532 - sistema_relatorios - logger_config - INFO - Concluído: Carregar configurações
2026-01-05 15:06:28,534 - sistema_relatorios - logger_config - INFO - Iniciando: Carregar configurações
2026-01-05 15:06:28,535 - sistema_relatorios - logger_config - INFO - Concluído: Carregar configurações
2026-01-05 15:10:58,653 - sistema_relatorios - logger_config - INFO - Iniciando: Carregar configurações
2026-01-05 15:10:58,654 - sistema_relatorios - logger_config - INFO - Iniciando: Carregar configurações
2026-01-05 15:10:58,655 - sistema_relatorios - logger_config - INFO - Concluído: Carregar configurações
2026-01-05 15:10:58,656 - sistema_relatorios - logger_config - INFO - Concluído: Carregar configurações
2026-01-05 15:10:58,656 - sistema_relatorios - logger_config - INFO - Iniciando: Carregar configurações
2026-01-05 15:10:58,657 - sistema_relatorios - logger_config - INFO - Concluído: Carregar configurações
2026-01-05 15:10:58,663 - sistema_relatorios - logger_config - INFO - Iniciando: Carregar configurações
2026-01-05 15:10:58,664 - sistema_relatorios - logger_config - INFO - Concluído: Carregar configurações
2026-01-05 15:12:42,021 - sistema_relatorios - logger_config - INFO - Iniciando: Carregar configurações
2026-01-05 15:12:42,022 - sistema_relatorios - logger_config - INFO - Iniciando: Carregar configurações
2026-01-05 15:12:42,023 - sistema_relatorios - logger_config - INFO - Concluído: Carregar configurações
2026-01-05 15:12:42,024 - sistema_relatorios - logger_config - INFO - Concluído: Carregar configurações
2026-01-05 15:12:42,024 - sistema_relatorios - logger_config - INFO - Iniciando: Carregar configurações
2026-01-05 15:12:42,025 - sistema_relatorios - logger_config - INFO - Concluído: Carregar configurações
2026-01-05 15:12:42,031 - sistema_relatorios - logger_config - INFO - Iniciando: Carregar configurações
2026-01-05 15:12:42,032 - sistema_relatorios - logger_config - INFO - Concluído: Carregar configurações
2026-01-05 15:17:43,593 - sistema_relatorios - logger_config - INFO - Iniciando: Carregar configurações
2026-01-05 15:17:43,594 - sistema_relatorios - logger_config - INFO - Iniciando: Carregar configurações
2026-01-05 15:17:43,595 - sistema_relatorios - logger_config - INFO - Concluído: Carregar configurações
2026-01-05 15:17:43,596 - sistema_relatorios - logger_config - INFO - Concluído: Carregar configurações
2026-01-05 15:17:43,596 - sistema_relatorios - logger_config - INFO - Iniciando: Carregar configurações
2026-01-05 15:17:43,597 - sistema_relatorios - logger_config - INFO - Concluído: Carregar configurações
2026-01-05 15:17:43,604 - sistema_relatorios - logger_config - INFO - Iniciando: Carregar configurações
2026-01-05 15:17:43,605 - sistema_relatorios - logger_config - INFO - Concluído: Carregar configurações
2026-01-05 15:23:11,239 - sistema_relatorios - logger_config - INFO - Iniciando: Carregar configurações
2026-01-05 15:23:11,239 - sistema_relatorios - logger_config - INFO - Iniciando: Carregar configurações
2026-01-05 15:23:11,240 - sistema_relatorios - logger_config - INFO - Concluído: Carregar configurações
2026-01-05 15:23:11,241 - sistema_relatorios - logger_config - INFO - Concluído: Carregar configurações
2026-01-05 15:23:11,242 - sistema_relatorios - logger_config - INFO - Iniciando: Carregar configurações
2026-01-05 15:23:11,242 - sistema_relatorios - logger_config - INFO - Concluído: Carregar configurações
2026-01-05 15:23:11,251 - sistema_relatorios - logger_config - INFO - Iniciando: Carregar configurações
2026-01-05 15:23:11,252 - sistema_relatorios - logger_config - INFO - Concluído: Carregar configurações
2026-01-05 15:35:05,248 - sistema - logger_config - INFO - Sistema de logging inicializado
2026-01-05 15:35:05,251 - sistema_relatorios - logger_config - INFO - Usuário alterado para: sistema_relatorios
2026-01-05 15:35:05,254 - sistema_relatorios - relatorios_interface - INFO - Sistema de relatórios inicializando usando logger configurado
2026-01-05 15:35:05,256 - sistema_relatorios - relatorios_interface - INFO - Configurações de janela importadas com sucesso
2026-01-05 15:35:05,257 - sistema_relatorios - relatorios_interface - INFO - === Sistema de Relatórios Inicializando ===
2026-01-05 15:35:15,553 - sistema_relatorios - logger_config - INFO - Iniciando: Carregar configurações
2026-01-05 15:35:15,558 - sistema_relatorios - logger_config - INFO - Concluído: Carregar configurações
2026-01-05 15:35:15,793 - sistema_relatorios - logger_config - INFO - Iniciando: Carregar configurações
2026-01-05 15:35:15,794 - sistema_relatorios - logger_config - INFO - Concluído: Carregar configurações
2026-01-05 15:35:15,798 - sistema_relatorios - logger_config - INFO - Iniciando: Carregar configurações
2026-01-05 15:35:15,799 - sistema_relatorios - logger_config - INFO - Concluído: Carregar configurações
2026-01-05 15:54:18,702 - sistema - logger_config - INFO - Sistema de logging inicializado
2026-01-05 15:54:18,704 - sistema_relatorios - logger_config - INFO - Usuário alterado para: sistema_relatorios
2026-01-05 15:54:18,704 - sistema_relatorios - relatorios_interface - INFO - Sistema de relatórios inicializando usando logger configurado
2026-01-05 15:54:18,705 - sistema_relatorios - relatorios_interface - INFO - Configurações de janela importadas com sucesso
2026-01-05 15:54:18,706 - sistema_relatorios - relatorios_interface - INFO - === Sistema de Relatórios Inicializando ===
2026-01-05 15:54:26,364 - sistema_relatorios - logger_config - INFO - Iniciando: Carregar configurações
2026-01-05 15:54:26,367 - sistema_relatorios - logger_config - INFO - Concluído: Carregar configurações
2026-01-05 15:54:26,542 - sistema_relatorios - logger_config - INFO - Iniciando: Carregar configurações
2026-01-05 15:54:26,543 - sistema_relatorios - logger_config - INFO - Concluído: Carregar configurações
2026-01-05 15:54:26,545 - sistema_relatorios - logger_config - INFO - Iniciando: Carregar configurações
2026-01-05 15:54:26,545 - sistema_relatorios - logger_config - INFO - Concluído: Carregar configurações
2026-01-05 16:02:49,243 - sistema - logger_config - INFO - Sistema de logging inicializado
2026-01-05 16:02:49,245 - sistema_relatorios - logger_config - INFO - Usuário alterado para: sistema_relatorios
2026-01-05 16:02:49,246 - sistema_relatorios - relatorios_interface - INFO - Sistema de relatórios inicializando usando logger configurado
2026-01-05 16:02:49,247 - sistema_relatorios - relatorios_interface - INFO - Configurações de janela importadas com sucesso
2026-01-05 16:02:49,248 - sistema_relatorios - relatorios_interface - INFO - === Sistema de Relatórios Inicializando ===
2026-01-05 16:02:56,612 - sistema_relatorios - logger_config - INFO - Iniciando: Carregar configurações
2026-01-05 16:02:56,614 - sistema_relatorios - logger_config - INFO - Concluído: Carregar configurações
2026-01-05 16:02:56,792 - sistema_relatorios - logger_config - INFO - Iniciando: Carregar configurações
2026-01-05 16:02:56,793 - sistema_relatorios - logger_config - INFO - Concluído: Carregar configurações
2026-01-05 16:02:56,795 - sistema_relatorios - logger_config - INFO - Iniciando: Carregar configurações
2026-01-05 16:02:56,795 - sistema_relatorios - logger_config - INFO - Concluído: Carregar configurações
2026-01-05 16:37:38,213 - sistema - logger_config - INFO - Sistema de logging inicializado
