2025-08-04 09:13:15,658 - sistema - logger_config - INFO - Sistema de logging inicializado
2025-08-04 09:13:59,391 - sistema - logger_config - INFO - Iniciando: Carregar configurações
2025-08-04 09:13:59,395 - sistema - configuracoes_sistema - INFO - Seção 'historico_correcoes' adicionada às configurações
2025-08-04 09:13:59,396 - sistema - logger_config - INFO - Concluído: Carregar configurações
2025-08-04 09:14:49,769 - sistema - Sistema_Entrada_Dados - INFO - Iniciando adição de dados - Cliente: LUCAS COSTA OLIVEIRA SANTOS
2025-08-04 09:14:51,658 - sistema - Sistema_Entrada_Dados - INFO - Dados adicionados com sucesso - Cliente: LUCAS COSTA OLIVEIRA SANTOS, Total: 1
2025-08-04 09:14:56,490 - sistema - Sistema_Entrada_Dados - INFO - Iniciando envio de dados - Cliente: LUCAS COSTA OLIVEIRA SANTOS, Registros: 1
2025-08-04 09:14:56,491 - sistema - Sistema_Entrada_Dados - INFO - Obtendo dados do visualizador
2025-08-04 09:14:56,492 - sistema - Sistema_Entrada_Dados - INFO - Total de registros a processar: 1
2025-08-04 09:14:56,493 - sistema - Sistema_Entrada_Dados - INFO - Datas que serão afetadas pela inserção: ['20/06/2021']
2025-08-04 09:14:56,494 - sistema - Sistema_Entrada_Dados - INFO - Salvando em: C:\Users\Obras\sistema_gestao_testes\testes\Financeiro\Clientes\LUCAS COSTA OLIVEIRA SANTOS.xlsx
2025-08-04 09:14:56,495 - sistema - Sistema_Entrada_Dados - INFO - Verificando integridade dos IDs antes da inserção
2025-08-04 09:14:56,837 - sistema - Sistema_Entrada_Dados - INFO - Lançamento inserido com ID 91 na linha 92
2025-08-04 09:14:57,031 - sistema - Sistema_Entrada_Dados - INFO - Iniciando verificação de recálculo para 1 datas
2025-08-04 09:14:57,532 - sistema - Sistema_Entrada_Dados - INFO - Verificando necessidade de recálculo para 2021-06-20
2025-08-04 09:14:57,533 - sistema - Sistema_Entrada_Dados - ERROR - ❌ Erro ao verificar recálculo para 2021-06-20: 'SistemaEntradaDados' object has no attribute 'gestor_taxas'
2025-08-04 10:16:41,670 - sistema - logger_config - INFO - Sistema de logging inicializado
2025-08-04 10:22:49,194 - sistema - logger_config - INFO - Sistema de logging inicializado
2025-08-04 10:27:35,778 - sistema - logger_config - INFO - Sistema de logging inicializado
2025-08-04 10:45:13,772 - sistema - logger_config - INFO - Sistema de logging inicializado
2025-08-04 10:58:22,863 - sistema - logger_config - INFO - Sistema de logging inicializado
2025-08-04 11:06:34,860 - sistema - logger_config - INFO - Sistema de logging inicializado
2025-08-04 11:09:56,963 - sistema - logger_config - INFO - Sistema de logging inicializado
2025-08-04 11:47:24,951 - sistema - logger_config - INFO - Sistema de logging inicializado
2025-08-04 11:56:27,819 - sistema - logger_config - INFO - Sistema de logging inicializado
2025-08-04 14:40:05,397 - sistema - logger_config - INFO - Sistema de logging inicializado
2025-08-04 14:56:08,904 - sistema - logger_config - INFO - Sistema de logging inicializado
2025-08-04 15:08:48,503 - sistema - logger_config - INFO - Sistema de logging inicializado
2025-08-04 15:26:52,350 - sistema - logger_config - INFO - Sistema de logging inicializado
2025-08-04 15:31:13,672 - sistema - logger_config - INFO - Sistema de logging inicializado
2025-08-04 15:33:04,678 - sistema - logger_config - INFO - Sistema de logging inicializado
2025-08-04 15:34:19,928 - sistema - logger_config - INFO - Sistema de logging inicializado
2025-08-04 15:46:46,558 - sistema - logger_config - INFO - Sistema de logging inicializado
2025-08-04 17:25:52,980 - sistema - logger_config - INFO - Sistema de logging inicializado
2025-08-04 17:33:38,635 - sistema - logger_config - INFO - Sistema de logging inicializado
2025-08-04 17:37:36,469 - sistema - logger_config - INFO - Iniciando: Carregar configurações
2025-08-04 17:37:36,500 - sistema - configuracoes_sistema - INFO - Seção 'historico_correcoes' adicionada às configurações
2025-08-04 17:37:36,501 - sistema - logger_config - INFO - Concluído: Carregar configurações
2025-08-04 17:38:13,488 - sistema - Sistema_Entrada_Dados - INFO - Iniciando adição de dados - Cliente: LUCAS COSTA OLIVEIRA SANTOS
2025-08-04 17:38:15,471 - sistema - Sistema_Entrada_Dados - INFO - Dados adicionados com sucesso - Cliente: LUCAS COSTA OLIVEIRA SANTOS, Total: 1
2025-08-04 17:38:29,391 - sistema - Sistema_Entrada_Dados - INFO - Iniciando envio de dados - Cliente: LUCAS COSTA OLIVEIRA SANTOS, Registros: 1
2025-08-04 17:38:29,393 - sistema - Sistema_Entrada_Dados - INFO - Obtendo dados do visualizador
2025-08-04 17:38:29,394 - sistema - Sistema_Entrada_Dados - INFO - Total de registros a processar: 1
2025-08-04 17:38:29,395 - sistema - Sistema_Entrada_Dados - INFO - Datas que serão afetadas pela inserção: ['20/06/2021']
2025-08-04 17:38:29,396 - sistema - Sistema_Entrada_Dados - INFO - Salvando em: C:\Users\Obras\sistema_gestao_testes\testes\Financeiro\Clientes\LUCAS COSTA OLIVEIRA SANTOS.xlsx
2025-08-04 17:38:29,397 - sistema - Sistema_Entrada_Dados - INFO - Verificando integridade dos IDs antes da inserção
2025-08-04 17:38:29,749 - sistema - Sistema_Entrada_Dados - INFO - Lançamento inserido com ID 92 na linha 93
2025-08-04 17:38:29,939 - sistema - Sistema_Entrada_Dados - INFO - Iniciando verificação de recálculo para 1 datas
2025-08-04 17:38:30,442 - sistema - Sistema_Entrada_Dados - INFO - Verificando necessidade de recálculo para 2021-06-20
2025-08-04 17:38:30,443 - sistema - Sistema_Entrada_Dados - ERROR - ❌ Erro ao verificar recálculo para 2021-06-20: 'SistemaEntradaDados' object has no attribute 'gestor_taxas'
2025-08-04 17:50:04,238 - sistema - logger_config - INFO - Sistema de logging inicializado
2025-08-04 17:52:09,741 - sistema - logger_config - INFO - Sistema de logging inicializado
2025-08-04 17:52:44,588 - sistema - logger_config - INFO - Iniciando: Carregar configurações
2025-08-04 17:52:44,592 - sistema - configuracoes_sistema - INFO - Seção 'historico_correcoes' adicionada às configurações
2025-08-04 17:52:44,593 - sistema - logger_config - INFO - Concluído: Carregar configurações
2025-08-04 17:53:07,630 - sistema - Sistema_Entrada_Dados - INFO - Iniciando adição de dados - Cliente: LUCAS COSTA OLIVEIRA SANTOS
2025-08-04 17:53:10,078 - sistema - Sistema_Entrada_Dados - INFO - Dados adicionados com sucesso - Cliente: LUCAS COSTA OLIVEIRA SANTOS, Total: 1
2025-08-04 17:53:16,358 - sistema - Sistema_Entrada_Dados - INFO - Iniciando envio de dados - Cliente: LUCAS COSTA OLIVEIRA SANTOS, Registros: 1
2025-08-04 17:53:16,359 - sistema - Sistema_Entrada_Dados - INFO - Obtendo dados do visualizador
2025-08-04 17:53:16,360 - sistema - Sistema_Entrada_Dados - INFO - Total de registros a processar: 1
2025-08-04 17:53:16,361 - sistema - Sistema_Entrada_Dados - INFO - Datas que serão afetadas pela inserção: ['20/06/2021']
2025-08-04 17:53:16,361 - sistema - Sistema_Entrada_Dados - INFO - Salvando em: C:\Users\Obras\sistema_gestao_testes\testes\Financeiro\Clientes\LUCAS COSTA OLIVEIRA SANTOS.xlsx
2025-08-04 17:53:16,362 - sistema - Sistema_Entrada_Dados - INFO - Verificando integridade dos IDs antes da inserção
2025-08-04 17:53:16,753 - sistema - Sistema_Entrada_Dados - INFO - Lançamento inserido com ID 92 na linha 93
2025-08-04 17:53:17,207 - sistema - Sistema_Entrada_Dados - INFO - Iniciando verificação de recálculo para 1 datas
2025-08-04 17:53:17,709 - sistema - Sistema_Entrada_Dados - INFO - Verificando necessidade de recálculo para 2021-06-20
2025-08-04 18:11:35,090 - sistema - Sistema_Entrada_Dados - INFO - ℹ️ 2021-06-20: Sem lançamentos base para recálculo
2025-08-04 18:12:35,171 - sistema - logger_config - INFO - Sistema de logging inicializado
2025-08-04 18:12:56,979 - sistema - logger_config - INFO - Iniciando: Carregar configurações
2025-08-04 18:12:56,982 - sistema - configuracoes_sistema - INFO - Seção 'historico_correcoes' adicionada às configurações
2025-08-04 18:12:56,983 - sistema - logger_config - INFO - Concluído: Carregar configurações
2025-08-04 18:13:21,800 - sistema - Sistema_Entrada_Dados - INFO - Iniciando adição de dados - Cliente: LUCAS COSTA OLIVEIRA SANTOS
2025-08-04 18:13:23,289 - sistema - Sistema_Entrada_Dados - INFO - Dados adicionados com sucesso - Cliente: LUCAS COSTA OLIVEIRA SANTOS, Total: 1
2025-08-04 18:13:28,528 - sistema - Sistema_Entrada_Dados - INFO - Iniciando envio de dados - Cliente: LUCAS COSTA OLIVEIRA SANTOS, Registros: 1
2025-08-04 18:13:28,529 - sistema - Sistema_Entrada_Dados - INFO - Obtendo dados do visualizador
2025-08-04 18:13:28,530 - sistema - Sistema_Entrada_Dados - INFO - Total de registros a processar: 1
2025-08-04 18:13:28,531 - sistema - Sistema_Entrada_Dados - INFO - Datas que serão afetadas pela inserção: ['20/06/2021']
2025-08-04 18:13:28,531 - sistema - Sistema_Entrada_Dados - INFO - Salvando em: C:\Users\Obras\sistema_gestao_testes\testes\Financeiro\Clientes\LUCAS COSTA OLIVEIRA SANTOS.xlsx
2025-08-04 18:13:28,532 - sistema - Sistema_Entrada_Dados - INFO - Verificando integridade dos IDs antes da inserção
2025-08-04 18:13:28,913 - sistema - Sistema_Entrada_Dados - INFO - Lançamento inserido com ID 92 na linha 93
2025-08-04 18:13:29,313 - sistema - Sistema_Entrada_Dados - INFO - Iniciando verificação de recálculo para 1 datas
2025-08-04 18:13:29,815 - sistema - Sistema_Entrada_Dados - INFO - Verificando necessidade de recálculo para 2021-06-20
2025-08-04 18:15:52,956 - sistema - Sistema_Entrada_Dados - WARNING - ⚠️ Erro no recálculo para 2021-06-20: Erro no recálculo: 'GestorTaxasAdministracao' object has no attribute 'obter_administradores_cliente_CORRIGIDO'
2025-08-04 18:21:52,018 - sistema - logger_config - INFO - Sistema de logging inicializado
2025-08-04 18:22:14,126 - sistema - logger_config - INFO - Iniciando: Carregar configurações
2025-08-04 18:22:14,129 - sistema - configuracoes_sistema - INFO - Seção 'historico_correcoes' adicionada às configurações
2025-08-04 18:22:14,130 - sistema - logger_config - INFO - Concluído: Carregar configurações
2025-08-04 18:22:45,290 - sistema - Sistema_Entrada_Dados - INFO - Iniciando adição de dados - Cliente: LUCAS COSTA OLIVEIRA SANTOS
2025-08-04 18:22:46,554 - sistema - Sistema_Entrada_Dados - INFO - Dados adicionados com sucesso - Cliente: LUCAS COSTA OLIVEIRA SANTOS, Total: 1
2025-08-04 18:22:52,249 - sistema - Sistema_Entrada_Dados - INFO - Iniciando envio de dados - Cliente: LUCAS COSTA OLIVEIRA SANTOS, Registros: 1
2025-08-04 18:22:52,251 - sistema - Sistema_Entrada_Dados - INFO - Obtendo dados do visualizador
2025-08-04 18:22:52,251 - sistema - Sistema_Entrada_Dados - INFO - Total de registros a processar: 1
2025-08-04 18:22:52,252 - sistema - Sistema_Entrada_Dados - INFO - Datas que serão afetadas pela inserção: ['20/06/2021']
2025-08-04 18:22:52,253 - sistema - Sistema_Entrada_Dados - INFO - Salvando em: C:\Users\Obras\sistema_gestao_testes\testes\Financeiro\Clientes\LUCAS COSTA OLIVEIRA SANTOS.xlsx
2025-08-04 18:22:52,254 - sistema - Sistema_Entrada_Dados - INFO - Verificando integridade dos IDs antes da inserção
2025-08-04 18:22:52,633 - sistema - Sistema_Entrada_Dados - INFO - Lançamento inserido com ID 92 na linha 93
2025-08-04 18:22:52,991 - sistema - Sistema_Entrada_Dados - INFO - Iniciando verificação de recálculo para 1 datas
2025-08-04 18:22:53,493 - sistema - Sistema_Entrada_Dados - INFO - Verificando necessidade de recálculo para 2021-06-20
2025-08-04 18:23:03,320 - sistema - Sistema_Entrada_Dados - INFO - ℹ️ 2021-06-20: Taxas recalculadas com sucesso! Base: R$ 109586.92 | Taxa: 12.0% | Valor total: R$ 13150.43
2025-08-04 18:53:50,468 - sistema - logger_config - INFO - Sistema de logging inicializado
