2025-07-01 15:46:44,132 - sistema - logger_config - INFO - Sistema de logging inicializado
2025-07-01 16:07:49,100 - sistema - logger_config - INFO - Sistema de logging inicializado
2025-07-01 16:11:47,328 - sistema - logger_config - INFO - Sistema de logging inicializado
2025-07-01 16:18:44,024 - sistema - logger_config - INFO - Sistema de logging inicializado
2025-07-01 16:20:11,957 - sistema - Sistema_Entrada_Dados - INFO - Iniciando envio de dados - Cliente: BRUNO SANTANA RINALDI, Registros: 4
2025-07-01 16:20:11,958 - sistema - Sistema_Entrada_Dados - INFO - Obtendo dados do visualizador
2025-07-01 16:20:11,960 - sistema - Sistema_Entrada_Dados - INFO - Total de registros a processar: 4
2025-07-01 16:20:11,961 - sistema - Sistema_Entrada_Dados - INFO - Salvando em: H:\.shortcut-targets-by-id\195uuohIL_ZKum7lhwu-OzJCH_CGAb97G\Relatórios\Financeiro\Clientes\BRUNO SANTANA RINALDI.xlsx
2025-07-01 16:20:17,092 - sistema - Sistema_Entrada_Dados - INFO - Dados salvos com sucesso - Cliente: BRUNO SANTANA RINALDI, Registros: 4
2025-07-01 16:29:14,078 - sistema - logger_config - INFO - Sistema de logging inicializado
2025-07-01 16:32:48,774 - sistema - logger_config - INFO - Sistema de logging inicializado
2025-07-01 16:33:05,890 - sistema - logger_config - INFO - Iniciando: Carregar configurações
2025-07-01 16:33:05,997 - sistema - logger_config - INFO - Concluído: Carregar configurações
2025-07-01 16:33:07,064 - sistema - logger_config - INFO - Iniciando: Carregar configurações
2025-07-01 16:33:07,065 - sistema - logger_config - INFO - Concluído: Carregar configurações
2025-07-01 16:33:08,179 - sistema - logger_config - INFO - Iniciando: Carregar configurações
2025-07-01 16:33:08,180 - sistema - logger_config - INFO - Concluído: Carregar configurações
2025-07-01 16:33:09,235 - sistema - logger_config - INFO - Iniciando: Carregar configurações
2025-07-01 16:33:09,236 - sistema - logger_config - INFO - Concluído: Carregar configurações
2025-07-01 17:01:10,318 - sistema - logger_config - INFO - Sistema de logging inicializado
2025-07-01 17:01:10,319 - sistema_principal - logger_config - INFO - Usuário alterado para: sistema_principal
2025-07-01 17:01:10,321 - sistema_principal - sistema_principal - INFO - Abrindo sistema de relatórios
2025-07-01 17:01:10,336 - sistema_relatorios - logger_config - INFO - Usuário alterado para: sistema_relatorios
2025-07-01 17:01:10,337 - sistema_relatorios - relatorios_interface - INFO - Sistema de relatórios inicializando usando logger configurado
2025-07-01 17:01:10,337 - sistema_relatorios - relatorios_interface - INFO - Configurações de janela importadas com sucesso
2025-07-01 17:01:10,337 - sistema_relatorios - relatorios_interface - INFO - === Sistema de Relatórios Inicializando ===
2025-07-01 17:01:10,428 - sistema_relatorios - relatorios_interface - INFO - Carregando clientes de: H:\.shortcut-targets-by-id\195uuohIL_ZKum7lhwu-OzJCH_CGAb97G\Relatórios\Financeiro\Planilhas_Base\clientes.xlsx
2025-07-01 17:01:10,564 - sistema_relatorios - relatorios_interface - INFO - Colunas disponíveis: ['Nome', 'Endereço', 'Data Inicial', 'Observações', 'Data Final']
2025-07-01 17:01:10,565 - sistema_relatorios - relatorios_interface - INFO - Coluna de status: Data Final
2025-07-01 17:01:10,576 - sistema_relatorios - relatorios_interface - INFO - Coluna de nome: Nome
2025-07-01 17:01:10,576 - sistema_relatorios - relatorios_interface - INFO - Total de clientes ativos encontrados: 13
2025-07-01 17:01:10,577 - sistema_relatorios - relatorios_interface - INFO - Lista de clientes atualizada com 14 clientes
2025-07-01 17:01:10,609 - sistema_relatorios - relatorios_interface - INFO - Carregando clientes de: H:\.shortcut-targets-by-id\195uuohIL_ZKum7lhwu-OzJCH_CGAb97G\Relatórios\Financeiro\Planilhas_Base\clientes.xlsx
2025-07-01 17:01:10,640 - sistema_relatorios - relatorios_interface - INFO - Colunas disponíveis: ['Nome', 'Endereço', 'Data Inicial', 'Observações', 'Data Final']
2025-07-01 17:01:10,641 - sistema_relatorios - relatorios_interface - INFO - Coluna de status: Data Final
2025-07-01 17:01:10,642 - sistema_relatorios - relatorios_interface - INFO - Coluna de nome: Nome
2025-07-01 17:01:10,643 - sistema_relatorios - relatorios_interface - INFO - Total de clientes ativos encontrados: 13
2025-07-01 17:01:10,643 - sistema_relatorios - relatorios_interface - INFO - Lista de clientes carregada com 14 itens
