2025-09-29 09:46:09,657 - sistema - logger_config - INFO - Sistema de logging inicializado
2025-09-29 09:46:09,659 - sistema_principal - logger_config - INFO - Usuário alterado para: sistema_principal
2025-09-29 09:46:09,660 - sistema_principal - sistema_principal - INFO - Abrindo sistema de relatórios
2025-09-29 09:46:09,858 - sistema_relatorios - logger_config - INFO - Usuário alterado para: sistema_relatorios
2025-09-29 09:46:09,858 - sistema_relatorios - relatorios_interface - INFO - Sistema de relatórios inicializando usando logger configurado
2025-09-29 09:46:09,858 - sistema_relatorios - relatorios_interface - INFO - Configurações de janela importadas com sucesso
2025-09-29 09:46:09,858 - sistema_relatorios - relatorios_interface - INFO - === Sistema de Relatórios Inicializando ===
2025-09-29 09:46:17,917 - sistema_relatorios - relatorios_interface - INFO - Carregando clientes de: C:\Users\Obras\sistema_gestao_testes\testes\Financeiro\Planilhas_Base\clientes.xlsx
2025-09-29 09:46:18,043 - sistema_relatorios - relatorios_interface - INFO - Colunas disponíveis: ['Nome', 'Endereço', 'Data Inicial', 'Observações', 'Data Final']
2025-09-29 09:46:18,043 - sistema_relatorios - relatorios_interface - INFO - Coluna de status: Data Final
2025-09-29 09:46:18,063 - sistema_relatorios - relatorios_interface - INFO - Coluna de nome: Nome
2025-09-29 09:46:18,066 - sistema_relatorios - relatorios_interface - INFO - Total de clientes ativos encontrados: 15
2025-09-29 09:46:18,068 - sistema_relatorios - relatorios_interface - INFO - Lista de clientes atualizada com 16 clientes
2025-09-29 09:46:18,103 - sistema_relatorios - relatorios_interface - INFO - Carregando clientes de: C:\Users\Obras\sistema_gestao_testes\testes\Financeiro\Planilhas_Base\clientes.xlsx
2025-09-29 09:46:18,122 - sistema_relatorios - relatorios_interface - INFO - Colunas disponíveis: ['Nome', 'Endereço', 'Data Inicial', 'Observações', 'Data Final']
2025-09-29 09:46:18,125 - sistema_relatorios - relatorios_interface - INFO - Coluna de status: Data Final
2025-09-29 09:46:18,129 - sistema_relatorios - relatorios_interface - INFO - Coluna de nome: Nome
2025-09-29 09:46:18,134 - sistema_relatorios - relatorios_interface - INFO - Total de clientes ativos encontrados: 15
2025-09-29 09:46:18,135 - sistema_relatorios - relatorios_interface - INFO - Lista de clientes carregada com 16 itens
2025-09-29 09:46:25,711 - sistema_relatorios - relatorios_interface - INFO - 🔍 INICIANDO gerar_relatorio para: categoria
2025-09-29 09:46:25,711 - sistema_relatorios - relatorios_interface - INFO - 📋 Processando outros relatórios: categoria
2025-09-29 09:46:26,010 - sistema_relatorios - relatorios_interface - ERROR - 💥 ERRO outros relatórios: 'RelatorioCategoria' object has no attribute 'selecionar_mes'
2025-09-29 09:51:11,718 - sistema_relatorios - relatorios_interface - INFO - Solicitado retorno ao menu principal
2025-09-29 09:51:11,734 - sistema_relatorios - relatorios_interface - INFO - Retornando ao menu principal existente
2025-09-29 09:51:11,819 - sistema_relatorios - relatorios_interface - INFO - Retorno ao menu principal concluído
2025-09-29 10:06:30,910 - sistema - logger_config - INFO - Sistema de logging inicializado
2025-09-29 10:06:30,911 - sistema_principal - logger_config - INFO - Usuário alterado para: sistema_principal
2025-09-29 10:06:30,911 - sistema_principal - sistema_principal - INFO - Abrindo sistema de relatórios
2025-09-29 10:06:31,022 - sistema_relatorios - logger_config - INFO - Usuário alterado para: sistema_relatorios
2025-09-29 10:06:31,022 - sistema_relatorios - relatorios_interface - INFO - Sistema de relatórios inicializando usando logger configurado
2025-09-29 10:06:31,022 - sistema_relatorios - relatorios_interface - INFO - Configurações de janela importadas com sucesso
2025-09-29 10:06:31,022 - sistema_relatorios - relatorios_interface - INFO - === Sistema de Relatórios Inicializando ===
2025-09-29 10:06:33,250 - sistema_relatorios - relatorios_interface - INFO - Carregando clientes de: C:\Users\Obras\sistema_gestao_testes\testes\Financeiro\Planilhas_Base\clientes.xlsx
2025-09-29 10:06:33,334 - sistema_relatorios - relatorios_interface - INFO - Colunas disponíveis: ['Nome', 'Endereço', 'Data Inicial', 'Observações', 'Data Final']
2025-09-29 10:06:33,334 - sistema_relatorios - relatorios_interface - INFO - Coluna de status: Data Final
2025-09-29 10:06:33,348 - sistema_relatorios - relatorios_interface - INFO - Coluna de nome: Nome
2025-09-29 10:06:33,348 - sistema_relatorios - relatorios_interface - INFO - Total de clientes ativos encontrados: 15
2025-09-29 10:06:33,364 - sistema_relatorios - relatorios_interface - INFO - Lista de clientes atualizada com 16 clientes
2025-09-29 10:06:33,405 - sistema_relatorios - relatorios_interface - INFO - Carregando clientes de: C:\Users\Obras\sistema_gestao_testes\testes\Financeiro\Planilhas_Base\clientes.xlsx
2025-09-29 10:06:33,426 - sistema_relatorios - relatorios_interface - INFO - Colunas disponíveis: ['Nome', 'Endereço', 'Data Inicial', 'Observações', 'Data Final']
2025-09-29 10:06:33,427 - sistema_relatorios - relatorios_interface - INFO - Coluna de status: Data Final
2025-09-29 10:06:33,429 - sistema_relatorios - relatorios_interface - INFO - Coluna de nome: Nome
2025-09-29 10:06:33,430 - sistema_relatorios - relatorios_interface - INFO - Total de clientes ativos encontrados: 15
2025-09-29 10:06:33,430 - sistema_relatorios - relatorios_interface - INFO - Lista de clientes carregada com 16 itens
2025-09-29 10:06:39,096 - sistema_relatorios - relatorios_interface - INFO - 🔍 INICIANDO gerar_relatorio para: categoria
2025-09-29 10:06:39,096 - sistema_relatorios - relatorios_interface - INFO - 📋 Processando outros relatórios: categoria
2025-09-29 10:10:19,387 - sistema_relatorios - relatorios_interface - INFO - 🔍 INICIANDO gerar_relatorio para: categoria
2025-09-29 10:10:19,387 - sistema_relatorios - relatorios_interface - INFO - 📋 Processando outros relatórios: categoria
2025-09-29 10:14:58,819 - sistema_relatorios - relatorios_interface - INFO - Solicitado retorno ao menu principal
2025-09-29 10:14:58,819 - sistema_relatorios - relatorios_interface - INFO - Retornando ao menu principal existente
2025-09-29 10:14:58,887 - sistema_relatorios - relatorios_interface - INFO - Retorno ao menu principal concluído
2025-09-29 10:16:06,787 - sistema - logger_config - INFO - Sistema de logging inicializado
2025-09-29 10:16:06,789 - sistema_principal - logger_config - INFO - Usuário alterado para: sistema_principal
2025-09-29 10:16:06,789 - sistema_principal - sistema_principal - INFO - Abrindo sistema de relatórios
2025-09-29 10:16:06,896 - sistema_relatorios - logger_config - INFO - Usuário alterado para: sistema_relatorios
2025-09-29 10:16:06,897 - sistema_relatorios - relatorios_interface - INFO - Sistema de relatórios inicializando usando logger configurado
2025-09-29 10:16:06,898 - sistema_relatorios - relatorios_interface - INFO - Configurações de janela importadas com sucesso
2025-09-29 10:16:06,898 - sistema_relatorios - relatorios_interface - INFO - === Sistema de Relatórios Inicializando ===
2025-09-29 10:16:08,564 - sistema_relatorios - relatorios_interface - INFO - Carregando clientes de: C:\Users\Obras\sistema_gestao_testes\testes\Financeiro\Planilhas_Base\clientes.xlsx
2025-09-29 10:16:08,613 - sistema_relatorios - relatorios_interface - INFO - Colunas disponíveis: ['Nome', 'Endereço', 'Data Inicial', 'Observações', 'Data Final']
2025-09-29 10:16:08,613 - sistema_relatorios - relatorios_interface - INFO - Coluna de status: Data Final
2025-09-29 10:16:08,626 - sistema_relatorios - relatorios_interface - INFO - Coluna de nome: Nome
2025-09-29 10:16:08,628 - sistema_relatorios - relatorios_interface - INFO - Total de clientes ativos encontrados: 15
2025-09-29 10:16:08,629 - sistema_relatorios - relatorios_interface - INFO - Lista de clientes atualizada com 16 clientes
2025-09-29 10:16:08,662 - sistema_relatorios - relatorios_interface - INFO - Carregando clientes de: C:\Users\Obras\sistema_gestao_testes\testes\Financeiro\Planilhas_Base\clientes.xlsx
2025-09-29 10:16:08,678 - sistema_relatorios - relatorios_interface - INFO - Colunas disponíveis: ['Nome', 'Endereço', 'Data Inicial', 'Observações', 'Data Final']
2025-09-29 10:16:08,680 - sistema_relatorios - relatorios_interface - INFO - Coluna de status: Data Final
2025-09-29 10:16:08,683 - sistema_relatorios - relatorios_interface - INFO - Coluna de nome: Nome
2025-09-29 10:16:08,684 - sistema_relatorios - relatorios_interface - INFO - Total de clientes ativos encontrados: 15
2025-09-29 10:16:08,685 - sistema_relatorios - relatorios_interface - INFO - Lista de clientes carregada com 16 itens
2025-09-29 10:16:19,153 - sistema_relatorios - relatorios_interface - INFO - 🔍 INICIANDO gerar_relatorio para: categoria
2025-09-29 10:16:19,153 - sistema_relatorios - relatorios_interface - INFO - 📋 Processando outros relatórios: categoria
2025-09-29 10:21:46,517 - sistema_relatorios - relatorios_interface - INFO - Solicitado retorno ao menu principal
2025-09-29 10:21:46,517 - sistema_relatorios - relatorios_interface - INFO - Retornando ao menu principal existente
2025-09-29 10:21:46,600 - sistema_relatorios - relatorios_interface - INFO - Retorno ao menu principal concluído
2025-09-29 10:26:36,798 - sistema - logger_config - INFO - Sistema de logging inicializado
2025-09-29 10:26:36,798 - sistema_principal - logger_config - INFO - Usuário alterado para: sistema_principal
2025-09-29 10:26:36,798 - sistema_principal - sistema_principal - INFO - Abrindo sistema de relatórios
2025-09-29 10:26:36,974 - sistema_relatorios - logger_config - INFO - Usuário alterado para: sistema_relatorios
2025-09-29 10:26:36,980 - sistema_relatorios - relatorios_interface - INFO - Sistema de relatórios inicializando usando logger configurado
2025-09-29 10:26:36,981 - sistema_relatorios - relatorios_interface - INFO - Configurações de janela importadas com sucesso
2025-09-29 10:26:36,982 - sistema_relatorios - relatorios_interface - INFO - === Sistema de Relatórios Inicializando ===
2025-09-29 10:26:38,581 - sistema_relatorios - relatorios_interface - INFO - Carregando clientes de: C:\Users\Obras\sistema_gestao_testes\testes\Financeiro\Planilhas_Base\clientes.xlsx
2025-09-29 10:26:38,625 - sistema_relatorios - relatorios_interface - INFO - Colunas disponíveis: ['Nome', 'Endereço', 'Data Inicial', 'Observações', 'Data Final']
2025-09-29 10:26:38,625 - sistema_relatorios - relatorios_interface - INFO - Coluna de status: Data Final
2025-09-29 10:26:38,625 - sistema_relatorios - relatorios_interface - INFO - Coluna de nome: Nome
2025-09-29 10:26:38,625 - sistema_relatorios - relatorios_interface - INFO - Total de clientes ativos encontrados: 15
2025-09-29 10:26:38,640 - sistema_relatorios - relatorios_interface - INFO - Lista de clientes atualizada com 16 clientes
2025-09-29 10:26:38,675 - sistema_relatorios - relatorios_interface - INFO - Carregando clientes de: C:\Users\Obras\sistema_gestao_testes\testes\Financeiro\Planilhas_Base\clientes.xlsx
2025-09-29 10:26:38,692 - sistema_relatorios - relatorios_interface - INFO - Colunas disponíveis: ['Nome', 'Endereço', 'Data Inicial', 'Observações', 'Data Final']
2025-09-29 10:26:38,696 - sistema_relatorios - relatorios_interface - INFO - Coluna de status: Data Final
2025-09-29 10:26:38,698 - sistema_relatorios - relatorios_interface - INFO - Coluna de nome: Nome
2025-09-29 10:26:38,699 - sistema_relatorios - relatorios_interface - INFO - Total de clientes ativos encontrados: 15
2025-09-29 10:26:38,700 - sistema_relatorios - relatorios_interface - INFO - Lista de clientes carregada com 16 itens
2025-09-29 10:26:45,291 - sistema_relatorios - relatorios_interface - INFO - 🔍 INICIANDO gerar_relatorio para: categoria
2025-09-29 10:26:45,291 - sistema_relatorios - relatorios_interface - INFO - 📋 Processando outros relatórios: categoria
2025-09-29 10:27:03,350 - sistema_relatorios - relatorios_interface - INFO - Solicitado retorno ao menu principal
2025-09-29 10:27:03,350 - sistema_relatorios - relatorios_interface - INFO - Retornando ao menu principal existente
2025-09-29 10:27:03,403 - sistema_relatorios - relatorios_interface - INFO - Retorno ao menu principal concluído
2025-09-29 10:29:41,440 - sistema - logger_config - INFO - Sistema de logging inicializado
2025-09-29 10:29:41,441 - sistema_principal - logger_config - INFO - Usuário alterado para: sistema_principal
2025-09-29 10:29:41,441 - sistema_principal - sistema_principal - INFO - Abrindo sistema de relatórios
2025-09-29 10:29:41,528 - sistema_relatorios - logger_config - INFO - Usuário alterado para: sistema_relatorios
2025-09-29 10:29:41,528 - sistema_relatorios - relatorios_interface - INFO - Sistema de relatórios inicializando usando logger configurado
2025-09-29 10:29:41,528 - sistema_relatorios - relatorios_interface - INFO - Configurações de janela importadas com sucesso
2025-09-29 10:29:41,528 - sistema_relatorios - relatorios_interface - INFO - === Sistema de Relatórios Inicializando ===
2025-09-29 10:29:43,137 - sistema_relatorios - relatorios_interface - INFO - Carregando clientes de: C:\Users\Obras\sistema_gestao_testes\testes\Financeiro\Planilhas_Base\clientes.xlsx
2025-09-29 10:29:43,181 - sistema_relatorios - relatorios_interface - INFO - Colunas disponíveis: ['Nome', 'Endereço', 'Data Inicial', 'Observações', 'Data Final']
2025-09-29 10:29:43,182 - sistema_relatorios - relatorios_interface - INFO - Coluna de status: Data Final
2025-09-29 10:29:43,183 - sistema_relatorios - relatorios_interface - INFO - Coluna de nome: Nome
2025-09-29 10:29:43,186 - sistema_relatorios - relatorios_interface - INFO - Total de clientes ativos encontrados: 15
2025-09-29 10:29:43,188 - sistema_relatorios - relatorios_interface - INFO - Lista de clientes atualizada com 16 clientes
2025-09-29 10:29:43,223 - sistema_relatorios - relatorios_interface - INFO - Carregando clientes de: C:\Users\Obras\sistema_gestao_testes\testes\Financeiro\Planilhas_Base\clientes.xlsx
2025-09-29 10:29:43,238 - sistema_relatorios - relatorios_interface - INFO - Colunas disponíveis: ['Nome', 'Endereço', 'Data Inicial', 'Observações', 'Data Final']
2025-09-29 10:29:43,240 - sistema_relatorios - relatorios_interface - INFO - Coluna de status: Data Final
2025-09-29 10:29:43,242 - sistema_relatorios - relatorios_interface - INFO - Coluna de nome: Nome
2025-09-29 10:29:43,242 - sistema_relatorios - relatorios_interface - INFO - Total de clientes ativos encontrados: 15
2025-09-29 10:29:43,243 - sistema_relatorios - relatorios_interface - INFO - Lista de clientes carregada com 16 itens
2025-09-29 10:29:55,463 - sistema_relatorios - relatorios_interface - INFO - 🔍 INICIANDO gerar_relatorio para: categoria
2025-09-29 10:29:55,463 - sistema_relatorios - relatorios_interface - INFO - 📋 Processando outros relatórios: categoria
2025-09-29 10:30:46,316 - sistema_relatorios - relatorios_interface - INFO - Solicitado retorno ao menu principal
2025-09-29 10:30:46,316 - sistema_relatorios - relatorios_interface - INFO - Retornando ao menu principal existente
2025-09-29 10:30:46,380 - sistema_relatorios - relatorios_interface - INFO - Retorno ao menu principal concluído
2025-09-29 10:38:35,304 - sistema - logger_config - INFO - Sistema de logging inicializado
2025-09-29 10:38:35,304 - sistema_principal - logger_config - INFO - Usuário alterado para: sistema_principal
2025-09-29 10:38:35,310 - sistema_principal - sistema_principal - INFO - Abrindo sistema de relatórios
2025-09-29 10:38:35,398 - sistema_relatorios - logger_config - INFO - Usuário alterado para: sistema_relatorios
2025-09-29 10:38:35,398 - sistema_relatorios - relatorios_interface - INFO - Sistema de relatórios inicializando usando logger configurado
2025-09-29 10:38:35,400 - sistema_relatorios - relatorios_interface - INFO - Configurações de janela importadas com sucesso
2025-09-29 10:38:35,401 - sistema_relatorios - relatorios_interface - INFO - === Sistema de Relatórios Inicializando ===
2025-09-29 10:38:36,937 - sistema_relatorios - relatorios_interface - INFO - Carregando clientes de: C:\Users\Obras\sistema_gestao_testes\testes\Financeiro\Planilhas_Base\clientes.xlsx
2025-09-29 10:38:36,991 - sistema_relatorios - relatorios_interface - INFO - Colunas disponíveis: ['Nome', 'Endereço', 'Data Inicial', 'Observações', 'Data Final']
2025-09-29 10:38:36,991 - sistema_relatorios - relatorios_interface - INFO - Coluna de status: Data Final
2025-09-29 10:38:36,991 - sistema_relatorios - relatorios_interface - INFO - Coluna de nome: Nome
2025-09-29 10:38:36,991 - sistema_relatorios - relatorios_interface - INFO - Total de clientes ativos encontrados: 15
2025-09-29 10:38:36,991 - sistema_relatorios - relatorios_interface - INFO - Lista de clientes atualizada com 16 clientes
2025-09-29 10:38:37,025 - sistema_relatorios - relatorios_interface - INFO - Carregando clientes de: C:\Users\Obras\sistema_gestao_testes\testes\Financeiro\Planilhas_Base\clientes.xlsx
2025-09-29 10:38:37,042 - sistema_relatorios - relatorios_interface - INFO - Colunas disponíveis: ['Nome', 'Endereço', 'Data Inicial', 'Observações', 'Data Final']
2025-09-29 10:38:37,042 - sistema_relatorios - relatorios_interface - INFO - Coluna de status: Data Final
2025-09-29 10:38:37,042 - sistema_relatorios - relatorios_interface - INFO - Coluna de nome: Nome
2025-09-29 10:38:37,050 - sistema_relatorios - relatorios_interface - INFO - Total de clientes ativos encontrados: 15
2025-09-29 10:38:37,052 - sistema_relatorios - relatorios_interface - INFO - Lista de clientes carregada com 16 itens
2025-09-29 10:38:45,937 - sistema_relatorios - relatorios_interface - INFO - 🔍 INICIANDO gerar_relatorio para: categoria
2025-09-29 10:38:45,937 - sistema_relatorios - relatorios_interface - INFO - 📋 Processando outros relatórios: categoria
2025-09-29 10:52:37,805 - sistema_relatorios - relatorios_interface - INFO - Solicitado retorno ao menu principal
2025-09-29 10:52:37,805 - sistema_relatorios - relatorios_interface - INFO - Retornando ao menu principal existente
2025-09-29 10:52:37,869 - sistema_relatorios - relatorios_interface - INFO - Retorno ao menu principal concluído
2025-09-29 11:03:55,522 - sistema - logger_config - INFO - Sistema de logging inicializado
2025-09-29 11:03:55,522 - sistema_principal - logger_config - INFO - Usuário alterado para: sistema_principal
2025-09-29 11:03:55,522 - sistema_principal - sistema_principal - INFO - Abrindo sistema de relatórios
2025-09-29 11:03:55,640 - sistema_relatorios - logger_config - INFO - Usuário alterado para: sistema_relatorios
2025-09-29 11:03:55,641 - sistema_relatorios - relatorios_interface - INFO - Sistema de relatórios inicializando usando logger configurado
2025-09-29 11:03:55,641 - sistema_relatorios - relatorios_interface - INFO - Configurações de janela importadas com sucesso
2025-09-29 11:03:55,642 - sistema_relatorios - relatorios_interface - INFO - === Sistema de Relatórios Inicializando ===
2025-09-29 11:03:57,382 - sistema_relatorios - relatorios_interface - INFO - Carregando clientes de: C:\Users\Obras\sistema_gestao_testes\testes\Financeiro\Planilhas_Base\clientes.xlsx
2025-09-29 11:03:57,437 - sistema_relatorios - relatorios_interface - INFO - Colunas disponíveis: ['Nome', 'Endereço', 'Data Inicial', 'Observações', 'Data Final']
2025-09-29 11:03:57,437 - sistema_relatorios - relatorios_interface - INFO - Coluna de status: Data Final
2025-09-29 11:03:57,437 - sistema_relatorios - relatorios_interface - INFO - Coluna de nome: Nome
2025-09-29 11:03:57,437 - sistema_relatorios - relatorios_interface - INFO - Total de clientes ativos encontrados: 15
2025-09-29 11:03:57,437 - sistema_relatorios - relatorios_interface - INFO - Lista de clientes atualizada com 16 clientes
2025-09-29 11:03:57,481 - sistema_relatorios - relatorios_interface - INFO - Carregando clientes de: C:\Users\Obras\sistema_gestao_testes\testes\Financeiro\Planilhas_Base\clientes.xlsx
2025-09-29 11:03:57,496 - sistema_relatorios - relatorios_interface - INFO - Colunas disponíveis: ['Nome', 'Endereço', 'Data Inicial', 'Observações', 'Data Final']
2025-09-29 11:03:57,496 - sistema_relatorios - relatorios_interface - INFO - Coluna de status: Data Final
2025-09-29 11:03:57,501 - sistema_relatorios - relatorios_interface - INFO - Coluna de nome: Nome
2025-09-29 11:03:57,505 - sistema_relatorios - relatorios_interface - INFO - Total de clientes ativos encontrados: 15
2025-09-29 11:03:57,507 - sistema_relatorios - relatorios_interface - INFO - Lista de clientes carregada com 16 itens
2025-09-29 11:04:06,199 - sistema_relatorios - relatorios_interface - INFO - 🔍 INICIANDO gerar_relatorio para: categoria
2025-09-29 11:04:06,214 - sistema_relatorios - relatorios_interface - INFO - 📋 Processando outros relatórios: categoria
2025-09-29 14:28:00,630 - sistema_relatorios - relatorios_interface - INFO - Solicitado retorno ao menu principal
2025-09-29 14:28:00,646 - sistema_relatorios - relatorios_interface - INFO - Retornando ao menu principal existente
2025-09-29 14:28:00,729 - sistema_relatorios - relatorios_interface - INFO - Retorno ao menu principal concluído
