2026-01-20 08:41:57,894 - sistema - logger_config - INFO - Sistema de logging inicializado
2026-01-20 08:41:57,895 - sistema_relatorios - logger_config - INFO - Usuário alterado para: sistema_relatorios
2026-01-20 08:41:57,897 - sistema_relatorios - relatorios_interface - INFO - Sistema de relatórios inicializando usando logger configurado
2026-01-20 08:41:57,898 - sistema_relatorios - relatorios_interface - INFO - Configurações de janela importadas com sucesso
2026-01-20 08:41:57,900 - sistema_relatorios - relatorios_interface - INFO - === Sistema de Relatórios Inicializando ===
2026-01-20 08:42:10,629 - sistema_relatorios - logger_config - INFO - Iniciando: Carregar configurações
2026-01-20 08:42:10,651 - sistema_relatorios - logger_config - INFO - Concluído: Carregar configurações
2026-01-20 08:42:10,818 - sistema_relatorios - logger_config - INFO - Iniciando: Carregar configurações
2026-01-20 08:42:10,819 - sistema_relatorios - logger_config - INFO - Concluído: Carregar configurações
2026-01-20 08:42:10,821 - sistema_relatorios - logger_config - INFO - Iniciando: Carregar configurações
2026-01-20 08:42:10,822 - sistema_relatorios - logger_config - INFO - Concluído: Carregar configurações
2026-01-20 08:44:53,907 - sistema_relatorios - logger_config - INFO - Iniciando: Carregar configurações
2026-01-20 08:44:53,907 - sistema_relatorios - logger_config - INFO - Concluído: Carregar configurações
2026-01-20 08:45:41,200 - sistema_relatorios - logger_config - INFO - Iniciando: Carregar configurações
2026-01-20 08:45:41,201 - sistema_relatorios - logger_config - INFO - Concluído: Carregar configurações
2026-01-20 08:50:56,872 - sistema - logger_config - INFO - Sistema de logging inicializado
2026-01-20 08:50:56,874 - sistema_relatorios - logger_config - INFO - Usuário alterado para: sistema_relatorios
2026-01-20 08:50:56,875 - sistema_relatorios - relatorios_interface - INFO - Sistema de relatórios inicializando usando logger configurado
2026-01-20 08:50:56,876 - sistema_relatorios - relatorios_interface - INFO - Configurações de janela importadas com sucesso
2026-01-20 08:50:56,876 - sistema_relatorios - relatorios_interface - INFO - === Sistema de Relatórios Inicializando ===
2026-01-20 08:51:04,948 - sistema_relatorios - logger_config - INFO - Iniciando: Carregar configurações
2026-01-20 08:51:04,951 - sistema_relatorios - logger_config - INFO - Concluído: Carregar configurações
2026-01-20 08:51:05,118 - sistema_relatorios - logger_config - INFO - Iniciando: Carregar configurações
2026-01-20 08:51:05,118 - sistema_relatorios - logger_config - INFO - Concluído: Carregar configurações
2026-01-20 08:51:05,121 - sistema_relatorios - logger_config - INFO - Iniciando: Carregar configurações
2026-01-20 08:51:05,122 - sistema_relatorios - logger_config - INFO - Concluído: Carregar configurações
2026-01-20 08:53:10,111 - sistema_relatorios - logger_config - INFO - Iniciando: Carregar configurações
2026-01-20 08:53:10,112 - sistema_relatorios - logger_config - INFO - Concluído: Carregar configurações
2026-01-20 08:53:45,952 - sistema_relatorios - logger_config - INFO - Iniciando: Carregar configurações
2026-01-20 08:53:45,953 - sistema_relatorios - logger_config - INFO - Concluído: Carregar configurações
2026-01-20 08:54:57,043 - sistema_relatorios - logger_config - INFO - Iniciando: Carregar configurações
2026-01-20 08:54:57,044 - sistema_relatorios - logger_config - INFO - Concluído: Carregar configurações
2026-01-20 08:54:57,045 - sistema_relatorios - logger_config - INFO - Iniciando: Carregar configurações
2026-01-20 08:54:57,046 - sistema_relatorios - logger_config - INFO - Concluído: Carregar configurações
2026-01-20 08:54:57,048 - sistema_relatorios - logger_config - INFO - Iniciando: Carregar configurações
2026-01-20 08:54:57,048 - sistema_relatorios - logger_config - INFO - Concluído: Carregar configurações
2026-01-20 08:54:57,050 - sistema_relatorios - logger_config - INFO - Iniciando: Carregar configurações
2026-01-20 08:54:57,051 - sistema_relatorios - logger_config - INFO - Concluído: Carregar configurações
2026-01-20 09:01:07,815 - sistema_relatorios - logger_config - INFO - Iniciando: Carregar configurações
2026-01-20 09:01:07,816 - sistema_relatorios - logger_config - INFO - Concluído: Carregar configurações
2026-01-20 09:03:43,869 - sistema_relatorios - logger_config - INFO - Iniciando: Carregar configurações
2026-01-20 09:03:43,869 - sistema_relatorios - logger_config - INFO - Concluído: Carregar configurações
2026-01-20 09:14:42,973 - sistema - logger_config - INFO - Sistema de logging inicializado
2026-01-20 09:14:42,975 - sistema_relatorios - logger_config - INFO - Usuário alterado para: sistema_relatorios
2026-01-20 09:14:42,975 - sistema_relatorios - relatorios_interface - INFO - Sistema de relatórios inicializando usando logger configurado
2026-01-20 09:14:42,976 - sistema_relatorios - relatorios_interface - INFO - Configurações de janela importadas com sucesso
2026-01-20 09:14:42,977 - sistema_relatorios - relatorios_interface - INFO - === Sistema de Relatórios Inicializando ===
2026-01-20 09:14:51,061 - sistema_relatorios - logger_config - INFO - Iniciando: Carregar configurações
2026-01-20 09:14:51,064 - sistema_relatorios - logger_config - INFO - Concluído: Carregar configurações
2026-01-20 09:14:51,247 - sistema_relatorios - logger_config - INFO - Iniciando: Carregar configurações
2026-01-20 09:14:51,248 - sistema_relatorios - logger_config - INFO - Concluído: Carregar configurações
2026-01-20 09:14:51,252 - sistema_relatorios - logger_config - INFO - Iniciando: Carregar configurações
2026-01-20 09:14:51,253 - sistema_relatorios - logger_config - INFO - Concluído: Carregar configurações
2026-01-20 09:14:59,834 - sistema_relatorios - logger_config - INFO - Iniciando: Carregar configurações
2026-01-20 09:14:59,834 - sistema_relatorios - logger_config - INFO - Concluído: Carregar configurações
2026-01-20 09:16:11,307 - sistema_relatorios - logger_config - INFO - Iniciando: Carregar configurações
2026-01-20 09:16:11,308 - sistema_relatorios - logger_config - INFO - Concluído: Carregar configurações
2026-01-20 09:30:10,614 - sistema - logger_config - INFO - Sistema de logging inicializado
2026-01-20 09:30:10,615 - sistema_relatorios - logger_config - INFO - Usuário alterado para: sistema_relatorios
2026-01-20 09:30:10,616 - sistema_relatorios - relatorios_interface - INFO - Sistema de relatórios inicializando usando logger configurado
2026-01-20 09:30:10,617 - sistema_relatorios - relatorios_interface - INFO - Configurações de janela importadas com sucesso
2026-01-20 09:30:10,618 - sistema_relatorios - relatorios_interface - INFO - === Sistema de Relatórios Inicializando ===
2026-01-20 09:30:21,247 - sistema_relatorios - logger_config - INFO - Iniciando: Carregar configurações
2026-01-20 09:30:21,250 - sistema_relatorios - logger_config - INFO - Concluído: Carregar configurações
2026-01-20 09:30:21,459 - sistema_relatorios - logger_config - INFO - Iniciando: Carregar configurações
2026-01-20 09:30:21,461 - sistema_relatorios - logger_config - INFO - Concluído: Carregar configurações
2026-01-20 09:30:21,463 - sistema_relatorios - logger_config - INFO - Iniciando: Carregar configurações
2026-01-20 09:30:21,464 - sistema_relatorios - logger_config - INFO - Concluído: Carregar configurações
2026-01-20 09:30:34,635 - sistema_relatorios - logger_config - INFO - Iniciando: Carregar configurações
2026-01-20 09:30:34,636 - sistema_relatorios - logger_config - INFO - Concluído: Carregar configurações
2026-01-20 09:40:52,099 - sistema - logger_config - INFO - Sistema de logging inicializado
2026-01-20 09:40:52,101 - sistema_relatorios - logger_config - INFO - Usuário alterado para: sistema_relatorios
2026-01-20 09:40:52,102 - sistema_relatorios - relatorios_interface - INFO - Sistema de relatórios inicializando usando logger configurado
2026-01-20 09:40:52,102 - sistema_relatorios - relatorios_interface - INFO - Configurações de janela importadas com sucesso
2026-01-20 09:40:52,104 - sistema_relatorios - relatorios_interface - INFO - === Sistema de Relatórios Inicializando ===
2026-01-20 09:41:00,066 - sistema_relatorios - logger_config - INFO - Iniciando: Carregar configurações
2026-01-20 09:41:00,068 - sistema_relatorios - logger_config - INFO - Concluído: Carregar configurações
2026-01-20 09:41:00,243 - sistema_relatorios - logger_config - INFO - Iniciando: Carregar configurações
2026-01-20 09:41:00,244 - sistema_relatorios - logger_config - INFO - Concluído: Carregar configurações
2026-01-20 09:41:00,246 - sistema_relatorios - logger_config - INFO - Iniciando: Carregar configurações
2026-01-20 09:41:00,247 - sistema_relatorios - logger_config - INFO - Concluído: Carregar configurações
2026-01-20 09:41:09,441 - sistema_relatorios - logger_config - INFO - Iniciando: Carregar configurações
2026-01-20 09:41:09,441 - sistema_relatorios - logger_config - INFO - Concluído: Carregar configurações
2026-01-20 09:43:19,721 - sistema - logger_config - INFO - Sistema de logging inicializado
2026-01-20 09:43:19,722 - sistema_relatorios - logger_config - INFO - Usuário alterado para: sistema_relatorios
2026-01-20 09:43:19,723 - sistema_relatorios - relatorios_interface - INFO - Sistema de relatórios inicializando usando logger configurado
2026-01-20 09:43:19,724 - sistema_relatorios - relatorios_interface - INFO - Configurações de janela importadas com sucesso
2026-01-20 09:43:19,725 - sistema_relatorios - relatorios_interface - INFO - === Sistema de Relatórios Inicializando ===
2026-01-20 09:43:47,089 - sistema_relatorios - relatorios_interface - INFO - Carregando clientes de: C:\Users\Obras\sistema_gestao_testes\testes\Financeiro\Planilhas_Base\Clientes.xlsx
2026-01-20 09:43:47,191 - sistema_relatorios - relatorios_interface - INFO - Colunas disponíveis: ['Nome', 'Endereço', 'Data Inicial', 'Observações', 'Data Final', 'Tipo Taxa', 'CPF', 'CNO', 'Estado Civil', 'Cidade', 'Grupo', 'Logradouro', 'Numero', 'Complemento', 'Localidade', 'CEP', 'Estado', 'Metragem_Alvara', 'Banco', 'Agencia', 'Conta', 'Tipo_Conta', 'PIX']
2026-01-20 09:43:47,195 - sistema_relatorios - relatorios_interface - INFO - Coluna de status: Data Final
2026-01-20 09:43:47,254 - sistema_relatorios - relatorios_interface - INFO - Coluna de nome: Nome
2026-01-20 09:43:47,255 - sistema_relatorios - relatorios_interface - INFO - Total de clientes ativos encontrados: 16
2026-01-20 09:43:47,256 - sistema_relatorios - relatorios_interface - INFO - Lista de clientes atualizada com 17 clientes
2026-01-20 09:43:48,695 - sistema_relatorios - relatorios_interface - INFO - Data calculada automaticamente: 20/01/2026
2026-01-20 09:43:48,697 - sistema_relatorios - relatorios_interface - INFO - Data calculada automaticamente: 20/01/2026
2026-01-20 09:43:49,577 - sistema_relatorios - relatorios_interface - INFO - Carregando clientes de: C:\Users\Obras\sistema_gestao_testes\testes\Financeiro\Planilhas_Base\Clientes.xlsx
2026-01-20 09:43:49,599 - sistema_relatorios - relatorios_interface - INFO - Colunas disponíveis: ['Nome', 'Endereço', 'Data Inicial', 'Observações', 'Data Final', 'Tipo Taxa', 'CPF', 'CNO', 'Estado Civil', 'Cidade', 'Grupo', 'Logradouro', 'Numero', 'Complemento', 'Localidade', 'CEP', 'Estado', 'Metragem_Alvara', 'Banco', 'Agencia', 'Conta', 'Tipo_Conta', 'PIX']
2026-01-20 09:43:49,600 - sistema_relatorios - relatorios_interface - INFO - Coluna de status: Data Final
2026-01-20 09:43:49,602 - sistema_relatorios - relatorios_interface - INFO - Coluna de nome: Nome
2026-01-20 09:43:49,605 - sistema_relatorios - relatorios_interface - INFO - Total de clientes ativos encontrados: 16
2026-01-20 09:43:55,029 - sistema_relatorios - relatorios_interface - INFO - Cliente selecionado: GILMAR ALMEIDA PORTUGAL
2026-01-20 09:43:55,030 - sistema_relatorios - relatorios_interface - INFO - Arquivo encontrado: C:\Users\Obras\sistema_gestao_testes\testes\Financeiro\Clientes\GILMAR ALMEIDA PORTUGAL.xlsx
2026-01-20 09:43:55,038 - sistema_relatorios - relatorios_interface - INFO - Arquivo encontrado: C:\Users\Obras\sistema_gestao_testes\testes\Financeiro\Clientes\GILMAR ALMEIDA PORTUGAL.xlsx
2026-01-20 09:43:57,212 - sistema_relatorios - relatorios_interface - INFO - 🔍 INICIANDO gerar_relatorio para: despesas
2026-01-20 09:43:57,213 - sistema_relatorios - relatorios_interface - INFO - 🎯 PROCESSANDO: Relatório de despesas
2026-01-20 09:43:57,214 - sistema_relatorios - relatorios_interface - INFO - 🎯 PROCESSANDO DESPESAS - ARQUITETURA LIMPA
2026-01-20 09:43:57,214 - sistema_relatorios - relatorios_interface - INFO - Data final obtida: 2026-01-20 00:00:00 (tipo: <class 'datetime.datetime'>)
2026-01-20 09:43:57,215 - sistema_relatorios - relatorios_interface - INFO - ✅ Arquivo encontrado em arquivo_cliente_selecionado: C:\Users\Obras\sistema_gestao_testes\testes\Financeiro\Clientes\GILMAR ALMEIDA PORTUGAL.xlsx
2026-01-20 09:43:57,216 - sistema_relatorios - relatorios_interface - INFO - ✅ Arquivo final nas configurações: C:\Users\Obras\sistema_gestao_testes\testes\Financeiro\Clientes\GILMAR ALMEIDA PORTUGAL.xlsx
2026-01-20 09:43:57,217 - sistema_relatorios - relatorios_interface - INFO - ✅ Configurações coletadas
2026-01-20 09:43:57,219 - sistema_relatorios - relatorios_interface - INFO - ✅ Arquivo confirmado: GILMAR ALMEIDA PORTUGAL.xlsx
2026-01-20 09:44:01,585 - sistema_relatorios - relatorios_interface - INFO - Modo selecionado: Preview
2026-01-20 09:44:01,588 - sistema_relatorios - relatorios_interface - INFO - 🎯 EXECUTANDO COM PREVIEW DIRETO - PDF TEMPORÁRIO
2026-01-20 09:44:04,246 - sistema_relatorios - relatorios_interface - INFO - ✅ Janela de decisão criada
2026-01-20 09:44:28,892 - sistema_relatorios - relatorios_interface - INFO - 🗑️ PDF temporário agendado para remoção: PREVIEW_GILMAR_ALMEIDA_PORTUGAL_20260120_094403.pdf
2026-01-20 09:44:30,644 - sistema_relatorios - relatorios_interface - INFO - Solicitado retorno ao menu principal
2026-01-20 09:44:30,644 - sistema_relatorios - relatorios_interface - INFO - Retornando ao menu principal existente
2026-01-20 09:44:30,710 - sistema_relatorios - relatorios_interface - INFO - Retorno ao menu principal concluído
2026-01-20 09:44:36,321 - sistema_relatorios - logger_config - INFO - Iniciando: Carregar configurações
2026-01-20 09:44:36,352 - sistema_relatorios - logger_config - INFO - Concluído: Carregar configurações
2026-01-20 09:44:36,567 - sistema_relatorios - logger_config - INFO - Iniciando: Carregar configurações
2026-01-20 09:44:36,568 - sistema_relatorios - logger_config - INFO - Concluído: Carregar configurações
2026-01-20 09:44:36,571 - sistema_relatorios - logger_config - INFO - Iniciando: Carregar configurações
2026-01-20 09:44:36,572 - sistema_relatorios - logger_config - INFO - Concluído: Carregar configurações
2026-01-20 09:45:00,595 - sistema_relatorios - logger_config - INFO - Iniciando: Carregar configurações
2026-01-20 09:45:00,596 - sistema_relatorios - logger_config - INFO - Concluído: Carregar configurações
2026-01-20 09:45:00,597 - sistema_relatorios - logger_config - INFO - Iniciando: Carregar configurações
2026-01-20 09:45:00,597 - sistema_relatorios - logger_config - INFO - Concluído: Carregar configurações
2026-01-20 09:45:00,599 - sistema_relatorios - logger_config - INFO - Iniciando: Carregar configurações
2026-01-20 09:45:00,600 - sistema_relatorios - logger_config - INFO - Concluído: Carregar configurações
2026-01-20 09:45:00,600 - sistema_relatorios - logger_config - INFO - Iniciando: Carregar configurações
2026-01-20 09:45:00,602 - sistema_relatorios - logger_config - INFO - Concluído: Carregar configurações
2026-01-20 09:45:42,980 - sistema_relatorios - logger_config - INFO - Iniciando: Carregar configurações
2026-01-20 09:45:42,981 - sistema_relatorios - logger_config - INFO - Concluído: Carregar configurações
2026-01-20 09:45:42,982 - sistema_relatorios - logger_config - INFO - Iniciando: Carregar configurações
2026-01-20 09:45:42,982 - sistema_relatorios - logger_config - INFO - Concluído: Carregar configurações
2026-01-20 09:45:42,985 - sistema_relatorios - logger_config - INFO - Iniciando: Carregar configurações
2026-01-20 09:45:42,986 - sistema_relatorios - logger_config - INFO - Concluído: Carregar configurações
2026-01-20 09:45:42,987 - sistema_relatorios - logger_config - INFO - Iniciando: Carregar configurações
2026-01-20 09:45:42,989 - sistema_relatorios - logger_config - INFO - Concluído: Carregar configurações
2026-01-20 09:46:14,786 - sistema_relatorios - logger_config - INFO - Iniciando: Carregar configurações
2026-01-20 09:46:14,787 - sistema_relatorios - logger_config - INFO - Concluído: Carregar configurações
2026-01-20 09:49:48,130 - sistema_relatorios - logger_config - INFO - Iniciando: Carregar configurações
2026-01-20 09:49:48,131 - sistema_relatorios - logger_config - INFO - Concluído: Carregar configurações
2026-01-20 09:49:48,132 - sistema_relatorios - logger_config - INFO - Iniciando: Carregar configurações
2026-01-20 09:49:48,133 - sistema_relatorios - logger_config - INFO - Concluído: Carregar configurações
2026-01-20 09:49:48,136 - sistema_relatorios - logger_config - INFO - Iniciando: Carregar configurações
2026-01-20 09:49:48,137 - sistema_relatorios - logger_config - INFO - Concluído: Carregar configurações
2026-01-20 09:49:48,138 - sistema_relatorios - logger_config - INFO - Iniciando: Carregar configurações
2026-01-20 09:49:48,139 - sistema_relatorios - logger_config - INFO - Concluído: Carregar configurações
2026-01-20 09:50:18,391 - sistema_relatorios - logger_config - INFO - Iniciando: Carregar configurações
2026-01-20 09:50:18,392 - sistema_relatorios - logger_config - INFO - Concluído: Carregar configurações
2026-01-20 09:50:18,393 - sistema_relatorios - logger_config - INFO - Iniciando: Carregar configurações
2026-01-20 09:50:18,393 - sistema_relatorios - logger_config - INFO - Concluído: Carregar configurações
2026-01-20 09:50:18,395 - sistema_relatorios - logger_config - INFO - Iniciando: Carregar configurações
2026-01-20 09:50:18,396 - sistema_relatorios - logger_config - INFO - Concluído: Carregar configurações
2026-01-20 09:50:18,396 - sistema_relatorios - logger_config - INFO - Iniciando: Carregar configurações
2026-01-20 09:50:18,397 - sistema_relatorios - logger_config - INFO - Concluído: Carregar configurações
2026-01-20 09:51:44,031 - sistema_relatorios - logger_config - INFO - Iniciando: Carregar configurações
2026-01-20 09:51:44,032 - sistema_relatorios - logger_config - INFO - Concluído: Carregar configurações
2026-01-20 09:51:44,033 - sistema_relatorios - logger_config - INFO - Iniciando: Carregar configurações
2026-01-20 09:51:44,034 - sistema_relatorios - logger_config - INFO - Concluído: Carregar configurações
2026-01-20 09:51:44,036 - sistema_relatorios - logger_config - INFO - Iniciando: Carregar configurações
2026-01-20 09:51:44,036 - sistema_relatorios - logger_config - INFO - Concluído: Carregar configurações
2026-01-20 09:51:44,037 - sistema_relatorios - logger_config - INFO - Iniciando: Carregar configurações
2026-01-20 09:51:44,038 - sistema_relatorios - logger_config - INFO - Concluído: Carregar configurações
2026-01-20 09:52:09,959 - sistema_relatorios - logger_config - INFO - Iniciando: Carregar configurações
2026-01-20 09:52:09,959 - sistema_relatorios - logger_config - INFO - Concluído: Carregar configurações
2026-01-20 09:52:09,960 - sistema_relatorios - logger_config - INFO - Iniciando: Carregar configurações
2026-01-20 09:52:09,961 - sistema_relatorios - logger_config - INFO - Concluído: Carregar configurações
2026-01-20 09:52:09,962 - sistema_relatorios - logger_config - INFO - Iniciando: Carregar configurações
2026-01-20 09:52:09,963 - sistema_relatorios - logger_config - INFO - Concluído: Carregar configurações
2026-01-20 09:52:09,964 - sistema_relatorios - logger_config - INFO - Iniciando: Carregar configurações
2026-01-20 09:52:09,967 - sistema_relatorios - logger_config - INFO - Concluído: Carregar configurações
2026-01-20 10:08:27,136 - sistema - logger_config - INFO - Sistema de logging inicializado
2026-01-20 10:08:27,137 - sistema_relatorios - logger_config - INFO - Usuário alterado para: sistema_relatorios
2026-01-20 10:08:27,137 - sistema_relatorios - relatorios_interface - INFO - Sistema de relatórios inicializando usando logger configurado
2026-01-20 10:08:27,138 - sistema_relatorios - relatorios_interface - INFO - Configurações de janela importadas com sucesso
2026-01-20 10:08:27,138 - sistema_relatorios - relatorios_interface - INFO - === Sistema de Relatórios Inicializando ===
2026-01-20 10:08:42,216 - sistema_relatorios - logger_config - INFO - Iniciando: Carregar configurações
2026-01-20 10:08:42,219 - sistema_relatorios - logger_config - INFO - Concluído: Carregar configurações
2026-01-20 10:08:42,385 - sistema_relatorios - logger_config - INFO - Iniciando: Carregar configurações
2026-01-20 10:08:42,386 - sistema_relatorios - logger_config - INFO - Concluído: Carregar configurações
2026-01-20 10:08:42,388 - sistema_relatorios - logger_config - INFO - Iniciando: Carregar configurações
2026-01-20 10:08:42,389 - sistema_relatorios - logger_config - INFO - Concluído: Carregar configurações
2026-01-20 10:08:52,853 - sistema_relatorios - logger_config - INFO - Iniciando: Carregar configurações
2026-01-20 10:08:52,853 - sistema_relatorios - logger_config - INFO - Concluído: Carregar configurações
2026-01-20 10:09:59,993 - sistema_relatorios - logger_config - INFO - Iniciando: Carregar configurações
2026-01-20 10:09:59,994 - sistema_relatorios - logger_config - INFO - Concluído: Carregar configurações
2026-01-20 10:09:59,994 - sistema_relatorios - logger_config - INFO - Iniciando: Carregar configurações
2026-01-20 10:09:59,995 - sistema_relatorios - logger_config - INFO - Concluído: Carregar configurações
2026-01-20 10:09:59,997 - sistema_relatorios - logger_config - INFO - Iniciando: Carregar configurações
2026-01-20 10:09:59,997 - sistema_relatorios - logger_config - INFO - Concluído: Carregar configurações
2026-01-20 10:09:59,998 - sistema_relatorios - logger_config - INFO - Iniciando: Carregar configurações
2026-01-20 10:09:59,999 - sistema_relatorios - logger_config - INFO - Concluído: Carregar configurações
2026-01-20 11:20:04,330 - sistema - logger_config - INFO - Sistema de logging inicializado
2026-01-20 11:20:04,332 - sistema_relatorios - logger_config - INFO - Usuário alterado para: sistema_relatorios
2026-01-20 11:20:04,333 - sistema_relatorios - relatorios_interface - INFO - Sistema de relatórios inicializando usando logger configurado
2026-01-20 11:20:04,334 - sistema_relatorios - relatorios_interface - INFO - Configurações de janela importadas com sucesso
2026-01-20 11:20:04,335 - sistema_relatorios - relatorios_interface - INFO - === Sistema de Relatórios Inicializando ===
2026-01-20 11:20:15,922 - sistema_relatorios - logger_config - INFO - Iniciando: Carregar configurações
2026-01-20 11:20:15,942 - sistema_relatorios - logger_config - INFO - Concluído: Carregar configurações
2026-01-20 11:20:16,181 - sistema_relatorios - logger_config - INFO - Iniciando: Carregar configurações
2026-01-20 11:20:16,196 - sistema_relatorios - logger_config - INFO - Concluído: Carregar configurações
2026-01-20 11:20:16,206 - sistema_relatorios - logger_config - INFO - Iniciando: Carregar configurações
2026-01-20 11:20:16,213 - sistema_relatorios - logger_config - INFO - Concluído: Carregar configurações
2026-01-20 11:33:37,435 - sistema - logger_config - INFO - Sistema de logging inicializado
2026-01-20 11:33:37,437 - sistema_relatorios - logger_config - INFO - Usuário alterado para: sistema_relatorios
2026-01-20 11:33:37,439 - sistema_relatorios - relatorios_interface - INFO - Sistema de relatórios inicializando usando logger configurado
2026-01-20 11:33:37,440 - sistema_relatorios - relatorios_interface - INFO - Configurações de janela importadas com sucesso
2026-01-20 11:33:37,441 - sistema_relatorios - relatorios_interface - INFO - === Sistema de Relatórios Inicializando ===
2026-01-20 11:33:48,325 - sistema_relatorios - logger_config - INFO - Iniciando: Carregar configurações
2026-01-20 11:33:48,328 - sistema_relatorios - logger_config - INFO - Concluído: Carregar configurações
2026-01-20 11:33:48,554 - sistema_relatorios - logger_config - INFO - Iniciando: Carregar configurações
2026-01-20 11:33:48,556 - sistema_relatorios - logger_config - INFO - Concluído: Carregar configurações
2026-01-20 11:33:48,558 - sistema_relatorios - logger_config - INFO - Iniciando: Carregar configurações
2026-01-20 11:33:48,560 - sistema_relatorios - logger_config - INFO - Concluído: Carregar configurações
2026-01-20 11:35:34,075 - sistema - logger_config - INFO - Sistema de logging inicializado
2026-01-20 11:35:34,078 - sistema_relatorios - logger_config - INFO - Usuário alterado para: sistema_relatorios
2026-01-20 11:35:34,079 - sistema_relatorios - relatorios_interface - INFO - Sistema de relatórios inicializando usando logger configurado
2026-01-20 11:35:34,079 - sistema_relatorios - relatorios_interface - INFO - Configurações de janela importadas com sucesso
2026-01-20 11:35:34,080 - sistema_relatorios - relatorios_interface - INFO - === Sistema de Relatórios Inicializando ===
2026-01-20 11:35:42,349 - sistema_relatorios - logger_config - INFO - Iniciando: Carregar configurações
2026-01-20 11:35:42,352 - sistema_relatorios - logger_config - INFO - Concluído: Carregar configurações
2026-01-20 11:35:42,522 - sistema_relatorios - logger_config - INFO - Iniciando: Carregar configurações
2026-01-20 11:35:42,522 - sistema_relatorios - logger_config - INFO - Concluído: Carregar configurações
2026-01-20 11:35:42,525 - sistema_relatorios - logger_config - INFO - Iniciando: Carregar configurações
2026-01-20 11:35:42,525 - sistema_relatorios - logger_config - INFO - Concluído: Carregar configurações
2026-01-20 11:36:34,753 - sistema - logger_config - INFO - Sistema de logging inicializado
2026-01-20 11:36:34,754 - sistema_relatorios - logger_config - INFO - Usuário alterado para: sistema_relatorios
2026-01-20 11:36:34,754 - sistema_relatorios - relatorios_interface - INFO - Sistema de relatórios inicializando usando logger configurado
2026-01-20 11:36:34,755 - sistema_relatorios - relatorios_interface - INFO - Configurações de janela importadas com sucesso
2026-01-20 11:36:34,756 - sistema_relatorios - relatorios_interface - INFO - === Sistema de Relatórios Inicializando ===
2026-01-20 11:36:42,933 - sistema_relatorios - logger_config - INFO - Iniciando: Carregar configurações
2026-01-20 11:36:42,936 - sistema_relatorios - logger_config - INFO - Concluído: Carregar configurações
2026-01-20 11:36:43,120 - sistema_relatorios - logger_config - INFO - Iniciando: Carregar configurações
2026-01-20 11:36:43,121 - sistema_relatorios - logger_config - INFO - Concluído: Carregar configurações
2026-01-20 11:36:43,122 - sistema_relatorios - logger_config - INFO - Iniciando: Carregar configurações
2026-01-20 11:36:43,123 - sistema_relatorios - logger_config - INFO - Concluído: Carregar configurações
2026-01-20 11:40:20,722 - sistema - logger_config - INFO - Sistema de logging inicializado
2026-01-20 11:40:20,724 - sistema_relatorios - logger_config - INFO - Usuário alterado para: sistema_relatorios
2026-01-20 11:40:20,724 - sistema_relatorios - relatorios_interface - INFO - Sistema de relatórios inicializando usando logger configurado
2026-01-20 11:40:20,725 - sistema_relatorios - relatorios_interface - INFO - Configurações de janela importadas com sucesso
2026-01-20 11:40:20,726 - sistema_relatorios - relatorios_interface - INFO - === Sistema de Relatórios Inicializando ===
2026-01-20 11:40:28,736 - sistema_relatorios - logger_config - INFO - Iniciando: Carregar configurações
2026-01-20 11:40:28,739 - sistema_relatorios - logger_config - INFO - Concluído: Carregar configurações
2026-01-20 11:40:28,930 - sistema_relatorios - logger_config - INFO - Iniciando: Carregar configurações
2026-01-20 11:40:28,931 - sistema_relatorios - logger_config - INFO - Concluído: Carregar configurações
2026-01-20 11:40:28,933 - sistema_relatorios - logger_config - INFO - Iniciando: Carregar configurações
2026-01-20 11:40:28,934 - sistema_relatorios - logger_config - INFO - Concluído: Carregar configurações
2026-01-20 11:47:43,913 - sistema - logger_config - INFO - Sistema de logging inicializado
2026-01-20 11:47:43,915 - sistema_relatorios - logger_config - INFO - Usuário alterado para: sistema_relatorios
2026-01-20 11:47:43,916 - sistema_relatorios - relatorios_interface - INFO - Sistema de relatórios inicializando usando logger configurado
2026-01-20 11:47:43,917 - sistema_relatorios - relatorios_interface - INFO - Configurações de janela importadas com sucesso
2026-01-20 11:47:43,918 - sistema_relatorios - relatorios_interface - INFO - === Sistema de Relatórios Inicializando ===
2026-01-20 11:48:37,483 - sistema - logger_config - INFO - Sistema de logging inicializado
2026-01-20 11:48:37,484 - sistema_relatorios - logger_config - INFO - Usuário alterado para: sistema_relatorios
2026-01-20 11:48:37,485 - sistema_relatorios - relatorios_interface - INFO - Sistema de relatórios inicializando usando logger configurado
2026-01-20 11:48:37,486 - sistema_relatorios - relatorios_interface - INFO - Configurações de janela importadas com sucesso
2026-01-20 11:48:37,486 - sistema_relatorios - relatorios_interface - INFO - === Sistema de Relatórios Inicializando ===
2026-01-20 11:48:45,529 - sistema_relatorios - logger_config - INFO - Iniciando: Carregar configurações
2026-01-20 11:48:45,532 - sistema_relatorios - logger_config - INFO - Concluído: Carregar configurações
2026-01-20 11:48:45,701 - sistema_relatorios - logger_config - INFO - Iniciando: Carregar configurações
2026-01-20 11:48:45,702 - sistema_relatorios - logger_config - INFO - Concluído: Carregar configurações
2026-01-20 11:48:45,704 - sistema_relatorios - logger_config - INFO - Iniciando: Carregar configurações
2026-01-20 11:48:45,704 - sistema_relatorios - logger_config - INFO - Concluído: Carregar configurações
2026-01-20 12:27:37,070 - sistema - logger_config - INFO - Sistema de logging inicializado
2026-01-20 12:27:37,072 - sistema_relatorios - logger_config - INFO - Usuário alterado para: sistema_relatorios
2026-01-20 12:27:37,073 - sistema_relatorios - relatorios_interface - INFO - Sistema de relatórios inicializando usando logger configurado
2026-01-20 12:27:37,074 - sistema_relatorios - relatorios_interface - INFO - Configurações de janela importadas com sucesso
2026-01-20 12:27:37,075 - sistema_relatorios - relatorios_interface - INFO - === Sistema de Relatórios Inicializando ===
2026-01-20 12:27:54,724 - sistema_relatorios - logger_config - INFO - Iniciando: Carregar configurações
2026-01-20 12:27:54,731 - sistema_relatorios - logger_config - INFO - Concluído: Carregar configurações
2026-01-20 12:27:54,966 - sistema_relatorios - logger_config - INFO - Iniciando: Carregar configurações
2026-01-20 12:27:54,967 - sistema_relatorios - logger_config - INFO - Concluído: Carregar configurações
2026-01-20 12:27:54,972 - sistema_relatorios - logger_config - INFO - Iniciando: Carregar configurações
2026-01-20 12:27:54,973 - sistema_relatorios - logger_config - INFO - Concluído: Carregar configurações
2026-01-20 12:43:23,206 - sistema - logger_config - INFO - Sistema de logging inicializado
2026-01-20 16:09:44,403 - sistema - logger_config - INFO - Sistema de logging inicializado
2026-01-20 16:09:44,405 - sistema_relatorios - logger_config - INFO - Usuário alterado para: sistema_relatorios
2026-01-20 16:09:44,406 - sistema_relatorios - relatorios_interface - INFO - Sistema de relatórios inicializando usando logger configurado
2026-01-20 16:09:44,408 - sistema_relatorios - relatorios_interface - INFO - Configurações de janela importadas com sucesso
2026-01-20 16:09:44,409 - sistema_relatorios - relatorios_interface - INFO - === Sistema de Relatórios Inicializando ===
2026-01-20 16:09:48,017 - sistema_relatorios - logger_config - INFO - Iniciando: Carregar configurações
2026-01-20 16:09:48,027 - sistema_relatorios - logger_config - INFO - Concluído: Carregar configurações
2026-01-20 16:09:48,280 - sistema_relatorios - logger_config - INFO - Iniciando: Carregar configurações
2026-01-20 16:09:48,283 - sistema_relatorios - logger_config - INFO - Concluído: Carregar configurações
2026-01-20 16:09:48,287 - sistema_relatorios - logger_config - INFO - Iniciando: Carregar configurações
2026-01-20 16:09:48,291 - sistema_relatorios - logger_config - INFO - Concluído: Carregar configurações
2026-01-20 16:13:43,441 - sistema - logger_config - INFO - Sistema de logging inicializado
2026-01-20 16:13:43,442 - sistema_relatorios - logger_config - INFO - Usuário alterado para: sistema_relatorios
2026-01-20 16:13:43,443 - sistema_relatorios - relatorios_interface - INFO - Sistema de relatórios inicializando usando logger configurado
2026-01-20 16:13:43,444 - sistema_relatorios - relatorios_interface - INFO - Configurações de janela importadas com sucesso
2026-01-20 16:13:43,445 - sistema_relatorios - relatorios_interface - INFO - === Sistema de Relatórios Inicializando ===
2026-01-20 16:13:45,105 - sistema_relatorios - logger_config - INFO - Iniciando: Carregar configurações
2026-01-20 16:13:45,107 - sistema_relatorios - logger_config - INFO - Concluído: Carregar configurações
2026-01-20 16:13:45,282 - sistema_relatorios - logger_config - INFO - Iniciando: Carregar configurações
2026-01-20 16:13:45,283 - sistema_relatorios - logger_config - INFO - Concluído: Carregar configurações
2026-01-20 16:13:45,285 - sistema_relatorios - logger_config - INFO - Iniciando: Carregar configurações
2026-01-20 16:13:45,286 - sistema_relatorios - logger_config - INFO - Concluído: Carregar configurações
2026-01-20 17:07:17,176 - sistema - logger_config - INFO - Sistema de logging inicializado
2026-01-20 17:07:17,177 - sistema_relatorios - logger_config - INFO - Usuário alterado para: sistema_relatorios
2026-01-20 17:07:17,178 - sistema_relatorios - relatorios_interface - INFO - Sistema de relatórios inicializando usando logger configurado
2026-01-20 17:07:17,179 - sistema_relatorios - relatorios_interface - INFO - Configurações de janela importadas com sucesso
2026-01-20 17:07:17,180 - sistema_relatorios - relatorios_interface - INFO - === Sistema de Relatórios Inicializando ===
2026-01-20 17:07:25,571 - sistema_relatorios - logger_config - INFO - Iniciando: Carregar configurações
2026-01-20 17:07:25,574 - sistema_relatorios - logger_config - INFO - Concluído: Carregar configurações
2026-01-20 17:07:25,750 - sistema_relatorios - logger_config - INFO - Iniciando: Carregar configurações
2026-01-20 17:07:25,751 - sistema_relatorios - logger_config - INFO - Concluído: Carregar configurações
2026-01-20 17:07:25,753 - sistema_relatorios - logger_config - INFO - Iniciando: Carregar configurações
2026-01-20 17:07:25,754 - sistema_relatorios - logger_config - INFO - Concluído: Carregar configurações
2026-01-20 17:37:25,663 - sistema - logger_config - INFO - Sistema de logging inicializado
2026-01-20 17:37:25,665 - sistema_relatorios - logger_config - INFO - Usuário alterado para: sistema_relatorios
2026-01-20 17:37:25,666 - sistema_relatorios - relatorios_interface - INFO - Sistema de relatórios inicializando usando logger configurado
2026-01-20 17:37:25,667 - sistema_relatorios - relatorios_interface - INFO - Configurações de janela importadas com sucesso
2026-01-20 17:37:25,669 - sistema_relatorios - relatorios_interface - INFO - === Sistema de Relatórios Inicializando ===
2026-01-20 17:37:39,521 - sistema_relatorios - logger_config - INFO - Iniciando: Carregar configurações
2026-01-20 17:37:39,524 - sistema_relatorios - logger_config - INFO - Concluído: Carregar configurações
2026-01-20 17:37:39,762 - sistema_relatorios - logger_config - INFO - Iniciando: Carregar configurações
2026-01-20 17:37:39,765 - sistema_relatorios - logger_config - INFO - Concluído: Carregar configurações
2026-01-20 17:37:39,771 - sistema_relatorios - logger_config - INFO - Iniciando: Carregar configurações
2026-01-20 17:37:39,772 - sistema_relatorios - logger_config - INFO - Concluído: Carregar configurações
2026-01-20 21:32:23,010 - sistema - logger_config - INFO - Sistema de logging inicializado
2026-01-20 21:32:23,013 - sistema_relatorios - logger_config - INFO - Usuário alterado para: sistema_relatorios
2026-01-20 21:32:23,014 - sistema_relatorios - relatorios_interface - INFO - Sistema de relatórios inicializando usando logger configurado
2026-01-20 21:32:23,018 - sistema_relatorios - relatorios_interface - INFO - Configurações de janela importadas com sucesso
2026-01-20 21:32:23,029 - sistema_relatorios - relatorios_interface - INFO - === Sistema de Relatórios Inicializando ===
2026-01-20 21:32:35,508 - sistema_relatorios - logger_config - INFO - Iniciando: Carregar configurações
2026-01-20 21:32:35,512 - sistema_relatorios - logger_config - INFO - Concluído: Carregar configurações
2026-01-20 21:32:35,724 - sistema_relatorios - logger_config - INFO - Iniciando: Carregar configurações
2026-01-20 21:32:35,726 - sistema_relatorios - logger_config - INFO - Concluído: Carregar configurações
2026-01-20 21:32:35,729 - sistema_relatorios - logger_config - INFO - Iniciando: Carregar configurações
2026-01-20 21:32:35,729 - sistema_relatorios - logger_config - INFO - Concluído: Carregar configurações
2026-01-20 21:45:50,760 - sistema - logger_config - INFO - Sistema de logging inicializado
