2026-01-15 10:32:38,109 - sistema - logger_config - INFO - Sistema de logging inicializado
2026-01-15 10:32:38,110 - sistema_relatorios - logger_config - INFO - Usuário alterado para: sistema_relatorios
2026-01-15 10:32:38,111 - sistema_relatorios - relatorios_interface - INFO - Sistema de relatórios inicializando usando logger configurado
2026-01-15 10:32:38,112 - sistema_relatorios - relatorios_interface - INFO - Configurações de janela importadas com sucesso
2026-01-15 10:32:38,115 - sistema_relatorios - relatorios_interface - INFO - === Sistema de Relatórios Inicializando ===
2026-01-15 10:32:48,053 - sistema_relatorios - logger_config - INFO - Iniciando: Carregar configurações
2026-01-15 10:32:48,076 - sistema_relatorios - logger_config - INFO - Concluído: Carregar configurações
2026-01-15 10:32:48,253 - sistema_relatorios - logger_config - INFO - Iniciando: Carregar configurações
2026-01-15 10:32:48,254 - sistema_relatorios - logger_config - INFO - Concluído: Carregar configurações
2026-01-15 10:32:48,257 - sistema_relatorios - logger_config - INFO - Iniciando: Carregar configurações
2026-01-15 10:32:48,258 - sistema_relatorios - logger_config - INFO - Concluído: Carregar configurações
2026-01-15 10:33:00,909 - sistema_relatorios - logger_config - INFO - Iniciando: Carregar configurações
2026-01-15 10:33:00,910 - sistema_relatorios - logger_config - INFO - Concluído: Carregar configurações
2026-01-15 10:33:29,839 - sistema - logger_config - INFO - Sistema de logging inicializado
2026-01-15 10:33:29,840 - sistema_relatorios - logger_config - INFO - Usuário alterado para: sistema_relatorios
2026-01-15 10:33:29,841 - sistema_relatorios - relatorios_interface - INFO - Sistema de relatórios inicializando usando logger configurado
2026-01-15 10:33:29,841 - sistema_relatorios - relatorios_interface - INFO - Configurações de janela importadas com sucesso
2026-01-15 10:33:29,841 - sistema_relatorios - relatorios_interface - INFO - === Sistema de Relatórios Inicializando ===
2026-01-15 10:33:35,358 - sistema_relatorios - logger_config - INFO - Iniciando: Carregar configurações
2026-01-15 10:33:35,360 - sistema_relatorios - logger_config - INFO - Concluído: Carregar configurações
2026-01-15 10:33:35,776 - sistema_relatorios - logger_config - INFO - Iniciando: Carregar configurações
2026-01-15 10:33:35,777 - sistema_relatorios - logger_config - INFO - Concluído: Carregar configurações
2026-01-15 10:34:07,580 - sistema_relatorios - logger_config - INFO - Iniciando: Carregar configurações
2026-01-15 10:34:07,580 - sistema_relatorios - logger_config - INFO - Concluído: Carregar configurações
2026-01-15 10:37:44,690 - sistema_relatorios - logger_config - INFO - Iniciando: Carregar configurações
2026-01-15 10:37:44,691 - sistema_relatorios - logger_config - INFO - Concluído: Carregar configurações
2026-01-15 10:37:44,745 - sistema_relatorios - logger_config - INFO - Iniciando: Carregar configurações
2026-01-15 10:37:44,746 - sistema_relatorios - logger_config - INFO - Concluído: Carregar configurações
