2025-05-21 12:07:24,068 - sistema - Sistema_Entrada_Dados - INFO - Iniciando envio de dados - Cliente: BRUNO SANTANA RINALDI, Registros: 3
2025-05-21 12:07:24,070 - sistema - Sistema_Entrada_Dados - INFO - Obtendo dados do visualizador
2025-05-21 12:07:24,070 - sistema - Sistema_Entrada_Dados - INFO - Total de registros a processar: 3
2025-05-21 12:07:24,071 - sistema - Sistema_Entrada_Dados - INFO - Salvando em: H:\.shortcut-targets-by-id\195uuohIL_ZKum7lhwu-OzJCH_CGAb97G\Relatórios\Financeiro\Clientes\BRUNO SANTANA RINALDI.xlsx
2025-05-21 12:07:24,331 - sistema - Sistema_Entrada_Dados - WARNING - Duplicata detectada: CRISTOFER BARBOSA ROSA - SALÁRIO - 854.80 - NF:  - Vencto: 05/06/2025
2025-05-21 12:07:24,338 - sistema - Sistema_Entrada_Dados - WARNING - Duplicata detectada: GERALDO ROSA JUNIOR - SALÁRIO - 2080.00 - NF:  - Vencto: 05/06/2025
2025-05-21 12:07:24,339 - sistema - Sistema_Entrada_Dados - WARNING - Detectados 2 possíveis lançamentos duplicados
2025-05-21 12:08:15,550 - sistema - Sistema_Entrada_Dados - INFO - Operação cancelada pelo usuário devido a duplicatas
2025-05-21 12:08:19,395 - sistema - Sistema_Entrada_Dados - INFO - Iniciando envio de dados - Cliente: BRUNO SANTANA RINALDI, Registros: 3
2025-05-21 12:08:19,397 - sistema - Sistema_Entrada_Dados - INFO - Obtendo dados do visualizador
2025-05-21 12:08:19,397 - sistema - Sistema_Entrada_Dados - INFO - Total de registros a processar: 3
2025-05-21 12:08:19,398 - sistema - Sistema_Entrada_Dados - INFO - Salvando em: H:\.shortcut-targets-by-id\195uuohIL_ZKum7lhwu-OzJCH_CGAb97G\Relatórios\Financeiro\Clientes\BRUNO SANTANA RINALDI.xlsx
2025-05-21 12:08:19,592 - sistema - Sistema_Entrada_Dados - WARNING - Duplicata detectada: CRISTOFER BARBOSA ROSA - SALÁRIO - 854.80 - NF:  - Vencto: 05/06/2025
2025-05-21 12:08:19,597 - sistema - Sistema_Entrada_Dados - WARNING - Duplicata detectada: GERALDO ROSA JUNIOR - SALÁRIO - 2080.00 - NF:  - Vencto: 05/06/2025
2025-05-21 12:08:19,597 - sistema - Sistema_Entrada_Dados - WARNING - Detectados 2 possíveis lançamentos duplicados
2025-05-21 12:08:29,175 - sistema - Sistema_Entrada_Dados - INFO - Operação cancelada pelo usuário devido a duplicatas
2025-05-21 12:19:42,383 - sistema - Sistema_Entrada_Dados - INFO - Iniciando envio de dados - Cliente: BRUNO SANTANA RINALDI, Registros: 3
2025-05-21 12:19:42,384 - sistema - Sistema_Entrada_Dados - INFO - Obtendo dados do visualizador
2025-05-21 12:19:42,385 - sistema - Sistema_Entrada_Dados - INFO - Total de registros a processar: 3
2025-05-21 12:19:42,386 - sistema - Sistema_Entrada_Dados - INFO - Salvando em: H:\.shortcut-targets-by-id\195uuohIL_ZKum7lhwu-OzJCH_CGAb97G\Relatórios\Financeiro\Clientes\BRUNO SANTANA RINALDI.xlsx
2025-05-21 12:19:42,624 - sistema - Sistema_Entrada_Dados - WARNING - Duplicata detectada: CRISTOFER BARBOSA ROSA - SALÁRIO - 854.80 - NF:  - Vencto: 05/06/2025
2025-05-21 12:19:42,629 - sistema - Sistema_Entrada_Dados - WARNING - Duplicata detectada: GERALDO ROSA JUNIOR - SALÁRIO - 2080.00 - NF:  - Vencto: 05/06/2025
2025-05-21 12:19:42,630 - sistema - Sistema_Entrada_Dados - WARNING - Detectados 2 possíveis lançamentos duplicados
2025-05-21 12:19:46,301 - sistema - Sistema_Entrada_Dados - INFO - Operação cancelada pelo usuário devido a duplicatas
2025-05-21 12:19:53,424 - sistema - Sistema_Entrada_Dados - INFO - Iniciando envio de dados - Cliente: BRUNO SANTANA RINALDI, Registros: 3
2025-05-21 12:19:53,424 - sistema - Sistema_Entrada_Dados - INFO - Obtendo dados do visualizador
2025-05-21 12:19:53,425 - sistema - Sistema_Entrada_Dados - INFO - Total de registros a processar: 3
2025-05-21 12:19:53,425 - sistema - Sistema_Entrada_Dados - INFO - Salvando em: H:\.shortcut-targets-by-id\195uuohIL_ZKum7lhwu-OzJCH_CGAb97G\Relatórios\Financeiro\Clientes\BRUNO SANTANA RINALDI.xlsx
2025-05-21 12:19:53,599 - sistema - Sistema_Entrada_Dados - WARNING - Duplicata detectada: CRISTOFER BARBOSA ROSA - SALÁRIO - 854.80 - NF:  - Vencto: 05/06/2025
2025-05-21 12:19:53,604 - sistema - Sistema_Entrada_Dados - WARNING - Duplicata detectada: GERALDO ROSA JUNIOR - SALÁRIO - 2080.00 - NF:  - Vencto: 05/06/2025
2025-05-21 12:19:53,604 - sistema - Sistema_Entrada_Dados - WARNING - Detectados 2 possíveis lançamentos duplicados
2025-05-21 12:20:10,554 - sistema - Sistema_Entrada_Dados - INFO - Operação cancelada pelo usuário devido a duplicatas
2025-05-21 12:21:11,113 - sistema - gestao_medicoes - INFO - Logger importado com sucesso em gestao_medicoes.py
2025-05-21 12:41:00,704 - sistema - Sistema_Entrada_Dados - INFO - Iniciando envio de dados - Cliente: BRUNO SANTANA RINALDI, Registros: 3
2025-05-21 12:41:00,705 - sistema - Sistema_Entrada_Dados - INFO - Obtendo dados do visualizador
2025-05-21 12:41:00,706 - sistema - Sistema_Entrada_Dados - INFO - Total de registros a processar: 3
2025-05-21 12:41:00,706 - sistema - Sistema_Entrada_Dados - INFO - Salvando em: H:\.shortcut-targets-by-id\195uuohIL_ZKum7lhwu-OzJCH_CGAb97G\Relatórios\Financeiro\Clientes\BRUNO SANTANA RINALDI.xlsx
2025-05-21 12:41:00,927 - sistema - Sistema_Entrada_Dados - WARNING - Duplicata detectada: CRISTOFER BARBOSA ROSA - SALÁRIO - 854.80 - NF:  - Vencto: 05/06/2025
2025-05-21 12:41:00,932 - sistema - Sistema_Entrada_Dados - WARNING - Duplicata detectada: GERALDO ROSA JUNIOR - SALÁRIO - 2080.00 - NF:  - Vencto: 05/06/2025
2025-05-21 12:41:00,933 - sistema - Sistema_Entrada_Dados - WARNING - Detectados 2 possíveis lançamentos duplicados
2025-05-21 12:41:03,675 - sistema - Sistema_Entrada_Dados - INFO - Operação cancelada pelo usuário devido a duplicatas
2025-05-21 12:41:24,648 - sistema - Sistema_Entrada_Dados - INFO - Iniciando envio de dados - Cliente: BRUNO SANTANA RINALDI, Registros: 2
2025-05-21 12:41:24,649 - sistema - Sistema_Entrada_Dados - INFO - Obtendo dados do visualizador
2025-05-21 12:41:24,649 - sistema - Sistema_Entrada_Dados - INFO - Total de registros a processar: 2
2025-05-21 12:41:24,649 - sistema - Sistema_Entrada_Dados - INFO - Salvando em: H:\.shortcut-targets-by-id\195uuohIL_ZKum7lhwu-OzJCH_CGAb97G\Relatórios\Financeiro\Clientes\BRUNO SANTANA RINALDI.xlsx
2025-05-21 12:41:24,864 - sistema - Sistema_Entrada_Dados - WARNING - Duplicata detectada: GERALDO ROSA JUNIOR - SALÁRIO - 2080.00 - NF:  - Vencto: 05/06/2025
2025-05-21 12:41:24,865 - sistema - Sistema_Entrada_Dados - WARNING - Detectados 1 possíveis lançamentos duplicados
2025-05-21 12:41:27,843 - sistema - Sistema_Entrada_Dados - INFO - Operação cancelada pelo usuário devido a duplicatas
2025-05-21 14:20:21,051 - sistema - Sistema_Entrada_Dados - INFO - Iniciando envio de dados - Cliente: BRUNO SANTANA RINALDI, Registros: 3
2025-05-21 14:20:21,053 - sistema - Sistema_Entrada_Dados - INFO - Obtendo dados do visualizador
2025-05-21 14:20:21,054 - sistema - Sistema_Entrada_Dados - INFO - Total de registros a processar: 3
2025-05-21 14:20:21,055 - sistema - Sistema_Entrada_Dados - INFO - Salvando em: H:\.shortcut-targets-by-id\195uuohIL_ZKum7lhwu-OzJCH_CGAb97G\Relatórios\Financeiro\Clientes\BRUNO SANTANA RINALDI.xlsx
2025-05-21 14:20:21,320 - sistema - Sistema_Entrada_Dados - WARNING - Duplicata detectada: CRISTOFER BARBOSA ROSA - SALÁRIO - 854.80 - NF:  - Vencto: 05/06/2025
2025-05-21 14:20:21,325 - sistema - Sistema_Entrada_Dados - WARNING - Duplicata detectada: GERALDO ROSA JUNIOR - SALÁRIO - 2080.00 - NF:  - Vencto: 05/06/2025
2025-05-21 14:20:21,326 - sistema - Sistema_Entrada_Dados - WARNING - Detectados 2 possíveis lançamentos duplicados
2025-05-21 14:20:24,074 - sistema - Sistema_Entrada_Dados - INFO - Operação cancelada pelo usuário devido a duplicatas
2025-05-21 14:20:38,770 - sistema - Sistema_Entrada_Dados - INFO - Iniciando envio de dados - Cliente: BRUNO SANTANA RINALDI, Registros: 3
2025-05-21 14:20:38,771 - sistema - Sistema_Entrada_Dados - INFO - Obtendo dados do visualizador
2025-05-21 14:20:38,772 - sistema - Sistema_Entrada_Dados - INFO - Total de registros a processar: 3
2025-05-21 14:20:38,772 - sistema - Sistema_Entrada_Dados - INFO - Salvando em: H:\.shortcut-targets-by-id\195uuohIL_ZKum7lhwu-OzJCH_CGAb97G\Relatórios\Financeiro\Clientes\BRUNO SANTANA RINALDI.xlsx
2025-05-21 14:20:38,953 - sistema - Sistema_Entrada_Dados - WARNING - Duplicata detectada: CRISTOFER BARBOSA ROSA - SALÁRIO - 854.80 - NF:  - Vencto: 05/06/2025
2025-05-21 14:20:38,958 - sistema - Sistema_Entrada_Dados - WARNING - Duplicata detectada: GERALDO ROSA JUNIOR - SALÁRIO - 2080.00 - NF:  - Vencto: 05/06/2025
2025-05-21 14:20:38,959 - sistema - Sistema_Entrada_Dados - WARNING - Detectados 2 possíveis lançamentos duplicados
2025-05-21 14:20:43,226 - sistema - Sistema_Entrada_Dados - INFO - Operação cancelada pelo usuário devido a duplicatas
2025-05-21 14:20:58,739 - sistema - Sistema_Entrada_Dados - INFO - Iniciando envio de dados - Cliente: BRUNO SANTANA RINALDI, Registros: 2
2025-05-21 14:20:58,739 - sistema - Sistema_Entrada_Dados - INFO - Obtendo dados do visualizador
2025-05-21 14:20:58,740 - sistema - Sistema_Entrada_Dados - INFO - Total de registros a processar: 2
2025-05-21 14:20:58,740 - sistema - Sistema_Entrada_Dados - INFO - Salvando em: H:\.shortcut-targets-by-id\195uuohIL_ZKum7lhwu-OzJCH_CGAb97G\Relatórios\Financeiro\Clientes\BRUNO SANTANA RINALDI.xlsx
2025-05-21 14:20:58,991 - sistema - Sistema_Entrada_Dados - WARNING - Duplicata detectada: GERALDO ROSA JUNIOR - SALÁRIO - 2080.00 - NF:  - Vencto: 05/06/2025
2025-05-21 14:20:58,992 - sistema - Sistema_Entrada_Dados - WARNING - Detectados 1 possíveis lançamentos duplicados
2025-05-21 14:21:03,481 - sistema - Sistema_Entrada_Dados - INFO - Operação cancelada pelo usuário devido a duplicatas
2025-05-21 14:21:12,874 - sistema - Sistema_Entrada_Dados - INFO - Iniciando envio de dados - Cliente: BRUNO SANTANA RINALDI, Registros: 1
2025-05-21 14:21:12,875 - sistema - Sistema_Entrada_Dados - INFO - Obtendo dados do visualizador
2025-05-21 14:21:12,876 - sistema - Sistema_Entrada_Dados - INFO - Total de registros a processar: 1
2025-05-21 14:21:12,876 - sistema - Sistema_Entrada_Dados - INFO - Salvando em: H:\.shortcut-targets-by-id\195uuohIL_ZKum7lhwu-OzJCH_CGAb97G\Relatórios\Financeiro\Clientes\BRUNO SANTANA RINALDI.xlsx
2025-05-21 14:21:15,857 - sistema - Sistema_Entrada_Dados - INFO - Dados salvos com sucesso - Cliente: BRUNO SANTANA RINALDI, Registros: 1
2025-05-21 14:21:15,881 - sistema - Sistema_Entrada_Dados - ERROR - Erro ao salvar arquivo: cannot access local variable 'janela_duplicados' where it is not associated with a value
2025-05-21 14:33:06,030 - sistema - Sistema_Entrada_Dados - INFO - Iniciando envio de dados - Cliente: BRUNO SANTANA RINALDI, Registros: 3
2025-05-21 14:33:06,031 - sistema - Sistema_Entrada_Dados - INFO - Obtendo dados do visualizador
2025-05-21 14:33:06,032 - sistema - Sistema_Entrada_Dados - INFO - Total de registros a processar: 3
2025-05-21 14:33:06,032 - sistema - Sistema_Entrada_Dados - INFO - Salvando em: H:\.shortcut-targets-by-id\195uuohIL_ZKum7lhwu-OzJCH_CGAb97G\Relatórios\Financeiro\Clientes\BRUNO SANTANA RINALDI.xlsx
2025-05-21 14:33:06,291 - sistema - Sistema_Entrada_Dados - WARNING - Duplicata detectada: ALEXSANDRO VENANCIO DA SILVA - SALÁRIO - 1156.00 - NF:  - Vencto: 05/06/2025
2025-05-21 14:33:06,295 - sistema - Sistema_Entrada_Dados - WARNING - Duplicata detectada: CRISTOFER BARBOSA ROSA - SALÁRIO - 854.80 - NF:  - Vencto: 05/06/2025
2025-05-21 14:33:06,303 - sistema - Sistema_Entrada_Dados - WARNING - Duplicata detectada: GERALDO ROSA JUNIOR - SALÁRIO - 2080.00 - NF:  - Vencto: 05/06/2025
2025-05-21 14:33:06,304 - sistema - Sistema_Entrada_Dados - WARNING - Detectados 3 possíveis lançamentos duplicados
2025-05-21 14:33:10,070 - sistema - Sistema_Entrada_Dados - INFO - Operação cancelada pelo usuário devido a duplicatas
