2025-12-16 08:41:57,525 - sistema - logger_config - INFO - Sistema de logging inicializado
2025-12-16 08:52:47,297 - sistema - logger_config - INFO - Sistema de logging inicializado
2025-12-16 09:24:05,392 - sistema - logger_config - INFO - Sistema de logging inicializado
2025-12-16 09:38:49,598 - sistema - logger_config - INFO - Sistema de logging inicializado
2025-12-16 10:33:47,902 - sistema - logger_config - INFO - Sistema de logging inicializado
2025-12-16 10:41:41,104 - sistema - logger_config - INFO - Sistema de logging inicializado
2025-12-16 18:14:15,146 - sistema - logger_config - INFO - Sistema de logging inicializado
2025-12-16 18:14:15,147 - sistema_relatorios - logger_config - INFO - Usuário alterado para: sistema_relatorios
2025-12-16 18:14:15,148 - sistema_relatorios - relatorios_interface - INFO - Sistema de relatórios inicializando usando logger configurado
2025-12-16 18:14:15,150 - sistema_relatorios - relatorios_interface - INFO - Configurações de janela importadas com sucesso
2025-12-16 18:14:15,150 - sistema_relatorios - relatorios_interface - INFO - === Sistema de Relatórios Inicializando ===
2025-12-16 18:30:57,754 - sistema - logger_config - INFO - Sistema de logging inicializado
2025-12-16 18:30:57,755 - sistema_relatorios - logger_config - INFO - Usuário alterado para: sistema_relatorios
2025-12-16 18:30:57,756 - sistema_relatorios - relatorios_interface - INFO - Sistema de relatórios inicializando usando logger configurado
2025-12-16 18:30:57,757 - sistema_relatorios - relatorios_interface - INFO - Configurações de janela importadas com sucesso
2025-12-16 18:30:57,757 - sistema_relatorios - relatorios_interface - INFO - === Sistema de Relatórios Inicializando ===
2025-12-16 18:31:04,877 - sistema_relatorios - logger_config - INFO - Iniciando: Carregar configurações
2025-12-16 18:31:04,907 - sistema_relatorios - logger_config - INFO - Concluído: Carregar configurações
2025-12-16 18:31:05,079 - sistema_relatorios - logger_config - INFO - Iniciando: Carregar configurações
2025-12-16 18:31:05,080 - sistema_relatorios - logger_config - INFO - Concluído: Carregar configurações
2025-12-16 18:31:05,082 - sistema_relatorios - logger_config - INFO - Iniciando: Carregar configurações
2025-12-16 18:31:05,082 - sistema_relatorios - logger_config - INFO - Concluído: Carregar configurações
2025-12-16 18:31:33,390 - sistema_relatorios - logger_config - INFO - Iniciando: Carregar configurações
2025-12-16 18:31:33,391 - sistema_relatorios - logger_config - INFO - Concluído: Carregar configurações
2025-12-16 18:51:54,460 - sistema - logger_config - INFO - Sistema de logging inicializado
2025-12-16 18:51:54,502 - sistema_relatorios - logger_config - INFO - Usuário alterado para: sistema_relatorios
2025-12-16 18:51:54,550 - sistema_relatorios - relatorios_interface - INFO - Sistema de relatórios inicializando usando logger configurado
2025-12-16 18:51:54,590 - sistema_relatorios - relatorios_interface - INFO - Configurações de janela importadas com sucesso
2025-12-16 18:51:54,644 - sistema_relatorios - relatorios_interface - INFO - === Sistema de Relatórios Inicializando ===
2025-12-16 18:52:09,820 - sistema_relatorios - logger_config - INFO - Iniciando: Carregar configurações
2025-12-16 18:52:09,826 - sistema_relatorios - logger_config - INFO - Concluído: Carregar configurações
2025-12-16 18:52:09,999 - sistema_relatorios - logger_config - INFO - Iniciando: Carregar configurações
2025-12-16 18:52:10,000 - sistema_relatorios - logger_config - INFO - Concluído: Carregar configurações
2025-12-16 18:52:10,002 - sistema_relatorios - logger_config - INFO - Iniciando: Carregar configurações
2025-12-16 18:52:10,003 - sistema_relatorios - logger_config - INFO - Concluído: Carregar configurações
