2025-09-20 10:58:15,108 - sistema - logger_config - INFO - Sistema de logging inicializado
2025-09-20 10:58:18,704 - sistema - logger_config - INFO - Iniciando: Carregar configurações
2025-09-20 10:58:18,821 - sistema - logger_config - INFO - Concluído: Carregar configurações
2025-09-20 10:58:18,823 - sistema - logger_config - INFO - Iniciando: Carregar configurações
2025-09-20 10:58:18,827 - sistema - logger_config - INFO - Concluído: Carregar configurações
2025-09-20 11:08:53,876 - sistema - logger_config - INFO - Iniciando: Carregar configurações
2025-09-20 11:08:53,876 - sistema - logger_config - INFO - Concluído: Carregar configurações
2025-09-20 11:34:43,448 - sistema - logger_config - INFO - Sistema de logging inicializado
2025-09-20 11:34:45,146 - sistema - logger_config - INFO - Iniciando: Carregar configurações
2025-09-20 11:34:45,165 - sistema - logger_config - INFO - Concluído: Carregar configurações
2025-09-20 11:34:45,168 - sistema - logger_config - INFO - Iniciando: Carregar configurações
2025-09-20 11:34:45,169 - sistema - logger_config - INFO - Concluído: Carregar configurações
2025-09-20 11:35:05,038 - sistema - logger_config - INFO - Iniciando: Carregar configurações
2025-09-20 11:35:05,038 - sistema - logger_config - INFO - Concluído: Carregar configurações
2025-09-20 11:42:37,258 - sistema - logger_config - INFO - Sistema de logging inicializado
2025-09-20 11:42:39,095 - sistema - logger_config - INFO - Iniciando: Carregar configurações
2025-09-20 11:42:39,095 - sistema - logger_config - INFO - Concluído: Carregar configurações
2025-09-20 11:42:39,095 - sistema - logger_config - INFO - Iniciando: Carregar configurações
2025-09-20 11:42:39,095 - sistema - logger_config - INFO - Concluído: Carregar configurações
2025-09-20 11:42:52,621 - sistema - logger_config - INFO - Iniciando: Carregar configurações
2025-09-20 11:42:52,621 - sistema - logger_config - INFO - Concluído: Carregar configurações
2025-09-20 11:44:38,802 - sistema - Sistema_Entrada_Dados - INFO - Iniciando adição de dados - Cliente: BRUNO SANTANA RINALDI
2025-09-20 11:44:38,803 - sistema - Sistema_Entrada_Dados - INFO - Dados adicionados com sucesso - Cliente: BRUNO SANTANA RINALDI, Total: 1
2025-09-20 11:44:38,805 - sistema - Sistema_Entrada_Dados - INFO - Iniciando adição de dados - Cliente: BRUNO SANTANA RINALDI
2025-09-20 11:44:38,806 - sistema - Sistema_Entrada_Dados - INFO - Dados adicionados com sucesso - Cliente: BRUNO SANTANA RINALDI, Total: 2
2025-09-20 11:45:17,472 - sistema - Sistema_Entrada_Dados - INFO - Iniciando envio de dados - Cliente: BRUNO SANTANA RINALDI, Registros: 2
2025-09-20 11:45:17,472 - sistema - Sistema_Entrada_Dados - INFO - Obtendo dados do visualizador
2025-09-20 11:45:17,472 - sistema - Sistema_Entrada_Dados - INFO - Total de registros a processar: 2
2025-09-20 11:45:17,472 - sistema - Sistema_Entrada_Dados - INFO - Datas que serão afetadas pela inserção: ['05/10/2025', '05/11/2025']
2025-09-20 11:45:17,472 - sistema - Sistema_Entrada_Dados - INFO - Salvando em: C:\Users\Obras\sistema_gestao_testes\testes\Financeiro\Clientes\BRUNO SANTANA RINALDI.xlsx
2025-09-20 11:45:17,472 - sistema - Sistema_Entrada_Dados - INFO - Verificando integridade dos IDs antes da inserção
2025-09-20 11:45:18,597 - sistema - Sistema_Entrada_Dados - ERROR - 🔍 MÉTODO DE VERIFICAÇÃO FOI CHAMADO!
2025-09-20 11:45:18,597 - sistema - Sistema_Entrada_Dados - INFO - === INICIANDO VERIFICAÇÃO DE DUPLICIDADE ===
2025-09-20 11:45:18,597 - sistema - Sistema_Entrada_Dados - INFO - Dados novos: INTENSE STONE MARMORES LTDA | REVESTIMENTO - 1ª PARCELA | R$ 10000.00 | 10/10/2025
2025-09-20 11:45:18,613 - sistema - Sistema_Entrada_Dados - ERROR - 🚨 DUPLICATA SUSPEITA DETECTADA (Critério: CNPJ+Valor+Data)!
2025-09-20 11:45:18,613 - sistema - Sistema_Entrada_Dados - ERROR -    CNPJ: 24508478000195
2025-09-20 11:45:18,613 - sistema - Sistema_Entrada_Dados - ERROR -    Nome: INTENSE STONE MARMORES LTDA
2025-09-20 11:45:18,630 - sistema - Sistema_Entrada_Dados - ERROR -    Valor: R$ 10000.00
2025-09-20 11:45:18,633 - sistema - Sistema_Entrada_Dados - ERROR -    Vencimento: 10/10/2025
2025-09-20 11:45:18,634 - sistema - Sistema_Entrada_Dados - ERROR -    Referência nova: 'REVESTIMENTO - 1ª PARCELA'
2025-09-20 11:45:18,634 - sistema - Sistema_Entrada_Dados - ERROR -    Referência existente: 'REVESTIMENTO - TRAVERTINO - 1ª PARCELA'
2025-09-20 11:45:18,635 - sistema - Sistema_Entrada_Dados - ERROR -    Linha existente: 261
2025-09-20 11:45:18,636 - sistema - Sistema_Entrada_Dados - WARNING - Duplicata detectada: INTENSE STONE MARMORES LTDA - REVESTIMENTO - 1ª PARCELA - R$ 10000.00
2025-09-20 11:45:18,638 - sistema - Sistema_Entrada_Dados - ERROR - 🔍 MÉTODO DE VERIFICAÇÃO FOI CHAMADO!
2025-09-20 11:45:18,638 - sistema - Sistema_Entrada_Dados - INFO - === INICIANDO VERIFICAÇÃO DE DUPLICIDADE ===
2025-09-20 11:45:18,639 - sistema - Sistema_Entrada_Dados - INFO - Dados novos: INTENSE STONE MARMORES LTDA | REVESTIMENTO - 2ª PARCELA - CONDICIONADA: DEPENDE DO EMPREITEIRO | R$ 15000.00 | 10/11/2025
2025-09-20 11:45:18,653 - sistema - Sistema_Entrada_Dados - ERROR - 🚨 DUPLICATA PROVÁVEL DETECTADA (Critério: Fornecedor+Valor+Data+Referência Similar)!
2025-09-20 11:45:18,654 - sistema - Sistema_Entrada_Dados - ERROR -    Nome: INTENSE STONE MARMORES LTDA
2025-09-20 11:45:18,655 - sistema - Sistema_Entrada_Dados - ERROR -    Referência nova: 'REVESTIMENTO - 2ª PARCELA - CONDICIONADA: DEPENDE DO EMPREITEIRO'
2025-09-20 11:45:18,655 - sistema - Sistema_Entrada_Dados - ERROR -    Referência existente: 'REVESTIMENTO - TRAVERTINO - 2ª PARCELA - CONDICIONADA À ENTREGA'
2025-09-20 11:45:18,656 - sistema - Sistema_Entrada_Dados - ERROR -    Similaridade: 98.44%
2025-09-20 11:45:18,657 - sistema - Sistema_Entrada_Dados - ERROR -    Valor: R$ 15000.00
2025-09-20 11:45:18,657 - sistema - Sistema_Entrada_Dados - ERROR -    Vencimento: 10/11/2025
2025-09-20 11:45:18,659 - sistema - Sistema_Entrada_Dados - ERROR -    Linha existente: 262
2025-09-20 11:45:18,663 - sistema - Sistema_Entrada_Dados - WARNING - Duplicata detectada: INTENSE STONE MARMORES LTDA - REVESTIMENTO - 2ª PARCELA - CONDICIONADA: DEPENDE DO EMPREITEIRO - R$ 15000.00
2025-09-20 11:45:18,665 - sistema - Sistema_Entrada_Dados - WARNING - Detectados 2 possíveis lançamentos duplicados
2025-09-20 11:45:36,410 - sistema - Sistema_Entrada_Dados - INFO - Usuário optou por continuar. Processando 0 lançamentos únicos
2025-09-20 13:09:55,636 - sistema - logger_config - INFO - Sistema de logging inicializado
2025-09-20 13:09:57,675 - sistema - logger_config - INFO - Iniciando: Carregar configurações
2025-09-20 13:09:57,698 - sistema - logger_config - INFO - Concluído: Carregar configurações
2025-09-20 13:09:57,702 - sistema - logger_config - INFO - Iniciando: Carregar configurações
2025-09-20 13:09:57,703 - sistema - logger_config - INFO - Concluído: Carregar configurações
2025-09-20 13:16:28,762 - sistema - logger_config - INFO - Sistema de logging inicializado
2025-09-20 13:16:30,321 - sistema - logger_config - INFO - Iniciando: Carregar configurações
2025-09-20 13:16:30,321 - sistema - logger_config - INFO - Concluído: Carregar configurações
2025-09-20 13:16:30,321 - sistema - logger_config - INFO - Iniciando: Carregar configurações
2025-09-20 13:16:30,321 - sistema - logger_config - INFO - Concluído: Carregar configurações
2025-09-20 13:19:36,077 - sistema - logger_config - INFO - Sistema de logging inicializado
2025-09-20 13:21:42,403 - sistema - logger_config - INFO - Sistema de logging inicializado
2025-09-20 13:21:43,999 - sistema - logger_config - INFO - Iniciando: Carregar configurações
2025-09-20 13:21:44,001 - sistema - logger_config - INFO - Concluído: Carregar configurações
2025-09-20 13:21:44,005 - sistema - logger_config - INFO - Iniciando: Carregar configurações
2025-09-20 13:21:44,006 - sistema - logger_config - INFO - Concluído: Carregar configurações
2025-09-20 14:06:30,871 - sistema - logger_config - INFO - Sistema de logging inicializado
2025-09-20 14:06:30,903 - sistema - logger_config - INFO - Iniciando: Carregar configurações
2025-09-20 14:06:30,975 - sistema - logger_config - INFO - Concluído: Carregar configurações
2025-09-20 14:53:08,109 - sistema - logger_config - INFO - Sistema de logging inicializado
2025-09-20 14:53:08,136 - sistema - logger_config - INFO - Iniciando: Carregar configurações
2025-09-20 14:53:08,171 - sistema - logger_config - INFO - Concluído: Carregar configurações
2025-09-20 15:30:14,651 - sistema - logger_config - INFO - Sistema de logging inicializado
2025-09-20 15:30:14,681 - sistema - logger_config - INFO - Iniciando: Carregar configurações
2025-09-20 15:30:14,755 - sistema - logger_config - INFO - Concluído: Carregar configurações
2025-09-20 15:32:16,720 - sistema - logger_config - INFO - Iniciando: Carregar configurações
2025-09-20 15:32:16,723 - sistema - logger_config - INFO - Concluído: Carregar configurações
2025-09-20 15:32:16,725 - sistema - logger_config - INFO - Iniciando: Carregar configurações
2025-09-20 15:32:16,726 - sistema - logger_config - INFO - Concluído: Carregar configurações
2025-09-20 15:42:28,650 - sistema - logger_config - INFO - Sistema de logging inicializado
2025-09-20 15:42:31,480 - sistema - logger_config - INFO - Iniciando: Carregar configurações
2025-09-20 15:42:31,549 - sistema - logger_config - INFO - Concluído: Carregar configurações
2025-09-20 15:42:31,549 - sistema - logger_config - INFO - Iniciando: Carregar configurações
2025-09-20 15:42:31,549 - sistema - logger_config - INFO - Concluído: Carregar configurações
2025-09-20 16:09:22,810 - sistema - logger_config - INFO - Sistema de logging inicializado
2025-09-20 16:09:25,061 - sistema - logger_config - INFO - Iniciando: Carregar configurações
2025-09-20 16:09:25,061 - sistema - logger_config - INFO - Concluído: Carregar configurações
2025-09-20 16:09:25,061 - sistema - logger_config - INFO - Iniciando: Carregar configurações
2025-09-20 16:09:25,061 - sistema - logger_config - INFO - Concluído: Carregar configurações
2025-09-20 17:28:42,306 - sistema - logger_config - INFO - Sistema de logging inicializado
2025-09-20 17:28:44,843 - sistema - logger_config - INFO - Iniciando: Carregar configurações
2025-09-20 17:28:44,843 - sistema - logger_config - INFO - Concluído: Carregar configurações
2025-09-20 17:28:44,862 - sistema - logger_config - INFO - Iniciando: Carregar configurações
2025-09-20 17:28:44,868 - sistema - logger_config - INFO - Concluído: Carregar configurações
2025-09-20 17:28:51,698 - sistema - logger_config - INFO - Iniciando: Carregar configurações
2025-09-20 17:28:51,699 - sistema - logger_config - INFO - Concluído: Carregar configurações
2025-09-20 17:30:12,698 - sistema - logger_config - INFO - Iniciando: Carregar configurações
2025-09-20 17:30:12,698 - sistema - logger_config - INFO - Concluído: Carregar configurações
2025-09-20 17:30:17,694 - sistema - logger_config - INFO - Iniciando: Carregar configurações
2025-09-20 17:30:17,695 - sistema - logger_config - INFO - Concluído: Carregar configurações
2025-09-20 17:30:35,015 - sistema - logger_config - INFO - Iniciando: Carregar configurações
2025-09-20 17:30:35,015 - sistema - logger_config - INFO - Concluído: Carregar configurações
2025-09-20 18:14:08,484 - sistema - logger_config - INFO - Sistema de logging inicializado
2025-09-20 18:14:11,000 - sistema - logger_config - INFO - Iniciando: Carregar configurações
2025-09-20 18:14:11,000 - sistema - logger_config - INFO - Concluído: Carregar configurações
2025-09-20 18:14:11,000 - sistema - logger_config - INFO - Iniciando: Carregar configurações
2025-09-20 18:14:11,000 - sistema - logger_config - INFO - Concluído: Carregar configurações
2025-09-20 18:14:18,429 - sistema - logger_config - INFO - Iniciando: Carregar configurações
2025-09-20 18:14:18,429 - sistema - logger_config - INFO - Concluído: Carregar configurações
2025-09-20 18:14:32,120 - sistema - logger_config - INFO - Iniciando: Carregar configurações
2025-09-20 18:14:32,120 - sistema - logger_config - INFO - Concluído: Carregar configurações
2025-09-20 18:19:34,433 - sistema - logger_config - INFO - Sistema de logging inicializado
2025-09-20 18:19:36,718 - sistema - logger_config - INFO - Iniciando: Carregar configurações
2025-09-20 18:19:36,718 - sistema - logger_config - INFO - Concluído: Carregar configurações
2025-09-20 18:19:36,718 - sistema - logger_config - INFO - Iniciando: Carregar configurações
2025-09-20 18:19:36,718 - sistema - logger_config - INFO - Concluído: Carregar configurações
2025-09-20 18:19:43,465 - sistema - logger_config - INFO - Iniciando: Carregar configurações
2025-09-20 18:19:43,466 - sistema - logger_config - INFO - Concluído: Carregar configurações
2025-09-20 18:19:54,852 - sistema - logger_config - INFO - Iniciando: Carregar configurações
2025-09-20 18:19:54,853 - sistema - logger_config - INFO - Concluído: Carregar configurações
2025-09-20 18:31:44,874 - sistema - logger_config - INFO - Sistema de logging inicializado
2025-09-20 18:31:46,999 - sistema - logger_config - INFO - Iniciando: Carregar configurações
2025-09-20 18:31:47,002 - sistema - logger_config - INFO - Concluído: Carregar configurações
2025-09-20 18:31:47,005 - sistema - logger_config - INFO - Iniciando: Carregar configurações
2025-09-20 18:31:47,006 - sistema - logger_config - INFO - Concluído: Carregar configurações
2025-09-20 18:31:55,908 - sistema - logger_config - INFO - Iniciando: Carregar configurações
2025-09-20 18:31:55,909 - sistema - logger_config - INFO - Concluído: Carregar configurações
2025-09-20 18:42:45,579 - sistema - logger_config - INFO - Sistema de logging inicializado
2025-09-20 18:42:47,815 - sistema - logger_config - INFO - Iniciando: Carregar configurações
2025-09-20 18:42:47,815 - sistema - logger_config - INFO - Concluído: Carregar configurações
2025-09-20 18:42:47,815 - sistema - logger_config - INFO - Iniciando: Carregar configurações
2025-09-20 18:42:47,815 - sistema - logger_config - INFO - Concluído: Carregar configurações
2025-09-20 18:42:57,557 - sistema - logger_config - INFO - Iniciando: Carregar configurações
2025-09-20 18:42:57,558 - sistema - logger_config - INFO - Concluído: Carregar configurações
2025-09-20 18:43:09,032 - sistema - logger_config - INFO - Iniciando: Carregar configurações
2025-09-20 18:43:09,033 - sistema - logger_config - INFO - Concluído: Carregar configurações
2025-09-20 18:47:44,052 - sistema - logger_config - INFO - Sistema de logging inicializado
2025-09-20 18:47:45,566 - sistema - logger_config - INFO - Iniciando: Carregar configurações
2025-09-20 18:47:45,566 - sistema - logger_config - INFO - Concluído: Carregar configurações
2025-09-20 18:47:45,566 - sistema - logger_config - INFO - Iniciando: Carregar configurações
2025-09-20 18:47:45,566 - sistema - logger_config - INFO - Concluído: Carregar configurações
2025-09-20 18:47:53,457 - sistema - logger_config - INFO - Iniciando: Carregar configurações
2025-09-20 18:47:53,458 - sistema - logger_config - INFO - Concluído: Carregar configurações
2025-09-20 18:55:05,679 - sistema - logger_config - INFO - Sistema de logging inicializado
2025-09-20 18:55:08,073 - sistema - logger_config - INFO - Iniciando: Carregar configurações
2025-09-20 18:55:08,073 - sistema - logger_config - INFO - Concluído: Carregar configurações
2025-09-20 18:55:08,073 - sistema - logger_config - INFO - Iniciando: Carregar configurações
2025-09-20 18:55:08,073 - sistema - logger_config - INFO - Concluído: Carregar configurações
2025-09-20 18:55:15,677 - sistema - logger_config - INFO - Iniciando: Carregar configurações
2025-09-20 18:55:15,678 - sistema - logger_config - INFO - Concluído: Carregar configurações
2025-09-20 18:55:38,833 - sistema - Sistema_Entrada_Dados - INFO - Iniciando adição de dados - Cliente: BRUNO SANTANA RINALDI
2025-09-20 18:55:46,796 - sistema - Sistema_Entrada_Dados - WARNING - Falha na validação dos campos
2025-09-20 19:00:36,433 - sistema - logger_config - INFO - Sistema de logging inicializado
2025-09-20 19:00:38,336 - sistema - logger_config - INFO - Iniciando: Carregar configurações
2025-09-20 19:00:38,336 - sistema - logger_config - INFO - Concluído: Carregar configurações
2025-09-20 19:00:38,336 - sistema - logger_config - INFO - Iniciando: Carregar configurações
2025-09-20 19:00:38,352 - sistema - logger_config - INFO - Concluído: Carregar configurações
2025-09-20 19:00:44,531 - sistema - logger_config - INFO - Iniciando: Carregar configurações
2025-09-20 19:00:44,532 - sistema - logger_config - INFO - Concluído: Carregar configurações
2025-09-20 19:01:15,832 - sistema - Sistema_Entrada_Dados - INFO - Iniciando adição de dados - Cliente: BRUNO SANTANA RINALDI
2025-09-20 19:01:23,401 - sistema - Sistema_Entrada_Dados - WARNING - Falha na validação dos campos
2025-09-20 19:04:10,706 - sistema - logger_config - INFO - Sistema de logging inicializado
2025-09-20 19:04:12,984 - sistema - logger_config - INFO - Iniciando: Carregar configurações
2025-09-20 19:04:12,987 - sistema - logger_config - INFO - Concluído: Carregar configurações
2025-09-20 19:04:12,991 - sistema - logger_config - INFO - Iniciando: Carregar configurações
2025-09-20 19:04:12,992 - sistema - logger_config - INFO - Concluído: Carregar configurações
2025-09-20 19:04:20,330 - sistema - logger_config - INFO - Iniciando: Carregar configurações
2025-09-20 19:04:20,331 - sistema - logger_config - INFO - Concluído: Carregar configurações
2025-09-20 19:04:50,107 - sistema - Sistema_Entrada_Dados - INFO - Iniciando adição de dados - Cliente: BRUNO SANTANA RINALDI
2025-09-20 19:05:04,041 - sistema - Sistema_Entrada_Dados - WARNING - Falha na validação dos campos
2025-09-20 19:06:37,836 - sistema - logger_config - INFO - Sistema de logging inicializado
2025-09-20 19:06:39,858 - sistema - logger_config - INFO - Iniciando: Carregar configurações
2025-09-20 19:06:39,858 - sistema - logger_config - INFO - Concluído: Carregar configurações
2025-09-20 19:06:39,858 - sistema - logger_config - INFO - Iniciando: Carregar configurações
2025-09-20 19:06:39,858 - sistema - logger_config - INFO - Concluído: Carregar configurações
2025-09-20 19:06:47,399 - sistema - logger_config - INFO - Iniciando: Carregar configurações
2025-09-20 19:06:47,399 - sistema - logger_config - INFO - Concluído: Carregar configurações
2025-09-20 19:07:16,918 - sistema - Sistema_Entrada_Dados - INFO - Iniciando adição de dados - Cliente: BRUNO SANTANA RINALDI
2025-09-20 19:07:33,203 - sistema - Sistema_Entrada_Dados - WARNING - Falha na validação dos campos
2025-09-20 19:08:54,181 - sistema - Sistema_Entrada_Dados - INFO - Iniciando adição de dados - Cliente: BRUNO SANTANA RINALDI
2025-09-20 19:09:31,397 - sistema - Sistema_Entrada_Dados - WARNING - Falha na validação dos campos
