2026-01-06 18:17:31,611 - sistema - logger_config - INFO - Sistema de logging inicializado
2026-01-06 18:17:31,613 - sistema_relatorios - logger_config - INFO - Usuário alterado para: sistema_relatorios
2026-01-06 18:17:31,613 - sistema_relatorios - relatorios_interface - INFO - Sistema de relatórios inicializando usando logger configurado
2026-01-06 18:17:31,614 - sistema_relatorios - relatorios_interface - INFO - Configurações de janela importadas com sucesso
2026-01-06 18:17:31,615 - sistema_relatorios - relatorios_interface - INFO - === Sistema de Relatórios Inicializando ===
2026-01-06 18:17:40,324 - sistema_relatorios - logger_config - INFO - Iniciando: Carregar configurações
2026-01-06 18:17:40,344 - sistema_relatorios - logger_config - INFO - Concluído: Carregar configurações
2026-01-06 18:17:40,531 - sistema_relatorios - logger_config - INFO - Iniciando: Carregar configurações
2026-01-06 18:17:40,532 - sistema_relatorios - logger_config - INFO - Concluído: Carregar configurações
2026-01-06 18:17:40,534 - sistema_relatorios - logger_config - INFO - Iniciando: Carregar configurações
2026-01-06 18:17:40,534 - sistema_relatorios - logger_config - INFO - Concluído: Carregar configurações
2026-01-06 18:26:22,871 - sistema - logger_config - INFO - Sistema de logging inicializado
2026-01-06 18:26:22,872 - sistema_relatorios - logger_config - INFO - Usuário alterado para: sistema_relatorios
2026-01-06 18:26:22,873 - sistema_relatorios - relatorios_interface - INFO - Sistema de relatórios inicializando usando logger configurado
2026-01-06 18:26:22,874 - sistema_relatorios - relatorios_interface - INFO - Configurações de janela importadas com sucesso
2026-01-06 18:26:22,875 - sistema_relatorios - relatorios_interface - INFO - === Sistema de Relatórios Inicializando ===
2026-01-06 18:26:30,005 - sistema_relatorios - logger_config - INFO - Iniciando: Carregar configurações
2026-01-06 18:26:30,008 - sistema_relatorios - logger_config - INFO - Concluído: Carregar configurações
2026-01-06 18:26:30,178 - sistema_relatorios - logger_config - INFO - Iniciando: Carregar configurações
2026-01-06 18:26:30,179 - sistema_relatorios - logger_config - INFO - Concluído: Carregar configurações
2026-01-06 18:26:30,181 - sistema_relatorios - logger_config - INFO - Iniciando: Carregar configurações
2026-01-06 18:26:30,182 - sistema_relatorios - logger_config - INFO - Concluído: Carregar configurações
2026-01-06 18:32:06,021 - sistema - logger_config - INFO - Sistema de logging inicializado
2026-01-06 18:32:06,022 - sistema_relatorios - logger_config - INFO - Usuário alterado para: sistema_relatorios
2026-01-06 18:32:06,023 - sistema_relatorios - relatorios_interface - INFO - Sistema de relatórios inicializando usando logger configurado
2026-01-06 18:32:06,024 - sistema_relatorios - relatorios_interface - INFO - Configurações de janela importadas com sucesso
2026-01-06 18:32:06,024 - sistema_relatorios - relatorios_interface - INFO - === Sistema de Relatórios Inicializando ===
2026-01-06 18:32:13,189 - sistema_relatorios - logger_config - INFO - Iniciando: Carregar configurações
2026-01-06 18:32:13,192 - sistema_relatorios - logger_config - INFO - Concluído: Carregar configurações
2026-01-06 18:32:13,373 - sistema_relatorios - logger_config - INFO - Iniciando: Carregar configurações
2026-01-06 18:32:13,374 - sistema_relatorios - logger_config - INFO - Concluído: Carregar configurações
2026-01-06 18:32:13,375 - sistema_relatorios - logger_config - INFO - Iniciando: Carregar configurações
2026-01-06 18:32:13,376 - sistema_relatorios - logger_config - INFO - Concluído: Carregar configurações
2026-01-06 18:37:24,539 - sistema - logger_config - INFO - Sistema de logging inicializado
2026-01-06 18:37:24,541 - sistema_relatorios - logger_config - INFO - Usuário alterado para: sistema_relatorios
2026-01-06 18:37:24,541 - sistema_relatorios - relatorios_interface - INFO - Sistema de relatórios inicializando usando logger configurado
2026-01-06 18:37:24,542 - sistema_relatorios - relatorios_interface - INFO - Configurações de janela importadas com sucesso
2026-01-06 18:37:24,543 - sistema_relatorios - relatorios_interface - INFO - === Sistema de Relatórios Inicializando ===
2026-01-06 18:37:31,953 - sistema_relatorios - logger_config - INFO - Iniciando: Carregar configurações
2026-01-06 18:37:31,956 - sistema_relatorios - logger_config - INFO - Concluído: Carregar configurações
2026-01-06 18:37:32,129 - sistema_relatorios - logger_config - INFO - Iniciando: Carregar configurações
2026-01-06 18:37:32,130 - sistema_relatorios - logger_config - INFO - Concluído: Carregar configurações
2026-01-06 18:37:32,133 - sistema_relatorios - logger_config - INFO - Iniciando: Carregar configurações
2026-01-06 18:37:32,134 - sistema_relatorios - logger_config - INFO - Concluído: Carregar configurações
2026-01-06 18:53:13,259 - sistema - logger_config - INFO - Sistema de logging inicializado
2026-01-06 18:53:13,260 - sistema_relatorios - logger_config - INFO - Usuário alterado para: sistema_relatorios
2026-01-06 18:53:13,261 - sistema_relatorios - relatorios_interface - INFO - Sistema de relatórios inicializando usando logger configurado
2026-01-06 18:53:13,262 - sistema_relatorios - relatorios_interface - INFO - Configurações de janela importadas com sucesso
2026-01-06 18:53:13,262 - sistema_relatorios - relatorios_interface - INFO - === Sistema de Relatórios Inicializando ===
2026-01-06 18:53:20,885 - sistema_relatorios - logger_config - INFO - Iniciando: Carregar configurações
2026-01-06 18:53:20,888 - sistema_relatorios - logger_config - INFO - Concluído: Carregar configurações
2026-01-06 18:53:21,075 - sistema_relatorios - logger_config - INFO - Iniciando: Carregar configurações
2026-01-06 18:53:21,076 - sistema_relatorios - logger_config - INFO - Concluído: Carregar configurações
2026-01-06 18:53:21,078 - sistema_relatorios - logger_config - INFO - Iniciando: Carregar configurações
2026-01-06 18:53:21,079 - sistema_relatorios - logger_config - INFO - Concluído: Carregar configurações
2026-01-06 18:59:42,218 - sistema - logger_config - INFO - Sistema de logging inicializado
2026-01-06 18:59:42,219 - sistema_relatorios - logger_config - INFO - Usuário alterado para: sistema_relatorios
2026-01-06 18:59:42,220 - sistema_relatorios - relatorios_interface - INFO - Sistema de relatórios inicializando usando logger configurado
2026-01-06 18:59:42,221 - sistema_relatorios - relatorios_interface - INFO - Configurações de janela importadas com sucesso
2026-01-06 18:59:42,222 - sistema_relatorios - relatorios_interface - INFO - === Sistema de Relatórios Inicializando ===
2026-01-06 18:59:43,832 - sistema_relatorios - logger_config - INFO - Iniciando: Carregar configurações
2026-01-06 18:59:43,835 - sistema_relatorios - logger_config - INFO - Concluído: Carregar configurações
2026-01-06 18:59:44,125 - sistema_relatorios - logger_config - INFO - Iniciando: Carregar configurações
2026-01-06 18:59:44,130 - sistema_relatorios - logger_config - INFO - Concluído: Carregar configurações
2026-01-06 18:59:44,135 - sistema_relatorios - logger_config - INFO - Iniciando: Carregar configurações
2026-01-06 18:59:44,136 - sistema_relatorios - logger_config - INFO - Concluído: Carregar configurações
2026-01-06 19:03:39,131 - sistema - logger_config - INFO - Sistema de logging inicializado
2026-01-06 19:03:39,133 - sistema_relatorios - logger_config - INFO - Usuário alterado para: sistema_relatorios
2026-01-06 19:03:39,134 - sistema_relatorios - relatorios_interface - INFO - Sistema de relatórios inicializando usando logger configurado
2026-01-06 19:03:39,135 - sistema_relatorios - relatorios_interface - INFO - Configurações de janela importadas com sucesso
2026-01-06 19:03:39,136 - sistema_relatorios - relatorios_interface - INFO - === Sistema de Relatórios Inicializando ===
2026-01-06 19:03:46,623 - sistema_relatorios - logger_config - INFO - Iniciando: Carregar configurações
2026-01-06 19:03:46,626 - sistema_relatorios - logger_config - INFO - Concluído: Carregar configurações
2026-01-06 19:03:46,805 - sistema_relatorios - logger_config - INFO - Iniciando: Carregar configurações
2026-01-06 19:03:46,806 - sistema_relatorios - logger_config - INFO - Concluído: Carregar configurações
2026-01-06 19:03:46,808 - sistema_relatorios - logger_config - INFO - Iniciando: Carregar configurações
2026-01-06 19:03:46,809 - sistema_relatorios - logger_config - INFO - Concluído: Carregar configurações
2026-01-06 19:06:57,789 - sistema - logger_config - INFO - Sistema de logging inicializado
2026-01-06 19:06:57,790 - sistema_relatorios - logger_config - INFO - Usuário alterado para: sistema_relatorios
2026-01-06 19:06:57,791 - sistema_relatorios - relatorios_interface - INFO - Sistema de relatórios inicializando usando logger configurado
2026-01-06 19:06:57,792 - sistema_relatorios - relatorios_interface - INFO - Configurações de janela importadas com sucesso
2026-01-06 19:06:57,792 - sistema_relatorios - relatorios_interface - INFO - === Sistema de Relatórios Inicializando ===
2026-01-06 19:07:05,137 - sistema_relatorios - logger_config - INFO - Iniciando: Carregar configurações
2026-01-06 19:07:05,139 - sistema_relatorios - logger_config - INFO - Concluído: Carregar configurações
2026-01-06 19:07:05,321 - sistema_relatorios - logger_config - INFO - Iniciando: Carregar configurações
2026-01-06 19:07:05,321 - sistema_relatorios - logger_config - INFO - Concluído: Carregar configurações
2026-01-06 19:07:05,323 - sistema_relatorios - logger_config - INFO - Iniciando: Carregar configurações
2026-01-06 19:07:05,324 - sistema_relatorios - logger_config - INFO - Concluído: Carregar configurações
2026-01-06 19:22:55,846 - sistema - logger_config - INFO - Sistema de logging inicializado
2026-01-06 19:22:55,848 - sistema_relatorios - logger_config - INFO - Usuário alterado para: sistema_relatorios
2026-01-06 19:22:55,849 - sistema_relatorios - relatorios_interface - INFO - Sistema de relatórios inicializando usando logger configurado
2026-01-06 19:22:55,849 - sistema_relatorios - relatorios_interface - INFO - Configurações de janela importadas com sucesso
2026-01-06 19:22:55,850 - sistema_relatorios - relatorios_interface - INFO - === Sistema de Relatórios Inicializando ===
2026-01-06 19:23:03,425 - sistema_relatorios - logger_config - INFO - Iniciando: Carregar configurações
2026-01-06 19:23:03,427 - sistema_relatorios - logger_config - INFO - Concluído: Carregar configurações
2026-01-06 19:23:03,602 - sistema_relatorios - logger_config - INFO - Iniciando: Carregar configurações
2026-01-06 19:23:03,604 - sistema_relatorios - logger_config - INFO - Concluído: Carregar configurações
2026-01-06 19:23:03,606 - sistema_relatorios - logger_config - INFO - Iniciando: Carregar configurações
2026-01-06 19:23:03,607 - sistema_relatorios - logger_config - INFO - Concluído: Carregar configurações
2026-01-06 19:29:39,873 - sistema - logger_config - INFO - Sistema de logging inicializado
2026-01-06 19:29:39,876 - sistema_relatorios - logger_config - INFO - Usuário alterado para: sistema_relatorios
2026-01-06 19:29:39,877 - sistema_relatorios - relatorios_interface - INFO - Sistema de relatórios inicializando usando logger configurado
2026-01-06 19:29:39,877 - sistema_relatorios - relatorios_interface - INFO - Configurações de janela importadas com sucesso
2026-01-06 19:29:39,878 - sistema_relatorios - relatorios_interface - INFO - === Sistema de Relatórios Inicializando ===
2026-01-06 19:29:47,459 - sistema_relatorios - logger_config - INFO - Iniciando: Carregar configurações
2026-01-06 19:29:47,464 - sistema_relatorios - logger_config - INFO - Concluído: Carregar configurações
2026-01-06 19:29:47,641 - sistema_relatorios - logger_config - INFO - Iniciando: Carregar configurações
2026-01-06 19:29:47,641 - sistema_relatorios - logger_config - INFO - Concluído: Carregar configurações
2026-01-06 19:29:47,643 - sistema_relatorios - logger_config - INFO - Iniciando: Carregar configurações
2026-01-06 19:29:47,645 - sistema_relatorios - logger_config - INFO - Concluído: Carregar configurações
2026-01-06 19:36:21,096 - sistema - logger_config - INFO - Sistema de logging inicializado
2026-01-06 19:36:21,097 - sistema_relatorios - logger_config - INFO - Usuário alterado para: sistema_relatorios
2026-01-06 19:36:21,098 - sistema_relatorios - relatorios_interface - INFO - Sistema de relatórios inicializando usando logger configurado
2026-01-06 19:36:21,099 - sistema_relatorios - relatorios_interface - INFO - Configurações de janela importadas com sucesso
2026-01-06 19:36:21,099 - sistema_relatorios - relatorios_interface - INFO - === Sistema de Relatórios Inicializando ===
2026-01-06 19:36:28,516 - sistema_relatorios - logger_config - INFO - Iniciando: Carregar configurações
2026-01-06 19:36:28,518 - sistema_relatorios - logger_config - INFO - Concluído: Carregar configurações
2026-01-06 19:36:28,692 - sistema_relatorios - logger_config - INFO - Iniciando: Carregar configurações
2026-01-06 19:36:28,693 - sistema_relatorios - logger_config - INFO - Concluído: Carregar configurações
2026-01-06 19:36:28,696 - sistema_relatorios - logger_config - INFO - Iniciando: Carregar configurações
2026-01-06 19:36:28,697 - sistema_relatorios - logger_config - INFO - Concluído: Carregar configurações
2026-01-06 19:40:19,548 - sistema - logger_config - INFO - Sistema de logging inicializado
2026-01-06 19:40:19,549 - sistema_relatorios - logger_config - INFO - Usuário alterado para: sistema_relatorios
2026-01-06 19:40:19,550 - sistema_relatorios - relatorios_interface - INFO - Sistema de relatórios inicializando usando logger configurado
2026-01-06 19:40:19,551 - sistema_relatorios - relatorios_interface - INFO - Configurações de janela importadas com sucesso
2026-01-06 19:40:19,552 - sistema_relatorios - relatorios_interface - INFO - === Sistema de Relatórios Inicializando ===
2026-01-06 19:40:26,765 - sistema_relatorios - logger_config - INFO - Iniciando: Carregar configurações
2026-01-06 19:40:26,767 - sistema_relatorios - logger_config - INFO - Concluído: Carregar configurações
2026-01-06 19:40:26,946 - sistema_relatorios - logger_config - INFO - Iniciando: Carregar configurações
2026-01-06 19:40:26,947 - sistema_relatorios - logger_config - INFO - Concluído: Carregar configurações
2026-01-06 19:40:26,949 - sistema_relatorios - logger_config - INFO - Iniciando: Carregar configurações
2026-01-06 19:40:26,950 - sistema_relatorios - logger_config - INFO - Concluído: Carregar configurações
2026-01-06 19:44:17,009 - sistema - logger_config - INFO - Sistema de logging inicializado
2026-01-06 19:44:17,010 - sistema_relatorios - logger_config - INFO - Usuário alterado para: sistema_relatorios
2026-01-06 19:44:17,011 - sistema_relatorios - relatorios_interface - INFO - Sistema de relatórios inicializando usando logger configurado
2026-01-06 19:44:17,012 - sistema_relatorios - relatorios_interface - INFO - Configurações de janela importadas com sucesso
2026-01-06 19:44:17,013 - sistema_relatorios - relatorios_interface - INFO - === Sistema de Relatórios Inicializando ===
2026-01-06 19:44:24,438 - sistema_relatorios - logger_config - INFO - Iniciando: Carregar configurações
2026-01-06 19:44:24,441 - sistema_relatorios - logger_config - INFO - Concluído: Carregar configurações
2026-01-06 19:44:24,628 - sistema_relatorios - logger_config - INFO - Iniciando: Carregar configurações
2026-01-06 19:44:24,629 - sistema_relatorios - logger_config - INFO - Concluído: Carregar configurações
2026-01-06 19:44:24,631 - sistema_relatorios - logger_config - INFO - Iniciando: Carregar configurações
2026-01-06 19:44:24,631 - sistema_relatorios - logger_config - INFO - Concluído: Carregar configurações
2026-01-06 19:49:22,530 - sistema - logger_config - INFO - Sistema de logging inicializado
2026-01-06 19:49:22,531 - sistema_relatorios - logger_config - INFO - Usuário alterado para: sistema_relatorios
2026-01-06 19:49:22,532 - sistema_relatorios - relatorios_interface - INFO - Sistema de relatórios inicializando usando logger configurado
2026-01-06 19:49:22,533 - sistema_relatorios - relatorios_interface - INFO - Configurações de janela importadas com sucesso
2026-01-06 19:49:22,533 - sistema_relatorios - relatorios_interface - INFO - === Sistema de Relatórios Inicializando ===
2026-01-06 19:49:29,847 - sistema_relatorios - logger_config - INFO - Iniciando: Carregar configurações
2026-01-06 19:49:29,850 - sistema_relatorios - logger_config - INFO - Concluído: Carregar configurações
2026-01-06 19:49:30,029 - sistema_relatorios - logger_config - INFO - Iniciando: Carregar configurações
2026-01-06 19:49:30,030 - sistema_relatorios - logger_config - INFO - Concluído: Carregar configurações
2026-01-06 19:49:30,032 - sistema_relatorios - logger_config - INFO - Iniciando: Carregar configurações
2026-01-06 19:49:30,033 - sistema_relatorios - logger_config - INFO - Concluído: Carregar configurações
