2025-05-29 15:41:17,262 - sistema - INFO - Configurações importadas com sucesso via src.config
2025-05-29 15:41:17,268 - sistema - INFO - Configurações importadas com sucesso
2025-05-29 15:41:17,269 - sistema - INFO - Configurações do sistema importadas com sucesso
2025-05-29 16:12:00,299 - sistema_gestao - INFO - Logger importado com sucesso em gestao_medicoes.py
2025-05-29 16:12:00,352 - sistema_gestao - INFO - Logger importado com sucesso em gestao_medicoes.py
2025-05-29 16:12:00,371 - sistema - INFO - Configurações importadas com sucesso via src.config
2025-05-29 16:12:00,373 - sistema - INFO - Configurações importadas com sucesso
2025-05-29 16:12:00,373 - sistema - INFO - Configurações do sistema importadas com sucesso
2025-05-29 16:12:00,384 - sistema - INFO - Configurações importadas com sucesso via src.config
2025-05-29 16:12:00,384 - sistema - INFO - Configurações importadas com sucesso
2025-05-29 16:12:00,385 - sistema - INFO - Configurações do sistema importadas com sucesso
2025-05-29 17:21:47,747 - sistema_gestao - INFO - Logger importado com sucesso em gestao_medicoes.py
2025-05-29 17:30:43,647 - sistema_relatorios - INFO - Carregando clientes de: H:\.shortcut-targets-by-id\195uuohIL_ZKum7lhwu-OzJCH_CGAb97G\Relatórios\Financeiro\Planilhas_Base\clientes.xlsx
2025-05-29 17:30:43,805 - sistema_relatorios - INFO - Colunas disponíveis: ['Nome', 'Endereço', 'Data Inicial', 'Observações', 'Data Final']
2025-05-29 17:30:43,805 - sistema_relatorios - INFO - Coluna de status: Data Final
2025-05-29 17:30:43,820 - sistema_relatorios - INFO - Coluna de nome: Nome
2025-05-29 17:30:43,820 - sistema_relatorios - INFO - Total de clientes ativos encontrados: 12
2025-05-29 17:30:43,821 - sistema_relatorios - INFO - Lista de clientes atualizada com 13 clientes
2025-05-29 17:30:43,854 - sistema_relatorios - INFO - Carregando clientes de: H:\.shortcut-targets-by-id\195uuohIL_ZKum7lhwu-OzJCH_CGAb97G\Relatórios\Financeiro\Planilhas_Base\clientes.xlsx
2025-05-29 17:30:43,880 - sistema_relatorios - INFO - Colunas disponíveis: ['Nome', 'Endereço', 'Data Inicial', 'Observações', 'Data Final']
2025-05-29 17:30:43,880 - sistema_relatorios - INFO - Coluna de status: Data Final
2025-05-29 17:30:43,881 - sistema_relatorios - INFO - Coluna de nome: Nome
2025-05-29 17:30:43,882 - sistema_relatorios - INFO - Total de clientes ativos encontrados: 12
2025-05-29 17:30:43,882 - sistema_relatorios - INFO - Lista de clientes carregada com 13 itens
2025-05-29 17:30:46,868 - sistema_gestao - INFO - Logger importado com sucesso em gestao_medicoes.py
2025-05-29 17:30:51,145 - sistema_gestao - INFO - Iniciando: Carregar configurações
2025-05-29 17:30:51,248 - sistema_gestao - INFO - Concluído: Carregar configurações
2025-05-29 17:33:31,958 - sistema - INFO - Saída confirmada, finalizando sistema
2025-05-29 17:33:32,013 - sistema - INFO - Ação concluída: Gerar relatório
