2025-12-03 12:03:46,543 - sistema - logger_config - INFO - Sistema de logging inicializado
2025-12-03 12:03:46,544 - sistema_relatorios - logger_config - INFO - Usuário alterado para: sistema_relatorios
2025-12-03 12:03:46,545 - sistema_relatorios - relatorios_interface - INFO - Sistema de relatórios inicializando usando logger configurado
2025-12-03 12:03:46,545 - sistema_relatorios - relatorios_interface - INFO - Configurações de janela importadas com sucesso
2025-12-03 12:03:46,546 - sistema_relatorios - relatorios_interface - INFO - === Sistema de Relatórios Inicializando ===
2025-12-03 12:04:06,819 - sistema_relatorios - gestao_medicoes - INFO - Logger importado com sucesso em gestao_medicoes.py
2025-12-03 12:04:08,231 - sistema_relatorios - gerador_contrato - INFO - Carregando serviços de: C:\Users\Obras\sistema_gestao_testes\testes\Financeiro\Planilhas_Base\servicos_construcao.json
2025-12-03 12:04:08,233 - sistema_relatorios - gerador_contrato - INFO - Serviços carregados: 10 categorias
2025-12-03 12:04:08,234 - sistema_relatorios - gerador_contrato - INFO - Pasta de contratos verificada: C:\Users\Obras\sistema_gestao_testes\testes\Financeiro\Clientes\Contratos
2025-12-03 12:04:08,258 - sistema_relatorios - gerador_contrato - INFO - Node.js encontrado em: C:\Program Files\nodejs\node.EXE
2025-12-03 12:04:08,258 - sistema_relatorios - gerador_contrato - INFO - GeradorContrato inicializado com sucesso
2025-12-03 12:48:11,528 - sistema - logger_config - INFO - Sistema de logging inicializado
2025-12-03 12:48:11,529 - sistema_relatorios - logger_config - INFO - Usuário alterado para: sistema_relatorios
2025-12-03 12:48:11,530 - sistema_relatorios - relatorios_interface - INFO - Sistema de relatórios inicializando usando logger configurado
2025-12-03 12:48:11,530 - sistema_relatorios - relatorios_interface - INFO - Configurações de janela importadas com sucesso
2025-12-03 12:48:11,531 - sistema_relatorios - relatorios_interface - INFO - === Sistema de Relatórios Inicializando ===
2025-12-03 12:49:42,507 - sistema - logger_config - INFO - Sistema de logging inicializado
2025-12-03 12:49:42,508 - sistema_relatorios - logger_config - INFO - Usuário alterado para: sistema_relatorios
2025-12-03 12:49:42,508 - sistema_relatorios - relatorios_interface - INFO - Sistema de relatórios inicializando usando logger configurado
2025-12-03 12:49:42,509 - sistema_relatorios - relatorios_interface - INFO - Configurações de janela importadas com sucesso
2025-12-03 12:49:42,509 - sistema_relatorios - relatorios_interface - INFO - === Sistema de Relatórios Inicializando ===
2025-12-03 12:49:47,249 - sistema_relatorios - gestao_medicoes - INFO - Logger importado com sucesso em gestao_medicoes.py
2025-12-03 12:49:48,677 - sistema_relatorios - gerador_contrato - INFO - Carregando serviços de: C:\Users\Obras\sistema_gestao_testes\testes\Financeiro\Planilhas_Base\servicos_construcao.json
2025-12-03 12:49:48,679 - sistema_relatorios - gerador_contrato - INFO - Serviços carregados: 10 categorias
2025-12-03 12:49:48,681 - sistema_relatorios - gerador_contrato - INFO - Pasta de contratos verificada: C:\Users\Obras\sistema_gestao_testes\testes\Financeiro\Clientes\Contratos
2025-12-03 12:49:48,706 - sistema_relatorios - gerador_contrato - INFO - Node.js encontrado em: C:\Program Files\nodejs\node.EXE
2025-12-03 12:49:48,707 - sistema_relatorios - gerador_contrato - INFO - GeradorContrato inicializado com sucesso
2025-12-03 14:05:10,746 - sistema - logger_config - INFO - Sistema de logging inicializado
2025-12-03 14:05:10,748 - sistema_relatorios - logger_config - INFO - Usuário alterado para: sistema_relatorios
2025-12-03 14:05:10,748 - sistema_relatorios - relatorios_interface - INFO - Sistema de relatórios inicializando usando logger configurado
2025-12-03 14:05:10,749 - sistema_relatorios - relatorios_interface - INFO - Configurações de janela importadas com sucesso
2025-12-03 14:05:10,749 - sistema_relatorios - relatorios_interface - INFO - === Sistema de Relatórios Inicializando ===
2025-12-03 14:05:15,947 - sistema_relatorios - gestao_medicoes - INFO - Logger importado com sucesso em gestao_medicoes.py
2025-12-03 14:05:17,346 - sistema_relatorios - gerador_contrato - INFO - Carregando serviços de: C:\Users\Obras\sistema_gestao_testes\testes\Financeiro\Planilhas_Base\servicos_construcao.json
2025-12-03 14:05:17,350 - sistema_relatorios - gerador_contrato - INFO - Serviços carregados: 10 categorias
2025-12-03 14:05:17,352 - sistema_relatorios - gerador_contrato - INFO - Pasta de contratos verificada: C:\Users\Obras\sistema_gestao_testes\testes\Financeiro\Clientes\Contratos
2025-12-03 14:05:17,377 - sistema_relatorios - gerador_contrato - INFO - Node.js encontrado em: C:\Program Files\nodejs\node.EXE
2025-12-03 14:05:17,378 - sistema_relatorios - gerador_contrato - INFO - GeradorContrato inicializado com sucesso
2025-12-03 14:21:59,009 - sistema - logger_config - INFO - Sistema de logging inicializado
2025-12-03 14:21:59,011 - sistema_relatorios - logger_config - INFO - Usuário alterado para: sistema_relatorios
2025-12-03 14:21:59,012 - sistema_relatorios - relatorios_interface - INFO - Sistema de relatórios inicializando usando logger configurado
2025-12-03 14:21:59,013 - sistema_relatorios - relatorios_interface - INFO - Configurações de janela importadas com sucesso
2025-12-03 14:21:59,014 - sistema_relatorios - relatorios_interface - INFO - === Sistema de Relatórios Inicializando ===
2025-12-03 14:22:04,047 - sistema_relatorios - gestao_medicoes - INFO - Logger importado com sucesso em gestao_medicoes.py
2025-12-03 14:22:05,371 - sistema_relatorios - gerador_contrato - INFO - Carregando serviços de: C:\Users\Obras\sistema_gestao_testes\testes\Financeiro\Planilhas_Base\servicos_construcao.json
2025-12-03 14:22:05,373 - sistema_relatorios - gerador_contrato - INFO - Serviços carregados: 10 categorias
2025-12-03 14:22:05,375 - sistema_relatorios - gerador_contrato - INFO - Pasta de contratos verificada: C:\Users\Obras\sistema_gestao_testes\testes\Financeiro\Clientes\Contratos
2025-12-03 14:22:05,401 - sistema_relatorios - gerador_contrato - INFO - Node.js encontrado em: C:\Program Files\nodejs\node.EXE
2025-12-03 14:22:05,402 - sistema_relatorios - gerador_contrato - INFO - GeradorContrato inicializado com sucesso
2025-12-03 14:30:42,835 - sistema - logger_config - INFO - Sistema de logging inicializado
2025-12-03 14:30:42,836 - sistema_relatorios - logger_config - INFO - Usuário alterado para: sistema_relatorios
2025-12-03 14:30:42,837 - sistema_relatorios - relatorios_interface - INFO - Sistema de relatórios inicializando usando logger configurado
2025-12-03 14:30:42,837 - sistema_relatorios - relatorios_interface - INFO - Configurações de janela importadas com sucesso
2025-12-03 14:30:42,838 - sistema_relatorios - relatorios_interface - INFO - === Sistema de Relatórios Inicializando ===
2025-12-03 14:30:50,478 - sistema_relatorios - gestao_medicoes - INFO - Logger importado com sucesso em gestao_medicoes.py
2025-12-03 14:30:51,791 - sistema_relatorios - gerador_contrato - INFO - Carregando serviços de: C:\Users\Obras\sistema_gestao_testes\testes\Financeiro\Planilhas_Base\servicos_construcao.json
2025-12-03 14:30:51,793 - sistema_relatorios - gerador_contrato - INFO - Serviços carregados: 10 categorias
2025-12-03 14:30:51,795 - sistema_relatorios - gerador_contrato - INFO - Pasta de contratos verificada: C:\Users\Obras\sistema_gestao_testes\testes\Financeiro\Clientes\Contratos
2025-12-03 14:30:51,819 - sistema_relatorios - gerador_contrato - INFO - Node.js encontrado em: C:\Program Files\nodejs\node.EXE
2025-12-03 14:30:51,820 - sistema_relatorios - gerador_contrato - INFO - GeradorContrato inicializado com sucesso
2025-12-03 14:31:29,301 - sistema_relatorios - gestao_medicoes - INFO - Rastreamento adicionado: Contrato 5, Medição 1, Linha 1185
2025-12-03 14:32:01,520 - sistema_relatorios - gestao_medicoes - INFO - Rastreamento adicionado: Contrato 6, Medição 1, Linha 1185
2025-12-03 14:46:05,351 - sistema - logger_config - INFO - Sistema de logging inicializado
2025-12-03 14:49:41,612 - sistema - logger_config - INFO - Sistema de logging inicializado
2025-12-03 16:10:51,160 - sistema - logger_config - INFO - Sistema de logging inicializado
2025-12-03 16:10:51,161 - sistema_relatorios - logger_config - INFO - Usuário alterado para: sistema_relatorios
2025-12-03 16:10:51,162 - sistema_relatorios - relatorios_interface - INFO - Sistema de relatórios inicializando usando logger configurado
2025-12-03 16:10:51,162 - sistema_relatorios - relatorios_interface - INFO - Configurações de janela importadas com sucesso
2025-12-03 16:10:51,163 - sistema_relatorios - relatorios_interface - INFO - === Sistema de Relatórios Inicializando ===
2025-12-03 16:11:07,038 - sistema_relatorios - relatorios_interface - INFO - Carregando clientes de: C:\Users\Obras\sistema_gestao_testes\testes\Financeiro\Planilhas_Base\clientes.xlsx
2025-12-03 16:11:07,122 - sistema_relatorios - relatorios_interface - INFO - Colunas disponíveis: ['Nome', 'Endereço', 'Data Inicial', 'Observações', 'Data Final', 'Tipo Taxa', 'CPF', 'CNO', 'Estado Civil', 'Cidade', 'Grupo']
2025-12-03 16:11:07,124 - sistema_relatorios - relatorios_interface - INFO - Coluna de status: Data Final
2025-12-03 16:11:07,141 - sistema_relatorios - relatorios_interface - INFO - Coluna de nome: Nome
2025-12-03 16:11:07,142 - sistema_relatorios - relatorios_interface - INFO - Total de clientes ativos encontrados: 16
2025-12-03 16:11:07,143 - sistema_relatorios - relatorios_interface - INFO - Lista de clientes atualizada com 17 clientes
2025-12-03 16:11:12,122 - sistema_relatorios - relatorios_interface - INFO - ✅ Opções do relatório gerencial configuradas
2025-12-03 16:11:17,129 - sistema_relatorios - relatorios_interface - INFO - 🔍 INICIANDO gerar_relatorio para: gerencial_engenheiro
2025-12-03 16:11:17,130 - sistema_relatorios - relatorios_interface - INFO - 📋 Processando outros relatórios: gerencial_engenheiro
2025-12-03 16:11:17,130 - sistema_relatorios - relatorios_interface - INFO - 🚀 Iniciando Relatório Gerencial por Engenheiro
2025-12-03 16:11:17,761 - sistema_relatorios - relatorios_interface - INFO - ✅ Módulo RelatorioGerencialEngenheiro importado
2025-12-03 16:11:18,148 - sistema_relatorios - relatorios_interface - INFO - ✅ Interface do relatório gerencial aberta
2025-12-03 16:27:07,119 - sistema_relatorios - relatorios_interface - INFO - ✅ Retornado à interface principal
2025-12-03 16:27:09,139 - sistema_relatorios - relatorios_interface - INFO - Solicitado retorno ao menu principal
2025-12-03 16:27:09,142 - sistema_relatorios - relatorios_interface - INFO - Retornando ao menu principal existente
2025-12-03 16:27:09,224 - sistema_relatorios - relatorios_interface - INFO - Retorno ao menu principal concluído
2025-12-03 16:27:31,033 - sistema - logger_config - INFO - Sistema de logging inicializado
2025-12-03 16:27:31,034 - sistema_relatorios - logger_config - INFO - Usuário alterado para: sistema_relatorios
2025-12-03 16:27:31,035 - sistema_relatorios - relatorios_interface - INFO - Sistema de relatórios inicializando usando logger configurado
2025-12-03 16:27:31,035 - sistema_relatorios - relatorios_interface - INFO - Configurações de janela importadas com sucesso
2025-12-03 16:27:31,035 - sistema_relatorios - relatorios_interface - INFO - === Sistema de Relatórios Inicializando ===
2025-12-03 16:27:35,891 - sistema_relatorios - relatorios_interface - INFO - Carregando clientes de: C:\Users\Obras\sistema_gestao_testes\testes\Financeiro\Planilhas_Base\clientes.xlsx
2025-12-03 16:27:35,967 - sistema_relatorios - relatorios_interface - INFO - Colunas disponíveis: ['Nome', 'Endereço', 'Data Inicial', 'Observações', 'Data Final', 'Tipo Taxa', 'CPF', 'CNO', 'Estado Civil', 'Cidade', 'Grupo']
2025-12-03 16:27:35,969 - sistema_relatorios - relatorios_interface - INFO - Coluna de status: Data Final
2025-12-03 16:27:35,985 - sistema_relatorios - relatorios_interface - INFO - Coluna de nome: Nome
2025-12-03 16:27:35,987 - sistema_relatorios - relatorios_interface - INFO - Total de clientes ativos encontrados: 16
2025-12-03 16:27:35,990 - sistema_relatorios - relatorios_interface - INFO - Lista de clientes atualizada com 17 clientes
2025-12-03 16:27:37,702 - sistema_relatorios - relatorios_interface - INFO - ✅ Opções do relatório gerencial configuradas
2025-12-03 16:27:39,441 - sistema_relatorios - relatorios_interface - INFO - 🔍 INICIANDO gerar_relatorio para: gerencial_engenheiro
2025-12-03 16:27:39,442 - sistema_relatorios - relatorios_interface - INFO - 📋 Processando outros relatórios: gerencial_engenheiro
2025-12-03 16:27:39,443 - sistema_relatorios - relatorios_interface - INFO - 🚀 Iniciando Relatório Gerencial por Engenheiro
2025-12-03 16:27:39,488 - sistema_relatorios - relatorios_interface - INFO - ✅ Módulo RelatorioGerencialEngenheiro importado
2025-12-03 16:27:39,869 - sistema_relatorios - relatorios_interface - INFO - ✅ Interface do relatório gerencial aberta
2025-12-03 16:28:21,709 - sistema_relatorios - relatorios_interface - INFO - ✅ Retornado à interface principal
2025-12-03 16:29:46,161 - sistema_relatorios - relatorios_interface - INFO - 🔍 INICIANDO gerar_relatorio para: gerencial_engenheiro
2025-12-03 16:29:46,161 - sistema_relatorios - relatorios_interface - INFO - 📋 Processando outros relatórios: gerencial_engenheiro
2025-12-03 16:29:46,162 - sistema_relatorios - relatorios_interface - INFO - 🚀 Iniciando Relatório Gerencial por Engenheiro
2025-12-03 16:29:46,163 - sistema_relatorios - relatorios_interface - INFO - ✅ Módulo RelatorioGerencialEngenheiro importado
2025-12-03 16:29:46,434 - sistema_relatorios - relatorios_interface - INFO - ✅ Interface do relatório gerencial aberta
2025-12-03 16:30:04,984 - sistema_relatorios - relatorios_interface - INFO - ✅ Retornado à interface principal
2025-12-03 16:30:07,072 - sistema_relatorios - relatorios_interface - INFO - Solicitado retorno ao menu principal
2025-12-03 16:30:07,073 - sistema_relatorios - relatorios_interface - INFO - Retornando ao menu principal existente
2025-12-03 16:30:07,143 - sistema_relatorios - relatorios_interface - INFO - Retorno ao menu principal concluído
2025-12-03 17:27:09,837 - sistema - logger_config - INFO - Sistema de logging inicializado
2025-12-03 17:27:09,840 - sistema_relatorios - logger_config - INFO - Usuário alterado para: sistema_relatorios
2025-12-03 17:27:09,840 - sistema_relatorios - relatorios_interface - INFO - Sistema de relatórios inicializando usando logger configurado
2025-12-03 17:27:09,841 - sistema_relatorios - relatorios_interface - INFO - Configurações de janela importadas com sucesso
2025-12-03 17:27:09,841 - sistema_relatorios - relatorios_interface - INFO - === Sistema de Relatórios Inicializando ===
2025-12-03 17:27:15,946 - sistema_relatorios - relatorios_interface - INFO - Carregando clientes de: C:\Users\Obras\sistema_gestao_testes\testes\Financeiro\Planilhas_Base\clientes.xlsx
2025-12-03 17:27:16,042 - sistema_relatorios - relatorios_interface - INFO - Colunas disponíveis: ['Nome', 'Endereço', 'Data Inicial', 'Observações', 'Data Final', 'Tipo Taxa', 'CPF', 'CNO', 'Estado Civil', 'Cidade', 'Grupo']
2025-12-03 17:27:16,043 - sistema_relatorios - relatorios_interface - INFO - Coluna de status: Data Final
2025-12-03 17:27:16,059 - sistema_relatorios - relatorios_interface - INFO - Coluna de nome: Nome
2025-12-03 17:27:16,060 - sistema_relatorios - relatorios_interface - INFO - Total de clientes ativos encontrados: 16
2025-12-03 17:27:16,061 - sistema_relatorios - relatorios_interface - INFO - Lista de clientes atualizada com 17 clientes
2025-12-03 17:27:19,213 - sistema_relatorios - relatorios_interface - INFO - ✅ Opções do relatório gerencial configuradas
2025-12-03 17:27:20,943 - sistema_relatorios - relatorios_interface - INFO - 🔍 INICIANDO gerar_relatorio para: gerencial_engenheiro
2025-12-03 17:27:20,944 - sistema_relatorios - relatorios_interface - INFO - 📋 Processando outros relatórios: gerencial_engenheiro
2025-12-03 17:27:20,945 - sistema_relatorios - relatorios_interface - INFO - 🚀 Iniciando Relatório Gerencial por Engenheiro
2025-12-03 17:27:20,992 - sistema_relatorios - relatorios_interface - INFO - ✅ Módulo RelatorioGerencialEngenheiro importado
2025-12-03 17:27:21,388 - sistema_relatorios - relatorios_interface - INFO - ✅ Interface do relatório gerencial aberta
2025-12-03 17:30:57,339 - sistema_relatorios - relatorios_interface - INFO - ✅ Retornado à interface principal
2025-12-03 17:30:59,606 - sistema_relatorios - relatorios_interface - INFO - Solicitado retorno ao menu principal
2025-12-03 17:30:59,606 - sistema_relatorios - relatorios_interface - INFO - Retornando ao menu principal existente
2025-12-03 17:30:59,681 - sistema_relatorios - relatorios_interface - INFO - Retorno ao menu principal concluído
2025-12-03 17:31:01,612 - sistema_relatorios - gestao_medicoes - INFO - Logger importado com sucesso em gestao_medicoes.py
2025-12-03 17:31:02,475 - sistema_relatorios - gerador_contrato - INFO - Carregando serviços de: C:\Users\Obras\sistema_gestao_testes\testes\Financeiro\Planilhas_Base\servicos_construcao.json
2025-12-03 17:31:02,505 - sistema_relatorios - gerador_contrato - INFO - Serviços carregados: 10 categorias
2025-12-03 17:31:02,507 - sistema_relatorios - gerador_contrato - INFO - Pasta de contratos verificada: C:\Users\Obras\sistema_gestao_testes\testes\Financeiro\Clientes\Contratos
2025-12-03 17:31:02,530 - sistema_relatorios - gerador_contrato - INFO - Node.js encontrado em: C:\Program Files\nodejs\node.EXE
2025-12-03 17:31:02,533 - sistema_relatorios - gerador_contrato - INFO - GeradorContrato inicializado com sucesso
2025-12-03 17:42:05,902 - sistema_relatorios - logger_config - INFO - Iniciando: Carregar configurações
2025-12-03 17:42:05,925 - sistema_relatorios - logger_config - INFO - Concluído: Carregar configurações
2025-12-03 17:42:06,096 - sistema_relatorios - logger_config - INFO - Iniciando: Carregar configurações
2025-12-03 17:42:06,097 - sistema_relatorios - logger_config - INFO - Concluído: Carregar configurações
2025-12-03 17:42:06,100 - sistema_relatorios - logger_config - INFO - Iniciando: Carregar configurações
2025-12-03 17:42:06,100 - sistema_relatorios - logger_config - INFO - Concluído: Carregar configurações
2025-12-03 17:43:04,828 - sistema_relatorios - relatorios_interface - INFO - Carregando clientes de: C:\Users\Obras\sistema_gestao_testes\testes\Financeiro\Planilhas_Base\clientes.xlsx
2025-12-03 17:43:04,852 - sistema_relatorios - relatorios_interface - INFO - Colunas disponíveis: ['Nome', 'Endereço', 'Data Inicial', 'Observações', 'Data Final', 'Tipo Taxa', 'CPF', 'CNO', 'Estado Civil', 'Cidade', 'Grupo']
2025-12-03 17:43:04,854 - sistema_relatorios - relatorios_interface - INFO - Coluna de status: Data Final
2025-12-03 17:43:04,861 - sistema_relatorios - relatorios_interface - INFO - Coluna de nome: Nome
2025-12-03 17:43:04,864 - sistema_relatorios - relatorios_interface - INFO - Total de clientes ativos encontrados: 16
2025-12-03 17:43:04,865 - sistema_relatorios - relatorios_interface - INFO - Lista de clientes atualizada com 17 clientes
2025-12-03 17:43:07,844 - sistema_relatorios - relatorios_interface - INFO - Carregando clientes de: C:\Users\Obras\sistema_gestao_testes\testes\Financeiro\Planilhas_Base\clientes.xlsx
2025-12-03 17:43:07,862 - sistema_relatorios - relatorios_interface - INFO - Colunas disponíveis: ['Nome', 'Endereço', 'Data Inicial', 'Observações', 'Data Final', 'Tipo Taxa', 'CPF', 'CNO', 'Estado Civil', 'Cidade', 'Grupo']
2025-12-03 17:43:07,864 - sistema_relatorios - relatorios_interface - INFO - Coluna de status: Data Final
2025-12-03 17:43:07,866 - sistema_relatorios - relatorios_interface - INFO - Coluna de nome: Nome
2025-12-03 17:43:07,868 - sistema_relatorios - relatorios_interface - INFO - Total de clientes ativos encontrados: 16
2025-12-03 17:43:22,344 - sistema_relatorios - relatorios_interface - INFO - Solicitado retorno ao menu principal
2025-12-03 17:43:22,345 - sistema_relatorios - relatorios_interface - INFO - Retornando ao menu principal existente
2025-12-03 17:43:22,426 - sistema_relatorios - relatorios_interface - INFO - Retorno ao menu principal concluído
2025-12-03 19:03:10,802 - sistema - logger_config - INFO - Sistema de logging inicializado
2025-12-03 19:03:10,803 - sistema_relatorios - logger_config - INFO - Usuário alterado para: sistema_relatorios
2025-12-03 19:03:10,806 - sistema_relatorios - relatorios_interface - INFO - Sistema de relatórios inicializando usando logger configurado
2025-12-03 19:03:10,824 - sistema_relatorios - relatorios_interface - INFO - Configurações de janela importadas com sucesso
2025-12-03 19:03:10,825 - sistema_relatorios - relatorios_interface - INFO - === Sistema de Relatórios Inicializando ===
2025-12-03 19:03:21,844 - sistema_relatorios - relatorios_interface - INFO - Carregando clientes de: C:\Users\Obras\sistema_gestao_testes\testes\Financeiro\Planilhas_Base\clientes.xlsx
2025-12-03 19:03:21,926 - sistema_relatorios - relatorios_interface - INFO - Colunas disponíveis: ['Nome', 'Endereço', 'Data Inicial', 'Observações', 'Data Final', 'Tipo Taxa', 'CPF', 'CNO', 'Estado Civil', 'Cidade', 'Grupo']
2025-12-03 19:03:21,927 - sistema_relatorios - relatorios_interface - INFO - Coluna de status: Data Final
2025-12-03 19:03:21,945 - sistema_relatorios - relatorios_interface - INFO - Coluna de nome: Nome
2025-12-03 19:03:21,947 - sistema_relatorios - relatorios_interface - INFO - Total de clientes ativos encontrados: 16
2025-12-03 19:03:21,951 - sistema_relatorios - relatorios_interface - INFO - Lista de clientes atualizada com 17 clientes
2025-12-03 19:03:24,082 - sistema_relatorios - relatorios_interface - INFO - ✅ Opções do relatório gerencial configuradas
2025-12-03 19:03:26,117 - sistema_relatorios - relatorios_interface - INFO - 🔍 INICIANDO gerar_relatorio para: gerencial_engenheiro
2025-12-03 19:03:26,118 - sistema_relatorios - relatorios_interface - INFO - 📋 Processando outros relatórios: gerencial_engenheiro
2025-12-03 19:03:26,119 - sistema_relatorios - relatorios_interface - INFO - 🚀 Iniciando Relatório Gerencial por Engenheiro
2025-12-03 19:03:26,138 - sistema_relatorios - relatorios_interface - INFO - ✅ Módulo RelatorioGerencialEngenheiro importado
2025-12-03 19:03:26,528 - sistema_relatorios - relatorios_interface - INFO - ✅ Interface do relatório gerencial aberta
2025-12-03 19:18:15,578 - sistema_relatorios - relatorios_interface - INFO - ✅ Retornado à interface principal
2025-12-03 19:18:17,455 - sistema_relatorios - relatorios_interface - INFO - Solicitado retorno ao menu principal
2025-12-03 19:18:17,456 - sistema_relatorios - relatorios_interface - INFO - Retornando ao menu principal existente
2025-12-03 19:18:17,540 - sistema_relatorios - relatorios_interface - INFO - Retorno ao menu principal concluído
2025-12-03 19:18:26,241 - sistema - logger_config - INFO - Sistema de logging inicializado
2025-12-03 19:18:26,242 - sistema_relatorios - logger_config - INFO - Usuário alterado para: sistema_relatorios
2025-12-03 19:18:26,243 - sistema_relatorios - relatorios_interface - INFO - Sistema de relatórios inicializando usando logger configurado
2025-12-03 19:18:26,243 - sistema_relatorios - relatorios_interface - INFO - Configurações de janela importadas com sucesso
2025-12-03 19:18:26,244 - sistema_relatorios - relatorios_interface - INFO - === Sistema de Relatórios Inicializando ===
2025-12-03 19:18:36,678 - sistema_relatorios - relatorios_interface - INFO - Carregando clientes de: C:\Users\Obras\sistema_gestao_testes\testes\Financeiro\Planilhas_Base\clientes.xlsx
2025-12-03 19:18:36,734 - sistema_relatorios - relatorios_interface - INFO - Colunas disponíveis: ['Nome', 'Endereço', 'Data Inicial', 'Observações', 'Data Final', 'Tipo Taxa', 'CPF', 'CNO', 'Estado Civil', 'Cidade', 'Grupo']
2025-12-03 19:18:36,735 - sistema_relatorios - relatorios_interface - INFO - Coluna de status: Data Final
2025-12-03 19:18:36,738 - sistema_relatorios - relatorios_interface - INFO - Coluna de nome: Nome
2025-12-03 19:18:36,739 - sistema_relatorios - relatorios_interface - INFO - Total de clientes ativos encontrados: 16
2025-12-03 19:18:36,741 - sistema_relatorios - relatorios_interface - INFO - Lista de clientes atualizada com 17 clientes
2025-12-03 19:18:40,370 - sistema_relatorios - relatorios_interface - INFO - ✅ Opções do relatório gerencial configuradas
2025-12-03 19:18:41,878 - sistema_relatorios - relatorios_interface - INFO - 🔍 INICIANDO gerar_relatorio para: gerencial_engenheiro
2025-12-03 19:18:41,879 - sistema_relatorios - relatorios_interface - INFO - 📋 Processando outros relatórios: gerencial_engenheiro
2025-12-03 19:18:41,880 - sistema_relatorios - relatorios_interface - INFO - 🚀 Iniciando Relatório Gerencial por Engenheiro
2025-12-03 19:18:41,926 - sistema_relatorios - relatorios_interface - INFO - ✅ Módulo RelatorioGerencialEngenheiro importado
2025-12-03 19:18:42,319 - sistema_relatorios - relatorios_interface - INFO - ✅ Interface do relatório gerencial aberta
2025-12-03 19:25:13,812 - sistema_relatorios - relatorios_interface - INFO - ✅ Retornado à interface principal
2025-12-03 19:25:16,259 - sistema_relatorios - relatorios_interface - INFO - Solicitado retorno ao menu principal
2025-12-03 19:25:16,262 - sistema_relatorios - relatorios_interface - INFO - Retornando ao menu principal existente
2025-12-03 19:25:16,334 - sistema_relatorios - relatorios_interface - INFO - Retorno ao menu principal concluído
