2025-06-14 11:13:09,996 - sistema_relatorios - INFO - Carregando clientes de: H:\.shortcut-targets-by-id\195uuohIL_ZKum7lhwu-OzJCH_CGAb97G\Relatórios\Financeiro\Planilhas_Base\clientes.xlsx
2025-06-14 11:13:10,106 - sistema_relatorios - INFO - Colunas disponíveis: ['Nome', 'Endereço', 'Data Inicial', 'Observações', 'Data Final']
2025-06-14 11:13:10,107 - sistema_relatorios - INFO - Coluna de status: Data Final
2025-06-14 11:13:10,110 - sistema_relatorios - INFO - Coluna de nome: Nome
2025-06-14 11:13:10,110 - sistema_relatorios - INFO - Total de clientes ativos encontrados: 13
2025-06-14 11:13:10,111 - sistema_relatorios - INFO - Lista de clientes atualizada com 14 clientes
2025-06-14 11:13:10,148 - sistema_relatorios - INFO - Carregando clientes de: H:\.shortcut-targets-by-id\195uuohIL_ZKum7lhwu-OzJCH_CGAb97G\Relatórios\Financeiro\Planilhas_Base\clientes.xlsx
2025-06-14 11:13:10,174 - sistema_relatorios - INFO - Colunas disponíveis: ['Nome', 'Endereço', 'Data Inicial', 'Observações', 'Data Final']
2025-06-14 11:13:10,175 - sistema_relatorios - INFO - Coluna de status: Data Final
2025-06-14 11:13:10,177 - sistema_relatorios - INFO - Coluna de nome: Nome
2025-06-14 11:13:10,177 - sistema_relatorios - INFO - Total de clientes ativos encontrados: 13
2025-06-14 11:13:10,178 - sistema_relatorios - INFO - Lista de clientes carregada com 14 itens
2025-06-14 11:57:41,057 - sistema_relatorios - INFO - Carregando clientes de: H:\.shortcut-targets-by-id\195uuohIL_ZKum7lhwu-OzJCH_CGAb97G\Relatórios\Financeiro\Planilhas_Base\clientes.xlsx
2025-06-14 11:57:42,269 - sistema_relatorios - INFO - Colunas disponíveis: ['Nome', 'Endereço', 'Data Inicial', 'Observações', 'Data Final']
2025-06-14 11:57:42,279 - sistema_relatorios - INFO - Coluna de status: Data Final
2025-06-14 11:57:42,297 - sistema_relatorios - INFO - Coluna de nome: Nome
2025-06-14 11:57:42,306 - sistema_relatorios - INFO - Total de clientes ativos encontrados: 13
2025-06-14 11:57:42,308 - sistema_relatorios - INFO - Lista de clientes atualizada com 14 clientes
2025-06-14 11:57:42,364 - sistema_relatorios - INFO - Carregando clientes de: H:\.shortcut-targets-by-id\195uuohIL_ZKum7lhwu-OzJCH_CGAb97G\Relatórios\Financeiro\Planilhas_Base\clientes.xlsx
2025-06-14 11:57:42,508 - sistema_relatorios - INFO - Colunas disponíveis: ['Nome', 'Endereço', 'Data Inicial', 'Observações', 'Data Final']
2025-06-14 11:57:42,510 - sistema_relatorios - INFO - Coluna de status: Data Final
2025-06-14 11:57:42,513 - sistema_relatorios - INFO - Coluna de nome: Nome
2025-06-14 11:57:42,516 - sistema_relatorios - INFO - Total de clientes ativos encontrados: 13
2025-06-14 11:57:42,519 - sistema_relatorios - INFO - Lista de clientes carregada com 14 itens
2025-06-14 12:25:52,555 - sistema_relatorios - INFO - Carregando clientes de: H:\.shortcut-targets-by-id\195uuohIL_ZKum7lhwu-OzJCH_CGAb97G\Relatórios\Financeiro\Planilhas_Base\clientes.xlsx
2025-06-14 12:25:52,693 - sistema_relatorios - INFO - Colunas disponíveis: ['Nome', 'Endereço', 'Data Inicial', 'Observações', 'Data Final']
2025-06-14 12:25:52,694 - sistema_relatorios - INFO - Coluna de status: Data Final
2025-06-14 12:25:52,710 - sistema_relatorios - INFO - Coluna de nome: Nome
2025-06-14 12:25:52,711 - sistema_relatorios - INFO - Total de clientes ativos encontrados: 13
2025-06-14 12:25:52,713 - sistema_relatorios - INFO - Lista de clientes atualizada com 14 clientes
2025-06-14 12:25:52,760 - sistema_relatorios - INFO - Carregando clientes de: H:\.shortcut-targets-by-id\195uuohIL_ZKum7lhwu-OzJCH_CGAb97G\Relatórios\Financeiro\Planilhas_Base\clientes.xlsx
2025-06-14 12:25:52,794 - sistema_relatorios - INFO - Colunas disponíveis: ['Nome', 'Endereço', 'Data Inicial', 'Observações', 'Data Final']
2025-06-14 12:25:52,795 - sistema_relatorios - INFO - Coluna de status: Data Final
2025-06-14 12:25:52,798 - sistema_relatorios - INFO - Coluna de nome: Nome
2025-06-14 12:25:52,799 - sistema_relatorios - INFO - Total de clientes ativos encontrados: 13
2025-06-14 12:25:52,800 - sistema_relatorios - INFO - Lista de clientes carregada com 14 itens
2025-06-14 12:50:02,491 - sistema_relatorios - INFO - Carregando clientes de: H:\.shortcut-targets-by-id\195uuohIL_ZKum7lhwu-OzJCH_CGAb97G\Relatórios\Financeiro\Planilhas_Base\clientes.xlsx
2025-06-14 12:50:02,814 - sistema_relatorios - INFO - Colunas disponíveis: ['Nome', 'Endereço', 'Data Inicial', 'Observações', 'Data Final']
2025-06-14 12:50:02,817 - sistema_relatorios - INFO - Coluna de status: Data Final
2025-06-14 12:50:02,828 - sistema_relatorios - INFO - Coluna de nome: Nome
2025-06-14 12:50:02,830 - sistema_relatorios - INFO - Total de clientes ativos encontrados: 13
2025-06-14 12:50:02,832 - sistema_relatorios - INFO - Lista de clientes atualizada com 14 clientes
2025-06-14 12:50:02,873 - sistema_relatorios - INFO - Carregando clientes de: H:\.shortcut-targets-by-id\195uuohIL_ZKum7lhwu-OzJCH_CGAb97G\Relatórios\Financeiro\Planilhas_Base\clientes.xlsx
2025-06-14 12:50:02,929 - sistema_relatorios - INFO - Colunas disponíveis: ['Nome', 'Endereço', 'Data Inicial', 'Observações', 'Data Final']
2025-06-14 12:50:02,931 - sistema_relatorios - INFO - Coluna de status: Data Final
2025-06-14 12:50:02,933 - sistema_relatorios - INFO - Coluna de nome: Nome
2025-06-14 12:50:02,934 - sistema_relatorios - INFO - Total de clientes ativos encontrados: 13
2025-06-14 12:50:02,934 - sistema_relatorios - INFO - Lista de clientes carregada com 14 itens
2025-06-14 12:56:09,024 - sistema - INFO - Saída confirmada, finalizando sistema
2025-06-14 12:56:09,275 - sistema - INFO - Forçando encerramento do programa...
2025-06-14 13:00:08,048 - sistema_relatorios - INFO - Carregando clientes de: H:\.shortcut-targets-by-id\195uuohIL_ZKum7lhwu-OzJCH_CGAb97G\Relatórios\Financeiro\Planilhas_Base\clientes.xlsx
2025-06-14 13:00:08,140 - sistema_relatorios - INFO - Colunas disponíveis: ['Nome', 'Endereço', 'Data Inicial', 'Observações', 'Data Final']
2025-06-14 13:00:08,141 - sistema_relatorios - INFO - Coluna de status: Data Final
2025-06-14 13:00:08,143 - sistema_relatorios - INFO - Coluna de nome: Nome
2025-06-14 13:00:08,144 - sistema_relatorios - INFO - Total de clientes ativos encontrados: 13
2025-06-14 13:00:08,145 - sistema_relatorios - INFO - Lista de clientes atualizada com 14 clientes
2025-06-14 13:00:08,177 - sistema_relatorios - INFO - Carregando clientes de: H:\.shortcut-targets-by-id\195uuohIL_ZKum7lhwu-OzJCH_CGAb97G\Relatórios\Financeiro\Planilhas_Base\clientes.xlsx
2025-06-14 13:00:08,205 - sistema_relatorios - INFO - Colunas disponíveis: ['Nome', 'Endereço', 'Data Inicial', 'Observações', 'Data Final']
2025-06-14 13:00:08,206 - sistema_relatorios - INFO - Coluna de status: Data Final
2025-06-14 13:00:08,208 - sistema_relatorios - INFO - Coluna de nome: Nome
2025-06-14 13:00:08,209 - sistema_relatorios - INFO - Total de clientes ativos encontrados: 13
2025-06-14 13:00:08,209 - sistema_relatorios - INFO - Lista de clientes carregada com 14 itens
2025-06-14 13:29:04,975 - sistema - INFO - Saída confirmada, finalizando sistema
2025-06-14 13:29:05,046 - sistema - INFO - Ação concluída: Gerar relatório
2025-06-14 13:48:56,652 - sistema_relatorios - INFO - Carregando clientes de: H:\.shortcut-targets-by-id\195uuohIL_ZKum7lhwu-OzJCH_CGAb97G\Relatórios\Financeiro\Planilhas_Base\clientes.xlsx
2025-06-14 13:48:56,753 - sistema_relatorios - INFO - Colunas disponíveis: ['Nome', 'Endereço', 'Data Inicial', 'Observações', 'Data Final']
2025-06-14 13:48:56,755 - sistema_relatorios - INFO - Coluna de status: Data Final
2025-06-14 13:48:56,767 - sistema_relatorios - INFO - Coluna de nome: Nome
2025-06-14 13:48:56,769 - sistema_relatorios - INFO - Total de clientes ativos encontrados: 13
2025-06-14 13:48:56,770 - sistema_relatorios - INFO - Lista de clientes atualizada com 14 clientes
2025-06-14 13:48:56,804 - sistema_relatorios - INFO - Carregando clientes de: H:\.shortcut-targets-by-id\195uuohIL_ZKum7lhwu-OzJCH_CGAb97G\Relatórios\Financeiro\Planilhas_Base\clientes.xlsx
2025-06-14 13:48:56,831 - sistema_relatorios - INFO - Colunas disponíveis: ['Nome', 'Endereço', 'Data Inicial', 'Observações', 'Data Final']
2025-06-14 13:48:56,832 - sistema_relatorios - INFO - Coluna de status: Data Final
2025-06-14 13:48:56,834 - sistema_relatorios - INFO - Coluna de nome: Nome
2025-06-14 13:48:56,836 - sistema_relatorios - INFO - Total de clientes ativos encontrados: 13
2025-06-14 13:48:56,836 - sistema_relatorios - INFO - Lista de clientes carregada com 14 itens
2025-06-14 13:50:39,727 - sistema - INFO - Saída confirmada, finalizando sistema
2025-06-14 13:50:39,789 - sistema - INFO - Ação concluída: Gerar relatório
2025-06-14 15:00:11,608 - sistema_relatorios - INFO - Carregando clientes de: H:\.shortcut-targets-by-id\195uuohIL_ZKum7lhwu-OzJCH_CGAb97G\Relatórios\Financeiro\Planilhas_Base\clientes.xlsx
2025-06-14 15:00:11,786 - sistema_relatorios - INFO - Colunas disponíveis: ['Nome', 'Endereço', 'Data Inicial', 'Observações', 'Data Final']
2025-06-14 15:00:11,786 - sistema_relatorios - INFO - Coluna de status: Data Final
2025-06-14 15:00:11,788 - sistema_relatorios - INFO - Coluna de nome: Nome
2025-06-14 15:00:11,789 - sistema_relatorios - INFO - Total de clientes ativos encontrados: 13
2025-06-14 15:00:11,789 - sistema_relatorios - INFO - Lista de clientes atualizada com 14 clientes
2025-06-14 15:00:11,822 - sistema_relatorios - INFO - Carregando clientes de: H:\.shortcut-targets-by-id\195uuohIL_ZKum7lhwu-OzJCH_CGAb97G\Relatórios\Financeiro\Planilhas_Base\clientes.xlsx
2025-06-14 15:00:11,847 - sistema_relatorios - INFO - Colunas disponíveis: ['Nome', 'Endereço', 'Data Inicial', 'Observações', 'Data Final']
2025-06-14 15:00:11,847 - sistema_relatorios - INFO - Coluna de status: Data Final
2025-06-14 15:00:11,849 - sistema_relatorios - INFO - Coluna de nome: Nome
2025-06-14 15:00:11,849 - sistema_relatorios - INFO - Total de clientes ativos encontrados: 13
2025-06-14 15:00:11,850 - sistema_relatorios - INFO - Lista de clientes carregada com 14 itens
2025-06-14 15:00:20,601 - matplotlib.font_manager - INFO - generated new fontManager
2025-06-14 15:00:31,859 - sistema - INFO - Saída confirmada, finalizando sistema
2025-06-14 15:00:31,905 - sistema - INFO - Ação concluída: Gerar relatório
