2025-07-23 18:19:07,018 - sistema - logger_config - INFO - Sistema de logging inicializado
2025-07-23 18:28:14,370 - sistema - logger_config - INFO - Iniciando: Carregar configurações
2025-07-23 18:28:14,373 - sistema - logger_config - INFO - Concluído: Carregar configurações
2025-07-23 18:28:37,259 - sistema - Sistema_Entrada_Dados - INFO - Iniciando adição de dados - Cliente: BRUNO SANTANA RINALDI
2025-07-23 18:28:38,926 - sistema - Sistema_Entrada_Dados - INFO - Dados adicionados com sucesso - Cliente: BRUNO SANTANA RINALDI, Total: 1
2025-07-23 18:28:50,915 - sistema - Sistema_Entrada_Dados - INFO - Iniciando envio de dados - Cliente: BRUNO SANTANA RINALDI, Registros: 1
2025-07-23 18:28:50,916 - sistema - Sistema_Entrada_Dados - INFO - Obtendo dados do visualizador
2025-07-23 18:28:50,918 - sistema - Sistema_Entrada_Dados - INFO - Total de registros a processar: 1
2025-07-23 18:28:50,919 - sistema - Sistema_Entrada_Dados - INFO - Datas que serão afetadas pela inserção: ['05/08/2025']
2025-07-23 18:28:50,920 - sistema - Sistema_Entrada_Dados - INFO - Salvando em: C:\Users\Obras\sistema_gestao_testes\testes\Financeiro\Clientes\BRUNO SANTANA RINALDI.xlsx
2025-07-23 18:28:50,921 - sistema - Sistema_Entrada_Dados - INFO - Verificando integridade dos IDs antes da inserção
2025-07-23 18:28:51,330 - sistema - Sistema_Entrada_Dados - INFO - Lançamento inserido com ID 223 na linha 223
2025-07-23 18:28:51,651 - sistema - Sistema_Entrada_Dados - INFO - Iniciando verificação de recálculo para 1 datas
2025-07-23 18:28:52,153 - sistema - Sistema_Entrada_Dados - INFO - Verificando necessidade de recálculo para 2025-08-05
2025-07-23 18:28:52,153 - sistema - Sistema_Entrada_Dados - ERROR - ❌ Erro ao verificar recálculo para 2025-08-05: 'SistemaEntradaDados' object has no attribute 'gestor_taxas'
2025-07-23 18:55:53,910 - sistema - logger_config - INFO - Sistema de logging inicializado
2025-07-23 19:10:19,506 - sistema - logger_config - INFO - Sistema de logging inicializado
2025-07-23 19:16:19,376 - sistema - logger_config - INFO - Sistema de logging inicializado
2025-07-23 19:22:21,404 - sistema - logger_config - INFO - Sistema de logging inicializado
2025-07-23 19:33:37,677 - sistema - logger_config - INFO - Sistema de logging inicializado
2025-07-23 19:49:28,824 - sistema - logger_config - INFO - Sistema de logging inicializado
2025-07-23 19:49:47,322 - sistema - logger_config - INFO - Iniciando: Carregar configurações
2025-07-23 19:49:47,327 - sistema - logger_config - INFO - Concluído: Carregar configurações
2025-07-23 19:50:11,900 - sistema - Sistema_Entrada_Dados - INFO - Iniciando adição de dados - Cliente: BRUNO SANTANA RINALDI
2025-07-23 19:50:13,495 - sistema - Sistema_Entrada_Dados - INFO - Dados adicionados com sucesso - Cliente: BRUNO SANTANA RINALDI, Total: 1
2025-07-23 19:50:30,059 - sistema - logger_config - INFO - Iniciando: Carregar configurações
2025-07-23 19:50:30,060 - sistema - logger_config - INFO - Concluído: Carregar configurações
2025-07-23 19:51:00,076 - sistema - Sistema_Entrada_Dados - INFO - Iniciando adição de dados - Cliente: BRUNO SANTANA RINALDI
2025-07-23 19:51:01,558 - sistema - Sistema_Entrada_Dados - INFO - Dados adicionados com sucesso - Cliente: BRUNO SANTANA RINALDI, Total: 2
2025-07-23 19:51:06,235 - sistema - Sistema_Entrada_Dados - INFO - Iniciando envio de dados - Cliente: BRUNO SANTANA RINALDI, Registros: 2
2025-07-23 19:51:06,236 - sistema - Sistema_Entrada_Dados - INFO - Obtendo dados do visualizador
2025-07-23 19:51:06,237 - sistema - Sistema_Entrada_Dados - INFO - Total de registros a processar: 2
2025-07-23 19:51:06,238 - sistema - Sistema_Entrada_Dados - INFO - Datas que serão afetadas pela inserção: ['05/08/2025']
2025-07-23 19:51:06,239 - sistema - Sistema_Entrada_Dados - INFO - Salvando em: C:\Users\Obras\sistema_gestao_testes\testes\Financeiro\Clientes\BRUNO SANTANA RINALDI.xlsx
2025-07-23 19:51:06,241 - sistema - Sistema_Entrada_Dados - INFO - Verificando integridade dos IDs antes da inserção
2025-07-23 19:51:06,751 - sistema - Sistema_Entrada_Dados - INFO - Lançamento inserido com ID 224 na linha 224
2025-07-23 19:51:06,753 - sistema - Sistema_Entrada_Dados - INFO - Lançamento inserido com ID 225 na linha 225
2025-07-23 19:51:07,323 - sistema - Sistema_Entrada_Dados - INFO - Iniciando verificação de recálculo para 1 datas
2025-07-23 19:51:07,825 - sistema - Sistema_Entrada_Dados - INFO - Verificando necessidade de recálculo para 2025-08-05
2025-07-23 19:51:07,825 - sistema - Sistema_Entrada_Dados - ERROR - ❌ Erro ao verificar recálculo para 2025-08-05: 'SistemaEntradaDados' object has no attribute 'gestor_taxas'
