2026-06-29 09:46:29,764 - sistema - logger_config - INFO - Sistema de logging inicializado
2026-06-29 09:46:29,766 - sistema_relatorios - logger_config - INFO - Usuário alterado para: sistema_relatorios
2026-06-29 09:46:29,767 - sistema_relatorios - relatorios_interface - INFO - Sistema de relatórios inicializando usando logger configurado
2026-06-29 09:46:29,768 - sistema_relatorios - relatorios_interface - INFO - Configurações de janela importadas com sucesso
2026-06-29 09:46:29,768 - sistema_relatorios - relatorios_interface - INFO - === Sistema de Relatórios Inicializando ===
2026-06-29 09:47:03,108 - sistema_relatorios - gestao_medicoes - INFO - Logger importado com sucesso em gestao_medicoes.py
2026-06-29 09:47:03,226 - sistema_relatorios - gestao_medicoes - INFO - ✅ Janela Gestão de Medições inicializada com tripla proteção de visibilidade
2026-06-29 09:47:32,184 - sistema_relatorios - gestao_medicoes - INFO - Fornecedor selecionado na aba: LEG ARTE VISUAL (12.529.857/0001-82)
2026-06-29 09:47:35,136 - sistema_relatorios - gestao_medicoes - INFO - Fornecedor selecionado na aba: VISÃO INSTALAÇÕES - TAYNAN (30.693.843/0001-81)
2026-06-29 09:47:44,353 - sistema_relatorios - gestao_medicoes - INFO - Prazo calculado: 22 dias úteis (excluindo data início)
2026-06-29 09:47:44,353 - sistema_relatorios - gestao_medicoes - INFO - Formulário de contrato limpo
2026-06-29 09:47:44,687 - sistema_relatorios - gerador_contrato - INFO - Carregando serviços de: C:\Users\Obras\sistema_gestao_testes\testes\Financeiro\Planilhas_Base\servicos_construcao.json
2026-06-29 09:47:44,703 - sistema_relatorios - gerador_contrato - INFO - Serviços carregados: 10 categorias
2026-06-29 09:47:44,705 - sistema_relatorios - gerador_contrato - INFO - Pasta de contratos verificada: C:\Users\Obras\sistema_gestao_testes\testes\Financeiro\Clientes\Contratos
2026-06-29 09:47:44,706 - sistema_relatorios - gerador_contrato - INFO - GeradorContrato inicializado com sucesso (usando python-docx)
2026-06-29 09:47:44,706 - sistema_relatorios - gerador_contrato - INFO - Obtendo dados do cliente: CLEVER LUIZ SALVADOR
2026-06-29 09:47:44,743 - sistema_relatorios - gerador_contrato - INFO - Colunas disponíveis: ['Nome', 'Endereço', 'Data Inicial', 'Observações', 'Data Final', 'Tipo Taxa', 'CPF', 'CNO', 'Estado Civil', 'Cidade', 'Grupo', 'Logradouro', 'Numero', 'Complemento', 'Localidade', 'CEP', 'Estado', 'Metragem_Alvara', 'Banco', 'Agencia', 'Conta', 'Tipo_Conta', 'PIX']
2026-06-29 09:47:44,745 - sistema_relatorios - gerador_contrato - INFO - CPF bruto obtido: 579.228.706-63 (tipo: <class 'str'>)
2026-06-29 09:47:44,745 - sistema_relatorios - gerador_contrato - INFO - CPF como string: 579.228.706-63
2026-06-29 09:47:44,746 - sistema_relatorios - gerador_contrato - INFO - CPF apenas números: 57922870663
2026-06-29 09:47:44,746 - sistema_relatorios - gerador_contrato - INFO - ✅ CPF formatado: 579.228.706-63
2026-06-29 09:47:44,747 - sistema_relatorios - gerador_contrato - INFO - CNO já formatado: 90.020.55103/61
2026-06-29 09:47:44,747 - sistema_relatorios - gerador_contrato - INFO - ✅ Dados do cliente processados - CPF final: 579.228.706-63
2026-06-29 09:47:44,748 - sistema_relatorios - gerador_contrato - INFO - Dados do cliente obtidos com sucesso: CLEVER LUIZ SALVADOR
2026-06-29 09:48:07,161 - sistema_relatorios - gestao_medicoes - INFO - Data Início alterada: 2026-07-05
2026-06-29 09:48:07,164 - sistema_relatorios - gestao_medicoes - INFO - Prazo calculado: 19 dias úteis (excluindo data início)
2026-06-29 09:48:15,541 - sistema_relatorios - gestao_medicoes - WARNING - ⚠️ Data final cai em sábado: 05/12/2026
2026-06-29 09:48:15,543 - sistema_relatorios - gestao_medicoes - INFO - Prazo calculado: 110 dias úteis (excluindo data início)
2026-06-29 09:48:45,444 - sistema_relatorios - gestao_medicoes - INFO - Data ajustada de sábado para segunda: 07/12/2026
2026-06-29 09:48:48,781 - sistema_relatorios - gestao_medicoes - INFO - Prazo calculado: 111 dias úteis (excluindo data início)
2026-06-29 09:48:48,782 - sistema_relatorios - gerador_contrato - INFO - Obtendo dados do cliente: CLEVER LUIZ SALVADOR
2026-06-29 09:48:48,820 - sistema_relatorios - gerador_contrato - INFO - Colunas disponíveis: ['Nome', 'Endereço', 'Data Inicial', 'Observações', 'Data Final', 'Tipo Taxa', 'CPF', 'CNO', 'Estado Civil', 'Cidade', 'Grupo', 'Logradouro', 'Numero', 'Complemento', 'Localidade', 'CEP', 'Estado', 'Metragem_Alvara', 'Banco', 'Agencia', 'Conta', 'Tipo_Conta', 'PIX']
2026-06-29 09:48:48,822 - sistema_relatorios - gerador_contrato - INFO - CPF bruto obtido: 579.228.706-63 (tipo: <class 'str'>)
2026-06-29 09:48:48,822 - sistema_relatorios - gerador_contrato - INFO - CPF como string: 579.228.706-63
2026-06-29 09:48:48,823 - sistema_relatorios - gerador_contrato - INFO - CPF apenas números: 57922870663
2026-06-29 09:48:48,824 - sistema_relatorios - gerador_contrato - INFO - ✅ CPF formatado: 579.228.706-63
2026-06-29 09:48:48,824 - sistema_relatorios - gerador_contrato - INFO - CNO já formatado: 90.020.55103/61
2026-06-29 09:48:48,825 - sistema_relatorios - gerador_contrato - INFO - ✅ Dados do cliente processados - CPF final: 579.228.706-63
2026-06-29 09:48:48,826 - sistema_relatorios - gerador_contrato - INFO - Dados do cliente obtidos com sucesso: CLEVER LUIZ SALVADOR
2026-06-29 09:48:48,827 - sistema_relatorios - gerador_contrato - INFO - Obtendo dados do fornecedor por nome: VISÃO INSTALAÇÕES - TAYNAN
2026-06-29 09:48:49,388 - sistema_relatorios - gerador_contrato - INFO - Colunas disponíveis na planilha de fornecedores: ['CNPJ/CPF', 'tipo_pessoa', 'RAZÃO SOCIAL', 'NOME', 'TELEFONE:', 'EMAIL:', 'BANCO:', 'OP', 'AGENCIA:', 'CONTA:', 'Chave_PIX', 'CATEGORIA: ', 'ESPECIFICACAO', 'VÍNCULO', 'DADOS BANCÁRIOS', 'ENDEREÇO', 'STATUS', 'RESPONSAVEL']
2026-06-29 09:48:49,395 - sistema_relatorios - gerador_contrato - INFO - ✅ Fornecedor encontrado na planilha
2026-06-29 09:48:49,396 - sistema_relatorios - gerador_contrato - INFO - CPF/CNPJ: 30693843000181 → 30.693.843/0001-81
2026-06-29 09:48:49,397 - sistema_relatorios - gerador_contrato - WARNING - Endereço não encontrado para fornecedor VISÃO INSTALAÇÕES - TAYNAN
2026-06-29 09:48:49,397 - sistema_relatorios - gerador_contrato - INFO - ✅ Dados obtidos: Nome=VISÃO INSTALAÇÕES - TAYNAN, CNPJ/CPF=30.693.843/0001-81, Endereço=não informado
2026-06-29 09:48:50,579 - sistema_relatorios - gerador_contrato - INFO - === INICIANDO GERAÇÃO DE CONTRATO ===
2026-06-29 09:48:50,579 - sistema_relatorios - gerador_contrato - INFO - 📋 Dados do contrato recebidos: ['data', 'cidade', 'cliente_nome', 'cliente_cno', 'cliente_cpf', 'cliente_estado_civil', 'cliente_endereco', 'fornecedor_nome', 'fornecedor_cnpj_cpf', 'fornecedor_endereco', 'endereco_obra', 'dias', 'valor', 'multa', 'dados_bancarios', 'data_condicionada', 'data_inicio', 'data_fim', 'descricao']
2026-06-29 09:48:50,580 - sistema_relatorios - gerador_contrato - INFO - Usando formato dict - Cliente: CLEVER LUIZ SALVADOR
2026-06-29 09:48:50,580 - sistema_relatorios - gerador_contrato - INFO - Fornecedor CPF/CNPJ do dict: 30.693.843/0001-81
2026-06-29 09:48:50,581 - sistema_relatorios - gerador_contrato - INFO - Prazo informado: 111 dias
2026-06-29 09:48:50,581 - sistema_relatorios - gerador_contrato - INFO - Multa informada: 0
2026-06-29 09:48:50,582 - sistema_relatorios - gerador_contrato - INFO - ✅ Dados cliente processados: CLEVER LUIZ SALVADOR
2026-06-29 09:48:50,582 - sistema_relatorios - gerador_contrato - INFO - ✅ Dados fornecedor processados: VISÃO INSTALAÇÕES - TAYNAN - 30.693.843/0001-81
2026-06-29 09:48:50,583 - sistema_relatorios - gerador_contrato - INFO - ✅ Usando prazo do formulário: 111 dias úteis
2026-06-29 09:48:50,731 - sistema_relatorios - gerador_contrato - INFO - ✅ Usando multa do formulário: R$ 0.0
2026-06-29 09:48:50,733 - sistema_relatorios - gerador_contrato - INFO - ✅ Data do contrato: 05/07/2026 (5 de julho de 2026)
2026-06-29 09:48:50,733 - sistema_relatorios - gerador_contrato - INFO - ✅ Data início dos serviços: 05/07/2026
2026-06-29 09:48:50,796 - sistema_relatorios - gerador_contrato - INFO - Fornecedor identificado como PESSOA JURÍDICA: 30.693.843/0001-81
2026-06-29 09:48:50,814 - sistema_relatorios - gerador_contrato - INFO - ✓ Contrato datado de 05/07/2026, serviços de 05/07/2026 a 07/12/2026
2026-06-29 09:48:50,831 - sistema_relatorios - gerador_contrato - INFO - ℹ️ Multa = R$ 0,00 — PARÁGRAFO ÚNICO omitido do contrato
2026-06-29 09:48:50,867 - sistema_relatorios - gerador_contrato - INFO - ✅ Contrato gerado com sucesso: C:\Users\Obras\sistema_gestao_testes\testes\Financeiro\Clientes\Contratos\Contrato_CLEVER_LUIZ_SALVADOR_20260629_094850.docx
2026-06-29 10:53:39,161 - sistema_relatorios - gestao_medicoes - INFO - ✅ Janela de Gestão de Medições fechada
2026-06-29 10:53:39,199 - sistema_relatorios - gestao_medicoes - INFO - ✅ Menu principal restaurado
2026-06-29 10:53:54,325 - sistema - logger_config - INFO - Sistema de logging inicializado
2026-06-29 10:53:54,326 - sistema_relatorios - logger_config - INFO - Usuário alterado para: sistema_relatorios
2026-06-29 10:53:54,326 - sistema_relatorios - relatorios_interface - INFO - Sistema de relatórios inicializando usando logger configurado
2026-06-29 10:53:54,326 - sistema_relatorios - relatorios_interface - INFO - Configurações de janela importadas com sucesso
2026-06-29 10:53:54,327 - sistema_relatorios - relatorios_interface - INFO - === Sistema de Relatórios Inicializando ===
2026-06-29 10:53:59,327 - sistema_relatorios - gestao_medicoes - INFO - Logger importado com sucesso em gestao_medicoes.py
2026-06-29 10:53:59,368 - sistema_relatorios - gestao_medicoes - INFO - ✅ Janela Gestão de Medições inicializada com tripla proteção de visibilidade
2026-06-29 10:54:24,660 - sistema_relatorios - gestao_medicoes - INFO - Fornecedor selecionado na aba: VISÃO INSTALAÇÕES - TAYNAN (30.693.843/0001-81)
2026-06-29 10:54:33,186 - sistema_relatorios - gestao_medicoes - INFO - Prazo calculado: 22 dias úteis (excluindo data início)
2026-06-29 10:54:33,187 - sistema_relatorios - gestao_medicoes - INFO - Formulário de contrato limpo
2026-06-29 10:54:33,473 - sistema_relatorios - gerador_contrato - INFO - Carregando serviços de: C:\Users\Obras\sistema_gestao_testes\testes\Financeiro\Planilhas_Base\servicos_construcao.json
2026-06-29 10:54:33,476 - sistema_relatorios - gerador_contrato - INFO - Serviços carregados: 10 categorias
2026-06-29 10:54:33,477 - sistema_relatorios - gerador_contrato - INFO - Pasta de contratos verificada: C:\Users\Obras\sistema_gestao_testes\testes\Financeiro\Clientes\Contratos
2026-06-29 10:54:33,478 - sistema_relatorios - gerador_contrato - INFO - GeradorContrato inicializado com sucesso (usando python-docx)
2026-06-29 10:54:33,478 - sistema_relatorios - gerador_contrato - INFO - Obtendo dados do cliente: CLEVER LUIZ SALVADOR
2026-06-29 10:54:33,515 - sistema_relatorios - gerador_contrato - INFO - Colunas disponíveis: ['Nome', 'Endereço', 'Data Inicial', 'Observações', 'Data Final', 'Tipo Taxa', 'CPF', 'CNO', 'Estado Civil', 'Cidade', 'Grupo', 'Logradouro', 'Numero', 'Complemento', 'Localidade', 'CEP', 'Estado', 'Metragem_Alvara', 'Banco', 'Agencia', 'Conta', 'Tipo_Conta', 'PIX']
2026-06-29 10:54:33,517 - sistema_relatorios - gerador_contrato - INFO - CPF bruto obtido: 579.228.706-63 (tipo: <class 'str'>)
2026-06-29 10:54:33,518 - sistema_relatorios - gerador_contrato - INFO - CPF como string: 579.228.706-63
2026-06-29 10:54:33,518 - sistema_relatorios - gerador_contrato - INFO - CPF apenas números: 57922870663
2026-06-29 10:54:33,519 - sistema_relatorios - gerador_contrato - INFO - ✅ CPF formatado: 579.228.706-63
2026-06-29 10:54:33,519 - sistema_relatorios - gerador_contrato - INFO - CNO já formatado: 90.020.55103/61
2026-06-29 10:54:33,520 - sistema_relatorios - gerador_contrato - INFO - ✅ Dados do cliente processados - CPF final: 579.228.706-63
2026-06-29 10:54:33,521 - sistema_relatorios - gerador_contrato - INFO - Dados do cliente obtidos com sucesso: CLEVER LUIZ SALVADOR
2026-06-29 10:54:43,194 - sistema_relatorios - gestao_medicoes - INFO - Data Início alterada: 2026-07-05
2026-06-29 10:54:43,197 - sistema_relatorios - gestao_medicoes - INFO - Prazo calculado: 19 dias úteis (excluindo data início)
2026-06-29 10:54:54,184 - sistema_relatorios - gestao_medicoes - INFO - Prazo calculado: 111 dias úteis (excluindo data início)
2026-06-29 11:25:15,347 - sistema_relatorios - gestao_medicoes - INFO - ✅ Janela de Gestão de Medições fechada
2026-06-29 11:25:15,396 - sistema_relatorios - gestao_medicoes - INFO - ✅ Menu principal restaurado
