2025-07-06 11:41:42,949 - sistema - logger_config - INFO - Sistema de logging inicializado
2025-07-06 11:41:42,964 - sistema_principal - logger_config - INFO - Usuário alterado para: sistema_principal
2025-07-06 11:41:42,969 - sistema_principal - sistema_principal - INFO - Abrindo sistema de relatórios
2025-07-06 11:41:42,986 - sistema_relatorios - logger_config - INFO - Usuário alterado para: sistema_relatorios
2025-07-06 11:41:42,986 - sistema_relatorios - relatorios_interface - INFO - Sistema de relatórios inicializando usando logger configurado
2025-07-06 11:41:42,996 - sistema_relatorios - relatorios_interface - INFO - Configurações de janela importadas com sucesso
2025-07-06 11:41:42,997 - sistema_relatorios - relatorios_interface - INFO - === Sistema de Relatórios Inicializando ===
2025-07-06 11:41:43,124 - sistema_relatorios - relatorios_interface - INFO - Carregando clientes de: C:\Users\Obras\sistema_gestao_testes\testes\Financeiro\Planilhas_Base\clientes.xlsx
2025-07-06 11:41:43,231 - sistema_relatorios - relatorios_interface - INFO - Colunas disponíveis: ['Nome', 'Endereço', 'Data Inicial', 'Observações', 'Data Final']
2025-07-06 11:41:43,231 - sistema_relatorios - relatorios_interface - INFO - Coluna de status: Data Final
2025-07-06 11:41:43,252 - sistema_relatorios - relatorios_interface - INFO - Coluna de nome: Nome
2025-07-06 11:41:43,255 - sistema_relatorios - relatorios_interface - INFO - Total de clientes ativos encontrados: 14
2025-07-06 11:41:43,256 - sistema_relatorios - relatorios_interface - INFO - Lista de clientes atualizada com 15 clientes
2025-07-06 11:41:43,296 - sistema_relatorios - relatorios_interface - INFO - Carregando clientes de: C:\Users\Obras\sistema_gestao_testes\testes\Financeiro\Planilhas_Base\clientes.xlsx
2025-07-06 11:41:43,313 - sistema_relatorios - relatorios_interface - INFO - Colunas disponíveis: ['Nome', 'Endereço', 'Data Inicial', 'Observações', 'Data Final']
2025-07-06 11:41:43,314 - sistema_relatorios - relatorios_interface - INFO - Coluna de status: Data Final
2025-07-06 11:41:43,314 - sistema_relatorios - relatorios_interface - INFO - Coluna de nome: Nome
2025-07-06 11:41:43,314 - sistema_relatorios - relatorios_interface - INFO - Total de clientes ativos encontrados: 14
2025-07-06 11:41:43,314 - sistema_relatorios - relatorios_interface - INFO - Lista de clientes carregada com 15 itens
2025-07-06 11:41:44,779 - sistema_relatorios - relatorios_interface - INFO - Data calculada automaticamente: 20/07/2025
2025-07-06 11:41:44,779 - sistema_relatorios - relatorios_interface - INFO - Data calculada automaticamente: 20/07/2025
2025-07-06 11:41:52,645 - sistema_relatorios - relatorios_interface - INFO - Cliente selecionado: GILMAR ALMEIDA PORTUGAL
2025-07-06 11:41:52,660 - sistema_relatorios - relatorios_interface - INFO - Arquivo encontrado: C:\Users\Obras\sistema_gestao_testes\testes\Financeiro\Clientes\GILMAR ALMEIDA PORTUGAL.xlsx
2025-07-06 11:41:52,660 - sistema_relatorios - relatorios_interface - INFO - Arquivo encontrado: C:\Users\Obras\sistema_gestao_testes\testes\Financeiro\Clientes\GILMAR ALMEIDA PORTUGAL.xlsx
2025-07-06 11:42:02,662 - sistema_relatorios - relatorios_interface - INFO - Modo manual ativado
2025-07-06 11:42:18,081 - sistema_relatorios - relatorios_interface - INFO - 🔍 INICIANDO gerar_relatorio para: despesas
2025-07-06 11:42:18,081 - sistema_relatorios - relatorios_interface - INFO - 🎯 PROCESSANDO: Relatório de despesas
2025-07-06 11:42:18,081 - sistema_relatorios - relatorios_interface - INFO - Data final obtida: 2025-07-05 00:00:00 (tipo: <class 'datetime.datetime'>)
2025-07-06 11:42:18,081 - sistema_relatorios - relatorios_interface - INFO - ✅ Arquivo encontrado em arquivo_cliente_selecionado: C:\Users\Obras\sistema_gestao_testes\testes\Financeiro\Clientes\GILMAR ALMEIDA PORTUGAL.xlsx
2025-07-06 11:42:18,081 - sistema_relatorios - relatorios_interface - INFO - ✅ Arquivo final nas configurações: C:\Users\Obras\sistema_gestao_testes\testes\Financeiro\Clientes\GILMAR ALMEIDA PORTUGAL.xlsx
2025-07-06 11:42:18,081 - sistema_relatorios - relatorios_interface - INFO - ✅ Configurações coletadas: arquivo=True
2025-07-06 11:42:21,266 - sistema_relatorios - relatorios_interface - INFO - 🚀 Executando com PREVIEW
2025-07-06 11:42:21,266 - sistema_relatorios - relatorios_interface - INFO - 🎯 EXECUTANDO RELATÓRIO SEM THREADING
2025-07-06 11:42:21,281 - sistema_relatorios - relatorios_interface - INFO - 🔧 Processando dados direto...
2025-07-06 11:42:21,286 - sistema_relatorios - relatorios_interface - INFO - 📁 Processando arquivo UMA VEZ: GILMAR ALMEIDA PORTUGAL.xlsx
2025-07-06 11:42:24,395 - sistema_relatorios - relatorios_interface - INFO - ✅ Dados carregados: 1329 registros
2025-07-06 11:42:25,076 - sistema_relatorios - relatorios_interface - INFO - ✅ Dados processados UMA VEZ: GILMAR ALMEIDA PORTUGAL
2025-07-06 11:42:25,076 - sistema_relatorios - relatorios_interface - INFO - ✅ Dados processados com sucesso
2025-07-06 11:42:25,076 - sistema_relatorios - relatorios_interface - INFO - 🔧 Abrindo preview direto...
2025-07-06 11:42:25,076 - sistema_relatorios - relatorios_interface - INFO - 🎯 ABRINDO PREVIEW ESTÁVEL - GARANTINDO VISIBILIDADE
2025-07-06 11:42:25,143 - sistema_relatorios - relatorios_interface - INFO - ✅ Janela de preview criada e posicionada
2025-07-06 11:42:25,269 - sistema_relatorios - relatorios_interface - INFO - 🔧 Gerando conteúdo do preview...
2025-07-06 11:42:25,284 - sistema_relatorios - relatorios_interface - INFO - ✅ Conteúdo inserido com sucesso
2025-07-06 11:42:25,396 - sistema_relatorios - relatorios_interface - INFO - ✅ Preview criado e DEVE ESTAR VISÍVEL na tela!
2025-07-06 11:42:26,401 - sistema_relatorios - relatorios_interface - INFO - ✅ CONFIRMADO: Preview está visível na tela!
2025-07-06 11:43:33,555 - sistema_relatorios - relatorios_interface - INFO - 🔄 Voltando para interface de relatórios...
2025-07-06 11:43:33,555 - sistema_relatorios - relatorios_interface - INFO - ✅ Interface principal restaurada
2025-07-06 11:43:33,577 - sistema_relatorios - relatorios_interface - INFO - ✅ Preview fechado
2025-07-06 11:43:39,405 - sistema_relatorios - relatorios_interface - INFO - Cliente selecionado: EDUARDO MORENO MARQUES
2025-07-06 11:43:39,405 - sistema_relatorios - relatorios_interface - INFO - Arquivo encontrado: C:\Users\Obras\sistema_gestao_testes\testes\Financeiro\Clientes\EDUARDO MORENO MARQUES.xlsx
2025-07-06 11:43:39,405 - sistema_relatorios - relatorios_interface - INFO - Arquivo encontrado: C:\Users\Obras\sistema_gestao_testes\testes\Financeiro\Clientes\EDUARDO MORENO MARQUES.xlsx
2025-07-06 11:43:41,846 - sistema_relatorios - relatorios_interface - INFO - 🔍 INICIANDO gerar_relatorio para: despesas
2025-07-06 11:43:41,846 - sistema_relatorios - relatorios_interface - INFO - 🎯 PROCESSANDO: Relatório de despesas
2025-07-06 11:43:41,846 - sistema_relatorios - relatorios_interface - INFO - Data final obtida: 2025-07-05 00:00:00 (tipo: <class 'datetime.datetime'>)
2025-07-06 11:43:41,846 - sistema_relatorios - relatorios_interface - INFO - ✅ Arquivo encontrado em arquivo_cliente_selecionado: C:\Users\Obras\sistema_gestao_testes\testes\Financeiro\Clientes\EDUARDO MORENO MARQUES.xlsx
2025-07-06 11:43:41,846 - sistema_relatorios - relatorios_interface - INFO - ✅ Arquivo final nas configurações: C:\Users\Obras\sistema_gestao_testes\testes\Financeiro\Clientes\EDUARDO MORENO MARQUES.xlsx
2025-07-06 11:43:41,846 - sistema_relatorios - relatorios_interface - INFO - ✅ Configurações coletadas: arquivo=True
2025-07-06 11:43:44,998 - sistema_relatorios - relatorios_interface - INFO - 🚀 Executando com PREVIEW
2025-07-06 11:43:44,998 - sistema_relatorios - relatorios_interface - INFO - 🎯 EXECUTANDO RELATÓRIO SEM THREADING
2025-07-06 11:43:44,998 - sistema_relatorios - relatorios_interface - INFO - 🔧 Processando dados direto...
2025-07-06 11:43:45,023 - sistema_relatorios - relatorios_interface - INFO - 📁 Processando arquivo UMA VEZ: EDUARDO MORENO MARQUES.xlsx
2025-07-06 11:43:45,323 - sistema_relatorios - relatorios_interface - INFO - ✅ Dados carregados: 704 registros
2025-07-06 11:43:45,749 - sistema_relatorios - relatorios_interface - INFO - ✅ Dados processados UMA VEZ: EDUARDO MORENO MARQUES
2025-07-06 11:43:45,749 - sistema_relatorios - relatorios_interface - INFO - ✅ Dados processados com sucesso
2025-07-06 11:43:45,766 - sistema_relatorios - relatorios_interface - INFO - 🔧 Abrindo preview direto...
2025-07-06 11:43:45,768 - sistema_relatorios - relatorios_interface - INFO - 🎯 ABRINDO PREVIEW ESTÁVEL - GARANTINDO VISIBILIDADE
2025-07-06 11:43:45,821 - sistema_relatorios - relatorios_interface - INFO - ✅ Janela de preview criada e posicionada
2025-07-06 11:43:45,821 - sistema_relatorios - relatorios_interface - INFO - 🔧 Gerando conteúdo do preview...
2025-07-06 11:43:45,834 - sistema_relatorios - relatorios_interface - INFO - ✅ Conteúdo inserido com sucesso
2025-07-06 11:43:45,887 - sistema_relatorios - relatorios_interface - INFO - ✅ Preview criado e DEVE ESTAR VISÍVEL na tela!
2025-07-06 11:43:46,885 - sistema_relatorios - relatorios_interface - INFO - ✅ CONFIRMADO: Preview está visível na tela!
2025-07-06 11:44:13,221 - sistema_relatorios - relatorios_interface - INFO - 🔄 Voltando para interface de relatórios...
2025-07-06 11:44:13,236 - sistema_relatorios - relatorios_interface - INFO - ✅ Interface principal restaurada
2025-07-06 11:44:13,252 - sistema_relatorios - relatorios_interface - INFO - ✅ Preview fechado
2025-07-06 11:44:30,101 - sistema_relatorios - relatorios_interface - INFO - Solicitado retorno ao menu principal
2025-07-06 11:44:30,101 - sistema_relatorios - relatorios_interface - INFO - Retornando ao menu principal existente
2025-07-06 11:44:30,242 - sistema_relatorios - relatorios_interface - INFO - Retorno ao menu principal concluído
2025-07-06 12:59:39,471 - sistema - logger_config - INFO - Sistema de logging inicializado
2025-07-06 12:59:39,487 - sistema_relatorios - logger_config - INFO - Usuário alterado para: sistema_relatorios
2025-07-06 12:59:39,487 - sistema_relatorios - relatorios_interface - INFO - Sistema de relatórios inicializando usando logger configurado
2025-07-06 12:59:39,487 - sistema_relatorios - relatorios_interface - INFO - Configurações de janela importadas com sucesso
2025-07-06 12:59:39,487 - sistema_relatorios - relatorios_interface - INFO - === Sistema de Relatórios Inicializando ===
2025-07-06 12:59:40,890 - sistema_relatorios - relatorios_interface - INFO - Carregando clientes de: C:\Users\Obras\sistema_gestao_testes\testes\Financeiro\Planilhas_Base\clientes.xlsx
2025-07-06 12:59:41,017 - sistema_relatorios - relatorios_interface - INFO - Colunas disponíveis: ['Nome', 'Endereço', 'Data Inicial', 'Observações', 'Data Final']
2025-07-06 12:59:41,017 - sistema_relatorios - relatorios_interface - INFO - Coluna de status: Data Final
2025-07-06 12:59:41,036 - sistema_relatorios - relatorios_interface - INFO - Coluna de nome: Nome
2025-07-06 12:59:41,037 - sistema_relatorios - relatorios_interface - INFO - Total de clientes ativos encontrados: 14
2025-07-06 12:59:41,038 - sistema_relatorios - relatorios_interface - INFO - Lista de clientes atualizada com 15 clientes
2025-07-06 12:59:41,085 - sistema_relatorios - relatorios_interface - ERROR - Erro ao aplicar melhorias: 'SistemaRelatorios' object has no attribute 'aplicar_melhorias_sistema'
2025-07-06 12:59:41,086 - sistema_relatorios - relatorios_interface - INFO - Carregando clientes de: C:\Users\Obras\sistema_gestao_testes\testes\Financeiro\Planilhas_Base\clientes.xlsx
2025-07-06 12:59:41,106 - sistema_relatorios - relatorios_interface - INFO - Colunas disponíveis: ['Nome', 'Endereço', 'Data Inicial', 'Observações', 'Data Final']
2025-07-06 12:59:41,107 - sistema_relatorios - relatorios_interface - INFO - Coluna de status: Data Final
2025-07-06 12:59:41,109 - sistema_relatorios - relatorios_interface - INFO - Coluna de nome: Nome
2025-07-06 12:59:41,111 - sistema_relatorios - relatorios_interface - INFO - Total de clientes ativos encontrados: 14
2025-07-06 12:59:41,113 - sistema_relatorios - relatorios_interface - INFO - Lista de clientes carregada com 15 itens
2025-07-06 12:59:42,594 - sistema_relatorios - relatorios_interface - INFO - Data calculada automaticamente: 20/07/2025
2025-07-06 12:59:42,594 - sistema_relatorios - relatorios_interface - INFO - Data calculada automaticamente: 20/07/2025
2025-07-06 12:59:46,590 - sistema_relatorios - relatorios_interface - INFO - Modo manual ativado
2025-07-06 12:59:51,559 - sistema_relatorios - relatorios_interface - INFO - Data calculada automaticamente: 20/07/2025
2025-07-06 12:59:59,611 - sistema_relatorios - relatorios_interface - INFO - Cliente selecionado: GILMAR ALMEIDA PORTUGAL
2025-07-06 12:59:59,611 - sistema_relatorios - relatorios_interface - INFO - Arquivo encontrado: C:\Users\Obras\sistema_gestao_testes\testes\Financeiro\Clientes\GILMAR ALMEIDA PORTUGAL.xlsx
2025-07-06 12:59:59,611 - sistema_relatorios - relatorios_interface - INFO - Arquivo encontrado: C:\Users\Obras\sistema_gestao_testes\testes\Financeiro\Clientes\GILMAR ALMEIDA PORTUGAL.xlsx
2025-07-06 13:00:10,217 - sistema_relatorios - relatorios_interface - INFO - 🔍 INICIANDO gerar_relatorio para: despesas
2025-07-06 13:00:10,217 - sistema_relatorios - relatorios_interface - INFO - 🎯 PROCESSANDO: Relatório de despesas
2025-07-06 13:00:10,217 - sistema_relatorios - relatorios_interface - INFO - Data final obtida: 2025-07-05 00:00:00 (tipo: <class 'datetime.datetime'>)
2025-07-06 13:00:10,217 - sistema_relatorios - relatorios_interface - INFO - ✅ Arquivo encontrado em arquivo_cliente_selecionado: C:\Users\Obras\sistema_gestao_testes\testes\Financeiro\Clientes\GILMAR ALMEIDA PORTUGAL.xlsx
2025-07-06 13:00:10,217 - sistema_relatorios - relatorios_interface - INFO - ✅ Arquivo final nas configurações: C:\Users\Obras\sistema_gestao_testes\testes\Financeiro\Clientes\GILMAR ALMEIDA PORTUGAL.xlsx
2025-07-06 13:00:10,233 - sistema_relatorios - relatorios_interface - INFO - ✅ Configurações coletadas: arquivo=True
2025-07-06 13:00:12,271 - sistema_relatorios - relatorios_interface - INFO - 🚀 Executando com PREVIEW
2025-07-06 13:00:12,271 - sistema_relatorios - relatorios_interface - INFO - 🎯 EXECUTANDO RELATÓRIO SEM THREADING
2025-07-06 13:00:12,292 - sistema_relatorios - relatorios_interface - INFO - 🔧 Processando dados direto...
2025-07-06 13:00:12,294 - sistema_relatorios - relatorios_interface - INFO - 📁 Processando arquivo: GILMAR ALMEIDA PORTUGAL.xlsx
2025-07-06 13:00:14,557 - sistema_relatorios - relatorios_interface - INFO - ✅ Dados carregados: 1329 registros
2025-07-06 13:00:14,603 - sistema_relatorios - relatorios_interface - INFO - 📊 Dados processados:
2025-07-06 13:00:14,603 - sistema_relatorios - relatorios_interface - INFO -    - df_filtrado: 36 registros
2025-07-06 13:00:14,603 - sistema_relatorios - relatorios_interface - INFO -    - df_diaria: 9 registros
2025-07-06 13:00:14,603 - sistema_relatorios - relatorios_interface - INFO -    - df_tp_desp_1: 33 registros
2025-07-06 13:00:14,603 - sistema_relatorios - relatorios_interface - INFO -    - df_tp_desp_2: 0 registros
2025-07-06 13:00:14,603 - sistema_relatorios - relatorios_interface - WARNING - Método processar_lancamentos_futuros não encontrado
2025-07-06 13:00:15,274 - sistema_relatorios - relatorios_interface - INFO - 📋 Cliente: GILMAR ALMEIDA PORTUGAL
2025-07-06 13:00:15,275 - sistema_relatorios - relatorios_interface - INFO - 📋 Relatório nº: 29
2025-07-06 13:00:15,276 - sistema_relatorios - relatorios_interface - INFO - 📋 Acumulado: R$ 3,871,156.75
2025-07-06 13:00:15,277 - sistema_relatorios - relatorios_interface - INFO - ✅ Dados processados com sucesso para: GILMAR ALMEIDA PORTUGAL
2025-07-06 13:00:15,277 - sistema_relatorios - relatorios_interface - INFO - ✅ Dados processados com sucesso
2025-07-06 13:00:15,282 - sistema_relatorios - relatorios_interface - INFO - 🔧 Abrindo preview direto...
2025-07-06 13:00:15,284 - sistema_relatorios - relatorios_interface - INFO - 🎯 ABRINDO PREVIEW ESTÁVEL - GARANTINDO VISIBILIDADE
2025-07-06 13:00:15,345 - sistema_relatorios - relatorios_interface - INFO - ✅ Janela de preview criada e posicionada
2025-07-06 13:00:15,417 - sistema_relatorios - relatorios_interface - INFO - 🔧 Gerando conteúdo do preview...
2025-07-06 13:00:15,434 - sistema_relatorios - relatorios_interface - INFO - ✅ Conteúdo inserido com sucesso
2025-07-06 13:00:15,582 - sistema_relatorios - relatorios_interface - INFO - ✅ Preview criado e DEVE ESTAR VISÍVEL na tela!
2025-07-06 13:00:16,582 - sistema_relatorios - relatorios_interface - INFO - ✅ CONFIRMADO: Preview está visível na tela!
2025-07-06 13:01:00,583 - sistema_relatorios - relatorios_interface - INFO - 🔄 Voltando para interface de relatórios...
2025-07-06 13:01:00,583 - sistema_relatorios - relatorios_interface - INFO - ✅ Interface principal restaurada
2025-07-06 13:01:00,602 - sistema_relatorios - relatorios_interface - INFO - ✅ Preview fechado
2025-07-06 13:01:03,715 - sistema_relatorios - relatorios_interface - INFO - Solicitado retorno ao menu principal
2025-07-06 13:01:03,715 - sistema_relatorios - relatorios_interface - INFO - Não há menu principal válido, fechando aplicação
2025-07-06 13:17:08,545 - sistema - logger_config - INFO - Sistema de logging inicializado
2025-07-06 13:17:08,546 - sistema_relatorios - logger_config - INFO - Usuário alterado para: sistema_relatorios
2025-07-06 13:17:08,547 - sistema_relatorios - relatorios_interface - INFO - Sistema de relatórios inicializando usando logger configurado
2025-07-06 13:17:08,548 - sistema_relatorios - relatorios_interface - INFO - Configurações de janela importadas com sucesso
2025-07-06 13:17:08,548 - sistema_relatorios - relatorios_interface - INFO - === Sistema de Relatórios Inicializando ===
2025-07-06 13:17:09,763 - sistema_relatorios - relatorios_interface - INFO - Carregando clientes de: C:\Users\Obras\sistema_gestao_testes\testes\Financeiro\Planilhas_Base\clientes.xlsx
2025-07-06 13:17:09,829 - sistema_relatorios - relatorios_interface - INFO - Colunas disponíveis: ['Nome', 'Endereço', 'Data Inicial', 'Observações', 'Data Final']
2025-07-06 13:17:09,829 - sistema_relatorios - relatorios_interface - INFO - Coluna de status: Data Final
2025-07-06 13:17:09,841 - sistema_relatorios - relatorios_interface - INFO - Coluna de nome: Nome
2025-07-06 13:17:09,842 - sistema_relatorios - relatorios_interface - INFO - Total de clientes ativos encontrados: 14
2025-07-06 13:17:09,843 - sistema_relatorios - relatorios_interface - INFO - Lista de clientes atualizada com 15 clientes
2025-07-06 13:17:09,878 - sistema_relatorios - relatorios_interface - INFO - 🔧 APLICANDO MELHORIAS AO SISTEMA
2025-07-06 13:17:09,879 - sistema_relatorios - relatorios_interface - ERROR - Erro ao aplicar melhorias: name 'processar_dados_completo_otimizado' is not defined
2025-07-06 13:17:09,879 - sistema_relatorios - relatorios_interface - ERROR - Erro ao aplicar melhorias: 'SistemaRelatorios' object has no attribute 'aplicar_correcoes_especificas'
2025-07-06 13:17:09,880 - sistema_relatorios - relatorios_interface - INFO - Carregando clientes de: C:\Users\Obras\sistema_gestao_testes\testes\Financeiro\Planilhas_Base\clientes.xlsx
2025-07-06 13:17:09,894 - sistema_relatorios - relatorios_interface - INFO - Colunas disponíveis: ['Nome', 'Endereço', 'Data Inicial', 'Observações', 'Data Final']
2025-07-06 13:17:09,895 - sistema_relatorios - relatorios_interface - INFO - Coluna de status: Data Final
2025-07-06 13:17:09,897 - sistema_relatorios - relatorios_interface - INFO - Coluna de nome: Nome
2025-07-06 13:17:09,897 - sistema_relatorios - relatorios_interface - INFO - Total de clientes ativos encontrados: 14
2025-07-06 13:17:09,898 - sistema_relatorios - relatorios_interface - INFO - Lista de clientes carregada com 15 itens
2025-07-06 13:17:11,388 - sistema_relatorios - relatorios_interface - INFO - Data calculada automaticamente: 20/07/2025
2025-07-06 13:17:11,389 - sistema_relatorios - relatorios_interface - INFO - Data calculada automaticamente: 20/07/2025
2025-07-06 13:17:15,096 - sistema_relatorios - relatorios_interface - INFO - Modo manual ativado
2025-07-06 13:17:23,065 - sistema_relatorios - relatorios_interface - INFO - Cliente selecionado: GILMAR ALMEIDA PORTUGAL
2025-07-06 13:17:23,067 - sistema_relatorios - relatorios_interface - INFO - Arquivo encontrado: C:\Users\Obras\sistema_gestao_testes\testes\Financeiro\Clientes\GILMAR ALMEIDA PORTUGAL.xlsx
2025-07-06 13:17:23,079 - sistema_relatorios - relatorios_interface - INFO - Arquivo encontrado: C:\Users\Obras\sistema_gestao_testes\testes\Financeiro\Clientes\GILMAR ALMEIDA PORTUGAL.xlsx
2025-07-06 13:17:25,072 - sistema_relatorios - relatorios_interface - INFO - 🚀 INICIANDO GERAÇÃO INTEGRADA: despesas
2025-07-06 13:17:25,073 - sistema_relatorios - relatorios_interface - INFO - Data final obtida: 2025-07-05 00:00:00 (tipo: <class 'datetime.datetime'>)
2025-07-06 13:17:25,074 - sistema_relatorios - relatorios_interface - INFO - ✅ Arquivo encontrado em arquivo_cliente_selecionado: C:\Users\Obras\sistema_gestao_testes\testes\Financeiro\Clientes\GILMAR ALMEIDA PORTUGAL.xlsx
2025-07-06 13:17:25,074 - sistema_relatorios - relatorios_interface - INFO - ✅ Arquivo final nas configurações: C:\Users\Obras\sistema_gestao_testes\testes\Financeiro\Clientes\GILMAR ALMEIDA PORTUGAL.xlsx
2025-07-06 13:17:26,817 - sistema_relatorios - relatorios_interface - INFO - 🎯 EXECUTANDO FLUXO PREVIEW COMPLETO
2025-07-06 13:17:26,978 - sistema_relatorios - relatorios_interface - INFO - 📁 Processando arquivo: GILMAR ALMEIDA PORTUGAL.xlsx
2025-07-06 13:17:30,404 - sistema_relatorios - relatorios_interface - INFO - ✅ Dados carregados: 1329 registros
2025-07-06 13:17:30,451 - sistema_relatorios - relatorios_interface - INFO - 📊 Dados processados:
2025-07-06 13:17:30,452 - sistema_relatorios - relatorios_interface - INFO -    - df_filtrado: 36 registros
2025-07-06 13:17:30,452 - sistema_relatorios - relatorios_interface - INFO -    - df_diaria: 9 registros
2025-07-06 13:17:30,455 - sistema_relatorios - relatorios_interface - INFO -    - df_tp_desp_1: 33 registros
2025-07-06 13:17:30,456 - sistema_relatorios - relatorios_interface - INFO -    - df_tp_desp_2: 0 registros
2025-07-06 13:17:30,457 - sistema_relatorios - relatorios_interface - WARNING - Método processar_lancamentos_futuros não encontrado
2025-07-06 13:17:31,112 - sistema_relatorios - relatorios_interface - INFO - 📋 Cliente: GILMAR ALMEIDA PORTUGAL
2025-07-06 13:17:31,117 - sistema_relatorios - relatorios_interface - INFO - 📋 Relatório nº: 29
2025-07-06 13:17:31,123 - sistema_relatorios - relatorios_interface - INFO - 📋 Acumulado: R$ 3,871,156.75
2025-07-06 13:17:31,124 - sistema_relatorios - relatorios_interface - INFO - ✅ Dados processados com sucesso para: GILMAR ALMEIDA PORTUGAL
2025-07-06 13:17:31,129 - sistema_relatorios - relatorios_interface - INFO - 🎯 ABRINDO PREVIEW MELHORADO
2025-07-06 13:17:31,316 - sistema_relatorios - relatorios_interface - INFO - ✅ Preview melhorado aberto com sucesso
2025-07-06 13:23:57,852 - sistema - logger_config - INFO - Sistema de logging inicializado
2025-07-06 13:23:57,853 - sistema_relatorios - logger_config - INFO - Usuário alterado para: sistema_relatorios
2025-07-06 13:23:57,854 - sistema_relatorios - relatorios_interface - INFO - Sistema de relatórios inicializando usando logger configurado
2025-07-06 13:23:57,854 - sistema_relatorios - relatorios_interface - INFO - Configurações de janela importadas com sucesso
2025-07-06 13:23:57,854 - sistema_relatorios - relatorios_interface - INFO - === Sistema de Relatórios Inicializando ===
2025-07-06 13:23:59,219 - sistema_relatorios - relatorios_interface - INFO - Carregando clientes de: C:\Users\Obras\sistema_gestao_testes\testes\Financeiro\Planilhas_Base\clientes.xlsx
2025-07-06 13:23:59,294 - sistema_relatorios - relatorios_interface - INFO - Colunas disponíveis: ['Nome', 'Endereço', 'Data Inicial', 'Observações', 'Data Final']
2025-07-06 13:23:59,294 - sistema_relatorios - relatorios_interface - INFO - Coluna de status: Data Final
2025-07-06 13:23:59,306 - sistema_relatorios - relatorios_interface - INFO - Coluna de nome: Nome
2025-07-06 13:23:59,307 - sistema_relatorios - relatorios_interface - INFO - Total de clientes ativos encontrados: 14
2025-07-06 13:23:59,308 - sistema_relatorios - relatorios_interface - INFO - Lista de clientes atualizada com 15 clientes
2025-07-06 13:23:59,354 - sistema_relatorios - relatorios_interface - INFO - Carregando clientes de: C:\Users\Obras\sistema_gestao_testes\testes\Financeiro\Planilhas_Base\clientes.xlsx
2025-07-06 13:23:59,369 - sistema_relatorios - relatorios_interface - INFO - Colunas disponíveis: ['Nome', 'Endereço', 'Data Inicial', 'Observações', 'Data Final']
2025-07-06 13:23:59,370 - sistema_relatorios - relatorios_interface - INFO - Coluna de status: Data Final
2025-07-06 13:23:59,372 - sistema_relatorios - relatorios_interface - INFO - Coluna de nome: Nome
2025-07-06 13:23:59,373 - sistema_relatorios - relatorios_interface - INFO - Total de clientes ativos encontrados: 14
2025-07-06 13:23:59,374 - sistema_relatorios - relatorios_interface - INFO - Lista de clientes carregada com 15 itens
2025-07-06 13:24:00,891 - sistema_relatorios - relatorios_interface - INFO - Data calculada automaticamente: 20/07/2025
2025-07-06 13:24:00,892 - sistema_relatorios - relatorios_interface - INFO - Data calculada automaticamente: 20/07/2025
2025-07-06 13:24:04,883 - sistema_relatorios - relatorios_interface - INFO - Modo manual ativado
2025-07-06 13:24:11,013 - sistema_relatorios - relatorios_interface - INFO - Cliente selecionado: CLEVER LUIZ SALVADOR
2025-07-06 13:24:11,015 - sistema_relatorios - relatorios_interface - INFO - Arquivo encontrado: C:\Users\Obras\sistema_gestao_testes\testes\Financeiro\Clientes\CLEVER LUIZ SALVADOR.xlsx
2025-07-06 13:24:11,024 - sistema_relatorios - relatorios_interface - INFO - Arquivo encontrado: C:\Users\Obras\sistema_gestao_testes\testes\Financeiro\Clientes\CLEVER LUIZ SALVADOR.xlsx
2025-07-06 13:24:12,516 - sistema_relatorios - relatorios_interface - INFO - 🔍 INICIANDO gerar_relatorio para: despesas
2025-07-06 13:24:12,516 - sistema_relatorios - relatorios_interface - INFO - 🎯 PROCESSANDO: Relatório de despesas
2025-07-06 13:24:12,517 - sistema_relatorios - relatorios_interface - INFO - Data final obtida: 2025-07-05 00:00:00 (tipo: <class 'datetime.datetime'>)
2025-07-06 13:24:12,518 - sistema_relatorios - relatorios_interface - INFO - ✅ Arquivo encontrado em arquivo_cliente_selecionado: C:\Users\Obras\sistema_gestao_testes\testes\Financeiro\Clientes\CLEVER LUIZ SALVADOR.xlsx
2025-07-06 13:24:12,518 - sistema_relatorios - relatorios_interface - INFO - ✅ Arquivo final nas configurações: C:\Users\Obras\sistema_gestao_testes\testes\Financeiro\Clientes\CLEVER LUIZ SALVADOR.xlsx
2025-07-06 13:24:12,519 - sistema_relatorios - relatorios_interface - INFO - ✅ Configurações coletadas: arquivo=True
2025-07-06 13:24:14,028 - sistema_relatorios - relatorios_interface - INFO - 🚀 Executando com PREVIEW
2025-07-06 13:24:14,029 - sistema_relatorios - relatorios_interface - INFO - 🎯 EXECUTANDO RELATÓRIO SEM THREADING
2025-07-06 13:24:14,041 - sistema_relatorios - relatorios_interface - INFO - 🔧 Processando dados direto...
2025-07-06 13:24:14,042 - sistema_relatorios - relatorios_interface - INFO - 📁 Processando arquivo: CLEVER LUIZ SALVADOR.xlsx
2025-07-06 13:24:16,189 - sistema_relatorios - relatorios_interface - INFO - ✅ Dados carregados: 782 registros
2025-07-06 13:24:16,247 - sistema_relatorios - relatorios_interface - INFO - 📊 Dados processados:
2025-07-06 13:24:16,252 - sistema_relatorios - relatorios_interface - INFO -    - df_filtrado: 19 registros
2025-07-06 13:24:16,256 - sistema_relatorios - relatorios_interface - INFO -    - df_diaria: 1 registros
2025-07-06 13:24:16,258 - sistema_relatorios - relatorios_interface - INFO -    - df_tp_desp_1: 33 registros
2025-07-06 13:24:16,259 - sistema_relatorios - relatorios_interface - INFO -    - df_tp_desp_2: 0 registros
2025-07-06 13:24:16,260 - sistema_relatorios - relatorios_interface - WARNING - Método processar_lancamentos_futuros não encontrado
2025-07-06 13:24:16,692 - sistema_relatorios - relatorios_interface - INFO - 📋 Cliente: CLEVER LUIZ SALVADOR
2025-07-06 13:24:16,693 - sistema_relatorios - relatorios_interface - INFO - 📋 Relatório nº: 21
2025-07-06 13:24:16,694 - sistema_relatorios - relatorios_interface - INFO - 📋 Acumulado: R$ 2,199,915.92
2025-07-06 13:24:16,695 - sistema_relatorios - relatorios_interface - INFO - ✅ Dados processados com sucesso para: CLEVER LUIZ SALVADOR
2025-07-06 13:24:16,696 - sistema_relatorios - relatorios_interface - INFO - ✅ Dados processados com sucesso
2025-07-06 13:24:16,702 - sistema_relatorios - relatorios_interface - INFO - 🔧 Abrindo preview direto...
2025-07-06 13:24:16,704 - sistema_relatorios - relatorios_interface - INFO - 🎯 ABRINDO PREVIEW ESTÁVEL - GARANTINDO VISIBILIDADE
2025-07-06 13:24:16,768 - sistema_relatorios - relatorios_interface - INFO - ✅ Janela de preview criada e posicionada
2025-07-06 13:24:16,840 - sistema_relatorios - relatorios_interface - INFO - 🔧 Gerando conteúdo do preview...
2025-07-06 13:24:16,845 - sistema_relatorios - relatorios_interface - INFO - ✅ Conteúdo inserido com sucesso
2025-07-06 13:24:16,944 - sistema_relatorios - relatorios_interface - INFO - ✅ Preview criado e DEVE ESTAR VISÍVEL na tela!
2025-07-06 13:24:17,948 - sistema_relatorios - relatorios_interface - INFO - ✅ CONFIRMADO: Preview está visível na tela!
2025-07-06 13:24:19,500 - sistema_relatorios - relatorios_interface - INFO - 🔄 Voltando para interface de relatórios...
2025-07-06 13:24:19,504 - sistema_relatorios - relatorios_interface - INFO - ✅ Interface principal restaurada
2025-07-06 13:24:19,516 - sistema_relatorios - relatorios_interface - INFO - ✅ Preview fechado
2025-07-06 13:24:21,795 - sistema_relatorios - relatorios_interface - INFO - Solicitado retorno ao menu principal
2025-07-06 13:24:21,796 - sistema_relatorios - relatorios_interface - INFO - Não há menu principal válido, fechando aplicação
2025-07-06 13:27:07,542 - sistema - logger_config - INFO - Sistema de logging inicializado
2025-07-06 13:27:07,545 - sistema_relatorios - logger_config - INFO - Usuário alterado para: sistema_relatorios
2025-07-06 13:27:07,545 - sistema_relatorios - relatorios_interface - INFO - Sistema de relatórios inicializando usando logger configurado
2025-07-06 13:27:07,546 - sistema_relatorios - relatorios_interface - INFO - Configurações de janela importadas com sucesso
2025-07-06 13:27:07,546 - sistema_relatorios - relatorios_interface - INFO - === Sistema de Relatórios Inicializando ===
2025-07-06 13:27:08,924 - sistema_relatorios - relatorios_interface - INFO - Carregando clientes de: C:\Users\Obras\sistema_gestao_testes\testes\Financeiro\Planilhas_Base\clientes.xlsx
2025-07-06 13:27:08,983 - sistema_relatorios - relatorios_interface - INFO - Colunas disponíveis: ['Nome', 'Endereço', 'Data Inicial', 'Observações', 'Data Final']
2025-07-06 13:27:08,984 - sistema_relatorios - relatorios_interface - INFO - Coluna de status: Data Final
2025-07-06 13:27:08,995 - sistema_relatorios - relatorios_interface - INFO - Coluna de nome: Nome
2025-07-06 13:27:08,996 - sistema_relatorios - relatorios_interface - INFO - Total de clientes ativos encontrados: 14
2025-07-06 13:27:08,997 - sistema_relatorios - relatorios_interface - INFO - Lista de clientes atualizada com 15 clientes
2025-07-06 13:27:09,034 - sistema_relatorios - relatorios_interface - INFO - Carregando clientes de: C:\Users\Obras\sistema_gestao_testes\testes\Financeiro\Planilhas_Base\clientes.xlsx
2025-07-06 13:27:09,050 - sistema_relatorios - relatorios_interface - INFO - Colunas disponíveis: ['Nome', 'Endereço', 'Data Inicial', 'Observações', 'Data Final']
2025-07-06 13:27:09,051 - sistema_relatorios - relatorios_interface - INFO - Coluna de status: Data Final
2025-07-06 13:27:09,054 - sistema_relatorios - relatorios_interface - INFO - Coluna de nome: Nome
2025-07-06 13:27:09,055 - sistema_relatorios - relatorios_interface - INFO - Total de clientes ativos encontrados: 14
2025-07-06 13:27:09,055 - sistema_relatorios - relatorios_interface - INFO - Lista de clientes carregada com 15 itens
2025-07-06 13:27:10,582 - sistema_relatorios - relatorios_interface - INFO - Data calculada automaticamente: 20/07/2025
2025-07-06 13:27:10,584 - sistema_relatorios - relatorios_interface - INFO - Data calculada automaticamente: 20/07/2025
2025-07-06 13:27:14,105 - sistema_relatorios - relatorios_interface - INFO - Modo manual ativado
2025-07-06 13:27:21,083 - sistema_relatorios - relatorios_interface - INFO - Cliente selecionado: CLEVER LUIZ SALVADOR
2025-07-06 13:27:21,084 - sistema_relatorios - relatorios_interface - INFO - Arquivo encontrado: C:\Users\Obras\sistema_gestao_testes\testes\Financeiro\Clientes\CLEVER LUIZ SALVADOR.xlsx
2025-07-06 13:27:21,092 - sistema_relatorios - relatorios_interface - INFO - Arquivo encontrado: C:\Users\Obras\sistema_gestao_testes\testes\Financeiro\Clientes\CLEVER LUIZ SALVADOR.xlsx
2025-07-06 13:27:22,634 - sistema_relatorios - relatorios_interface - INFO - 🔍 INICIANDO gerar_relatorio para: despesas
2025-07-06 13:27:22,634 - sistema_relatorios - relatorios_interface - INFO - 🎯 PROCESSANDO: Relatório de despesas
2025-07-06 13:27:22,635 - sistema_relatorios - relatorios_interface - INFO - Data final obtida: 2025-07-05 00:00:00 (tipo: <class 'datetime.datetime'>)
2025-07-06 13:27:22,635 - sistema_relatorios - relatorios_interface - INFO - ✅ Arquivo encontrado em arquivo_cliente_selecionado: C:\Users\Obras\sistema_gestao_testes\testes\Financeiro\Clientes\CLEVER LUIZ SALVADOR.xlsx
2025-07-06 13:27:22,635 - sistema_relatorios - relatorios_interface - INFO - ✅ Arquivo final nas configurações: C:\Users\Obras\sistema_gestao_testes\testes\Financeiro\Clientes\CLEVER LUIZ SALVADOR.xlsx
2025-07-06 13:27:22,636 - sistema_relatorios - relatorios_interface - INFO - ✅ Configurações coletadas: arquivo=True
2025-07-06 13:27:25,041 - sistema_relatorios - relatorios_interface - INFO - 🚀 Executando com PREVIEW
2025-07-06 13:27:25,042 - sistema_relatorios - relatorios_interface - INFO - 🎯 EXECUTANDO RELATÓRIO SEM THREADING
2025-07-06 13:27:25,055 - sistema_relatorios - relatorios_interface - INFO - 🔧 Processando dados direto...
2025-07-06 13:27:25,061 - sistema_relatorios - relatorios_interface - INFO - 📁 Processando arquivo: CLEVER LUIZ SALVADOR.xlsx
2025-07-06 13:27:28,213 - sistema_relatorios - relatorios_interface - INFO - ✅ Dados carregados: 782 registros
2025-07-06 13:27:28,253 - sistema_relatorios - relatorios_interface - INFO - 📊 Dados processados:
2025-07-06 13:27:28,254 - sistema_relatorios - relatorios_interface - INFO -    - df_filtrado: 19 registros
2025-07-06 13:27:28,255 - sistema_relatorios - relatorios_interface - INFO -    - df_diaria: 1 registros
2025-07-06 13:27:28,255 - sistema_relatorios - relatorios_interface - INFO -    - df_tp_desp_1: 33 registros
2025-07-06 13:27:28,256 - sistema_relatorios - relatorios_interface - INFO -    - df_tp_desp_2: 0 registros
2025-07-06 13:27:28,257 - sistema_relatorios - relatorios_interface - WARNING - Método processar_lancamentos_futuros não encontrado
2025-07-06 13:27:28,695 - sistema_relatorios - relatorios_interface - INFO - 📋 Cliente: CLEVER LUIZ SALVADOR
2025-07-06 13:27:28,697 - sistema_relatorios - relatorios_interface - INFO - 📋 Relatório nº: 21
2025-07-06 13:27:28,699 - sistema_relatorios - relatorios_interface - INFO - 📋 Acumulado: R$ 2,199,915.92
2025-07-06 13:27:28,701 - sistema_relatorios - relatorios_interface - INFO - ✅ Dados processados com sucesso para: CLEVER LUIZ SALVADOR
2025-07-06 13:27:28,702 - sistema_relatorios - relatorios_interface - INFO - ✅ Dados processados com sucesso
2025-07-06 13:27:28,706 - sistema_relatorios - relatorios_interface - INFO - 🔧 Abrindo preview direto...
2025-07-06 13:27:28,707 - sistema_relatorios - relatorios_interface - INFO - 🎯 ABRINDO PREVIEW ESTÁVEL - GARANTINDO VISIBILIDADE
2025-07-06 13:27:28,770 - sistema_relatorios - relatorios_interface - INFO - ✅ Janela de preview criada e posicionada
2025-07-06 13:27:28,836 - sistema_relatorios - relatorios_interface - INFO - 🔧 Gerando conteúdo do preview...
2025-07-06 13:27:28,841 - sistema_relatorios - relatorios_interface - INFO - ✅ Conteúdo inserido com sucesso
2025-07-06 13:27:29,120 - sistema_relatorios - relatorios_interface - INFO - ✅ Preview criado e DEVE ESTAR VISÍVEL na tela!
2025-07-06 13:27:30,122 - sistema_relatorios - relatorios_interface - INFO - ✅ CONFIRMADO: Preview está visível na tela!
2025-07-06 13:27:56,217 - sistema_relatorios - relatorios_interface - INFO - 🔄 Voltando para interface de relatórios...
2025-07-06 13:27:56,222 - sistema_relatorios - relatorios_interface - INFO - ✅ Interface principal restaurada
2025-07-06 13:27:56,241 - sistema_relatorios - relatorios_interface - INFO - ✅ Preview fechado
2025-07-06 13:40:30,680 - sistema_relatorios - relatorios_interface - INFO - Solicitado retorno ao menu principal
2025-07-06 13:40:30,682 - sistema_relatorios - relatorios_interface - INFO - Não há menu principal válido, fechando aplicação
2025-07-06 13:40:32,467 - sistema - logger_config - INFO - Sistema de logging inicializado
2025-07-06 13:40:32,469 - sistema_relatorios - logger_config - INFO - Usuário alterado para: sistema_relatorios
2025-07-06 13:40:32,471 - sistema_relatorios - relatorios_interface - INFO - Sistema de relatórios inicializando usando logger configurado
2025-07-06 13:40:32,472 - sistema_relatorios - relatorios_interface - INFO - Configurações de janela importadas com sucesso
2025-07-06 13:40:32,473 - sistema_relatorios - relatorios_interface - INFO - === Sistema de Relatórios Inicializando ===
2025-07-06 13:40:33,448 - sistema_relatorios - relatorios_interface - INFO - Carregando clientes de: C:\Users\Obras\sistema_gestao_testes\testes\Financeiro\Planilhas_Base\clientes.xlsx
2025-07-06 13:40:33,496 - sistema_relatorios - relatorios_interface - INFO - Colunas disponíveis: ['Nome', 'Endereço', 'Data Inicial', 'Observações', 'Data Final']
2025-07-06 13:40:33,496 - sistema_relatorios - relatorios_interface - INFO - Coluna de status: Data Final
2025-07-06 13:40:33,498 - sistema_relatorios - relatorios_interface - INFO - Coluna de nome: Nome
2025-07-06 13:40:33,499 - sistema_relatorios - relatorios_interface - INFO - Total de clientes ativos encontrados: 14
2025-07-06 13:40:33,499 - sistema_relatorios - relatorios_interface - INFO - Lista de clientes atualizada com 15 clientes
2025-07-06 13:40:33,530 - sistema_relatorios - relatorios_interface - INFO - Carregando clientes de: C:\Users\Obras\sistema_gestao_testes\testes\Financeiro\Planilhas_Base\clientes.xlsx
2025-07-06 13:40:33,545 - sistema_relatorios - relatorios_interface - INFO - Colunas disponíveis: ['Nome', 'Endereço', 'Data Inicial', 'Observações', 'Data Final']
2025-07-06 13:40:33,546 - sistema_relatorios - relatorios_interface - INFO - Coluna de status: Data Final
2025-07-06 13:40:33,549 - sistema_relatorios - relatorios_interface - INFO - Coluna de nome: Nome
2025-07-06 13:40:33,551 - sistema_relatorios - relatorios_interface - INFO - Total de clientes ativos encontrados: 14
2025-07-06 13:40:33,551 - sistema_relatorios - relatorios_interface - INFO - Lista de clientes carregada com 15 itens
2025-07-06 13:40:35,476 - sistema_relatorios - relatorios_interface - INFO - Data calculada automaticamente: 20/07/2025
2025-07-06 13:40:35,477 - sistema_relatorios - relatorios_interface - INFO - Data calculada automaticamente: 20/07/2025
2025-07-06 13:40:39,016 - sistema_relatorios - relatorios_interface - INFO - Modo manual ativado
2025-07-06 13:40:45,738 - sistema_relatorios - relatorios_interface - INFO - Cliente selecionado: EDUARDO MORENO MARQUES
2025-07-06 13:40:45,740 - sistema_relatorios - relatorios_interface - INFO - Arquivo encontrado: C:\Users\Obras\sistema_gestao_testes\testes\Financeiro\Clientes\EDUARDO MORENO MARQUES.xlsx
2025-07-06 13:40:45,747 - sistema_relatorios - relatorios_interface - INFO - Arquivo encontrado: C:\Users\Obras\sistema_gestao_testes\testes\Financeiro\Clientes\EDUARDO MORENO MARQUES.xlsx
2025-07-06 13:40:47,568 - sistema_relatorios - relatorios_interface - INFO - 🔍 INICIANDO gerar_relatorio para: despesas
2025-07-06 13:40:47,569 - sistema_relatorios - relatorios_interface - INFO - 🎯 PROCESSANDO: Relatório de despesas
2025-07-06 13:40:47,571 - sistema_relatorios - relatorios_interface - INFO - Data final obtida: 2025-07-05 00:00:00 (tipo: <class 'datetime.datetime'>)
2025-07-06 13:40:47,571 - sistema_relatorios - relatorios_interface - INFO - ✅ Arquivo encontrado em arquivo_cliente_selecionado: C:\Users\Obras\sistema_gestao_testes\testes\Financeiro\Clientes\EDUARDO MORENO MARQUES.xlsx
2025-07-06 13:40:47,572 - sistema_relatorios - relatorios_interface - INFO - ✅ Arquivo final nas configurações: C:\Users\Obras\sistema_gestao_testes\testes\Financeiro\Clientes\EDUARDO MORENO MARQUES.xlsx
2025-07-06 13:40:47,573 - sistema_relatorios - relatorios_interface - INFO - ✅ Configurações coletadas: arquivo=True
2025-07-06 13:40:49,967 - sistema_relatorios - relatorios_interface - INFO - 🚀 Executando com PREVIEW
2025-07-06 13:40:49,968 - sistema_relatorios - relatorios_interface - INFO - 🎯 EXECUTANDO RELATÓRIO SEM THREADING
2025-07-06 13:40:49,982 - sistema_relatorios - relatorios_interface - INFO - 🔧 Processando dados direto...
2025-07-06 13:40:49,983 - sistema_relatorios - relatorios_interface - INFO - 📁 Processando arquivo: EDUARDO MORENO MARQUES.xlsx
2025-07-06 13:40:51,832 - sistema_relatorios - relatorios_interface - INFO - ✅ Dados carregados: 704 registros
2025-07-06 13:40:51,866 - sistema_relatorios - relatorios_interface - INFO - 📊 Dados processados:
2025-07-06 13:40:51,866 - sistema_relatorios - relatorios_interface - INFO -    - df_filtrado: 26 registros
2025-07-06 13:40:51,867 - sistema_relatorios - relatorios_interface - INFO -    - df_diaria: 5 registros
2025-07-06 13:40:51,868 - sistema_relatorios - relatorios_interface - INFO -    - df_tp_desp_1: 15 registros
2025-07-06 13:40:51,869 - sistema_relatorios - relatorios_interface - INFO -    - df_tp_desp_2: 0 registros
2025-07-06 13:40:51,870 - sistema_relatorios - relatorios_interface - WARNING - Método processar_lancamentos_futuros não encontrado
2025-07-06 13:40:52,268 - sistema_relatorios - relatorios_interface - INFO - 📋 Cliente: EDUARDO MORENO MARQUES
2025-07-06 13:40:52,269 - sistema_relatorios - relatorios_interface - INFO - 📋 Relatório nº: 23
2025-07-06 13:40:52,271 - sistema_relatorios - relatorios_interface - INFO - 📋 Acumulado: R$ 1,177,709.61
2025-07-06 13:40:52,272 - sistema_relatorios - relatorios_interface - INFO - ✅ Dados processados com sucesso para: EDUARDO MORENO MARQUES
2025-07-06 13:40:52,273 - sistema_relatorios - relatorios_interface - INFO - ✅ Dados processados com sucesso
2025-07-06 13:40:52,277 - sistema_relatorios - relatorios_interface - INFO - 🔧 Abrindo preview direto...
2025-07-06 13:40:52,278 - sistema_relatorios - relatorios_interface - INFO - 🎯 ABRINDO PREVIEW ESTÁVEL - GARANTINDO VISIBILIDADE
2025-07-06 13:40:52,338 - sistema_relatorios - relatorios_interface - INFO - ✅ Janela de preview criada e posicionada
2025-07-06 13:40:52,399 - sistema_relatorios - relatorios_interface - INFO - 🔧 Gerando conteúdo do preview...
2025-07-06 13:40:52,403 - sistema_relatorios - relatorios_interface - INFO - ✅ Conteúdo inserido com sucesso
2025-07-06 13:40:52,428 - sistema_relatorios - relatorios_interface - ERROR - 💥 ERRO CRÍTICO no preview: name 'testar_pdf' is not defined
Traceback (most recent call last):
  File "c:\Users\Obras\Documents\GitHub\Sistema-Financeiro\src\relatorios_interface.py", line 2401, in abrir_preview_estavel
    btn_pdf = ttk.Button(btn_frame, text="🚀 Testar PDF", command=testar_pdf)
                                                                  ^^^^^^^^^^
NameError: name 'testar_pdf' is not defined. Did you mean: 'gerar_pdf'?
2025-07-06 13:41:01,584 - sistema_relatorios - relatorios_interface - INFO - Solicitado retorno ao menu principal
2025-07-06 13:41:01,585 - sistema_relatorios - relatorios_interface - INFO - Não há menu principal válido, fechando aplicação
2025-07-06 13:41:20,829 - sistema - logger_config - INFO - Sistema de logging inicializado
2025-07-06 13:41:20,830 - sistema_relatorios - logger_config - INFO - Usuário alterado para: sistema_relatorios
2025-07-06 13:41:20,830 - sistema_relatorios - relatorios_interface - INFO - Sistema de relatórios inicializando usando logger configurado
2025-07-06 13:41:20,830 - sistema_relatorios - relatorios_interface - INFO - Configurações de janela importadas com sucesso
2025-07-06 13:41:20,831 - sistema_relatorios - relatorios_interface - INFO - === Sistema de Relatórios Inicializando ===
2025-07-06 13:41:21,652 - sistema_relatorios - relatorios_interface - INFO - Carregando clientes de: C:\Users\Obras\sistema_gestao_testes\testes\Financeiro\Planilhas_Base\clientes.xlsx
2025-07-06 13:41:21,701 - sistema_relatorios - relatorios_interface - INFO - Colunas disponíveis: ['Nome', 'Endereço', 'Data Inicial', 'Observações', 'Data Final']
2025-07-06 13:41:21,701 - sistema_relatorios - relatorios_interface - INFO - Coluna de status: Data Final
2025-07-06 13:41:21,704 - sistema_relatorios - relatorios_interface - INFO - Coluna de nome: Nome
2025-07-06 13:41:21,705 - sistema_relatorios - relatorios_interface - INFO - Total de clientes ativos encontrados: 14
2025-07-06 13:41:21,706 - sistema_relatorios - relatorios_interface - INFO - Lista de clientes atualizada com 15 clientes
2025-07-06 13:41:21,743 - sistema_relatorios - relatorios_interface - INFO - Carregando clientes de: C:\Users\Obras\sistema_gestao_testes\testes\Financeiro\Planilhas_Base\clientes.xlsx
2025-07-06 13:41:21,763 - sistema_relatorios - relatorios_interface - INFO - Colunas disponíveis: ['Nome', 'Endereço', 'Data Inicial', 'Observações', 'Data Final']
2025-07-06 13:41:21,763 - sistema_relatorios - relatorios_interface - INFO - Coluna de status: Data Final
2025-07-06 13:41:21,765 - sistema_relatorios - relatorios_interface - INFO - Coluna de nome: Nome
2025-07-06 13:41:21,765 - sistema_relatorios - relatorios_interface - INFO - Total de clientes ativos encontrados: 14
2025-07-06 13:41:21,766 - sistema_relatorios - relatorios_interface - INFO - Lista de clientes carregada com 15 itens
2025-07-06 13:41:34,967 - sistema_relatorios - relatorios_interface - INFO - Solicitado retorno ao menu principal
2025-07-06 13:41:34,968 - sistema_relatorios - relatorios_interface - INFO - Não há menu principal válido, fechando aplicação
2025-07-06 13:42:20,330 - sistema - logger_config - INFO - Sistema de logging inicializado
2025-07-06 13:42:20,331 - sistema_relatorios - logger_config - INFO - Usuário alterado para: sistema_relatorios
2025-07-06 13:42:20,331 - sistema_relatorios - relatorios_interface - INFO - Sistema de relatórios inicializando usando logger configurado
2025-07-06 13:42:20,332 - sistema_relatorios - relatorios_interface - INFO - Configurações de janela importadas com sucesso
2025-07-06 13:42:20,332 - sistema_relatorios - relatorios_interface - INFO - === Sistema de Relatórios Inicializando ===
2025-07-06 13:42:21,127 - sistema_relatorios - relatorios_interface - INFO - Carregando clientes de: C:\Users\Obras\sistema_gestao_testes\testes\Financeiro\Planilhas_Base\clientes.xlsx
2025-07-06 13:42:21,169 - sistema_relatorios - relatorios_interface - INFO - Colunas disponíveis: ['Nome', 'Endereço', 'Data Inicial', 'Observações', 'Data Final']
2025-07-06 13:42:21,173 - sistema_relatorios - relatorios_interface - INFO - Coluna de status: Data Final
2025-07-06 13:42:21,176 - sistema_relatorios - relatorios_interface - INFO - Coluna de nome: Nome
2025-07-06 13:42:21,178 - sistema_relatorios - relatorios_interface - INFO - Total de clientes ativos encontrados: 14
2025-07-06 13:42:21,178 - sistema_relatorios - relatorios_interface - INFO - Lista de clientes atualizada com 15 clientes
2025-07-06 13:42:21,210 - sistema_relatorios - relatorios_interface - INFO - Carregando clientes de: C:\Users\Obras\sistema_gestao_testes\testes\Financeiro\Planilhas_Base\clientes.xlsx
2025-07-06 13:42:21,225 - sistema_relatorios - relatorios_interface - INFO - Colunas disponíveis: ['Nome', 'Endereço', 'Data Inicial', 'Observações', 'Data Final']
2025-07-06 13:42:21,226 - sistema_relatorios - relatorios_interface - INFO - Coluna de status: Data Final
2025-07-06 13:42:21,228 - sistema_relatorios - relatorios_interface - INFO - Coluna de nome: Nome
2025-07-06 13:42:21,228 - sistema_relatorios - relatorios_interface - INFO - Total de clientes ativos encontrados: 14
2025-07-06 13:42:21,229 - sistema_relatorios - relatorios_interface - INFO - Lista de clientes carregada com 15 itens
2025-07-06 13:42:22,443 - sistema_relatorios - relatorios_interface - INFO - Data calculada automaticamente: 20/07/2025
2025-07-06 13:42:22,444 - sistema_relatorios - relatorios_interface - INFO - Data calculada automaticamente: 20/07/2025
2025-07-06 13:42:24,951 - sistema_relatorios - relatorios_interface - INFO - Modo manual ativado
2025-07-06 13:42:30,641 - sistema_relatorios - relatorios_interface - INFO - Cliente selecionado: CLEVER LUIZ SALVADOR
2025-07-06 13:42:30,642 - sistema_relatorios - relatorios_interface - INFO - Arquivo encontrado: C:\Users\Obras\sistema_gestao_testes\testes\Financeiro\Clientes\CLEVER LUIZ SALVADOR.xlsx
2025-07-06 13:42:30,650 - sistema_relatorios - relatorios_interface - INFO - Arquivo encontrado: C:\Users\Obras\sistema_gestao_testes\testes\Financeiro\Clientes\CLEVER LUIZ SALVADOR.xlsx
2025-07-06 13:42:32,295 - sistema_relatorios - relatorios_interface - INFO - 🔍 INICIANDO gerar_relatorio para: despesas
2025-07-06 13:42:32,296 - sistema_relatorios - relatorios_interface - INFO - 🎯 PROCESSANDO: Relatório de despesas
2025-07-06 13:42:32,297 - sistema_relatorios - relatorios_interface - INFO - Data final obtida: 2025-07-05 00:00:00 (tipo: <class 'datetime.datetime'>)
2025-07-06 13:42:32,297 - sistema_relatorios - relatorios_interface - INFO - ✅ Arquivo encontrado em arquivo_cliente_selecionado: C:\Users\Obras\sistema_gestao_testes\testes\Financeiro\Clientes\CLEVER LUIZ SALVADOR.xlsx
2025-07-06 13:42:32,297 - sistema_relatorios - relatorios_interface - INFO - ✅ Arquivo final nas configurações: C:\Users\Obras\sistema_gestao_testes\testes\Financeiro\Clientes\CLEVER LUIZ SALVADOR.xlsx
2025-07-06 13:42:32,298 - sistema_relatorios - relatorios_interface - INFO - ✅ Configurações coletadas: arquivo=True
2025-07-06 13:42:34,366 - sistema_relatorios - relatorios_interface - INFO - 🚀 Executando com PREVIEW
2025-07-06 13:42:34,367 - sistema_relatorios - relatorios_interface - INFO - 🎯 EXECUTANDO RELATÓRIO SEM THREADING
2025-07-06 13:42:34,380 - sistema_relatorios - relatorios_interface - INFO - 🔧 Processando dados direto...
2025-07-06 13:42:34,381 - sistema_relatorios - relatorios_interface - INFO - 📁 Processando arquivo: CLEVER LUIZ SALVADOR.xlsx
2025-07-06 13:42:36,127 - sistema_relatorios - relatorios_interface - INFO - ✅ Dados carregados: 782 registros
2025-07-06 13:42:36,160 - sistema_relatorios - relatorios_interface - INFO - 📊 Dados processados:
2025-07-06 13:42:36,161 - sistema_relatorios - relatorios_interface - INFO -    - df_filtrado: 19 registros
2025-07-06 13:42:36,162 - sistema_relatorios - relatorios_interface - INFO -    - df_diaria: 1 registros
2025-07-06 13:42:36,163 - sistema_relatorios - relatorios_interface - INFO -    - df_tp_desp_1: 33 registros
2025-07-06 13:42:36,165 - sistema_relatorios - relatorios_interface - INFO -    - df_tp_desp_2: 0 registros
2025-07-06 13:42:36,168 - sistema_relatorios - relatorios_interface - WARNING - Método processar_lancamentos_futuros não encontrado
2025-07-06 13:42:36,579 - sistema_relatorios - relatorios_interface - INFO - 📋 Cliente: CLEVER LUIZ SALVADOR
2025-07-06 13:42:36,580 - sistema_relatorios - relatorios_interface - INFO - 📋 Relatório nº: 21
2025-07-06 13:42:36,581 - sistema_relatorios - relatorios_interface - INFO - 📋 Acumulado: R$ 2,199,915.92
2025-07-06 13:42:36,582 - sistema_relatorios - relatorios_interface - INFO - ✅ Dados processados com sucesso para: CLEVER LUIZ SALVADOR
2025-07-06 13:42:36,583 - sistema_relatorios - relatorios_interface - INFO - ✅ Dados processados com sucesso
2025-07-06 13:42:36,588 - sistema_relatorios - relatorios_interface - INFO - 🔧 Abrindo preview direto...
2025-07-06 13:42:36,590 - sistema_relatorios - relatorios_interface - INFO - 🎯 ABRINDO PREVIEW ESTÁVEL - GARANTINDO VISIBILIDADE
2025-07-06 13:42:36,651 - sistema_relatorios - relatorios_interface - INFO - ✅ Janela de preview criada e posicionada
2025-07-06 13:42:36,718 - sistema_relatorios - relatorios_interface - INFO - 🔧 Gerando conteúdo do preview...
2025-07-06 13:42:36,723 - sistema_relatorios - relatorios_interface - INFO - ✅ Conteúdo inserido com sucesso
2025-07-06 13:42:36,980 - sistema_relatorios - relatorios_interface - INFO - ✅ Preview criado e DEVE ESTAR VISÍVEL na tela!
2025-07-06 13:42:37,987 - sistema_relatorios - relatorios_interface - INFO - ✅ CONFIRMADO: Preview está visível na tela!
2025-07-06 13:42:49,244 - sistema_relatorios - relatorios_interface - INFO - 🎯 GERANDO PDF A PARTIR DO PREVIEW
2025-07-06 13:42:49,246 - sistema_relatorios - relatorios_interface - INFO - 📄 Gerando PDF: REL - CLEVER LUIZ SALVADOR - 05-07-2025.pdf
2025-07-06 13:42:49,519 - sistema_relatorios - relatorios_interface - INFO - ✅ PDF criado com sucesso: 50715 bytes
2025-07-06 13:42:55,372 - sistema_relatorios - relatorios_interface - INFO - ✅ PDF gerado e salvo: C:\Users\Obras\sistema_gestao_testes\testes\Financeiro\Clientes\REL - CLEVER LUIZ SALVADOR - 05-07-2025.pdf
2025-07-06 13:43:16,366 - sistema_relatorios - relatorios_interface - INFO - 🔄 Voltando para interface de relatórios...
2025-07-06 13:43:16,372 - sistema_relatorios - relatorios_interface - INFO - ✅ Interface principal restaurada
2025-07-06 13:43:16,388 - sistema_relatorios - relatorios_interface - INFO - ✅ Preview fechado
2025-07-06 13:43:19,742 - sistema_relatorios - relatorios_interface - INFO - 🔍 INICIANDO gerar_relatorio para: despesas
2025-07-06 13:43:19,743 - sistema_relatorios - relatorios_interface - INFO - 🎯 PROCESSANDO: Relatório de despesas
2025-07-06 13:43:19,744 - sistema_relatorios - relatorios_interface - INFO - Data final obtida: 2025-07-05 00:00:00 (tipo: <class 'datetime.datetime'>)
2025-07-06 13:43:19,745 - sistema_relatorios - relatorios_interface - INFO - ✅ Arquivo encontrado em arquivo_cliente_selecionado: C:\Users\Obras\sistema_gestao_testes\testes\Financeiro\Clientes\CLEVER LUIZ SALVADOR.xlsx
2025-07-06 13:43:19,746 - sistema_relatorios - relatorios_interface - INFO - ✅ Arquivo final nas configurações: C:\Users\Obras\sistema_gestao_testes\testes\Financeiro\Clientes\CLEVER LUIZ SALVADOR.xlsx
2025-07-06 13:43:19,747 - sistema_relatorios - relatorios_interface - INFO - ✅ Configurações coletadas: arquivo=True
2025-07-06 13:43:21,427 - sistema_relatorios - relatorios_interface - INFO - 🚀 Executando com PREVIEW
2025-07-06 13:43:21,428 - sistema_relatorios - relatorios_interface - INFO - 🎯 EXECUTANDO RELATÓRIO SEM THREADING
2025-07-06 13:43:21,434 - sistema_relatorios - relatorios_interface - INFO - 🔧 Processando dados direto...
2025-07-06 13:43:21,439 - sistema_relatorios - relatorios_interface - INFO - 📁 Processando arquivo: CLEVER LUIZ SALVADOR.xlsx
2025-07-06 13:43:21,782 - sistema_relatorios - relatorios_interface - INFO - ✅ Dados carregados: 782 registros
2025-07-06 13:43:21,810 - sistema_relatorios - relatorios_interface - INFO - 📊 Dados processados:
2025-07-06 13:43:21,811 - sistema_relatorios - relatorios_interface - INFO -    - df_filtrado: 19 registros
2025-07-06 13:43:21,811 - sistema_relatorios - relatorios_interface - INFO -    - df_diaria: 1 registros
2025-07-06 13:43:21,815 - sistema_relatorios - relatorios_interface - INFO -    - df_tp_desp_1: 33 registros
2025-07-06 13:43:21,816 - sistema_relatorios - relatorios_interface - INFO -    - df_tp_desp_2: 0 registros
2025-07-06 13:43:21,817 - sistema_relatorios - relatorios_interface - WARNING - Método processar_lancamentos_futuros não encontrado
2025-07-06 13:43:22,166 - sistema_relatorios - relatorios_interface - INFO - 📋 Cliente: CLEVER LUIZ SALVADOR
2025-07-06 13:43:22,167 - sistema_relatorios - relatorios_interface - INFO - 📋 Relatório nº: 21
2025-07-06 13:43:22,167 - sistema_relatorios - relatorios_interface - INFO - 📋 Acumulado: R$ 2,199,915.92
2025-07-06 13:43:22,169 - sistema_relatorios - relatorios_interface - INFO - ✅ Dados processados com sucesso para: CLEVER LUIZ SALVADOR
2025-07-06 13:43:22,172 - sistema_relatorios - relatorios_interface - INFO - ✅ Dados processados com sucesso
2025-07-06 13:43:22,176 - sistema_relatorios - relatorios_interface - INFO - 🔧 Abrindo preview direto...
2025-07-06 13:43:22,177 - sistema_relatorios - relatorios_interface - INFO - 🎯 ABRINDO PREVIEW ESTÁVEL - GARANTINDO VISIBILIDADE
2025-07-06 13:43:22,233 - sistema_relatorios - relatorios_interface - INFO - ✅ Janela de preview criada e posicionada
2025-07-06 13:43:22,245 - sistema_relatorios - relatorios_interface - INFO - 🔧 Gerando conteúdo do preview...
2025-07-06 13:43:22,250 - sistema_relatorios - relatorios_interface - INFO - ✅ Conteúdo inserido com sucesso
2025-07-06 13:43:22,328 - sistema_relatorios - relatorios_interface - INFO - ✅ Preview criado e DEVE ESTAR VISÍVEL na tela!
2025-07-06 13:43:23,336 - sistema_relatorios - relatorios_interface - INFO - ✅ CONFIRMADO: Preview está visível na tela!
2025-07-06 13:43:28,038 - sistema_relatorios - relatorios_interface - INFO - 🔄 Voltando para interface de relatórios...
2025-07-06 13:43:28,042 - sistema_relatorios - relatorios_interface - INFO - ✅ Interface principal restaurada
2025-07-06 13:43:28,061 - sistema_relatorios - relatorios_interface - INFO - ✅ Preview fechado
2025-07-06 13:43:29,222 - sistema_relatorios - relatorios_interface - INFO - Solicitado retorno ao menu principal
2025-07-06 13:43:29,223 - sistema_relatorios - relatorios_interface - INFO - Não há menu principal válido, fechando aplicação
2025-07-06 13:47:08,328 - sistema - logger_config - INFO - Sistema de logging inicializado
2025-07-06 13:47:08,329 - sistema_relatorios - logger_config - INFO - Usuário alterado para: sistema_relatorios
2025-07-06 13:47:08,330 - sistema_relatorios - relatorios_interface - INFO - Sistema de relatórios inicializando usando logger configurado
2025-07-06 13:47:08,331 - sistema_relatorios - relatorios_interface - INFO - Configurações de janela importadas com sucesso
2025-07-06 13:47:08,332 - sistema_relatorios - relatorios_interface - INFO - === Sistema de Relatórios Inicializando ===
2025-07-06 13:47:09,451 - sistema_relatorios - relatorios_interface - INFO - Carregando clientes de: C:\Users\Obras\sistema_gestao_testes\testes\Financeiro\Planilhas_Base\clientes.xlsx
2025-07-06 13:47:09,501 - sistema_relatorios - relatorios_interface - INFO - Colunas disponíveis: ['Nome', 'Endereço', 'Data Inicial', 'Observações', 'Data Final']
2025-07-06 13:47:09,502 - sistema_relatorios - relatorios_interface - INFO - Coluna de status: Data Final
2025-07-06 13:47:09,504 - sistema_relatorios - relatorios_interface - INFO - Coluna de nome: Nome
2025-07-06 13:47:09,505 - sistema_relatorios - relatorios_interface - INFO - Total de clientes ativos encontrados: 14
2025-07-06 13:47:09,505 - sistema_relatorios - relatorios_interface - INFO - Lista de clientes atualizada com 15 clientes
2025-07-06 13:47:09,536 - sistema_relatorios - relatorios_interface - INFO - Carregando clientes de: C:\Users\Obras\sistema_gestao_testes\testes\Financeiro\Planilhas_Base\clientes.xlsx
2025-07-06 13:47:09,552 - sistema_relatorios - relatorios_interface - INFO - Colunas disponíveis: ['Nome', 'Endereço', 'Data Inicial', 'Observações', 'Data Final']
2025-07-06 13:47:09,553 - sistema_relatorios - relatorios_interface - INFO - Coluna de status: Data Final
2025-07-06 13:47:09,555 - sistema_relatorios - relatorios_interface - INFO - Coluna de nome: Nome
2025-07-06 13:47:09,556 - sistema_relatorios - relatorios_interface - INFO - Total de clientes ativos encontrados: 14
2025-07-06 13:47:09,557 - sistema_relatorios - relatorios_interface - INFO - Lista de clientes carregada com 15 itens
2025-07-06 13:47:10,864 - sistema_relatorios - relatorios_interface - INFO - Data calculada automaticamente: 20/07/2025
2025-07-06 13:47:10,865 - sistema_relatorios - relatorios_interface - INFO - Data calculada automaticamente: 20/07/2025
2025-07-06 13:47:14,132 - sistema_relatorios - relatorios_interface - INFO - Modo manual ativado
2025-07-06 13:47:19,918 - sistema_relatorios - relatorios_interface - INFO - Cliente selecionado: EDUARDO MORENO MARQUES
2025-07-06 13:47:19,919 - sistema_relatorios - relatorios_interface - INFO - Arquivo encontrado: C:\Users\Obras\sistema_gestao_testes\testes\Financeiro\Clientes\EDUARDO MORENO MARQUES.xlsx
2025-07-06 13:47:19,927 - sistema_relatorios - relatorios_interface - INFO - Arquivo encontrado: C:\Users\Obras\sistema_gestao_testes\testes\Financeiro\Clientes\EDUARDO MORENO MARQUES.xlsx
2025-07-06 13:47:21,964 - sistema_relatorios - relatorios_interface - INFO - 🔍 INICIANDO gerar_relatorio para: despesas
2025-07-06 13:47:21,965 - sistema_relatorios - relatorios_interface - INFO - 🎯 PROCESSANDO: Relatório de despesas
2025-07-06 13:47:21,966 - sistema_relatorios - relatorios_interface - INFO - Data final obtida: 2025-07-05 00:00:00 (tipo: <class 'datetime.datetime'>)
2025-07-06 13:47:21,967 - sistema_relatorios - relatorios_interface - INFO - ✅ Arquivo encontrado em arquivo_cliente_selecionado: C:\Users\Obras\sistema_gestao_testes\testes\Financeiro\Clientes\EDUARDO MORENO MARQUES.xlsx
2025-07-06 13:47:21,968 - sistema_relatorios - relatorios_interface - INFO - ✅ Arquivo final nas configurações: C:\Users\Obras\sistema_gestao_testes\testes\Financeiro\Clientes\EDUARDO MORENO MARQUES.xlsx
2025-07-06 13:47:21,968 - sistema_relatorios - relatorios_interface - INFO - ✅ Configurações coletadas: arquivo=True
2025-07-06 13:47:27,091 - sistema_relatorios - relatorios_interface - INFO - ❌ Geração cancelada pelo usuário
2025-07-06 13:55:46,909 - sistema_relatorios - relatorios_interface - INFO - Solicitado retorno ao menu principal
2025-07-06 13:55:46,915 - sistema_relatorios - relatorios_interface - INFO - Não há menu principal válido, fechando aplicação
2025-07-06 13:56:12,610 - sistema - logger_config - INFO - Sistema de logging inicializado
2025-07-06 13:56:12,611 - sistema_relatorios - logger_config - INFO - Usuário alterado para: sistema_relatorios
2025-07-06 13:56:12,612 - sistema_relatorios - relatorios_interface - INFO - Sistema de relatórios inicializando usando logger configurado
2025-07-06 13:56:12,613 - sistema_relatorios - relatorios_interface - INFO - Configurações de janela importadas com sucesso
2025-07-06 13:56:12,613 - sistema_relatorios - relatorios_interface - INFO - === Sistema de Relatórios Inicializando ===
2025-07-06 13:56:13,699 - sistema_relatorios - relatorios_interface - INFO - Carregando clientes de: C:\Users\Obras\sistema_gestao_testes\testes\Financeiro\Planilhas_Base\clientes.xlsx
2025-07-06 13:56:13,749 - sistema_relatorios - relatorios_interface - INFO - Colunas disponíveis: ['Nome', 'Endereço', 'Data Inicial', 'Observações', 'Data Final']
2025-07-06 13:56:13,749 - sistema_relatorios - relatorios_interface - INFO - Coluna de status: Data Final
2025-07-06 13:56:13,751 - sistema_relatorios - relatorios_interface - INFO - Coluna de nome: Nome
2025-07-06 13:56:13,752 - sistema_relatorios - relatorios_interface - INFO - Total de clientes ativos encontrados: 14
2025-07-06 13:56:13,752 - sistema_relatorios - relatorios_interface - INFO - Lista de clientes atualizada com 15 clientes
2025-07-06 13:56:13,787 - sistema_relatorios - relatorios_interface - INFO - Carregando clientes de: C:\Users\Obras\sistema_gestao_testes\testes\Financeiro\Planilhas_Base\clientes.xlsx
2025-07-06 13:56:13,803 - sistema_relatorios - relatorios_interface - INFO - Colunas disponíveis: ['Nome', 'Endereço', 'Data Inicial', 'Observações', 'Data Final']
2025-07-06 13:56:13,803 - sistema_relatorios - relatorios_interface - INFO - Coluna de status: Data Final
2025-07-06 13:56:13,805 - sistema_relatorios - relatorios_interface - INFO - Coluna de nome: Nome
2025-07-06 13:56:13,806 - sistema_relatorios - relatorios_interface - INFO - Total de clientes ativos encontrados: 14
2025-07-06 13:56:13,806 - sistema_relatorios - relatorios_interface - INFO - Lista de clientes carregada com 15 itens
2025-07-06 13:56:15,121 - sistema_relatorios - relatorios_interface - INFO - Data calculada automaticamente: 20/07/2025
2025-07-06 13:56:15,122 - sistema_relatorios - relatorios_interface - INFO - Data calculada automaticamente: 20/07/2025
2025-07-06 13:56:18,013 - sistema_relatorios - relatorios_interface - INFO - Modo manual ativado
2025-07-06 13:56:25,094 - sistema_relatorios - relatorios_interface - INFO - Cliente selecionado: CLEVER LUIZ SALVADOR
2025-07-06 13:56:25,096 - sistema_relatorios - relatorios_interface - INFO - Arquivo encontrado: C:\Users\Obras\sistema_gestao_testes\testes\Financeiro\Clientes\CLEVER LUIZ SALVADOR.xlsx
2025-07-06 13:56:25,104 - sistema_relatorios - relatorios_interface - INFO - Arquivo encontrado: C:\Users\Obras\sistema_gestao_testes\testes\Financeiro\Clientes\CLEVER LUIZ SALVADOR.xlsx
2025-07-06 13:56:26,221 - sistema_relatorios - relatorios_interface - INFO - 🔍 INICIANDO gerar_relatorio para: despesas
2025-07-06 13:56:26,222 - sistema_relatorios - relatorios_interface - INFO - 🎯 PROCESSANDO: Relatório de despesas
2025-07-06 13:56:26,222 - sistema_relatorios - relatorios_interface - INFO - Data final obtida: 2025-07-05 00:00:00 (tipo: <class 'datetime.datetime'>)
2025-07-06 13:56:26,223 - sistema_relatorios - relatorios_interface - INFO - ✅ Arquivo encontrado em arquivo_cliente_selecionado: C:\Users\Obras\sistema_gestao_testes\testes\Financeiro\Clientes\CLEVER LUIZ SALVADOR.xlsx
2025-07-06 13:56:26,224 - sistema_relatorios - relatorios_interface - INFO - ✅ Arquivo final nas configurações: C:\Users\Obras\sistema_gestao_testes\testes\Financeiro\Clientes\CLEVER LUIZ SALVADOR.xlsx
2025-07-06 13:56:26,224 - sistema_relatorios - relatorios_interface - INFO - ✅ Configurações coletadas: arquivo=True
2025-07-06 13:56:27,783 - sistema_relatorios - relatorios_interface - INFO - 🚀 Executando com PREVIEW
2025-07-06 13:56:27,784 - sistema_relatorios - relatorios_interface - INFO - 🎯 EXECUTANDO RELATÓRIO SEM THREADING
2025-07-06 13:56:27,797 - sistema_relatorios - relatorios_interface - INFO - 🔧 Processando dados direto...
2025-07-06 13:56:27,798 - sistema_relatorios - relatorios_interface - INFO - 📁 Processando arquivo: CLEVER LUIZ SALVADOR.xlsx
2025-07-06 13:56:29,838 - sistema_relatorios - relatorios_interface - INFO - ✅ Dados carregados: 782 registros
2025-07-06 13:56:29,938 - sistema_relatorios - relatorios_interface - INFO - 📊 Dados processados:
2025-07-06 13:56:29,939 - sistema_relatorios - relatorios_interface - INFO -    - df_filtrado: 19 registros
2025-07-06 13:56:29,940 - sistema_relatorios - relatorios_interface - INFO -    - df_diaria: 1 registros
2025-07-06 13:56:29,941 - sistema_relatorios - relatorios_interface - INFO -    - df_tp_desp_1: 33 registros
2025-07-06 13:56:29,942 - sistema_relatorios - relatorios_interface - INFO -    - df_tp_desp_2: 0 registros
2025-07-06 13:56:29,943 - sistema_relatorios - relatorios_interface - WARNING - Método processar_lancamentos_futuros não encontrado
2025-07-06 13:56:30,472 - sistema_relatorios - relatorios_interface - INFO - 📋 Cliente: CLEVER LUIZ SALVADOR
2025-07-06 13:56:30,473 - sistema_relatorios - relatorios_interface - INFO - 📋 Relatório nº: 21
2025-07-06 13:56:30,474 - sistema_relatorios - relatorios_interface - INFO - 📋 Acumulado: R$ 2,199,915.92
2025-07-06 13:56:30,474 - sistema_relatorios - relatorios_interface - INFO - ✅ Dados processados com sucesso para: CLEVER LUIZ SALVADOR
2025-07-06 13:56:30,475 - sistema_relatorios - relatorios_interface - INFO - ✅ Dados processados com sucesso
2025-07-06 13:56:30,480 - sistema_relatorios - relatorios_interface - INFO - 🔧 Abrindo preview direto...
2025-07-06 13:56:30,482 - sistema_relatorios - relatorios_interface - INFO - 🎯 ABRINDO PREVIEW ESTÁVEL - GARANTINDO VISIBILIDADE
2025-07-06 13:56:30,546 - sistema_relatorios - relatorios_interface - INFO - ✅ Janela de preview criada e posicionada
2025-07-06 13:56:30,625 - sistema_relatorios - relatorios_interface - INFO - 🔧 Gerando conteúdo do preview...
2025-07-06 13:56:30,638 - sistema_relatorios - relatorios_interface - INFO - ✅ Conteúdo inserido com sucesso
2025-07-06 13:56:31,188 - sistema_relatorios - relatorios_interface - INFO - ✅ Preview criado e DEVE ESTAR VISÍVEL na tela!
2025-07-06 13:56:32,310 - sistema_relatorios - relatorios_interface - INFO - ✅ CONFIRMADO: Preview está visível na tela!
2025-07-06 13:56:34,429 - sistema_relatorios - relatorios_interface - INFO - 🔍 GERANDO PDF TEMPORÁRIO PARA PREVIEW
2025-07-06 13:56:34,434 - sistema_relatorios - relatorios_interface - INFO - 📄 Criando PDF temporário: PREVIEW_REL_CLEVER LUIZ SALVADOR_135634.pdf
2025-07-06 13:56:34,726 - sistema_relatorios - relatorios_interface - INFO - ✅ PDF temporário criado: 50715 bytes
2025-07-06 13:57:01,817 - sistema_relatorios - relatorios_interface - INFO - ✅ PDF temporário mantido: C:\Users\Obras\AppData\Local\Temp\PREVIEW_REL_CLEVER LUIZ SALVADOR_135634.pdf
2025-07-06 13:57:07,733 - sistema_relatorios - relatorios_interface - INFO - 🔄 Voltando para interface de relatórios...
2025-07-06 13:57:07,738 - sistema_relatorios - relatorios_interface - INFO - ✅ Interface principal restaurada
2025-07-06 13:57:07,762 - sistema_relatorios - relatorios_interface - INFO - ✅ Preview fechado
2025-07-06 13:57:15,013 - sistema_relatorios - relatorios_interface - INFO - Solicitado retorno ao menu principal
2025-07-06 13:57:15,015 - sistema_relatorios - relatorios_interface - INFO - Não há menu principal válido, fechando aplicação
2025-07-06 14:03:59,473 - sistema - logger_config - INFO - Sistema de logging inicializado
2025-07-06 14:03:59,474 - sistema_relatorios - logger_config - INFO - Usuário alterado para: sistema_relatorios
2025-07-06 14:03:59,474 - sistema_relatorios - relatorios_interface - INFO - Sistema de relatórios inicializando usando logger configurado
2025-07-06 14:03:59,475 - sistema_relatorios - relatorios_interface - INFO - Configurações de janela importadas com sucesso
2025-07-06 14:03:59,475 - sistema_relatorios - relatorios_interface - INFO - === Sistema de Relatórios Inicializando ===
2025-07-06 14:04:00,451 - sistema_relatorios - relatorios_interface - INFO - Carregando clientes de: C:\Users\Obras\sistema_gestao_testes\testes\Financeiro\Planilhas_Base\clientes.xlsx
2025-07-06 14:04:00,523 - sistema_relatorios - relatorios_interface - INFO - Colunas disponíveis: ['Nome', 'Endereço', 'Data Inicial', 'Observações', 'Data Final']
2025-07-06 14:04:00,523 - sistema_relatorios - relatorios_interface - INFO - Coluna de status: Data Final
2025-07-06 14:04:00,534 - sistema_relatorios - relatorios_interface - INFO - Coluna de nome: Nome
2025-07-06 14:04:00,535 - sistema_relatorios - relatorios_interface - INFO - Total de clientes ativos encontrados: 14
2025-07-06 14:04:00,537 - sistema_relatorios - relatorios_interface - INFO - Lista de clientes atualizada com 15 clientes
2025-07-06 14:04:00,589 - sistema_relatorios - relatorios_interface - INFO - Carregando clientes de: C:\Users\Obras\sistema_gestao_testes\testes\Financeiro\Planilhas_Base\clientes.xlsx
2025-07-06 14:04:00,631 - sistema_relatorios - relatorios_interface - INFO - Colunas disponíveis: ['Nome', 'Endereço', 'Data Inicial', 'Observações', 'Data Final']
2025-07-06 14:04:00,636 - sistema_relatorios - relatorios_interface - INFO - Coluna de status: Data Final
2025-07-06 14:04:00,640 - sistema_relatorios - relatorios_interface - INFO - Coluna de nome: Nome
2025-07-06 14:04:00,654 - sistema_relatorios - relatorios_interface - INFO - Total de clientes ativos encontrados: 14
2025-07-06 14:04:00,664 - sistema_relatorios - relatorios_interface - INFO - Lista de clientes carregada com 15 itens
2025-07-06 14:04:02,213 - sistema_relatorios - relatorios_interface - INFO - Data calculada automaticamente: 20/07/2025
2025-07-06 14:04:02,214 - sistema_relatorios - relatorios_interface - INFO - Data calculada automaticamente: 20/07/2025
2025-07-06 14:04:06,296 - sistema_relatorios - relatorios_interface - INFO - Modo manual ativado
2025-07-06 14:04:12,497 - sistema_relatorios - relatorios_interface - INFO - Cliente selecionado: GILMAR ALMEIDA PORTUGAL
2025-07-06 14:04:12,499 - sistema_relatorios - relatorios_interface - INFO - Arquivo encontrado: C:\Users\Obras\sistema_gestao_testes\testes\Financeiro\Clientes\GILMAR ALMEIDA PORTUGAL.xlsx
2025-07-06 14:04:12,510 - sistema_relatorios - relatorios_interface - INFO - Arquivo encontrado: C:\Users\Obras\sistema_gestao_testes\testes\Financeiro\Clientes\GILMAR ALMEIDA PORTUGAL.xlsx
2025-07-06 14:04:14,856 - sistema_relatorios - relatorios_interface - INFO - 🔍 INICIANDO gerar_relatorio para: despesas
2025-07-06 14:04:14,857 - sistema_relatorios - relatorios_interface - INFO - 🎯 PROCESSANDO: Relatório de despesas
2025-07-06 14:04:14,858 - sistema_relatorios - relatorios_interface - INFO - Data final obtida: 2025-07-05 00:00:00 (tipo: <class 'datetime.datetime'>)
2025-07-06 14:04:14,858 - sistema_relatorios - relatorios_interface - INFO - ✅ Arquivo encontrado em arquivo_cliente_selecionado: C:\Users\Obras\sistema_gestao_testes\testes\Financeiro\Clientes\GILMAR ALMEIDA PORTUGAL.xlsx
2025-07-06 14:04:14,859 - sistema_relatorios - relatorios_interface - INFO - ✅ Arquivo final nas configurações: C:\Users\Obras\sistema_gestao_testes\testes\Financeiro\Clientes\GILMAR ALMEIDA PORTUGAL.xlsx
2025-07-06 14:04:14,859 - sistema_relatorios - relatorios_interface - INFO - ✅ Configurações coletadas: arquivo=True
2025-07-06 14:04:16,584 - sistema_relatorios - relatorios_interface - INFO - 🚀 Executando com PREVIEW
2025-07-06 14:04:16,585 - sistema_relatorios - relatorios_interface - INFO - 🎯 EXECUTANDO RELATÓRIO SEM THREADING
2025-07-06 14:04:16,595 - sistema_relatorios - relatorios_interface - INFO - 🔧 Processando dados direto...
2025-07-06 14:04:16,596 - sistema_relatorios - relatorios_interface - INFO - 📁 Processando arquivo: GILMAR ALMEIDA PORTUGAL.xlsx
2025-07-06 14:04:18,714 - sistema_relatorios - relatorios_interface - INFO - ✅ Dados carregados: 1329 registros
2025-07-06 14:04:18,762 - sistema_relatorios - relatorios_interface - INFO - 📊 Dados processados:
2025-07-06 14:04:18,762 - sistema_relatorios - relatorios_interface - INFO -    - df_filtrado: 36 registros
2025-07-06 14:04:18,763 - sistema_relatorios - relatorios_interface - INFO -    - df_diaria: 9 registros
2025-07-06 14:04:18,764 - sistema_relatorios - relatorios_interface - INFO -    - df_tp_desp_1: 33 registros
2025-07-06 14:04:18,765 - sistema_relatorios - relatorios_interface - INFO -    - df_tp_desp_2: 0 registros
2025-07-06 14:04:18,766 - sistema_relatorios - relatorios_interface - WARNING - Método processar_lancamentos_futuros não encontrado
2025-07-06 14:04:19,388 - sistema_relatorios - relatorios_interface - INFO - 📋 Cliente: GILMAR ALMEIDA PORTUGAL
2025-07-06 14:04:19,389 - sistema_relatorios - relatorios_interface - INFO - 📋 Relatório nº: 29
2025-07-06 14:04:19,390 - sistema_relatorios - relatorios_interface - INFO - 📋 Acumulado: R$ 3,871,156.75
2025-07-06 14:04:19,392 - sistema_relatorios - relatorios_interface - INFO - ✅ Dados processados com sucesso para: GILMAR ALMEIDA PORTUGAL
2025-07-06 14:04:19,393 - sistema_relatorios - relatorios_interface - INFO - ✅ Dados processados com sucesso
2025-07-06 14:04:19,397 - sistema_relatorios - relatorios_interface - INFO - 🔧 Abrindo preview direto...
2025-07-06 14:04:19,398 - sistema_relatorios - relatorios_interface - INFO - 🎯 ABRINDO PREVIEW ESTÁVEL - GARANTINDO VISIBILIDADE
2025-07-06 14:04:19,452 - sistema_relatorios - relatorios_interface - INFO - ✅ Janela de preview criada e posicionada
2025-07-06 14:04:19,521 - sistema_relatorios - relatorios_interface - INFO - 🔧 Gerando conteúdo do preview...
2025-07-06 14:04:19,528 - sistema_relatorios - relatorios_interface - INFO - ✅ Conteúdo inserido com sucesso
2025-07-06 14:04:19,794 - sistema_relatorios - relatorios_interface - INFO - ✅ Preview criado e DEVE ESTAR VISÍVEL na tela!
2025-07-06 14:04:20,805 - sistema_relatorios - relatorios_interface - INFO - ✅ CONFIRMADO: Preview está visível na tela!
2025-07-06 14:04:22,847 - sistema_relatorios - relatorios_interface - INFO - 🔍 GERANDO PDF TEMPORÁRIO PARA PREVIEW
2025-07-06 14:04:22,850 - sistema_relatorios - relatorios_interface - INFO - 📄 Criando PDF temporário: PREVIEW_REL_GILMAR ALMEIDA PORTUGAL_140422.pdf
2025-07-06 14:04:23,133 - sistema_relatorios - relatorios_interface - INFO - ✅ PDF temporário criado: 54201 bytes
2025-07-06 14:06:28,382 - sistema_relatorios - relatorios_interface - INFO - ✅ PDF temporário mantido: C:\Users\Obras\AppData\Local\Temp\PREVIEW_REL_GILMAR ALMEIDA PORTUGAL_140422.pdf
2025-07-06 14:06:47,198 - sistema_relatorios - relatorios_interface - INFO - 🔄 Voltando para interface de relatórios...
2025-07-06 14:06:47,203 - sistema_relatorios - relatorios_interface - INFO - ✅ Interface principal restaurada
2025-07-06 14:06:47,231 - sistema_relatorios - relatorios_interface - INFO - ✅ Preview fechado
2025-07-06 14:07:45,904 - sistema_relatorios - relatorios_interface - INFO - Solicitado retorno ao menu principal
2025-07-06 14:07:45,904 - sistema_relatorios - relatorios_interface - INFO - Não há menu principal válido, fechando aplicação
