2026-07-07 19:28:53,927 - sistema - logger_config - INFO - Sistema de logging inicializado
2026-07-07 19:28:53,927 - sistema_relatorios - logger_config - INFO - Usuário alterado para: sistema_relatorios
2026-07-07 19:28:53,928 - sistema_relatorios - relatorios_interface - INFO - Sistema de relatórios inicializando usando logger configurado
2026-07-07 19:28:53,928 - sistema_relatorios - relatorios_interface - INFO - Configurações de janela importadas com sucesso
2026-07-07 19:28:53,929 - sistema_relatorios - relatorios_interface - INFO - === Sistema de Relatórios Inicializando ===
2026-07-07 19:29:16,956 - sistema_relatorios - relatorios_interface - INFO - Carregando clientes de: C:\Users\Obras\sistema_gestao_testes\testes\Financeiro\Planilhas_Base\Clientes.xlsx
2026-07-07 19:29:17,079 - sistema_relatorios - relatorios_interface - INFO - Colunas disponíveis: ['Nome', 'Endereço', 'Data Inicial', 'Observações', 'Data Final', 'Tipo Taxa', 'CPF', 'CNO', 'Estado Civil', 'Cidade', 'Grupo', 'Logradouro', 'Numero', 'Complemento', 'Localidade', 'CEP', 'Estado', 'Metragem_Alvara', 'Banco', 'Agencia', 'Conta', 'Tipo_Conta', 'PIX']
2026-07-07 19:29:17,080 - sistema_relatorios - relatorios_interface - INFO - Coluna de status: Data Final
2026-07-07 19:29:17,096 - sistema_relatorios - relatorios_interface - INFO - Coluna de nome: Nome
2026-07-07 19:29:17,097 - sistema_relatorios - relatorios_interface - INFO - Total de clientes ativos encontrados: 20
2026-07-07 19:29:17,098 - sistema_relatorios - relatorios_interface - INFO - Lista de clientes atualizada com 21 clientes
2026-07-07 19:29:19,036 - sistema_relatorios - relatorios_interface - INFO - Data calculada automaticamente: 20/07/2026
2026-07-07 19:29:19,037 - sistema_relatorios - relatorios_interface - INFO - Data calculada automaticamente: 20/07/2026
2026-07-07 19:29:19,875 - sistema_relatorios - relatorios_interface - INFO - Carregando clientes de: C:\Users\Obras\sistema_gestao_testes\testes\Financeiro\Planilhas_Base\Clientes.xlsx
2026-07-07 19:29:19,905 - sistema_relatorios - relatorios_interface - INFO - Colunas disponíveis: ['Nome', 'Endereço', 'Data Inicial', 'Observações', 'Data Final', 'Tipo Taxa', 'CPF', 'CNO', 'Estado Civil', 'Cidade', 'Grupo', 'Logradouro', 'Numero', 'Complemento', 'Localidade', 'CEP', 'Estado', 'Metragem_Alvara', 'Banco', 'Agencia', 'Conta', 'Tipo_Conta', 'PIX']
2026-07-07 19:29:19,906 - sistema_relatorios - relatorios_interface - INFO - Coluna de status: Data Final
2026-07-07 19:29:19,908 - sistema_relatorios - relatorios_interface - INFO - Coluna de nome: Nome
2026-07-07 19:29:19,909 - sistema_relatorios - relatorios_interface - INFO - Total de clientes ativos encontrados: 20
2026-07-07 19:29:22,896 - sistema_relatorios - relatorios_interface - INFO - Modo manual ativado
2026-07-07 19:29:40,775 - sistema_relatorios - relatorios_interface - INFO - Solicitado retorno ao menu principal
2026-07-07 19:29:40,776 - sistema_relatorios - relatorios_interface - INFO - Retornando ao menu principal existente
2026-07-07 19:29:40,898 - sistema_relatorios - relatorios_interface - INFO - Retorno ao menu principal concluído
2026-07-07 19:30:36,676 - sistema_relatorios - relatorios_interface - INFO - Carregando clientes de: C:\Users\Obras\sistema_gestao_testes\testes\Financeiro\Planilhas_Base\Clientes.xlsx
2026-07-07 19:30:36,737 - sistema_relatorios - relatorios_interface - INFO - Colunas disponíveis: ['Nome', 'Endereço', 'Data Inicial', 'Observações', 'Data Final', 'Tipo Taxa', 'CPF', 'CNO', 'Estado Civil', 'Cidade', 'Grupo', 'Logradouro', 'Numero', 'Complemento', 'Localidade', 'CEP', 'Estado', 'Metragem_Alvara', 'Banco', 'Agencia', 'Conta', 'Tipo_Conta', 'PIX']
2026-07-07 19:30:36,738 - sistema_relatorios - relatorios_interface - INFO - Coluna de status: Data Final
2026-07-07 19:30:36,740 - sistema_relatorios - relatorios_interface - INFO - Coluna de nome: Nome
2026-07-07 19:30:36,741 - sistema_relatorios - relatorios_interface - INFO - Total de clientes ativos encontrados: 20
2026-07-07 19:30:36,741 - sistema_relatorios - relatorios_interface - INFO - Lista de clientes atualizada com 21 clientes
2026-07-07 19:30:38,067 - sistema_relatorios - relatorios_interface - INFO - Data calculada automaticamente: 20/07/2026
2026-07-07 19:30:38,068 - sistema_relatorios - relatorios_interface - INFO - Data calculada automaticamente: 20/07/2026
2026-07-07 19:30:38,193 - sistema_relatorios - relatorios_interface - INFO - Carregando clientes de: C:\Users\Obras\sistema_gestao_testes\testes\Financeiro\Planilhas_Base\Clientes.xlsx
2026-07-07 19:30:38,225 - sistema_relatorios - relatorios_interface - INFO - Colunas disponíveis: ['Nome', 'Endereço', 'Data Inicial', 'Observações', 'Data Final', 'Tipo Taxa', 'CPF', 'CNO', 'Estado Civil', 'Cidade', 'Grupo', 'Logradouro', 'Numero', 'Complemento', 'Localidade', 'CEP', 'Estado', 'Metragem_Alvara', 'Banco', 'Agencia', 'Conta', 'Tipo_Conta', 'PIX']
2026-07-07 19:30:38,226 - sistema_relatorios - relatorios_interface - INFO - Coluna de status: Data Final
2026-07-07 19:30:38,229 - sistema_relatorios - relatorios_interface - INFO - Coluna de nome: Nome
2026-07-07 19:30:38,231 - sistema_relatorios - relatorios_interface - INFO - Total de clientes ativos encontrados: 20
2026-07-07 19:30:40,119 - sistema_relatorios - relatorios_interface - INFO - Modo manual ativado
2026-07-07 19:30:48,360 - sistema_relatorios - relatorios_interface - INFO - Cliente selecionado: RVR - SPRC - CASA JD PETROPOLIS
2026-07-07 19:30:48,361 - sistema_relatorios - relatorios_interface - INFO - Arquivo encontrado: C:\Users\Obras\sistema_gestao_testes\testes\Financeiro\Clientes\RVR - SPRC - CASA JD PETROPOLIS.xlsx
2026-07-07 19:30:48,370 - sistema_relatorios - relatorios_interface - INFO - Arquivo encontrado: C:\Users\Obras\sistema_gestao_testes\testes\Financeiro\Clientes\RVR - SPRC - CASA JD PETROPOLIS.xlsx
2026-07-07 19:30:51,279 - sistema_relatorios - relatorios_interface - INFO - 🔍 INICIANDO gerar_relatorio para: despesas
2026-07-07 19:30:51,280 - sistema_relatorios - relatorios_interface - INFO - 🎯 PROCESSANDO: Relatório de despesas
2026-07-07 19:30:51,280 - sistema_relatorios - relatorios_interface - INFO - 🎯 PROCESSANDO DESPESAS - ARQUITETURA LIMPA
2026-07-07 19:30:51,281 - sistema_relatorios - relatorios_interface - INFO - Data final obtida: 2026-07-05 00:00:00 (tipo: <class 'datetime.datetime'>)
2026-07-07 19:30:51,282 - sistema_relatorios - relatorios_interface - INFO - ✅ Arquivo encontrado em arquivo_cliente_selecionado: C:\Users\Obras\sistema_gestao_testes\testes\Financeiro\Clientes\RVR - SPRC - CASA JD PETROPOLIS.xlsx
2026-07-07 19:30:51,283 - sistema_relatorios - relatorios_interface - INFO - ✅ Arquivo final nas configurações: C:\Users\Obras\sistema_gestao_testes\testes\Financeiro\Clientes\RVR - SPRC - CASA JD PETROPOLIS.xlsx
2026-07-07 19:30:51,283 - sistema_relatorios - relatorios_interface - INFO - ✅ Configurações coletadas
2026-07-07 19:30:51,284 - sistema_relatorios - relatorios_interface - INFO - ✅ Arquivo confirmado: RVR - SPRC - CASA JD PETROPOLIS.xlsx
2026-07-07 19:30:55,532 - sistema_relatorios - relatorios_interface - INFO - Modo selecionado: Preview
2026-07-07 19:30:55,534 - sistema_relatorios - relatorios_interface - INFO - 🎯 EXECUTANDO COM PREVIEW DIRETO - PDF TEMPORÁRIO
2026-07-07 19:30:56,338 - sistema_relatorios - relatorios_interface - INFO - ✅ Janela de decisão criada
2026-07-07 19:32:20,741 - sistema_relatorios - relatorios_interface - ERROR - Erro ao atualizar progresso: 'Toplevel' object has no attribute 'percent_label'
2026-07-07 19:32:21,053 - sistema_relatorios - relatorios_interface - INFO - 🗑️ PDF temporário agendado para remoção: PREVIEW_RVR_-_SPRC_-_CASA_JD_PETROPOLIS_20260707_193055.pdf
2026-07-07 19:32:23,067 - sistema_relatorios - relatorios_interface - WARNING - Aviso: Não foi possível remover arquivo temporário: [WinError 32] O arquivo já está sendo usado por outro processo: 'C:\\Users\\Obras\\AppData\\Local\\Temp\\PREVIEW_RVR_-_SPRC_-_CASA_JD_PETROPOLIS_20260707_193055.pdf'
2026-07-07 20:07:08,822 - sistema - logger_config - INFO - Sistema de logging inicializado
2026-07-07 20:07:08,823 - sistema_relatorios - logger_config - INFO - Usuário alterado para: sistema_relatorios
2026-07-07 20:07:08,824 - sistema_relatorios - relatorios_interface - INFO - Sistema de relatórios inicializando usando logger configurado
2026-07-07 20:07:08,824 - sistema_relatorios - relatorios_interface - INFO - Configurações de janela importadas com sucesso
2026-07-07 20:07:08,824 - sistema_relatorios - relatorios_interface - INFO - === Sistema de Relatórios Inicializando ===
2026-07-07 20:07:14,469 - sistema_relatorios - relatorios_interface - INFO - Carregando clientes de: C:\Users\Obras\sistema_gestao_testes\testes\Financeiro\Planilhas_Base\Clientes.xlsx
2026-07-07 20:07:14,654 - sistema_relatorios - relatorios_interface - INFO - Colunas disponíveis: ['Nome', 'Endereço', 'Data Inicial', 'Observações', 'Data Final', 'Tipo Taxa', 'CPF', 'CNO', 'Estado Civil', 'Cidade', 'Grupo', 'Logradouro', 'Numero', 'Complemento', 'Localidade', 'CEP', 'Estado', 'Metragem_Alvara', 'Banco', 'Agencia', 'Conta', 'Tipo_Conta', 'PIX']
2026-07-07 20:07:14,691 - sistema_relatorios - relatorios_interface - INFO - Coluna de status: Data Final
2026-07-07 20:07:14,889 - sistema_relatorios - relatorios_interface - INFO - Coluna de nome: Nome
2026-07-07 20:07:15,019 - sistema_relatorios - relatorios_interface - INFO - Total de clientes ativos encontrados: 20
2026-07-07 20:07:15,109 - sistema_relatorios - relatorios_interface - INFO - Lista de clientes atualizada com 21 clientes
2026-07-07 20:07:16,814 - sistema_relatorios - relatorios_interface - INFO - Data calculada automaticamente: 20/07/2026
2026-07-07 20:07:16,816 - sistema_relatorios - relatorios_interface - INFO - Data calculada automaticamente: 20/07/2026
2026-07-07 20:07:18,931 - sistema_relatorios - relatorios_interface - INFO - Carregando clientes de: C:\Users\Obras\sistema_gestao_testes\testes\Financeiro\Planilhas_Base\Clientes.xlsx
2026-07-07 20:07:18,972 - sistema_relatorios - relatorios_interface - INFO - Colunas disponíveis: ['Nome', 'Endereço', 'Data Inicial', 'Observações', 'Data Final', 'Tipo Taxa', 'CPF', 'CNO', 'Estado Civil', 'Cidade', 'Grupo', 'Logradouro', 'Numero', 'Complemento', 'Localidade', 'CEP', 'Estado', 'Metragem_Alvara', 'Banco', 'Agencia', 'Conta', 'Tipo_Conta', 'PIX']
2026-07-07 20:07:18,974 - sistema_relatorios - relatorios_interface - INFO - Coluna de status: Data Final
2026-07-07 20:07:18,977 - sistema_relatorios - relatorios_interface - INFO - Coluna de nome: Nome
2026-07-07 20:07:18,978 - sistema_relatorios - relatorios_interface - INFO - Total de clientes ativos encontrados: 20
2026-07-07 20:07:19,150 - sistema_relatorios - relatorios_interface - INFO - Data calculada automaticamente: 20/07/2026
2026-07-07 20:07:19,151 - sistema_relatorios - relatorios_interface - INFO - Data calculada automaticamente: 20/07/2026
2026-07-07 20:07:20,491 - sistema_relatorios - relatorios_interface - INFO - Modo manual ativado
2026-07-07 20:07:26,796 - sistema_relatorios - relatorios_interface - INFO - Cliente selecionado: ANA AUGUSTA PIRES COUTINHO
2026-07-07 20:07:26,827 - sistema_relatorios - relatorios_interface - INFO - Arquivo encontrado: C:\Users\Obras\sistema_gestao_testes\testes\Financeiro\Clientes\ANA AUGUSTA PIRES COUTINHO.xlsx
2026-07-07 20:07:26,851 - sistema_relatorios - relatorios_interface - INFO - Arquivo encontrado: C:\Users\Obras\sistema_gestao_testes\testes\Financeiro\Clientes\ANA AUGUSTA PIRES COUTINHO.xlsx
2026-07-07 20:07:30,515 - sistema_relatorios - relatorios_interface - INFO - 🔍 INICIANDO gerar_relatorio para: despesas
2026-07-07 20:07:30,515 - sistema_relatorios - relatorios_interface - INFO - 🎯 PROCESSANDO: Relatório de despesas
2026-07-07 20:07:30,516 - sistema_relatorios - relatorios_interface - INFO - 🎯 PROCESSANDO DESPESAS - ARQUITETURA LIMPA
2026-07-07 20:07:30,517 - sistema_relatorios - relatorios_interface - INFO - Data final obtida: 2026-07-05 00:00:00 (tipo: <class 'datetime.datetime'>)
2026-07-07 20:07:30,517 - sistema_relatorios - relatorios_interface - INFO - ✅ Arquivo encontrado em arquivo_cliente_selecionado: C:\Users\Obras\sistema_gestao_testes\testes\Financeiro\Clientes\ANA AUGUSTA PIRES COUTINHO.xlsx
2026-07-07 20:07:30,518 - sistema_relatorios - relatorios_interface - INFO - ✅ Arquivo final nas configurações: C:\Users\Obras\sistema_gestao_testes\testes\Financeiro\Clientes\ANA AUGUSTA PIRES COUTINHO.xlsx
2026-07-07 20:07:30,519 - sistema_relatorios - relatorios_interface - INFO - ✅ Configurações coletadas
2026-07-07 20:07:30,519 - sistema_relatorios - relatorios_interface - INFO - ✅ Arquivo confirmado: ANA AUGUSTA PIRES COUTINHO.xlsx
2026-07-07 20:07:34,552 - sistema_relatorios - relatorios_interface - INFO - Modo selecionado: Preview
2026-07-07 20:07:34,552 - sistema_relatorios - relatorios_interface - INFO - 🎯 EXECUTANDO COM PREVIEW DIRETO - PDF TEMPORÁRIO
2026-07-07 20:07:35,633 - sistema_relatorios - relatorios_interface - INFO - ✅ Janela de decisão criada
2026-07-07 20:07:47,219 - sistema_relatorios - relatorios_interface - INFO - 🗑️ PDF temporário agendado para remoção: PREVIEW_ANA_AUGUSTA_PIRES_COUTINHO_20260707_200735.pdf
2026-07-07 20:07:49,220 - sistema_relatorios - relatorios_interface - WARNING - Aviso: Não foi possível remover arquivo temporário: [WinError 32] O arquivo já está sendo usado por outro processo: 'C:\\Users\\Obras\\AppData\\Local\\Temp\\PREVIEW_ANA_AUGUSTA_PIRES_COUTINHO_20260707_200735.pdf'
2026-07-07 20:07:52,428 - sistema_relatorios - relatorios_interface - INFO - Cliente selecionado: RVR - SPRC - CASA JD PETROPOLIS
2026-07-07 20:07:52,435 - sistema_relatorios - relatorios_interface - INFO - Arquivo encontrado: C:\Users\Obras\sistema_gestao_testes\testes\Financeiro\Clientes\RVR - SPRC - CASA JD PETROPOLIS.xlsx
2026-07-07 20:07:52,502 - sistema_relatorios - relatorios_interface - INFO - Arquivo encontrado: C:\Users\Obras\sistema_gestao_testes\testes\Financeiro\Clientes\RVR - SPRC - CASA JD PETROPOLIS.xlsx
2026-07-07 20:10:40,102 - sistema_relatorios - relatorios_interface - INFO - Cliente selecionado: FERNANDA LUCENA PEREIRA DA FONSECA BOTELHO
2026-07-07 20:10:40,112 - sistema_relatorios - relatorios_interface - INFO - Arquivo encontrado: C:\Users\Obras\sistema_gestao_testes\testes\Financeiro\Clientes\FERNANDA LUCENA PEREIRA DA FONSECA BOTELHO.xlsx
2026-07-07 20:10:40,114 - sistema_relatorios - relatorios_interface - INFO - Arquivo encontrado: C:\Users\Obras\sistema_gestao_testes\testes\Financeiro\Clientes\FERNANDA LUCENA PEREIRA DA FONSECA BOTELHO.xlsx
2026-07-07 20:13:30,722 - sistema_relatorios - relatorios_interface - INFO - Solicitado retorno ao menu principal
2026-07-07 20:13:30,729 - sistema_relatorios - relatorios_interface - INFO - Retornando ao menu principal existente
2026-07-07 20:13:30,847 - sistema_relatorios - relatorios_interface - INFO - Retorno ao menu principal concluído
2026-07-07 20:17:27,554 - sistema - logger_config - INFO - Sistema de logging inicializado
2026-07-07 20:17:27,556 - sistema_relatorios - logger_config - INFO - Usuário alterado para: sistema_relatorios
2026-07-07 20:17:27,557 - sistema_relatorios - relatorios_interface - INFO - Sistema de relatórios inicializando usando logger configurado
2026-07-07 20:17:27,559 - sistema_relatorios - relatorios_interface - INFO - Configurações de janela importadas com sucesso
2026-07-07 20:17:27,564 - sistema_relatorios - relatorios_interface - INFO - === Sistema de Relatórios Inicializando ===
2026-07-07 20:17:44,610 - sistema_relatorios - relatorios_interface - INFO - Carregando clientes de: C:\Users\Obras\sistema_gestao_testes\testes\Financeiro\Planilhas_Base\Clientes.xlsx
2026-07-07 20:17:44,732 - sistema_relatorios - relatorios_interface - INFO - Colunas disponíveis: ['Nome', 'Endereço', 'Data Inicial', 'Observações', 'Data Final', 'Tipo Taxa', 'CPF', 'CNO', 'Estado Civil', 'Cidade', 'Grupo', 'Logradouro', 'Numero', 'Complemento', 'Localidade', 'CEP', 'Estado', 'Metragem_Alvara', 'Banco', 'Agencia', 'Conta', 'Tipo_Conta', 'PIX']
2026-07-07 20:17:44,733 - sistema_relatorios - relatorios_interface - INFO - Coluna de status: Data Final
2026-07-07 20:17:44,750 - sistema_relatorios - relatorios_interface - INFO - Coluna de nome: Nome
2026-07-07 20:17:44,754 - sistema_relatorios - relatorios_interface - INFO - Total de clientes ativos encontrados: 20
2026-07-07 20:17:44,755 - sistema_relatorios - relatorios_interface - INFO - Lista de clientes atualizada com 21 clientes
2026-07-07 20:17:46,511 - sistema_relatorios - relatorios_interface - INFO - Data calculada automaticamente: 20/07/2026
2026-07-07 20:17:46,512 - sistema_relatorios - relatorios_interface - INFO - Data calculada automaticamente: 20/07/2026
2026-07-07 20:17:47,440 - sistema_relatorios - relatorios_interface - INFO - Carregando clientes de: C:\Users\Obras\sistema_gestao_testes\testes\Financeiro\Planilhas_Base\Clientes.xlsx
2026-07-07 20:17:47,492 - sistema_relatorios - relatorios_interface - INFO - Colunas disponíveis: ['Nome', 'Endereço', 'Data Inicial', 'Observações', 'Data Final', 'Tipo Taxa', 'CPF', 'CNO', 'Estado Civil', 'Cidade', 'Grupo', 'Logradouro', 'Numero', 'Complemento', 'Localidade', 'CEP', 'Estado', 'Metragem_Alvara', 'Banco', 'Agencia', 'Conta', 'Tipo_Conta', 'PIX']
2026-07-07 20:17:47,493 - sistema_relatorios - relatorios_interface - INFO - Coluna de status: Data Final
2026-07-07 20:17:47,496 - sistema_relatorios - relatorios_interface - INFO - Coluna de nome: Nome
2026-07-07 20:17:47,497 - sistema_relatorios - relatorios_interface - INFO - Total de clientes ativos encontrados: 20
2026-07-07 20:17:48,967 - sistema_relatorios - relatorios_interface - INFO - Modo manual ativado
2026-07-07 20:17:58,289 - sistema_relatorios - relatorios_interface - INFO - Cliente selecionado: RVR - SPRC - CASA JD PETROPOLIS
2026-07-07 20:17:58,290 - sistema_relatorios - relatorios_interface - INFO - Arquivo encontrado: C:\Users\Obras\sistema_gestao_testes\testes\Financeiro\Clientes\RVR - SPRC - CASA JD PETROPOLIS.xlsx
2026-07-07 20:17:58,297 - sistema_relatorios - relatorios_interface - INFO - Arquivo encontrado: C:\Users\Obras\sistema_gestao_testes\testes\Financeiro\Clientes\RVR - SPRC - CASA JD PETROPOLIS.xlsx
2026-07-07 20:18:46,655 - sistema_relatorios - relatorios_interface - INFO - 🔍 INICIANDO gerar_relatorio para: despesas
2026-07-07 20:18:46,656 - sistema_relatorios - relatorios_interface - INFO - 🎯 PROCESSANDO: Relatório de despesas
2026-07-07 20:18:46,657 - sistema_relatorios - relatorios_interface - INFO - 🎯 PROCESSANDO DESPESAS - ARQUITETURA LIMPA
2026-07-07 20:18:46,658 - sistema_relatorios - relatorios_interface - INFO - Data final obtida: 2026-07-05 00:00:00 (tipo: <class 'datetime.datetime'>)
2026-07-07 20:18:46,659 - sistema_relatorios - relatorios_interface - INFO - ✅ Arquivo encontrado em arquivo_cliente_selecionado: C:\Users\Obras\sistema_gestao_testes\testes\Financeiro\Clientes\RVR - SPRC - CASA JD PETROPOLIS.xlsx
2026-07-07 20:18:46,659 - sistema_relatorios - relatorios_interface - INFO - ✅ Arquivo final nas configurações: C:\Users\Obras\sistema_gestao_testes\testes\Financeiro\Clientes\RVR - SPRC - CASA JD PETROPOLIS.xlsx
2026-07-07 20:18:46,660 - sistema_relatorios - relatorios_interface - INFO - ✅ Configurações coletadas
2026-07-07 20:18:46,660 - sistema_relatorios - relatorios_interface - INFO - ✅ Arquivo confirmado: RVR - SPRC - CASA JD PETROPOLIS.xlsx
2026-07-07 20:18:48,700 - sistema_relatorios - relatorios_interface - INFO - Modo selecionado: Preview
2026-07-07 20:18:48,703 - sistema_relatorios - relatorios_interface - INFO - 🎯 EXECUTANDO COM PREVIEW DIRETO - PDF TEMPORÁRIO
2026-07-07 20:18:49,433 - sistema_relatorios - relatorios_interface - INFO - ✅ Janela de decisão criada
2026-07-07 20:19:35,352 - sistema_relatorios - relatorios_interface - ERROR - Erro ao atualizar progresso: 'Toplevel' object has no attribute 'percent_label'
2026-07-07 20:19:35,696 - sistema_relatorios - relatorios_interface - INFO - 🗑️ PDF temporário agendado para remoção: PREVIEW_RVR_-_SPRC_-_CASA_JD_PETROPOLIS_20260707_201848.pdf
2026-07-07 20:19:37,703 - sistema_relatorios - relatorios_interface - WARNING - Aviso: Não foi possível remover arquivo temporário: [WinError 32] O arquivo já está sendo usado por outro processo: 'C:\\Users\\Obras\\AppData\\Local\\Temp\\PREVIEW_RVR_-_SPRC_-_CASA_JD_PETROPOLIS_20260707_201848.pdf'
