2025-12-04 09:11:12,044 - sistema - logger_config - INFO - Sistema de logging inicializado
2025-12-04 09:11:12,045 - sistema_relatorios - logger_config - INFO - Usuário alterado para: sistema_relatorios
2025-12-04 09:11:12,045 - sistema_relatorios - relatorios_interface - INFO - Sistema de relatórios inicializando usando logger configurado
2025-12-04 09:11:12,046 - sistema_relatorios - relatorios_interface - INFO - Configurações de janela importadas com sucesso
2025-12-04 09:11:12,046 - sistema_relatorios - relatorios_interface - INFO - === Sistema de Relatórios Inicializando ===
2025-12-04 09:11:18,079 - sistema_relatorios - relatorios_interface - INFO - Carregando clientes de: C:\Users\Obras\sistema_gestao_testes\testes\Financeiro\Planilhas_Base\clientes.xlsx
2025-12-04 09:11:18,160 - sistema_relatorios - relatorios_interface - INFO - Colunas disponíveis: ['Nome', 'Endereço', 'Data Inicial', 'Observações', 'Data Final', 'Tipo Taxa', 'CPF', 'CNO', 'Estado Civil', 'Cidade', 'Grupo']
2025-12-04 09:11:18,161 - sistema_relatorios - relatorios_interface - INFO - Coluna de status: Data Final
2025-12-04 09:11:18,173 - sistema_relatorios - relatorios_interface - INFO - Coluna de nome: Nome
2025-12-04 09:11:18,176 - sistema_relatorios - relatorios_interface - INFO - Total de clientes ativos encontrados: 16
2025-12-04 09:11:18,178 - sistema_relatorios - relatorios_interface - INFO - Lista de clientes atualizada com 17 clientes
2025-12-04 09:11:20,711 - sistema_relatorios - relatorios_interface - INFO - Data calculada automaticamente: 05/12/2025
2025-12-04 09:11:20,713 - sistema_relatorios - relatorios_interface - INFO - Data calculada automaticamente: 05/12/2025
2025-12-04 09:11:21,362 - sistema_relatorios - relatorios_interface - INFO - Carregando clientes de: C:\Users\Obras\sistema_gestao_testes\testes\Financeiro\Planilhas_Base\clientes.xlsx
2025-12-04 09:11:21,387 - sistema_relatorios - relatorios_interface - INFO - Colunas disponíveis: ['Nome', 'Endereço', 'Data Inicial', 'Observações', 'Data Final', 'Tipo Taxa', 'CPF', 'CNO', 'Estado Civil', 'Cidade', 'Grupo']
2025-12-04 09:11:21,388 - sistema_relatorios - relatorios_interface - INFO - Coluna de status: Data Final
2025-12-04 09:11:21,393 - sistema_relatorios - relatorios_interface - INFO - Coluna de nome: Nome
2025-12-04 09:11:21,397 - sistema_relatorios - relatorios_interface - INFO - Total de clientes ativos encontrados: 16
2025-12-04 09:11:26,157 - sistema_relatorios - relatorios_interface - INFO - Cliente selecionado: SERGIO LUCIO PEREIRA
2025-12-04 09:11:26,160 - sistema_relatorios - relatorios_interface - INFO - Arquivo encontrado: C:\Users\Obras\sistema_gestao_testes\testes\Financeiro\Clientes\SERGIO LUCIO PEREIRA.xlsx
2025-12-04 09:11:26,167 - sistema_relatorios - relatorios_interface - INFO - Arquivo encontrado: C:\Users\Obras\sistema_gestao_testes\testes\Financeiro\Clientes\SERGIO LUCIO PEREIRA.xlsx
2025-12-04 09:11:29,780 - sistema_relatorios - relatorios_interface - INFO - 🔍 INICIANDO gerar_relatorio para: despesas
2025-12-04 09:11:29,781 - sistema_relatorios - relatorios_interface - INFO - 🎯 PROCESSANDO: Relatório de despesas
2025-12-04 09:11:29,782 - sistema_relatorios - relatorios_interface - INFO - 🎯 PROCESSANDO DESPESAS - ARQUITETURA LIMPA
2025-12-04 09:11:29,782 - sistema_relatorios - relatorios_interface - INFO - Data final obtida: 2025-12-05 00:00:00 (tipo: <class 'datetime.datetime'>)
2025-12-04 09:11:29,783 - sistema_relatorios - relatorios_interface - INFO - ✅ Arquivo encontrado em arquivo_cliente_selecionado: C:\Users\Obras\sistema_gestao_testes\testes\Financeiro\Clientes\SERGIO LUCIO PEREIRA.xlsx
2025-12-04 09:11:29,784 - sistema_relatorios - relatorios_interface - INFO - ✅ Arquivo final nas configurações: C:\Users\Obras\sistema_gestao_testes\testes\Financeiro\Clientes\SERGIO LUCIO PEREIRA.xlsx
2025-12-04 09:11:29,785 - sistema_relatorios - relatorios_interface - INFO - ✅ Configurações coletadas
2025-12-04 09:11:29,786 - sistema_relatorios - relatorios_interface - INFO - ✅ Arquivo confirmado: SERGIO LUCIO PEREIRA.xlsx
2025-12-04 09:11:32,000 - sistema_relatorios - relatorios_interface - INFO - Modo selecionado: Preview
2025-12-04 09:11:32,002 - sistema_relatorios - relatorios_interface - INFO - 🎯 EXECUTANDO COM PREVIEW DIRETO - PDF TEMPORÁRIO
2025-12-04 09:11:34,747 - sistema_relatorios - relatorios_interface - INFO - ✅ Janela de decisão criada
2025-12-04 09:11:59,028 - sistema_relatorios - relatorios_interface - INFO - 🗑️ PDF temporário agendado para remoção: PREVIEW_SERGIO_LUCIO_PEREIRA_20251204_091134.pdf
2025-12-04 09:12:01,029 - sistema_relatorios - relatorios_interface - INFO - 🗑️ Arquivo temporário removido: PREVIEW_SERGIO_LUCIO_PEREIRA_20251204_091134.pdf
2025-12-04 09:12:01,164 - sistema_relatorios - relatorios_interface - INFO - Solicitado retorno ao menu principal
2025-12-04 09:12:01,165 - sistema_relatorios - relatorios_interface - INFO - Retornando ao menu principal existente
2025-12-04 09:12:01,249 - sistema_relatorios - relatorios_interface - INFO - Retorno ao menu principal concluído
