2026-06-23 07:24:10,418 - sistema - logger_config - INFO - Sistema de logging inicializado
2026-06-23 07:24:10,532 - sistema_relatorios - logger_config - INFO - Usuário alterado para: sistema_relatorios
2026-06-23 07:24:10,595 - sistema_relatorios - relatorios_interface - INFO - Sistema de relatórios inicializando usando logger configurado
2026-06-23 07:24:10,647 - sistema_relatorios - relatorios_interface - INFO - Configurações de janela importadas com sucesso
2026-06-23 07:24:10,656 - sistema_relatorios - relatorios_interface - INFO - === Sistema de Relatórios Inicializando ===
2026-06-23 07:24:48,602 - sistema_relatorios - gestao_medicoes - INFO - Logger importado com sucesso em gestao_medicoes.py
2026-06-23 07:24:48,622 - sistema_relatorios - gestao_medicoes - INFO - ✅ Janela Gestão de Medições inicializada com tripla proteção de visibilidade
2026-06-23 07:25:11,255 - sistema_relatorios - gestao_medicoes - INFO - Medição excluída: Contrato 14, Medição #1, Valor: 3333
2026-06-23 07:40:10,333 - sistema_relatorios - gestao_medicoes - INFO - ✅ Janela de Gestão de Medições fechada
2026-06-23 07:40:10,349 - sistema_relatorios - gestao_medicoes - INFO - ✅ Menu principal restaurado
2026-06-23 07:43:24,631 - sistema - logger_config - INFO - Sistema de logging inicializado
2026-06-23 07:43:24,632 - sistema_relatorios - logger_config - INFO - Usuário alterado para: sistema_relatorios
2026-06-23 07:43:24,632 - sistema_relatorios - relatorios_interface - INFO - Sistema de relatórios inicializando usando logger configurado
2026-06-23 07:43:24,633 - sistema_relatorios - relatorios_interface - INFO - Configurações de janela importadas com sucesso
2026-06-23 07:43:24,633 - sistema_relatorios - relatorios_interface - INFO - === Sistema de Relatórios Inicializando ===
2026-06-23 07:43:30,499 - sistema_relatorios - gestao_medicoes - INFO - Logger importado com sucesso em gestao_medicoes.py
2026-06-23 07:43:30,519 - sistema_relatorios - gestao_medicoes - INFO - ✅ Janela Gestão de Medições inicializada com tripla proteção de visibilidade
2026-06-23 07:44:30,942 - sistema_relatorios - gestao_medicoes - INFO - ✅ Janela de Gestão de Medições fechada
2026-06-23 07:44:30,946 - sistema_relatorios - gestao_medicoes - INFO - ✅ Menu principal restaurado
2026-06-23 07:53:37,245 - sistema - logger_config - INFO - Sistema de logging inicializado
2026-06-23 07:53:37,246 - sistema_relatorios - logger_config - INFO - Usuário alterado para: sistema_relatorios
2026-06-23 07:53:37,246 - sistema_relatorios - relatorios_interface - INFO - Sistema de relatórios inicializando usando logger configurado
2026-06-23 07:53:37,246 - sistema_relatorios - relatorios_interface - INFO - Configurações de janela importadas com sucesso
2026-06-23 07:53:37,247 - sistema_relatorios - relatorios_interface - INFO - === Sistema de Relatórios Inicializando ===
2026-06-23 07:53:42,734 - sistema_relatorios - gestao_medicoes - INFO - Logger importado com sucesso em gestao_medicoes.py
2026-06-23 07:53:42,754 - sistema_relatorios - gestao_medicoes - INFO - ✅ Janela Gestão de Medições inicializada com tripla proteção de visibilidade
2026-06-23 08:40:56,331 - sistema_relatorios - gestao_medicoes - INFO - ✅ Janela de Gestão de Medições fechada
2026-06-23 08:40:56,368 - sistema_relatorios - gestao_medicoes - INFO - ✅ Menu principal restaurado
2026-06-23 08:43:06,142 - sistema - logger_config - INFO - Sistema de logging inicializado
2026-06-23 08:43:06,143 - sistema_relatorios - logger_config - INFO - Usuário alterado para: sistema_relatorios
2026-06-23 08:43:06,144 - sistema_relatorios - relatorios_interface - INFO - Sistema de relatórios inicializando usando logger configurado
2026-06-23 08:43:06,145 - sistema_relatorios - relatorios_interface - INFO - Configurações de janela importadas com sucesso
2026-06-23 08:43:06,145 - sistema_relatorios - relatorios_interface - INFO - === Sistema de Relatórios Inicializando ===
2026-06-23 08:43:15,430 - sistema_relatorios - gestao_medicoes - INFO - Logger importado com sucesso em gestao_medicoes.py
2026-06-23 08:43:15,449 - sistema_relatorios - gestao_medicoes - INFO - ✅ Janela Gestão de Medições inicializada com tripla proteção de visibilidade
2026-06-23 08:49:07,785 - sistema_relatorios - gestao_medicoes - INFO - ✅ Janela de Gestão de Medições fechada
2026-06-23 08:49:07,808 - sistema_relatorios - gestao_medicoes - INFO - ✅ Menu principal restaurado
2026-06-23 08:53:44,144 - sistema - logger_config - INFO - Sistema de logging inicializado
2026-06-23 08:53:44,146 - sistema_relatorios - logger_config - INFO - Usuário alterado para: sistema_relatorios
2026-06-23 08:53:44,146 - sistema_relatorios - relatorios_interface - INFO - Sistema de relatórios inicializando usando logger configurado
2026-06-23 08:53:44,146 - sistema_relatorios - relatorios_interface - INFO - Configurações de janela importadas com sucesso
2026-06-23 08:53:44,147 - sistema_relatorios - relatorios_interface - INFO - === Sistema de Relatórios Inicializando ===
2026-06-23 08:53:48,297 - sistema_relatorios - gestao_medicoes - INFO - Logger importado com sucesso em gestao_medicoes.py
2026-06-23 08:53:48,314 - sistema_relatorios - gestao_medicoes - INFO - ✅ Janela Gestão de Medições inicializada com tripla proteção de visibilidade
2026-06-23 09:18:37,553 - sistema_relatorios - gestao_medicoes - INFO - ✅ Janela de Gestão de Medições fechada
2026-06-23 09:18:37,582 - sistema_relatorios - gestao_medicoes - INFO - ✅ Menu principal restaurado
2026-06-23 09:19:12,247 - sistema - logger_config - INFO - Sistema de logging inicializado
2026-06-23 09:19:12,248 - sistema_relatorios - logger_config - INFO - Usuário alterado para: sistema_relatorios
2026-06-23 09:19:12,249 - sistema_relatorios - relatorios_interface - INFO - Sistema de relatórios inicializando usando logger configurado
2026-06-23 09:19:12,249 - sistema_relatorios - relatorios_interface - INFO - Configurações de janela importadas com sucesso
2026-06-23 09:19:12,249 - sistema_relatorios - relatorios_interface - INFO - === Sistema de Relatórios Inicializando ===
2026-06-23 09:19:18,268 - sistema_relatorios - logger_config - INFO - Iniciando: Carregar configurações
2026-06-23 09:19:18,311 - sistema_relatorios - logger_config - INFO - Concluído: Carregar configurações
2026-06-23 09:19:18,514 - sistema_relatorios - logger_config - INFO - Iniciando: Carregar configurações
2026-06-23 09:19:18,514 - sistema_relatorios - logger_config - INFO - Concluído: Carregar configurações
2026-06-23 09:19:18,516 - sistema_relatorios - logger_config - INFO - Iniciando: Carregar configurações
2026-06-23 09:19:18,517 - sistema_relatorios - logger_config - INFO - Concluído: Carregar configurações
2026-06-23 09:19:44,918 - sistema_relatorios - gestao_medicoes - INFO - Logger importado com sucesso em gestao_medicoes.py
2026-06-23 09:19:44,939 - sistema_relatorios - gestao_medicoes - INFO - ✅ Janela Gestão de Medições inicializada com tripla proteção de visibilidade
2026-06-23 09:44:49,010 - sistema_relatorios - gestao_medicoes - INFO - ✅ Janela de Gestão de Medições fechada
2026-06-23 09:44:49,048 - sistema_relatorios - gestao_medicoes - INFO - ✅ Menu principal restaurado
2026-06-23 09:48:30,171 - sistema - logger_config - INFO - Sistema de logging inicializado
2026-06-23 09:48:30,172 - sistema_relatorios - logger_config - INFO - Usuário alterado para: sistema_relatorios
2026-06-23 09:48:30,173 - sistema_relatorios - relatorios_interface - INFO - Sistema de relatórios inicializando usando logger configurado
2026-06-23 09:48:30,173 - sistema_relatorios - relatorios_interface - INFO - Configurações de janela importadas com sucesso
2026-06-23 09:48:30,173 - sistema_relatorios - relatorios_interface - INFO - === Sistema de Relatórios Inicializando ===
2026-06-23 09:48:37,039 - sistema_relatorios - gestao_medicoes - INFO - Logger importado com sucesso em gestao_medicoes.py
2026-06-23 09:48:37,069 - sistema_relatorios - gestao_medicoes - INFO - ✅ Janela Gestão de Medições inicializada com tripla proteção de visibilidade
2026-06-23 09:49:01,400 - sistema_relatorios - gestao_medicoes - INFO - Fornecedor selecionado na aba: JOSÉ TEIXEIRA (524.475.616-87)
2026-06-23 09:49:06,307 - sistema_relatorios - gestao_medicoes - INFO - Prazo calculado: 22 dias úteis (excluindo data início)
2026-06-23 09:49:06,308 - sistema_relatorios - gestao_medicoes - INFO - Formulário de contrato limpo
2026-06-23 09:49:06,670 - sistema_relatorios - gerador_contrato - INFO - Carregando serviços de: C:\Users\Obras\sistema_gestao_testes\testes\Financeiro\Planilhas_Base\servicos_construcao.json
2026-06-23 09:49:06,845 - sistema_relatorios - gerador_contrato - INFO - Serviços carregados: 10 categorias
2026-06-23 09:49:06,847 - sistema_relatorios - gerador_contrato - INFO - Pasta de contratos verificada: C:\Users\Obras\sistema_gestao_testes\testes\Financeiro\Clientes\Contratos
2026-06-23 09:49:06,847 - sistema_relatorios - gerador_contrato - INFO - GeradorContrato inicializado com sucesso (usando python-docx)
2026-06-23 09:49:06,848 - sistema_relatorios - gerador_contrato - INFO - Obtendo dados do cliente: BRUNO SANTANA RINALDI
2026-06-23 09:49:06,876 - sistema_relatorios - gerador_contrato - INFO - Colunas disponíveis: ['Nome', 'Endereço', 'Data Inicial', 'Observações', 'Data Final', 'Tipo Taxa', 'CPF', 'CNO', 'Estado Civil', 'Cidade', 'Grupo', 'Logradouro', 'Numero', 'Complemento', 'Localidade', 'CEP', 'Estado', 'Metragem_Alvara', 'Banco', 'Agencia', 'Conta', 'Tipo_Conta', 'PIX']
2026-06-23 09:49:06,878 - sistema_relatorios - gerador_contrato - INFO - CPF bruto obtido: 123.456.789-00 (tipo: <class 'str'>)
2026-06-23 09:49:06,878 - sistema_relatorios - gerador_contrato - INFO - CPF como string: 123.456.789-00
2026-06-23 09:49:06,879 - sistema_relatorios - gerador_contrato - INFO - CPF apenas números: 12345678900
2026-06-23 09:49:06,879 - sistema_relatorios - gerador_contrato - INFO - ✅ CPF formatado: 123.456.789-00
2026-06-23 09:49:06,880 - sistema_relatorios - gerador_contrato - INFO - CNO já formatado: 90.018.91862/63
2026-06-23 09:49:06,881 - sistema_relatorios - gerador_contrato - INFO - ✅ Dados do cliente processados - CPF final: 123.456.789-00
2026-06-23 09:49:06,881 - sistema_relatorios - gerador_contrato - INFO - Dados do cliente obtidos com sucesso: BRUNO SANTANA RINALDI
2026-06-23 09:49:14,256 - sistema_relatorios - gestao_medicoes - INFO - Data Fim calculada: 24/07/2026 (22 dias úteis, excluindo data início)
2026-06-23 09:54:13,837 - sistema_relatorios - gestao_medicoes - INFO - Medição excluída: Contrato 16, Medição #1, Valor: 4500
2026-06-23 09:58:43,354 - sistema_relatorios - gestao_medicoes - INFO - ✅ Janela de Gestão de Medições fechada
2026-06-23 09:58:43,360 - sistema_relatorios - gestao_medicoes - INFO - ✅ Menu principal restaurado
2026-06-23 09:58:45,080 - sistema_relatorios - logger_config - INFO - Iniciando: Carregar configurações
2026-06-23 09:58:45,082 - sistema_relatorios - logger_config - INFO - Concluído: Carregar configurações
2026-06-23 09:58:45,282 - sistema_relatorios - logger_config - INFO - Iniciando: Carregar configurações
2026-06-23 09:58:45,283 - sistema_relatorios - logger_config - INFO - Concluído: Carregar configurações
2026-06-23 09:58:45,285 - sistema_relatorios - logger_config - INFO - Iniciando: Carregar configurações
2026-06-23 09:58:45,286 - sistema_relatorios - logger_config - INFO - Concluído: Carregar configurações
2026-06-23 10:57:02,136 - sistema - logger_config - INFO - Sistema de logging inicializado
2026-06-23 10:57:02,137 - sistema_relatorios - logger_config - INFO - Usuário alterado para: sistema_relatorios
2026-06-23 10:57:02,138 - sistema_relatorios - relatorios_interface - INFO - Sistema de relatórios inicializando usando logger configurado
2026-06-23 10:57:02,138 - sistema_relatorios - relatorios_interface - INFO - Configurações de janela importadas com sucesso
2026-06-23 10:57:02,138 - sistema_relatorios - relatorios_interface - INFO - === Sistema de Relatórios Inicializando ===
2026-06-23 10:57:10,944 - sistema_relatorios - gestao_medicoes - INFO - Logger importado com sucesso em gestao_medicoes.py
2026-06-23 10:57:10,980 - sistema_relatorios - gestao_medicoes - INFO - ✅ Janela Gestão de Medições inicializada com tripla proteção de visibilidade
2026-06-23 11:00:16,052 - sistema_relatorios - gestao_medicoes - INFO - ✅ Janela de Gestão de Medições fechada
2026-06-23 11:00:16,117 - sistema_relatorios - gestao_medicoes - INFO - ✅ Menu principal restaurado
2026-06-23 11:00:19,967 - sistema_relatorios - logger_config - INFO - Iniciando: Carregar configurações
2026-06-23 11:00:19,972 - sistema_relatorios - logger_config - INFO - Concluído: Carregar configurações
2026-06-23 11:00:20,141 - sistema_relatorios - logger_config - INFO - Iniciando: Carregar configurações
2026-06-23 11:00:20,142 - sistema_relatorios - logger_config - INFO - Concluído: Carregar configurações
2026-06-23 11:00:20,145 - sistema_relatorios - logger_config - INFO - Iniciando: Carregar configurações
2026-06-23 11:00:20,146 - sistema_relatorios - logger_config - INFO - Concluído: Carregar configurações
2026-06-23 11:23:12,740 - sistema_relatorios - relatorios_interface - INFO - Carregando clientes de: C:\Users\Obras\sistema_gestao_testes\testes\Financeiro\Planilhas_Base\Clientes.xlsx
2026-06-23 11:23:12,986 - sistema_relatorios - relatorios_interface - INFO - Colunas disponíveis: ['Nome', 'Endereço', 'Data Inicial', 'Observações', 'Data Final', 'Tipo Taxa', 'CPF', 'CNO', 'Estado Civil', 'Cidade', 'Grupo', 'Logradouro', 'Numero', 'Complemento', 'Localidade', 'CEP', 'Estado', 'Metragem_Alvara', 'Banco', 'Agencia', 'Conta', 'Tipo_Conta', 'PIX']
2026-06-23 11:23:12,988 - sistema_relatorios - relatorios_interface - INFO - Coluna de status: Data Final
2026-06-23 11:23:13,064 - sistema_relatorios - relatorios_interface - INFO - Coluna de nome: Nome
2026-06-23 11:23:13,070 - sistema_relatorios - relatorios_interface - INFO - Total de clientes ativos encontrados: 20
2026-06-23 11:23:13,071 - sistema_relatorios - relatorios_interface - INFO - Lista de clientes atualizada com 21 clientes
2026-06-23 11:23:15,100 - sistema_relatorios - relatorios_interface - INFO - Data calculada automaticamente: 05/07/2026
2026-06-23 11:23:15,101 - sistema_relatorios - relatorios_interface - INFO - Data calculada automaticamente: 05/07/2026
2026-06-23 11:23:15,318 - sistema_relatorios - relatorios_interface - INFO - Carregando clientes de: C:\Users\Obras\sistema_gestao_testes\testes\Financeiro\Planilhas_Base\Clientes.xlsx
2026-06-23 11:23:15,359 - sistema_relatorios - relatorios_interface - INFO - Colunas disponíveis: ['Nome', 'Endereço', 'Data Inicial', 'Observações', 'Data Final', 'Tipo Taxa', 'CPF', 'CNO', 'Estado Civil', 'Cidade', 'Grupo', 'Logradouro', 'Numero', 'Complemento', 'Localidade', 'CEP', 'Estado', 'Metragem_Alvara', 'Banco', 'Agencia', 'Conta', 'Tipo_Conta', 'PIX']
2026-06-23 11:23:15,359 - sistema_relatorios - relatorios_interface - INFO - Coluna de status: Data Final
2026-06-23 11:23:15,362 - sistema_relatorios - relatorios_interface - INFO - Coluna de nome: Nome
2026-06-23 11:23:15,363 - sistema_relatorios - relatorios_interface - INFO - Total de clientes ativos encontrados: 20
2026-06-23 11:23:18,638 - sistema_relatorios - relatorios_interface - INFO - Modo manual ativado
2026-06-23 11:23:35,833 - sistema_relatorios - relatorios_interface - INFO - Cliente selecionado: MARCIA UBERENICE NOGUEIRA
2026-06-23 11:23:35,834 - sistema_relatorios - relatorios_interface - INFO - Arquivo encontrado: C:\Users\Obras\sistema_gestao_testes\testes\Financeiro\Clientes\MARCIA UBERENICE NOGUEIRA.xlsx
2026-06-23 11:23:35,842 - sistema_relatorios - relatorios_interface - INFO - Arquivo encontrado: C:\Users\Obras\sistema_gestao_testes\testes\Financeiro\Clientes\MARCIA UBERENICE NOGUEIRA.xlsx
2026-06-23 11:23:40,910 - sistema_relatorios - relatorios_interface - INFO - 🔍 INICIANDO gerar_relatorio para: despesas
2026-06-23 11:23:40,911 - sistema_relatorios - relatorios_interface - INFO - 🎯 PROCESSANDO: Relatório de despesas
2026-06-23 11:23:40,912 - sistema_relatorios - relatorios_interface - INFO - 🎯 PROCESSANDO DESPESAS - ARQUITETURA LIMPA
2026-06-23 11:23:40,914 - sistema_relatorios - relatorios_interface - INFO - Data final obtida: 2026-03-05 00:00:00 (tipo: <class 'datetime.datetime'>)
2026-06-23 11:23:40,916 - sistema_relatorios - relatorios_interface - INFO - ✅ Arquivo encontrado em arquivo_cliente_selecionado: C:\Users\Obras\sistema_gestao_testes\testes\Financeiro\Clientes\MARCIA UBERENICE NOGUEIRA.xlsx
2026-06-23 11:23:40,917 - sistema_relatorios - relatorios_interface - INFO - ✅ Arquivo final nas configurações: C:\Users\Obras\sistema_gestao_testes\testes\Financeiro\Clientes\MARCIA UBERENICE NOGUEIRA.xlsx
2026-06-23 11:23:40,918 - sistema_relatorios - relatorios_interface - INFO - ✅ Configurações coletadas
2026-06-23 11:23:40,919 - sistema_relatorios - relatorios_interface - INFO - ✅ Arquivo confirmado: MARCIA UBERENICE NOGUEIRA.xlsx
2026-06-23 11:23:43,024 - sistema_relatorios - relatorios_interface - INFO - Modo selecionado: Preview
2026-06-23 11:23:43,025 - sistema_relatorios - relatorios_interface - INFO - 🎯 EXECUTANDO COM PREVIEW DIRETO - PDF TEMPORÁRIO
2026-06-23 11:23:44,328 - sistema_relatorios - relatorios_interface - INFO - ✅ Janela de decisão criada
2026-06-23 11:24:26,943 - sistema_relatorios - relatorios_interface - INFO - 🗑️ PDF temporário agendado para remoção: PREVIEW_MARCIA_UBERENICE_NOGUEIRA_20260623_112343.pdf
2026-06-23 11:24:28,813 - sistema_relatorios - relatorios_interface - INFO - Solicitado retorno ao menu principal
2026-06-23 11:24:28,814 - sistema_relatorios - relatorios_interface - INFO - Retornando ao menu principal existente
2026-06-23 11:24:28,901 - sistema_relatorios - relatorios_interface - INFO - Retorno ao menu principal concluído
2026-06-23 13:49:34,525 - sistema - logger_config - INFO - Sistema de logging inicializado
2026-06-23 13:49:34,526 - sistema_relatorios - logger_config - INFO - Usuário alterado para: sistema_relatorios
2026-06-23 13:49:34,527 - sistema_relatorios - relatorios_interface - INFO - Sistema de relatórios inicializando usando logger configurado
2026-06-23 13:49:34,528 - sistema_relatorios - relatorios_interface - INFO - Configurações de janela importadas com sucesso
2026-06-23 13:49:34,529 - sistema_relatorios - relatorios_interface - INFO - === Sistema de Relatórios Inicializando ===
2026-06-23 13:49:51,159 - sistema_relatorios - logger_config - INFO - Iniciando: Carregar configurações
2026-06-23 13:49:51,165 - sistema_relatorios - logger_config - INFO - Concluído: Carregar configurações
2026-06-23 13:49:51,424 - sistema_relatorios - logger_config - INFO - Iniciando: Carregar configurações
2026-06-23 13:49:51,425 - sistema_relatorios - logger_config - INFO - Concluído: Carregar configurações
2026-06-23 13:49:51,428 - sistema_relatorios - logger_config - INFO - Iniciando: Carregar configurações
2026-06-23 13:49:51,429 - sistema_relatorios - logger_config - INFO - Concluído: Carregar configurações
2026-06-23 14:08:54,884 - sistema - logger_config - INFO - Sistema de logging inicializado
2026-06-23 14:08:54,886 - sistema_relatorios - logger_config - INFO - Usuário alterado para: sistema_relatorios
2026-06-23 14:08:54,888 - sistema_relatorios - relatorios_interface - INFO - Sistema de relatórios inicializando usando logger configurado
2026-06-23 14:08:54,888 - sistema_relatorios - relatorios_interface - INFO - Configurações de janela importadas com sucesso
2026-06-23 14:08:54,893 - sistema_relatorios - relatorios_interface - INFO - === Sistema de Relatórios Inicializando ===
2026-06-23 14:09:09,161 - sistema_relatorios - logger_config - INFO - Iniciando: Carregar configurações
2026-06-23 14:09:09,165 - sistema_relatorios - logger_config - INFO - Concluído: Carregar configurações
2026-06-23 14:09:09,347 - sistema_relatorios - logger_config - INFO - Iniciando: Carregar configurações
2026-06-23 14:09:09,348 - sistema_relatorios - logger_config - INFO - Concluído: Carregar configurações
2026-06-23 14:09:09,350 - sistema_relatorios - logger_config - INFO - Iniciando: Carregar configurações
2026-06-23 14:09:09,350 - sistema_relatorios - logger_config - INFO - Concluído: Carregar configurações
2026-06-23 14:34:59,307 - sistema - logger_config - INFO - Sistema de logging inicializado
2026-06-23 14:34:59,308 - sistema_relatorios - logger_config - INFO - Usuário alterado para: sistema_relatorios
2026-06-23 14:34:59,309 - sistema_relatorios - relatorios_interface - INFO - Sistema de relatórios inicializando usando logger configurado
2026-06-23 14:34:59,310 - sistema_relatorios - relatorios_interface - INFO - Configurações de janela importadas com sucesso
2026-06-23 14:34:59,310 - sistema_relatorios - relatorios_interface - INFO - === Sistema de Relatórios Inicializando ===
2026-06-23 14:35:12,031 - sistema_relatorios - logger_config - INFO - Iniciando: Carregar configurações
2026-06-23 14:35:12,034 - sistema_relatorios - logger_config - INFO - Concluído: Carregar configurações
2026-06-23 14:35:12,247 - sistema_relatorios - logger_config - INFO - Iniciando: Carregar configurações
2026-06-23 14:35:12,250 - sistema_relatorios - logger_config - INFO - Concluído: Carregar configurações
2026-06-23 14:35:12,252 - sistema_relatorios - logger_config - INFO - Iniciando: Carregar configurações
2026-06-23 14:35:12,253 - sistema_relatorios - logger_config - INFO - Concluído: Carregar configurações
2026-06-23 14:39:36,692 - sistema - logger_config - INFO - Sistema de logging inicializado
2026-06-23 14:39:36,695 - sistema_relatorios - logger_config - INFO - Usuário alterado para: sistema_relatorios
2026-06-23 14:39:36,696 - sistema_relatorios - relatorios_interface - INFO - Sistema de relatórios inicializando usando logger configurado
2026-06-23 14:39:36,696 - sistema_relatorios - relatorios_interface - INFO - Configurações de janela importadas com sucesso
2026-06-23 14:39:36,697 - sistema_relatorios - relatorios_interface - INFO - === Sistema de Relatórios Inicializando ===
2026-06-23 14:39:49,358 - sistema_relatorios - logger_config - INFO - Iniciando: Carregar configurações
2026-06-23 14:39:49,362 - sistema_relatorios - logger_config - INFO - Concluído: Carregar configurações
2026-06-23 14:39:49,551 - sistema_relatorios - logger_config - INFO - Iniciando: Carregar configurações
2026-06-23 14:39:49,552 - sistema_relatorios - logger_config - INFO - Concluído: Carregar configurações
2026-06-23 14:39:49,554 - sistema_relatorios - logger_config - INFO - Iniciando: Carregar configurações
2026-06-23 14:39:49,555 - sistema_relatorios - logger_config - INFO - Concluído: Carregar configurações
2026-06-23 14:45:22,667 - sistema - logger_config - INFO - Sistema de logging inicializado
2026-06-23 14:45:22,669 - sistema_relatorios - logger_config - INFO - Usuário alterado para: sistema_relatorios
2026-06-23 14:45:22,669 - sistema_relatorios - relatorios_interface - INFO - Sistema de relatórios inicializando usando logger configurado
2026-06-23 14:45:22,670 - sistema_relatorios - relatorios_interface - INFO - Configurações de janela importadas com sucesso
2026-06-23 14:45:22,671 - sistema_relatorios - relatorios_interface - INFO - === Sistema de Relatórios Inicializando ===
2026-06-23 14:45:35,001 - sistema_relatorios - logger_config - INFO - Iniciando: Carregar configurações
2026-06-23 14:45:35,003 - sistema_relatorios - logger_config - INFO - Concluído: Carregar configurações
2026-06-23 14:45:35,173 - sistema_relatorios - logger_config - INFO - Iniciando: Carregar configurações
2026-06-23 14:45:35,174 - sistema_relatorios - logger_config - INFO - Concluído: Carregar configurações
2026-06-23 14:45:35,176 - sistema_relatorios - logger_config - INFO - Iniciando: Carregar configurações
2026-06-23 14:45:35,176 - sistema_relatorios - logger_config - INFO - Concluído: Carregar configurações
2026-06-23 16:00:56,458 - sistema - logger_config - INFO - Sistema de logging inicializado
2026-06-23 16:00:56,459 - sistema_relatorios - logger_config - INFO - Usuário alterado para: sistema_relatorios
2026-06-23 16:00:56,460 - sistema_relatorios - relatorios_interface - INFO - Sistema de relatórios inicializando usando logger configurado
2026-06-23 16:00:56,460 - sistema_relatorios - relatorios_interface - INFO - Configurações de janela importadas com sucesso
2026-06-23 16:00:56,461 - sistema_relatorios - relatorios_interface - INFO - === Sistema de Relatórios Inicializando ===
2026-06-23 16:01:01,749 - sistema_relatorios - gestao_medicoes - INFO - Logger importado com sucesso em gestao_medicoes.py
2026-06-23 16:01:01,776 - sistema_relatorios - gestao_medicoes - INFO - ✅ Janela Gestão de Medições inicializada com tripla proteção de visibilidade
2026-06-23 16:01:43,933 - sistema_relatorios - gestao_medicoes - INFO - Prazo calculado: 22 dias úteis (excluindo data início)
2026-06-23 16:01:43,934 - sistema_relatorios - gestao_medicoes - INFO - Formulário de contrato limpo
2026-06-23 16:01:43,936 - sistema_relatorios - gestao_medicoes - INFO - Prazo calculado: 65 dias úteis (excluindo data início)
2026-06-23 16:01:43,938 - sistema_relatorios - gestao_medicoes - INFO - Contrato 15 carregado para reemissão
2026-06-23 16:01:44,246 - sistema_relatorios - gerador_contrato - INFO - Carregando serviços de: C:\Users\Obras\sistema_gestao_testes\testes\Financeiro\Planilhas_Base\servicos_construcao.json
2026-06-23 16:01:44,249 - sistema_relatorios - gerador_contrato - INFO - Serviços carregados: 10 categorias
2026-06-23 16:01:44,250 - sistema_relatorios - gerador_contrato - INFO - Pasta de contratos verificada: C:\Users\Obras\sistema_gestao_testes\testes\Financeiro\Clientes\Contratos
2026-06-23 16:01:44,250 - sistema_relatorios - gerador_contrato - INFO - GeradorContrato inicializado com sucesso (usando python-docx)
2026-06-23 16:01:44,251 - sistema_relatorios - gerador_contrato - INFO - Obtendo dados do cliente: BRUNO SANTANA RINALDI
2026-06-23 16:01:44,283 - sistema_relatorios - gerador_contrato - INFO - Colunas disponíveis: ['Nome', 'Endereço', 'Data Inicial', 'Observações', 'Data Final', 'Tipo Taxa', 'CPF', 'CNO', 'Estado Civil', 'Cidade', 'Grupo', 'Logradouro', 'Numero', 'Complemento', 'Localidade', 'CEP', 'Estado', 'Metragem_Alvara', 'Banco', 'Agencia', 'Conta', 'Tipo_Conta', 'PIX']
2026-06-23 16:01:44,285 - sistema_relatorios - gerador_contrato - INFO - CPF bruto obtido: 123.456.789-00 (tipo: <class 'str'>)
2026-06-23 16:01:44,286 - sistema_relatorios - gerador_contrato - INFO - CPF como string: 123.456.789-00
2026-06-23 16:01:44,287 - sistema_relatorios - gerador_contrato - INFO - CPF apenas números: 12345678900
2026-06-23 16:01:44,288 - sistema_relatorios - gerador_contrato - INFO - ✅ CPF formatado: 123.456.789-00
2026-06-23 16:01:44,290 - sistema_relatorios - gerador_contrato - INFO - CNO já formatado: 90.018.91862/63
2026-06-23 16:01:44,290 - sistema_relatorios - gerador_contrato - INFO - ✅ Dados do cliente processados - CPF final: 123.456.789-00
2026-06-23 16:01:44,291 - sistema_relatorios - gerador_contrato - INFO - Dados do cliente obtidos com sucesso: BRUNO SANTANA RINALDI
2026-06-23 16:02:15,739 - sistema_relatorios - gestao_medicoes - INFO - Fornecedor selecionado na aba: PEDRINHO CAÇAMBAS (41.279.565/0001-37)
2026-06-23 16:02:20,027 - sistema_relatorios - gestao_medicoes - INFO - Prazo calculado: 22 dias úteis (excluindo data início)
2026-06-23 16:02:20,028 - sistema_relatorios - gestao_medicoes - INFO - Formulário de contrato limpo
2026-06-23 16:02:20,107 - sistema_relatorios - gerador_contrato - INFO - Obtendo dados do cliente: BRUNO SANTANA RINALDI
2026-06-23 16:02:20,140 - sistema_relatorios - gerador_contrato - INFO - Colunas disponíveis: ['Nome', 'Endereço', 'Data Inicial', 'Observações', 'Data Final', 'Tipo Taxa', 'CPF', 'CNO', 'Estado Civil', 'Cidade', 'Grupo', 'Logradouro', 'Numero', 'Complemento', 'Localidade', 'CEP', 'Estado', 'Metragem_Alvara', 'Banco', 'Agencia', 'Conta', 'Tipo_Conta', 'PIX']
2026-06-23 16:02:20,142 - sistema_relatorios - gerador_contrato - INFO - CPF bruto obtido: 123.456.789-00 (tipo: <class 'str'>)
2026-06-23 16:02:20,142 - sistema_relatorios - gerador_contrato - INFO - CPF como string: 123.456.789-00
2026-06-23 16:02:20,143 - sistema_relatorios - gerador_contrato - INFO - CPF apenas números: 12345678900
2026-06-23 16:02:20,143 - sistema_relatorios - gerador_contrato - INFO - ✅ CPF formatado: 123.456.789-00
2026-06-23 16:02:20,144 - sistema_relatorios - gerador_contrato - INFO - CNO já formatado: 90.018.91862/63
2026-06-23 16:02:20,144 - sistema_relatorios - gerador_contrato - INFO - ✅ Dados do cliente processados - CPF final: 123.456.789-00
2026-06-23 16:02:20,145 - sistema_relatorios - gerador_contrato - INFO - Dados do cliente obtidos com sucesso: BRUNO SANTANA RINALDI
2026-06-23 16:04:36,459 - sistema_relatorios - gestao_medicoes - INFO - Prazo calculado: 22 dias úteis (excluindo data início)
2026-06-23 16:04:36,460 - sistema_relatorios - gestao_medicoes - INFO - Formulário de contrato limpo
2026-06-23 16:04:36,463 - sistema_relatorios - gestao_medicoes - INFO - Prazo calculado: 252 dias úteis (excluindo data início)
2026-06-23 16:04:36,466 - sistema_relatorios - gestao_medicoes - INFO - Contrato 14 carregado para reemissão
2026-06-23 16:04:36,521 - sistema_relatorios - gerador_contrato - INFO - Obtendo dados do cliente: BRUNO SANTANA RINALDI
2026-06-23 16:04:36,551 - sistema_relatorios - gerador_contrato - INFO - Colunas disponíveis: ['Nome', 'Endereço', 'Data Inicial', 'Observações', 'Data Final', 'Tipo Taxa', 'CPF', 'CNO', 'Estado Civil', 'Cidade', 'Grupo', 'Logradouro', 'Numero', 'Complemento', 'Localidade', 'CEP', 'Estado', 'Metragem_Alvara', 'Banco', 'Agencia', 'Conta', 'Tipo_Conta', 'PIX']
2026-06-23 16:04:36,554 - sistema_relatorios - gerador_contrato - INFO - CPF bruto obtido: 123.456.789-00 (tipo: <class 'str'>)
2026-06-23 16:04:36,555 - sistema_relatorios - gerador_contrato - INFO - CPF como string: 123.456.789-00
2026-06-23 16:04:36,555 - sistema_relatorios - gerador_contrato - INFO - CPF apenas números: 12345678900
2026-06-23 16:04:36,556 - sistema_relatorios - gerador_contrato - INFO - ✅ CPF formatado: 123.456.789-00
2026-06-23 16:04:36,556 - sistema_relatorios - gerador_contrato - INFO - CNO já formatado: 90.018.91862/63
2026-06-23 16:04:36,557 - sistema_relatorios - gerador_contrato - INFO - ✅ Dados do cliente processados - CPF final: 123.456.789-00
2026-06-23 16:04:36,557 - sistema_relatorios - gerador_contrato - INFO - Dados do cliente obtidos com sucesso: BRUNO SANTANA RINALDI
2026-06-23 16:10:55,678 - sistema_relatorios - gestao_medicoes - INFO - ✅ Janela de Gestão de Medições fechada
2026-06-23 16:10:55,760 - sistema_relatorios - gestao_medicoes - INFO - ✅ Menu principal restaurado
2026-06-23 16:11:54,506 - sistema - logger_config - INFO - Sistema de logging inicializado
2026-06-23 16:11:54,507 - sistema_relatorios - logger_config - INFO - Usuário alterado para: sistema_relatorios
2026-06-23 16:11:54,508 - sistema_relatorios - relatorios_interface - INFO - Sistema de relatórios inicializando usando logger configurado
2026-06-23 16:11:54,509 - sistema_relatorios - relatorios_interface - INFO - Configurações de janela importadas com sucesso
2026-06-23 16:11:54,510 - sistema_relatorios - relatorios_interface - INFO - === Sistema de Relatórios Inicializando ===
2026-06-23 16:11:59,269 - sistema_relatorios - gestao_medicoes - INFO - Logger importado com sucesso em gestao_medicoes.py
2026-06-23 16:11:59,331 - sistema_relatorios - gestao_medicoes - INFO - ✅ Janela Gestão de Medições inicializada com tripla proteção de visibilidade
2026-06-23 16:12:14,461 - sistema_relatorios - gestao_medicoes - INFO - Prazo calculado: 22 dias úteis (excluindo data início)
2026-06-23 16:12:14,461 - sistema_relatorios - gestao_medicoes - INFO - Formulário de contrato limpo
2026-06-23 16:12:14,466 - sistema_relatorios - gestao_medicoes - INFO - Prazo calculado: 252 dias úteis (excluindo data início)
2026-06-23 16:12:14,469 - sistema_relatorios - gestao_medicoes - INFO - Contrato 14 carregado para reemissão
2026-06-23 16:12:14,719 - sistema_relatorios - gerador_contrato - INFO - Carregando serviços de: C:\Users\Obras\sistema_gestao_testes\testes\Financeiro\Planilhas_Base\servicos_construcao.json
2026-06-23 16:12:14,721 - sistema_relatorios - gerador_contrato - INFO - Serviços carregados: 10 categorias
2026-06-23 16:12:14,722 - sistema_relatorios - gerador_contrato - INFO - Pasta de contratos verificada: C:\Users\Obras\sistema_gestao_testes\testes\Financeiro\Clientes\Contratos
2026-06-23 16:12:14,722 - sistema_relatorios - gerador_contrato - INFO - GeradorContrato inicializado com sucesso (usando python-docx)
2026-06-23 16:12:14,723 - sistema_relatorios - gerador_contrato - INFO - Obtendo dados do cliente: BRUNO SANTANA RINALDI
2026-06-23 16:12:14,752 - sistema_relatorios - gerador_contrato - INFO - Colunas disponíveis: ['Nome', 'Endereço', 'Data Inicial', 'Observações', 'Data Final', 'Tipo Taxa', 'CPF', 'CNO', 'Estado Civil', 'Cidade', 'Grupo', 'Logradouro', 'Numero', 'Complemento', 'Localidade', 'CEP', 'Estado', 'Metragem_Alvara', 'Banco', 'Agencia', 'Conta', 'Tipo_Conta', 'PIX']
2026-06-23 16:12:14,754 - sistema_relatorios - gerador_contrato - INFO - CPF bruto obtido: 123.456.789-00 (tipo: <class 'str'>)
2026-06-23 16:12:14,754 - sistema_relatorios - gerador_contrato - INFO - CPF como string: 123.456.789-00
2026-06-23 16:12:14,755 - sistema_relatorios - gerador_contrato - INFO - CPF apenas números: 12345678900
2026-06-23 16:12:14,755 - sistema_relatorios - gerador_contrato - INFO - ✅ CPF formatado: 123.456.789-00
2026-06-23 16:12:14,756 - sistema_relatorios - gerador_contrato - INFO - CNO já formatado: 90.018.91862/63
2026-06-23 16:12:14,756 - sistema_relatorios - gerador_contrato - INFO - ✅ Dados do cliente processados - CPF final: 123.456.789-00
2026-06-23 16:12:14,757 - sistema_relatorios - gerador_contrato - INFO - Dados do cliente obtidos com sucesso: BRUNO SANTANA RINALDI
2026-06-23 16:12:28,639 - sistema_relatorios - gerador_contrato - INFO - Obtendo dados do cliente: BRUNO SANTANA RINALDI
2026-06-23 16:12:28,666 - sistema_relatorios - gerador_contrato - INFO - Colunas disponíveis: ['Nome', 'Endereço', 'Data Inicial', 'Observações', 'Data Final', 'Tipo Taxa', 'CPF', 'CNO', 'Estado Civil', 'Cidade', 'Grupo', 'Logradouro', 'Numero', 'Complemento', 'Localidade', 'CEP', 'Estado', 'Metragem_Alvara', 'Banco', 'Agencia', 'Conta', 'Tipo_Conta', 'PIX']
2026-06-23 16:12:28,668 - sistema_relatorios - gerador_contrato - INFO - CPF bruto obtido: 123.456.789-00 (tipo: <class 'str'>)
2026-06-23 16:12:28,669 - sistema_relatorios - gerador_contrato - INFO - CPF como string: 123.456.789-00
2026-06-23 16:12:28,670 - sistema_relatorios - gerador_contrato - INFO - CPF apenas números: 12345678900
2026-06-23 16:12:28,670 - sistema_relatorios - gerador_contrato - INFO - ✅ CPF formatado: 123.456.789-00
2026-06-23 16:12:28,671 - sistema_relatorios - gerador_contrato - INFO - CNO já formatado: 90.018.91862/63
2026-06-23 16:12:28,672 - sistema_relatorios - gerador_contrato - INFO - ✅ Dados do cliente processados - CPF final: 123.456.789-00
2026-06-23 16:12:28,672 - sistema_relatorios - gerador_contrato - INFO - Dados do cliente obtidos com sucesso: BRUNO SANTANA RINALDI
2026-06-23 16:12:28,673 - sistema_relatorios - gerador_contrato - INFO - Obtendo dados do fornecedor por nome: PEDRINHO CAÇAMBAS
2026-06-23 16:12:29,184 - sistema_relatorios - gerador_contrato - INFO - Colunas disponíveis na planilha de fornecedores: ['CNPJ/CPF', 'tipo_pessoa', 'RAZÃO SOCIAL', 'NOME', 'TELEFONE:', 'EMAIL:', 'BANCO:', 'OP', 'AGENCIA:', 'CONTA:', 'Chave_PIX', 'CATEGORIA: ', 'ESPECIFICACAO', 'VÍNCULO', 'DADOS BANCÁRIOS', 'ENDEREÇO', 'STATUS', 'RESPONSAVEL']
2026-06-23 16:12:29,194 - sistema_relatorios - gerador_contrato - INFO - ✅ Fornecedor encontrado na planilha
2026-06-23 16:12:29,195 - sistema_relatorios - gerador_contrato - INFO - CPF/CNPJ: 41279565000137 → 41.279.565/0001-37
2026-06-23 16:12:29,196 - sistema_relatorios - gerador_contrato - WARNING - Endereço não encontrado para fornecedor PEDRINHO CAÇAMBAS
2026-06-23 16:12:29,197 - sistema_relatorios - gerador_contrato - INFO - ✅ Dados obtidos: Nome=PEDRINHO CAÇAMBAS, CNPJ/CPF=41.279.565/0001-37, Endereço=não informado
2026-06-23 16:12:30,252 - sistema_relatorios - gerador_contrato - INFO - === INICIANDO GERAÇÃO DE CONTRATO ===
2026-06-23 16:12:30,252 - sistema_relatorios - gerador_contrato - INFO - 📋 Dados do contrato recebidos: ['data', 'cidade', 'cliente_nome', 'cliente_cno', 'cliente_cpf', 'cliente_estado_civil', 'cliente_endereco', 'fornecedor_nome', 'fornecedor_cnpj_cpf', 'fornecedor_endereco', 'endereco_obra', 'dias', 'valor', 'multa', 'dados_bancarios', 'data_condicionada', 'data_inicio', 'data_fim', 'descricao']
2026-06-23 16:12:30,253 - sistema_relatorios - gerador_contrato - INFO - Usando formato dict - Cliente: BRUNO SANTANA RINALDI
2026-06-23 16:12:30,254 - sistema_relatorios - gerador_contrato - INFO - Fornecedor CPF/CNPJ do dict: 41.279.565/0001-37
2026-06-23 16:12:30,254 - sistema_relatorios - gerador_contrato - INFO - Prazo informado: 252 dias
2026-06-23 16:12:30,254 - sistema_relatorios - gerador_contrato - INFO - Multa informada: 0
2026-06-23 16:12:30,255 - sistema_relatorios - gerador_contrato - INFO - ✅ Dados cliente processados: BRUNO SANTANA RINALDI
2026-06-23 16:12:30,255 - sistema_relatorios - gerador_contrato - INFO - ✅ Dados fornecedor processados: PEDRINHO CAÇAMBAS - 41.279.565/0001-37
2026-06-23 16:12:30,256 - sistema_relatorios - gerador_contrato - INFO - ✅ Usando prazo do formulário: 252 dias úteis
2026-06-23 16:12:30,393 - sistema_relatorios - gerador_contrato - INFO - ✅ Usando multa do formulário: R$ 0.0
2026-06-23 16:12:30,394 - sistema_relatorios - gerador_contrato - INFO - ✅ Data do contrato: 23/06/2026 (23 de junho de 2026)
2026-06-23 16:12:30,394 - sistema_relatorios - gerador_contrato - INFO - ✅ Data início dos serviços: 23/06/2026
2026-06-23 16:12:30,539 - sistema_relatorios - gerador_contrato - INFO - Fornecedor identificado como PESSOA JURÍDICA: 41.279.565/0001-37
2026-06-23 16:12:30,556 - sistema_relatorios - gerador_contrato - INFO - ✓ Contrato datado de 23/06/2026, serviços de 23/06/2026 a 10/06/2027
2026-06-23 16:12:30,574 - sistema_relatorios - gerador_contrato - INFO - ℹ️ Multa = R$ 0,00 — PARÁGRAFO ÚNICO omitido do contrato
2026-06-23 16:12:30,610 - sistema_relatorios - gerador_contrato - INFO - ✅ Contrato gerado com sucesso: C:\Users\Obras\sistema_gestao_testes\testes\Financeiro\Clientes\Contratos\Contrato_BRUNO_SANTANA_RINALDI_20260623_161230.docx
2026-06-23 16:12:34,561 - sistema_relatorios - gestao_medicoes - INFO - Pasta de contratos aberta: C:\Users\Obras\sistema_gestao_testes\testes\Financeiro\Clientes\Contratos
2026-06-23 16:16:24,919 - sistema_relatorios - gestao_medicoes - INFO - ✅ Janela de Gestão de Medições fechada
2026-06-23 16:16:24,942 - sistema_relatorios - gestao_medicoes - INFO - ✅ Menu principal restaurado
2026-06-23 16:22:31,686 - sistema - logger_config - INFO - Sistema de logging inicializado
