=== Iniciando aplicação em c:\Users\Obras\Documents\GitHub\Sistema-Financeiro\src\sistema_principal.py ===
Diretório atual: C:\Users\Obras\Documents\GitHub\Sistema-Financeiro
sys.path: ['c:\\Users\\Obras\\Documents\\GitHub\\Sistema-Financeiro\\src', 'C:\\Users\\Obras\\AppData\\Local\\Programs\\Python\\Python312\\python312.zip', 'C:\\Users\\Obras\\AppData\\Local\\Programs\\Python\\Python312\\DLLs', 'C:\\Users\\Obras\\AppData\\Local\\Programs\\Python\\Python312\\Lib', 'C:\\Users\\Obras\\AppData\\Local\\Programs\\Python\\Python312', 'C:\\Users\\Obras\\AppData\\Local\\Programs\\Python\\Python312\\Lib\\site-packages', 'C:\\Users\\Obras\\AppData\\Local\\Programs\\Python\\Python312\\Lib\\site-packages\\win32', 'C:\\Users\\Obras\\AppData\\Local\\Programs\\Python\\Python312\\Lib\\site-packages\\win32\\lib', 'C:\\Users\\Obras\\AppData\\Local\\Programs\\Python\\Python312\\Lib\\site-packages\\Pythonwin']
Configuração de log concluída, continuando a inicialização...
Carregando configurações de janela...
Logger importado de src.config com sucesso
Ambiente atual: producao
Google Drive encontrado em: H:\.shortcut-targets-by-id\195uuohIL_ZKum7lhwu-OzJCH_CGAb97G\Relatórios
BASE_PATH definido como: H:\.shortcut-targets-by-id\195uuohIL_ZKum7lhwu-OzJCH_CGAb97G\Relatórios\Financeiro\Planilhas_Base
PASTA_CLIENTES definida como: H:\.shortcut-targets-by-id\195uuohIL_ZKum7lhwu-OzJCH_CGAb97G\Relatórios\Financeiro\Clientes
Verificando se o diretório existe:
GOOGLE_DRIVE_PATH existe? True
BASE_PATH existe? True
PASTA_CLIENTES existe? True
ARQUIVO_CLIENTES: H:\.shortcut-targets-by-id\195uuohIL_ZKum7lhwu-OzJCH_CGAb97G\Relatórios\Financeiro\Planilhas_Base\clientes.xlsx
ARQUIVO_MODELO: H:\.shortcut-targets-by-id\195uuohIL_ZKum7lhwu-OzJCH_CGAb97G\Relatórios\Financeiro\Planilhas_Base\MODELO.xlsx
Pastas criadas/verificadas com sucesso
Forçando encerramento do programa...
=== Iniciando aplicação em c:\Users\Obras\Documents\GitHub\Sistema-Financeiro\src\sistema_principal.py ===
Diretório atual: C:\Users\Obras\Documents\GitHub\Sistema-Financeiro
sys.path: ['c:\\Users\\Obras\\Documents\\GitHub\\Sistema-Financeiro\\src', 'C:\\Users\\Obras\\AppData\\Local\\Programs\\Python\\Python312\\python312.zip', 'C:\\Users\\Obras\\AppData\\Local\\Programs\\Python\\Python312\\DLLs', 'C:\\Users\\Obras\\AppData\\Local\\Programs\\Python\\Python312\\Lib', 'C:\\Users\\Obras\\AppData\\Local\\Programs\\Python\\Python312', 'C:\\Users\\Obras\\AppData\\Local\\Programs\\Python\\Python312\\Lib\\site-packages', 'C:\\Users\\Obras\\AppData\\Local\\Programs\\Python\\Python312\\Lib\\site-packages\\win32', 'C:\\Users\\Obras\\AppData\\Local\\Programs\\Python\\Python312\\Lib\\site-packages\\win32\\lib', 'C:\\Users\\Obras\\AppData\\Local\\Programs\\Python\\Python312\\Lib\\site-packages\\Pythonwin']
Configuração de log concluída, continuando a inicialização...
Logger importado de src.config com sucesso
Ambiente atual: producao
Google Drive encontrado em: H:\.shortcut-targets-by-id\195uuohIL_ZKum7lhwu-OzJCH_CGAb97G\Relatórios
BASE_PATH definido como: H:\.shortcut-targets-by-id\195uuohIL_ZKum7lhwu-OzJCH_CGAb97G\Relatórios\Financeiro\Planilhas_Base
PASTA_CLIENTES definida como: H:\.shortcut-targets-by-id\195uuohIL_ZKum7lhwu-OzJCH_CGAb97G\Relatórios\Financeiro\Clientes
Verificando se o diretório existe:
GOOGLE_DRIVE_PATH existe? True
BASE_PATH existe? True
PASTA_CLIENTES existe? True
ARQUIVO_CLIENTES: H:\.shortcut-targets-by-id\195uuohIL_ZKum7lhwu-OzJCH_CGAb97G\Relatórios\Financeiro\Planilhas_Base\clientes.xlsx
ARQUIVO_MODELO: H:\.shortcut-targets-by-id\195uuohIL_ZKum7lhwu-OzJCH_CGAb97G\Relatórios\Financeiro\Planilhas_Base\MODELO.xlsx
Pastas criadas/verificadas com sucesso
Saída confirmada, finalizando sistema...
