2025-05-30 09:19:56,099 - INFO - === Iniciando Sistema de Gestão Financeira ===
2025-05-30 09:19:58,625 - WARNING - Logo não encontrado, continuando sem imagem
2025-05-30 09:19:58,758 - INFO - Sistema principal inicializado com sucesso
2025-05-30 09:20:02,716 - INFO - Executando ação: Gerar relatório
2025-05-30 09:29:29,805 - INFO - Saída confirmada, finalizando sistema
2025-05-30 09:29:29,846 - INFO - Ação concluída: Gerar relatório
2025-05-30 09:33:11,022 - INFO - === Iniciando Sistema de Gestão Financeira ===
2025-05-30 09:33:11,277 - WARNING - Logo não encontrado, continuando sem imagem
2025-05-30 09:33:11,334 - INFO - Sistema principal inicializado com sucesso
2025-05-30 09:33:14,450 - INFO - Executando ação: Gerar relatório
2025-05-30 09:33:41,426 - INFO - Saída confirmada, finalizando sistema
2025-05-30 09:33:41,475 - INFO - Ação concluída: Gerar relatório
2025-05-30 09:35:44,838 - INFO - === Iniciando Sistema de Gestão Financeira ===
2025-05-30 09:35:45,031 - WARNING - Logo não encontrado, continuando sem imagem
2025-05-30 09:35:45,093 - INFO - Sistema principal inicializado com sucesso
2025-05-30 09:35:46,665 - INFO - Executando ação: Gerar relatório
2025-05-30 09:37:03,864 - INFO - Saída confirmada, finalizando sistema
2025-05-30 09:37:03,915 - INFO - Ação concluída: Gerar relatório
2025-05-30 09:38:34,791 - INFO - === Iniciando Sistema de Gestão Financeira ===
2025-05-30 09:38:34,973 - WARNING - Logo não encontrado, continuando sem imagem
2025-05-30 09:38:35,034 - INFO - Sistema principal inicializado com sucesso
2025-05-30 09:38:36,959 - INFO - Executando ação: Gerar relatório
2025-05-30 09:39:40,745 - INFO - Saída confirmada, finalizando sistema
2025-05-30 09:39:40,803 - INFO - Ação concluída: Gerar relatório
2025-05-30 09:40:34,105 - INFO - === Iniciando Sistema de Gestão Financeira ===
2025-05-30 09:40:34,295 - WARNING - Logo não encontrado, continuando sem imagem
2025-05-30 09:40:34,335 - INFO - Sistema principal inicializado com sucesso
2025-05-30 09:40:35,773 - INFO - Executando ação: Gerar relatório
2025-05-30 09:41:30,158 - INFO - Saída confirmada, finalizando sistema
2025-05-30 09:41:30,213 - INFO - Ação concluída: Gerar relatório
2025-05-30 09:41:49,986 - INFO - === Iniciando Sistema de Gestão Financeira ===
2025-05-30 09:41:50,184 - WARNING - Logo não encontrado, continuando sem imagem
2025-05-30 09:41:50,233 - INFO - Sistema principal inicializado com sucesso
2025-05-30 09:41:52,108 - INFO - Executando ação: Gerar relatório
2025-05-30 09:45:26,865 - INFO - Saída confirmada, finalizando sistema
2025-05-30 09:45:27,130 - INFO - Forçando encerramento do programa...
2025-05-30 10:00:57,526 - INFO - === Iniciando Sistema de Gestão Financeira ===
2025-05-30 10:00:58,026 - WARNING - Logo não encontrado, continuando sem imagem
2025-05-30 10:00:58,080 - INFO - Sistema principal inicializado com sucesso
2025-05-30 10:01:01,070 - INFO - Executando ação: Gerar relatório
2025-05-30 10:01:37,614 - INFO - Saída confirmada, finalizando sistema
2025-05-30 10:01:37,654 - INFO - Ação concluída: Gerar relatório
2025-05-30 10:02:30,455 - INFO - === Iniciando Sistema de Gestão Financeira ===
2025-05-30 10:02:30,644 - WARNING - Logo não encontrado, continuando sem imagem
2025-05-30 10:02:30,685 - INFO - Sistema principal inicializado com sucesso
2025-05-30 10:02:54,181 - INFO - Executando ação: Gerar relatório
2025-05-30 10:11:39,326 - INFO - Saída confirmada, finalizando sistema
2025-05-30 10:11:39,582 - INFO - Forçando encerramento do programa...
2025-05-30 10:16:28,342 - INFO - === Iniciando Sistema de Gestão Financeira ===
2025-05-30 10:16:28,525 - WARNING - Logo não encontrado, continuando sem imagem
2025-05-30 10:16:28,562 - INFO - Sistema principal inicializado com sucesso
2025-05-30 10:16:52,195 - INFO - Executando ação: Gerar relatório
2025-05-30 10:57:21,023 - INFO - Saída confirmada, finalizando sistema
2025-05-30 10:57:21,274 - INFO - Forçando encerramento do programa...
2025-05-30 11:13:35,225 - INFO - === Iniciando Sistema de Gestão Financeira ===
2025-05-30 11:13:35,512 - WARNING - Logo não encontrado, continuando sem imagem
2025-05-30 11:13:35,597 - INFO - Sistema principal inicializado com sucesso
2025-05-30 11:13:37,675 - INFO - Executando ação: Gerar relatório
2025-05-30 11:17:05,615 - INFO - Saída confirmada, finalizando sistema
2025-05-30 11:17:05,680 - INFO - Ação concluída: Gerar relatório
2025-05-30 11:19:10,994 - INFO - === Iniciando Sistema de Gestão Financeira ===
2025-05-30 11:19:11,202 - WARNING - Logo não encontrado, continuando sem imagem
2025-05-30 11:19:11,249 - INFO - Sistema principal inicializado com sucesso
2025-05-30 11:19:12,951 - INFO - Executando ação: Gerar relatório
2025-05-30 11:23:11,811 - INFO - Saída confirmada, finalizando sistema
2025-05-30 11:23:12,070 - INFO - Forçando encerramento do programa...
2025-05-30 11:25:40,125 - INFO - === Iniciando Sistema de Gestão Financeira ===
2025-05-30 11:25:40,315 - WARNING - Logo não encontrado, continuando sem imagem
2025-05-30 11:25:40,355 - INFO - Sistema principal inicializado com sucesso
2025-05-30 11:25:41,642 - INFO - Executando ação: Gerar relatório
2025-05-30 11:28:51,960 - INFO - Saída confirmada, finalizando sistema
2025-05-30 11:28:52,223 - INFO - Forçando encerramento do programa...
2025-05-30 11:35:08,814 - INFO - === Iniciando Sistema de Gestão Financeira ===
2025-05-30 11:35:09,005 - WARNING - Logo não encontrado, continuando sem imagem
2025-05-30 11:35:09,053 - INFO - Sistema principal inicializado com sucesso
2025-05-30 11:35:11,987 - INFO - Executando ação: Gerar relatório
2025-05-30 11:36:54,602 - INFO - Saída confirmada, finalizando sistema
2025-05-30 11:36:54,878 - INFO - Forçando encerramento do programa...
2025-05-30 11:42:53,331 - INFO - === Iniciando Sistema de Gestão Financeira ===
2025-05-30 11:42:53,531 - WARNING - Logo não encontrado, continuando sem imagem
2025-05-30 11:42:53,594 - INFO - Sistema principal inicializado com sucesso
2025-05-30 11:42:55,070 - INFO - Executando ação: Gerar relatório
2025-05-30 11:52:30,590 - INFO - Saída confirmada, finalizando sistema
2025-05-30 11:52:30,856 - INFO - Forçando encerramento do programa...
2025-05-30 12:10:53,697 - INFO - === Iniciando Sistema de Gestão Financeira ===
2025-05-30 12:10:54,481 - WARNING - Logo não encontrado, continuando sem imagem
2025-05-30 12:10:54,541 - INFO - Sistema principal inicializado com sucesso
2025-05-30 12:10:56,938 - INFO - Executando ação: Gerar relatório
2025-05-30 12:11:37,537 - INFO - Saída confirmada, finalizando sistema
2025-05-30 12:11:37,800 - INFO - Forçando encerramento do programa...
2025-05-30 14:52:33,271 - INFO - === Iniciando Sistema de Gestão Financeira ===
2025-05-30 14:52:33,542 - WARNING - Logo não encontrado, continuando sem imagem
2025-05-30 14:52:33,613 - INFO - Sistema principal inicializado com sucesso
2025-05-30 14:52:35,022 - INFO - Executando ação: Gerar relatório
2025-05-30 14:53:46,253 - INFO - Saída confirmada, finalizando sistema
2025-05-30 14:53:46,515 - INFO - Forçando encerramento do programa...
2025-05-30 19:02:18,937 - INFO - === Iniciando Sistema de Gestão Financeira ===
2025-05-30 19:02:20,657 - WARNING - Logo não encontrado, continuando sem imagem
2025-05-30 19:02:20,687 - INFO - Sistema principal inicializado com sucesso
2025-05-30 19:05:32,169 - INFO - Saída confirmada, finalizando sistema
2025-06-04 14:25:11,818 - INFO - === Iniciando Sistema de Gestão Financeira ===
2025-06-04 14:25:12,886 - WARNING - Logo não encontrado, continuando sem imagem
2025-06-04 14:25:13,102 - INFO - Sistema principal inicializado com sucesso
2025-06-04 14:25:17,707 - INFO - Abrindo sistema de entrada de dados
2025-06-04 14:25:31,843 - INFO - Configurações importadas com sucesso via src.config
2025-06-04 14:25:31,966 - INFO - Configurações importadas com sucesso
2025-06-04 14:25:31,967 - INFO - Configurações do sistema importadas com sucesso
2025-06-04 14:25:38,781 - ERROR - Erro ao abrir sistema de entrada de dados: 'SistemaEntradaDados' object has no attribute 'verificar_dados_nao_salvos'
2025-06-04 14:37:29,992 - INFO - Saída confirmada, finalizando sistema
2025-06-04 14:37:42,924 - INFO - === Iniciando Sistema de Gestão Financeira ===
2025-06-04 14:37:43,164 - WARNING - Logo não encontrado, continuando sem imagem
2025-06-04 14:37:43,205 - INFO - Sistema principal inicializado com sucesso
2025-06-04 14:37:45,145 - INFO - Abrindo sistema de entrada de dados
2025-06-04 14:37:47,285 - INFO - Configurações importadas com sucesso via src.config
2025-06-04 14:37:47,288 - INFO - Configurações importadas com sucesso
2025-06-04 14:37:47,290 - INFO - Configurações do sistema importadas com sucesso
2025-06-04 14:39:18,758 - INFO - Saída confirmada, finalizando sistema
2025-06-04 14:40:44,473 - INFO - === Iniciando Sistema de Gestão Financeira ===
2025-06-04 14:40:44,690 - WARNING - Logo não encontrado, continuando sem imagem
2025-06-04 14:40:44,740 - INFO - Sistema principal inicializado com sucesso
2025-06-04 14:41:08,111 - INFO - Abrindo sistema de entrada de dados
2025-06-04 14:41:09,781 - INFO - Configurações importadas com sucesso via src.config
2025-06-04 14:41:09,785 - INFO - Configurações importadas com sucesso
2025-06-04 14:41:09,785 - INFO - Configurações do sistema importadas com sucesso
2025-06-04 15:03:04,552 - INFO - === Iniciando Sistema de Gestão Financeira ===
2025-06-04 15:03:04,867 - WARNING - Logo não encontrado, continuando sem imagem
2025-06-04 15:03:04,929 - INFO - Sistema principal inicializado com sucesso
2025-06-04 15:03:07,837 - INFO - Abrindo sistema de entrada de dados
2025-06-04 15:03:09,702 - INFO - Configurações importadas com sucesso via src.config
2025-06-04 15:03:09,706 - INFO - Configurações importadas com sucesso
2025-06-04 15:03:09,708 - INFO - Configurações do sistema importadas com sucesso
2025-06-12 17:03:22,301 - INFO - === Iniciando Sistema de Gestão Financeira ===
2025-06-12 17:03:23,312 - WARNING - Logo não encontrado, continuando sem imagem
2025-06-12 17:03:23,377 - INFO - Sistema principal inicializado com sucesso
2025-06-12 17:08:22,836 - INFO - Saída confirmada, finalizando sistema
2025-06-13 11:17:14,921 - INFO - === Iniciando Sistema de Gestão Financeira ===
2025-06-13 11:17:16,198 - WARNING - Logo não encontrado, continuando sem imagem
2025-06-13 11:17:16,253 - INFO - Sistema principal inicializado com sucesso
2025-06-13 11:28:45,828 - INFO - === Iniciando Sistema de Gestão Financeira ===
2025-06-13 11:28:46,062 - WARNING - Logo não encontrado, continuando sem imagem
2025-06-13 11:28:46,096 - INFO - Sistema principal inicializado com sucesso
2025-06-13 11:28:52,257 - INFO - Saída confirmada, finalizando sistema
2025-06-13 11:29:00,610 - INFO - === Iniciando Sistema de Gestão Financeira ===
2025-06-13 11:29:01,044 - WARNING - Logo não encontrado, continuando sem imagem
2025-06-13 11:29:01,113 - INFO - Sistema principal inicializado com sucesso
2025-06-13 11:48:48,810 - INFO - Executando ação: Gerar relatório
2025-06-13 11:49:46,602 - INFO - Abrindo sistema de entrada de dados
2025-06-13 11:49:53,249 - INFO - Configurações importadas com sucesso via src.config
2025-06-13 11:49:53,251 - INFO - Configurações importadas com sucesso
2025-06-13 11:49:53,252 - INFO - Configurações do sistema importadas com sucesso
2025-06-13 11:53:19,006 - INFO - Saída confirmada, finalizando sistema
2025-06-13 11:53:19,059 - INFO - Ação concluída: Gerar relatório
2025-06-13 12:44:51,539 - INFO - === Iniciando Sistema de Gestão Financeira ===
2025-06-13 12:44:51,834 - WARNING - Logo não encontrado, continuando sem imagem
2025-06-13 12:44:51,873 - INFO - Sistema principal inicializado com sucesso
2025-06-13 12:44:55,343 - INFO - Saída confirmada, finalizando sistema
2025-06-13 12:45:46,698 - INFO - === Iniciando Sistema de Gestão Financeira ===
2025-06-13 12:45:46,886 - WARNING - Logo não encontrado, continuando sem imagem
2025-06-13 12:45:46,925 - ERROR - Erro crítico no sistema principal: 'SistemaPrincipal' object has no attribute 'sair_sistema'
2025-06-13 12:46:03,331 - INFO - === Iniciando Sistema de Gestão Financeira ===
2025-06-13 12:46:04,232 - WARNING - Logo não encontrado, continuando sem imagem
2025-06-13 12:46:04,290 - ERROR - Erro crítico no sistema principal: 'SistemaPrincipal' object has no attribute 'sair_sistema'
2025-06-13 12:46:15,227 - INFO - === Iniciando Sistema de Gestão Financeira ===
2025-06-13 12:46:15,416 - WARNING - Logo não encontrado, continuando sem imagem
2025-06-13 12:46:15,474 - INFO - Sistema principal inicializado com sucesso
2025-06-13 12:46:19,649 - INFO - Saída confirmada, finalizando sistema
2025-06-13 15:05:39,600 - INFO - === Iniciando Sistema de Gestão Financeira ===
2025-06-13 15:05:39,864 - WARNING - Logo não encontrado, continuando sem imagem
2025-06-13 15:05:39,906 - INFO - Sistema principal inicializado com sucesso
2025-06-13 15:05:41,656 - INFO - Abrindo sistema de entrada de dados
2025-06-13 15:05:48,863 - INFO - Configurações importadas com sucesso via src.config
2025-06-13 15:05:48,866 - INFO - Configurações importadas com sucesso
2025-06-13 15:05:48,866 - INFO - Configurações do sistema importadas com sucesso
2025-06-14 11:13:07,402 - INFO - === Iniciando Sistema de Gestão Financeira ===
2025-06-14 11:13:07,626 - WARNING - Logo não encontrado, continuando sem imagem
2025-06-14 11:13:07,674 - INFO - Sistema principal inicializado com sucesso
2025-06-14 11:13:09,901 - INFO - Executando ação: Gerar relatório
2025-06-14 11:57:36,319 - INFO - === Iniciando Sistema de Gestão Financeira ===
2025-06-14 11:57:37,674 - WARNING - Logo não encontrado, continuando sem imagem
2025-06-14 11:57:37,796 - INFO - Sistema principal inicializado com sucesso
2025-06-14 11:57:40,820 - INFO - Executando ação: Gerar relatório
2025-06-14 12:22:59,013 - INFO - === Iniciando Sistema de Gestão Financeira ===
2025-06-14 12:22:59,815 - WARNING - Logo não encontrado, continuando sem imagem
2025-06-14 12:23:00,006 - INFO - Sistema principal inicializado com sucesso
2025-06-14 12:25:52,423 - INFO - Executando ação: Gerar relatório
2025-06-14 12:49:59,459 - INFO - === Iniciando Sistema de Gestão Financeira ===
2025-06-14 12:50:00,041 - WARNING - Logo não encontrado, continuando sem imagem
2025-06-14 12:50:00,388 - INFO - Sistema principal inicializado com sucesso
2025-06-14 12:50:02,341 - INFO - Executando ação: Gerar relatório
2025-06-14 12:56:09,024 - INFO - Saída confirmada, finalizando sistema
2025-06-14 12:56:09,275 - INFO - Forçando encerramento do programa...
2025-06-14 13:00:05,882 - INFO - === Iniciando Sistema de Gestão Financeira ===
2025-06-14 13:00:06,120 - WARNING - Logo não encontrado, continuando sem imagem
2025-06-14 13:00:06,177 - INFO - Sistema principal inicializado com sucesso
2025-06-14 13:00:07,917 - INFO - Executando ação: Gerar relatório
2025-06-14 13:29:04,975 - INFO - Saída confirmada, finalizando sistema
2025-06-14 13:29:05,046 - INFO - Ação concluída: Gerar relatório
2025-06-14 13:48:53,705 - INFO - === Iniciando Sistema de Gestão Financeira ===
2025-06-14 13:48:53,978 - WARNING - Logo não encontrado, continuando sem imagem
2025-06-14 13:48:54,026 - INFO - Sistema principal inicializado com sucesso
2025-06-14 13:48:56,521 - INFO - Executando ação: Gerar relatório
2025-06-14 13:50:39,727 - INFO - Saída confirmada, finalizando sistema
2025-06-14 13:50:39,789 - INFO - Ação concluída: Gerar relatório
2025-06-15 20:37:44,334 - INFO - === Iniciando Sistema de Gestão Financeira ===
2025-06-15 20:37:44,649 - WARNING - Logo não encontrado, continuando sem imagem
2025-06-15 20:37:44,707 - INFO - Sistema principal inicializado com sucesso
2025-06-15 20:38:02,456 - INFO - Abrindo sistema de entrada de dados
2025-06-15 20:38:04,459 - INFO - Configurações importadas com sucesso via src.config
2025-06-15 20:38:04,463 - INFO - Configurações importadas com sucesso
2025-06-15 20:38:04,463 - INFO - Configurações do sistema importadas com sucesso
2025-06-15 20:42:23,109 - INFO - Abrindo sistema de entrada de dados
2025-06-15 20:47:09,449 - INFO - Executando ação: Gerar relatório
2025-06-15 20:50:42,230 - INFO - Saída confirmada, finalizando sistema
2025-06-15 20:50:42,508 - INFO - Forçando encerramento do programa...
2025-06-16 09:15:52,617 - INFO - === Iniciando Sistema de Gestão Financeira ===
2025-06-16 09:15:53,808 - WARNING - Logo não encontrado, continuando sem imagem
2025-06-16 09:15:53,902 - INFO - Sistema principal inicializado com sucesso
2025-06-16 09:16:01,782 - INFO - Executando ação: Gerar relatório
2025-06-16 09:16:01,782 - INFO - Executando ação: Gerar relatório
2025-06-16 09:16:01,783 - INFO - Tentando abrir sistema de relatórios
2025-06-16 09:16:01,783 - INFO - Tentativa 1: Carregando sistema integrado de relatórios
2025-06-16 09:16:01,853 - INFO - Módulo carregado com sucesso: src.relatorios_interface
2025-06-16 09:16:09,438 - INFO - Saída confirmada, finalizando sistema
2025-06-16 09:16:09,493 - INFO - Ação concluída: Gerar relatório
2025-06-16 09:16:09,559 - INFO - Ação concluída: Gerar relatório
2025-06-16 09:25:31,610 - INFO - === Iniciando Sistema de Gestão Financeira ===
2025-06-16 09:25:31,867 - WARNING - Logo não encontrado, continuando sem imagem
2025-06-16 09:25:31,915 - INFO - Sistema principal inicializado com sucesso
2025-06-16 09:25:33,495 - INFO - Executando ação: Gerar relatório
2025-06-16 09:25:33,496 - INFO - Executando ação: Gerar relatório
2025-06-16 09:25:33,496 - INFO - Tentando abrir sistema de relatórios
2025-06-16 09:25:33,496 - INFO - Tentativa 1: Carregando sistema integrado de relatórios
2025-06-16 09:25:33,520 - INFO - Módulo carregado com sucesso: src.relatorios_interface
2025-06-16 09:25:44,454 - INFO - Saída confirmada, finalizando sistema
2025-06-16 09:25:44,498 - INFO - Ação concluída: Gerar relatório
2025-06-16 09:25:44,562 - INFO - Ação concluída: Gerar relatório
2025-06-16 09:28:36,244 - INFO - === Iniciando Sistema de Gestão Financeira ===
2025-06-16 09:28:36,503 - WARNING - Logo não encontrado, continuando sem imagem
2025-06-16 09:28:36,578 - INFO - Sistema principal inicializado com sucesso
2025-06-16 09:28:38,980 - INFO - Executando ação: Gerar relatório
2025-06-16 09:28:38,981 - INFO - Tentando abrir sistema de relatórios
2025-06-16 09:28:38,999 - INFO - Tentativa 1: Carregando sistema integrado de relatórios
2025-06-16 09:28:39,020 - INFO - Módulo carregado com sucesso: src.relatorios_interface
2025-06-16 09:28:42,477 - INFO - Abrindo sistema de entrada de dados
2025-06-16 09:28:50,601 - INFO - Configurações importadas com sucesso via src.config
2025-06-16 09:28:50,605 - INFO - Configurações importadas com sucesso
2025-06-16 09:28:50,607 - INFO - Configurações do sistema importadas com sucesso
2025-06-16 09:29:28,532 - INFO - Executando ação: Gerar relatório
2025-06-16 09:29:28,533 - INFO - Tentando abrir sistema de relatórios
2025-06-16 09:29:28,535 - INFO - Tentativa 1: Carregando sistema integrado de relatórios
2025-06-16 09:29:28,536 - INFO - Cache limpo: src.relatorios_interface
2025-06-16 09:29:28,546 - INFO - Módulo carregado com sucesso: src.relatorios_interface
2025-06-16 09:29:45,027 - INFO - Saída confirmada, finalizando sistema
2025-06-16 09:29:45,084 - INFO - Ação concluída: Gerar relatório
2025-06-16 09:29:45,144 - INFO - Ação concluída: Gerar relatório
2025-06-16 19:45:11,690 - INFO - === Iniciando Sistema de Gestão Financeira ===
2025-06-16 19:45:12,980 - WARNING - Logo não encontrado, continuando sem imagem
2025-06-16 19:45:13,007 - INFO - Sistema principal inicializado com sucesso
2025-06-16 19:45:28,194 - INFO - Executando ação: Gerar relatório
2025-06-16 19:45:28,195 - INFO - Tentando abrir sistema de relatórios
2025-06-16 19:45:28,206 - INFO - Tentativa 1: Carregando sistema integrado de relatórios
2025-06-16 19:45:28,229 - INFO - Módulo carregado com sucesso: src.relatorios_interface
2025-06-16 20:03:57,074 - INFO - Saída confirmada, finalizando sistema
2025-06-16 20:03:57,125 - INFO - Ação concluída: Gerar relatório
2025-06-16 20:15:50,931 - INFO - === Iniciando Sistema de Gestão Financeira ===
2025-06-16 20:15:51,217 - WARNING - Logo não encontrado, continuando sem imagem
2025-06-16 20:15:51,255 - INFO - Sistema principal inicializado com sucesso
2025-06-16 20:15:53,115 - INFO - Executando ação: Gerar relatório
2025-06-16 20:15:53,116 - INFO - Tentando abrir sistema de relatórios
2025-06-16 20:15:53,124 - INFO - Tentativa 1: Carregando sistema integrado de relatórios
2025-06-16 20:15:53,140 - INFO - Módulo carregado com sucesso: src.relatorios_interface
2025-06-16 20:18:33,392 - INFO - Saída confirmada, finalizando sistema
2025-06-16 20:18:33,436 - INFO - Ação concluída: Gerar relatório
2025-06-16 20:18:49,700 - INFO - === Iniciando Sistema de Gestão Financeira ===
2025-06-16 20:18:49,902 - WARNING - Logo não encontrado, continuando sem imagem
2025-06-16 20:18:49,935 - INFO - Sistema principal inicializado com sucesso
2025-06-16 20:18:51,280 - INFO - Executando ação: Gerar relatório
2025-06-16 20:18:51,281 - INFO - Tentando abrir sistema de relatórios
2025-06-16 20:18:51,289 - INFO - Tentativa 1: Carregando sistema integrado de relatórios
2025-06-16 20:18:51,301 - INFO - Módulo carregado com sucesso: src.relatorios_interface
2025-06-16 20:20:26,798 - INFO - Saída confirmada, finalizando sistema
2025-06-16 20:20:26,844 - INFO - Ação concluída: Gerar relatório
2025-06-16 20:24:11,746 - INFO - === Iniciando Sistema de Gestão Financeira ===
2025-06-16 20:24:12,016 - WARNING - Logo não encontrado, continuando sem imagem
2025-06-16 20:24:12,058 - INFO - Sistema principal inicializado com sucesso
2025-06-16 20:24:13,372 - INFO - Executando ação: Gerar relatório
2025-06-16 20:24:13,373 - INFO - Tentando abrir sistema de relatórios
2025-06-16 20:24:13,383 - INFO - Tentativa 1: Carregando sistema integrado de relatórios
2025-06-16 20:24:13,405 - INFO - Módulo carregado com sucesso: src.relatorios_interface
2025-06-16 20:25:07,970 - INFO - Saída confirmada, finalizando sistema
2025-06-16 20:25:08,009 - INFO - Ação concluída: Gerar relatório
2025-06-16 20:29:29,278 - INFO - === Iniciando Sistema de Gestão Financeira ===
2025-06-16 20:29:29,619 - WARNING - Logo não encontrado, continuando sem imagem
2025-06-16 20:29:29,665 - INFO - Sistema principal inicializado com sucesso
2025-06-16 20:29:31,192 - INFO - Executando ação: Gerar relatório
2025-06-16 20:29:31,193 - INFO - Tentando abrir sistema de relatórios
2025-06-16 20:29:31,220 - INFO - Tentativa 1: Carregando sistema integrado de relatórios
2025-06-16 20:29:31,244 - INFO - Módulo carregado com sucesso: src.relatorios_interface
2025-06-16 20:39:06,433 - INFO - Saída confirmada, finalizando sistema
2025-06-16 20:39:06,494 - INFO - Ação concluída: Gerar relatório
2025-06-17 09:29:26,432 - INFO - === Iniciando Sistema de Gestão Financeira ===
2025-06-17 09:29:27,446 - WARNING - Logo não encontrado, continuando sem imagem
2025-06-17 09:29:27,514 - INFO - Sistema principal inicializado com sucesso
2025-06-17 09:30:05,997 - INFO - Executando ação: Gerar relatório
2025-06-17 09:30:05,998 - INFO - Tentando abrir sistema de relatórios
2025-06-17 09:30:06,009 - INFO - Tentativa 1: Carregando sistema integrado de relatórios
2025-06-17 09:30:06,030 - INFO - Módulo carregado com sucesso: src.relatorios_interface
2025-06-17 09:41:17,924 - INFO - Saída confirmada, finalizando sistema
2025-06-17 09:41:17,973 - INFO - Ação concluída: Gerar relatório
2025-06-17 09:48:32,571 - INFO - === Iniciando Sistema de Gestão Financeira ===
2025-06-17 09:48:32,851 - WARNING - Logo não encontrado, continuando sem imagem
2025-06-17 09:48:32,892 - INFO - Sistema principal inicializado com sucesso
2025-06-17 09:48:34,871 - INFO - Executando ação: Gerar relatório
2025-06-17 09:48:34,872 - INFO - Tentando abrir sistema de relatórios
2025-06-17 09:48:34,888 - INFO - Tentativa 1: Carregando sistema integrado de relatórios
2025-06-17 09:48:34,904 - INFO - Módulo carregado com sucesso: src.relatorios_interface
2025-06-17 09:59:24,007 - INFO - Abrindo sistema de entrada de dados
2025-06-17 09:59:25,504 - INFO - Configurações importadas com sucesso via src.config
2025-06-17 09:59:25,507 - INFO - Configurações importadas com sucesso
2025-06-17 09:59:25,508 - INFO - Configurações do sistema importadas com sucesso
2025-06-17 10:01:05,165 - INFO - Executando ação: Gerar relatório
2025-06-17 10:01:05,166 - INFO - Tentando abrir sistema de relatórios
2025-06-17 10:01:05,169 - INFO - Tentativa 1: Carregando sistema integrado de relatórios
2025-06-17 10:01:05,169 - INFO - Cache limpo: src.relatorios_interface
2025-06-17 10:01:05,177 - INFO - Módulo carregado com sucesso: src.relatorios_interface
2025-06-17 10:08:58,344 - INFO - Saída confirmada, finalizando sistema
2025-06-17 10:08:58,609 - INFO - Forçando encerramento do programa...
2025-06-17 10:14:57,235 - INFO - === Iniciando Sistema de Gestão Financeira ===
2025-06-17 10:14:57,532 - WARNING - Logo não encontrado, continuando sem imagem
2025-06-17 10:14:57,582 - INFO - Sistema principal inicializado com sucesso
2025-06-17 10:15:00,028 - INFO - Executando ação: Gerar relatório
2025-06-17 10:15:00,028 - INFO - Tentando abrir sistema de relatórios
2025-06-17 10:15:00,041 - INFO - Tentativa 1: Carregando sistema integrado de relatórios
2025-06-17 10:15:00,063 - INFO - Módulo carregado com sucesso: src.relatorios_interface
2025-06-17 10:19:36,360 - INFO - Saída confirmada, finalizando sistema
2025-06-17 10:19:36,636 - INFO - Forçando encerramento do programa...
2025-06-17 10:24:03,958 - INFO - === Iniciando Sistema de Gestão Financeira ===
2025-06-17 10:24:04,308 - WARNING - Logo não encontrado, continuando sem imagem
2025-06-17 10:24:04,379 - INFO - Sistema principal inicializado com sucesso
2025-06-17 10:24:20,572 - INFO - Executando ação: Gerar relatório
2025-06-17 10:24:20,573 - INFO - Tentando abrir sistema de relatórios
2025-06-17 10:24:20,589 - INFO - Tentativa 1: Carregando sistema integrado de relatórios
2025-06-17 10:24:20,629 - INFO - Módulo carregado com sucesso: src.relatorios_interface
2025-06-17 10:25:34,963 - INFO - Saída confirmada, finalizando sistema
2025-06-17 10:25:35,223 - INFO - Forçando encerramento do programa...
2025-06-17 11:27:23,929 - INFO - === Iniciando Sistema de Gestão Financeira ===
2025-06-17 11:27:25,158 - WARNING - Logo não encontrado, continuando sem imagem
2025-06-17 11:27:25,229 - INFO - Sistema principal inicializado com sucesso
2025-06-17 11:27:43,045 - INFO - Executando ação: Gerar relatório
2025-06-17 11:27:43,046 - INFO - Tentando abrir sistema de relatórios
2025-06-17 11:27:43,159 - INFO - Tentativa 1: Carregando sistema integrado de relatórios
2025-06-17 11:27:43,215 - INFO - Módulo carregado com sucesso: src.relatorios_interface
2025-06-17 11:37:46,061 - INFO - Saída confirmada, finalizando sistema
2025-06-17 11:37:46,334 - INFO - Forçando encerramento do programa...
2025-06-17 17:25:58,277 - INFO - === Iniciando Sistema de Gestão Financeira ===
2025-06-17 17:26:00,222 - WARNING - Logo não encontrado, continuando sem imagem
2025-06-17 17:26:00,709 - INFO - Sistema principal inicializado com sucesso
2025-06-17 17:27:00,781 - INFO - Executando ação: Gerar relatório
2025-06-17 17:27:00,781 - INFO - Tentando abrir sistema de relatórios
2025-06-17 17:27:00,794 - INFO - Tentativa 1: Carregando sistema integrado de relatórios
2025-06-17 17:27:00,823 - INFO - Módulo carregado com sucesso: src.relatorios_interface
2025-06-17 17:29:10,211 - INFO - Executando ação: Gerar relatório
2025-06-17 17:29:10,212 - INFO - Tentando abrir sistema de relatórios
2025-06-17 17:29:10,213 - INFO - Tentativa 1: Carregando sistema integrado de relatórios
2025-06-17 17:29:10,213 - INFO - Cache limpo: src.relatorios_interface
2025-06-17 17:29:10,219 - INFO - Módulo carregado com sucesso: src.relatorios_interface
2025-06-17 17:29:34,081 - INFO - Saída confirmada, finalizando sistema
2025-06-17 17:29:34,346 - INFO - Forçando encerramento do programa...
2025-06-17 17:36:26,684 - INFO - === Iniciando Sistema de Gestão Financeira ===
2025-06-17 17:36:26,872 - WARNING - Logo não encontrado, continuando sem imagem
2025-06-17 17:36:26,910 - INFO - Sistema principal inicializado com sucesso
2025-06-17 17:36:28,478 - INFO - Executando ação: Gerar relatório
2025-06-17 17:36:28,479 - INFO - Tentando abrir sistema de relatórios
2025-06-17 17:36:28,486 - INFO - Tentativa 1: Carregando sistema integrado de relatórios
2025-06-17 17:36:28,498 - INFO - Módulo carregado com sucesso: src.relatorios_interface
2025-06-17 17:37:00,631 - INFO - Saída confirmada, finalizando sistema
2025-06-17 17:37:00,887 - INFO - Forçando encerramento do programa...
2025-06-17 17:41:29,190 - INFO - === Iniciando Sistema de Gestão Financeira ===
2025-06-17 17:41:29,370 - WARNING - Logo não encontrado, continuando sem imagem
2025-06-17 17:41:29,412 - INFO - Sistema principal inicializado com sucesso
2025-06-17 17:41:30,810 - INFO - Executando ação: Gerar relatório
2025-06-17 17:41:30,811 - INFO - Tentando abrir sistema de relatórios
2025-06-17 17:41:30,818 - INFO - Tentativa 1: Carregando sistema integrado de relatórios
2025-06-17 17:41:30,832 - INFO - Módulo carregado com sucesso: src.relatorios_interface
2025-06-17 17:43:32,447 - INFO - Saída confirmada, finalizando sistema
2025-06-17 17:43:32,706 - INFO - Forçando encerramento do programa...
2025-06-17 17:49:38,271 - INFO - === Iniciando Sistema de Gestão Financeira ===
2025-06-17 17:49:38,451 - WARNING - Logo não encontrado, continuando sem imagem
2025-06-17 17:49:38,494 - INFO - Sistema principal inicializado com sucesso
2025-06-17 17:50:38,187 - INFO - Executando ação: Gerar relatório
2025-06-17 17:50:38,188 - INFO - Tentando abrir sistema de relatórios
2025-06-17 17:50:38,202 - INFO - Tentativa 1: Carregando sistema integrado de relatórios
2025-06-17 17:50:38,214 - INFO - Módulo carregado com sucesso: src.relatorios_interface
2025-06-17 17:52:29,594 - INFO - Abrindo sistema de entrada de dados
2025-06-17 17:52:35,174 - INFO - Configurações importadas com sucesso via src.config
2025-06-17 17:52:35,178 - INFO - Configurações importadas com sucesso
2025-06-17 17:52:35,179 - INFO - Configurações do sistema importadas com sucesso
2025-07-01 15:46:32,695 - INFO - === Iniciando Sistema de Gestão Financeira ===
2025-07-01 15:46:33,948 - INFO - Sistema principal inicializado com sucesso
2025-07-01 15:46:36,685 - INFO - Abrindo sistema de entrada de dados
2025-07-01 15:46:44,151 - INFO - Configurações importadas com sucesso via src.config
2025-07-01 15:46:44,156 - INFO - Configurações importadas com sucesso
2025-07-01 15:46:44,160 - INFO - Configurações do sistema importadas com sucesso
2025-07-01 16:07:44,805 - INFO - === Iniciando Sistema de Gestão Financeira ===
2025-07-01 16:07:45,180 - INFO - Sistema principal inicializado com sucesso
2025-07-01 16:07:46,942 - INFO - Abrindo sistema de entrada de dados
2025-07-01 16:07:49,101 - INFO - Configurações importadas com sucesso via src.config
2025-07-01 16:07:49,105 - INFO - Configurações importadas com sucesso
2025-07-01 16:07:49,111 - INFO - Configurações do sistema importadas com sucesso
2025-07-01 16:08:16,149 - INFO - Saída confirmada, finalizando sistema
2025-07-01 16:11:32,470 - INFO - === Iniciando Sistema de Gestão Financeira ===
2025-07-01 16:11:32,945 - INFO - Sistema principal inicializado com sucesso
2025-07-01 16:11:45,266 - INFO - Abrindo sistema de entrada de dados
2025-07-01 16:11:47,329 - INFO - Configurações importadas com sucesso via src.config
2025-07-01 16:11:47,333 - INFO - Configurações importadas com sucesso
2025-07-01 16:11:47,334 - INFO - Configurações do sistema importadas com sucesso
2025-07-01 16:18:12,565 - INFO - Saída confirmada, finalizando sistema
2025-07-01 16:18:30,292 - INFO - === Iniciando Sistema de Gestão Financeira ===
2025-07-01 16:18:30,649 - INFO - Sistema principal inicializado com sucesso
2025-07-01 16:18:42,014 - INFO - Abrindo sistema de entrada de dados
2025-07-01 16:18:44,026 - INFO - Configurações importadas com sucesso via src.config
2025-07-01 16:18:44,030 - INFO - Configurações importadas com sucesso
2025-07-01 16:18:44,031 - INFO - Configurações do sistema importadas com sucesso
2025-07-01 16:24:21,328 - INFO - Saída confirmada, finalizando sistema
2025-07-01 16:29:09,307 - INFO - === Iniciando Sistema de Gestão Financeira ===
2025-07-01 16:29:09,639 - INFO - Sistema principal inicializado com sucesso
2025-07-01 16:29:11,486 - INFO - Abrindo sistema de entrada de dados
2025-07-01 16:29:14,082 - INFO - Configurações importadas com sucesso via src.config
2025-07-01 16:29:14,086 - INFO - Configurações importadas com sucesso
2025-07-01 16:29:14,087 - INFO - Configurações do sistema importadas com sucesso
2025-07-01 16:32:44,913 - INFO - === Iniciando Sistema de Gestão Financeira ===
2025-07-01 16:32:45,249 - INFO - Sistema principal inicializado com sucesso
2025-07-01 16:32:46,579 - INFO - Abrindo sistema de entrada de dados
2025-07-01 16:32:48,780 - INFO - Configurações importadas com sucesso via src.config
2025-07-01 16:32:48,784 - INFO - Configurações importadas com sucesso
2025-07-01 16:32:48,785 - INFO - Configurações do sistema importadas com sucesso
2025-07-01 16:43:15,205 - INFO - Saída confirmada, finalizando sistema
2025-07-01 17:01:02,069 - INFO - === Iniciando Sistema de Gestão Financeira ===
2025-07-01 17:01:02,409 - INFO - Sistema principal inicializado com sucesso
2025-07-01 17:01:10,311 - INFO - Executando ação: Gerar relatório
2025-07-01 17:01:10,312 - INFO - Tentando abrir sistema de relatórios
2025-07-01 17:01:10,322 - INFO - Tentativa 1: Carregando sistema integrado de relatórios
2025-07-01 17:01:10,338 - INFO - Módulo carregado com sucesso: src.relatorios_interface
2025-07-01 17:04:35,083 - INFO - Saída confirmada, finalizando sistema
2025-07-01 17:04:35,132 - INFO - Ação concluída: Gerar relatório
2025-07-02 10:25:07,209 - INFO - === Iniciando Sistema de Gestão Financeira ===
2025-07-02 10:25:08,155 - INFO - Sistema principal inicializado com sucesso
2025-07-02 10:26:25,948 - INFO - Saída confirmada, finalizando sistema
2025-07-02 11:03:48,995 - INFO - === Iniciando Sistema de Gestão Financeira ===
2025-07-02 11:03:49,311 - INFO - Sistema principal inicializado com sucesso
2025-07-02 11:04:09,288 - INFO - Saída confirmada, finalizando sistema
2025-07-02 11:23:25,799 - INFO - === Iniciando Sistema de Gestão Financeira ===
2025-07-02 11:23:28,960 - INFO - Sistema principal inicializado com sucesso
2025-07-02 11:23:37,314 - INFO - Abrindo sistema de entrada de dados
2025-07-02 11:23:45,229 - INFO - Configurações importadas com sucesso via src.config
2025-07-02 11:23:45,233 - INFO - Configurações importadas com sucesso
2025-07-02 11:23:45,234 - INFO - Configurações do sistema importadas com sucesso
2025-07-02 11:23:46,892 - ERROR - Erro ao abrir sistema de entrada de dados: 'SistemaEntradaDados' object has no attribute 'configurar_auto_salvamento'
2025-07-02 11:23:59,505 - INFO - Abrindo sistema de entrada de dados
2025-07-02 11:24:00,071 - ERROR - Erro ao abrir sistema de entrada de dados: 'SistemaEntradaDados' object has no attribute 'configurar_auto_salvamento'
2025-07-02 11:24:08,137 - INFO - Executando ação: Gerar relatório
2025-07-02 11:24:08,138 - INFO - Tentando abrir sistema de relatórios
2025-07-02 11:24:08,140 - INFO - Tentativa 1: Carregando sistema integrado de relatórios
2025-07-02 11:24:08,150 - INFO - Módulo carregado com sucesso: src.relatorios_interface
2025-07-02 11:25:01,976 - INFO - Abrindo sistema de entrada de dados
2025-07-02 11:25:02,662 - ERROR - Erro ao abrir sistema de entrada de dados: 'SistemaEntradaDados' object has no attribute 'configurar_auto_salvamento'
2025-07-02 12:02:19,689 - INFO - === Iniciando Sistema de Gestão Financeira ===
2025-07-02 12:02:20,580 - INFO - Sistema principal inicializado com sucesso
2025-07-02 12:02:33,527 - INFO - Abrindo sistema de entrada de dados
2025-07-02 12:02:40,308 - INFO - Configurações importadas com sucesso via src.config
2025-07-02 12:02:40,312 - INFO - Configurações importadas com sucesso
2025-07-02 12:02:40,313 - INFO - Configurações do sistema importadas com sucesso
2025-07-02 12:07:54,323 - INFO - Abrindo sistema de entrada de dados
2025-07-02 12:12:31,080 - INFO - Abrindo sistema de entrada de dados
2025-07-02 12:27:29,175 - INFO - === Iniciando Sistema de Gestão Financeira ===
2025-07-02 12:27:29,445 - INFO - Sistema principal inicializado com sucesso
2025-07-02 12:27:35,555 - INFO - Abrindo sistema de entrada de dados
2025-07-02 12:27:36,921 - INFO - Configurações importadas com sucesso via src.config
2025-07-02 12:27:36,923 - INFO - Configurações importadas com sucesso
2025-07-02 12:27:36,924 - INFO - Configurações do sistema importadas com sucesso
2025-07-02 13:10:18,470 - INFO - Saída confirmada, finalizando sistema
2025-07-02 13:10:34,132 - INFO - === Iniciando Sistema de Gestão Financeira ===
2025-07-02 13:10:34,427 - INFO - Sistema principal inicializado com sucesso
2025-07-02 13:10:56,335 - INFO - Abrindo sistema de entrada de dados
2025-07-02 13:10:57,843 - INFO - Configurações importadas com sucesso via src.config
2025-07-02 13:10:57,847 - INFO - Configurações importadas com sucesso
2025-07-02 13:10:57,847 - INFO - Configurações do sistema importadas com sucesso
2025-07-02 13:14:51,563 - INFO - Saída confirmada, finalizando sistema
2025-07-02 13:19:15,784 - INFO - === Iniciando Sistema de Gestão Financeira ===
2025-07-02 13:19:16,067 - INFO - Sistema principal inicializado com sucesso
2025-07-02 13:19:18,152 - INFO - Abrindo sistema de entrada de dados
2025-07-02 13:19:20,271 - INFO - Configurações importadas com sucesso via src.config
2025-07-02 13:19:20,275 - INFO - Configurações importadas com sucesso
2025-07-02 13:19:20,276 - INFO - Configurações do sistema importadas com sucesso
2025-07-02 13:42:31,115 - INFO - === Iniciando Sistema de Gestão Financeira ===
2025-07-02 13:42:31,443 - INFO - Sistema principal inicializado com sucesso
2025-07-02 13:42:33,010 - INFO - Executando ação: Gerar relatório
2025-07-02 13:42:33,011 - INFO - Tentando abrir sistema de relatórios
2025-07-02 13:42:33,023 - INFO - Tentativa 1: Carregando sistema integrado de relatórios
2025-07-02 13:42:33,039 - INFO - Módulo carregado com sucesso: src.relatorios_interface
2025-07-02 13:45:54,520 - INFO - Saída confirmada, finalizando sistema
2025-07-02 13:45:54,565 - INFO - Ação concluída: Gerar relatório
2025-07-02 13:52:07,079 - INFO - === Iniciando Sistema de Gestão Financeira ===
2025-07-02 13:52:07,350 - INFO - Sistema principal inicializado com sucesso
2025-07-02 13:52:08,947 - INFO - Executando ação: Gerar relatório
2025-07-02 13:52:08,948 - INFO - Tentando abrir sistema de relatórios
2025-07-02 13:52:08,963 - INFO - Tentativa 1: Carregando sistema integrado de relatórios
2025-07-02 13:52:08,976 - INFO - Módulo carregado com sucesso: src.relatorios_interface
2025-07-02 13:53:15,321 - INFO - Saída confirmada, finalizando sistema
2025-07-02 13:53:15,375 - INFO - Ação concluída: Gerar relatório
2025-07-02 16:13:29,609 - INFO - === Iniciando Sistema de Gestão Financeira ===
2025-07-02 16:13:29,874 - INFO - Sistema principal inicializado com sucesso
2025-07-02 16:13:31,538 - INFO - Executando ação: Gerar relatório
2025-07-02 16:13:31,540 - INFO - Tentando abrir sistema de relatórios
2025-07-02 16:13:31,550 - INFO - Tentativa 1: Carregando sistema integrado de relatórios
2025-07-02 16:13:31,565 - INFO - Módulo carregado com sucesso: src.relatorios_interface
2025-07-02 16:14:05,020 - INFO - Saída confirmada, finalizando sistema
2025-07-02 16:14:05,072 - INFO - Ação concluída: Gerar relatório
2025-07-02 17:08:57,369 - INFO - === Iniciando Sistema de Gestão Financeira ===
2025-07-02 17:08:57,690 - INFO - Sistema principal inicializado com sucesso
2025-07-02 17:09:00,932 - INFO - Executando ação: Gerar relatório
2025-07-02 17:09:00,933 - INFO - Tentando abrir sistema de relatórios
2025-07-02 17:09:00,947 - INFO - Tentativa 1: Carregando sistema integrado de relatórios
2025-07-02 17:09:01,018 - INFO - Módulo carregado com sucesso: src.relatorios_interface
